Readline features including tab completion have been disabled because no supported version of readline was found. To resolve this, install pyreadline3 on Windows or gnureadline on Linux/Mac.


Readline features including tab completion have been disabled because no supported version of readline was found. To resolve this, install pyreadline3 on Windows or gnureadline on Linux/Mac.


Readline features including tab completion have been disabled because no supported version of readline was found. To resolve this, install pyreadline3 on Windows or gnureadline on Linux/Mac.


Readline features including tab completion have been disabled because no supported version of readline was found. To resolve this, install pyreadline3 on Windows or gnureadline on Linux/Mac.


Readline features including tab completion have been disabled because no supported version of readline was found. To resolve this, install pyreadline3 on Windows or gnureadline on Linux/Mac.


Readline features including tab completion have been disabled because no supported version of readline was found. To resolve this, install pyreadline3 on Windows or gnureadline on Linux/Mac.


Readline features including tab completion have been disabled because no supported version of readline was found. To resolve this, install pyreadline3 on Windows or gnureadline on Linux/Mac.


Readline features including tab completion have been disabled because no supported version of readline was found. To resolve this, install pyreadline3 on Windows or gnureadline on Linux/Mac.


Readline features including tab completion have been disabled because no supported version of readline was found. To resolve this, install pyreadline3 on Windows or gnureadline on Linux/Mac.


{2} openstackclient.tests.unit.network.v2.test_network_agent.TestDeleteNetworkAgent.test_multi_network_agents_delete [0.026799s] ... ok
{0} openstackclient.tests.unit.network.v2.test_network_agent.TestListNetworkAgent.test_network_agents_list [0.031281s] ... ok
{4} openstackclient.tests.unit.network.v2.test_network_agent.TestShowNetworkAgent.test_show_all_options [0.027935s] ... ok
{2} openstackclient.tests.unit.network.v2.test_network_agent.TestDeleteNetworkAgent.test_multi_network_agents_delete_with_exception [0.004859s] ... ok
{0} openstackclient.tests.unit.network.v2.test_network_agent.TestListNetworkAgent.test_network_agents_list_agent_type [0.008873s] ... ok
{2} openstackclient.tests.unit.network.v2.test_network_agent.TestDeleteNetworkAgent.test_network_agent_delete [0.004799s] ... ok
{4} openstackclient.tests.unit.network.v2.test_network_agent.TestShowNetworkAgent.test_show_no_options [0.005754s] ... ok
{1} openstackclient.tests.unit.network.v2.test_network_agent.TestRemoveNetworkFromAgent.test_network_agents_list_routers_no_arg [0.027297s] ... ok
{7} openstackclient.tests.unit.network.v2.test_network_agent.TestAddRouterAgent.test_add_no_options [0.027172s] ... ok
{3} openstackclient.tests.unit.network.v2.test_network_agent.TestSetNetworkAgent.test_set_all [0.029182s] ... ok
{0} openstackclient.tests.unit.network.v2.test_network_agent.TestListNetworkAgent.test_network_agents_list_host [0.008631s] ... ok
{7} openstackclient.tests.unit.network.v2.test_network_agent.TestAddRouterAgent.test_add_router_required_options [0.005371s] ... ok
{1} openstackclient.tests.unit.network.v2.test_network_agent.TestRemoveNetworkFromAgent.test_network_from_dhcp_agent [0.005487s] ... ok
{5} openstackclient.tests.unit.network.v2.test_network_agent.TestAddNetworkToAgent.test_add_network_to_dhcp_agent [0.027621s] ... ok
{3} openstackclient.tests.unit.network.v2.test_network_agent.TestSetNetworkAgent.test_set_nothing [0.005253s] ... ok
{1} openstackclient.tests.unit.network.v2.test_network_agent.TestRemoveNetworkFromAgent.test_show_no_options [0.005050s] ... ok
{6} openstackclient.tests.unit.network.v2.test_network_agent.TestRemoveRouterAgent.test_remove_no_options [0.027762s] ... ok
{0} openstackclient.tests.unit.network.v2.test_network_agent.TestListNetworkAgent.test_network_agents_list_networks [0.008737s] ... ok
{5} openstackclient.tests.unit.network.v2.test_network_agent.TestAddNetworkToAgent.test_show_no_options [0.005546s] ... ok
{3} openstackclient.tests.unit.network.v2.test_network_agent.TestSetNetworkAgent.test_set_with_disable [0.005185s] ... ok
{6} openstackclient.tests.unit.network.v2.test_network_agent.TestRemoveRouterAgent.test_remove_router_required_options [0.005520s] ... ok
{0} openstackclient.tests.unit.network.v2.test_network_agent.TestListNetworkAgent.test_network_agents_list_routers [0.008821s] ... ok
{0} openstackclient.tests.unit.network.v2.test_network_agent.TestListNetworkAgent.test_network_agents_list_routers_with_long_option [0.010516s] ... ok

======
Totals
======
Ran: 23 tests in 0.0777 sec.
 - Passed: 23
 - Skipped: 0
 - Expected Fail: 0
 - Unexpected Success: 0
 - Failed: 0
Sum of execute time for each test: 0.3235 sec.

==============
Worker Balance
==============
 - Worker 0 (6 tests) => 0:00:00.077664
 - Worker 1 (3 tests) => 0:00:00.038138
 - Worker 2 (3 tests) => 0:00:00.040148
 - Worker 3 (3 tests) => 0:00:00.039991
 - Worker 4 (2 tests) => 0:00:00.033863
 - Worker 5 (2 tests) => 0:00:00.033358
 - Worker 6 (2 tests) => 0:00:00.033438
 - Worker 7 (2 tests) => 0:00:00.032683
