[INFO] Scanning for projects...
[INFO] 
[INFO] ---------------------< org.pac4j:dropwizard-pac4j >---------------------
[INFO] Building Dropwizard pac4j Support 5.0.1-SNAPSHOT
[INFO]   from pom.xml
[INFO] --------------------------------[ jar ]---------------------------------
[INFO] 
[INFO] --- jacoco:0.8.12:prepare-agent (default-cli) @ dropwizard-pac4j ---
[INFO] argLine set to -javaagent:/home/zhihao/.m2/repository/org/jacoco/org.jacoco.agent/0.8.12/org.jacoco.agent-0.8.12-runtime.jar=destfile=/tmp/jackson-a3-2124/dropwizard/jacoco.exec,append=true
[INFO] 
[INFO] --- enforcer:3.0.0-M3:enforce (enforce-maven) @ dropwizard-pac4j ---
[INFO] 
[INFO] --- enforcer:3.0.0-M3:enforce (dependency-convergence) @ dropwizard-pac4j ---
[INFO] 
[INFO] --- resources:3.3.1:resources (default-resources) @ dropwizard-pac4j ---
[INFO] skip non existing resourceDirectory /tmp/jackson-a3-2124/dropwizard/src/main/resources
[INFO] 
[INFO] --- compiler:3.10.1:compile (default-compile) @ dropwizard-pac4j ---
[INFO] Changes detected - recompiling the module!
[INFO] Compiling 7 source files to /tmp/jackson-a3-2124/dropwizard/target/classes
[INFO] 
[INFO] >>> pmd:3.14.0:check (run-pmd) > :pmd @ dropwizard-pac4j >>>
[INFO] 
[INFO] --- pmd:3.14.0:pmd (pmd) @ dropwizard-pac4j ---
[WARNING] Unable to locate Source XRef to link to - DISABLED
[WARNING] Unable to locate Source XRef to link to - DISABLED
[WARNING] Unable to locate Source XRef to link to - DISABLED
[INFO] 
[INFO] <<< pmd:3.14.0:check (run-pmd) < :pmd @ dropwizard-pac4j <<<
[INFO] 
[INFO] 
[INFO] --- pmd:3.14.0:check (run-pmd) @ dropwizard-pac4j ---
[INFO] PMD version: 6.29.0
[INFO] 
[INFO] 
[INFO] --- resources:3.3.1:testResources (default-testResources) @ dropwizard-pac4j ---
[INFO] Copying 10 resources from src/test/resources to target/test-classes
[INFO] 
[INFO] --- compiler:3.10.1:testCompile (default-testCompile) @ dropwizard-pac4j ---
[INFO] Changes detected - recompiling the module!
[INFO] Compiling 9 source files to /tmp/jackson-a3-2124/dropwizard/target/test-classes
[INFO] /tmp/jackson-a3-2124/dropwizard/src/test/java/org/pac4j/dropwizard/factory/FakeConfigFactory.java: /tmp/jackson-a3-2124/dropwizard/src/test/java/org/pac4j/dropwizard/factory/FakeConfigFactory.java uses unchecked or unsafe operations.
[INFO] /tmp/jackson-a3-2124/dropwizard/src/test/java/org/pac4j/dropwizard/factory/FakeConfigFactory.java: Recompile with -Xlint:unchecked for details.
[INFO] 
[INFO] --- surefire:3.2.5:test (default-test) @ dropwizard-pac4j ---
[INFO] Using auto detected provider org.apache.maven.surefire.junit4.JUnit4Provider
[INFO] 
[INFO] -------------------------------------------------------
[INFO]  T E S T S
[INFO] -------------------------------------------------------
[INFO] Running org.pac4j.dropwizard.e2e.EndToEndServletTest
INFO  [2026-08-24 12:21:47,853] io.dropwizard.server.DefaultServerFactory: Registering jersey handler with root path prefix: /
INFO  [2026-08-24 12:21:47,859] io.dropwizard.server.DefaultServerFactory: Registering admin handler with root path prefix: /
INFO  [2026-08-24 12:21:47,967] io.dropwizard.server.ServerFactory: Starting App
INFO  [2026-08-24 12:21:48,087] org.eclipse.jetty.setuid.SetUIDListener: Opened application@2f151750{HTTP/1.1, (http/1.1)}{0.0.0.0:33289}
INFO  [2026-08-24 12:21:48,087] org.eclipse.jetty.setuid.SetUIDListener: Opened admin@1f33e4b5{HTTP/1.1, (http/1.1)}{0.0.0.0:45589}
INFO  [2026-08-24 12:21:48,090] org.eclipse.jetty.server.Server: jetty-9.4.35.v20201120; built: 2020-11-20T21:17:03.964Z; git: bdc54f03a5e0a7e280fab27f55c3c75ee8da89fb; jvm 11.0.31+11-post-1ubuntu1-24.04.2-Ubuntu
INFO  [2026-08-24 12:21:48,113] org.eclipse.jetty.server.session: DefaultSessionIdManager workerName=node0
INFO  [2026-08-24 12:21:48,113] org.eclipse.jetty.server.session: No SessionScavenger set, using defaults
INFO  [2026-08-24 12:21:48,115] org.eclipse.jetty.server.session: node0 Scavenging every 660000ms
INFO  [2026-08-24 12:21:48,732] io.dropwizard.jersey.DropwizardResourceConfig: The following paths were found for the configured resources:

    GET     /dogs/{name} (org.pac4j.dropwizard.e2e.DogsResource)
    POST    /dogs/{name} (org.pac4j.dropwizard.e2e.DogsResource)

INFO  [2026-08-24 12:21:48,734] org.eclipse.jetty.server.handler.ContextHandler: Started i.d.j.MutableServletContextHandler@7d1b5c63{/,null,AVAILABLE}
INFO  [2026-08-24 12:21:48,737] io.dropwizard.setup.AdminEnvironment: tasks = 

    POST    /tasks/log-level (io.dropwizard.servlets.tasks.LogConfigurationTask)
    POST    /tasks/gc (io.dropwizard.servlets.tasks.GarbageCollectionTask)

WARN  [2026-08-24 12:21:48,737] io.dropwizard.setup.AdminEnvironment: 
!!!!!!!!!!!!!!!!!!!!!!!!!!!!!!!!!!!!!!!!!!!!!!!!!!!!!!!!!!!!!!!!!!!!!!!!!!!!!!!!
!!!!!!!!!!!!!!!!!!!!!!!!!!!!!!!!!!!!!!!!!!!!!!!!!!!!!!!!!!!!!!!!!!!!!!!!!!!!!!!!
!    THIS APPLICATION HAS NO HEALTHCHECKS. THIS MEANS YOU WILL NEVER KNOW      !
!     IF IT DIES IN PRODUCTION, WHICH MEANS YOU WILL NEVER KNOW IF YOU'RE      !
!    LETTING YOUR USERS DOWN. YOU SHOULD ADD A HEALTHCHECK FOR EACH OF YOUR    !
!         APPLICATION'S DEPENDENCIES WHICH FULLY (BUT LIGHTLY) TESTS IT.       !
!!!!!!!!!!!!!!!!!!!!!!!!!!!!!!!!!!!!!!!!!!!!!!!!!!!!!!!!!!!!!!!!!!!!!!!!!!!!!!!!
!!!!!!!!!!!!!!!!!!!!!!!!!!!!!!!!!!!!!!!!!!!!!!!!!!!!!!!!!!!!!!!!!!!!!!!!!!!!!!!!
INFO  [2026-08-24 12:21:48,737] org.eclipse.jetty.server.handler.ContextHandler: Started i.d.j.MutableServletContextHandler@624029ce{/,null,AVAILABLE}
INFO  [2026-08-24 12:21:48,792] org.eclipse.jetty.server.AbstractConnector: Started application@2f151750{HTTP/1.1, (http/1.1)}{0.0.0.0:33289}
INFO  [2026-08-24 12:21:48,794] org.eclipse.jetty.server.AbstractConnector: Started admin@1f33e4b5{HTTP/1.1, (http/1.1)}{0.0.0.0:45589}
INFO  [2026-08-24 12:21:48,794] org.eclipse.jetty.server.Server: Started @3489ms
127.0.0.1 - - [24/Aug/2026:12:21:49 +0000] "GET /dogs/pierre HTTP/1.1" 200 6 "-" "Jersey/2.32 (HttpUrlConnection 11.0.31)" 106
INFO  [2026-08-24 12:21:49,281] org.eclipse.jetty.server.AbstractConnector: Stopped application@2f151750{HTTP/1.1, (http/1.1)}{0.0.0.0:0}
INFO  [2026-08-24 12:21:49,281] org.eclipse.jetty.server.AbstractConnector: Stopped admin@1f33e4b5{HTTP/1.1, (http/1.1)}{0.0.0.0:0}
INFO  [2026-08-24 12:21:49,281] org.eclipse.jetty.server.session: node0 Stopped scavenging
INFO  [2026-08-24 12:21:49,283] org.eclipse.jetty.server.handler.ContextHandler: Stopped i.d.j.MutableServletContextHandler@624029ce{/,null,STOPPED}
INFO  [2026-08-24 12:21:49,289] org.eclipse.jetty.server.handler.ContextHandler: Stopped i.d.j.MutableServletContextHandler@7d1b5c63{/,null,STOPPED}
INFO  [2026-08-24 12:21:49,412] io.dropwizard.server.DefaultServerFactory: Registering jersey handler with root path prefix: /
INFO  [2026-08-24 12:21:49,412] io.dropwizard.server.DefaultServerFactory: Registering admin handler with root path prefix: /
INFO  [2026-08-24 12:21:49,413] io.dropwizard.server.ServerFactory: Starting App
INFO  [2026-08-24 12:21:49,416] org.eclipse.jetty.setuid.SetUIDListener: Opened application@1ad7f684{HTTP/1.1, (http/1.1)}{0.0.0.0:41965}
INFO  [2026-08-24 12:21:49,416] org.eclipse.jetty.setuid.SetUIDListener: Opened admin@6de4904f{HTTP/1.1, (http/1.1)}{0.0.0.0:36657}
INFO  [2026-08-24 12:21:49,417] org.eclipse.jetty.server.Server: jetty-9.4.35.v20201120; built: 2020-11-20T21:17:03.964Z; git: bdc54f03a5e0a7e280fab27f55c3c75ee8da89fb; jvm 11.0.31+11-post-1ubuntu1-24.04.2-Ubuntu
INFO  [2026-08-24 12:21:49,417] org.eclipse.jetty.server.session: DefaultSessionIdManager workerName=node0
INFO  [2026-08-24 12:21:49,417] org.eclipse.jetty.server.session: No SessionScavenger set, using defaults
INFO  [2026-08-24 12:21:49,417] org.eclipse.jetty.server.session: node0 Scavenging every 600000ms
INFO  [2026-08-24 12:21:49,487] io.dropwizard.jersey.DropwizardResourceConfig: The following paths were found for the configured resources:

    GET     /dogs/{name} (org.pac4j.dropwizard.e2e.DogsResource)
    POST    /dogs/{name} (org.pac4j.dropwizard.e2e.DogsResource)

INFO  [2026-08-24 12:21:49,488] org.eclipse.jetty.server.handler.ContextHandler: Started i.d.j.MutableServletContextHandler@4f05ad88{/,null,AVAILABLE}
INFO  [2026-08-24 12:21:49,488] io.dropwizard.setup.AdminEnvironment: tasks = 

    POST    /tasks/log-level (io.dropwizard.servlets.tasks.LogConfigurationTask)
    POST    /tasks/gc (io.dropwizard.servlets.tasks.GarbageCollectionTask)

WARN  [2026-08-24 12:21:49,488] io.dropwizard.setup.AdminEnvironment: 
!!!!!!!!!!!!!!!!!!!!!!!!!!!!!!!!!!!!!!!!!!!!!!!!!!!!!!!!!!!!!!!!!!!!!!!!!!!!!!!!
!!!!!!!!!!!!!!!!!!!!!!!!!!!!!!!!!!!!!!!!!!!!!!!!!!!!!!!!!!!!!!!!!!!!!!!!!!!!!!!!
!    THIS APPLICATION HAS NO HEALTHCHECKS. THIS MEANS YOU WILL NEVER KNOW      !
!     IF IT DIES IN PRODUCTION, WHICH MEANS YOU WILL NEVER KNOW IF YOU'RE      !
!    LETTING YOUR USERS DOWN. YOU SHOULD ADD A HEALTHCHECK FOR EACH OF YOUR    !
!         APPLICATION'S DEPENDENCIES WHICH FULLY (BUT LIGHTLY) TESTS IT.       !
!!!!!!!!!!!!!!!!!!!!!!!!!!!!!!!!!!!!!!!!!!!!!!!!!!!!!!!!!!!!!!!!!!!!!!!!!!!!!!!!
!!!!!!!!!!!!!!!!!!!!!!!!!!!!!!!!!!!!!!!!!!!!!!!!!!!!!!!!!!!!!!!!!!!!!!!!!!!!!!!!
INFO  [2026-08-24 12:21:49,489] org.eclipse.jetty.server.handler.ContextHandler: Started i.d.j.MutableServletContextHandler@385dc245{/,null,AVAILABLE}
INFO  [2026-08-24 12:21:49,503] org.eclipse.jetty.server.AbstractConnector: Started application@1ad7f684{HTTP/1.1, (http/1.1)}{0.0.0.0:41965}
INFO  [2026-08-24 12:21:49,504] org.eclipse.jetty.server.AbstractConnector: Started admin@6de4904f{HTTP/1.1, (http/1.1)}{0.0.0.0:36657}
INFO  [2026-08-24 12:21:49,505] org.eclipse.jetty.server.Server: Started @4199ms
WARN  [2026-08-24 12:21:49,542] org.glassfish.jersey.servlet.WebComponent: A servlet request to the URI http://localhost:41965/dogs/pierre contains form parameters in the request body but the request body has been consumed by the servlet or a servlet filter accessing the request parameters. Only resource methods using @FormParam will work as expected. Resource methods consuming the request body by other means will not work as expected.
127.0.0.1 - - [24/Aug/2026:12:21:49 +0000] "POST /dogs/pierre HTTP/1.1" 200 6 "-" "Jersey/2.32 (HttpUrlConnection 11.0.31)" 14
INFO  [2026-08-24 12:21:49,556] org.eclipse.jetty.server.AbstractConnector: Stopped application@1ad7f684{HTTP/1.1, (http/1.1)}{0.0.0.0:0}
INFO  [2026-08-24 12:21:49,556] org.eclipse.jetty.server.AbstractConnector: Stopped admin@6de4904f{HTTP/1.1, (http/1.1)}{0.0.0.0:0}
INFO  [2026-08-24 12:21:49,556] org.eclipse.jetty.server.session: node0 Stopped scavenging
INFO  [2026-08-24 12:21:49,556] org.eclipse.jetty.server.handler.ContextHandler: Stopped i.d.j.MutableServletContextHandler@385dc245{/,null,STOPPED}
INFO  [2026-08-24 12:21:49,558] org.eclipse.jetty.server.handler.ContextHandler: Stopped i.d.j.MutableServletContextHandler@4f05ad88{/,null,STOPPED}
INFO  [2026-08-24 12:21:49,672] io.dropwizard.server.DefaultServerFactory: Registering jersey handler with root path prefix: /
INFO  [2026-08-24 12:21:49,672] io.dropwizard.server.DefaultServerFactory: Registering admin handler with root path prefix: /
INFO  [2026-08-24 12:21:49,673] io.dropwizard.server.ServerFactory: Starting App
INFO  [2026-08-24 12:21:49,678] org.eclipse.jetty.setuid.SetUIDListener: Opened application@42b764b3{HTTP/1.1, (http/1.1)}{0.0.0.0:39459}
INFO  [2026-08-24 12:21:49,678] org.eclipse.jetty.setuid.SetUIDListener: Opened admin@3b2bc1cd{HTTP/1.1, (http/1.1)}{0.0.0.0:32911}
INFO  [2026-08-24 12:21:49,678] org.eclipse.jetty.server.Server: jetty-9.4.35.v20201120; built: 2020-11-20T21:17:03.964Z; git: bdc54f03a5e0a7e280fab27f55c3c75ee8da89fb; jvm 11.0.31+11-post-1ubuntu1-24.04.2-Ubuntu
INFO  [2026-08-24 12:21:49,679] org.eclipse.jetty.server.session: DefaultSessionIdManager workerName=node0
INFO  [2026-08-24 12:21:49,679] org.eclipse.jetty.server.session: No SessionScavenger set, using defaults
INFO  [2026-08-24 12:21:49,679] org.eclipse.jetty.server.session: node0 Scavenging every 600000ms
INFO  [2026-08-24 12:21:49,735] io.dropwizard.jersey.DropwizardResourceConfig: The following paths were found for the configured resources:

    GET     /dogs/{name} (org.pac4j.dropwizard.e2e.DogsResource)
    POST    /dogs/{name} (org.pac4j.dropwizard.e2e.DogsResource)

INFO  [2026-08-24 12:21:49,736] org.eclipse.jetty.server.handler.ContextHandler: Started i.d.j.MutableServletContextHandler@4258eba5{/,null,AVAILABLE}
INFO  [2026-08-24 12:21:49,737] io.dropwizard.setup.AdminEnvironment: tasks = 

    POST    /tasks/log-level (io.dropwizard.servlets.tasks.LogConfigurationTask)
    POST    /tasks/gc (io.dropwizard.servlets.tasks.GarbageCollectionTask)

WARN  [2026-08-24 12:21:49,737] io.dropwizard.setup.AdminEnvironment: 
!!!!!!!!!!!!!!!!!!!!!!!!!!!!!!!!!!!!!!!!!!!!!!!!!!!!!!!!!!!!!!!!!!!!!!!!!!!!!!!!
!!!!!!!!!!!!!!!!!!!!!!!!!!!!!!!!!!!!!!!!!!!!!!!!!!!!!!!!!!!!!!!!!!!!!!!!!!!!!!!!
!    THIS APPLICATION HAS NO HEALTHCHECKS. THIS MEANS YOU WILL NEVER KNOW      !
!     IF IT DIES IN PRODUCTION, WHICH MEANS YOU WILL NEVER KNOW IF YOU'RE      !
!    LETTING YOUR USERS DOWN. YOU SHOULD ADD A HEALTHCHECK FOR EACH OF YOUR    !
!         APPLICATION'S DEPENDENCIES WHICH FULLY (BUT LIGHTLY) TESTS IT.       !
!!!!!!!!!!!!!!!!!!!!!!!!!!!!!!!!!!!!!!!!!!!!!!!!!!!!!!!!!!!!!!!!!!!!!!!!!!!!!!!!
!!!!!!!!!!!!!!!!!!!!!!!!!!!!!!!!!!!!!!!!!!!!!!!!!!!!!!!!!!!!!!!!!!!!!!!!!!!!!!!!
INFO  [2026-08-24 12:21:49,737] org.eclipse.jetty.server.handler.ContextHandler: Started i.d.j.MutableServletContextHandler@7e6d6279{/,null,AVAILABLE}
INFO  [2026-08-24 12:21:49,749] org.eclipse.jetty.server.AbstractConnector: Started application@42b764b3{HTTP/1.1, (http/1.1)}{0.0.0.0:39459}
INFO  [2026-08-24 12:21:49,750] org.eclipse.jetty.server.AbstractConnector: Started admin@3b2bc1cd{HTTP/1.1, (http/1.1)}{0.0.0.0:32911}
INFO  [2026-08-24 12:21:49,750] org.eclipse.jetty.server.Server: Started @4445ms
INFO  [2026-08-24 12:21:49,771] org.pac4j.http.client.direct.DirectBasicAuthClient: Failed to retrieve or validate credentials: Username : 'boy' does not match password
127.0.0.1 - - [24/Aug/2026:12:21:49 +0000] "GET /dogs/pierre HTTP/1.1" 401 0 "-" "Jersey/2.32 (HttpUrlConnection 11.0.31)" 7
INFO  [2026-08-24 12:21:49,788] org.eclipse.jetty.server.AbstractConnector: Stopped application@42b764b3{HTTP/1.1, (http/1.1)}{0.0.0.0:0}
INFO  [2026-08-24 12:21:49,788] org.eclipse.jetty.server.AbstractConnector: Stopped admin@3b2bc1cd{HTTP/1.1, (http/1.1)}{0.0.0.0:0}
INFO  [2026-08-24 12:21:49,789] org.eclipse.jetty.server.session: node0 Stopped scavenging
INFO  [2026-08-24 12:21:49,789] org.eclipse.jetty.server.handler.ContextHandler: Stopped i.d.j.MutableServletContextHandler@7e6d6279{/,null,STOPPED}
INFO  [2026-08-24 12:21:49,790] org.eclipse.jetty.server.handler.ContextHandler: Stopped i.d.j.MutableServletContextHandler@4258eba5{/,null,STOPPED}
[INFO] Tests run: 3, Failures: 0, Errors: 0, Skipped: 0, Time elapsed: 3.959 s -- in org.pac4j.dropwizard.e2e.EndToEndServletTest
[INFO] Running org.pac4j.dropwizard.e2e.EndToEndTest
INFO  [2026-08-24 12:21:49,887] io.dropwizard.server.DefaultServerFactory: Registering jersey handler with root path prefix: /
INFO  [2026-08-24 12:21:49,887] io.dropwizard.server.DefaultServerFactory: Registering admin handler with root path prefix: /
INFO  [2026-08-24 12:21:49,889] io.dropwizard.server.ServerFactory: Starting App
INFO  [2026-08-24 12:21:49,892] org.eclipse.jetty.setuid.SetUIDListener: Opened application@36447e1d{HTTP/1.1, (http/1.1)}{0.0.0.0:41795}
INFO  [2026-08-24 12:21:49,893] org.eclipse.jetty.setuid.SetUIDListener: Opened admin@58565994{HTTP/1.1, (http/1.1)}{0.0.0.0:40585}
INFO  [2026-08-24 12:21:49,893] org.eclipse.jetty.server.Server: jetty-9.4.35.v20201120; built: 2020-11-20T21:17:03.964Z; git: bdc54f03a5e0a7e280fab27f55c3c75ee8da89fb; jvm 11.0.31+11-post-1ubuntu1-24.04.2-Ubuntu
INFO  [2026-08-24 12:21:49,893] org.eclipse.jetty.server.session: DefaultSessionIdManager workerName=node0
INFO  [2026-08-24 12:21:49,893] org.eclipse.jetty.server.session: No SessionScavenger set, using defaults
INFO  [2026-08-24 12:21:49,893] org.eclipse.jetty.server.session: node0 Scavenging every 600000ms
INFO  [2026-08-24 12:21:49,982] io.dropwizard.jersey.DropwizardResourceConfig: The following paths were found for the configured resources:

    GET     /dogs/{name} (org.pac4j.dropwizard.e2e.DogsResource)
    POST    /dogs/{name} (org.pac4j.dropwizard.e2e.DogsResource)

INFO  [2026-08-24 12:21:49,982] org.eclipse.jetty.server.handler.ContextHandler: Started i.d.j.MutableServletContextHandler@328439ce{/,null,AVAILABLE}
INFO  [2026-08-24 12:21:49,983] io.dropwizard.setup.AdminEnvironment: tasks = 

    POST    /tasks/log-level (io.dropwizard.servlets.tasks.LogConfigurationTask)
    POST    /tasks/gc (io.dropwizard.servlets.tasks.GarbageCollectionTask)

WARN  [2026-08-24 12:21:49,983] io.dropwizard.setup.AdminEnvironment: 
!!!!!!!!!!!!!!!!!!!!!!!!!!!!!!!!!!!!!!!!!!!!!!!!!!!!!!!!!!!!!!!!!!!!!!!!!!!!!!!!
!!!!!!!!!!!!!!!!!!!!!!!!!!!!!!!!!!!!!!!!!!!!!!!!!!!!!!!!!!!!!!!!!!!!!!!!!!!!!!!!
!    THIS APPLICATION HAS NO HEALTHCHECKS. THIS MEANS YOU WILL NEVER KNOW      !
!     IF IT DIES IN PRODUCTION, WHICH MEANS YOU WILL NEVER KNOW IF YOU'RE      !
!    LETTING YOUR USERS DOWN. YOU SHOULD ADD A HEALTHCHECK FOR EACH OF YOUR    !
!         APPLICATION'S DEPENDENCIES WHICH FULLY (BUT LIGHTLY) TESTS IT.       !
!!!!!!!!!!!!!!!!!!!!!!!!!!!!!!!!!!!!!!!!!!!!!!!!!!!!!!!!!!!!!!!!!!!!!!!!!!!!!!!!
!!!!!!!!!!!!!!!!!!!!!!!!!!!!!!!!!!!!!!!!!!!!!!!!!!!!!!!!!!!!!!!!!!!!!!!!!!!!!!!!
INFO  [2026-08-24 12:21:49,984] org.eclipse.jetty.server.handler.ContextHandler: Started i.d.j.MutableServletContextHandler@501d07c5{/,null,AVAILABLE}
INFO  [2026-08-24 12:21:50,000] org.eclipse.jetty.server.AbstractConnector: Started application@36447e1d{HTTP/1.1, (http/1.1)}{0.0.0.0:41795}
INFO  [2026-08-24 12:21:50,002] org.eclipse.jetty.server.AbstractConnector: Started admin@58565994{HTTP/1.1, (http/1.1)}{0.0.0.0:40585}
INFO  [2026-08-24 12:21:50,002] org.eclipse.jetty.server.Server: Started @4697ms
127.0.0.1 - - [24/Aug/2026:12:21:50 +0000] "GET /dogs/pierre HTTP/1.1" 200 6 "-" "Jersey/2.32 (HttpUrlConnection 11.0.31)" 31
INFO  [2026-08-24 12:21:50,067] org.eclipse.jetty.server.AbstractConnector: Stopped application@36447e1d{HTTP/1.1, (http/1.1)}{0.0.0.0:0}
INFO  [2026-08-24 12:21:50,067] org.eclipse.jetty.server.AbstractConnector: Stopped admin@58565994{HTTP/1.1, (http/1.1)}{0.0.0.0:0}
INFO  [2026-08-24 12:21:50,067] org.eclipse.jetty.server.session: node0 Stopped scavenging
INFO  [2026-08-24 12:21:50,067] org.eclipse.jetty.server.handler.ContextHandler: Stopped i.d.j.MutableServletContextHandler@501d07c5{/,null,STOPPED}
INFO  [2026-08-24 12:21:50,070] org.eclipse.jetty.server.handler.ContextHandler: Stopped i.d.j.MutableServletContextHandler@328439ce{/,null,STOPPED}
INFO  [2026-08-24 12:21:50,159] io.dropwizard.server.DefaultServerFactory: Registering jersey handler with root path prefix: /
INFO  [2026-08-24 12:21:50,159] io.dropwizard.server.DefaultServerFactory: Registering admin handler with root path prefix: /
INFO  [2026-08-24 12:21:50,160] io.dropwizard.server.ServerFactory: Starting App
INFO  [2026-08-24 12:21:50,163] org.eclipse.jetty.setuid.SetUIDListener: Opened application@72d44701{HTTP/1.1, (http/1.1)}{0.0.0.0:44379}
INFO  [2026-08-24 12:21:50,163] org.eclipse.jetty.setuid.SetUIDListener: Opened admin@747c9e8b{HTTP/1.1, (http/1.1)}{0.0.0.0:45271}
INFO  [2026-08-24 12:21:50,163] org.eclipse.jetty.server.Server: jetty-9.4.35.v20201120; built: 2020-11-20T21:17:03.964Z; git: bdc54f03a5e0a7e280fab27f55c3c75ee8da89fb; jvm 11.0.31+11-post-1ubuntu1-24.04.2-Ubuntu
INFO  [2026-08-24 12:21:50,164] org.eclipse.jetty.server.session: DefaultSessionIdManager workerName=node0
INFO  [2026-08-24 12:21:50,164] org.eclipse.jetty.server.session: No SessionScavenger set, using defaults
INFO  [2026-08-24 12:21:50,164] org.eclipse.jetty.server.session: node0 Scavenging every 660000ms
INFO  [2026-08-24 12:21:50,223] io.dropwizard.jersey.DropwizardResourceConfig: The following paths were found for the configured resources:

    GET     /dogs/{name} (org.pac4j.dropwizard.e2e.DogsResource)
    POST    /dogs/{name} (org.pac4j.dropwizard.e2e.DogsResource)

INFO  [2026-08-24 12:21:50,224] org.eclipse.jetty.server.handler.ContextHandler: Started i.d.j.MutableServletContextHandler@654a3f0b{/,null,AVAILABLE}
INFO  [2026-08-24 12:21:50,224] io.dropwizard.setup.AdminEnvironment: tasks = 

    POST    /tasks/log-level (io.dropwizard.servlets.tasks.LogConfigurationTask)
    POST    /tasks/gc (io.dropwizard.servlets.tasks.GarbageCollectionTask)

WARN  [2026-08-24 12:21:50,224] io.dropwizard.setup.AdminEnvironment: 
!!!!!!!!!!!!!!!!!!!!!!!!!!!!!!!!!!!!!!!!!!!!!!!!!!!!!!!!!!!!!!!!!!!!!!!!!!!!!!!!
!!!!!!!!!!!!!!!!!!!!!!!!!!!!!!!!!!!!!!!!!!!!!!!!!!!!!!!!!!!!!!!!!!!!!!!!!!!!!!!!
!    THIS APPLICATION HAS NO HEALTHCHECKS. THIS MEANS YOU WILL NEVER KNOW      !
!     IF IT DIES IN PRODUCTION, WHICH MEANS YOU WILL NEVER KNOW IF YOU'RE      !
!    LETTING YOUR USERS DOWN. YOU SHOULD ADD A HEALTHCHECK FOR EACH OF YOUR    !
!         APPLICATION'S DEPENDENCIES WHICH FULLY (BUT LIGHTLY) TESTS IT.       !
!!!!!!!!!!!!!!!!!!!!!!!!!!!!!!!!!!!!!!!!!!!!!!!!!!!!!!!!!!!!!!!!!!!!!!!!!!!!!!!!
!!!!!!!!!!!!!!!!!!!!!!!!!!!!!!!!!!!!!!!!!!!!!!!!!!!!!!!!!!!!!!!!!!!!!!!!!!!!!!!!
INFO  [2026-08-24 12:21:50,225] org.eclipse.jetty.server.handler.ContextHandler: Started i.d.j.MutableServletContextHandler@30180e67{/,null,AVAILABLE}
INFO  [2026-08-24 12:21:50,236] org.eclipse.jetty.server.AbstractConnector: Started application@72d44701{HTTP/1.1, (http/1.1)}{0.0.0.0:44379}
INFO  [2026-08-24 12:21:50,238] org.eclipse.jetty.server.AbstractConnector: Started admin@747c9e8b{HTTP/1.1, (http/1.1)}{0.0.0.0:45271}
INFO  [2026-08-24 12:21:50,238] org.eclipse.jetty.server.Server: Started @4933ms
127.0.0.1 - - [24/Aug/2026:12:21:50 +0000] "POST /dogs/pierre HTTP/1.1" 200 6 "-" "Jersey/2.32 (HttpUrlConnection 11.0.31)" 14
INFO  [2026-08-24 12:21:50,276] org.eclipse.jetty.server.AbstractConnector: Stopped application@72d44701{HTTP/1.1, (http/1.1)}{0.0.0.0:0}
INFO  [2026-08-24 12:21:50,276] org.eclipse.jetty.server.AbstractConnector: Stopped admin@747c9e8b{HTTP/1.1, (http/1.1)}{0.0.0.0:0}
INFO  [2026-08-24 12:21:50,276] org.eclipse.jetty.server.session: node0 Stopped scavenging
INFO  [2026-08-24 12:21:50,276] org.eclipse.jetty.server.handler.ContextHandler: Stopped i.d.j.MutableServletContextHandler@30180e67{/,null,STOPPED}
INFO  [2026-08-24 12:21:50,278] org.eclipse.jetty.server.handler.ContextHandler: Stopped i.d.j.MutableServletContextHandler@654a3f0b{/,null,STOPPED}
INFO  [2026-08-24 12:21:50,347] io.dropwizard.server.DefaultServerFactory: Registering jersey handler with root path prefix: /
INFO  [2026-08-24 12:21:50,347] io.dropwizard.server.DefaultServerFactory: Registering admin handler with root path prefix: /
INFO  [2026-08-24 12:21:50,348] io.dropwizard.server.ServerFactory: Starting App
INFO  [2026-08-24 12:21:50,351] org.eclipse.jetty.setuid.SetUIDListener: Opened application@2ccc9797{HTTP/1.1, (http/1.1)}{0.0.0.0:44625}
INFO  [2026-08-24 12:21:50,351] org.eclipse.jetty.setuid.SetUIDListener: Opened admin@1ba9111b{HTTP/1.1, (http/1.1)}{0.0.0.0:33899}
INFO  [2026-08-24 12:21:50,351] org.eclipse.jetty.server.Server: jetty-9.4.35.v20201120; built: 2020-11-20T21:17:03.964Z; git: bdc54f03a5e0a7e280fab27f55c3c75ee8da89fb; jvm 11.0.31+11-post-1ubuntu1-24.04.2-Ubuntu
INFO  [2026-08-24 12:21:50,352] org.eclipse.jetty.server.session: DefaultSessionIdManager workerName=node0
INFO  [2026-08-24 12:21:50,352] org.eclipse.jetty.server.session: No SessionScavenger set, using defaults
INFO  [2026-08-24 12:21:50,352] org.eclipse.jetty.server.session: node0 Scavenging every 660000ms
INFO  [2026-08-24 12:21:50,404] io.dropwizard.jersey.DropwizardResourceConfig: The following paths were found for the configured resources:

    GET     /dogs/{name} (org.pac4j.dropwizard.e2e.DogsResource)
    POST    /dogs/{name} (org.pac4j.dropwizard.e2e.DogsResource)

INFO  [2026-08-24 12:21:50,405] org.eclipse.jetty.server.handler.ContextHandler: Started i.d.j.MutableServletContextHandler@368e1d6{/,null,AVAILABLE}
INFO  [2026-08-24 12:21:50,405] io.dropwizard.setup.AdminEnvironment: tasks = 

    POST    /tasks/log-level (io.dropwizard.servlets.tasks.LogConfigurationTask)
    POST    /tasks/gc (io.dropwizard.servlets.tasks.GarbageCollectionTask)

WARN  [2026-08-24 12:21:50,405] io.dropwizard.setup.AdminEnvironment: 
!!!!!!!!!!!!!!!!!!!!!!!!!!!!!!!!!!!!!!!!!!!!!!!!!!!!!!!!!!!!!!!!!!!!!!!!!!!!!!!!
!!!!!!!!!!!!!!!!!!!!!!!!!!!!!!!!!!!!!!!!!!!!!!!!!!!!!!!!!!!!!!!!!!!!!!!!!!!!!!!!
!    THIS APPLICATION HAS NO HEALTHCHECKS. THIS MEANS YOU WILL NEVER KNOW      !
!     IF IT DIES IN PRODUCTION, WHICH MEANS YOU WILL NEVER KNOW IF YOU'RE      !
!    LETTING YOUR USERS DOWN. YOU SHOULD ADD A HEALTHCHECK FOR EACH OF YOUR    !
!         APPLICATION'S DEPENDENCIES WHICH FULLY (BUT LIGHTLY) TESTS IT.       !
!!!!!!!!!!!!!!!!!!!!!!!!!!!!!!!!!!!!!!!!!!!!!!!!!!!!!!!!!!!!!!!!!!!!!!!!!!!!!!!!
!!!!!!!!!!!!!!!!!!!!!!!!!!!!!!!!!!!!!!!!!!!!!!!!!!!!!!!!!!!!!!!!!!!!!!!!!!!!!!!!
INFO  [2026-08-24 12:21:50,405] org.eclipse.jetty.server.handler.ContextHandler: Started i.d.j.MutableServletContextHandler@6977f492{/,null,AVAILABLE}
INFO  [2026-08-24 12:21:50,415] org.eclipse.jetty.server.AbstractConnector: Started application@2ccc9797{HTTP/1.1, (http/1.1)}{0.0.0.0:44625}
INFO  [2026-08-24 12:21:50,416] org.eclipse.jetty.server.AbstractConnector: Started admin@1ba9111b{HTTP/1.1, (http/1.1)}{0.0.0.0:33899}
INFO  [2026-08-24 12:21:50,416] org.eclipse.jetty.server.Server: Started @5111ms
INFO  [2026-08-24 12:21:50,440] org.pac4j.http.client.direct.DirectBasicAuthClient: Failed to retrieve or validate credentials: Username : 'boy' does not match password
127.0.0.1 - - [24/Aug/2026:12:21:50 +0000] "GET /dogs/pierre HTTP/1.1" 401 0 "-" "Jersey/2.32 (HttpUrlConnection 11.0.31)" 12
INFO  [2026-08-24 12:21:50,447] org.eclipse.jetty.server.AbstractConnector: Stopped application@2ccc9797{HTTP/1.1, (http/1.1)}{0.0.0.0:0}
INFO  [2026-08-24 12:21:50,447] org.eclipse.jetty.server.AbstractConnector: Stopped admin@1ba9111b{HTTP/1.1, (http/1.1)}{0.0.0.0:0}
INFO  [2026-08-24 12:21:50,447] org.eclipse.jetty.server.session: node0 Stopped scavenging
INFO  [2026-08-24 12:21:50,447] org.eclipse.jetty.server.handler.ContextHandler: Stopped i.d.j.MutableServletContextHandler@6977f492{/,null,STOPPED}
INFO  [2026-08-24 12:21:50,449] org.eclipse.jetty.server.handler.ContextHandler: Stopped i.d.j.MutableServletContextHandler@368e1d6{/,null,STOPPED}
[INFO] Tests run: 3, Failures: 0, Errors: 0, Skipped: 0, Time elapsed: 0.633 s -- in org.pac4j.dropwizard.e2e.EndToEndTest
[INFO] Running org.pac4j.dropwizard.bundle.BundleFactoryTest
INFO  [2026-08-24 12:21:50,517] io.dropwizard.server.DefaultServerFactory: Registering jersey handler with root path prefix: /
INFO  [2026-08-24 12:21:50,517] io.dropwizard.server.DefaultServerFactory: Registering admin handler with root path prefix: /
INFO  [2026-08-24 12:21:50,518] io.dropwizard.server.ServerFactory: Starting App
INFO  [2026-08-24 12:21:50,520] org.eclipse.jetty.setuid.SetUIDListener: Opened application@2f580c1{HTTP/1.1, (http/1.1)}{0.0.0.0:34345}
INFO  [2026-08-24 12:21:50,520] org.eclipse.jetty.setuid.SetUIDListener: Opened admin@4bbe1bd1{HTTP/1.1, (http/1.1)}{0.0.0.0:46005}
INFO  [2026-08-24 12:21:50,520] org.eclipse.jetty.server.Server: jetty-9.4.35.v20201120; built: 2020-11-20T21:17:03.964Z; git: bdc54f03a5e0a7e280fab27f55c3c75ee8da89fb; jvm 11.0.31+11-post-1ubuntu1-24.04.2-Ubuntu
INFO  [2026-08-24 12:21:50,521] org.eclipse.jetty.server.session: DefaultSessionIdManager workerName=node0
INFO  [2026-08-24 12:21:50,521] org.eclipse.jetty.server.session: No SessionScavenger set, using defaults
INFO  [2026-08-24 12:21:50,521] org.eclipse.jetty.server.session: node0 Scavenging every 600000ms
INFO  [2026-08-24 12:21:50,561] io.dropwizard.jersey.DropwizardResourceConfig: The following paths were found for the configured resources:

    NONE

INFO  [2026-08-24 12:21:50,562] org.eclipse.jetty.server.handler.ContextHandler: Started i.d.j.MutableServletContextHandler@44609c16{/,null,AVAILABLE}
INFO  [2026-08-24 12:21:50,562] io.dropwizard.setup.AdminEnvironment: tasks = 

    POST    /tasks/log-level (io.dropwizard.servlets.tasks.LogConfigurationTask)
    POST    /tasks/gc (io.dropwizard.servlets.tasks.GarbageCollectionTask)

WARN  [2026-08-24 12:21:50,562] io.dropwizard.setup.AdminEnvironment: 
!!!!!!!!!!!!!!!!!!!!!!!!!!!!!!!!!!!!!!!!!!!!!!!!!!!!!!!!!!!!!!!!!!!!!!!!!!!!!!!!
!!!!!!!!!!!!!!!!!!!!!!!!!!!!!!!!!!!!!!!!!!!!!!!!!!!!!!!!!!!!!!!!!!!!!!!!!!!!!!!!
!    THIS APPLICATION HAS NO HEALTHCHECKS. THIS MEANS YOU WILL NEVER KNOW      !
!     IF IT DIES IN PRODUCTION, WHICH MEANS YOU WILL NEVER KNOW IF YOU'RE      !
!    LETTING YOUR USERS DOWN. YOU SHOULD ADD A HEALTHCHECK FOR EACH OF YOUR    !
!         APPLICATION'S DEPENDENCIES WHICH FULLY (BUT LIGHTLY) TESTS IT.       !
!!!!!!!!!!!!!!!!!!!!!!!!!!!!!!!!!!!!!!!!!!!!!!!!!!!!!!!!!!!!!!!!!!!!!!!!!!!!!!!!
!!!!!!!!!!!!!!!!!!!!!!!!!!!!!!!!!!!!!!!!!!!!!!!!!!!!!!!!!!!!!!!!!!!!!!!!!!!!!!!!
INFO  [2026-08-24 12:21:50,562] org.eclipse.jetty.server.handler.ContextHandler: Started i.d.j.MutableServletContextHandler@7cede6f{/,null,AVAILABLE}
INFO  [2026-08-24 12:21:50,597] org.eclipse.jetty.server.AbstractConnector: Started application@2f580c1{HTTP/1.1, (http/1.1)}{0.0.0.0:34345}
INFO  [2026-08-24 12:21:50,598] org.eclipse.jetty.server.AbstractConnector: Started admin@4bbe1bd1{HTTP/1.1, (http/1.1)}{0.0.0.0:46005}
INFO  [2026-08-24 12:21:50,598] org.eclipse.jetty.server.Server: Started @5292ms
INFO  [2026-08-24 12:21:50,616] org.eclipse.jetty.server.AbstractConnector: Stopped application@2f580c1{HTTP/1.1, (http/1.1)}{0.0.0.0:0}
INFO  [2026-08-24 12:21:50,616] org.eclipse.jetty.server.AbstractConnector: Stopped admin@4bbe1bd1{HTTP/1.1, (http/1.1)}{0.0.0.0:0}
INFO  [2026-08-24 12:21:50,617] org.eclipse.jetty.server.session: node0 Stopped scavenging
INFO  [2026-08-24 12:21:50,617] org.eclipse.jetty.server.handler.ContextHandler: Stopped i.d.j.MutableServletContextHandler@7cede6f{/,null,STOPPED}
INFO  [2026-08-24 12:21:50,618] org.eclipse.jetty.server.handler.ContextHandler: Stopped i.d.j.MutableServletContextHandler@44609c16{/,null,STOPPED}
INFO  [2026-08-24 12:21:50,678] io.dropwizard.server.DefaultServerFactory: Registering jersey handler with root path prefix: /
INFO  [2026-08-24 12:21:50,678] io.dropwizard.server.DefaultServerFactory: Registering admin handler with root path prefix: /
INFO  [2026-08-24 12:21:50,678] io.dropwizard.server.ServerFactory: Starting App
INFO  [2026-08-24 12:21:50,681] org.eclipse.jetty.setuid.SetUIDListener: Opened application@36ac86f0{HTTP/1.1, (http/1.1)}{0.0.0.0:36919}
INFO  [2026-08-24 12:21:50,681] org.eclipse.jetty.setuid.SetUIDListener: Opened admin@644d264c{HTTP/1.1, (http/1.1)}{0.0.0.0:37501}
INFO  [2026-08-24 12:21:50,681] org.eclipse.jetty.server.Server: jetty-9.4.35.v20201120; built: 2020-11-20T21:17:03.964Z; git: bdc54f03a5e0a7e280fab27f55c3c75ee8da89fb; jvm 11.0.31+11-post-1ubuntu1-24.04.2-Ubuntu
INFO  [2026-08-24 12:21:50,720] io.dropwizard.jersey.DropwizardResourceConfig: The following paths were found for the configured resources:

    NONE

INFO  [2026-08-24 12:21:50,721] org.eclipse.jetty.server.handler.ContextHandler: Started i.d.j.MutableServletContextHandler@2d178024{/,null,AVAILABLE}
INFO  [2026-08-24 12:21:50,722] io.dropwizard.setup.AdminEnvironment: tasks = 

    POST    /tasks/log-level (io.dropwizard.servlets.tasks.LogConfigurationTask)
    POST    /tasks/gc (io.dropwizard.servlets.tasks.GarbageCollectionTask)

WARN  [2026-08-24 12:21:50,722] io.dropwizard.setup.AdminEnvironment: 
!!!!!!!!!!!!!!!!!!!!!!!!!!!!!!!!!!!!!!!!!!!!!!!!!!!!!!!!!!!!!!!!!!!!!!!!!!!!!!!!
!!!!!!!!!!!!!!!!!!!!!!!!!!!!!!!!!!!!!!!!!!!!!!!!!!!!!!!!!!!!!!!!!!!!!!!!!!!!!!!!
!    THIS APPLICATION HAS NO HEALTHCHECKS. THIS MEANS YOU WILL NEVER KNOW      !
!     IF IT DIES IN PRODUCTION, WHICH MEANS YOU WILL NEVER KNOW IF YOU'RE      !
!    LETTING YOUR USERS DOWN. YOU SHOULD ADD A HEALTHCHECK FOR EACH OF YOUR    !
!         APPLICATION'S DEPENDENCIES WHICH FULLY (BUT LIGHTLY) TESTS IT.       !
!!!!!!!!!!!!!!!!!!!!!!!!!!!!!!!!!!!!!!!!!!!!!!!!!!!!!!!!!!!!!!!!!!!!!!!!!!!!!!!!
!!!!!!!!!!!!!!!!!!!!!!!!!!!!!!!!!!!!!!!!!!!!!!!!!!!!!!!!!!!!!!!!!!!!!!!!!!!!!!!!
INFO  [2026-08-24 12:21:50,722] org.eclipse.jetty.server.handler.ContextHandler: Started i.d.j.MutableServletContextHandler@156e3dce{/,null,AVAILABLE}
INFO  [2026-08-24 12:21:50,731] org.eclipse.jetty.server.AbstractConnector: Started application@36ac86f0{HTTP/1.1, (http/1.1)}{0.0.0.0:36919}
INFO  [2026-08-24 12:21:50,732] org.eclipse.jetty.server.AbstractConnector: Started admin@644d264c{HTTP/1.1, (http/1.1)}{0.0.0.0:37501}
INFO  [2026-08-24 12:21:50,732] org.eclipse.jetty.server.Server: Started @5427ms
INFO  [2026-08-24 12:21:50,736] org.eclipse.jetty.server.AbstractConnector: Stopped application@36ac86f0{HTTP/1.1, (http/1.1)}{0.0.0.0:0}
INFO  [2026-08-24 12:21:50,736] org.eclipse.jetty.server.AbstractConnector: Stopped admin@644d264c{HTTP/1.1, (http/1.1)}{0.0.0.0:0}
INFO  [2026-08-24 12:21:50,736] org.eclipse.jetty.server.handler.ContextHandler: Stopped i.d.j.MutableServletContextHandler@156e3dce{/,null,STOPPED}
INFO  [2026-08-24 12:21:50,737] org.eclipse.jetty.server.handler.ContextHandler: Stopped i.d.j.MutableServletContextHandler@2d178024{/,null,STOPPED}
INFO  [2026-08-24 12:21:50,794] io.dropwizard.server.DefaultServerFactory: Registering jersey handler with root path prefix: /
INFO  [2026-08-24 12:21:50,794] io.dropwizard.server.DefaultServerFactory: Registering admin handler with root path prefix: /
INFO  [2026-08-24 12:21:50,795] io.dropwizard.server.ServerFactory: Starting App
INFO  [2026-08-24 12:21:50,797] org.eclipse.jetty.setuid.SetUIDListener: Opened application@35e011d3{HTTP/1.1, (http/1.1)}{0.0.0.0:45983}
INFO  [2026-08-24 12:21:50,797] org.eclipse.jetty.setuid.SetUIDListener: Opened admin@92a9996{HTTP/1.1, (http/1.1)}{0.0.0.0:44361}
INFO  [2026-08-24 12:21:50,797] org.eclipse.jetty.server.Server: jetty-9.4.35.v20201120; built: 2020-11-20T21:17:03.964Z; git: bdc54f03a5e0a7e280fab27f55c3c75ee8da89fb; jvm 11.0.31+11-post-1ubuntu1-24.04.2-Ubuntu
INFO  [2026-08-24 12:21:50,833] io.dropwizard.jersey.DropwizardResourceConfig: The following paths were found for the configured resources:

    NONE

INFO  [2026-08-24 12:21:50,834] org.eclipse.jetty.server.handler.ContextHandler: Started i.d.j.MutableServletContextHandler@2d5c95ce{/,null,AVAILABLE}
INFO  [2026-08-24 12:21:50,834] io.dropwizard.setup.AdminEnvironment: tasks = 

    POST    /tasks/log-level (io.dropwizard.servlets.tasks.LogConfigurationTask)
    POST    /tasks/gc (io.dropwizard.servlets.tasks.GarbageCollectionTask)

WARN  [2026-08-24 12:21:50,834] io.dropwizard.setup.AdminEnvironment: 
!!!!!!!!!!!!!!!!!!!!!!!!!!!!!!!!!!!!!!!!!!!!!!!!!!!!!!!!!!!!!!!!!!!!!!!!!!!!!!!!
!!!!!!!!!!!!!!!!!!!!!!!!!!!!!!!!!!!!!!!!!!!!!!!!!!!!!!!!!!!!!!!!!!!!!!!!!!!!!!!!
!    THIS APPLICATION HAS NO HEALTHCHECKS. THIS MEANS YOU WILL NEVER KNOW      !
!     IF IT DIES IN PRODUCTION, WHICH MEANS YOU WILL NEVER KNOW IF YOU'RE      !
!    LETTING YOUR USERS DOWN. YOU SHOULD ADD A HEALTHCHECK FOR EACH OF YOUR    !
!         APPLICATION'S DEPENDENCIES WHICH FULLY (BUT LIGHTLY) TESTS IT.       !
!!!!!!!!!!!!!!!!!!!!!!!!!!!!!!!!!!!!!!!!!!!!!!!!!!!!!!!!!!!!!!!!!!!!!!!!!!!!!!!!
!!!!!!!!!!!!!!!!!!!!!!!!!!!!!!!!!!!!!!!!!!!!!!!!!!!!!!!!!!!!!!!!!!!!!!!!!!!!!!!!
INFO  [2026-08-24 12:21:50,835] org.eclipse.jetty.server.handler.ContextHandler: Started i.d.j.MutableServletContextHandler@40aa01e9{/,null,AVAILABLE}
INFO  [2026-08-24 12:21:50,842] org.eclipse.jetty.server.AbstractConnector: Started application@35e011d3{HTTP/1.1, (http/1.1)}{0.0.0.0:45983}
INFO  [2026-08-24 12:21:50,843] org.eclipse.jetty.server.AbstractConnector: Started admin@92a9996{HTTP/1.1, (http/1.1)}{0.0.0.0:44361}
INFO  [2026-08-24 12:21:50,843] org.eclipse.jetty.server.Server: Started @5538ms
INFO  [2026-08-24 12:21:50,847] org.eclipse.jetty.server.AbstractConnector: Stopped application@35e011d3{HTTP/1.1, (http/1.1)}{0.0.0.0:0}
INFO  [2026-08-24 12:21:50,847] org.eclipse.jetty.server.AbstractConnector: Stopped admin@92a9996{HTTP/1.1, (http/1.1)}{0.0.0.0:0}
INFO  [2026-08-24 12:21:50,847] org.eclipse.jetty.server.handler.ContextHandler: Stopped i.d.j.MutableServletContextHandler@40aa01e9{/,null,STOPPED}
INFO  [2026-08-24 12:21:50,848] org.eclipse.jetty.server.handler.ContextHandler: Stopped i.d.j.MutableServletContextHandler@2d5c95ce{/,null,STOPPED}
INFO  [2026-08-24 12:21:50,903] io.dropwizard.server.DefaultServerFactory: Registering jersey handler with root path prefix: /
INFO  [2026-08-24 12:21:50,903] io.dropwizard.server.DefaultServerFactory: Registering admin handler with root path prefix: /
INFO  [2026-08-24 12:21:50,903] io.dropwizard.server.ServerFactory: Starting App
INFO  [2026-08-24 12:21:50,906] org.eclipse.jetty.setuid.SetUIDListener: Opened application@6a4dfee2{HTTP/1.1, (http/1.1)}{0.0.0.0:43049}
INFO  [2026-08-24 12:21:50,906] org.eclipse.jetty.setuid.SetUIDListener: Opened admin@5e4235f0{HTTP/1.1, (http/1.1)}{0.0.0.0:39257}
INFO  [2026-08-24 12:21:50,906] org.eclipse.jetty.server.Server: jetty-9.4.35.v20201120; built: 2020-11-20T21:17:03.964Z; git: bdc54f03a5e0a7e280fab27f55c3c75ee8da89fb; jvm 11.0.31+11-post-1ubuntu1-24.04.2-Ubuntu
INFO  [2026-08-24 12:21:50,906] org.eclipse.jetty.server.session: DefaultSessionIdManager workerName=node0
INFO  [2026-08-24 12:21:50,906] org.eclipse.jetty.server.session: No SessionScavenger set, using defaults
INFO  [2026-08-24 12:21:50,907] org.eclipse.jetty.server.session: node0 Scavenging every 660000ms
INFO  [2026-08-24 12:21:50,953] io.dropwizard.jersey.DropwizardResourceConfig: The following paths were found for the configured resources:

    NONE

INFO  [2026-08-24 12:21:50,953] org.eclipse.jetty.server.handler.ContextHandler: Started i.d.j.MutableServletContextHandler@227c4de1{/,null,AVAILABLE}
INFO  [2026-08-24 12:21:50,954] io.dropwizard.setup.AdminEnvironment: tasks = 

    POST    /tasks/log-level (io.dropwizard.servlets.tasks.LogConfigurationTask)
    POST    /tasks/gc (io.dropwizard.servlets.tasks.GarbageCollectionTask)

WARN  [2026-08-24 12:21:50,954] io.dropwizard.setup.AdminEnvironment: 
!!!!!!!!!!!!!!!!!!!!!!!!!!!!!!!!!!!!!!!!!!!!!!!!!!!!!!!!!!!!!!!!!!!!!!!!!!!!!!!!
!!!!!!!!!!!!!!!!!!!!!!!!!!!!!!!!!!!!!!!!!!!!!!!!!!!!!!!!!!!!!!!!!!!!!!!!!!!!!!!!
!    THIS APPLICATION HAS NO HEALTHCHECKS. THIS MEANS YOU WILL NEVER KNOW      !
!     IF IT DIES IN PRODUCTION, WHICH MEANS YOU WILL NEVER KNOW IF YOU'RE      !
!    LETTING YOUR USERS DOWN. YOU SHOULD ADD A HEALTHCHECK FOR EACH OF YOUR    !
!         APPLICATION'S DEPENDENCIES WHICH FULLY (BUT LIGHTLY) TESTS IT.       !
!!!!!!!!!!!!!!!!!!!!!!!!!!!!!!!!!!!!!!!!!!!!!!!!!!!!!!!!!!!!!!!!!!!!!!!!!!!!!!!!
!!!!!!!!!!!!!!!!!!!!!!!!!!!!!!!!!!!!!!!!!!!!!!!!!!!!!!!!!!!!!!!!!!!!!!!!!!!!!!!!
INFO  [2026-08-24 12:21:50,954] org.eclipse.jetty.server.handler.ContextHandler: Started i.d.j.MutableServletContextHandler@49822344{/,null,AVAILABLE}
INFO  [2026-08-24 12:21:50,962] org.eclipse.jetty.server.AbstractConnector: Started application@6a4dfee2{HTTP/1.1, (http/1.1)}{0.0.0.0:43049}
INFO  [2026-08-24 12:21:50,963] org.eclipse.jetty.server.AbstractConnector: Started admin@5e4235f0{HTTP/1.1, (http/1.1)}{0.0.0.0:39257}
INFO  [2026-08-24 12:21:50,963] org.eclipse.jetty.server.Server: Started @5658ms
INFO  [2026-08-24 12:21:50,967] org.eclipse.jetty.server.AbstractConnector: Stopped application@6a4dfee2{HTTP/1.1, (http/1.1)}{0.0.0.0:0}
INFO  [2026-08-24 12:21:50,967] org.eclipse.jetty.server.AbstractConnector: Stopped admin@5e4235f0{HTTP/1.1, (http/1.1)}{0.0.0.0:0}
INFO  [2026-08-24 12:21:50,967] org.eclipse.jetty.server.session: node0 Stopped scavenging
INFO  [2026-08-24 12:21:50,967] org.eclipse.jetty.server.handler.ContextHandler: Stopped i.d.j.MutableServletContextHandler@49822344{/,null,STOPPED}
INFO  [2026-08-24 12:21:50,969] org.eclipse.jetty.server.handler.ContextHandler: Stopped i.d.j.MutableServletContextHandler@227c4de1{/,null,STOPPED}
[INFO] Tests run: 4, Failures: 0, Errors: 0, Skipped: 0, Time elapsed: 0.509 s -- in org.pac4j.dropwizard.bundle.BundleFactoryTest
[INFO] Running org.pac4j.dropwizard.factory.DefaultConfigurationTest
WARN  [2026-08-24 20:21:51,553] org.pac4j.core.matching.matcher.PathMatcher: Be careful when using the 'excludeBranch' or 'excludeRegex' methods. They use regular expressions and their definitions may be error prone. You could exclude more URLs than expected.
INFO  [2026-08-24 20:21:51,585] org.pac4j.core.config.ConfigBuilder: Build the configuration from factory: org.pac4j.dropwizard.factory.FakeConfigFactory
[INFO] Tests run: 6, Failures: 0, Errors: 0, Skipped: 0, Time elapsed: 0.675 s -- in org.pac4j.dropwizard.factory.DefaultConfigurationTest
[INFO] 
[INFO] Results:
[INFO] 
[INFO] Tests run: 16, Failures: 0, Errors: 0, Skipped: 0
[INFO] 
[INFO] ------------------------------------------------------------------------
[INFO] BUILD SUCCESS
[INFO] ------------------------------------------------------------------------
[INFO] Total time:  19.431 s
[INFO] Finished at: 2026-08-24T20:21:51+08:00
[INFO] ------------------------------------------------------------------------
