INFO  [alembic.runtime.migration] Context impl SQLiteImpl.
INFO  [alembic.runtime.migration] Will assume non-transactional DDL.
INFO  [alembic.runtime.migration] Running stamp_revision  -> d7e6a4d39fe4
INFO  [alembic.runtime.migration] Context impl SQLiteImpl.
INFO  [alembic.runtime.migration] Will assume non-transactional DDL.
{0} magnum.tests.unit.common.policies.test_stats_policy.TestStatsPolicy.test_stat_reader [0.090108s] ... FAILED

Captured traceback:
~~~~~~~~~~~~~~~~~~~
    Traceback (most recent call last):

      File "/home/zhihao/hdd/marshal/.work/rebuild_996511_996540/output-v2/replay-work/formal-opendev-996511--target-996540/target-a1/magnum/tests/unit/common/policies/base.py", line 24, in setUp
    CONF.set_override('enforce_scope', True, group='oslo_policy')
    ~~~~~~~~~~~~~~~~~^^^^^^^^^^^^^^^^^^^^^^^^^^^^^^^^^^^^^^^^^^^^

      File "/home/zhihao/hdd/marshal/.work/rebuild_996511_996540/output-v2/replay-work/formal-opendev-996511--target-996540/target-a1/.tox/py3/lib/python3.13/site-packages/oslo_config/cfg.py", line 2430, in __inner
    result = f(self, *args, **kwargs)

      File "/home/zhihao/hdd/marshal/.work/rebuild_996511_996540/output-v2/replay-work/formal-opendev-996511--target-996540/target-a1/.tox/py3/lib/python3.13/site-packages/oslo_config/cfg.py", line 3085, in set_override
    opt_info = self._get_opt_info(name, group)

      File "/home/zhihao/hdd/marshal/.work/rebuild_996511_996540/output-v2/replay-work/formal-opendev-996511--target-996540/target-a1/.tox/py3/lib/python3.13/site-packages/oslo_config/cfg.py", line 3580, in _get_opt_info
    raise NoSuchOptError(opt_name, group)

    oslo_config.cfg.NoSuchOptError: no such option enforce_scope in group [oslo_policy]

INFO  [alembic.runtime.migration] Context impl SQLiteImpl.
INFO  [alembic.runtime.migration] Will assume non-transactional DDL.
INFO  [alembic.runtime.migration] Running stamp_revision  -> d7e6a4d39fe4
{1} magnum.tests.unit.common.policies.test_stats_policy.TestStatsPolicy.test_stat_no_permission [0.087789s] ... FAILED

Captured traceback:
~~~~~~~~~~~~~~~~~~~
    Traceback (most recent call last):

      File "/home/zhihao/hdd/marshal/.work/rebuild_996511_996540/output-v2/replay-work/formal-opendev-996511--target-996540/target-a1/magnum/tests/unit/common/policies/base.py", line 24, in setUp
    CONF.set_override('enforce_scope', True, group='oslo_policy')
    ~~~~~~~~~~~~~~~~~^^^^^^^^^^^^^^^^^^^^^^^^^^^^^^^^^^^^^^^^^^^^

      File "/home/zhihao/hdd/marshal/.work/rebuild_996511_996540/output-v2/replay-work/formal-opendev-996511--target-996540/target-a1/.tox/py3/lib/python3.13/site-packages/oslo_config/cfg.py", line 2430, in __inner
    result = f(self, *args, **kwargs)

      File "/home/zhihao/hdd/marshal/.work/rebuild_996511_996540/output-v2/replay-work/formal-opendev-996511--target-996540/target-a1/.tox/py3/lib/python3.13/site-packages/oslo_config/cfg.py", line 3085, in set_override
    opt_info = self._get_opt_info(name, group)

      File "/home/zhihao/hdd/marshal/.work/rebuild_996511_996540/output-v2/replay-work/formal-opendev-996511--target-996540/target-a1/.tox/py3/lib/python3.13/site-packages/oslo_config/cfg.py", line 3580, in _get_opt_info
    raise NoSuchOptError(opt_name, group)

    oslo_config.cfg.NoSuchOptError: no such option enforce_scope in group [oslo_policy]

INFO  [alembic.runtime.migration] Running stamp_revision  -> d7e6a4d39fe4
{2} magnum.tests.unit.common.policies.test_stats_policy.TestStatsPolicy.test_stat_admin [0.107582s] ... FAILED

Captured traceback:
~~~~~~~~~~~~~~~~~~~
    Traceback (most recent call last):

      File "/home/zhihao/hdd/marshal/.work/rebuild_996511_996540/output-v2/replay-work/formal-opendev-996511--target-996540/target-a1/magnum/tests/unit/common/policies/base.py", line 24, in setUp
    CONF.set_override('enforce_scope', True, group='oslo_policy')
    ~~~~~~~~~~~~~~~~~^^^^^^^^^^^^^^^^^^^^^^^^^^^^^^^^^^^^^^^^^^^^

      File "/home/zhihao/hdd/marshal/.work/rebuild_996511_996540/output-v2/replay-work/formal-opendev-996511--target-996540/target-a1/.tox/py3/lib/python3.13/site-packages/oslo_config/cfg.py", line 2430, in __inner
    result = f(self, *args, **kwargs)

      File "/home/zhihao/hdd/marshal/.work/rebuild_996511_996540/output-v2/replay-work/formal-opendev-996511--target-996540/target-a1/.tox/py3/lib/python3.13/site-packages/oslo_config/cfg.py", line 3085, in set_override
    opt_info = self._get_opt_info(name, group)

      File "/home/zhihao/hdd/marshal/.work/rebuild_996511_996540/output-v2/replay-work/formal-opendev-996511--target-996540/target-a1/.tox/py3/lib/python3.13/site-packages/oslo_config/cfg.py", line 3580, in _get_opt_info
    raise NoSuchOptError(opt_name, group)

    oslo_config.cfg.NoSuchOptError: no such option enforce_scope in group [oslo_policy]


No tests were successful during the run

==============================
Failed 3 tests - output below:
==============================

magnum.tests.unit.common.policies.test_stats_policy.TestStatsPolicy.test_stat_reader
------------------------------------------------------------------------------------

Captured traceback:
~~~~~~~~~~~~~~~~~~~
    Traceback (most recent call last):

      File "/home/zhihao/hdd/marshal/.work/rebuild_996511_996540/output-v2/replay-work/formal-opendev-996511--target-996540/target-a1/magnum/tests/unit/common/policies/base.py", line 24, in setUp
    CONF.set_override('enforce_scope', True, group='oslo_policy')
    ~~~~~~~~~~~~~~~~~^^^^^^^^^^^^^^^^^^^^^^^^^^^^^^^^^^^^^^^^^^^^

      File "/home/zhihao/hdd/marshal/.work/rebuild_996511_996540/output-v2/replay-work/formal-opendev-996511--target-996540/target-a1/.tox/py3/lib/python3.13/site-packages/oslo_config/cfg.py", line 2430, in __inner
    result = f(self, *args, **kwargs)

      File "/home/zhihao/hdd/marshal/.work/rebuild_996511_996540/output-v2/replay-work/formal-opendev-996511--target-996540/target-a1/.tox/py3/lib/python3.13/site-packages/oslo_config/cfg.py", line 3085, in set_override
    opt_info = self._get_opt_info(name, group)

      File "/home/zhihao/hdd/marshal/.work/rebuild_996511_996540/output-v2/replay-work/formal-opendev-996511--target-996540/target-a1/.tox/py3/lib/python3.13/site-packages/oslo_config/cfg.py", line 3580, in _get_opt_info
    raise NoSuchOptError(opt_name, group)

    oslo_config.cfg.NoSuchOptError: no such option enforce_scope in group [oslo_policy]


magnum.tests.unit.common.policies.test_stats_policy.TestStatsPolicy.test_stat_no_permission
-------------------------------------------------------------------------------------------

Captured traceback:
~~~~~~~~~~~~~~~~~~~
    Traceback (most recent call last):

      File "/home/zhihao/hdd/marshal/.work/rebuild_996511_996540/output-v2/replay-work/formal-opendev-996511--target-996540/target-a1/magnum/tests/unit/common/policies/base.py", line 24, in setUp
    CONF.set_override('enforce_scope', True, group='oslo_policy')
    ~~~~~~~~~~~~~~~~~^^^^^^^^^^^^^^^^^^^^^^^^^^^^^^^^^^^^^^^^^^^^

      File "/home/zhihao/hdd/marshal/.work/rebuild_996511_996540/output-v2/replay-work/formal-opendev-996511--target-996540/target-a1/.tox/py3/lib/python3.13/site-packages/oslo_config/cfg.py", line 2430, in __inner
    result = f(self, *args, **kwargs)

      File "/home/zhihao/hdd/marshal/.work/rebuild_996511_996540/output-v2/replay-work/formal-opendev-996511--target-996540/target-a1/.tox/py3/lib/python3.13/site-packages/oslo_config/cfg.py", line 3085, in set_override
    opt_info = self._get_opt_info(name, group)

      File "/home/zhihao/hdd/marshal/.work/rebuild_996511_996540/output-v2/replay-work/formal-opendev-996511--target-996540/target-a1/.tox/py3/lib/python3.13/site-packages/oslo_config/cfg.py", line 3580, in _get_opt_info
    raise NoSuchOptError(opt_name, group)

    oslo_config.cfg.NoSuchOptError: no such option enforce_scope in group [oslo_policy]


magnum.tests.unit.common.policies.test_stats_policy.TestStatsPolicy.test_stat_admin
-----------------------------------------------------------------------------------

Captured traceback:
~~~~~~~~~~~~~~~~~~~
    Traceback (most recent call last):

      File "/home/zhihao/hdd/marshal/.work/rebuild_996511_996540/output-v2/replay-work/formal-opendev-996511--target-996540/target-a1/magnum/tests/unit/common/policies/base.py", line 24, in setUp
    CONF.set_override('enforce_scope', True, group='oslo_policy')
    ~~~~~~~~~~~~~~~~~^^^^^^^^^^^^^^^^^^^^^^^^^^^^^^^^^^^^^^^^^^^^

      File "/home/zhihao/hdd/marshal/.work/rebuild_996511_996540/output-v2/replay-work/formal-opendev-996511--target-996540/target-a1/.tox/py3/lib/python3.13/site-packages/oslo_config/cfg.py", line 2430, in __inner
    result = f(self, *args, **kwargs)

      File "/home/zhihao/hdd/marshal/.work/rebuild_996511_996540/output-v2/replay-work/formal-opendev-996511--target-996540/target-a1/.tox/py3/lib/python3.13/site-packages/oslo_config/cfg.py", line 3085, in set_override
    opt_info = self._get_opt_info(name, group)

      File "/home/zhihao/hdd/marshal/.work/rebuild_996511_996540/output-v2/replay-work/formal-opendev-996511--target-996540/target-a1/.tox/py3/lib/python3.13/site-packages/oslo_config/cfg.py", line 3580, in _get_opt_info
    raise NoSuchOptError(opt_name, group)

    oslo_config.cfg.NoSuchOptError: no such option enforce_scope in group [oslo_policy]



======
Totals
======
Ran: 3 tests in 0.1455 sec.
 - Passed: 0
 - Skipped: 0
 - Expected Fail: 0
 - Unexpected Success: 0
 - Failed: 3
Sum of execute time for each test: 0.2855 sec.

==============
Worker Balance
==============
 - Worker 0 (1 tests) => 0:00:00.090108
 - Worker 1 (1 tests) => 0:00:00.087789
 - Worker 2 (1 tests) => 0:00:00.107582
