[INFO] Scanning for projects...
[INFO] 
[INFO] ----------------------< org.apache.bval:bval-jsr >----------------------
[INFO] Building Apache BVal :: Implementation 3.0.0-SNAPSHOT
[INFO]   from pom.xml
[INFO] --------------------------------[ jar ]---------------------------------
[INFO] 
[INFO] --- enforcer:3.1.0:enforce (enforce-maven-version) @ bval-jsr ---
[INFO] 
[INFO] --- enforcer:3.1.0:enforce (enforce-java-version) @ bval-jsr ---
[INFO] 
[INFO] --- enforcer:3.1.0:enforce (default) @ bval-jsr ---
[INFO] 
[INFO] --- buildnumber:1.4:create (default) @ bval-jsr ---
[INFO] ShortRevision tag detected. The value is '10'.
[INFO] Executing: /bin/sh -c cd '/bval/bval-jsr' && 'git' 'rev-parse' '--verify' '--short=10' 'HEAD'
[INFO] Working directory: /bval/bval-jsr
[INFO] Storing buildNumber: offline at timestamp: 1787577565870
[WARNING] Cannot get the branch information from the git repository: 
Detecting the current branch failed: fatal: not a git repository (or any of the parent directories): .git

[INFO] ShortRevision tag detected. The value is '10'.
[INFO] Executing: /bin/sh -c cd '/bval/bval-jsr' && 'git' 'rev-parse' '--verify' '--short=10' 'HEAD'
[INFO] Working directory: /bval/bval-jsr
[INFO] Storing buildScmBranch: UNKNOWN_BRANCH
[INFO] 
[INFO] --- jaxb2:3.1.0:xjc (xjc) @ bval-jsr ---
[INFO] No changes detected in schema or binding files - skipping JAXB generation.
[INFO] 
[INFO] --- remote-resources:1.7.0:process (process-remote-resources) @ bval-jsr ---
[INFO] Preparing remote bundle org.apache:apache-jar-resource-bundle:1.4
[INFO] Copying 3 resources from 1 bundle.
[INFO] 
[INFO] --- remote-resources:1.7.0:process (process-resource-bundles) @ bval-jsr ---
[INFO] Preparing remote bundle org.apache:apache-jar-resource-bundle:1.4
[INFO] Copying 3 resources from 1 bundle.
[INFO] 
[INFO] --- resources:3.2.0:resources (default-resources) @ bval-jsr ---
[INFO] Using 'UTF-8' encoding to copy filtered resources.
[INFO] Using 'UTF-8' encoding to copy filtered properties files.
[INFO] Copying 10 resources
[INFO] Copying 8 resources to META-INF
[INFO] Copying 3 resources
[INFO] Copying 3 resources
[INFO] The encoding used to copy filtered properties files have not been set. This means that the same encoding will be used to copy filtered properties files as when copying other filtered resources. This might not be what you want! Run your build with --debug to see which files might be affected. Read more at https://maven.apache.org/plugins/maven-resources-plugin/examples/filtering-properties-files.html
[INFO] 
[INFO] --- compiler:3.10.1:compile (default-compile) @ bval-jsr ---
[INFO] Nothing to compile - all classes are up to date
[INFO] 
[INFO] --- antrun:3.1.0:run (set version info) @ bval-jsr ---
[INFO] Executing tasks
[WARNING]      [echo] Version: 3.0.0-SNAPSHOT
[WARNING]      [echo] Date: 1787577565870
[INFO] Executed tasks
[INFO] 
[INFO] --- resources:3.2.0:testResources (default-testResources) @ bval-jsr ---
[INFO] Using 'UTF-8' encoding to copy filtered resources.
[INFO] Using 'UTF-8' encoding to copy filtered properties files.
[INFO] Copying 8 resources
[INFO] Copying 3 resources
[INFO] Copying 3 resources
[INFO] 
[INFO] --- compiler:3.10.1:testCompile (default-testCompile) @ bval-jsr ---
[INFO] Nothing to compile - all classes are up to date
[INFO] 
[INFO] --- surefire:3.0.0-M7:test (default-test) @ bval-jsr ---
[INFO] Using auto detected provider org.apache.maven.surefire.junit4.JUnit4Provider
[INFO] 
[INFO] -------------------------------------------------------
[INFO]  T E S T S
[INFO] -------------------------------------------------------
[INFO] Running org.apache.bval.jsr.DefaultMessageInterpolatorTest
[WARNING] Tests run: 44, Failures: 0, Errors: 0, Skipped: 12, Time elapsed: 27.789 s - in org.apache.bval.jsr.DefaultMessageInterpolatorTest
[INFO] Running org.apache.bval.jsr.xml.ValidationParserTest
[INFO] Tests run: 8, Failures: 0, Errors: 0, Skipped: 0, Time elapsed: 6.447 s - in org.apache.bval.jsr.xml.ValidationParserTest
[INFO] Running org.apache.bval.jsr.ContextConstraintValidatorFactoryTest
[INFO] Tests run: 1, Failures: 0, Errors: 0, Skipped: 0, Time elapsed: 0.001 s - in org.apache.bval.jsr.ContextConstraintValidatorFactoryTest
[INFO] Running org.apache.bval.jsr.PayloadTest
Aug 24, 2026 1:20:19 PM jakarta.persistence.spi.PersistenceProviderResolverHolder$DefaultPersistenceProviderResolver log
WARNING: jakarta.persistence.spi::No valid providers found.
[INFO] Tests run: 1, Failures: 0, Errors: 0, Skipped: 0, Time elapsed: 0.247 s - in org.apache.bval.jsr.PayloadTest
[INFO] Running org.apache.bval.jsr.issues.BVAL174Test
[INFO] Tests run: 1, Failures: 0, Errors: 0, Skipped: 0, Time elapsed: 0 s - in org.apache.bval.jsr.issues.BVAL174Test
[INFO] Running org.apache.bval.jsr.util.LookBehindRegexHolderTest
[INFO] Tests run: 2, Failures: 0, Errors: 0, Skipped: 0, Time elapsed: 0 s - in org.apache.bval.jsr.util.LookBehindRegexHolderTest
[INFO] Running org.apache.bval.jsr.util.PathImplTest
[INFO] Tests run: 11, Failures: 0, Errors: 0, Skipped: 0, Time elapsed: 0 s - in org.apache.bval.jsr.util.PathImplTest
[INFO] Running org.apache.bval.jsr.LiskovTest
[INFO] Tests run: 1, Failures: 0, Errors: 0, Skipped: 0, Time elapsed: 0.002 s - in org.apache.bval.jsr.LiskovTest
[INFO] Running org.apache.bval.jsr.BootstrapTest
[INFO] Tests run: 7, Failures: 0, Errors: 0, Skipped: 0, Time elapsed: 0.043 s - in org.apache.bval.jsr.BootstrapTest
[INFO] Running org.apache.bval.jsr.ConstraintDefinitionsTest
[INFO] Tests run: 8, Failures: 0, Errors: 0, Skipped: 0, Time elapsed: 0.016 s - in org.apache.bval.jsr.ConstraintDefinitionsTest
[INFO] Running org.apache.bval.jsr.Jsr303Test
[WARNING] Tests run: 12, Failures: 0, Errors: 0, Skipped: 1, Time elapsed: 0.001 s - in org.apache.bval.jsr.Jsr303Test
[INFO] Running org.apache.bval.jsr.CircularReferencesTest
[INFO] Tests run: 2, Failures: 0, Errors: 0, Skipped: 0, Time elapsed: 0 s - in org.apache.bval.jsr.CircularReferencesTest
[INFO] Running org.apache.bval.jsr.ExceptionsContractTest
[INFO] Tests run: 16, Failures: 0, Errors: 0, Skipped: 0, Time elapsed: 0.001 s - in org.apache.bval.jsr.ExceptionsContractTest
[INFO] Running org.apache.bval.jsr.extensions.MethodValidatorImplTest
[WARNING] Tests run: 10, Failures: 0, Errors: 0, Skipped: 1, Time elapsed: 0.001 s - in org.apache.bval.jsr.extensions.MethodValidatorImplTest
[INFO] Running org.apache.bval.jsr.ConstraintCompositionTest
[INFO] Tests run: 6, Failures: 0, Errors: 0, Skipped: 0, Time elapsed: 0.001 s - in org.apache.bval.jsr.ConstraintCompositionTest
[INFO] Running org.apache.bval.jsr.CustomConstraintValidatorFactoryTest
[INFO] Tests run: 1, Failures: 0, Errors: 0, Skipped: 0, Time elapsed: 0 s - in org.apache.bval.jsr.CustomConstraintValidatorFactoryTest
[INFO] Running org.apache.bval.jsr.ValidationTest
[WARNING] Tests run: 26, Failures: 0, Errors: 0, Skipped: 1, Time elapsed: 0 s - in org.apache.bval.jsr.ValidationTest
[INFO] Running org.apache.bval.jsr.metadata.ContainerElementKeyTest
[INFO] Tests run: 4, Failures: 0, Errors: 0, Skipped: 0, Time elapsed: 0.001 s - in org.apache.bval.jsr.metadata.ContainerElementKeyTest
[INFO] Running org.apache.bval.jsr.BeanDescriptorTest
[INFO] Tests run: 7, Failures: 0, Errors: 0, Skipped: 0, Time elapsed: 0 s - in org.apache.bval.jsr.BeanDescriptorTest
[INFO] Running org.apache.bval.jsr.ComposedConstraintsTest
[INFO] Tests run: 3, Failures: 0, Errors: 0, Skipped: 0, Time elapsed: 0 s - in org.apache.bval.jsr.ComposedConstraintsTest
[INFO] Running org.apache.bval.jsr.groups.GroupValidationTest
[INFO] Tests run: 3, Failures: 0, Errors: 0, Skipped: 0, Time elapsed: 0 s - in org.apache.bval.jsr.groups.GroupValidationTest
[INFO] Running org.apache.bval.jsr.groups.inheritance.GroupInheritanceTest
[INFO] Tests run: 1, Failures: 0, Errors: 0, Skipped: 0, Time elapsed: 0 s - in org.apache.bval.jsr.groups.inheritance.GroupInheritanceTest
[INFO] Running org.apache.bval.jsr.groups.implicit.ImplicitGroupingTest
[INFO] Tests run: 1, Failures: 0, Errors: 0, Skipped: 0, Time elapsed: 0 s - in org.apache.bval.jsr.groups.implicit.ImplicitGroupingTest
[INFO] Running org.apache.bval.jsr.groups.GroupsComputerTest
[INFO] Tests run: 7, Failures: 0, Errors: 0, Skipped: 0, Time elapsed: 0 s - in org.apache.bval.jsr.groups.GroupsComputerTest
[INFO] Running org.apache.bval.jsr.groups.CollectionValidationTest
[INFO] Tests run: 3, Failures: 0, Errors: 0, Skipped: 0, Time elapsed: 0 s - in org.apache.bval.jsr.groups.CollectionValidationTest
[INFO] Running org.apache.bval.jsr.groups.DefaultGroupSequenceTest
[INFO] Tests run: 2, Failures: 0, Errors: 0, Skipped: 0, Time elapsed: 0 s - in org.apache.bval.jsr.groups.DefaultGroupSequenceTest
[INFO] Running org.apache.bval.jsr.groups.GroupSequenceIsolationTest
[INFO] Tests run: 2, Failures: 0, Errors: 0, Skipped: 0, Time elapsed: 0 s - in org.apache.bval.jsr.groups.GroupSequenceIsolationTest
[INFO] Running org.apache.bval.jsr.groups.redefining.RedefiningDefaultGroupTest
[INFO] Tests run: 4, Failures: 0, Errors: 0, Skipped: 0, Time elapsed: 0 s - in org.apache.bval.jsr.groups.redefining.RedefiningDefaultGroupTest
[INFO] Running org.apache.bval.jsr.groups.GroupSequenceTest
[INFO] Tests run: 7, Failures: 0, Errors: 0, Skipped: 0, Time elapsed: 0 s - in org.apache.bval.jsr.groups.GroupSequenceTest
[INFO] Running org.apache.bval.jsr.ValidatorResolutionTest
[INFO] Tests run: 1, Failures: 0, Errors: 0, Skipped: 0, Time elapsed: 0 s - in org.apache.bval.jsr.ValidatorResolutionTest
[INFO] Running org.apache.bval.jsr.CustomValidatorFactoryTest
[INFO] Tests run: 5, Failures: 0, Errors: 0, Skipped: 0, Time elapsed: 0.001 s - in org.apache.bval.jsr.CustomValidatorFactoryTest
[INFO] Running org.apache.bval.jsr.FooTest
got errors:
[INFO] Tests run: 1, Failures: 0, Errors: 0, Skipped: 0, Time elapsed: 0.001 s - in org.apache.bval.jsr.FooTest
[INFO] Running org.apache.bval.constraints.NullValidatorTest
[INFO] Tests run: 1, Failures: 0, Errors: 0, Skipped: 0, Time elapsed: 0.001 s - in org.apache.bval.constraints.NullValidatorTest
[INFO] Running org.apache.bval.constraints.EmailValidatorTest
[INFO] Tests run: 2, Failures: 0, Errors: 0, Skipped: 0, Time elapsed: 0.001 s - in org.apache.bval.constraints.EmailValidatorTest
[INFO] Running org.apache.bval.constraints.NotNullValidatorTest
[INFO] Tests run: 1, Failures: 0, Errors: 0, Skipped: 0, Time elapsed: 0.001 s - in org.apache.bval.constraints.NotNullValidatorTest
[INFO] Running org.apache.bval.constraints.AssertTrueValidatorTest
[INFO] Tests run: 1, Failures: 0, Errors: 0, Skipped: 0, Time elapsed: 0.001 s - in org.apache.bval.constraints.AssertTrueValidatorTest
[INFO] Running org.apache.bval.constraints.DigitsValidatorTest
[INFO] Tests run: 4, Failures: 0, Errors: 0, Skipped: 0, Time elapsed: 0.001 s - in org.apache.bval.constraints.DigitsValidatorTest
[INFO] Running org.apache.bval.constraints.AssertFalseValidatorTest
[INFO] Tests run: 1, Failures: 0, Errors: 0, Skipped: 0, Time elapsed: 0.001 s - in org.apache.bval.constraints.AssertFalseValidatorTest
[INFO] Running org.apache.bval.constraints.MinMaxValidatorsForNumberTest
[INFO] Tests run: 2, Failures: 0, Errors: 0, Skipped: 0, Time elapsed: 0 s - in org.apache.bval.constraints.MinMaxValidatorsForNumberTest
[INFO] Running org.apache.bval.constraints.DecimalMinMaxValidatorsTest
[INFO] Tests run: 2, Failures: 0, Errors: 0, Skipped: 0, Time elapsed: 0.055 s - in org.apache.bval.constraints.DecimalMinMaxValidatorsTest
[INFO] 
[INFO] Results:
[INFO] 
[WARNING] Tests run: 222, Failures: 0, Errors: 0, Skipped: 15
[INFO] 
[INFO] ------------------------------------------------------------------------
[INFO] BUILD SUCCESS
[INFO] ------------------------------------------------------------------------
[INFO] Total time:  01:01 min
[INFO] Finished at: 2026-08-24T13:20:20Z
[INFO] ------------------------------------------------------------------------
[WARNING] 
[WARNING] Plugin validation issues were detected in 7 plugin(s)
[WARNING] 
[WARNING]  * org.apache.maven.plugins:maven-site-plugin:3.12.0
[WARNING]  * org.apache.maven.plugins:maven-resources-plugin:3.2.0
[WARNING]  * org.apache.maven.plugins:maven-compiler-plugin:3.10.1
[WARNING]  * org.apache.maven.plugins:maven-enforcer-plugin:3.1.0
[WARNING]  * org.codehaus.mojo:buildnumber-maven-plugin:1.4
[WARNING]  * org.apache.maven.plugins:maven-remote-resources-plugin:1.7.0
[WARNING]  * org.apache.maven.plugins:maven-surefire-plugin:3.0.0-M7
[WARNING] 
[WARNING] For more or less details, use 'maven.plugin.validation' property with one of the values (case insensitive): [BRIEF, DEFAULT, VERBOSE]
[WARNING] 
