[INFO] Scanning for projects...
[INFO] 
[INFO] -------< com.github.volodya-lombrozo:conventional-commit-linter >-------
[INFO] Building com.github.volodya-lombrozo:conventional-commit-linter 0.0.6
[INFO]   from pom.xml
[INFO] ----------------------------[ maven-plugin ]----------------------------
[WARNING] Parameter 'encoding' is unknown for plugin 'maven-checkstyle-plugin:3.3.0:check (default-cli)'
[INFO] 
[INFO] --- clean:3.2.0:clean (default-clean) @ conventional-commit-linter ---
[INFO] Deleting /tmp/marshal-checkstyle-ccl-20260824/target
[INFO] 
[INFO] --- checkstyle:3.3.0:check (default-cli) @ conventional-commit-linter ---
[INFO] Starting audit...
Audit done.
[INFO] You have 0 Checkstyle violations.
[INFO] ------------------------------------------------------------------------
[INFO] BUILD SUCCESS
[INFO] ------------------------------------------------------------------------
[INFO] Total time:  2.760 s
[INFO] Finished at: 2026-08-24T21:17:52+08:00
[INFO] ------------------------------------------------------------------------
