2026-08-27 03:51:00.519 3597353 INFO migrate.versioning.api [-] 0 -> 1... [00m
2026-08-27 03:51:00.523 3597352 INFO migrate.versioning.api [-] 0 -> 1... [00m
2026-08-27 03:51:00.524 3597353 INFO migrate.versioning.api [-] done[00m
2026-08-27 03:51:00.524 3597353 INFO migrate.versioning.api [-] 1 -> 2... [00m
2026-08-27 03:51:00.524 3597354 INFO migrate.versioning.api [-] 0 -> 1... [00m
2026-08-27 03:51:00.527 3597352 INFO migrate.versioning.api [-] done[00m
2026-08-27 03:51:00.527 3597352 INFO migrate.versioning.api [-] 1 -> 2... [00m
2026-08-27 03:51:00.531 3597353 INFO migrate.versioning.api [-] done[00m
2026-08-27 03:51:00.531 3597353 INFO migrate.versioning.api [-] 2 -> 3... [00m
2026-08-27 03:51:00.534 3597352 INFO migrate.versioning.api [-] done[00m
2026-08-27 03:51:00.534 3597352 INFO migrate.versioning.api [-] 2 -> 3... [00m
2026-08-27 03:51:00.529 3597354 INFO migrate.versioning.api [-] done[00m
2026-08-27 03:51:00.529 3597354 INFO migrate.versioning.api [-] 1 -> 2... [00m
2026-08-27 03:51:00.536 3597354 INFO migrate.versioning.api [-] done[00m
2026-08-27 03:51:00.536 3597354 INFO migrate.versioning.api [-] 2 -> 3... [00m
2026-08-27 03:51:00.549 3597353 INFO migrate.versioning.api [-] done[00m
2026-08-27 03:51:00.549 3597353 INFO migrate.versioning.api [-] 3 -> 4... [00m
2026-08-27 03:51:00.552 3597352 INFO migrate.versioning.api [-] done[00m
2026-08-27 03:51:00.552 3597352 INFO migrate.versioning.api [-] 3 -> 4... [00m
2026-08-27 03:51:00.553 3597353 INFO migrate.versioning.api [-] done[00m
2026-08-27 03:51:00.553 3597353 INFO migrate.versioning.api [-] 4 -> 5... [00m
2026-08-27 03:51:00.555 3597352 INFO migrate.versioning.api [-] done[00m
2026-08-27 03:51:00.555 3597352 INFO migrate.versioning.api [-] 4 -> 5... [00m
2026-08-27 03:51:00.555 3597354 INFO migrate.versioning.api [-] done[00m
2026-08-27 03:51:00.555 3597354 INFO migrate.versioning.api [-] 3 -> 4... [00m
2026-08-27 03:51:00.558 3597354 INFO migrate.versioning.api [-] done[00m
2026-08-27 03:51:00.558 3597354 INFO migrate.versioning.api [-] 4 -> 5... [00m
2026-08-27 03:51:00.565 3597353 INFO migrate.versioning.api [-] done[00m
2026-08-27 03:51:00.565 3597353 INFO migrate.versioning.api [-] 5 -> 6... [00m
2026-08-27 03:51:00.566 3597353 INFO masakari.engine.driver [-] Loading masakari notification driver 'taskflow_driver'[00m
2026-08-27 03:51:00.567 3597353 INFO migrate.versioning.api [-] done[00m
2026-08-27 03:51:00.567 3597353 INFO migrate.versioning.api [-] 6 -> 7... [00m
2026-08-27 03:51:00.573 3597353 INFO migrate.versioning.api [-] done[00m
2026-08-27 03:51:00.596 3597353 INFO masakari.db.sqlalchemy.api [req-537f5be3-4616-4c7e-9f1a-989d174fc4e1 - - - - -] Purging deleted rows older than 60 day(s) from table notifications[00m
2026-08-27 03:51:00.597 3597353 INFO masakari.db.sqlalchemy.api [req-537f5be3-4616-4c7e-9f1a-989d174fc4e1 - - - - -] Deleted 2 row(s) from table notifications[00m
2026-08-27 03:51:00.597 3597353 INFO masakari.db.sqlalchemy.api [req-537f5be3-4616-4c7e-9f1a-989d174fc4e1 - - - - -] Purging deleted rows older than 60 day(s) from table hosts[00m
2026-08-27 03:51:00.598 3597353 INFO masakari.db.sqlalchemy.api [req-537f5be3-4616-4c7e-9f1a-989d174fc4e1 - - - - -] Deleted 1 row(s) from table hosts[00m
2026-08-27 03:51:00.598 3597353 INFO masakari.db.sqlalchemy.api [req-537f5be3-4616-4c7e-9f1a-989d174fc4e1 - - - - -] Total deleted rows are 3[00m
{1} masakari.tests.unit.db.test_purge.PurgeDeletedTest.test_purge_maximum_rows_partial_deleted_records [0.111065s] ... ok
2026-08-27 03:51:00.567 3597352 INFO migrate.versioning.api [-] done[00m
2026-08-27 03:51:00.567 3597352 INFO migrate.versioning.api [-] 5 -> 6... [00m
2026-08-27 03:51:00.568 3597352 INFO masakari.engine.driver [-] Loading masakari notification driver 'taskflow_driver'[00m
2026-08-27 03:51:00.569 3597352 INFO migrate.versioning.api [-] done[00m
2026-08-27 03:51:00.569 3597352 INFO migrate.versioning.api [-] 6 -> 7... [00m
2026-08-27 03:51:00.574 3597352 INFO migrate.versioning.api [-] done[00m
2026-08-27 03:51:00.598 3597352 INFO masakari.db.sqlalchemy.api [req-581d48f0-f0ed-4a88-ba42-302f60ee1a4f - - - - -] Purging deleted rows older than 20 day(s) from table notifications[00m
2026-08-27 03:51:00.599 3597352 INFO masakari.db.sqlalchemy.api [req-581d48f0-f0ed-4a88-ba42-302f60ee1a4f - - - - -] Deleted 4 row(s) from table notifications[00m
2026-08-27 03:51:00.599 3597352 INFO masakari.db.sqlalchemy.api [req-581d48f0-f0ed-4a88-ba42-302f60ee1a4f - - - - -] Purging deleted rows older than 20 day(s) from table hosts[00m
2026-08-27 03:51:00.600 3597352 INFO masakari.db.sqlalchemy.api [req-581d48f0-f0ed-4a88-ba42-302f60ee1a4f - - - - -] Deleted 4 row(s) from table hosts[00m
2026-08-27 03:51:00.600 3597352 INFO masakari.db.sqlalchemy.api [req-581d48f0-f0ed-4a88-ba42-302f60ee1a4f - - - - -] Purging deleted rows older than 20 day(s) from table failover_segments[00m
2026-08-27 03:51:00.601 3597352 INFO masakari.db.sqlalchemy.api [req-581d48f0-f0ed-4a88-ba42-302f60ee1a4f - - - - -] Deleted 4 row(s) from table failover_segments[00m
2026-08-27 03:51:00.601 3597352 INFO masakari.db.sqlalchemy.api [req-581d48f0-f0ed-4a88-ba42-302f60ee1a4f - - - - -] Total deleted rows are 12[00m
{0} masakari.tests.unit.db.test_purge.PurgeDeletedTest.test_purge_all_deleted_rows [0.109963s] ... ok
2026-08-27 03:51:00.570 3597354 INFO migrate.versioning.api [-] done[00m
2026-08-27 03:51:00.570 3597354 INFO migrate.versioning.api [-] 5 -> 6... [00m
2026-08-27 03:51:00.571 3597354 INFO masakari.engine.driver [-] Loading masakari notification driver 'taskflow_driver'[00m
2026-08-27 03:51:00.572 3597354 INFO migrate.versioning.api [-] done[00m
2026-08-27 03:51:00.573 3597354 INFO migrate.versioning.api [-] 6 -> 7... [00m
2026-08-27 03:51:00.578 3597354 INFO migrate.versioning.api [-] done[00m
2026-08-27 03:51:00.601 3597354 INFO masakari.db.sqlalchemy.api [req-3a30085a-bdcb-4bee-8259-f5474ee83faf - - - - -] Purging deleted rows older than 30 day(s) from table notifications[00m
2026-08-27 03:51:00.602 3597354 INFO masakari.db.sqlalchemy.api [req-3a30085a-bdcb-4bee-8259-f5474ee83faf - - - - -] Deleted 2 row(s) from table notifications[00m
2026-08-27 03:51:00.602 3597354 INFO masakari.db.sqlalchemy.api [req-3a30085a-bdcb-4bee-8259-f5474ee83faf - - - - -] Purging deleted rows older than 30 day(s) from table hosts[00m
2026-08-27 03:51:00.603 3597354 INFO masakari.db.sqlalchemy.api [req-3a30085a-bdcb-4bee-8259-f5474ee83faf - - - - -] Deleted 2 row(s) from table hosts[00m
2026-08-27 03:51:00.603 3597354 INFO masakari.db.sqlalchemy.api [req-3a30085a-bdcb-4bee-8259-f5474ee83faf - - - - -] Purging deleted rows older than 30 day(s) from table failover_segments[00m
2026-08-27 03:51:00.604 3597354 INFO masakari.db.sqlalchemy.api [req-3a30085a-bdcb-4bee-8259-f5474ee83faf - - - - -] Deleted 2 row(s) from table failover_segments[00m
2026-08-27 03:51:00.604 3597354 INFO masakari.db.sqlalchemy.api [req-3a30085a-bdcb-4bee-8259-f5474ee83faf - - - - -] Total deleted rows are 6[00m
{2} masakari.tests.unit.db.test_purge.PurgeDeletedTest.test_purge_deleted_rows_old [0.111972s] ... ok
[93mReadline features including tab completion have been disabled because
no supported version of readline was found. To resolve this, install
pyreadline on Windows or gnureadline on Mac.

[39m
======
Totals
======
Ran: 3 tests in 0.1168 sec.
 - Passed: 3
 - Skipped: 0
 - Expected Fail: 0
 - Unexpected Success: 0
 - Failed: 0
Sum of execute time for each test: 0.3330 sec.

==============
Worker Balance
==============
 - Worker 0 (1 tests) => 0:00:00.109963
 - Worker 1 (1 tests) => 0:00:00.111065
 - Worker 2 (1 tests) => 0:00:00.111972
