[2026-08-25T04:02:01,522][INFO ][o.s.t.c.s.AbstractContextLoader] Detected default resource location "classpath:com/javaetmoi/core/batch/test/TestParallelAndPartitioning-context.xml" for test class [com.javaetmoi.core.batch.test.TestParallelAndPartitioning]
[2026-08-25T04:02:01,526][INFO ][o.s.t.c.s.AbstractDelegatingSmartContextLoader] GenericXmlContextLoader detected default locations for context configuration [ContextConfigurationAttributes@48d61b48 declaringClass = 'com.javaetmoi.core.batch.test.TestParallelAndPartitioning', classes = '{}', locations = '{classpath:com/javaetmoi/core/batch/test/TestParallelAndPartitioning-context.xml}', inheritLocations = true, initializers = '{}', inheritInitializers = true, name = [null], contextLoaderClass = 'org.springframework.test.context.ContextLoader'].
[2026-08-25T04:02:01,527][INFO ][o.s.t.c.s.AnnotationConfigContextLoaderUtils] Could not detect default configuration classes for test class [com.javaetmoi.core.batch.test.TestParallelAndPartitioning]: TestParallelAndPartitioning does not declare any static, non-private, non-final, nested classes annotated with @Configuration.
[2026-08-25T04:02:01,528][INFO ][o.s.t.c.s.AbstractContextLoader] Detected default resource location "classpath:com/javaetmoi/core/batch/test/AbstractSpringBatchTest-context.xml" for test class [com.javaetmoi.core.batch.test.AbstractSpringBatchTest]
[2026-08-25T04:02:01,528][INFO ][o.s.t.c.s.AbstractDelegatingSmartContextLoader] GenericXmlContextLoader detected default locations for context configuration [ContextConfigurationAttributes@3e74829 declaringClass = 'com.javaetmoi.core.batch.test.AbstractSpringBatchTest', classes = '{}', locations = '{classpath:com/javaetmoi/core/batch/test/AbstractSpringBatchTest-context.xml}', inheritLocations = true, initializers = '{}', inheritInitializers = true, name = [null], contextLoaderClass = 'org.springframework.test.context.ContextLoader'].
[2026-08-25T04:02:01,528][INFO ][o.s.t.c.s.AnnotationConfigContextLoaderUtils] Could not detect default configuration classes for test class [com.javaetmoi.core.batch.test.AbstractSpringBatchTest]: AbstractSpringBatchTest does not declare any static, non-private, non-final, nested classes annotated with @Configuration.
[2026-08-25T04:02:01,548][INFO ][o.s.t.c.s.DefaultTestContextBootstrapper] Loaded default TestExecutionListener class names from location [META-INF/spring.factories]: [org.springframework.test.context.web.ServletTestExecutionListener, org.springframework.test.context.support.DirtiesContextBeforeModesTestExecutionListener, org.springframework.test.context.event.ApplicationEventsTestExecutionListener, org.springframework.test.context.support.DependencyInjectionTestExecutionListener, org.springframework.test.context.support.DirtiesContextTestExecutionListener, org.springframework.test.context.transaction.TransactionalTestExecutionListener, org.springframework.test.context.jdbc.SqlScriptsTestExecutionListener, org.springframework.test.context.event.EventPublishingTestExecutionListener]
[2026-08-25T04:02:01,556][INFO ][o.s.t.c.s.DefaultTestContextBootstrapper] Using TestExecutionListeners: [org.springframework.test.context.support.DirtiesContextBeforeModesTestExecutionListener@2fd953a6, org.springframework.test.context.event.ApplicationEventsTestExecutionListener@a4add54, org.springframework.test.context.support.DependencyInjectionTestExecutionListener@141e5bef, org.springframework.test.context.support.DirtiesContextTestExecutionListener@5f9be66c, org.springframework.test.context.transaction.TransactionalTestExecutionListener@3abada5a, org.springframework.test.context.jdbc.SqlScriptsTestExecutionListener@66c61024, org.springframework.test.context.event.EventPublishingTestExecutionListener@61fe30]
[2026-08-25T04:02:01,921][INFO ][o.s.j.d.e.EmbeddedDatabaseFactory] Starting embedded database: url='jdbc:h2:mem:dataSource;DB_CLOSE_DELAY=-1;DB_CLOSE_ON_EXIT=false', username='sa'
[2026-08-25T04:02:02,119][INFO ][o.s.b.c.r.s.JobRepositoryFactoryBean] No database type set, using meta data indicating: H2
[2026-08-25T04:02:02,283][INFO ][o.s.b.c.l.s.SimpleJobLauncher] No TaskExecutor has been set, defaulting to synchronous executor.
[2026-08-25T04:02:02,552][INFO ][o.s.b.c.l.s.SimpleJobLauncher] Job: [FlowJob: [name=parallelAndPartitioningJob]] launched with the following parameters: [{random=326288}]
[2026-08-25T04:02:02,587][INFO ][o.s.b.c.j.SimpleStepHandler] Executing step: [stepLogMovie]
[2026-08-25T04:02:02,587][INFO ][o.s.b.c.j.SimpleStepHandler] Executing step: [stepLogMusicAlbum]
[2026-08-25T04:02:02,635][INFO ][c.j.c.b.w.ConsoleItemWriter] com.javaetmoi.core.batch.test.Movie@342561c[realisator=George Lucas,actors=Mark Hamill, Harrison Ford, Carrie Fisher,id=2,name=Star Wars: Episode IV - A New Hope!,year=1977]
[2026-08-25T04:02:02,635][INFO ][c.j.c.b.w.ConsoleItemWriter] com.javaetmoi.core.batch.test.Movie@13b9222b[realisator=Richard Marquand,actors=Mark Hamill, Harrison Ford, Carrie Fisher,id=6,name=Star Wars : Episode VI - Return of the Jedi,year=1983]
[2026-08-25T04:02:02,639][INFO ][c.j.c.b.w.ConsoleItemWriter] com.javaetmoi.core.batch.test.Movie@5981e64b[realisator=Paul Verhoeven,actors=Arnold Schwarzenegger, Sharon Stone,id=7,name=Total Recal,year=1990]
[2026-08-25T04:02:02,640][INFO ][c.j.c.b.w.ConsoleItemWriter] com.javaetmoi.core.batch.test.Movie@3733f2a[realisator=James Cameron,actors=Arnold Schwarzenegger,id=11,name=Terminator 2 : Judgement Day,year=1991]
[2026-08-25T04:02:02,653][INFO ][c.j.c.b.w.ConsoleItemWriter] com.javaetmoi.core.batch.test.Movie@3db2c58[realisator=Quentin Tarantino,actors=John Travolta, Samuel L. Jackson, Uma Thurman,id=12,name=Pulp Fiction,year=1994]
[2026-08-25T04:02:02,654][INFO ][c.j.c.b.w.ConsoleItemWriter] com.javaetmoi.core.batch.test.Movie@19cbc966[realisator=Peter Jackson,actors=Elijah Wood, Sean Astin,id=15,name=The Lord of the Rings: The Return of the King,year=2003]
[2026-08-25T04:02:02,658][INFO ][c.j.c.b.w.ConsoleItemWriter] com.javaetmoi.core.batch.test.Movie@49a85c42[realisator=Christopher Nolan,actors=Leonardo DiCaprio, Marion Cotillard,id=17,name=Inception,year=2010]
[2026-08-25T04:02:02,658][INFO ][c.j.c.b.w.ConsoleItemWriter] com.javaetmoi.core.batch.test.Movie@eef3ce8[realisator=Christopher Nolan,actors=Christian Bale, Gary Oldman,id=18,name=The Dark Knight Rises,year=2012]
[2026-08-25T04:02:02,691][INFO ][c.j.c.b.w.ConsoleItemWriter] com.javaetmoi.core.batch.test.MusicAlbum@44471584[band=The Beatles,id=1,name=Help!,year=1965]
[2026-08-25T04:02:02,691][INFO ][c.j.c.b.w.ConsoleItemWriter] com.javaetmoi.core.batch.test.MusicAlbum@61e672e8[band=The Police,id=3,name=Outlandos d'Amour!,year=1978]
[2026-08-25T04:02:02,694][INFO ][c.j.c.b.w.ConsoleItemWriter] com.javaetmoi.core.batch.test.MusicAlbum@383403e6[band=Pink Floyd,id=4,name=The Wall,year=1979]
[2026-08-25T04:02:02,694][INFO ][c.j.c.b.w.ConsoleItemWriter] com.javaetmoi.core.batch.test.MusicAlbum@6a17473a[band=U2,id=5,name=War,year=1983]
[2026-08-25T04:02:02,695][INFO ][c.j.c.b.w.ConsoleItemWriter] com.javaetmoi.core.batch.test.MusicAlbum@1cbe5fa9[band=Metallica,id=10,name=Black Album,year=1991]
[2026-08-25T04:02:02,696][INFO ][c.j.c.b.w.ConsoleItemWriter] com.javaetmoi.core.batch.test.MusicAlbum@2a5cee24[band=Radiohead,id=13,name=OK Computer,year=1997]
[2026-08-25T04:02:02,698][INFO ][c.j.c.b.w.ConsoleItemWriter] com.javaetmoi.core.batch.test.MusicAlbum@fb99f1b[band=U2,id=8,name=Achtung Baby,year=1991]
[2026-08-25T04:02:02,698][INFO ][c.j.c.b.w.ConsoleItemWriter] com.javaetmoi.core.batch.test.MusicAlbum@4f51ab42[band=Nirvana,id=9,name=Nevermind,year=1991]
[2026-08-25T04:02:02,701][INFO ][c.j.c.b.w.ConsoleItemWriter] com.javaetmoi.core.batch.test.MusicAlbum@11fe7333[band=Muse,id=14,name=Showbiz,year=1999]
[2026-08-25T04:02:02,701][INFO ][c.j.c.b.w.ConsoleItemWriter] com.javaetmoi.core.batch.test.MusicAlbum@5c1e92e6[band=Muse,id=16,name=The Resistance,year=2009]
[2026-08-25T04:02:02,706][INFO ][c.j.c.b.w.ConsoleItemWriter] com.javaetmoi.core.batch.test.MusicAlbum@e7d4b5a[band=Saez,id=19,name=Messina,year=2012]
[2026-08-25T04:02:02,724][INFO ][o.s.b.c.j.SimpleStepHandler] Executing step: [stepEnd]
[2026-08-25T04:02:02,731][INFO ][c.j.c.b.t.EndTasklet     ] 19 masterpiece(s) have been processed
[2026-08-25T04:02:02,738][INFO ][o.s.b.c.l.s.SimpleJobLauncher] Job: [FlowJob: [name=parallelAndPartitioningJob]] completed with the following parameters: [{random=326288}] and the following status: [COMPLETED]
