Picked up JAVA_TOOL_OPTIONS: -Duser.home=/tmp/gradle-home/user-home

Welcome to Gradle 7.5.1!

Here are the highlights of this release:
 - Support for Java 18
 - Support for building with Groovy 4
 - Much more responsive continuous builds
 - Improved diagnostics for dependency resolution

For more details see https://docs.gradle.org/7.5.1/release-notes.html

To honour the JVM settings for this build a single-use Daemon process will be forked. See https://docs.gradle.org/7.5.1/userguide/gradle_daemon.html#sec:disabling_the_daemon.
Daemon will be stopped at the end of the build 

> Configure project :plugin-gradle
Signing plugin detected. Will automatically sign the published artifacts.

> Task :lib:compileJava
Note: Some input files use unchecked or unsafe operations.
Note: Recompile with -Xlint:unchecked for details.

> Task :lib:processResources
> Task :lib:classes
> Task :lib:compileDiktatJava
> Task :lib:processDiktatResources NO-SOURCE
> Task :lib:diktatClasses
> Task :lib:compileFlexmarkJava
> Task :lib:processFlexmarkResources NO-SOURCE
> Task :lib:flexmarkClasses
> Task :lib:compileKtfmtJava
> Task :lib:processKtfmtResources NO-SOURCE
> Task :lib:ktfmtClasses
> Task :lib:compileKtlintJava
> Task :lib:processKtlintResources NO-SOURCE
> Task :lib:ktlintClasses
> Task :lib:compilePalantirJavaFormatJava
> Task :lib:processPalantirJavaFormatResources NO-SOURCE
> Task :lib:palantirJavaFormatClasses
> Task :lib:compileScalafmtJava
> Task :lib:processScalafmtResources NO-SOURCE
> Task :lib:scalafmtClasses
> Task :lib:compileSortPomJava
> Task :lib:processSortPomResources NO-SOURCE
> Task :lib:sortPomClasses
> Task :lib:jar
> Task :testlib:compileJava
> Task :testlib:processResources
> Task :testlib:classes
> Task :testlib:compileTestJava
> Task :testlib:processTestResources NO-SOURCE
> Task :testlib:testClasses

> Task :testlib:test

Picked up JAVA_TOOL_OPTIONS: -Duser.home=/tmp/gradle-home/user-home
[0K[1mcom.diffplug.spotless.EncodingErrorMsgTest[m

[0K[1m  Test [22mcanUseUnrepresentableOnPurpose()[32m PASSED[m
[0K[1m  Test [22mutf8asCP1252()[32m PASSED[m
[0K[1m  Test [22mcp1252asUtf8()[32m PASSED[m

[0K[1mcom.diffplug.spotless.FileSignatureTest[m

[0K[1m  Test [22mtestFromDirectory()[32m PASSED[m
[0K[1m  Test [22mtestFromSet()[32m PASSED[m
[0K[1m  Test [22mtestFromList()[32m PASSED[m
[0K[1m  Test [22mtestFromFilesAndDirectory()[32m PASSED[m
[0K[1m  Test [22mwindowsRoot()[33m SKIPPED[m
[0K[1m  Test [22mtestSubpath()[32m PASSED[m

[0K[1mcom.diffplug.spotless.FilterByFileFormatterStepTest[m

[0K[1m  Test [22mequality()[32m PASSED[m
[0K[1m  Test [22mbehavior()[32m PASSED[m

[0K[1mcom.diffplug.spotless.FormatterPropertiesTest[m

[0K[1m  Test [22minvalidPropertyFiles()[32m PASSED[m
[0K[1m  Test [22mmultiplePropertyFiles()[32m PASSED[m
[0K[1m  Test [22mnonExistingFile()[32m PASSED[m
[0K[1m  Test [22mdifferentPropertyFileTypes()[32m PASSED[m

[0K[1mcom.diffplug.spotless.FormatterTest[m

[0K[1m  Test [22mtoUnix()[32m PASSED[m
[0K[1m  Test [22mequality()[32m PASSED[m

[0K[1mcom.diffplug.spotless.JvmTest[m

[0K[1m  Test [22msupportProposesJvmUpgrade()[32m PASSED[m
[0K[1m  Test [22msupportEmptyConfiguration()[32m PASSED[m
[0K[1m  Test [22msupportAdd()[32m PASSED[m
[0K[1m  Test [22msupportProposesFormatterUpgrade()[32m PASSED[m
[0K[1m  Test [22msupportAllowsExperimentalVersions()[32m PASSED[m

[0K[1m  supportAddFailsFor(Consumer, String)[m

[0K[1m    Test [22m1 Non-semantic version[32m PASSED[m
[0K[1m    Test [22m2 Duplicated JVM version[32m PASSED[m
[0K[1m    Test [22m3 Duplicated formatter version[32m PASSED[m
[0K[1m    Test [22m4 Higher JVM for lower formatter version[32m PASSED[m
[0K[1m    Test [22m5 Lower JVM for higher formatter version[32m PASSED[m

[0K[1m  Test [22msupportListsMinimumJvmIfOnlyHigherJvmSupported()[32m PASSED[m

[0K[1mcom.diffplug.spotless.LazyForwardingEqualityTest[m

[0K[1m  Test [22mtestEquality()[32m PASSED[m

[0K[1mcom.diffplug.spotless.PaddedCellTest[m

[0K[1m  Test [22mdiverging()[32m PASSED[m
[0K[1m  Test [22mcycleOrder()[32m PASSED[m
[0K[1m  Test [22mpingPong()[32m PASSED[m
[0K[1m  Test [22mfourState()[32m PASSED[m
[0K[1m  Test [22mwellBehaved()[32m PASSED[m
[0K[1m  Test [22mconverging()[32m PASSED[m

[0K[1mcom.diffplug.spotless.ProvisionerTest[m

[0K[1m  Test [22mtestManipulation()[32m PASSED[m
WARNING: An illegal reflective access operation has occurred
WARNING: Illegal reflective access using Lookup on org.gradle.internal.classloader.ClassLoaderUtils$AbstractClassLoaderLookuper (file:/tmp/gradle-home/caches/7.5.1/generated-gradle-jars/gradle-api-7.5.1.jar) to class java.lang.ClassLoader
WARNING: Please consider reporting this to the maintainers of org.gradle.internal.classloader.ClassLoaderUtils$AbstractClassLoaderLookuper
WARNING: Use --illegal-access=warn to enable warnings of further illegal reflective access operations
WARNING: All illegal access operations will be denied in a future release

[0K[1mcom.diffplug.spotless.antlr4.Antlr4FormatterStepTest[m

[0K[1m  Test [22mformatGrammar()[32m PASSED[31m (7.1s)[m

[0K[1mcom.diffplug.spotless.cpp.CppDefaultsTest[m

[0K[1m  Test [22mtestDelimiterExpr()[32m PASSED[m

[0K[1mcom.diffplug.spotless.generic.EndWithNewlineStepTest[m

[0K[1m  Test [22mequality()[32m PASSED[m
[0K[1m  Test [22mbehavior()[32m PASSED[m

[0K[1mcom.diffplug.spotless.generic.IndentStepTest[m

[0K[1m  Test [22mspaceToSpace()[32m PASSED[m
[0K[1m  Test [22mtabToSpace()[32m PASSED[m
[0K[1m  Test [22mtabToTab()[32m PASSED[m
[0K[1m  Test [22mspaceToTab()[32m PASSED[m
[0K[1m  Test [22mequality()[32m PASSED[m
[0K[1m  Test [22mallowLeadingSpaceIfMultiLineComment()[32m PASSED[m
[0K[1m  Test [22mdoesntClipNewlines()[32m PASSED[m

[0K[1mcom.diffplug.spotless.generic.LicenseHeaderStepTest[m

[0K[1m  Test [22mshould_apply_license_containing_YEAR_token_with_custom_separator()[32m PASSED[m
[0K[1m  Test [22mparseExistingYear()[32m PASSED[m
[0K[1m  Test [22mupdateYearWithLatest()[32m PASSED[m
[0K[1m  Test [22mshould_apply_license_containing_YEAR_token_with_non_default_year_separator()[32m PASSED[m
[0K[1m  Test [22mshould_remove_header_when_empty()[32m PASSED[m
[0K[1m  Test [22mefficient()[32m PASSED[m
[0K[1m  Test [22mshould_update_year_for_license_with_address()[32m PASSED[m
[0K[1m  Test [22msanitizerDoesntGoTooFar()[32m PASSED[m
[0K[1m  Test [22mshould_apply_license_containing_YEAR_token_in_range()[32m PASSED[m
[0K[1m  Test [22mequality()[32m PASSED[m
[0K[1m  Test [22mshould_preserve_year_for_license_with_address()[32m PASSED[m
[0K[1m  Test [22mshould_apply_license_containing_YEAR_token_with_special_character_in_year_separator()[32m PASSED[m
[0K[1m  Test [22mshould_apply_license_containing_YEAR_token()[32m PASSED[m
[0K[1m  Test [22msanitized()[32m PASSED[m
[0K[1m  Test [22mfromHeader()[32m PASSED[m

[0K[1mcom.diffplug.spotless.generic.PipeStepPairTest[m

[0K[1m  Test [22mbroken()[32m PASSED[m
[0K[1m  Test [22mandApply()[32m PASSED[m
[0K[1m  Test [22msingle()[32m PASSED[m
[0K[1m  Test [22mmultiple()[32m PASSED[m

[0K[1mcom.diffplug.spotless.generic.TrimTrailingWhitespaceStepTest[m

[0K[1m  Test [22mtrimTrailingWhitespace()[32m PASSED[m
[0K[1m  Test [22mequality()[32m PASSED[m

[0K[1mcom.diffplug.spotless.java.GoogleJavaFormatStepTest[m

[0K[1m  Test [22mbehaviorWithAospStyle()[32m PASSED[31m (3.9s)[m
[0K[1m  Test [22mfixWindowsBugForGfj1Point1()[32m PASSED[m
[0K[1m  Test [22mbehaviorWithCustomGroupArtifact()[32m PASSED[m
[0K[1m  Test [22mjvm13Features()[33m SKIPPED[m
[0K[1m  Test [22mbehaviorWithReflowLongStrings()[32m PASSED[31m (6.1s)[m
[0K[1m  Test [22mbehavior18()[32m PASSED[31m (4.2s)[m
[0K[1m  Test [22mequalityGroupArtifact()[32m PASSED[31m (5.8s)[m
[0K[1m  Test [22mequality()[32m PASSED[31m (6.7s)[m
[0K[1m  Test [22mbehavior()[32m PASSED[m

[0K[1mcom.diffplug.spotless.java.ImportOrderStepTest[m

[0K[1m  Test [22msortImportsFromFile()[32m PASSED[m
[0K[1m  Test [22msortImportsWildcardsLast()[32m PASSED[m
[0K[1m  Test [22msortImportsDefault()[32m PASSED[m
[0K[1m  Test [22mmisplacedImports()[32m PASSED[m
[0K[1m  Test [22msortImportsUnmatched()[32m PASSED[m
[0K[1m  Test [22mremoveDuplicates()[32m PASSED[m
[0K[1m  Test [22mempty()[32m PASSED[m
[0K[1m  Test [22mdoesntThrowIfImportOrderIsntSerializable()[32m PASSED[m
[0K[1m  Test [22mequality()[32m PASSED[m
[0K[1m  Test [22mgroovyImports()[32m PASSED[m
[0K[1m  Test [22msortImportsFromArray()[32m PASSED[m
[0K[1m  Test [22mremoveComments()[32m PASSED[m

[0K[1mcom.diffplug.spotless.java.PalantirJavaFormatStepTest[m

[0K[1m  Test [22mbehavior2()[32m PASSED[31m (10.2s)[m
[0K[1m  Test [22mjvm13Features()[33m SKIPPED[m
[0K[1m  Test [22mequality()[32m PASSED[31m (17.1s)[m
[0K[1m  Test [22mbehavior()[32m PASSED[m

[0K[1mcom.diffplug.spotless.java.RemoveUnusedImportsStepTest[m

[0K[1m  Test [22mequality()[32m PASSED[m
[0K[1m  Test [22mbehavior()[32m PASSED[m

[0K[1mcom.diffplug.spotless.json.JsonSimpleStepTest[m

[0K[1m  Test [22mcanSetIndentationLevelTo0()[32m PASSED[m
[0K[1m  Test [22mhandlesEmptyFile()[32m PASSED[m
[0K[1m  Test [22mcannotProvideNullProvisioner()[32m PASSED[m
[0K[1m  Test [22mhandlesSingletonArray()[32m PASSED[m
[0K[1m  Test [22mequality()[32m PASSED[m
[0K[1m  Test [22mhandlesNestedObject()[32m PASSED[m
[0K[1m  Test [22mcanSetCustomIndentationLevel()[32m PASSED[m
[0K[1m  Test [22mhandlesSingletonObjectWithArray()[32m PASSED[m
[0K[1m  Test [22mhandlesNotJson()[32m PASSED[m
[0K[1m  Test [22mhandlesObjectWithNull()[32m PASSED[m
[0K[1m  Test [22mhandlesComplexNestedObject()[32m PASSED[m
[0K[1m  Test [22mhandlesSingletonObject()[32m PASSED[m
[0K[1m  Test [22mhandlesInvalidJson()[32m PASSED[m

[0K[1mcom.diffplug.spotless.json.gson.GsonStepTest[m

[0K[1m  Test [22mcanSetIndentationLevelTo0()[32m PASSED[33m (1.7s)[m
[0K[1m  Test [22mhandlesEmptyFile()[32m PASSED[m
[0K[1m  Test [22mcannotProvideNullProvisioner()[32m PASSED[m
[0K[1m  Test [22mhandlesSingletonArray()[32m PASSED[m
[0K[1m  Test [22mequality()[32m PASSED[m
[0K[1m  Test [22mhandlesNestedObject()[32m PASSED[m
[0K[1m  Test [22mcanSetCustomIndentationLevel()[32m PASSED[m
[0K[1m  Test [22mhandlesNotJson()[32m PASSED[m
[0K[1m  Test [22mhandlesHtmlEscapeWhenEnabled()[32m PASSED[m
[0K[1m  Test [22mhandlesObjectWithNull()[32m PASSED[m
[0K[1m  Test [22mhandlesComplexNestedObject()[32m PASSED[m
[0K[1m  Test [22mhandlesVersionIncompatibility()[32m PASSED[33m (1.7s)[m
[0K[1m  Test [22mwritesRawHtmlWhenHtmlEscapeDisabled()[32m PASSED[m
[0K[1m  Test [22mdoesNoSortingWhenSortByKeyDisabled()[32m PASSED[m
[0K[1m  Test [22mhandlesInvalidJson()[32m PASSED[m
[0K[1m  Test [22mhandlesSortingWhenSortByKeyEnabled()[32m PASSED[m

[0K[1mcom.diffplug.spotless.kotlin.DiktatStepTest[m

[0K[1m  Test [22mbehavior()[32m PASSED[31m (20.8s)[m
[0K[1m  Test [22mnotSupportedVersion()[32m PASSED[m
[0K[1m  Test [22mbehaviorConf()[32m PASSED[31m (5.2s)[m

[0K[1mcom.diffplug.spotless.kotlin.KtLintStepTest[m

[0K[1m  Test [22mworksPre0_46_1()[32m PASSED[31m (6.3s)[m
[0K[1m  Test [22mequality()[32m PASSED[31m (10.3s)[m
[0K[1m  Test [22mbehavior()[32m PASSED[m

[0K[1mcom.diffplug.spotless.kotlin.KtfmtStepTest[m

[0K[1m  Test [22mdropboxStyle_0_18()[33m SKIPPED[m
[0K[1m  Test [22mdropboxStyle_0_19()[33m SKIPPED[m
[0K[1m  Test [22mequality()[33m SKIPPED[m
[0K[1m  Test [22mbehavior()[33m SKIPPED[m

[0K[1mcom.diffplug.spotless.markdown.FlexmarkStepTest[m

[0K[1m  Test [22mbehavior()[32m PASSED[31m (12.4s)[m

[0K[1mcom.diffplug.spotless.markdown.FreshMarkStepTest[m

[0K[1m  Test [22mequality()[32m PASSED[31m (4.6s)[m
[0K[1m  Test [22mbehavior()[32m PASSED[m

[0K[1mcom.diffplug.spotless.npm.SimpleJsonWriterTest[m

[0K[1m  Test [22mitFailsOnUnsupportedObject()[32m PASSED[m
[0K[1m  Test [22mitWritesABooleanProperty()[32m PASSED[m
[0K[1m  Test [22mitWritesAValidEmptyObject()[32m PASSED[m
[0K[1m  Test [22mitHandlesSeveralOptionsSimultaneously()[32m PASSED[m
[0K[1m  Test [22mitWritesAnInteger()[32m PASSED[m
[0K[1m  Test [22mitWritesToFile()[32m PASSED[m
[0K[1m  Test [22mitWritesAStringProperty()[32m PASSED[m

[0K[1mcom.diffplug.spotless.pom.SortPomTest[m

[0K[1m  Test [22mtestSortPomWithDefaultConfig()[32m PASSED[31m (3.6s)[m

[0K[1mcom.diffplug.spotless.scala.ScalaFmtStepTest[m

[0K[1m  Test [22mbehaviorDefaultConfig()[32m PASSED[31m (21.4s)[m
[0K[1m  Test [22mbehaviorCustomConfigVersion_3_0_0()[32m PASSED[m
[0K[1m  Test [22mequality()[32m PASSED[31m (28.2s)[m
[0K[1m  Test [22mbehaviorDefaultConfigVersion_3_0_0()[32m PASSED[m
[0K[1m  Test [22mbehaviorCustomConfig()[32m PASSED[m
[0K[1m  Test [22minvalidConfiguration()[32m PASSED[m

[0K[1mcom.diffplug.spotless.sql.DBeaverSQLFormatterStepTest[m

[0K[1m  Test [22mequality()[32m PASSED[m
[0K[1m  Test [22mbehaviorWithConfigFile()[32m PASSED[m
[0K[1m  Test [22mbehavior()[32m PASSED[m
[0K[1m  Test [22mbehaviorWithAlternativeConfigFile()[32m PASSED[m

[0K[1;32mSUCCESS: [39mExecuted 155 tests in 3m 3s (7 skipped)[m


BUILD SUCCESSFUL in 6m 47s
14 actionable tasks: 14 executed
