Modules with known eventlet monkey patching issues were imported prior to eventlet monkey patching: oslo_context.context, urllib3. This warning can usually be ignored if the caller is only importing and not executing nova code.
Modules with known eventlet monkey patching issues were imported prior to eventlet monkey patching: urllib3, oslo_context.context. This warning can usually be ignored if the caller is only importing and not executing nova code.
Modules with known eventlet monkey patching issues were imported prior to eventlet monkey patching: oslo_context.context, urllib3. This warning can usually be ignored if the caller is only importing and not executing nova code.
Modules with known eventlet monkey patching issues were imported prior to eventlet monkey patching: urllib3, oslo_context.context. This warning can usually be ignored if the caller is only importing and not executing nova code.
2026-08-30 12:38:12.331 3624652 INFO oslo_service.periodic_task [req-496df214-4c2a-4faa-9864-9f22990b341a fake_user 6a6a9c9eee154e9cb8cec487b98d36ab - - -] Skipping periodic task _discover_hosts_in_cells because its interval is negative[00m
2026-08-30 12:38:12.335 3624650 INFO oslo_service.periodic_task [req-6e8a1c74-3fd7-4602-b7d0-3775df421fa1 fake_user 6a6a9c9eee154e9cb8cec487b98d36ab - - -] Skipping periodic task _discover_hosts_in_cells because its interval is negative[00m
2026-08-30 12:38:12.339 3624653 INFO oslo_service.periodic_task [req-ff740838-9f4e-4757-8211-8f26b608f991 fake_user 6a6a9c9eee154e9cb8cec487b98d36ab - - -] Skipping periodic task _discover_hosts_in_cells because its interval is negative[00m
2026-08-30 12:38:12.355 3624652 ERROR stevedore.extension [req-496df214-4c2a-4faa-9864-9f22990b341a fake_user 6a6a9c9eee154e9cb8cec487b98d36ab - - -] Could not load 'oslo_cache.memcache_pool': No module named 'memcache': ModuleNotFoundError: No module named 'memcache'[00m
2026-08-30 12:38:12.360 3624650 ERROR stevedore.extension [req-6e8a1c74-3fd7-4602-b7d0-3775df421fa1 fake_user 6a6a9c9eee154e9cb8cec487b98d36ab - - -] Could not load 'oslo_cache.memcache_pool': No module named 'memcache': ModuleNotFoundError: No module named 'memcache'[00m
2026-08-30 12:38:12.363 3624653 ERROR stevedore.extension [req-ff740838-9f4e-4757-8211-8f26b608f991 fake_user 6a6a9c9eee154e9cb8cec487b98d36ab - - -] Could not load 'oslo_cache.memcache_pool': No module named 'memcache': ModuleNotFoundError: No module named 'memcache'[00m
{1} nova.tests.unit.compute.test_compute.ComputeAPITestCase.test_attach_interface_with_qos [0.930208s] ... ok
{2} nova.tests.unit.compute.test_compute.ComputeAPITestCase.test_attach_interface [0.944028s] ... ok
{0} nova.tests.unit.compute.test_compute.ComputeAPITestCase.test_attach_interface_failed [1.208624s] ... ok
[93mReadline features including tab completion have been disabled because
no supported version of readline was found. To resolve this, install
pyreadline on Windows or gnureadline on Mac.

[39m
======
Totals
======
Ran: 3 tests in 1.2086 sec.
 - Passed: 3
 - Skipped: 0
 - Expected Fail: 0
 - Unexpected Success: 0
 - Failed: 0
Sum of execute time for each test: 3.0829 sec.

==============
Worker Balance
==============
 - Worker 0 (1 tests) => 0:00:01.208624
 - Worker 1 (1 tests) => 0:00:00.930208
 - Worker 2 (1 tests) => 0:00:00.944028
