[32m25 08 2026 00:02:53.953:INFO [karma]: [39mKarma v0.13.18 server started at http://localhost:9876/
[32m25 08 2026 00:02:53.963:INFO [launcher]: [39mStarting browser PhantomJS
[32m25 08 2026 00:02:54.175:INFO [PhantomJS 1.9.8 (Linux 0.0.0)]: [39mConnected on socket qW2dGIzuIPAHHGS8AAAA with id 80718630
PhantomJS 1.9.8 (Linux 0.0.0): Executed 0 of 91[32m SUCCESS[39m (0 secs / 0 secs)
[1A[2KPhantomJS 1.9.8 (Linux 0.0.0): Executed 1 of 91[32m SUCCESS[39m (0 secs / 1.226 secs)
[1A[2KPhantomJS 1.9.8 (Linux 0.0.0): Executed 2 of 91[32m SUCCESS[39m (0 secs / 1.44 secs)
[1A[2KPhantomJS 1.9.8 (Linux 0.0.0): Executed 3 of 91[32m SUCCESS[39m (0 secs / 1.442 secs)
[1A[2KPhantomJS 1.9.8 (Linux 0.0.0): Executed 4 of 91[32m SUCCESS[39m (0 secs / 1.447 secs)
[1A[2KPhantomJS 1.9.8 (Linux 0.0.0): Executed 5 of 91[32m SUCCESS[39m (0 secs / 1.448 secs)
[1A[2KPhantomJS 1.9.8 (Linux 0.0.0): Executed 6 of 91[32m SUCCESS[39m (0 secs / 1.451 secs)
[1A[2KPhantomJS 1.9.8 (Linux 0.0.0): Executed 7 of 91[32m SUCCESS[39m (0 secs / 1.455 secs)
[1A[2KPhantomJS 1.9.8 (Linux 0.0.0): Executed 8 of 91[32m SUCCESS[39m (0 secs / 1.465 secs)
[1A[2KPhantomJS 1.9.8 (Linux 0.0.0): Executed 9 of 91[32m SUCCESS[39m (0 secs / 1.508 secs)
[1A[2KPhantomJS 1.9.8 (Linux 0.0.0): Executed 10 of 91[32m SUCCESS[39m (0 secs / 1.515 secs)
[1A[2KPhantomJS 1.9.8 (Linux 0.0.0): Executed 11 of 91[32m SUCCESS[39m (0 secs / 1.516 secs)
[1A[2KPhantomJS 1.9.8 (Linux 0.0.0): Executed 12 of 91[32m SUCCESS[39m (0 secs / 1.53 secs)
[1A[2KPhantomJS 1.9.8 (Linux 0.0.0): Executed 13 of 91[32m SUCCESS[39m (0 secs / 1.636 secs)
[1A[2KPhantomJS 1.9.8 (Linux 0.0.0): Executed 14 of 91[32m SUCCESS[39m (0 secs / 1.643 secs)
[1A[2KPhantomJS 1.9.8 (Linux 0.0.0): Executed 15 of 91[32m SUCCESS[39m (0 secs / 1.646 secs)
[1A[2KPhantomJS 1.9.8 (Linux 0.0.0): Executed 16 of 91[32m SUCCESS[39m (0 secs / 1.653 secs)
[1A[2KPhantomJS 1.9.8 (Linux 0.0.0): Executed 17 of 91[32m SUCCESS[39m (0 secs / 1.658 secs)
[1A[2KPhantomJS 1.9.8 (Linux 0.0.0): Executed 18 of 91[32m SUCCESS[39m (0 secs / 1.662 secs)
[1A[2KPhantomJS 1.9.8 (Linux 0.0.0): Executed 19 of 91[32m SUCCESS[39m (0 secs / 1.664 secs)
[1A[2KPhantomJS 1.9.8 (Linux 0.0.0): Executed 20 of 91[32m SUCCESS[39m (0 secs / 1.667 secs)
[1A[2KPhantomJS 1.9.8 (Linux 0.0.0): Executed 21 of 91[32m SUCCESS[39m (0 secs / 1.669 secs)
[1A[2KPhantomJS 1.9.8 (Linux 0.0.0): Executed 22 of 91[32m SUCCESS[39m (0 secs / 1.673 secs)
[1A[2KPhantomJS 1.9.8 (Linux 0.0.0): Executed 23 of 91[32m SUCCESS[39m (0 secs / 1.68 secs)
[1A[2KPhantomJS 1.9.8 (Linux 0.0.0): Executed 24 of 91[32m SUCCESS[39m (0 secs / 1.683 secs)
[1A[2KPhantomJS 1.9.8 (Linux 0.0.0): Executed 25 of 91[32m SUCCESS[39m (0 secs / 1.687 secs)
[1A[2KPhantomJS 1.9.8 (Linux 0.0.0): Executed 26 of 91[32m SUCCESS[39m (0 secs / 1.689 secs)
[1A[2KPhantomJS 1.9.8 (Linux 0.0.0): Executed 27 of 91[32m SUCCESS[39m (0 secs / 1.694 secs)
[1A[2KPhantomJS 1.9.8 (Linux 0.0.0): Executed 28 of 91[32m SUCCESS[39m (0 secs / 1.698 secs)
[1A[2KPhantomJS 1.9.8 (Linux 0.0.0): Executed 29 of 91[32m SUCCESS[39m (0 secs / 1.699 secs)
[1A[2KPhantomJS 1.9.8 (Linux 0.0.0): Executed 30 of 91[32m SUCCESS[39m (0 secs / 1.7 secs)
[1A[2KPhantomJS 1.9.8 (Linux 0.0.0): Executed 31 of 91[32m SUCCESS[39m (0 secs / 1.704 secs)
[1A[2KPhantomJS 1.9.8 (Linux 0.0.0): Executed 32 of 91[32m SUCCESS[39m (0 secs / 1.712 secs)
[1A[2KPhantomJS 1.9.8 (Linux 0.0.0): Executed 33 of 91[32m SUCCESS[39m (0 secs / 1.713 secs)
[1A[2KPhantomJS 1.9.8 (Linux 0.0.0): Executed 34 of 91[32m SUCCESS[39m (0 secs / 1.714 secs)
[1A[2KPhantomJS 1.9.8 (Linux 0.0.0): Executed 35 of 91[32m SUCCESS[39m (0 secs / 1.716 secs)
[1A[2KPhantomJS 1.9.8 (Linux 0.0.0): Executed 36 of 91[32m SUCCESS[39m (0 secs / 1.718 secs)
[1A[2KPhantomJS 1.9.8 (Linux 0.0.0): Executed 37 of 91[32m SUCCESS[39m (0 secs / 1.721 secs)
[1A[2KPhantomJS 1.9.8 (Linux 0.0.0): Executed 38 of 91[32m SUCCESS[39m (0 secs / 1.722 secs)
[1A[2KPhantomJS 1.9.8 (Linux 0.0.0): Executed 39 of 91[32m SUCCESS[39m (0 secs / 1.723 secs)
[1A[2KPhantomJS 1.9.8 (Linux 0.0.0): Executed 40 of 91[32m SUCCESS[39m (0 secs / 1.723 secs)
[1A[2KPhantomJS 1.9.8 (Linux 0.0.0): Executed 41 of 91[32m SUCCESS[39m (0 secs / 1.725 secs)
[1A[2KPhantomJS 1.9.8 (Linux 0.0.0): Executed 42 of 91[32m SUCCESS[39m (0 secs / 1.725 secs)
[1A[2KPhantomJS 1.9.8 (Linux 0.0.0): Executed 43 of 91[32m SUCCESS[39m (0 secs / 1.726 secs)
[1A[2KPhantomJS 1.9.8 (Linux 0.0.0): Executed 44 of 91[32m SUCCESS[39m (0 secs / 1.742 secs)
[1A[2KPhantomJS 1.9.8 (Linux 0.0.0): Executed 45 of 91[32m SUCCESS[39m (0 secs / 1.744 secs)
[1A[2KPhantomJS 1.9.8 (Linux 0.0.0): Executed 46 of 91[32m SUCCESS[39m (0 secs / 1.746 secs)
[1A[2KPhantomJS 1.9.8 (Linux 0.0.0): Executed 47 of 91[32m SUCCESS[39m (0 secs / 1.749 secs)
[1A[2KPhantomJS 1.9.8 (Linux 0.0.0): Executed 48 of 91[32m SUCCESS[39m (0 secs / 1.75 secs)
[1A[2KPhantomJS 1.9.8 (Linux 0.0.0): Executed 49 of 91[32m SUCCESS[39m (0 secs / 1.755 secs)
[1A[2KPhantomJS 1.9.8 (Linux 0.0.0): Executed 50 of 91[32m SUCCESS[39m (0 secs / 1.756 secs)
[1A[2KPhantomJS 1.9.8 (Linux 0.0.0): Executed 51 of 91[32m SUCCESS[39m (0 secs / 1.757 secs)
[1A[2KPhantomJS 1.9.8 (Linux 0.0.0): Executed 52 of 91[32m SUCCESS[39m (0 secs / 1.763 secs)
[1A[2KPhantomJS 1.9.8 (Linux 0.0.0): Executed 53 of 91[32m SUCCESS[39m (0 secs / 1.767 secs)
[1A[2KPhantomJS 1.9.8 (Linux 0.0.0): Executed 54 of 91[32m SUCCESS[39m (0 secs / 1.776 secs)
[1A[2KPhantomJS 1.9.8 (Linux 0.0.0): Executed 55 of 91[32m SUCCESS[39m (0 secs / 1.777 secs)
[1A[2KPhantomJS 1.9.8 (Linux 0.0.0): Executed 56 of 91[32m SUCCESS[39m (0 secs / 1.778 secs)
[1A[2KPhantomJS 1.9.8 (Linux 0.0.0): Executed 57 of 91[32m SUCCESS[39m (0 secs / 1.789 secs)
[1A[2KPhantomJS 1.9.8 (Linux 0.0.0): Executed 58 of 91[32m SUCCESS[39m (0 secs / 1.803 secs)
[1A[2KPhantomJS 1.9.8 (Linux 0.0.0): Executed 59 of 91[32m SUCCESS[39m (0 secs / 1.816 secs)
[1A[2KPhantomJS 1.9.8 (Linux 0.0.0): Executed 60 of 91[32m SUCCESS[39m (0 secs / 1.818 secs)
[1A[2KPhantomJS 1.9.8 (Linux 0.0.0): Executed 61 of 91[32m SUCCESS[39m (0 secs / 1.825 secs)
[1A[2KPhantomJS 1.9.8 (Linux 0.0.0): Executed 62 of 91[32m SUCCESS[39m (0 secs / 1.933 secs)
[1A[2KPhantomJS 1.9.8 (Linux 0.0.0): Executed 63 of 91[32m SUCCESS[39m (0 secs / 1.949 secs)
[1A[2KPhantomJS 1.9.8 (Linux 0.0.0): Executed 64 of 91[32m SUCCESS[39m (0 secs / 1.959 secs)
[1A[2KPhantomJS 1.9.8 (Linux 0.0.0): Executed 65 of 91[32m SUCCESS[39m (0 secs / 1.962 secs)
[1A[2KPhantomJS 1.9.8 (Linux 0.0.0): Executed 66 of 91[32m SUCCESS[39m (0 secs / 1.966 secs)
[1A[2KPhantomJS 1.9.8 (Linux 0.0.0): Executed 67 of 91[32m SUCCESS[39m (0 secs / 1.971 secs)
[1A[2KPhantomJS 1.9.8 (Linux 0.0.0): Executed 68 of 91[32m SUCCESS[39m (0 secs / 1.973 secs)
[1A[2KPhantomJS 1.9.8 (Linux 0.0.0): Executed 69 of 91[32m SUCCESS[39m (0 secs / 1.974 secs)
[1A[2KPhantomJS 1.9.8 (Linux 0.0.0): Executed 70 of 91[32m SUCCESS[39m (0 secs / 1.98 secs)
[1A[2KPhantomJS 1.9.8 (Linux 0.0.0): Executed 71 of 91[32m SUCCESS[39m (0 secs / 1.985 secs)
[1A[2KPhantomJS 1.9.8 (Linux 0.0.0): Executed 72 of 91[32m SUCCESS[39m (0 secs / 1.991 secs)
[1A[2KPhantomJS 1.9.8 (Linux 0.0.0): Executed 73 of 91[32m SUCCESS[39m (0 secs / 1.993 secs)
[1A[2KPhantomJS 1.9.8 (Linux 0.0.0): Executed 74 of 91[32m SUCCESS[39m (0 secs / 1.999 secs)
[1A[2KPhantomJS 1.9.8 (Linux 0.0.0): Executed 75 of 91[32m SUCCESS[39m (0 secs / 2.028 secs)
[1A[2KPhantomJS 1.9.8 (Linux 0.0.0): Executed 76 of 91[32m SUCCESS[39m (0 secs / 2.029 secs)
[1A[2KPhantomJS 1.9.8 (Linux 0.0.0): Executed 77 of 91[32m SUCCESS[39m (0 secs / 2.038 secs)
[1A[2KPhantomJS 1.9.8 (Linux 0.0.0): Executed 78 of 91[32m SUCCESS[39m (0 secs / 2.04 secs)
[1A[2KPhantomJS 1.9.8 (Linux 0.0.0): Executed 79 of 91[32m SUCCESS[39m (0 secs / 2.043 secs)
[1A[2KPhantomJS 1.9.8 (Linux 0.0.0): Executed 80 of 91[32m SUCCESS[39m (0 secs / 2.046 secs)
[1A[2KPhantomJS 1.9.8 (Linux 0.0.0): Executed 81 of 91[32m SUCCESS[39m (0 secs / 2.047 secs)
[1A[2KPhantomJS 1.9.8 (Linux 0.0.0): Executed 82 of 91[32m SUCCESS[39m (0 secs / 2.065 secs)
[1A[2KPhantomJS 1.9.8 (Linux 0.0.0): Executed 83 of 91[32m SUCCESS[39m (0 secs / 2.066 secs)
[1A[2KPhantomJS 1.9.8 (Linux 0.0.0): Executed 84 of 91[32m SUCCESS[39m (0 secs / 2.067 secs)
[1A[2KPhantomJS 1.9.8 (Linux 0.0.0): Executed 85 of 91[32m SUCCESS[39m (0 secs / 2.068 secs)
[1A[2KPhantomJS 1.9.8 (Linux 0.0.0): Executed 86 of 91[32m SUCCESS[39m (0 secs / 2.07 secs)
[1A[2KPhantomJS 1.9.8 (Linux 0.0.0): Executed 87 of 91[32m SUCCESS[39m (0 secs / 2.071 secs)
[1A[2KPhantomJS 1.9.8 (Linux 0.0.0): Executed 88 of 91[32m SUCCESS[39m (0 secs / 2.076 secs)
[1A[2KPhantomJS 1.9.8 (Linux 0.0.0): Executed 89 of 91[32m SUCCESS[39m (0 secs / 2.077 secs)
[1A[2KPhantomJS 1.9.8 (Linux 0.0.0): Executed 90 of 91[32m SUCCESS[39m (0 secs / 2.078 secs)
[1A[2KPhantomJS 1.9.8 (Linux 0.0.0): Executed 91 of 91[32m SUCCESS[39m (0 secs / 2.079 secs)
[1A[2KPhantomJS 1.9.8 (Linux 0.0.0): Executed 91 of 91[32m SUCCESS[39m (2.887 secs / 2.079 secs)
