[32m25 08 2026 00:03:07.781:INFO [karma]: [39mKarma v0.13.18 server started at http://localhost:9876/
[32m25 08 2026 00:03:07.791:INFO [launcher]: [39mStarting browser PhantomJS
[32m25 08 2026 00:03:08.016:INFO [PhantomJS 1.9.8 (Linux 0.0.0)]: [39mConnected on socket /#fpX-bS_be3-B-HV7AAAA with id 81509964
PhantomJS 1.9.8 (Linux 0.0.0): Executed 0 of 91[32m SUCCESS[39m (0 secs / 0 secs)
[1A[2KPhantomJS 1.9.8 (Linux 0.0.0): Executed 1 of 91[32m SUCCESS[39m (0 secs / 1.224 secs)
[1A[2KPhantomJS 1.9.8 (Linux 0.0.0): Executed 2 of 91[32m SUCCESS[39m (0 secs / 1.429 secs)
[1A[2KPhantomJS 1.9.8 (Linux 0.0.0): Executed 3 of 91[32m SUCCESS[39m (0 secs / 1.431 secs)
[1A[2KPhantomJS 1.9.8 (Linux 0.0.0): Executed 4 of 91[32m SUCCESS[39m (0 secs / 1.436 secs)
[1A[2KPhantomJS 1.9.8 (Linux 0.0.0): Executed 5 of 91[32m SUCCESS[39m (0 secs / 1.438 secs)
[1A[2KPhantomJS 1.9.8 (Linux 0.0.0): Executed 6 of 91[32m SUCCESS[39m (0 secs / 1.44 secs)
[1A[2KPhantomJS 1.9.8 (Linux 0.0.0): Executed 7 of 91[32m SUCCESS[39m (0 secs / 1.444 secs)
[1A[2KPhantomJS 1.9.8 (Linux 0.0.0): Executed 8 of 91[32m SUCCESS[39m (0 secs / 1.454 secs)
[1A[2KPhantomJS 1.9.8 (Linux 0.0.0): Executed 9 of 91[32m SUCCESS[39m (0 secs / 1.498 secs)
[1A[2KPhantomJS 1.9.8 (Linux 0.0.0): Executed 10 of 91[32m SUCCESS[39m (0 secs / 1.504 secs)
[1A[2KPhantomJS 1.9.8 (Linux 0.0.0): Executed 11 of 91[32m SUCCESS[39m (0 secs / 1.505 secs)
[1A[2KPhantomJS 1.9.8 (Linux 0.0.0): Executed 12 of 91[32m SUCCESS[39m (0 secs / 1.518 secs)
[1A[2KPhantomJS 1.9.8 (Linux 0.0.0): Executed 13 of 91[32m SUCCESS[39m (0 secs / 1.623 secs)
[1A[2KPhantomJS 1.9.8 (Linux 0.0.0): Executed 14 of 91[32m SUCCESS[39m (0 secs / 1.628 secs)
[1A[2KPhantomJS 1.9.8 (Linux 0.0.0): Executed 15 of 91[32m SUCCESS[39m (0 secs / 1.631 secs)
[1A[2KPhantomJS 1.9.8 (Linux 0.0.0): Executed 16 of 91[32m SUCCESS[39m (0 secs / 1.638 secs)
[1A[2KPhantomJS 1.9.8 (Linux 0.0.0): Executed 17 of 91[32m SUCCESS[39m (0 secs / 1.642 secs)
[1A[2KPhantomJS 1.9.8 (Linux 0.0.0): Executed 18 of 91[32m SUCCESS[39m (0 secs / 1.646 secs)
[1A[2KPhantomJS 1.9.8 (Linux 0.0.0): Executed 19 of 91[32m SUCCESS[39m (0 secs / 1.648 secs)
[1A[2KPhantomJS 1.9.8 (Linux 0.0.0): Executed 20 of 91[32m SUCCESS[39m (0 secs / 1.65 secs)
[1A[2KPhantomJS 1.9.8 (Linux 0.0.0): Executed 21 of 91[32m SUCCESS[39m (0 secs / 1.653 secs)
[1A[2KPhantomJS 1.9.8 (Linux 0.0.0): Executed 22 of 91[32m SUCCESS[39m (0 secs / 1.656 secs)
[1A[2KPhantomJS 1.9.8 (Linux 0.0.0): Executed 23 of 91[32m SUCCESS[39m (0 secs / 1.659 secs)
[1A[2KPhantomJS 1.9.8 (Linux 0.0.0): Executed 24 of 91[32m SUCCESS[39m (0 secs / 1.666 secs)
[1A[2KPhantomJS 1.9.8 (Linux 0.0.0): Executed 25 of 91[32m SUCCESS[39m (0 secs / 1.669 secs)
[1A[2KPhantomJS 1.9.8 (Linux 0.0.0): Executed 26 of 91[32m SUCCESS[39m (0 secs / 1.672 secs)
[1A[2KPhantomJS 1.9.8 (Linux 0.0.0): Executed 27 of 91[32m SUCCESS[39m (0 secs / 1.676 secs)
[1A[2KPhantomJS 1.9.8 (Linux 0.0.0): Executed 28 of 91[32m SUCCESS[39m (0 secs / 1.68 secs)
[1A[2KPhantomJS 1.9.8 (Linux 0.0.0): Executed 29 of 91[32m SUCCESS[39m (0 secs / 1.681 secs)
[1A[2KPhantomJS 1.9.8 (Linux 0.0.0): Executed 30 of 91[32m SUCCESS[39m (0 secs / 1.682 secs)
[1A[2KPhantomJS 1.9.8 (Linux 0.0.0): Executed 31 of 91[32m SUCCESS[39m (0 secs / 1.684 secs)
[1A[2KPhantomJS 1.9.8 (Linux 0.0.0): Executed 32 of 91[32m SUCCESS[39m (0 secs / 1.695 secs)
[1A[2KPhantomJS 1.9.8 (Linux 0.0.0): Executed 33 of 91[32m SUCCESS[39m (0 secs / 1.696 secs)
[1A[2KPhantomJS 1.9.8 (Linux 0.0.0): Executed 34 of 91[32m SUCCESS[39m (0 secs / 1.696 secs)
[1A[2KPhantomJS 1.9.8 (Linux 0.0.0): Executed 35 of 91[32m SUCCESS[39m (0 secs / 1.699 secs)
[1A[2KPhantomJS 1.9.8 (Linux 0.0.0): Executed 36 of 91[32m SUCCESS[39m (0 secs / 1.701 secs)
[1A[2KPhantomJS 1.9.8 (Linux 0.0.0): Executed 37 of 91[32m SUCCESS[39m (0 secs / 1.704 secs)
[1A[2KPhantomJS 1.9.8 (Linux 0.0.0): Executed 38 of 91[32m SUCCESS[39m (0 secs / 1.705 secs)
[1A[2KPhantomJS 1.9.8 (Linux 0.0.0): Executed 39 of 91[32m SUCCESS[39m (0 secs / 1.705 secs)
[1A[2KPhantomJS 1.9.8 (Linux 0.0.0): Executed 40 of 91[32m SUCCESS[39m (0 secs / 1.706 secs)
[1A[2KPhantomJS 1.9.8 (Linux 0.0.0): Executed 41 of 91[32m SUCCESS[39m (0 secs / 1.707 secs)
[1A[2KPhantomJS 1.9.8 (Linux 0.0.0): Executed 42 of 91[32m SUCCESS[39m (0 secs / 1.708 secs)
[1A[2KPhantomJS 1.9.8 (Linux 0.0.0): Executed 43 of 91[32m SUCCESS[39m (0 secs / 1.708 secs)
[1A[2KPhantomJS 1.9.8 (Linux 0.0.0): Executed 44 of 91[32m SUCCESS[39m (0 secs / 1.724 secs)
[1A[2KPhantomJS 1.9.8 (Linux 0.0.0): Executed 45 of 91[32m SUCCESS[39m (0 secs / 1.726 secs)
[1A[2KPhantomJS 1.9.8 (Linux 0.0.0): Executed 46 of 91[32m SUCCESS[39m (0 secs / 1.728 secs)
[1A[2KPhantomJS 1.9.8 (Linux 0.0.0): Executed 47 of 91[32m SUCCESS[39m (0 secs / 1.732 secs)
[1A[2KPhantomJS 1.9.8 (Linux 0.0.0): Executed 48 of 91[32m SUCCESS[39m (0 secs / 1.732 secs)
[1A[2KPhantomJS 1.9.8 (Linux 0.0.0): Executed 49 of 91[32m SUCCESS[39m (0 secs / 1.737 secs)
[1A[2KPhantomJS 1.9.8 (Linux 0.0.0): Executed 50 of 91[32m SUCCESS[39m (0 secs / 1.738 secs)
[1A[2KPhantomJS 1.9.8 (Linux 0.0.0): Executed 51 of 91[32m SUCCESS[39m (0 secs / 1.739 secs)
[1A[2KPhantomJS 1.9.8 (Linux 0.0.0): Executed 52 of 91[32m SUCCESS[39m (0 secs / 1.745 secs)
[1A[2KPhantomJS 1.9.8 (Linux 0.0.0): Executed 53 of 91[32m SUCCESS[39m (0 secs / 1.75 secs)
[1A[2KPhantomJS 1.9.8 (Linux 0.0.0): Executed 54 of 91[32m SUCCESS[39m (0 secs / 1.758 secs)
[1A[2KPhantomJS 1.9.8 (Linux 0.0.0): Executed 55 of 91[32m SUCCESS[39m (0 secs / 1.76 secs)
[1A[2KPhantomJS 1.9.8 (Linux 0.0.0): Executed 56 of 91[32m SUCCESS[39m (0 secs / 1.76 secs)
[1A[2KPhantomJS 1.9.8 (Linux 0.0.0): Executed 57 of 91[32m SUCCESS[39m (0 secs / 1.771 secs)
[1A[2KPhantomJS 1.9.8 (Linux 0.0.0): Executed 58 of 91[32m SUCCESS[39m (0 secs / 1.785 secs)
[1A[2KPhantomJS 1.9.8 (Linux 0.0.0): Executed 59 of 91[32m SUCCESS[39m (0 secs / 1.799 secs)
[1A[2KPhantomJS 1.9.8 (Linux 0.0.0): Executed 60 of 91[32m SUCCESS[39m (0 secs / 1.801 secs)
[1A[2KPhantomJS 1.9.8 (Linux 0.0.0): Executed 61 of 91[32m SUCCESS[39m (0 secs / 1.807 secs)
[1A[2KPhantomJS 1.9.8 (Linux 0.0.0): Executed 62 of 91[32m SUCCESS[39m (0 secs / 1.916 secs)
[1A[2KPhantomJS 1.9.8 (Linux 0.0.0): Executed 63 of 91[32m SUCCESS[39m (0 secs / 1.934 secs)
[1A[2KPhantomJS 1.9.8 (Linux 0.0.0): Executed 64 of 91[32m SUCCESS[39m (0 secs / 1.943 secs)
[1A[2KPhantomJS 1.9.8 (Linux 0.0.0): Executed 65 of 91[32m SUCCESS[39m (0 secs / 1.947 secs)
[1A[2KPhantomJS 1.9.8 (Linux 0.0.0): Executed 66 of 91[32m SUCCESS[39m (0 secs / 1.951 secs)
[1A[2KPhantomJS 1.9.8 (Linux 0.0.0): Executed 67 of 91[32m SUCCESS[39m (0 secs / 1.955 secs)
[1A[2KPhantomJS 1.9.8 (Linux 0.0.0): Executed 68 of 91[32m SUCCESS[39m (0 secs / 1.958 secs)
[1A[2KPhantomJS 1.9.8 (Linux 0.0.0): Executed 69 of 91[32m SUCCESS[39m (0 secs / 1.96 secs)
[1A[2KPhantomJS 1.9.8 (Linux 0.0.0): Executed 70 of 91[32m SUCCESS[39m (0 secs / 1.967 secs)
[1A[2KPhantomJS 1.9.8 (Linux 0.0.0): Executed 71 of 91[32m SUCCESS[39m (0 secs / 1.972 secs)
[1A[2KPhantomJS 1.9.8 (Linux 0.0.0): Executed 72 of 91[32m SUCCESS[39m (0 secs / 1.978 secs)
[1A[2KPhantomJS 1.9.8 (Linux 0.0.0): Executed 73 of 91[32m SUCCESS[39m (0 secs / 1.981 secs)
[1A[2KPhantomJS 1.9.8 (Linux 0.0.0): Executed 74 of 91[32m SUCCESS[39m (0 secs / 1.987 secs)
[1A[2KPhantomJS 1.9.8 (Linux 0.0.0): Executed 75 of 91[32m SUCCESS[39m (0 secs / 2.017 secs)
[1A[2KPhantomJS 1.9.8 (Linux 0.0.0): Executed 76 of 91[32m SUCCESS[39m (0 secs / 2.022 secs)
[1A[2KPhantomJS 1.9.8 (Linux 0.0.0): Executed 77 of 91[32m SUCCESS[39m (0 secs / 2.025 secs)
[1A[2KPhantomJS 1.9.8 (Linux 0.0.0): Executed 78 of 91[32m SUCCESS[39m (0 secs / 2.026 secs)
[1A[2KPhantomJS 1.9.8 (Linux 0.0.0): Executed 79 of 91[32m SUCCESS[39m (0 secs / 2.029 secs)
[1A[2KPhantomJS 1.9.8 (Linux 0.0.0): Executed 80 of 91[32m SUCCESS[39m (0 secs / 2.031 secs)
[1A[2KPhantomJS 1.9.8 (Linux 0.0.0): Executed 81 of 91[32m SUCCESS[39m (0 secs / 2.033 secs)
[1A[2KPhantomJS 1.9.8 (Linux 0.0.0): Executed 82 of 91[32m SUCCESS[39m (0 secs / 2.064 secs)
[1A[2KPhantomJS 1.9.8 (Linux 0.0.0): Executed 83 of 91[32m SUCCESS[39m (0 secs / 2.066 secs)
[1A[2KPhantomJS 1.9.8 (Linux 0.0.0): Executed 84 of 91[32m SUCCESS[39m (0 secs / 2.067 secs)
[1A[2KPhantomJS 1.9.8 (Linux 0.0.0): Executed 85 of 91[32m SUCCESS[39m (0 secs / 2.069 secs)
[1A[2KPhantomJS 1.9.8 (Linux 0.0.0): Executed 86 of 91[32m SUCCESS[39m (0 secs / 2.07 secs)
[1A[2KPhantomJS 1.9.8 (Linux 0.0.0): Executed 87 of 91[32m SUCCESS[39m (0 secs / 2.072 secs)
[1A[2KPhantomJS 1.9.8 (Linux 0.0.0): Executed 88 of 91[32m SUCCESS[39m (0 secs / 2.074 secs)
[1A[2KPhantomJS 1.9.8 (Linux 0.0.0): Executed 89 of 91[32m SUCCESS[39m (0 secs / 2.08 secs)
[1A[2KPhantomJS 1.9.8 (Linux 0.0.0): Executed 90 of 91[32m SUCCESS[39m (0 secs / 2.081 secs)
[1A[2KPhantomJS 1.9.8 (Linux 0.0.0): Executed 91 of 91[32m SUCCESS[39m (0 secs / 2.082 secs)
[1A[2KPhantomJS 1.9.8 (Linux 0.0.0): Executed 91 of 91[32m SUCCESS[39m (2.618 secs / 2.082 secs)
Missing error handler on `socket`.
TypeError: sockets.forEach is not a function
    at disconnectBrowsers (/home/zhihao/hdd/marshal-task-tmp/socketio-karma-formal/run.31ZhzT/a1/node_modules/karma/lib/server.js:314:13)
    at Server.<anonymous> (/home/zhihao/hdd/marshal-task-tmp/socketio-karma-formal/run.31ZhzT/a1/node_modules/karma/lib/server.js:291:7)
    at emitTwo (events.js:111:20)
    at Server.emit (events.js:191:7)
    at emitRunCompleteIfAllBrowsersDone (/home/zhihao/hdd/marshal-task-tmp/socketio-karma-formal/run.31ZhzT/a1/node_modules/karma/lib/server.js:256:12)
    at Server.<anonymous> (/home/zhihao/hdd/marshal-task-tmp/socketio-karma-formal/run.31ZhzT/a1/node_modules/karma/lib/server.js:278:9)
    at emitTwo (events.js:111:20)
    at Server.emit (events.js:191:7)
    at Browser.onComplete (/home/zhihao/hdd/marshal-task-tmp/socketio-karma-formal/run.31ZhzT/a1/node_modules/karma/lib/browser.js:142:13)
    at Socket.<anonymous> (/home/zhihao/hdd/marshal-task-tmp/socketio-karma-formal/run.31ZhzT/a1/node_modules/karma/lib/events.js:13:22)
    at emitTwo (events.js:111:20)
    at Socket.emit (events.js:191:7)
    at Socket.onevent (/home/zhihao/hdd/marshal-task-tmp/socketio-karma-formal/run.31ZhzT/a1/node_modules/socket.io/lib/socket.js:335:8)
    at Socket.onpacket (/home/zhihao/hdd/marshal-task-tmp/socketio-karma-formal/run.31ZhzT/a1/node_modules/socket.io/lib/socket.js:295:12)
    at Client.ondecoded (/home/zhihao/hdd/marshal-task-tmp/socketio-karma-formal/run.31ZhzT/a1/node_modules/socket.io/lib/client.js:193:14)
    at Decoder.Emitter.emit (/home/zhihao/hdd/marshal-task-tmp/socketio-karma-formal/run.31ZhzT/a1/node_modules/component-emitter/index.js:134:20)
[31m25 08 2026 00:03:17.875:ERROR [karma]: [39mTypeError: sockets.forEach is not a function
    at process.disconnectBrowsers (/home/zhihao/hdd/marshal-task-tmp/socketio-karma-formal/run.31ZhzT/a1/node_modules/karma/lib/server.js:314:13)
    at emitNone (events.js:86:13)
    at process.emit (events.js:185:7)
    at Signal.wrap.onsignal (internal/process.js:217:44)
/home/zhihao/hdd/marshal-task-tmp/socketio-karma-formal/run.31ZhzT/a1/node_modules/karma/lib/server.js:314
    sockets.forEach(function (socket) {
            ^

TypeError: sockets.forEach is not a function
    at disconnectBrowsers (/home/zhihao/hdd/marshal-task-tmp/socketio-karma-formal/run.31ZhzT/a1/node_modules/karma/lib/server.js:314:13)
    at process.<anonymous> (/home/zhihao/hdd/marshal-task-tmp/socketio-karma-formal/run.31ZhzT/a1/node_modules/karma/lib/server.js:355:5)
    at emitOne (events.js:96:13)
    at process.emit (events.js:188:7)
    at process._fatalException (bootstrap_node.js:307:26)
