[32m25 08 2026 00:03:20.398:INFO [karma]: [39mKarma v0.13.18 server started at http://localhost:9876/
[32m25 08 2026 00:03:20.408:INFO [launcher]: [39mStarting browser PhantomJS
[32m25 08 2026 00:03:20.618:INFO [PhantomJS 1.9.8 (Linux 0.0.0)]: [39mConnected on socket /#sJDaFY7y5ehB-WS2AAAA with id 60178047
PhantomJS 1.9.8 (Linux 0.0.0): Executed 0 of 91[32m SUCCESS[39m (0 secs / 0 secs)
[1A[2KPhantomJS 1.9.8 (Linux 0.0.0): Executed 1 of 91[32m SUCCESS[39m (0 secs / 1.223 secs)
[1A[2KPhantomJS 1.9.8 (Linux 0.0.0): Executed 2 of 91[32m SUCCESS[39m (0 secs / 1.434 secs)
[1A[2KPhantomJS 1.9.8 (Linux 0.0.0): Executed 3 of 91[32m SUCCESS[39m (0 secs / 1.436 secs)
[1A[2KPhantomJS 1.9.8 (Linux 0.0.0): Executed 4 of 91[32m SUCCESS[39m (0 secs / 1.441 secs)
[1A[2KPhantomJS 1.9.8 (Linux 0.0.0): Executed 5 of 91[32m SUCCESS[39m (0 secs / 1.442 secs)
[1A[2KPhantomJS 1.9.8 (Linux 0.0.0): Executed 6 of 91[32m SUCCESS[39m (0 secs / 1.445 secs)
[1A[2KPhantomJS 1.9.8 (Linux 0.0.0): Executed 7 of 91[32m SUCCESS[39m (0 secs / 1.449 secs)
[1A[2KPhantomJS 1.9.8 (Linux 0.0.0): Executed 8 of 91[32m SUCCESS[39m (0 secs / 1.459 secs)
[1A[2KPhantomJS 1.9.8 (Linux 0.0.0): Executed 9 of 91[32m SUCCESS[39m (0 secs / 1.503 secs)
[1A[2KPhantomJS 1.9.8 (Linux 0.0.0): Executed 10 of 91[32m SUCCESS[39m (0 secs / 1.509 secs)
[1A[2KPhantomJS 1.9.8 (Linux 0.0.0): Executed 11 of 91[32m SUCCESS[39m (0 secs / 1.511 secs)
[1A[2KPhantomJS 1.9.8 (Linux 0.0.0): Executed 12 of 91[32m SUCCESS[39m (0 secs / 1.525 secs)
[1A[2KPhantomJS 1.9.8 (Linux 0.0.0): Executed 13 of 91[32m SUCCESS[39m (0 secs / 1.63 secs)
[1A[2KPhantomJS 1.9.8 (Linux 0.0.0): Executed 14 of 91[32m SUCCESS[39m (0 secs / 1.636 secs)
[1A[2KPhantomJS 1.9.8 (Linux 0.0.0): Executed 15 of 91[32m SUCCESS[39m (0 secs / 1.639 secs)
[1A[2KPhantomJS 1.9.8 (Linux 0.0.0): Executed 16 of 91[32m SUCCESS[39m (0 secs / 1.646 secs)
[1A[2KPhantomJS 1.9.8 (Linux 0.0.0): Executed 17 of 91[32m SUCCESS[39m (0 secs / 1.651 secs)
[1A[2KPhantomJS 1.9.8 (Linux 0.0.0): Executed 18 of 91[32m SUCCESS[39m (0 secs / 1.655 secs)
[1A[2KPhantomJS 1.9.8 (Linux 0.0.0): Executed 19 of 91[32m SUCCESS[39m (0 secs / 1.657 secs)
[1A[2KPhantomJS 1.9.8 (Linux 0.0.0): Executed 20 of 91[32m SUCCESS[39m (0 secs / 1.66 secs)
[1A[2KPhantomJS 1.9.8 (Linux 0.0.0): Executed 21 of 91[32m SUCCESS[39m (0 secs / 1.662 secs)
[1A[2KPhantomJS 1.9.8 (Linux 0.0.0): Executed 22 of 91[32m SUCCESS[39m (0 secs / 1.666 secs)
[1A[2KPhantomJS 1.9.8 (Linux 0.0.0): Executed 23 of 91[32m SUCCESS[39m (0 secs / 1.669 secs)
[1A[2KPhantomJS 1.9.8 (Linux 0.0.0): Executed 24 of 91[32m SUCCESS[39m (0 secs / 1.676 secs)
[1A[2KPhantomJS 1.9.8 (Linux 0.0.0): Executed 25 of 91[32m SUCCESS[39m (0 secs / 1.68 secs)
[1A[2KPhantomJS 1.9.8 (Linux 0.0.0): Executed 26 of 91[32m SUCCESS[39m (0 secs / 1.682 secs)
[1A[2KPhantomJS 1.9.8 (Linux 0.0.0): Executed 27 of 91[32m SUCCESS[39m (0 secs / 1.687 secs)
[1A[2KPhantomJS 1.9.8 (Linux 0.0.0): Executed 28 of 91[32m SUCCESS[39m (0 secs / 1.691 secs)
[1A[2KPhantomJS 1.9.8 (Linux 0.0.0): Executed 29 of 91[32m SUCCESS[39m (0 secs / 1.692 secs)
[1A[2KPhantomJS 1.9.8 (Linux 0.0.0): Executed 30 of 91[32m SUCCESS[39m (0 secs / 1.693 secs)
[1A[2KPhantomJS 1.9.8 (Linux 0.0.0): Executed 31 of 91[32m SUCCESS[39m (0 secs / 1.695 secs)
[1A[2KPhantomJS 1.9.8 (Linux 0.0.0): Executed 32 of 91[32m SUCCESS[39m (0 secs / 1.705 secs)
[1A[2KPhantomJS 1.9.8 (Linux 0.0.0): Executed 33 of 91[32m SUCCESS[39m (0 secs / 1.706 secs)
[1A[2KPhantomJS 1.9.8 (Linux 0.0.0): Executed 34 of 91[32m SUCCESS[39m (0 secs / 1.707 secs)
[1A[2KPhantomJS 1.9.8 (Linux 0.0.0): Executed 35 of 91[32m SUCCESS[39m (0 secs / 1.709 secs)
[1A[2KPhantomJS 1.9.8 (Linux 0.0.0): Executed 36 of 91[32m SUCCESS[39m (0 secs / 1.711 secs)
[1A[2KPhantomJS 1.9.8 (Linux 0.0.0): Executed 37 of 91[32m SUCCESS[39m (0 secs / 1.715 secs)
[1A[2KPhantomJS 1.9.8 (Linux 0.0.0): Executed 38 of 91[32m SUCCESS[39m (0 secs / 1.716 secs)
[1A[2KPhantomJS 1.9.8 (Linux 0.0.0): Executed 39 of 91[32m SUCCESS[39m (0 secs / 1.717 secs)
[1A[2KPhantomJS 1.9.8 (Linux 0.0.0): Executed 40 of 91[32m SUCCESS[39m (0 secs / 1.718 secs)
[1A[2KPhantomJS 1.9.8 (Linux 0.0.0): Executed 41 of 91[32m SUCCESS[39m (0 secs / 1.719 secs)
[1A[2KPhantomJS 1.9.8 (Linux 0.0.0): Executed 42 of 91[32m SUCCESS[39m (0 secs / 1.719 secs)
[1A[2KPhantomJS 1.9.8 (Linux 0.0.0): Executed 43 of 91[32m SUCCESS[39m (0 secs / 1.72 secs)
[1A[2KPhantomJS 1.9.8 (Linux 0.0.0): Executed 44 of 91[32m SUCCESS[39m (0 secs / 1.736 secs)
[1A[2KPhantomJS 1.9.8 (Linux 0.0.0): Executed 45 of 91[32m SUCCESS[39m (0 secs / 1.738 secs)
[1A[2KPhantomJS 1.9.8 (Linux 0.0.0): Executed 46 of 91[32m SUCCESS[39m (0 secs / 1.739 secs)
[1A[2KPhantomJS 1.9.8 (Linux 0.0.0): Executed 47 of 91[32m SUCCESS[39m (0 secs / 1.743 secs)
[1A[2KPhantomJS 1.9.8 (Linux 0.0.0): Executed 48 of 91[32m SUCCESS[39m (0 secs / 1.743 secs)
[1A[2KPhantomJS 1.9.8 (Linux 0.0.0): Executed 49 of 91[32m SUCCESS[39m (0 secs / 1.747 secs)
[1A[2KPhantomJS 1.9.8 (Linux 0.0.0): Executed 50 of 91[32m SUCCESS[39m (0 secs / 1.748 secs)
[1A[2KPhantomJS 1.9.8 (Linux 0.0.0): Executed 51 of 91[32m SUCCESS[39m (0 secs / 1.748 secs)
[1A[2KPhantomJS 1.9.8 (Linux 0.0.0): Executed 52 of 91[32m SUCCESS[39m (0 secs / 1.754 secs)
[1A[2KPhantomJS 1.9.8 (Linux 0.0.0): Executed 53 of 91[32m SUCCESS[39m (0 secs / 1.759 secs)
[1A[2KPhantomJS 1.9.8 (Linux 0.0.0): Executed 54 of 91[32m SUCCESS[39m (0 secs / 1.767 secs)
[1A[2KPhantomJS 1.9.8 (Linux 0.0.0): Executed 55 of 91[32m SUCCESS[39m (0 secs / 1.769 secs)
[1A[2KPhantomJS 1.9.8 (Linux 0.0.0): Executed 56 of 91[32m SUCCESS[39m (0 secs / 1.769 secs)
[1A[2KPhantomJS 1.9.8 (Linux 0.0.0): Executed 57 of 91[32m SUCCESS[39m (0 secs / 1.78 secs)
[1A[2KPhantomJS 1.9.8 (Linux 0.0.0): Executed 58 of 91[32m SUCCESS[39m (0 secs / 1.793 secs)
[1A[2KPhantomJS 1.9.8 (Linux 0.0.0): Executed 59 of 91[32m SUCCESS[39m (0 secs / 1.806 secs)
[1A[2KPhantomJS 1.9.8 (Linux 0.0.0): Executed 60 of 91[32m SUCCESS[39m (0 secs / 1.808 secs)
[1A[2KPhantomJS 1.9.8 (Linux 0.0.0): Executed 61 of 91[32m SUCCESS[39m (0 secs / 1.815 secs)
[1A[2KPhantomJS 1.9.8 (Linux 0.0.0): Executed 62 of 91[32m SUCCESS[39m (0 secs / 1.923 secs)
[1A[2KPhantomJS 1.9.8 (Linux 0.0.0): Executed 63 of 91[32m SUCCESS[39m (0 secs / 1.94 secs)
[1A[2KPhantomJS 1.9.8 (Linux 0.0.0): Executed 64 of 91[32m SUCCESS[39m (0 secs / 1.95 secs)
[1A[2KPhantomJS 1.9.8 (Linux 0.0.0): Executed 65 of 91[32m SUCCESS[39m (0 secs / 1.953 secs)
[1A[2KPhantomJS 1.9.8 (Linux 0.0.0): Executed 66 of 91[32m SUCCESS[39m (0 secs / 1.957 secs)
[1A[2KPhantomJS 1.9.8 (Linux 0.0.0): Executed 67 of 91[32m SUCCESS[39m (0 secs / 1.962 secs)
[1A[2KPhantomJS 1.9.8 (Linux 0.0.0): Executed 68 of 91[32m SUCCESS[39m (0 secs / 1.964 secs)
[1A[2KPhantomJS 1.9.8 (Linux 0.0.0): Executed 69 of 91[32m SUCCESS[39m (0 secs / 1.965 secs)
[1A[2KPhantomJS 1.9.8 (Linux 0.0.0): Executed 70 of 91[32m SUCCESS[39m (0 secs / 1.971 secs)
[1A[2KPhantomJS 1.9.8 (Linux 0.0.0): Executed 71 of 91[32m SUCCESS[39m (0 secs / 1.976 secs)
[1A[2KPhantomJS 1.9.8 (Linux 0.0.0): Executed 72 of 91[32m SUCCESS[39m (0 secs / 1.982 secs)
[1A[2KPhantomJS 1.9.8 (Linux 0.0.0): Executed 73 of 91[32m SUCCESS[39m (0 secs / 1.984 secs)
[1A[2KPhantomJS 1.9.8 (Linux 0.0.0): Executed 74 of 91[32m SUCCESS[39m (0 secs / 1.99 secs)
[1A[2KPhantomJS 1.9.8 (Linux 0.0.0): Executed 75 of 91[32m SUCCESS[39m (0 secs / 2.018 secs)
[1A[2KPhantomJS 1.9.8 (Linux 0.0.0): Executed 76 of 91[32m SUCCESS[39m (0 secs / 2.019 secs)
[1A[2KPhantomJS 1.9.8 (Linux 0.0.0): Executed 77 of 91[32m SUCCESS[39m (0 secs / 2.026 secs)
[1A[2KPhantomJS 1.9.8 (Linux 0.0.0): Executed 78 of 91[32m SUCCESS[39m (0 secs / 2.027 secs)
[1A[2KPhantomJS 1.9.8 (Linux 0.0.0): Executed 79 of 91[32m SUCCESS[39m (0 secs / 2.03 secs)
[1A[2KPhantomJS 1.9.8 (Linux 0.0.0): Executed 80 of 91[32m SUCCESS[39m (0 secs / 2.032 secs)
[1A[2KPhantomJS 1.9.8 (Linux 0.0.0): Executed 81 of 91[32m SUCCESS[39m (0 secs / 2.034 secs)
[1A[2KPhantomJS 1.9.8 (Linux 0.0.0): Executed 82 of 91[32m SUCCESS[39m (0 secs / 2.055 secs)
[1A[2KPhantomJS 1.9.8 (Linux 0.0.0): Executed 83 of 91[32m SUCCESS[39m (0 secs / 2.056 secs)
[1A[2KPhantomJS 1.9.8 (Linux 0.0.0): Executed 84 of 91[32m SUCCESS[39m (0 secs / 2.057 secs)
[1A[2KPhantomJS 1.9.8 (Linux 0.0.0): Executed 85 of 91[32m SUCCESS[39m (0 secs / 2.058 secs)
[1A[2KPhantomJS 1.9.8 (Linux 0.0.0): Executed 86 of 91[32m SUCCESS[39m (0 secs / 2.059 secs)
[1A[2KPhantomJS 1.9.8 (Linux 0.0.0): Executed 87 of 91[32m SUCCESS[39m (0 secs / 2.06 secs)
[1A[2KPhantomJS 1.9.8 (Linux 0.0.0): Executed 88 of 91[32m SUCCESS[39m (0 secs / 2.065 secs)
[1A[2KPhantomJS 1.9.8 (Linux 0.0.0): Executed 89 of 91[32m SUCCESS[39m (0 secs / 2.066 secs)
[1A[2KPhantomJS 1.9.8 (Linux 0.0.0): Executed 90 of 91[32m SUCCESS[39m (0 secs / 2.067 secs)
[1A[2KPhantomJS 1.9.8 (Linux 0.0.0): Executed 91 of 91[32m SUCCESS[39m (0 secs / 2.068 secs)
[1A[2KPhantomJS 1.9.8 (Linux 0.0.0): Executed 91 of 91[32m SUCCESS[39m (2.556 secs / 2.068 secs)
