[32m25 08 2026 00:03:46.339:INFO [karma]: [39mKarma v0.13.19 server started at http://localhost:9876/
[32m25 08 2026 00:03:46.349:INFO [launcher]: [39mStarting browser PhantomJS
[32m25 08 2026 00:03:46.812:INFO [PhantomJS 1.9.8 (Linux 0.0.0)]: [39mConnected on socket /#GsdMMCyOBqJM4tqqAAAA with id 15049988
PhantomJS 1.9.8 (Linux 0.0.0): Executed 0 of 91[32m SUCCESS[39m (0 secs / 0 secs)
[1A[2KPhantomJS 1.9.8 (Linux 0.0.0): Executed 1 of 91[32m SUCCESS[39m (0 secs / 1.223 secs)
[1A[2KPhantomJS 1.9.8 (Linux 0.0.0): Executed 2 of 91[32m SUCCESS[39m (0 secs / 1.431 secs)
[1A[2KPhantomJS 1.9.8 (Linux 0.0.0): Executed 3 of 91[32m SUCCESS[39m (0 secs / 1.433 secs)
[1A[2KPhantomJS 1.9.8 (Linux 0.0.0): Executed 4 of 91[32m SUCCESS[39m (0 secs / 1.438 secs)
[1A[2KPhantomJS 1.9.8 (Linux 0.0.0): Executed 5 of 91[32m SUCCESS[39m (0 secs / 1.44 secs)
[1A[2KPhantomJS 1.9.8 (Linux 0.0.0): Executed 6 of 91[32m SUCCESS[39m (0 secs / 1.442 secs)
[1A[2KPhantomJS 1.9.8 (Linux 0.0.0): Executed 7 of 91[32m SUCCESS[39m (0 secs / 1.446 secs)
[1A[2KPhantomJS 1.9.8 (Linux 0.0.0): Executed 8 of 91[32m SUCCESS[39m (0 secs / 1.456 secs)
[1A[2KPhantomJS 1.9.8 (Linux 0.0.0): Executed 9 of 91[32m SUCCESS[39m (0 secs / 1.499 secs)
[1A[2KPhantomJS 1.9.8 (Linux 0.0.0): Executed 10 of 91[32m SUCCESS[39m (0 secs / 1.505 secs)
[1A[2KPhantomJS 1.9.8 (Linux 0.0.0): Executed 11 of 91[32m SUCCESS[39m (0 secs / 1.507 secs)
[1A[2KPhantomJS 1.9.8 (Linux 0.0.0): Executed 12 of 91[32m SUCCESS[39m (0 secs / 1.521 secs)
[1A[2KPhantomJS 1.9.8 (Linux 0.0.0): Executed 13 of 91[32m SUCCESS[39m (0 secs / 1.625 secs)
[1A[2KPhantomJS 1.9.8 (Linux 0.0.0): Executed 14 of 91[32m SUCCESS[39m (0 secs / 1.63 secs)
[1A[2KPhantomJS 1.9.8 (Linux 0.0.0): Executed 15 of 91[32m SUCCESS[39m (0 secs / 1.633 secs)
[1A[2KPhantomJS 1.9.8 (Linux 0.0.0): Executed 16 of 91[32m SUCCESS[39m (0 secs / 1.64 secs)
[1A[2KPhantomJS 1.9.8 (Linux 0.0.0): Executed 17 of 91[32m SUCCESS[39m (0 secs / 1.644 secs)
[1A[2KPhantomJS 1.9.8 (Linux 0.0.0): Executed 18 of 91[32m SUCCESS[39m (0 secs / 1.648 secs)
[1A[2KPhantomJS 1.9.8 (Linux 0.0.0): Executed 19 of 91[32m SUCCESS[39m (0 secs / 1.65 secs)
[1A[2KPhantomJS 1.9.8 (Linux 0.0.0): Executed 20 of 91[32m SUCCESS[39m (0 secs / 1.652 secs)
[1A[2KPhantomJS 1.9.8 (Linux 0.0.0): Executed 21 of 91[32m SUCCESS[39m (0 secs / 1.654 secs)
[1A[2KPhantomJS 1.9.8 (Linux 0.0.0): Executed 22 of 91[32m SUCCESS[39m (0 secs / 1.658 secs)
[1A[2KPhantomJS 1.9.8 (Linux 0.0.0): Executed 23 of 91[32m SUCCESS[39m (0 secs / 1.661 secs)
[1A[2KPhantomJS 1.9.8 (Linux 0.0.0): Executed 24 of 91[32m SUCCESS[39m (0 secs / 1.667 secs)
[1A[2KPhantomJS 1.9.8 (Linux 0.0.0): Executed 25 of 91[32m SUCCESS[39m (0 secs / 1.67 secs)
[1A[2KPhantomJS 1.9.8 (Linux 0.0.0): Executed 26 of 91[32m SUCCESS[39m (0 secs / 1.673 secs)
[1A[2KPhantomJS 1.9.8 (Linux 0.0.0): Executed 27 of 91[32m SUCCESS[39m (0 secs / 1.677 secs)
[1A[2KPhantomJS 1.9.8 (Linux 0.0.0): Executed 28 of 91[32m SUCCESS[39m (0 secs / 1.681 secs)
[1A[2KPhantomJS 1.9.8 (Linux 0.0.0): Executed 29 of 91[32m SUCCESS[39m (0 secs / 1.682 secs)
[1A[2KPhantomJS 1.9.8 (Linux 0.0.0): Executed 30 of 91[32m SUCCESS[39m (0 secs / 1.683 secs)
[1A[2KPhantomJS 1.9.8 (Linux 0.0.0): Executed 31 of 91[32m SUCCESS[39m (0 secs / 1.685 secs)
[1A[2KPhantomJS 1.9.8 (Linux 0.0.0): Executed 32 of 91[32m SUCCESS[39m (0 secs / 1.695 secs)
[1A[2KPhantomJS 1.9.8 (Linux 0.0.0): Executed 33 of 91[32m SUCCESS[39m (0 secs / 1.696 secs)
[1A[2KPhantomJS 1.9.8 (Linux 0.0.0): Executed 34 of 91[32m SUCCESS[39m (0 secs / 1.697 secs)
[1A[2KPhantomJS 1.9.8 (Linux 0.0.0): Executed 35 of 91[32m SUCCESS[39m (0 secs / 1.699 secs)
[1A[2KPhantomJS 1.9.8 (Linux 0.0.0): Executed 36 of 91[32m SUCCESS[39m (0 secs / 1.701 secs)
[1A[2KPhantomJS 1.9.8 (Linux 0.0.0): Executed 37 of 91[32m SUCCESS[39m (0 secs / 1.704 secs)
[1A[2KPhantomJS 1.9.8 (Linux 0.0.0): Executed 38 of 91[32m SUCCESS[39m (0 secs / 1.705 secs)
[1A[2KPhantomJS 1.9.8 (Linux 0.0.0): Executed 39 of 91[32m SUCCESS[39m (0 secs / 1.705 secs)
[1A[2KPhantomJS 1.9.8 (Linux 0.0.0): Executed 40 of 91[32m SUCCESS[39m (0 secs / 1.706 secs)
[1A[2KPhantomJS 1.9.8 (Linux 0.0.0): Executed 41 of 91[32m SUCCESS[39m (0 secs / 1.707 secs)
[1A[2KPhantomJS 1.9.8 (Linux 0.0.0): Executed 42 of 91[32m SUCCESS[39m (0 secs / 1.708 secs)
[1A[2KPhantomJS 1.9.8 (Linux 0.0.0): Executed 43 of 91[32m SUCCESS[39m (0 secs / 1.708 secs)
[1A[2KPhantomJS 1.9.8 (Linux 0.0.0): Executed 44 of 91[32m SUCCESS[39m (0 secs / 1.724 secs)
[1A[2KPhantomJS 1.9.8 (Linux 0.0.0): Executed 45 of 91[32m SUCCESS[39m (0 secs / 1.726 secs)
[1A[2KPhantomJS 1.9.8 (Linux 0.0.0): Executed 46 of 91[32m SUCCESS[39m (0 secs / 1.727 secs)
[1A[2KPhantomJS 1.9.8 (Linux 0.0.0): Executed 47 of 91[32m SUCCESS[39m (0 secs / 1.731 secs)
[1A[2KPhantomJS 1.9.8 (Linux 0.0.0): Executed 48 of 91[32m SUCCESS[39m (0 secs / 1.732 secs)
[1A[2KPhantomJS 1.9.8 (Linux 0.0.0): Executed 49 of 91[32m SUCCESS[39m (0 secs / 1.737 secs)
[1A[2KPhantomJS 1.9.8 (Linux 0.0.0): Executed 50 of 91[32m SUCCESS[39m (0 secs / 1.738 secs)
[1A[2KPhantomJS 1.9.8 (Linux 0.0.0): Executed 51 of 91[32m SUCCESS[39m (0 secs / 1.738 secs)
[1A[2KPhantomJS 1.9.8 (Linux 0.0.0): Executed 52 of 91[32m SUCCESS[39m (0 secs / 1.744 secs)
[1A[2KPhantomJS 1.9.8 (Linux 0.0.0): Executed 53 of 91[32m SUCCESS[39m (0 secs / 1.748 secs)
[1A[2KPhantomJS 1.9.8 (Linux 0.0.0): Executed 54 of 91[32m SUCCESS[39m (0 secs / 1.756 secs)
[1A[2KPhantomJS 1.9.8 (Linux 0.0.0): Executed 55 of 91[32m SUCCESS[39m (0 secs / 1.757 secs)
[1A[2KPhantomJS 1.9.8 (Linux 0.0.0): Executed 56 of 91[32m SUCCESS[39m (0 secs / 1.758 secs)
[1A[2KPhantomJS 1.9.8 (Linux 0.0.0): Executed 57 of 91[32m SUCCESS[39m (0 secs / 1.768 secs)
[1A[2KPhantomJS 1.9.8 (Linux 0.0.0): Executed 58 of 91[32m SUCCESS[39m (0 secs / 1.782 secs)
[1A[2KPhantomJS 1.9.8 (Linux 0.0.0): Executed 59 of 91[32m SUCCESS[39m (0 secs / 1.794 secs)
[1A[2KPhantomJS 1.9.8 (Linux 0.0.0): Executed 60 of 91[32m SUCCESS[39m (0 secs / 1.796 secs)
[1A[2KPhantomJS 1.9.8 (Linux 0.0.0): Executed 61 of 91[32m SUCCESS[39m (0 secs / 1.803 secs)
[1A[2KPhantomJS 1.9.8 (Linux 0.0.0): Executed 62 of 91[32m SUCCESS[39m (0 secs / 1.912 secs)
[1A[2KPhantomJS 1.9.8 (Linux 0.0.0): Executed 63 of 91[32m SUCCESS[39m (0 secs / 1.931 secs)
[1A[2KPhantomJS 1.9.8 (Linux 0.0.0): Executed 64 of 91[32m SUCCESS[39m (0 secs / 1.942 secs)
[1A[2KPhantomJS 1.9.8 (Linux 0.0.0): Executed 65 of 91[32m SUCCESS[39m (0 secs / 1.946 secs)
[1A[2KPhantomJS 1.9.8 (Linux 0.0.0): Executed 66 of 91[32m SUCCESS[39m (0 secs / 1.95 secs)
[1A[2KPhantomJS 1.9.8 (Linux 0.0.0): Executed 67 of 91[32m SUCCESS[39m (0 secs / 1.954 secs)
[1A[2KPhantomJS 1.9.8 (Linux 0.0.0): Executed 68 of 91[32m SUCCESS[39m (0 secs / 1.957 secs)
[1A[2KPhantomJS 1.9.8 (Linux 0.0.0): Executed 69 of 91[32m SUCCESS[39m (0 secs / 1.958 secs)
[1A[2KPhantomJS 1.9.8 (Linux 0.0.0): Executed 70 of 91[32m SUCCESS[39m (0 secs / 1.964 secs)
[1A[2KPhantomJS 1.9.8 (Linux 0.0.0): Executed 71 of 91[32m SUCCESS[39m (0 secs / 1.969 secs)
[1A[2KPhantomJS 1.9.8 (Linux 0.0.0): Executed 72 of 91[32m SUCCESS[39m (0 secs / 1.975 secs)
[1A[2KPhantomJS 1.9.8 (Linux 0.0.0): Executed 73 of 91[32m SUCCESS[39m (0 secs / 1.977 secs)
[1A[2KPhantomJS 1.9.8 (Linux 0.0.0): Executed 74 of 91[32m SUCCESS[39m (0 secs / 1.983 secs)
[1A[2KPhantomJS 1.9.8 (Linux 0.0.0): Executed 75 of 91[32m SUCCESS[39m (0 secs / 2.011 secs)
[1A[2KPhantomJS 1.9.8 (Linux 0.0.0): Executed 76 of 91[32m SUCCESS[39m (0 secs / 2.012 secs)
[1A[2KPhantomJS 1.9.8 (Linux 0.0.0): Executed 77 of 91[32m SUCCESS[39m (0 secs / 2.015 secs)
[1A[2KPhantomJS 1.9.8 (Linux 0.0.0): Executed 78 of 91[32m SUCCESS[39m (0 secs / 2.016 secs)
[1A[2KPhantomJS 1.9.8 (Linux 0.0.0): Executed 79 of 91[32m SUCCESS[39m (0 secs / 2.019 secs)
[1A[2KPhantomJS 1.9.8 (Linux 0.0.0): Executed 80 of 91[32m SUCCESS[39m (0 secs / 2.021 secs)
[1A[2KPhantomJS 1.9.8 (Linux 0.0.0): Executed 81 of 91[32m SUCCESS[39m (0 secs / 2.023 secs)
[1A[2KPhantomJS 1.9.8 (Linux 0.0.0): Executed 82 of 91[32m SUCCESS[39m (0 secs / 2.039 secs)
[1A[2KPhantomJS 1.9.8 (Linux 0.0.0): Executed 83 of 91[32m SUCCESS[39m (0 secs / 2.04 secs)
[1A[2KPhantomJS 1.9.8 (Linux 0.0.0): Executed 84 of 91[32m SUCCESS[39m (0 secs / 2.041 secs)
[1A[2KPhantomJS 1.9.8 (Linux 0.0.0): Executed 85 of 91[32m SUCCESS[39m (0 secs / 2.043 secs)
[1A[2KPhantomJS 1.9.8 (Linux 0.0.0): Executed 86 of 91[32m SUCCESS[39m (0 secs / 2.044 secs)
[1A[2KPhantomJS 1.9.8 (Linux 0.0.0): Executed 87 of 91[32m SUCCESS[39m (0 secs / 2.046 secs)
[1A[2KPhantomJS 1.9.8 (Linux 0.0.0): Executed 88 of 91[32m SUCCESS[39m (0 secs / 2.047 secs)
[1A[2KPhantomJS 1.9.8 (Linux 0.0.0): Executed 89 of 91[32m SUCCESS[39m (0 secs / 2.052 secs)
[1A[2KPhantomJS 1.9.8 (Linux 0.0.0): Executed 90 of 91[32m SUCCESS[39m (0 secs / 2.053 secs)
[1A[2KPhantomJS 1.9.8 (Linux 0.0.0): Executed 91 of 91[32m SUCCESS[39m (0 secs / 2.053 secs)
[1A[2KPhantomJS 1.9.8 (Linux 0.0.0): Executed 91 of 91[32m SUCCESS[39m (2.752 secs / 2.053 secs)
