npm WARN deprecated json3@3.2.6: Please use the native JSON object instead of JSON 3
- mime-db@1.12.0 node_modules/accepts/node_modules/mime-db
- mime-types@2.0.14 node_modules/accepts/node_modules/mime-types
- component-emitter@1.1.2 node_modules/engine.io-client/node_modules/component-emitter
- ws@0.8.1 node_modules/engine.io-client/node_modules/ws
- has-binary@0.1.6 node_modules/engine.io-parser/node_modules/has-binary
- negotiator@0.4.9 node_modules/negotiator
- accepts@1.1.4 node_modules/accepts
- component-emitter@1.1.2 node_modules/socket.io-adapter/node_modules/component-emitter
- json3@3.2.6 node_modules/socket.io-adapter/node_modules/json3
- ms@0.7.1 node_modules/socket.io-client/node_modules/ms
- component-emitter@1.1.2 node_modules/socket.io-client/node_modules/socket.io-parser/node_modules/component-emitter
- socket.io-parser@2.2.5 node_modules/socket.io-client/node_modules/socket.io-parser
- component-emitter@1.1.2 node_modules/socket.io-parser/node_modules/component-emitter
- ms@0.7.1 node_modules/socket.io-parser/node_modules/ms
- xmlhttprequest-ssl@1.5.1 node_modules/xmlhttprequest-ssl
- yeast@0.1.2 node_modules/yeast
riot@2.3.12 /home/zhihao/hdd/marshal-task-tmp/socketio-karma-formal/run.31ZhzT/old-template
└─┬ karma@0.13.18
  └─┬ socket.io@1.3.7 
    ├─┬ debug@2.1.0 
    │ └── ms@0.6.2 
    ├─┬ engine.io@1.5.4 
    │ ├── base64id@0.1.0 
    │ ├─┬ debug@1.0.3 
    │ │ └── ms@0.6.2 
    │ ├─┬ engine.io-parser@1.2.2 
    │ │ ├── after@0.8.1 
    │ │ ├── arraybuffer.slice@0.0.6 
    │ │ ├── base64-arraybuffer@0.1.2 
    │ │ ├── blob@0.0.4 
    │ │ └── utf8@2.1.0 
    │ └─┬ ws@0.8.0 
    │   ├─┬ bufferutil@1.2.1 
    │   │ ├── bindings@1.2.1 
    │   │ └── nan@2.28.0 
    │   ├── options@0.0.6 
    │   ├── ultron@1.0.2 
    │   └─┬ utf-8-validate@1.2.2 
    │     └── nan@2.4.0 
    ├── has-binary-data@0.1.3 
    ├─┬ socket.io-adapter@0.3.1 
    │ ├─┬ debug@1.0.2 
    │ │ └── ms@0.6.2 
    │ ├── object-keys@1.0.1 
    │ └─┬ socket.io-parser@2.2.2 
    │   └── debug@0.7.4 
    ├─┬ socket.io-client@1.3.7 
    │ ├── backo2@1.0.2 
    │ ├── component-bind@1.0.0 
    │ ├── component-emitter@1.1.2 
    │ ├── debug@0.7.4 
    │ ├─┬ engine.io-client@1.5.4 
    │ │ ├── component-inherit@0.0.3 
    │ │ ├─┬ debug@1.0.4 
    │ │ │ └── ms@0.6.2 
    │ │ ├─┬ has-cors@1.0.3 
    │ │ │ └── global@2.0.1 
    │ │ ├── parsejson@0.0.1 
    │ │ ├── parseqs@0.0.2 
    │ │ ├── parseuri@0.0.4 
    │ │ └── xmlhttprequest@1.5.0 
    │ ├── has-binary@0.1.6 
    │ ├── indexof@0.0.1 
    │ ├── object-component@0.0.3 
    │ ├─┬ parseuri@0.0.2 
    │ │ └─┬ better-assert@1.0.2 
    │ │   └── callsite@1.0.0 
    │ └── to-array@0.1.3 
    └─┬ socket.io-parser@2.2.4 
      ├── benchmark@1.0.0 
      ├── debug@0.7.4 
      └── json3@3.2.6 

npm WARN optional SKIPPING OPTIONAL DEPENDENCY: fsevents@^1.0.0 (node_modules/chokidar/node_modules/fsevents):
npm WARN notsup SKIPPING OPTIONAL DEPENDENCY: Unsupported platform for fsevents@1.2.13: wanted {"os":"darwin","arch":"any"} (current: {"os":"linux","arch":"x64"})
