npm WARN deprecated json3@3.2.6: Please use the native JSON object instead of JSON 3
npm WARN deprecated json3@3.3.2: Please use the native JSON object instead of JSON 3
- parseuri@0.0.4 node_modules/engine.io-client/node_modules/parseuri
- global@2.0.1 node_modules/global
- has-binary-data@0.1.3 node_modules/has-binary-data
- object-keys@1.0.1 node_modules/socket.io-adapter/node_modules/object-keys
- xmlhttprequest@1.5.0 node_modules/xmlhttprequest
riot@2.3.12 /home/zhihao/hdd/marshal-task-tmp/socketio-karma-formal/run.31ZhzT/new-template
└─┬ karma@0.13.18
  └─┬ socket.io@1.4.0 
    ├─┬ debug@2.2.0 
    │ └── ms@0.7.1 
    ├─┬ engine.io@1.6.5 
    │ ├─┬ accepts@1.1.4 
    │ │ ├─┬ mime-types@2.0.14 
    │ │ │ └── mime-db@1.12.0 
    │ │ └── negotiator@0.4.9 
    │ ├─┬ debug@2.2.0 
    │ │ └── ms@0.7.1 
    │ ├─┬ engine.io-parser@1.2.4 
    │ │ └── has-binary@0.1.6 
    │ └── ws@1.0.1 
    ├── has-binary@0.1.7 
    ├─┬ socket.io-adapter@0.4.0 
    │ └─┬ debug@2.2.0 
    │   └── ms@0.7.1 
    ├─┬ socket.io-client@1.4.0 
    │ ├── component-emitter@1.2.0 
    │ ├─┬ debug@2.2.0 
    │ │ └── ms@0.7.1 
    │ ├─┬ engine.io-client@1.6.4 
    │ │ ├─┬ debug@2.2.0 
    │ │ │ └── ms@0.7.1 
    │ │ ├── has-cors@1.1.0 
    │ │ ├── ws@0.8.1 
    │ │ ├── xmlhttprequest-ssl@1.5.1 
    │ │ └── yeast@0.1.2 
    │ ├── parseuri@0.0.4 
    │ └─┬ socket.io-parser@2.2.5 
    │   ├── component-emitter@1.1.2 
    │   └── json3@3.3.2 
    └─┬ socket.io-parser@2.2.6 
      ├─┬ debug@2.2.0 
      │ └── ms@0.7.1 
      └── json3@3.3.2 

npm WARN optional SKIPPING OPTIONAL DEPENDENCY: fsevents@^1.0.0 (node_modules/chokidar/node_modules/fsevents):
npm WARN notsup SKIPPING OPTIONAL DEPENDENCY: Unsupported platform for fsevents@1.2.13: wanted {"os":"darwin","arch":"any"} (current: {"os":"linux","arch":"x64"})
