[32m25 08 2026 00:03:27.022:INFO [karma]: [39mKarma v0.13.18 server started at http://localhost:9876/
[32m25 08 2026 00:03:27.745:INFO [launcher]: [39mStarting browser PhantomJS
[32m25 08 2026 00:03:27.967:INFO [PhantomJS 1.9.8 (Linux 0.0.0)]: [39mConnected on socket /#KYtbZN6IgQvklZu1AAAA with id 83835928
PhantomJS 1.9.8 (Linux 0.0.0): Executed 0 of 91[32m SUCCESS[39m (0 secs / 0 secs)
[1A[2KPhantomJS 1.9.8 (Linux 0.0.0): Executed 1 of 91[32m SUCCESS[39m (0 secs / 1.225 secs)
[1A[2KPhantomJS 1.9.8 (Linux 0.0.0): Executed 2 of 91[32m SUCCESS[39m (0 secs / 1.437 secs)
[1A[2KPhantomJS 1.9.8 (Linux 0.0.0): Executed 3 of 91[32m SUCCESS[39m (0 secs / 1.439 secs)
[1A[2KPhantomJS 1.9.8 (Linux 0.0.0): Executed 4 of 91[32m SUCCESS[39m (0 secs / 1.445 secs)
[1A[2KPhantomJS 1.9.8 (Linux 0.0.0): Executed 5 of 91[32m SUCCESS[39m (0 secs / 1.446 secs)
[1A[2KPhantomJS 1.9.8 (Linux 0.0.0): Executed 6 of 91[32m SUCCESS[39m (0 secs / 1.449 secs)
[1A[2KPhantomJS 1.9.8 (Linux 0.0.0): Executed 7 of 91[32m SUCCESS[39m (0 secs / 1.453 secs)
[1A[2KPhantomJS 1.9.8 (Linux 0.0.0): Executed 8 of 91[32m SUCCESS[39m (0 secs / 1.463 secs)
[1A[2KPhantomJS 1.9.8 (Linux 0.0.0): Executed 9 of 91[32m SUCCESS[39m (0 secs / 1.507 secs)
[1A[2KPhantomJS 1.9.8 (Linux 0.0.0): Executed 10 of 91[32m SUCCESS[39m (0 secs / 1.513 secs)
[1A[2KPhantomJS 1.9.8 (Linux 0.0.0): Executed 11 of 91[32m SUCCESS[39m (0 secs / 1.515 secs)
[1A[2KPhantomJS 1.9.8 (Linux 0.0.0): Executed 12 of 91[32m SUCCESS[39m (0 secs / 1.529 secs)
[1A[2KPhantomJS 1.9.8 (Linux 0.0.0): Executed 13 of 91[32m SUCCESS[39m (0 secs / 1.633 secs)
[1A[2KPhantomJS 1.9.8 (Linux 0.0.0): Executed 14 of 91[32m SUCCESS[39m (0 secs / 1.637 secs)
[1A[2KPhantomJS 1.9.8 (Linux 0.0.0): Executed 15 of 91[32m SUCCESS[39m (0 secs / 1.639 secs)
[1A[2KPhantomJS 1.9.8 (Linux 0.0.0): Executed 16 of 91[32m SUCCESS[39m (0 secs / 1.644 secs)
[1A[2KPhantomJS 1.9.8 (Linux 0.0.0): Executed 17 of 91[32m SUCCESS[39m (0 secs / 1.647 secs)
[1A[2KPhantomJS 1.9.8 (Linux 0.0.0): Executed 18 of 91[32m SUCCESS[39m (0 secs / 1.65 secs)
[1A[2KPhantomJS 1.9.8 (Linux 0.0.0): Executed 19 of 91[32m SUCCESS[39m (0 secs / 1.652 secs)
[1A[2KPhantomJS 1.9.8 (Linux 0.0.0): Executed 20 of 91[32m SUCCESS[39m (0 secs / 1.654 secs)
[1A[2KPhantomJS 1.9.8 (Linux 0.0.0): Executed 21 of 91[32m SUCCESS[39m (0 secs / 1.656 secs)
[1A[2KPhantomJS 1.9.8 (Linux 0.0.0): Executed 22 of 91[32m SUCCESS[39m (0 secs / 1.658 secs)
[1A[2KPhantomJS 1.9.8 (Linux 0.0.0): Executed 23 of 91[32m SUCCESS[39m (0 secs / 1.663 secs)
[1A[2KPhantomJS 1.9.8 (Linux 0.0.0): Executed 24 of 91[32m SUCCESS[39m (0 secs / 1.665 secs)
[1A[2KPhantomJS 1.9.8 (Linux 0.0.0): Executed 25 of 91[32m SUCCESS[39m (0 secs / 1.667 secs)
[1A[2KPhantomJS 1.9.8 (Linux 0.0.0): Executed 26 of 91[32m SUCCESS[39m (0 secs / 1.67 secs)
[1A[2KPhantomJS 1.9.8 (Linux 0.0.0): Executed 27 of 91[32m SUCCESS[39m (0 secs / 1.674 secs)
[1A[2KPhantomJS 1.9.8 (Linux 0.0.0): Executed 28 of 91[32m SUCCESS[39m (0 secs / 1.678 secs)
[1A[2KPhantomJS 1.9.8 (Linux 0.0.0): Executed 29 of 91[32m SUCCESS[39m (0 secs / 1.679 secs)
[1A[2KPhantomJS 1.9.8 (Linux 0.0.0): Executed 30 of 91[32m SUCCESS[39m (0 secs / 1.679 secs)
[1A[2KPhantomJS 1.9.8 (Linux 0.0.0): Executed 31 of 91[32m SUCCESS[39m (0 secs / 1.683 secs)
[1A[2KPhantomJS 1.9.8 (Linux 0.0.0): Executed 32 of 91[32m SUCCESS[39m (0 secs / 1.691 secs)
[1A[2KPhantomJS 1.9.8 (Linux 0.0.0): Executed 33 of 91[32m SUCCESS[39m (0 secs / 1.692 secs)
[1A[2KPhantomJS 1.9.8 (Linux 0.0.0): Executed 34 of 91[32m SUCCESS[39m (0 secs / 1.693 secs)
[1A[2KPhantomJS 1.9.8 (Linux 0.0.0): Executed 35 of 91[32m SUCCESS[39m (0 secs / 1.695 secs)
[1A[2KPhantomJS 1.9.8 (Linux 0.0.0): Executed 36 of 91[32m SUCCESS[39m (0 secs / 1.697 secs)
[1A[2KPhantomJS 1.9.8 (Linux 0.0.0): Executed 37 of 91[32m SUCCESS[39m (0 secs / 1.7 secs)
[1A[2KPhantomJS 1.9.8 (Linux 0.0.0): Executed 38 of 91[32m SUCCESS[39m (0 secs / 1.701 secs)
[1A[2KPhantomJS 1.9.8 (Linux 0.0.0): Executed 39 of 91[32m SUCCESS[39m (0 secs / 1.702 secs)
[1A[2KPhantomJS 1.9.8 (Linux 0.0.0): Executed 40 of 91[32m SUCCESS[39m (0 secs / 1.702 secs)
[1A[2KPhantomJS 1.9.8 (Linux 0.0.0): Executed 41 of 91[32m SUCCESS[39m (0 secs / 1.703 secs)
[1A[2KPhantomJS 1.9.8 (Linux 0.0.0): Executed 42 of 91[32m SUCCESS[39m (0 secs / 1.703 secs)
[1A[2KPhantomJS 1.9.8 (Linux 0.0.0): Executed 43 of 91[32m SUCCESS[39m (0 secs / 1.704 secs)
[1A[2KPhantomJS 1.9.8 (Linux 0.0.0): Executed 44 of 91[32m SUCCESS[39m (0 secs / 1.72 secs)
[1A[2KPhantomJS 1.9.8 (Linux 0.0.0): Executed 45 of 91[32m SUCCESS[39m (0 secs / 1.722 secs)
[1A[2KPhantomJS 1.9.8 (Linux 0.0.0): Executed 46 of 91[32m SUCCESS[39m (0 secs / 1.723 secs)
[1A[2KPhantomJS 1.9.8 (Linux 0.0.0): Executed 47 of 91[32m SUCCESS[39m (0 secs / 1.727 secs)
[1A[2KPhantomJS 1.9.8 (Linux 0.0.0): Executed 48 of 91[32m SUCCESS[39m (0 secs / 1.728 secs)
[1A[2KPhantomJS 1.9.8 (Linux 0.0.0): Executed 49 of 91[32m SUCCESS[39m (0 secs / 1.732 secs)
[1A[2KPhantomJS 1.9.8 (Linux 0.0.0): Executed 50 of 91[32m SUCCESS[39m (0 secs / 1.734 secs)
[1A[2KPhantomJS 1.9.8 (Linux 0.0.0): Executed 51 of 91[32m SUCCESS[39m (0 secs / 1.734 secs)
[1A[2KPhantomJS 1.9.8 (Linux 0.0.0): Executed 52 of 91[32m SUCCESS[39m (0 secs / 1.74 secs)
[1A[2KPhantomJS 1.9.8 (Linux 0.0.0): Executed 53 of 91[32m SUCCESS[39m (0 secs / 1.744 secs)
[1A[2KPhantomJS 1.9.8 (Linux 0.0.0): Executed 54 of 91[32m SUCCESS[39m (0 secs / 1.753 secs)
[1A[2KPhantomJS 1.9.8 (Linux 0.0.0): Executed 55 of 91[32m SUCCESS[39m (0 secs / 1.754 secs)
[1A[2KPhantomJS 1.9.8 (Linux 0.0.0): Executed 56 of 91[32m SUCCESS[39m (0 secs / 1.755 secs)
[1A[2KPhantomJS 1.9.8 (Linux 0.0.0): Executed 57 of 91[32m SUCCESS[39m (0 secs / 1.766 secs)
[1A[2KPhantomJS 1.9.8 (Linux 0.0.0): Executed 58 of 91[32m SUCCESS[39m (0 secs / 1.78 secs)
[1A[2KPhantomJS 1.9.8 (Linux 0.0.0): Executed 59 of 91[32m SUCCESS[39m (0 secs / 1.793 secs)
[1A[2KPhantomJS 1.9.8 (Linux 0.0.0): Executed 60 of 91[32m SUCCESS[39m (0 secs / 1.795 secs)
[1A[2KPhantomJS 1.9.8 (Linux 0.0.0): Executed 61 of 91[32m SUCCESS[39m (0 secs / 1.802 secs)
[1A[2KPhantomJS 1.9.8 (Linux 0.0.0): Executed 62 of 91[32m SUCCESS[39m (0 secs / 1.91 secs)
[1A[2KPhantomJS 1.9.8 (Linux 0.0.0): Executed 63 of 91[32m SUCCESS[39m (0 secs / 1.928 secs)
[1A[2KPhantomJS 1.9.8 (Linux 0.0.0): Executed 64 of 91[32m SUCCESS[39m (0 secs / 1.938 secs)
[1A[2KPhantomJS 1.9.8 (Linux 0.0.0): Executed 65 of 91[32m SUCCESS[39m (0 secs / 1.941 secs)
[1A[2KPhantomJS 1.9.8 (Linux 0.0.0): Executed 66 of 91[32m SUCCESS[39m (0 secs / 1.945 secs)
[1A[2KPhantomJS 1.9.8 (Linux 0.0.0): Executed 67 of 91[32m SUCCESS[39m (0 secs / 1.95 secs)
[1A[2KPhantomJS 1.9.8 (Linux 0.0.0): Executed 68 of 91[32m SUCCESS[39m (0 secs / 1.952 secs)
[1A[2KPhantomJS 1.9.8 (Linux 0.0.0): Executed 69 of 91[32m SUCCESS[39m (0 secs / 1.953 secs)
[1A[2KPhantomJS 1.9.8 (Linux 0.0.0): Executed 70 of 91[32m SUCCESS[39m (0 secs / 1.96 secs)
[1A[2KPhantomJS 1.9.8 (Linux 0.0.0): Executed 71 of 91[32m SUCCESS[39m (0 secs / 1.965 secs)
[1A[2KPhantomJS 1.9.8 (Linux 0.0.0): Executed 72 of 91[32m SUCCESS[39m (0 secs / 1.971 secs)
[1A[2KPhantomJS 1.9.8 (Linux 0.0.0): Executed 73 of 91[32m SUCCESS[39m (0 secs / 1.973 secs)
[1A[2KPhantomJS 1.9.8 (Linux 0.0.0): Executed 74 of 91[32m SUCCESS[39m (0 secs / 1.979 secs)
[1A[2KPhantomJS 1.9.8 (Linux 0.0.0): Executed 75 of 91[32m SUCCESS[39m (0 secs / 2.009 secs)
[1A[2KPhantomJS 1.9.8 (Linux 0.0.0): Executed 76 of 91[32m SUCCESS[39m (0 secs / 2.014 secs)
[1A[2KPhantomJS 1.9.8 (Linux 0.0.0): Executed 77 of 91[32m SUCCESS[39m (0 secs / 2.017 secs)
[1A[2KPhantomJS 1.9.8 (Linux 0.0.0): Executed 78 of 91[32m SUCCESS[39m (0 secs / 2.018 secs)
[1A[2KPhantomJS 1.9.8 (Linux 0.0.0): Executed 79 of 91[32m SUCCESS[39m (0 secs / 2.021 secs)
[1A[2KPhantomJS 1.9.8 (Linux 0.0.0): Executed 80 of 91[32m SUCCESS[39m (0 secs / 2.024 secs)
[1A[2KPhantomJS 1.9.8 (Linux 0.0.0): Executed 81 of 91[32m SUCCESS[39m (0 secs / 2.025 secs)
[1A[2KPhantomJS 1.9.8 (Linux 0.0.0): Executed 82 of 91[32m SUCCESS[39m (0 secs / 2.048 secs)
[1A[2KPhantomJS 1.9.8 (Linux 0.0.0): Executed 83 of 91[32m SUCCESS[39m (0 secs / 2.049 secs)
[1A[2KPhantomJS 1.9.8 (Linux 0.0.0): Executed 84 of 91[32m SUCCESS[39m (0 secs / 2.05 secs)
[1A[2KPhantomJS 1.9.8 (Linux 0.0.0): Executed 85 of 91[32m SUCCESS[39m (0 secs / 2.051 secs)
[1A[2KPhantomJS 1.9.8 (Linux 0.0.0): Executed 86 of 91[32m SUCCESS[39m (0 secs / 2.053 secs)
[1A[2KPhantomJS 1.9.8 (Linux 0.0.0): Executed 87 of 91[32m SUCCESS[39m (0 secs / 2.054 secs)
[1A[2KPhantomJS 1.9.8 (Linux 0.0.0): Executed 88 of 91[32m SUCCESS[39m (0 secs / 2.055 secs)
[1A[2KPhantomJS 1.9.8 (Linux 0.0.0): Executed 89 of 91[32m SUCCESS[39m (0 secs / 2.06 secs)
[1A[2KPhantomJS 1.9.8 (Linux 0.0.0): Executed 90 of 91[32m SUCCESS[39m (0 secs / 2.061 secs)
[1A[2KPhantomJS 1.9.8 (Linux 0.0.0): Executed 91 of 91[32m SUCCESS[39m (0 secs / 2.062 secs)
[1A[2KPhantomJS 1.9.8 (Linux 0.0.0): Executed 91 of 91[32m SUCCESS[39m (2.597 secs / 2.062 secs)
Missing error handler on `socket`.
TypeError: sockets.forEach is not a function
    at disconnectBrowsers (/home/zhihao/hdd/marshal-task-tmp/socketio-karma-formal/run.31ZhzT/source-code-only/node_modules/karma/lib/server.js:314:13)
    at Server.<anonymous> (/home/zhihao/hdd/marshal-task-tmp/socketio-karma-formal/run.31ZhzT/source-code-only/node_modules/karma/lib/server.js:291:7)
    at emitTwo (events.js:111:20)
    at Server.emit (events.js:191:7)
    at emitRunCompleteIfAllBrowsersDone (/home/zhihao/hdd/marshal-task-tmp/socketio-karma-formal/run.31ZhzT/source-code-only/node_modules/karma/lib/server.js:256:12)
    at Server.<anonymous> (/home/zhihao/hdd/marshal-task-tmp/socketio-karma-formal/run.31ZhzT/source-code-only/node_modules/karma/lib/server.js:278:9)
    at emitTwo (events.js:111:20)
    at Server.emit (events.js:191:7)
    at Browser.onComplete (/home/zhihao/hdd/marshal-task-tmp/socketio-karma-formal/run.31ZhzT/source-code-only/node_modules/karma/lib/browser.js:142:13)
    at Socket.<anonymous> (/home/zhihao/hdd/marshal-task-tmp/socketio-karma-formal/run.31ZhzT/source-code-only/node_modules/karma/lib/events.js:13:22)
    at emitTwo (events.js:111:20)
    at Socket.emit (events.js:191:7)
    at Socket.onevent (/home/zhihao/hdd/marshal-task-tmp/socketio-karma-formal/run.31ZhzT/source-code-only/node_modules/socket.io/lib/socket.js:327:8)
    at Socket.onpacket (/home/zhihao/hdd/marshal-task-tmp/socketio-karma-formal/run.31ZhzT/source-code-only/node_modules/socket.io/lib/socket.js:287:12)
    at Client.ondecoded (/home/zhihao/hdd/marshal-task-tmp/socketio-karma-formal/run.31ZhzT/source-code-only/node_modules/socket.io/lib/client.js:190:14)
    at Decoder.Emitter.emit (/home/zhihao/hdd/marshal-task-tmp/socketio-karma-formal/run.31ZhzT/source-code-only/node_modules/component-emitter/index.js:134:20)
[31m25 08 2026 00:03:40.642:ERROR [karma]: [39mTypeError: sockets.forEach is not a function
    at process.disconnectBrowsers (/home/zhihao/hdd/marshal-task-tmp/socketio-karma-formal/run.31ZhzT/source-code-only/node_modules/karma/lib/server.js:314:13)
    at emitNone (events.js:86:13)
    at process.emit (events.js:185:7)
    at Signal.wrap.onsignal (internal/process.js:217:44)
/home/zhihao/hdd/marshal-task-tmp/socketio-karma-formal/run.31ZhzT/source-code-only/node_modules/karma/lib/server.js:314
    sockets.forEach(function (socket) {
            ^

TypeError: sockets.forEach is not a function
    at disconnectBrowsers (/home/zhihao/hdd/marshal-task-tmp/socketio-karma-formal/run.31ZhzT/source-code-only/node_modules/karma/lib/server.js:314:13)
    at process.<anonymous> (/home/zhihao/hdd/marshal-task-tmp/socketio-karma-formal/run.31ZhzT/source-code-only/node_modules/karma/lib/server.js:355:5)
    at emitOne (events.js:96:13)
    at process.emit (events.js:188:7)
    at process._fatalException (bootstrap_node.js:307:26)
