2026-08-30 00:38:05.942 897180 INFO oslo_service.periodic_task [None req-f078a7d5-0dd5-4835-8e1a-833420add735 - - - - - -] Skipping periodic task _discover_hosts_in_cells because its interval is negative
2026-08-30 00:38:05.942 897176 INFO oslo_service.periodic_task [None req-cb4dcbda-521f-4e22-84b2-56445a876727 - - - - - -] Skipping periodic task _discover_hosts_in_cells because its interval is negative
2026-08-30 00:38:05.959 897177 INFO oslo_service.periodic_task [None req-562566ff-794a-4e4f-afff-badfde84c654 - - - - - -] Skipping periodic task _discover_hosts_in_cells because its interval is negative
2026-08-30 00:38:05.970 897175 INFO oslo_service.periodic_task [None req-ea92c12b-f787-493a-9dc9-a297fd19587f - - - - - -] Skipping periodic task _discover_hosts_in_cells because its interval is negative
2026-08-30 00:38:05.971 897174 INFO oslo_service.periodic_task [None req-aaf9748d-8c8e-4689-9d0a-2b7fe5bb850a - - - - - -] Skipping periodic task _discover_hosts_in_cells because its interval is negative
2026-08-30 00:38:05.973 897179 INFO oslo_service.periodic_task [None req-321c5830-7d9e-4561-b9de-e47f43ab50cd - - - - - -] Skipping periodic task _discover_hosts_in_cells because its interval is negative
2026-08-30 00:38:06.014 897178 INFO oslo_service.periodic_task [None req-8c0be2c8-0c6d-4042-9b95-748594ddec4c - - - - - -] Skipping periodic task _discover_hosts_in_cells because its interval is negative
2026-08-30 00:38:06.017 897181 INFO oslo_service.periodic_task [None req-fe56e036-b74f-4468-86fc-2dfd5f76479b - - - - - -] Skipping periodic task _discover_hosts_in_cells because its interval is negative
2026-08-30 00:38:06.052 897186 INFO oslo_service.periodic_task [None req-61ad6203-f7c6-422b-b742-fa84205b1258 - - - - - -] Skipping periodic task _discover_hosts_in_cells because its interval is negative
2026-08-30 00:38:06.059 897183 INFO oslo_service.periodic_task [None req-6c13f706-576b-4380-9afa-3a9bdca7d74a - - - - - -] Skipping periodic task _discover_hosts_in_cells because its interval is negative
2026-08-30 00:38:06.079 897182 INFO oslo_service.periodic_task [None req-e798da82-8289-4f0c-be2f-1449e8885fad - - - - - -] Skipping periodic task _discover_hosts_in_cells because its interval is negative
2026-08-30 00:38:06.126 897187 INFO oslo_service.periodic_task [None req-68111b4d-940c-4033-ab93-a8117354074d - - - - - -] Skipping periodic task _discover_hosts_in_cells because its interval is negative
2026-08-30 00:38:06.250 897191 INFO oslo_service.periodic_task [None req-63b2349d-f265-453b-aa59-5b5a9bb93686 - - - - - -] Skipping periodic task _discover_hosts_in_cells because its interval is negative
2026-08-30 00:38:06.279 897185 INFO oslo_service.periodic_task [None req-a2e872b7-c18c-4271-8b99-528ba069ee99 - - - - - -] Skipping periodic task _discover_hosts_in_cells because its interval is negative
2026-08-30 00:38:06.298 897184 INFO oslo_service.periodic_task [None req-0394a53b-c23c-47aa-8e83-b45824342028 - - - - - -] Skipping periodic task _discover_hosts_in_cells because its interval is negative
2026-08-30 00:38:06.340 897188 INFO oslo_service.periodic_task [None req-6e2fbfc4-54ac-43d6-8548-15e96d436ed4 - - - - - -] Skipping periodic task _discover_hosts_in_cells because its interval is negative
2026-08-30 00:38:06.340 897190 INFO oslo_service.periodic_task [None req-2cd7462d-1458-4a56-a08b-5e41ef064a4e - - - - - -] Skipping periodic task _discover_hosts_in_cells because its interval is negative
2026-08-30 00:38:06.394 897189 INFO oslo_service.periodic_task [None req-1c047905-992b-436f-91fc-2e4e3d47340e - - - - - -] Skipping periodic task _discover_hosts_in_cells because its interval is negative
{8} nova.tests.functional.test_report_client.SchedulerReportClientTests.test_allocation_candidates_root_traits_2 [8.071275s] ... ok
{15} nova.tests.functional.test_report_client.SchedulerReportClientTests.test_allocation_candidates_root_traits_1 [7.876206s] ... ok
{16} nova.tests.functional.test_report_client.SchedulerReportClientTests.test_reshape [8.041235s] ... ok
{10} nova.tests.functional.test_report_client.SchedulerReportClientTests.test__set_inventory_reserved_eq_total [8.351269s] ... ok
{4} nova.tests.functional.test_report_client.SchedulerReportClientTests.test_client_report_smoke [8.738933s] ... ok
{0} nova.tests.functional.test_report_client.SchedulerReportClientTests.test_update_from_provider_tree_reshape_conflict_retry [8.795612s] ... ok
{5} nova.tests.functional.test_report_client.SchedulerReportClientTests.test_get_provider_tree_with_nested_and_aggregates [9.185213s] ... ok
{11} nova.tests.functional.test_report_client.SchedulerReportClientTests.test_allocation_candidates_root_traits_4 [8.915177s] ... ok
{14} nova.tests.functional.test_report_client.SchedulerReportClientTests.test_alloc_cands_smoke [9.043504s] ... ok
{2} nova.tests.functional.test_report_client.SchedulerReportClientTests.test_get_allocations_for_provider_tree [9.504768s] ... ok
{3} nova.tests.functional.test_report_client.SchedulerReportClientTests.test_allocation_candidates_root_traits_5 [9.570936s] ... ok
{7} nova.tests.functional.test_report_client.SchedulerReportClientTests.test_allocation_candidates_mappings [10.523150s] ... ok
{17} nova.tests.functional.test_report_client.SchedulerReportClientTests.test_non_tree_aggregate_membership [10.295301s] ... ok
{12} nova.tests.functional.test_report_client.SchedulerReportClientTests.test_update_from_provider_tree [10.495217s] ... ok
{13} nova.tests.functional.test_report_client.SchedulerReportClientTests.test_global_request_id [11.083397s] ... ok
{6} nova.tests.functional.test_report_client.SchedulerReportClientTests.test_set_inventory_for_provider [11.536147s] ... ok
{1} nova.tests.functional.test_report_client.SchedulerReportClientTests.test_allocation_candidates_root_traits_3 [12.300186s] ... ok
{9} nova.tests.functional.test_report_client.SchedulerReportClientTests.test_update_from_provider_tree_reshape [12.212509s] ... ok

======
Totals
======
Ran: 18 tests in 12.3301 sec.
 - Passed: 18
 - Skipped: 0
 - Expected Fail: 0
 - Unexpected Success: 0
 - Failed: 0
Sum of execute time for each test: 174.5400 sec.

==============
Worker Balance
==============
 - Worker 0 (1 tests) => 0:00:08.795612
 - Worker 1 (1 tests) => 0:00:12.300186
 - Worker 2 (1 tests) => 0:00:09.504768
 - Worker 3 (1 tests) => 0:00:09.570936
 - Worker 4 (1 tests) => 0:00:08.738933
 - Worker 5 (1 tests) => 0:00:09.185213
 - Worker 6 (1 tests) => 0:00:11.536147
 - Worker 7 (1 tests) => 0:00:10.523150
 - Worker 8 (1 tests) => 0:00:08.071275
 - Worker 9 (1 tests) => 0:00:12.212509
 - Worker 10 (1 tests) => 0:00:08.351269
 - Worker 11 (1 tests) => 0:00:08.915177
 - Worker 12 (1 tests) => 0:00:10.495217
 - Worker 13 (1 tests) => 0:00:11.083397
 - Worker 14 (1 tests) => 0:00:09.043504
 - Worker 15 (1 tests) => 0:00:07.876206
 - Worker 16 (1 tests) => 0:00:08.041235
 - Worker 17 (1 tests) => 0:00:10.295301
