[INFO] Scanning for projects...
[INFO] Inspecting build with total of 1 modules...
[INFO] Installing Nexus Staging features:
[INFO]   ... total of 1 executions of maven-deploy-plugin replaced with nexus-staging-maven-plugin
Downloading from central: https://repo.maven.apache.org/maven2/org/apache/maven/plugins/maven-install-plugin/3.1.3/maven-install-plugin-3.1.3.pom
Progress (1): 792 B
Progress (1): 1.8 kB
Progress (1): 3.7 kB
Progress (1): 7.5 kB
Progress (1): 8.1 kB
                    
Downloaded from central: https://repo.maven.apache.org/maven2/org/apache/maven/plugins/maven-install-plugin/3.1.3/maven-install-plugin-3.1.3.pom (8.1 kB at 9.7 kB/s)
Downloading from central: https://repo.maven.apache.org/maven2/org/apache/maven/plugins/maven-plugins/43/maven-plugins-43.pom
Progress (1): 773 B
Progress (1): 1.8 kB
Progress (1): 4.3 kB
Progress (1): 6.8 kB
Progress (1): 7.5 kB
                    
Downloaded from central: https://repo.maven.apache.org/maven2/org/apache/maven/plugins/maven-plugins/43/maven-plugins-43.pom (7.5 kB at 24 kB/s)
Downloading from central: https://repo.maven.apache.org/maven2/org/apache/maven/maven-parent/43/maven-parent-43.pom
Progress (1): 780 B
Progress (1): 1.7 kB
Progress (1): 4.9 kB
Progress (1): 7.7 kB
Progress (1): 12 kB 
Progress (1): 16 kB
Progress (1): 19 kB
Progress (1): 23 kB
Progress (1): 26 kB
Progress (1): 27 kB
Progress (1): 30 kB
Progress (1): 33 kB
Progress (1): 36 kB
Progress (1): 39 kB
Progress (1): 42 kB
Progress (1): 44 kB
Progress (1): 48 kB
Progress (1): 50 kB
                   
Downloaded from central: https://repo.maven.apache.org/maven2/org/apache/maven/maven-parent/43/maven-parent-43.pom (50 kB at 197 kB/s)
Downloading from central: https://repo.maven.apache.org/maven2/org/apache/apache/33/apache-33.pom
Progress (1): 741 B
Progress (1): 1.6 kB
Progress (1): 3.4 kB
Progress (1): 5.2 kB
Progress (1): 7.2 kB
Progress (1): 13 kB 
Progress (1): 17 kB
Progress (1): 19 kB
Progress (1): 22 kB
Progress (1): 24 kB
                   
Downloaded from central: https://repo.maven.apache.org/maven2/org/apache/apache/33/apache-33.pom (24 kB at 105 kB/s)
Downloading from central: https://repo.maven.apache.org/maven2/org/junit/junit-bom/5.10.3/junit-bom-5.10.3.pom
Progress (1): 908 B
Progress (1): 2.2 kB
Progress (1): 5.6 kB
                    
Downloaded from central: https://repo.maven.apache.org/maven2/org/junit/junit-bom/5.10.3/junit-bom-5.10.3.pom (5.6 kB at 23 kB/s)
Downloading from central: https://repo.maven.apache.org/maven2/org/apache/maven/plugins/maven-install-plugin/3.1.3/maven-install-plugin-3.1.3.jar
Progress (1): 0.9/33 kB
Progress (1): 2.3/33 kB
Progress (1): 3.6/33 kB
Progress (1): 5.0/33 kB
Progress (1): 6.4/33 kB
Progress (1): 7.7/33 kB
Progress (1): 9.1/33 kB
Progress (1): 10/33 kB 
Progress (1): 12/33 kB
Progress (1): 13/33 kB
Progress (1): 15/33 kB
Progress (1): 16/33 kB
Progress (1): 17/33 kB
Progress (1): 19/33 kB
Progress (1): 20/33 kB
Progress (1): 21/33 kB
Progress (1): 23/33 kB
Progress (1): 24/33 kB
Progress (1): 25/33 kB
Progress (1): 30/33 kB
Progress (1): 33 kB   
                   
Downloaded from central: https://repo.maven.apache.org/maven2/org/apache/maven/plugins/maven-install-plugin/3.1.3/maven-install-plugin-3.1.3.jar (33 kB at 139 kB/s)
[INFO] 
[INFO] ----------------------< org.assertj:assertj-core >----------------------
[INFO] Building AssertJ fluent assertions 3.22.0
[INFO]   from pom.xml
[INFO] --------------------------------[ jar ]---------------------------------
[INFO] 
[INFO] --- install:3.1.3:install-file (default-cli) @ assertj-core ---
Downloading from central: https://repo.maven.apache.org/maven2/org/apache/maven/resolver/maven-resolver-util/1.9.18/maven-resolver-util-1.9.18.pom
Progress (1): 830 B
Progress (1): 2.7 kB
Progress (1): 2.9 kB
                    
Downloaded from central: https://repo.maven.apache.org/maven2/org/apache/maven/resolver/maven-resolver-util/1.9.18/maven-resolver-util-1.9.18.pom (2.9 kB at 14 kB/s)
Downloading from central: https://repo.maven.apache.org/maven2/org/apache/maven/resolver/maven-resolver/1.9.18/maven-resolver-1.9.18.pom
Progress (1): 827 B
Progress (1): 2.6 kB
Progress (1): 3.2 kB
Progress (1): 6.1 kB
Progress (1): 9.8 kB
Progress (1): 13 kB 
Progress (1): 18 kB
Progress (1): 21 kB
Progress (1): 22 kB
                   
Downloaded from central: https://repo.maven.apache.org/maven2/org/apache/maven/resolver/maven-resolver/1.9.18/maven-resolver-1.9.18.pom (22 kB at 107 kB/s)
Downloading from central: https://repo.maven.apache.org/maven2/org/apache/maven/resolver/maven-resolver-api/1.9.18/maven-resolver-api-1.9.18.pom
Progress (1): 831 B
Progress (1): 2.6 kB
Progress (1): 2.7 kB
                    
Downloaded from central: https://repo.maven.apache.org/maven2/org/apache/maven/resolver/maven-resolver-api/1.9.18/maven-resolver-api-1.9.18.pom (2.7 kB at 10 kB/s)
Downloading from central: https://repo.maven.apache.org/maven2/org/codehaus/plexus/plexus-xml/3.0.1/plexus-xml-3.0.1.pom
Progress (1): 814 B
Progress (1): 2.6 kB
Progress (1): 3.7 kB
                    
Downloaded from central: https://repo.maven.apache.org/maven2/org/codehaus/plexus/plexus-xml/3.0.1/plexus-xml-3.0.1.pom (3.7 kB at 18 kB/s)
Downloading from central: https://repo.maven.apache.org/maven2/org/codehaus/plexus/plexus/18/plexus-18.pom
Progress (1): 692 B
Progress (1): 2.5 kB
Progress (1): 6.4 kB
Progress (1): 8.9 kB
Progress (1): 10 kB 
Progress (1): 14 kB
Progress (1): 18 kB
Progress (1): 19 kB
Progress (1): 22 kB
Progress (1): 26 kB
Progress (1): 29 kB
                   
Downloaded from central: https://repo.maven.apache.org/maven2/org/codehaus/plexus/plexus/18/plexus-18.pom (29 kB at 132 kB/s)
Downloading from central: https://repo.maven.apache.org/maven2/org/apache/maven/resolver/maven-resolver-util/1.9.18/maven-resolver-util-1.9.18.jar
Progress (1): 3.8/196 kB
Progress (1): 8.0/196 kB
Progress (1): 12/196 kB 
Progress (1): 16/196 kB
Progress (1): 21/196 kB
Progress (1): 25/196 kB
Progress (1): 29/196 kB
Progress (1): 32/196 kB
Progress (1): 36/196 kB
Progress (1): 40/196 kB
Progress (1): 45/196 kB
Progress (1): 49/196 kB
Progress (1): 53/196 kB
Progress (1): 57/196 kB
Progress (1): 61/196 kB
Progress (1): 66/196 kB
Progress (1): 70/196 kB
Progress (1): 74/196 kB
Progress (1): 78/196 kB
Progress (1): 83/196 kB
Progress (1): 87/196 kB
Progress (1): 91/196 kB
Progress (1): 95/196 kB
Progress (1): 100/196 kB
Progress (1): 104/196 kB
Progress (1): 108/196 kB
Progress (1): 124/196 kB
Progress (1): 141/196 kB
Progress (1): 157/196 kB
Progress (1): 163/196 kB
Progress (1): 179/196 kB
Progress (1): 196/196 kB
Progress (1): 196 kB    
                    
Downloaded from central: https://repo.maven.apache.org/maven2/org/apache/maven/resolver/maven-resolver-util/1.9.18/maven-resolver-util-1.9.18.jar (196 kB at 419 kB/s)
Downloading from central: https://repo.maven.apache.org/maven2/org/apache/maven/resolver/maven-resolver-api/1.9.18/maven-resolver-api-1.9.18.jar
Downloading from central: https://repo.maven.apache.org/maven2/org/codehaus/plexus/plexus-xml/3.0.1/plexus-xml-3.0.1.jar
Progress (1): 7.7/157 kB
Progress (1): 16/157 kB 
Progress (1): 32/157 kB
Progress (1): 49/157 kB
Progress (1): 57/157 kB
Progress (1): 73/157 kB
Progress (1): 90/157 kB
Progress (1): 106/157 kB
Progress (1): 122/157 kB
Progress (1): 139/157 kB
Progress (1): 155/157 kB
Progress (1): 157 kB    
                    
Downloaded from central: https://repo.maven.apache.org/maven2/org/apache/maven/resolver/maven-resolver-api/1.9.18/maven-resolver-api-1.9.18.jar (157 kB at 338 kB/s)
Progress (1): 0.9/94 kB
Progress (1): 2.3/94 kB
Progress (1): 3.6/94 kB
Progress (1): 5.0/94 kB
Progress (1): 6.4/94 kB
Progress (1): 7.7/94 kB
Progress (1): 9.1/94 kB
Progress (1): 10/94 kB 
Progress (1): 11/94 kB
Progress (1): 13/94 kB
Progress (1): 14/94 kB
Progress (1): 15/94 kB
Progress (1): 17/94 kB
Progress (1): 18/94 kB
Progress (1): 20/94 kB
Progress (1): 21/94 kB
Progress (1): 22/94 kB
Progress (1): 24/94 kB
Progress (1): 25/94 kB
Progress (1): 26/94 kB
Progress (1): 28/94 kB
Progress (1): 29/94 kB
Progress (1): 31/94 kB
Progress (1): 32/94 kB
Progress (1): 33/94 kB
Progress (1): 35/94 kB
Progress (1): 36/94 kB
Progress (1): 37/94 kB
Progress (1): 39/94 kB
Progress (1): 40/94 kB
Progress (1): 41/94 kB
Progress (1): 43/94 kB
Progress (1): 44/94 kB
Progress (1): 46/94 kB
Progress (1): 47/94 kB
Progress (1): 48/94 kB
Progress (1): 50/94 kB
Progress (1): 51/94 kB
Progress (1): 52/94 kB
Progress (1): 54/94 kB
Progress (1): 55/94 kB
Progress (1): 59/94 kB
Progress (1): 64/94 kB
Progress (1): 68/94 kB
Progress (1): 72/94 kB
Progress (1): 76/94 kB
Progress (1): 81/94 kB
Progress (1): 85/94 kB
Progress (1): 89/94 kB
Progress (1): 93/94 kB
Progress (1): 94 kB   
                   
Downloaded from central: https://repo.maven.apache.org/maven2/org/codehaus/plexus/plexus-xml/3.0.1/plexus-xml-3.0.1.jar (94 kB at 77 kB/s)
[INFO] Installing /home/zhihao/hdd/marshal/.work/root-rebuild-assertj2477-vavr181/case-output-v2/replay-work/formal-github-assertj-2477--target-vavr-181/source-a0/target/assertj-core-3.22.0.jar to /home/zhihao/hdd/marshal/.work/root-rebuild-assertj2477-vavr181/case-output-v2/replay-work/formal-github-assertj-2477--target-vavr-181/m2-a0/org/assertj/assertj-core/3.22.0/assertj-core-3.22.0.jar
[INFO] Installing /home/zhihao/hdd/marshal/.work/root-rebuild-assertj2477-vavr181/case-output-v2/replay-work/formal-github-assertj-2477--target-vavr-181/source-a0/pom.xml to /home/zhihao/hdd/marshal/.work/root-rebuild-assertj2477-vavr181/case-output-v2/replay-work/formal-github-assertj-2477--target-vavr-181/m2-a0/org/assertj/assertj-core/3.22.0/assertj-core-3.22.0.pom
[INFO] ------------------------------------------------------------------------
[INFO] BUILD SUCCESS
[INFO] ------------------------------------------------------------------------
[INFO] Total time:  6.079 s
[INFO] Finished at: 2026-08-30T12:37:28+08:00
[INFO] ------------------------------------------------------------------------
