Script started on 2026-08-24 17:53:01+08:00 [COMMAND="mvn -B -ntp clean test -DskipTests=false" <not executed on terminal>]
[0m[0m[INFO] Scanning for projects...
[INFO] 
[INFO] -------------------------< io.xlate:yaml-json >-------------------------
[INFO] Building yaml-json : JSON API for YAML 0.1.1-SNAPSHOT
[INFO]   from pom.xml
[INFO] --------------------------------[ jar ]---------------------------------
[INFO] 
[INFO] --- clean:3.2.0:clean (default-clean) @ yaml-json ---
[INFO] Deleting /tmp/marshal-snakeyaml-xlate-a1a2-200-20260824/target
[INFO] 
[INFO] --- jacoco:0.8.8:prepare-agent (default) @ yaml-json ---
[INFO] argLine set to -javaagent:/home/zhihao/.m2/repository/org/jacoco/org.jacoco.agent/0.8.8/org.jacoco.agent-0.8.8-runtime.jar=destfile=/tmp/marshal-snakeyaml-xlate-a1a2-200-20260824/target/jacoco.exec
[INFO] 
[INFO] --- resources:3.3.1:resources (default-resources) @ yaml-json ---
[INFO] skip non existing resourceDirectory /tmp/marshal-snakeyaml-xlate-a1a2-200-20260824/src/main/resources
[INFO] 
[INFO] --- compiler:3.10.1:compile (default-compile) @ yaml-json ---
[INFO] Changes detected - recompiling the module!
[INFO] Compiling 19 source files to /tmp/marshal-snakeyaml-xlate-a1a2-200-20260824/target/classes
[INFO] 
[INFO] --- resources:3.3.1:testResources (default-testResources) @ yaml-json ---
[INFO] Copying 2 resources from src/test/resources to target/test-classes
[INFO] 
[INFO] --- compiler:3.10.1:testCompile (default-testCompile) @ yaml-json ---
[INFO] Changes detected - recompiling the module!
[INFO] Compiling 6 source files to /tmp/marshal-snakeyaml-xlate-a1a2-200-20260824/target/test-classes
[INFO] 
[INFO] --- surefire:3.0.0-M9:test (default-test) @ yaml-json ---
[INFO] Using auto detected provider org.apache.maven.surefire.junitplatform.JUnitPlatformProvider
[INFO] 
[INFO] -------------------------------------------------------
[INFO]  T E S T S
[INFO] -------------------------------------------------------
[INFO] Running io.xlate.yamljson.YamlParserTest
[INFO] Tests run: 46, Failures: 0, Errors: 0, Skipped: 0, Time elapsed: 2.564 s - in io.xlate.yamljson.YamlParserTest
[INFO] Running io.xlate.yamljson.YamlReaderTest
[INFO] Tests run: 9, Failures: 0, Errors: 0, Skipped: 0, Time elapsed: 0.097 s - in io.xlate.yamljson.YamlReaderTest
[INFO] Running io.xlate.yamljson.YamlWriterTest
[INFO] Tests run: 4, Failures: 0, Errors: 0, Skipped: 0, Time elapsed: 0.097 s - in io.xlate.yamljson.YamlWriterTest
[INFO] Running io.xlate.yamljson.YamlProviderTest
[WARNING] Tests run: 3, Failures: 0, Errors: 0, Skipped: 1, Time elapsed: 0.008 s - in io.xlate.yamljson.YamlProviderTest
[INFO] Running io.xlate.yamljson.YamlGeneratorTest
[INFO] Tests run: 16, Failures: 0, Errors: 0, Skipped: 0, Time elapsed: 0.035 s - in io.xlate.yamljson.YamlGeneratorTest
[INFO] 
[INFO] Results:
[INFO] 
[WARNING] Tests run: 78, Failures: 0, Errors: 0, Skipped: 1
[INFO] 
[INFO] 
[INFO] --- surefire:3.0.0-M9:test (yaml-1.1) @ yaml-json ---
[INFO] Using auto detected provider org.apache.maven.surefire.junitplatform.JUnitPlatformProvider
[INFO] 
[INFO] -------------------------------------------------------
[INFO]  T E S T S
[INFO] -------------------------------------------------------
[INFO] Running io.xlate.yamljson.YamlParserTest
[INFO] Tests run: 41, Failures: 0, Errors: 0, Skipped: 0, Time elapsed: 2.114 s - in io.xlate.yamljson.YamlParserTest
[INFO] Running io.xlate.yamljson.YamlReaderTest
[INFO] Tests run: 7, Failures: 0, Errors: 0, Skipped: 0, Time elapsed: 0.068 s - in io.xlate.yamljson.YamlReaderTest
[INFO] Running io.xlate.yamljson.YamlWriterTest
[INFO] Tests run: 2, Failures: 0, Errors: 0, Skipped: 0, Time elapsed: 0.055 s - in io.xlate.yamljson.YamlWriterTest
[INFO] Running io.xlate.yamljson.YamlProviderTest
[WARNING] Tests run: 2, Failures: 0, Errors: 0, Skipped: 1, Time elapsed: 0.006 s - in io.xlate.yamljson.YamlProviderTest
[INFO] Running io.xlate.yamljson.YamlGeneratorTest
[INFO] Tests run: 8, Failures: 0, Errors: 0, Skipped: 0, Time elapsed: 0.019 s - in io.xlate.yamljson.YamlGeneratorTest
[INFO] 
[INFO] Results:
[INFO] 
[WARNING] Tests run: 60, Failures: 0, Errors: 0, Skipped: 1
[INFO] 
[INFO] 
[INFO] --- surefire:3.0.0-M9:test (yaml-1.2) @ yaml-json ---
[INFO] Using auto detected provider org.apache.maven.surefire.junitplatform.JUnitPlatformProvider
[INFO] 
[INFO] -------------------------------------------------------
[INFO]  T E S T S
[INFO] -------------------------------------------------------
[INFO] Running io.xlate.yamljson.YamlParserTest
[INFO] Tests run: 41, Failures: 0, Errors: 0, Skipped: 0, Time elapsed: 2.029 s - in io.xlate.yamljson.YamlParserTest
[INFO] Running io.xlate.yamljson.YamlReaderTest
[INFO] Tests run: 7, Failures: 0, Errors: 0, Skipped: 0, Time elapsed: 0.065 s - in io.xlate.yamljson.YamlReaderTest
[INFO] Running io.xlate.yamljson.YamlWriterTest
[INFO] Tests run: 2, Failures: 0, Errors: 0, Skipped: 0, Time elapsed: 0.06 s - in io.xlate.yamljson.YamlWriterTest
[INFO] Running io.xlate.yamljson.YamlProviderTest
[WARNING] Tests run: 2, Failures: 0, Errors: 0, Skipped: 1, Time elapsed: 0.006 s - in io.xlate.yamljson.YamlProviderTest
[INFO] Running io.xlate.yamljson.YamlGeneratorTest
[INFO] Tests run: 8, Failures: 0, Errors: 0, Skipped: 0, Time elapsed: 0.019 s - in io.xlate.yamljson.YamlGeneratorTest
[INFO] 
[INFO] Results:
[INFO] 
[WARNING] Tests run: 60, Failures: 0, Errors: 0, Skipped: 1
[INFO] 
[INFO] 
[INFO] --- surefire:3.0.0-M9:test (yaml-missing) @ yaml-json ---
[INFO] Using auto detected provider org.apache.maven.surefire.junitplatform.JUnitPlatformProvider
[INFO] 
[INFO] -------------------------------------------------------
[INFO]  T E S T S
[INFO] -------------------------------------------------------
[INFO] Running io.xlate.yamljson.YamlParserTest
[WARNING] Tests run: 11, Failures: 0, Errors: 0, Skipped: 11, Time elapsed: 0.021 s - in io.xlate.yamljson.YamlParserTest
[INFO] Running io.xlate.yamljson.YamlReaderTest
[WARNING] Tests run: 4, Failures: 0, Errors: 0, Skipped: 4, Time elapsed: 0 s - in io.xlate.yamljson.YamlReaderTest
[INFO] Running io.xlate.yamljson.YamlWriterTest
[WARNING] Tests run: 2, Failures: 0, Errors: 0, Skipped: 2, Time elapsed: 0 s - in io.xlate.yamljson.YamlWriterTest
[INFO] Running io.xlate.yamljson.YamlProviderTest
[INFO] Tests run: 1, Failures: 0, Errors: 0, Skipped: 0, Time elapsed: 0.046 s - in io.xlate.yamljson.YamlProviderTest
[INFO] Running io.xlate.yamljson.YamlGeneratorTest
[WARNING] Tests run: 8, Failures: 0, Errors: 0, Skipped: 8, Time elapsed: 0 s - in io.xlate.yamljson.YamlGeneratorTest
[INFO] 
[INFO] Results:
[INFO] 
[WARNING] Tests run: 5, Failures: 0, Errors: 0, Skipped: 4
[INFO] 
[INFO] 
[INFO] --- jacoco:0.8.8:report (report) @ yaml-json ---
[INFO] Loading execution data file /tmp/marshal-snakeyaml-xlate-a1a2-200-20260824/target/jacoco.exec
[INFO] Analyzed bundle 'yaml-json : JSON API for YAML' with 27 classes
[INFO] ------------------------------------------------------------------------
[INFO] BUILD SUCCESS
[INFO] ------------------------------------------------------------------------
[INFO] Total time:  14.507 s
[INFO] Finished at: 2026-08-24T17:53:17+08:00
[INFO] ------------------------------------------------------------------------
[0m[0m
Script done on 2026-08-24 17:53:17+08:00 [COMMAND_EXIT_CODE="0"]
