[INFO] Scanning for projects...
[INFO] 
[INFO] -------------------------< com.equinor:neqsim >-------------------------
[INFO] Building neqsim 2.3.3
[INFO]   from pom.xml
[INFO] --------------------------------[ jar ]---------------------------------
[INFO] 
[INFO] --- clean:3.2.0:clean (default-clean) @ neqsim ---
[INFO] 
[INFO] --- flatten:1.2.7:clean (flatten.clean) @ neqsim ---
[INFO] 
[INFO] --- enforcer:3.0.0:enforce (enforce-maven) @ neqsim ---
[INFO] 
[INFO] --- jacoco:0.8.7:prepare-agent (default) @ neqsim ---
[INFO] argLine set to -javaagent:/tmp/marshal-log4j-screening.GTMCHm/m2/org/jacoco/org.jacoco.agent/0.8.7/org.jacoco.agent-0.8.7-runtime.jar=destfile=/tmp/marshal-log4j-screening.GTMCHm/consumers/a3-after/neqsim/target/jacoco.exec,excludes=neqsim/physicalProperties/util/parameterFitting/**/*:neqsim/fluidMechanics/util/parameterFitting/**/*:neqsim/PVTsimulation/util/parameterFitting/**/*:neqsim/thermo/util/parameterFitting/**/*:neqsim/statistics/util/parameterFitting/**/*:neqsim/PVTsimulation/util/parameterfitting/**/*
[INFO] 
[INFO] --- resources:3.3.1:resources (default-resources) @ neqsim ---
[INFO] Copying 222 resources from src/main/resources to target/classes
[INFO] 
[INFO] --- flatten:1.2.7:flatten (flatten) @ neqsim ---
[INFO] Generating flattened POM of project com.equinor:neqsim:jar:2.3.3...
[INFO] 
[INFO] --- compiler:3.9.0:compile (default-compile) @ neqsim ---
[INFO] Changes detected - recompiling the module!
[INFO] Compiling 907 source files to /tmp/marshal-log4j-screening.GTMCHm/consumers/a3-after/neqsim/target/classes
[INFO] /tmp/marshal-log4j-screening.GTMCHm/consumers/a3-after/neqsim/src/main/java/neqsim/thermo/system/SystemThermo.java: Some input files use or override a deprecated API.
[INFO] /tmp/marshal-log4j-screening.GTMCHm/consumers/a3-after/neqsim/src/main/java/neqsim/thermo/system/SystemThermo.java: Recompile with -Xlint:deprecation for details.
[INFO] 
[INFO] --- resources:3.3.1:testResources (default-testResources) @ neqsim ---
[INFO] skip non existing resourceDirectory /tmp/marshal-log4j-screening.GTMCHm/consumers/a3-after/neqsim/src/test/resources
[INFO] 
[INFO] --- compiler:3.9.0:testCompile (default-testCompile) @ neqsim ---
[INFO] Changes detected - recompiling the module!
[INFO] Compiling 212 source files to /tmp/marshal-log4j-screening.GTMCHm/consumers/a3-after/neqsim/target/test-classes
[INFO] /tmp/marshal-log4j-screening.GTMCHm/consumers/a3-after/neqsim/src/test/java/neqsim/processSimulation/util/example/multiThreadTest.java: Some input files use or override a deprecated API.
[INFO] /tmp/marshal-log4j-screening.GTMCHm/consumers/a3-after/neqsim/src/test/java/neqsim/processSimulation/util/example/multiThreadTest.java: Recompile with -Xlint:deprecation for details.
[INFO] 
[INFO] --- surefire:3.0.0-M5:test (default-test) @ neqsim ---
[INFO] 
[INFO] -------------------------------------------------------
[INFO]  T E S T S
[INFO] -------------------------------------------------------
[INFO] Running neqsim.thermo.system.SystemSrkSchwartzentruberEosTest
[INFO] Tests run: 9, Failures: 0, Errors: 0, Skipped: 0, Time elapsed: 1.615 s - in neqsim.thermo.system.SystemSrkSchwartzentruberEosTest
[INFO] Running neqsim.thermo.system.SystemThermoAddComponentTest
[INFO] Tests run: 4, Failures: 0, Errors: 0, Skipped: 0, Time elapsed: 0.08 s - in neqsim.thermo.system.SystemThermoAddComponentTest
[INFO] Running neqsim.thermo.system.SystemUMRPRUMCEosNewTest
Cricondenbar 42.55193248668678 130.6861407275032
molar volume gas+oil is 486.6435506862638
molar volume gas is 243.3217753431319
molar volume liquid is 243.3217753431319
[WARNING] Tests run: 9, Failures: 0, Errors: 0, Skipped: 2, Time elapsed: 0.841 s - in neqsim.thermo.system.SystemUMRPRUMCEosNewTest
[INFO] Running neqsim.thermo.system.SystemPropertiesTest
[INFO] Tests run: 1, Failures: 0, Errors: 0, Skipped: 0, Time elapsed: 0.026 s - in neqsim.thermo.system.SystemPropertiesTest
[INFO] Running neqsim.thermo.system.SystemPrEoSTest
[INFO] Tests run: 10, Failures: 0, Errors: 0, Skipped: 0, Time elapsed: 0.163 s - in neqsim.thermo.system.SystemPrEoSTest
[INFO] Running neqsim.thermo.system.SystemElectrolyteCPATest
[INFO] Tests run: 2, Failures: 0, Errors: 0, Skipped: 0, Time elapsed: 0.263 s - in neqsim.thermo.system.SystemElectrolyteCPATest
[INFO] Running neqsim.thermo.system.SystemSrkCPAstatoilTest
[INFO] Tests run: 4, Failures: 0, Errors: 0, Skipped: 0, Time elapsed: 0.525 s - in neqsim.thermo.system.SystemSrkCPAstatoilTest
[INFO] Running neqsim.thermo.system.SystemThermoSetMolarCompositionTest
19:27:36.496 [main] ERROR neqsim.thermo.system.SystemThermo - must be larger than 0 (1e-100) when setting molar composition
neqsim.thermo.system.SystemSrkEos@2295bced
neqsim.thermo.system.SystemSrkEos@9ec7b1
neqsim.thermo.system.SystemSrkEos@6cfa1cb2
19:27:36.705 [main] ERROR neqsim.thermo.system.SystemThermo - must be larger than 0 (1e-100) when setting molar composition
19:27:36.715 [main] ERROR neqsim.thermo.system.SystemThermo - must be larger than 0 (1e-100) when setting molar composition
[INFO] Tests run: 6, Failures: 0, Errors: 0, Skipped: 0, Time elapsed: 0.238 s - in neqsim.thermo.system.SystemThermoSetMolarCompositionTest
[INFO] Running neqsim.thermo.component.ComponentHydrateGFTest
[INFO] Tests run: 1, Failures: 0, Errors: 0, Skipped: 0, Time elapsed: 0.789 s - in neqsim.thermo.component.ComponentHydrateGFTest
[INFO] Running neqsim.thermo.component.ComponentTest
[INFO] Tests run: 2, Failures: 0, Errors: 0, Skipped: 0, Time elapsed: 0.009 s - in neqsim.thermo.component.ComponentTest
[INFO] Running neqsim.thermo.util.example.VapourPressureTTest
[INFO] Tests run: 1, Failures: 0, Errors: 0, Skipped: 0, Time elapsed: 0.049 s - in neqsim.thermo.util.example.VapourPressureTTest
[INFO] Running neqsim.thermo.util.example.FlashWaterTest
[INFO] Tests run: 2, Failures: 0, Errors: 0, Skipped: 0, Time elapsed: 0.062 s - in neqsim.thermo.util.example.FlashWaterTest
[INFO] Running neqsim.thermo.util.example.FlashGasTest
[INFO] Tests run: 2, Failures: 0, Errors: 0, Skipped: 0, Time elapsed: 1.13 s - in neqsim.thermo.util.example.FlashGasTest
[INFO] Running neqsim.thermo.util.example.FlashOilTest
[INFO] Tests run: 2, Failures: 0, Errors: 0, Skipped: 0, Time elapsed: 1.227 s - in neqsim.thermo.util.example.FlashOilTest
[INFO] Running neqsim.thermo.util.example.SrkEoSTest
[WARNING] Tests run: 5, Failures: 0, Errors: 0, Skipped: 2, Time elapsed: 0.047 s - in neqsim.thermo.util.example.SrkEoSTest
[INFO] Running neqsim.thermo.util.example.KlabFlashBugTest
[INFO] Tests run: 2, Failures: 0, Errors: 0, Skipped: 0, Time elapsed: 0.868 s - in neqsim.thermo.util.example.KlabFlashBugTest
[INFO] Running neqsim.thermo.util.example.SrkOilCharacterizationTest
[INFO] Tests run: 4, Failures: 0, Errors: 0, Skipped: 0, Time elapsed: 0.157 s - in neqsim.thermo.util.example.SrkOilCharacterizationTest
[INFO] Running neqsim.thermo.util.readwrite.EclipseFluidReadWriteTest
[INFO] Tests run: 3, Failures: 0, Errors: 0, Skipped: 0, Time elapsed: 1.845 s - in neqsim.thermo.util.readwrite.EclipseFluidReadWriteTest
[INFO] Running neqsim.fluidMechanics.flowSystem.onePhaseFlowSystem.pipeFlowSystem.PipeFlowSystemTest
[INFO] Tests run: 5, Failures: 0, Errors: 0, Skipped: 0, Time elapsed: 3.421 s - in neqsim.fluidMechanics.flowSystem.onePhaseFlowSystem.pipeFlowSystem.PipeFlowSystemTest
[INFO] Running neqsim.PVTsimulation.simulation.SaturationTemperatureTest
[INFO] Tests run: 1, Failures: 0, Errors: 0, Skipped: 0, Time elapsed: 0.174 s - in neqsim.PVTsimulation.simulation.SaturationTemperatureTest
[INFO] Running neqsim.PVTsimulation.simulation.SaturationPressureTest
[INFO] Tests run: 1, Failures: 0, Errors: 0, Skipped: 0, Time elapsed: 0.166 s - in neqsim.PVTsimulation.simulation.SaturationPressureTest
[INFO] Running neqsim.physicalProperties.physicalPropertyMethods.commonPhasePhysicalProperties.viscosity.FrictionTheoryViscosityMethodTest
[INFO] Tests run: 1, Failures: 0, Errors: 0, Skipped: 0, Time elapsed: 0.022 s - in neqsim.physicalProperties.physicalPropertyMethods.commonPhasePhysicalProperties.viscosity.FrictionTheoryViscosityMethodTest
[INFO] Running neqsim.physicalProperties.physicalPropertyMethods.liquidPhysicalProperties.density.CostaldTest
[INFO] Tests run: 1, Failures: 0, Errors: 0, Skipped: 0, Time elapsed: 0.04 s - in neqsim.physicalProperties.physicalPropertyMethods.liquidPhysicalProperties.density.CostaldTest
[INFO] Running neqsim.processSimulation.processSystem.GlycolRigTest
error iter 4.6882890898317555 iteration 1
error iter 0.2365945005023491 iteration 2
error iter 0.04668309884095834 iteration 3
error iter 0.009296042100913837 iteration 4
error iter 0.0018497586021908319 iteration 5
error iter 3.6806287891977263E-4 iteration 6
error iter 7.32360658730613E-5 iteration 7
stripping gas recirc recycle error: 0.46890780402814436
error iter 1.2775902860100814 iteration 1
error iter 0.2237996642335247 iteration 2
error iter 0.03928610352602391 iteration 3
error iter 0.006957066014138036 iteration 4
error iter 0.0012349537547606815 iteration 5
error iter 2.1932734949814403E-4 iteration 6
error iter 3.8956169532866625E-5 iteration 7
stripping gas recirc recycle error: 0.03080326494607491
error iter 0.13342113347556506 iteration 1
error iter 0.02316672652756324 iteration 2
error iter 0.004065147992037055 iteration 3
error iter 7.159870765462983E-4 iteration 4
error iter 1.2616629226158693E-4 iteration 5
error iter 2.2233985816910717E-5 iteration 6
stripping gas recirc recycle error: 0.002759255281992501
error iter 0.01203063321696618 iteration 1
error iter 0.0020940092607588667 iteration 2
error iter 3.6772815764152256E-4 iteration 3
error iter 6.474969541159226E-5 iteration 4
stripping gas recirc recycle error: 2.467930853125022E-4
error iter 0.001087762790632496 iteration 1
error iter 1.8940204654427362E-4 iteration 2
error iter 3.326435819417384E-5 iteration 3
stripping gas recirc recycle error: 2.2231555615037646E-5
error iter 1.0282535009764615E-4 iteration 1
error iter 1.7913959084125963E-5 iteration 2
FEED gas recirc recycle error: 0.057651627341844834
error iter 3.146625260797009E-6 iteration 1
stripping gas recirc recycle error: 0.036196753737225806
error iter 0.1597953343429026 iteration 1
error iter 0.0304212433852058 iteration 2
error iter 0.005282669687574071 iteration 3
error iter 9.232007693071864E-4 iteration 4
error iter 1.6149247983321402E-4 iteration 5
error iter 2.8253678522105474E-5 iteration 6
stripping gas recirc recycle error: 0.003400158338943221
error iter 0.015146614268473968 iteration 1
error iter 0.0026033086144821027 iteration 2
error iter 4.534531148578935E-4 iteration 3
error iter 7.926522391699109E-5 iteration 4
stripping gas recirc recycle error: 2.958811612916168E-4
error iter 0.0013321891597684044 iteration 1
error iter 2.2912227444749078E-4 iteration 2
error iter 3.991794915236824E-5 iteration 3
stripping gas recirc recycle error: 2.5926546564261632E-5
error iter 1.2250595455043367E-4 iteration 1
error iter 2.108700891767512E-5 iteration 2
FEED gas recirc recycle error: 2.2364149472159208E-7
wtpRichTEG 97.08808480434064
wtpWaterFromReboil 99.36939693753365
wtpWaterFromStripper 99.88825515775525
water to regenerator 11.644944174949451
TEG to regenerator 388.3523392173625
nitrogen to regenerator 0.0027166076880303603
water liquid from regenerator 2.490983341179188
water gas from regenerator 11.483730748831599
water balance -7.2986345664993735E-6
wt water to reboil 2.911236043737363
wt water from mixer 2.911163522345802
stripping gas rate 13.201565333319593
[INFO] Tests run: 1, Failures: 0, Errors: 0, Skipped: 0, Time elapsed: 11.758 s - in neqsim.processSimulation.processSystem.GlycolRigTest
[INFO] Running neqsim.processSimulation.processSystem.ProcessSystemTest
[INFO] Tests run: 41, Failures: 0, Errors: 0, Skipped: 0, Time elapsed: 0.866 s - in neqsim.processSimulation.processSystem.ProcessSystemTest
[INFO] Running neqsim.processSimulation.processSystem.ProcessSystemRunTransientTest
[INFO] Tests run: 4, Failures: 0, Errors: 0, Skipped: 0, Time elapsed: 3.105 s - in neqsim.processSimulation.processSystem.ProcessSystemRunTransientTest
[INFO] Running neqsim.processSimulation.processSystem.ProcessSystemControllerTest
flow rate 68.22905356523651 controller response 101.5101696106094 valve opening 100.0 pressure 5.0
flow rate 66.45982997585511 controller response 98.87794510722424 valve opening 100.0 pressure 5.0
flow rate 65.10221532972265 controller response 96.85810625861721 valve opening 100.0 pressure 5.0
flow rate 64.78800297955623 controller response 96.39062580428785 valve opening 100.0 pressure 5.0
flow rate 65.2746719941209 controller response 97.11468471513652 valve opening 100.0 pressure 5.0
flow rate 65.89110174152808 controller response 98.03179971149952 valve opening 100.0 pressure 5.0
flow rate 66.84951112569853 controller response 99.4577069175921 valve opening 100.0 pressure 5.0
flow rate 65.16092819487197 controller response 96.94545838484795 valve opening 100.0 pressure 5.0
flow rate 66.04734639005522 controller response 98.26425817228676 valve opening 100.0 pressure 5.0
flow rate 65.27337185166743 controller response 97.1127503825602 valve opening 100.0 pressure 5.0
flow rate 65.16463440725455 controller response 96.95097243242601 valve opening 100.0 pressure 5.0
flow rate 64.59670831755322 controller response 96.10602045552743 valve opening 100.0 pressure 5.0
flow rate 63.67638757047986 controller response 94.73678095637094 valve opening 100.0 pressure 5.0
flow rate 63.94036411791444 controller response 95.12952133166701 valve opening 100.0 pressure 5.0
flow rate 64.87085859539627 controller response 96.51389715538565 valve opening 100.0 pressure 5.0
flow rate 64.37325119314684 controller response 95.7735642742687 valve opening 100.0 pressure 5.0
flow rate 65.2040419199392 controller response 97.00960234281645 valve opening 100.0 pressure 5.0
flow rate 64.62986564755822 controller response 96.15535143722458 valve opening 100.0 pressure 5.0
flow rate 65.4018524760094 controller response 97.30390194171467 valve opening 100.0 pressure 5.0
flow rate 64.54006568194069 controller response 96.0217483859651 valve opening 100.0 pressure 5.0
flow rate 64.12150762638257 controller response 95.39902394540152 valve opening 100.0 pressure 5.0
flow rate 65.01297560872024 controller response 96.72533673095108 valve opening 100.0 pressure 5.0
flow rate 64.97026547329742 controller response 96.6617932276441 valve opening 100.0 pressure 5.0
flow rate 63.72563855901581 controller response 94.81005584351264 valve opening 100.0 pressure 5.0
flow rate 63.49819430200108 controller response 94.47166766574829 valve opening 100.0 pressure 5.0
flow rate 64.53639397909802 controller response 96.01628568116637 valve opening 100.0 pressure 5.0
flow rate 63.636542958718984 controller response 94.67750073648564 valve opening 100.0 pressure 5.0
flow rate 64.8859635494394 controller response 96.53637008102004 valve opening 100.0 pressure 5.0
flow rate 65.84532657127475 controller response 97.96369609502587 valve opening 100.0 pressure 5.0
flow rate 64.39992652325878 controller response 95.81325143307552 valve opening 100.0 pressure 5.0
flow rate 64.9880802412102 controller response 96.68829777399066 valve opening 100.0 pressure 5.0
flow rate 64.95497616963418 controller response 96.63904602939077 valve opening 100.0 pressure 5.0
flow rate 63.717686048609494 controller response 94.79822421698417 valve opening 100.0 pressure 5.0
flow rate 63.01094019654132 controller response 93.7467382653809 valve opening 100.0 pressure 5.0
flow rate 64.16616318281905 controller response 95.46546181711531 valve opening 100.0 pressure 5.0
flow rate 64.3259243977942 controller response 95.70315217308399 valve opening 100.0 pressure 5.0
flow rate 64.4489514307007 controller response 95.886189960133 valve opening 100.0 pressure 5.0
flow rate 65.51355981522447 controller response 97.4700984570984 valve opening 100.0 pressure 5.0
flow rate 65.60362537357605 controller response 97.60409665327151 valve opening 100.0 pressure 5.0
flow rate 64.70322871529447 controller response 96.26449991664683 valve opening 100.0 pressure 5.0
flow rate 65.70962659834257 controller response 97.76180369657229 valve opening 100.0 pressure 5.0
flow rate 65.51253676868305 controller response 97.46857638369254 valve opening 100.0 pressure 5.0
flow rate 64.14928858822174 controller response 95.44035604662353 valve opening 100.0 pressure 5.0
flow rate 63.345785885508924 controller response 94.24491669384153 valve opening 100.0 pressure 5.0
flow rate 63.21443485721256 controller response 94.04949459043881 valve opening 100.0 pressure 5.0
flow rate 64.0838929339533 controller response 95.3430613662828 valve opening 100.0 pressure 5.0
flow rate 64.99407882803355 controller response 96.69722238211644 valve opening 100.0 pressure 5.0
flow rate 63.7533980309859 controller response 94.85135597242753 valve opening 100.0 pressure 5.0
flow rate 65.22602297193741 controller response 97.04230542456776 valve opening 100.0 pressure 5.0
flow rate 65.87169647645048 controller response 98.0029288471619 valve opening 100.0 pressure 5.0
flow rate 65.8825836651805 controller response 98.01912664438782 valve opening 100.0 pressure 5.0
flow rate 65.64869082940676 controller response 97.67114436719866 valve opening 100.0 pressure 5.0
flow rate 64.25714769415555 controller response 95.60082721785145 valve opening 100.0 pressure 5.0
flow rate 64.40167610782693 controller response 95.81585443893556 valve opening 100.0 pressure 5.0
flow rate 64.99784157528953 controller response 96.70282054143706 valve opening 100.0 pressure 5.0
flow rate 61.33408066026625 controller response 91.25193162442845 valve opening 100.0 pressure 5.0
flow rate 59.49241789814425 controller response 88.51193319883402 valve opening 100.0 pressure 5.0
flow rate 58.56457121741124 controller response 87.13149672767892 valve opening 100.0 pressure 5.0
flow rate 58.338200317007136 controller response 86.79470547389207 valve opening 100.0 pressure 5.0
flow rate 56.46822180248919 controller response 84.01257929365111 valve opening 100.0 pressure 5.0
flow rate 56.973603376678774 controller response 84.76447847198284 valve opening 100.0 pressure 5.0
flow rate 56.39273507201762 controller response 83.90027126044355 valve opening 100.0 pressure 5.0
flow rate 56.67530869227014 controller response 84.3206800836715 valve opening 100.0 pressure 5.0
flow rate 56.65077912107952 controller response 84.28418535302637 valve opening 100.0 pressure 5.0
flow rate 56.63297534151055 controller response 84.25769715497403 valve opening 100.0 pressure 5.0
flow rate 55.165636736941224 controller response 82.07461263536231 valve opening 100.0 pressure 5.0
flow rate 55.25278383850768 controller response 82.2042687950015 valve opening 100.0 pressure 5.0
flow rate 54.351010652928004 controller response 80.86262408156622 valve opening 100.0 pressure 5.0
flow rate 54.14496644447311 controller response 80.5560745772918 valve opening 100.0 pressure 5.0
flow rate 53.0182429862065 controller response 78.87975219882675 valve opening 100.0 pressure 5.0
flow rate 53.609440256789284 controller response 79.75932669201251 valve opening 100.0 pressure 5.0
flow rate 53.33710901941657 controller response 79.35415633347098 valve opening 100.0 pressure 5.0
flow rate 54.34158313604772 controller response 80.84859796237626 valve opening 100.0 pressure 5.0
flow rate 54.871258338702425 controller response 81.63664083928062 valve opening 100.0 pressure 5.0
flow rate 54.066649279249376 controller response 80.43955546541986 valve opening 100.0 pressure 5.0
flow rate 54.90491939690726 controller response 81.68672126029038 valve opening 100.0 pressure 5.0
flow rate 55.791833199208355 controller response 83.00625840461696 valve opening 100.0 pressure 5.0
flow rate 56.231088698704 controller response 83.65977619397869 valve opening 100.0 pressure 5.0
flow rate 55.841798540270524 controller response 83.08059609480674 valve opening 100.0 pressure 5.0
flow rate 55.78638690753624 controller response 82.9981554929907 valve opening 100.0 pressure 5.0
flow rate 56.229685366665954 controller response 83.65768833747538 valve opening 100.0 pressure 5.0
flow rate 54.873678497002174 controller response 81.64024151475033 valve opening 100.0 pressure 5.0
flow rate 55.531028554816636 controller response 82.61823713942194 valve opening 100.0 pressure 5.0
flow rate 56.52139882000163 controller response 84.09169526822497 valve opening 100.0 pressure 5.0
flow rate 56.070132061148506 controller response 83.42030730610101 valve opening 100.0 pressure 5.0
flow rate 56.93686626921175 controller response 84.70982155069909 valve opening 100.0 pressure 5.0
flow rate 57.60288661342925 controller response 85.70071669833574 valve opening 100.0 pressure 5.0
flow rate 56.902536623211795 controller response 84.6587464147265 valve opening 100.0 pressure 5.0
flow rate 55.880846929216304 controller response 83.13869170624767 valve opening 100.0 pressure 5.0
flow rate 56.067297833913926 controller response 83.41609058503775 valve opening 100.0 pressure 5.0
flow rate 56.4536760395918 controller response 83.99093832427404 valve opening 100.0 pressure 5.0
flow rate 55.78121986514622 controller response 82.99046804428686 valve opening 100.0 pressure 5.0
flow rate 55.75081152924982 controller response 82.94522697507766 valve opening 100.0 pressure 5.0
flow rate 54.27361150924224 controller response 80.7474707884644 valve opening 100.0 pressure 5.0
flow rate 55.32279801751401 controller response 82.3084348476536 valve opening 100.0 pressure 5.0
flow rate 56.371393711356426 controller response 83.86851990193513 valve opening 100.0 pressure 5.0
flow rate 56.20718322382344 controller response 83.62420998452768 valve opening 100.0 pressure 5.0
flow rate 56.32434275290272 controller response 83.79851818678 valve opening 100.0 pressure 5.0
flow rate 56.41499842878219 controller response 83.93339435102125 valve opening 100.0 pressure 5.0
flow rate 56.72774323151471 controller response 84.39869141013791 valve opening 100.0 pressure 5.0
flow rate 55.51377585167296 controller response 82.5925688246669 valve opening 100.0 pressure 5.0
flow rate 56.52238002992379 controller response 84.09315509773192 valve opening 100.0 pressure 5.0
flow rate 56.08496777973968 controller response 83.44237966724039 valve opening 100.0 pressure 5.0
flow rate 55.99240262007716 controller response 83.30466260146873 valve opening 100.0 pressure 5.0
flow rate 56.89186847256523 controller response 84.64287449909848 valve opening 100.0 pressure 5.0
flow rate 55.643286091094225 controller response 82.78525222980007 valve opening 100.0 pressure 5.0
flow rate 56.38282589015759 controller response 83.88552852727115 valve opening 100.0 pressure 5.0
flow rate 55.253978473829164 controller response 82.20604615563849 valve opening 100.0 pressure 5.0
flow rate 56.085444455661346 controller response 83.44308885857643 valve opening 100.0 pressure 5.0
flow rate 55.51206575216674 controller response 82.59002456409372 valve opening 100.0 pressure 5.0
flow rate 54.34535614201318 controller response 80.85421138445203 valve opening 100.0 pressure 5.0
flow rate 54.9053814868442 controller response 81.68740875081562 valve opening 100.0 pressure 5.0
flow rate 55.82089210260839 controller response 83.04949180825801 valve opening 100.0 pressure 5.0
flow rate 54.8271212780216 controller response 81.57097437782897 valve opening 100.0 pressure 5.0
flow rate 54.06512544270427 controller response 80.4372883241058 valve opening 100.0 pressure 5.0
flow rate 54.93578313313589 controller response 81.73263986733055 valve opening 100.0 pressure 5.0
flow rate 53.90765080879938 controller response 80.20299990939453 valve opening 100.0 pressure 5.0
flow rate 54.0891413583122 controller response 80.47301884562603 valve opening 100.0 pressure 5.0
flow rate 53.74435316648997 controller response 79.96004810951362 valve opening 100.0 pressure 5.0
flow rate 53.96544261687297 controller response 80.28898170062728 valve opening 100.0 pressure 5.0
flow rate 52.923699858135635 controller response 78.73909234111937 valve opening 100.0 pressure 5.0
flow rate 52.60991240934523 controller response 78.27224404872821 valve opening 100.0 pressure 5.0
flow rate 53.0973314070839 controller response 78.99741877337203 valve opening 100.0 pressure 5.0
flow rate 53.47230825412649 controller response 79.55530374105598 valve opening 100.0 pressure 5.0
flow rate 53.760935459180814 controller response 79.9847189975829 valve opening 100.0 pressure 5.0
flow rate 53.740800967849694 controller response 79.95476320128718 valve opening 100.0 pressure 5.0
flow rate 54.695913871127956 controller response 81.37576595220996 valve opening 100.0 pressure 5.0
flow rate 55.187227299802764 controller response 82.1067347531924 valve opening 100.0 pressure 5.0
flow rate 54.595155616364934 controller response 81.22585932158546 valve opening 100.0 pressure 5.0
flow rate 55.83852232770992 controller response 83.0757217945588 valve opening 100.0 pressure 5.0
flow rate 54.853813425741876 controller response 81.61068655762297 valve opening 100.0 pressure 5.0
flow rate 55.06843271138241 controller response 81.92999393400687 valve opening 100.0 pressure 5.0
flow rate 54.748870363080314 controller response 81.45455383214048 valve opening 100.0 pressure 5.0
flow rate 53.77687870529584 controller response 80.00843912167534 valve opening 100.0 pressure 5.0
flow rate 54.48624321942051 controller response 81.06382107968084 valve opening 100.0 pressure 5.0
flow rate 53.576664221751734 controller response 79.71056299528833 valve opening 100.0 pressure 5.0
flow rate 53.84904310811836 controller response 80.11580424529319 valve opening 100.0 pressure 5.0
flow rate 54.54369380903798 controller response 81.14929521117712 valve opening 100.0 pressure 5.0
flow rate 55.077484062494804 controller response 81.94346039937057 valve opening 100.0 pressure 5.0
flow rate 55.00285207813826 controller response 81.83242404470143 valve opening 100.0 pressure 5.0
flow rate 53.73388800966796 controller response 79.9444782050742 valve opening 100.0 pressure 5.0
flow rate 52.760584557284545 controller response 78.4964118261442 valve opening 100.0 pressure 5.0
flow rate 52.74164685545696 controller response 78.46823659544557 valve opening 100.0 pressure 5.0
flow rate 54.182563492170125 controller response 80.61201090484073 valve opening 100.0 pressure 5.0
flow rate 53.834451968439566 controller response 80.09409576501668 valve opening 100.0 pressure 5.0
flow rate 53.32545539398409 controller response 79.33681824313537 valve opening 100.0 pressure 5.0
flow rate 54.87504993161237 controller response 81.64228191473558 valve opening 100.0 pressure 5.0
flow rate 55.58005814812418 controller response 82.69118263804056 valve opening 100.0 pressure 5.0
flow rate 56.364080520762215 controller response 83.85763944590039 valve opening 100.0 pressure 5.0
flow rate 56.238875111877505 controller response 83.67136070351822 valve opening 100.0 pressure 5.0
flow rate 54.9309117635365 controller response 81.72539231620053 valve opening 100.0 pressure 5.0
flow rate 53.9274983264408 controller response 80.2325287505091 valve opening 100.0 pressure 5.0
flow rate 54.370174528132345 controller response 80.89113580964585 valve opening 100.0 pressure 5.0
flow rate 55.68028730654094 controller response 82.84030208700203 valve opening 100.0 pressure 5.0
flow rate 55.716474063692665 controller response 82.89414020528427 valve opening 100.0 pressure 5.0
flow rate 60.10872046921616 controller response 89.4288589841396 valve opening 100.0 pressure 5.0
flow rate 63.47992070674198 controller response 94.44448048291028 valve opening 100.0 pressure 5.0
flow rate 67.5217812409999 controller response 100.45790038155582 valve opening 100.0 pressure 5.0
flow rate 68.68373203435281 controller response 102.18663346444492 valve opening 100.0 pressure 5.0
flow rate 69.08981299403322 controller response 102.79079466761026 valve opening 100.0 pressure 5.0
flow rate 71.58263010727637 controller response 106.49957083774417 valve opening 100.0 pressure 5.0
flow rate 73.00993775002664 controller response 108.62309788862974 valve opening 100.0 pressure 5.0
flow rate 72.40705181280377 controller response 107.72613317132159 valve opening 100.0 pressure 5.0
flow rate 73.88270135315824 controller response 109.92158257740154 valve opening 100.0 pressure 5.0
flow rate 74.28665048913432 controller response 110.52257208501341 valve opening 100.0 pressure 5.0
flow rate 74.83779043934396 controller response 111.34254989360879 valve opening 100.0 pressure 5.0
flow rate 75.9867607186799 controller response 113.05197076109057 valve opening 100.0 pressure 5.0
flow rate 76.86714670516702 controller response 114.36179591828187 valve opening 100.0 pressure 5.0
flow rate 76.57151828683759 controller response 113.92196436092871 valve opening 100.0 pressure 5.0
flow rate 75.3732942937596 controller response 112.13926455178425 valve opening 100.0 pressure 5.0
flow rate 74.93711265984271 controller response 111.49032001384484 valve opening 100.0 pressure 5.0
flow rate 74.1160947837618 controller response 110.26882184701729 valve opening 100.0 pressure 5.0
flow rate 73.48468955870442 controller response 109.32942655806879 valve opening 100.0 pressure 5.0
flow rate 73.96868716021814 controller response 110.04951098037165 valve opening 100.0 pressure 5.0
flow rate 74.82387057897341 controller response 111.3218401326883 valve opening 100.0 pressure 5.0
flow rate 75.4789857742146 controller response 112.29651076211218 valve opening 100.0 pressure 5.0
flow rate 75.49559183375044 controller response 112.3212170101394 valve opening 100.0 pressure 5.0
flow rate 76.71926378288555 controller response 114.14177790925379 valve opening 100.0 pressure 5.0
flow rate 75.71747573893366 controller response 112.6513325792712 valve opening 100.0 pressure 5.0
flow rate 74.70480392610644 controller response 111.14469454007157 valve opening 100.0 pressure 5.0
flow rate 74.6536839053588 controller response 111.06863893464492 valve opening 100.0 pressure 5.0
flow rate 75.34061203897437 controller response 112.09064037992287 valve opening 100.0 pressure 5.0
flow rate 74.16948551994369 controller response 110.34825578904449 valve opening 100.0 pressure 5.0
flow rate 74.96662601944399 controller response 111.53422955065304 valve opening 100.0 pressure 5.0
flow rate 76.304633550447 controller response 113.52489722542191 valve opening 100.0 pressure 5.0
flow rate 75.14828102341276 controller response 111.8044931597746 valve opening 100.0 pressure 5.0
flow rate 75.71425173735037 controller response 112.64653595773764 valve opening 100.0 pressure 5.0
flow rate 74.69275573543769 controller response 111.12676942145455 valve opening 100.0 pressure 5.0
flow rate 75.84719931976758 controller response 112.84433339058045 valve opening 100.0 pressure 5.0
flow rate 75.76228690310141 controller response 112.71800196184988 valve opening 100.0 pressure 5.0
flow rate 75.9383778035122 controller response 112.97998738057608 valve opening 100.0 pressure 5.0
flow rate 76.072345854546 controller response 113.17930305142652 valve opening 100.0 pressure 5.0
flow rate 76.17398137832971 controller response 113.33051486983284 valve opening 100.0 pressure 5.0
flow rate 77.2205945902083 controller response 114.887650416978 valve opening 100.0 pressure 5.0
flow rate 75.84060039055358 controller response 112.83451560198797 valve opening 100.0 pressure 5.0
flow rate 76.71985063103016 controller response 114.14265101318203 valve opening 100.0 pressure 5.0
flow rate 75.45391980996817 controller response 112.25921799386828 valve opening 100.0 pressure 5.0
flow rate 75.93588354946476 controller response 112.97627646655657 valve opening 100.0 pressure 5.0
flow rate 76.78960000124903 controller response 114.24642308726449 valve opening 100.0 pressure 5.0
flow rate 75.98899377389739 controller response 113.05529306738134 valve opening 100.0 pressure 5.0
flow rate 76.34319770553685 controller response 113.58227240094477 valve opening 100.0 pressure 5.0
flow rate 77.34129444494727 controller response 115.06722586301308 valve opening 100.0 pressure 5.0
flow rate 76.89393322647004 controller response 114.40164850568675 valve opening 100.0 pressure 5.0
flow rate 75.57962671230631 controller response 112.44624285074056 valve opening 100.0 pressure 5.0
flow rate 76.26697401812775 controller response 113.46886793418265 valve opening 100.0 pressure 5.0
flow rate 77.0359276877451 controller response 114.6129057501392 valve opening 100.0 pressure 5.0
flow rate 75.68541900574607 controller response 112.60363904912548 valve opening 100.0 pressure 5.0
flow rate 76.8298970362418 controller response 114.30637641569538 valve opening 100.0 pressure 5.0
flow rate 76.01010839715308 controller response 113.08670708935516 valve opening 100.0 pressure 5.0
flow rate 75.62233962780333 controller response 112.50979049020066 valve opening 100.0 pressure 5.0
[INFO] Tests run: 4, Failures: 0, Errors: 0, Skipped: 0, Time elapsed: 0.515 s - in neqsim.processSimulation.processSystem.ProcessSystemControllerTest
[INFO] Running neqsim.processSimulation.processEquipment.separator.SeparatorTest
[INFO] Tests run: 2, Failures: 0, Errors: 0, Skipped: 0, Time elapsed: 0.197 s - in neqsim.processSimulation.processEquipment.separator.SeparatorTest
[INFO] Running neqsim.processSimulation.processEquipment.stream.StreamTest
[INFO] Tests run: 2, Failures: 0, Errors: 0, Skipped: 0, Time elapsed: 0.042 s - in neqsim.processSimulation.processEquipment.stream.StreamTest
[INFO] Running neqsim.processSimulation.processEquipment.adsorber.SimpleAdsorberTest
[WARNING] Tests run: 1, Failures: 0, Errors: 0, Skipped: 1, Time elapsed: 0 s - in neqsim.processSimulation.processEquipment.adsorber.SimpleAdsorberTest
[INFO] Running neqsim.processSimulation.processEquipment.splitter.ComponentSplitterTest
[INFO] Tests run: 1, Failures: 0, Errors: 0, Skipped: 0, Time elapsed: 0.019 s - in neqsim.processSimulation.processEquipment.splitter.ComponentSplitterTest
[INFO] Running neqsim.processSimulation.processEquipment.pump.PumpTest
[INFO] Tests run: 1, Failures: 0, Errors: 0, Skipped: 0, Time elapsed: 0.065 s - in neqsim.processSimulation.processEquipment.pump.PumpTest
[INFO] Running neqsim.processSimulation.processEquipment.compressor.CompressorCalculationTest
[INFO] Tests run: 2, Failures: 0, Errors: 0, Skipped: 0, Time elapsed: 0.363 s - in neqsim.processSimulation.processEquipment.compressor.CompressorCalculationTest
[INFO] Running neqsim.processSimulation.processEquipment.compressor.CompressorPropertyProfileTest
[INFO] Tests run: 2, Failures: 0, Errors: 0, Skipped: 0, Time elapsed: 0.041 s - in neqsim.processSimulation.processEquipment.compressor.CompressorPropertyProfileTest
[INFO] Running neqsim.processSimulation.processEquipment.compressor.CompressorChartTest
[INFO] Tests run: 1, Failures: 0, Errors: 0, Skipped: 0, Time elapsed: 0.129 s - in neqsim.processSimulation.processEquipment.compressor.CompressorChartTest
[INFO] Running neqsim.processSimulation.processEquipment.compressor.CompressorTest
[INFO] Tests run: 7, Failures: 0, Errors: 0, Skipped: 0, Time elapsed: 0.992 s - in neqsim.processSimulation.processEquipment.compressor.CompressorTest
[INFO] Running neqsim.processSimulation.processEquipment.powerGeneration.GasTurbineTest
[WARNING] Tests run: 3, Failures: 0, Errors: 0, Skipped: 1, Time elapsed: 0.056 s - in neqsim.processSimulation.processEquipment.powerGeneration.GasTurbineTest
[INFO] Running neqsim.processSimulation.processEquipment.absorber.SimpleAbsorberTest
[WARNING] Tests run: 1, Failures: 0, Errors: 0, Skipped: 1, Time elapsed: 0.001 s - in neqsim.processSimulation.processEquipment.absorber.SimpleAbsorberTest
[INFO] Running neqsim.processSimulation.processEquipment.mixer.MixerTest
[INFO] Tests run: 1, Failures: 0, Errors: 0, Skipped: 0, Time elapsed: 0.335 s - in neqsim.processSimulation.processEquipment.mixer.MixerTest
[INFO] Running neqsim.processSimulation.measurementDevice.pHProbeTest
pH 5.629055432357595
pH 4.079098133484792
[INFO] Tests run: 4, Failures: 0, Errors: 0, Skipped: 0, Time elapsed: 16.717 s - in neqsim.processSimulation.measurementDevice.pHProbeTest
[INFO] Running neqsim.processSimulation.measurementDevice.WellAllocatorTest
name alloc
gas flow 1057.938959805943
oil flow 1442.0610401940564
total flow 2500.0
[INFO] Tests run: 1, Failures: 0, Errors: 0, Skipped: 0, Time elapsed: 0.22 s - in neqsim.processSimulation.measurementDevice.WellAllocatorTest
[INFO] Running neqsim.processSimulation.util.example.process1Test
[INFO] Tests run: 1, Failures: 0, Errors: 0, Skipped: 0, Time elapsed: 0.442 s - in neqsim.processSimulation.util.example.process1Test
[INFO] Running neqsim.standards.gasQuality.Draft_ISO18453Test
[INFO] Tests run: 1, Failures: 0, Errors: 0, Skipped: 0, Time elapsed: 0.265 s - in neqsim.standards.gasQuality.Draft_ISO18453Test
[INFO] Running neqsim.standards.gasQuality.Draft_GERG2004Test
[WARNING] Tests run: 1, Failures: 0, Errors: 0, Skipped: 1, Time elapsed: 0 s - in neqsim.standards.gasQuality.Draft_GERG2004Test
[INFO] Running neqsim.standards.gasQuality.Standard_ISO6976Test
19:28:22.986 [main] ERROR neqsim.standards.gasQuality.Standard_ISO6976 - energy reference temperature not in valid range...setting it to 25C
19:28:22.986 [main] ERROR neqsim.standards.gasQuality.Standard_ISO6976 - volume reference temperature not in valid range...setting it to 15C
19:28:22.986 [main] ERROR neqsim.standards.gasQuality.Standard_ISO6976 - energy reference temperature not in valid range...setting it to 25C
[INFO] Tests run: 4, Failures: 0, Errors: 0, Skipped: 0, Time elapsed: 0.096 s - in neqsim.standards.gasQuality.Standard_ISO6976Test
[INFO] Running neqsim.standards.gasQuality.Standard_ISO6578Test
[INFO] Tests run: 1, Failures: 0, Errors: 0, Skipped: 0, Time elapsed: 0.07 s - in neqsim.standards.gasQuality.Standard_ISO6578Test
[INFO] Running neqsim.standards.salesContract.BaseContractTest
[INFO] Tests run: 1, Failures: 0, Errors: 0, Skipped: 0, Time elapsed: 0.125 s - in neqsim.standards.salesContract.BaseContractTest
[INFO] Running neqsim.thermodynamicOperations.ThermodynamicOperationsTest
19:28:23.195 [main] ERROR neqsim.thermodynamicOperations.flashOps.TPflash - error in beta calcneqsim.util.exception.IsNaNException: SystemSrkEos:calcBeta - Variable beta is NaN
19:28:23.196 [main] ERROR neqsim.thermodynamicOperations.flashOps.TPflash - error in beta calcneqsim.util.exception.IsNaNException: SystemSrkEos:calcBeta - Variable beta is NaN
19:28:23.196 [main] ERROR neqsim.thermodynamicOperations.flashOps.TPflash - error in beta calcneqsim.util.exception.IsNaNException: SystemSrkEos:calcBeta - Variable beta is NaN
19:28:23.196 [main] ERROR neqsim.thermodynamicOperations.flashOps.TPflash - error in beta calcneqsim.util.exception.IsNaNException: SystemSrkEos:calcBeta - Variable beta is NaN
19:28:23.196 [main] ERROR neqsim.thermodynamicOperations.flashOps.TPflash - error in beta calcneqsim.util.exception.IsNaNException: SystemSrkEos:calcBeta - Variable beta is NaN
19:28:23.196 [main] ERROR neqsim.thermodynamicOperations.flashOps.TPflash - error in beta calcneqsim.util.exception.IsNaNException: SystemSrkEos:calcBeta - Variable beta is NaN
19:28:23.202 [main] ERROR neqsim.thermodynamicOperations.flashOps.TPflash - error in beta calcneqsim.util.exception.IsNaNException: SystemSrkEos:calcBeta - Variable beta is NaN
19:28:23.202 [main] ERROR neqsim.thermodynamicOperations.flashOps.TPflash - error in beta calcneqsim.util.exception.IsNaNException: SystemSrkEos:calcBeta - Variable beta is NaN
19:28:23.202 [main] ERROR neqsim.thermodynamicOperations.flashOps.TPflash - error in beta calcneqsim.util.exception.IsNaNException: SystemSrkEos:calcBeta - Variable beta is NaN
19:28:23.203 [main] ERROR neqsim.thermodynamicOperations.flashOps.TPflash - error in beta calcneqsim.util.exception.IsNaNException: SystemSrkEos:calcBeta - Variable beta is NaN
19:28:23.203 [main] ERROR neqsim.thermodynamicOperations.flashOps.TPflash - error in beta calcneqsim.util.exception.IsNaNException: SystemSrkEos:calcBeta - Variable beta is NaN
19:28:23.203 [main] ERROR neqsim.thermodynamicOperations.flashOps.TPflash - error in beta calcneqsim.util.exception.IsNaNException: SystemSrkEos:calcBeta - Variable beta is NaN
19:28:23.203 [main] ERROR neqsim.thermodynamicOperations.flashOps.TPflash - error in beta calcneqsim.util.exception.IsNaNException: SystemSrkEos:calcBeta - Variable beta is NaN
19:28:23.203 [main] ERROR neqsim.thermodynamicOperations.flashOps.TPflash - error in beta calcneqsim.util.exception.IsNaNException: SystemSrkEos:calcBeta - Variable beta is NaN
19:28:23.203 [main] ERROR neqsim.thermodynamicOperations.flashOps.TPflash - error in beta calcneqsim.util.exception.IsNaNException: SystemSrkEos:calcBeta - Variable beta is NaN
19:28:23.203 [main] ERROR neqsim.thermodynamicOperations.flashOps.TPflash - error in beta calcneqsim.util.exception.IsNaNException: SystemSrkEos:calcBeta - Variable beta is NaN
19:28:23.216 [main] ERROR neqsim.thermodynamicOperations.ThermodynamicOperations - neqsim.util.exception.InvalidInputException: ThermodynamicOperations:propertyFlash - Input mode must be 1, 2 or 3
[INFO] Tests run: 6, Failures: 0, Errors: 0, Skipped: 0, Time elapsed: 0.171 s - in neqsim.thermodynamicOperations.ThermodynamicOperationsTest
[INFO] Running neqsim.thermodynamicOperations.flashOps.TPFlashTest
[INFO] Tests run: 3, Failures: 0, Errors: 0, Skipped: 0, Time elapsed: 0.704 s - in neqsim.thermodynamicOperations.flashOps.TPFlashTest
[INFO] Running neqsim.thermodynamicOperations.flashOps.PHFlashTest
[INFO] Tests run: 1, Failures: 0, Errors: 0, Skipped: 0, Time elapsed: 0.182 s - in neqsim.thermodynamicOperations.flashOps.PHFlashTest
[INFO] Running neqsim.thermodynamicOperations.flashOps.TVFlashTest
[INFO] Tests run: 1, Failures: 0, Errors: 0, Skipped: 0, Time elapsed: 0.543 s - in neqsim.thermodynamicOperations.flashOps.TVFlashTest
[INFO] Running neqsim.thermodynamicOperations.flashOps.WaxFlashTest
[WARNING] Tests run: 1, Failures: 0, Errors: 0, Skipped: 1, Time elapsed: 0 s - in neqsim.thermodynamicOperations.flashOps.WaxFlashTest
[INFO] Running neqsim.thermodynamicOperations.flashOps.PSFlashGERG2008Test
[INFO] Tests run: 1, Failures: 0, Errors: 0, Skipped: 0, Time elapsed: 0.03 s - in neqsim.thermodynamicOperations.flashOps.PSFlashGERG2008Test
[INFO] Running neqsim.thermodynamicOperations.flashOps.PHFlashGERG2008Test
[INFO] Tests run: 1, Failures: 0, Errors: 0, Skipped: 0, Time elapsed: 0.023 s - in neqsim.thermodynamicOperations.flashOps.PHFlashGERG2008Test
[INFO] 
[INFO] Results:
[INFO] 
[WARNING] Tests run: 180, Failures: 0, Errors: 0, Skipped: 9
[INFO] 
[INFO] 
[INFO] --- jacoco:0.8.7:report (generate-report-after-test) @ neqsim ---
[INFO] Loading execution data file /tmp/marshal-log4j-screening.GTMCHm/consumers/a3-after/neqsim/target/jacoco.exec
[INFO] Analyzed bundle 'neqsim' with 704 classes
[INFO] ------------------------------------------------------------------------
[INFO] BUILD SUCCESS
[INFO] ------------------------------------------------------------------------
[INFO] Total time:  01:03 min
[INFO] Finished at: 2026-08-24T19:28:27+08:00
[INFO] ------------------------------------------------------------------------
