[INFO] Error stacktraces are turned on.
[INFO] Scanning for projects...
[INFO] 
[INFO] ---------------------< com.jcabi:ajc_defaultCopy >----------------------
[INFO] Building ajc_defaultCopy 1.0-SNAPSHOT
[INFO]   from pom.xml
[INFO] --------------------------------[ jar ]---------------------------------
[INFO] 
[INFO] --- clean:3.1.0:clean (default-clean) @ ajc_defaultCopy ---
[INFO] 
[INFO] --- enforcer:3.0.0-M3:enforce (enforce-maven) @ ajc_defaultCopy ---
[INFO] 
[INFO] --- buildnumber:1.4:create (jcabi-build-number) @ ajc_defaultCopy ---
[INFO] ShortRevision tag detected. The value is '7'.
[INFO] Executing: /bin/sh -c cd '/tmp/marshal-jcabi-formal-r1.D7Dfcf/consumers/a1/jcabi-maven-plugin/target/it/ajc_defaultCopy' && 'git' 'rev-parse' '--verify' '--short=7' 'HEAD'
[INFO] Working directory: /tmp/marshal-jcabi-formal-r1.D7Dfcf/consumers/a1/jcabi-maven-plugin/target/it/ajc_defaultCopy
[INFO] Storing buildNumber: c6d7c3d at timestamp: 2026-08-24T02:36:27
[WARNING] Cannot get the branch information from the git repository: 
Detecting the current branch failed: fatal: ref HEAD is not a symbolic ref

[INFO] ShortRevision tag detected. The value is '7'.
[INFO] Executing: /bin/sh -c cd '/tmp/marshal-jcabi-formal-r1.D7Dfcf/consumers/a1/jcabi-maven-plugin/target/it/ajc_defaultCopy' && 'git' 'rev-parse' '--verify' '--short=7' 'HEAD'
[INFO] Working directory: /tmp/marshal-jcabi-formal-r1.D7Dfcf/consumers/a1/jcabi-maven-plugin/target/it/ajc_defaultCopy
[INFO] Storing buildScmBranch: UNKNOWN
[INFO] 
[INFO] --- buildnumber:1.4:create-timestamp (jcabi-build-number) @ ajc_defaultCopy ---
[INFO] 
[INFO] --- resources:3.2.0:resources (default-resources) @ ajc_defaultCopy ---
[INFO] Using 'UTF-8' encoding to copy filtered resources.
[INFO] Using 'UTF-8' encoding to copy filtered properties files.
[INFO] skip non existing resourceDirectory /tmp/marshal-jcabi-formal-r1.D7Dfcf/consumers/a1/jcabi-maven-plugin/target/it/ajc_defaultCopy/src/main/resources
[INFO] 
[INFO] --- compiler:3.9.0:compile (default-compile) @ ajc_defaultCopy ---
[WARNING]  Parameter 'optimize' (user property 'maven.compiler.optimize') is deprecated: This property is a no-op in {@code javac}.
[INFO] Changes detected - recompiling the module!
[INFO] Compiling 1 source file to /tmp/marshal-jcabi-formal-r1.D7Dfcf/consumers/a1/jcabi-maven-plugin/target/it/ajc_defaultCopy/target/classes
[INFO] 
[INFO] --- jcabi:1.0-SNAPSHOT:ajc (default) @ ajc_defaultCopy ---
[INFO] Unwoven classes will be copied to /tmp/marshal-jcabi-formal-r1.D7Dfcf/consumers/a1/jcabi-maven-plugin/target/it/ajc_defaultCopy/target/unwoven
[INFO] Created temp dir /tmp/marshal-jcabi-formal-r1.D7Dfcf/consumers/a1/jcabi-maven-plugin/target/it/ajc_defaultCopy/target/jcabi-ajc

28 warnings
[INFO] ajc result: 1 file(s) processed, 0 pointcut(s) woven, 0 error(s), 0 warning(s)
[INFO] 
[INFO] --- resources:3.2.0:testResources (default-testResources) @ ajc_defaultCopy ---
[INFO] Using 'UTF-8' encoding to copy filtered resources.
[INFO] Using 'UTF-8' encoding to copy filtered properties files.
[INFO] skip non existing resourceDirectory /tmp/marshal-jcabi-formal-r1.D7Dfcf/consumers/a1/jcabi-maven-plugin/target/it/ajc_defaultCopy/src/test/resources
[INFO] 
[INFO] --- compiler:3.9.0:testCompile (default-testCompile) @ ajc_defaultCopy ---
[WARNING]  Parameter 'optimize' (user property 'maven.compiler.optimize') is deprecated: This property is a no-op in {@code javac}.
[INFO] Changes detected - recompiling the module!
[INFO] Compiling 1 source file to /tmp/marshal-jcabi-formal-r1.D7Dfcf/consumers/a1/jcabi-maven-plugin/target/it/ajc_defaultCopy/target/test-classes
[INFO] 
[INFO] --- surefire:3.0.0-M7:test (default-test) @ ajc_defaultCopy ---
[INFO] Tests will run in random order. To reproduce ordering use flag -Dsurefire.runOrder.random.seed=871021620087538
[INFO] Surefire report directory: /tmp/marshal-jcabi-formal-r1.D7Dfcf/consumers/a1/jcabi-maven-plugin/target/it/ajc_defaultCopy/target/surefire-reports
[INFO] Using auto detected provider org.apache.maven.surefire.junitplatform.JUnitPlatformProvider
[INFO] 
[INFO] -------------------------------------------------------
[INFO]  T E S T S
[INFO] -------------------------------------------------------
[INFO] Running com.jcabi.foo.SampleTest
Aug 24, 2026 2:36:30 AM org.hibernate.validator.internal.util.Version <clinit>
INFO: HV000001: Hibernate Validator 6.2.5.Final
[INFO] Tests run: 2, Failures: 0, Errors: 0, Skipped: 0, Time elapsed: 0.215 s - in com.jcabi.foo.SampleTest
[INFO] 
[INFO] Results:
[INFO] 
[INFO] Tests run: 2, Failures: 0, Errors: 0, Skipped: 0
[INFO] 
[INFO] 
[INFO] --- jcabi:1.0-SNAPSHOT:versionalize (jcabi-versionalize-packages) @ ajc_defaultCopy ---
[INFO] Versionalizing /tmp/marshal-jcabi-formal-r1.D7Dfcf/consumers/a1/jcabi-maven-plugin/target/it/ajc_defaultCopy/target/classes directory
[INFO] File /tmp/marshal-jcabi-formal-r1.D7Dfcf/consumers/a1/jcabi-maven-plugin/target/it/ajc_defaultCopy/target/classes/com/jcabi/foo/com-jcabi-ajc_default-opy-jar.txt added
[INFO] ------------------------------------------------------------------------
[INFO] BUILD SUCCESS
[INFO] ------------------------------------------------------------------------
[INFO] Total time:  4.534 s
[INFO] Finished at: 2026-08-24T02:36:30+08:00
[INFO] ------------------------------------------------------------------------
Running post-build script: /tmp/marshal-jcabi-formal-r1.D7Dfcf/consumers/a1/jcabi-maven-plugin/target/it/ajc_defaultCopy/verify.groovy
Finished post-build script: /tmp/marshal-jcabi-formal-r1.D7Dfcf/consumers/a1/jcabi-maven-plugin/target/it/ajc_defaultCopy/verify.groovy
