1 RLock(s) were not greened, to fix this error make sure you run eventlet.monkey_patch() before importing any other modules.
1 RLock(s) were not greened, to fix this error make sure you run eventlet.monkey_patch() before importing any other modules.
1 RLock(s) were not greened, to fix this error make sure you run eventlet.monkey_patch() before importing any other modules.
1 RLock(s) were not greened, to fix this error make sure you run eventlet.monkey_patch() before importing any other modules.
1 RLock(s) were not greened, to fix this error make sure you run eventlet.monkey_patch() before importing any other modules.
1 RLock(s) were not greened, to fix this error make sure you run eventlet.monkey_patch() before importing any other modules.
1 RLock(s) were not greened, to fix this error make sure you run eventlet.monkey_patch() before importing any other modules.
1 RLock(s) were not greened, to fix this error make sure you run eventlet.monkey_patch() before importing any other modules.
1 RLock(s) were not greened, to fix this error make sure you run eventlet.monkey_patch() before importing any other modules.
1 RLock(s) were not greened, to fix this error make sure you run eventlet.monkey_patch() before importing any other modules.
1 RLock(s) were not greened, to fix this error make sure you run eventlet.monkey_patch() before importing any other modules.
1 RLock(s) were not greened, to fix this error make sure you run eventlet.monkey_patch() before importing any other modules.
1 RLock(s) were not greened, to fix this error make sure you run eventlet.monkey_patch() before importing any other modules.
1 RLock(s) were not greened, to fix this error make sure you run eventlet.monkey_patch() before importing any other modules.
1 RLock(s) were not greened, to fix this error make sure you run eventlet.monkey_patch() before importing any other modules.
1 RLock(s) were not greened, to fix this error make sure you run eventlet.monkey_patch() before importing any other modules.
1 RLock(s) were not greened, to fix this error make sure you run eventlet.monkey_patch() before importing any other modules.
1 RLock(s) were not greened, to fix this error make sure you run eventlet.monkey_patch() before importing any other modules.
1 RLock(s) were not greened, to fix this error make sure you run eventlet.monkey_patch() before importing any other modules.
1 RLock(s) were not greened, to fix this error make sure you run eventlet.monkey_patch() before importing any other modules.
1 RLock(s) were not greened, to fix this error make sure you run eventlet.monkey_patch() before importing any other modules.
1 RLock(s) were not greened, to fix this error make sure you run eventlet.monkey_patch() before importing any other modules.
1 RLock(s) were not greened, to fix this error make sure you run eventlet.monkey_patch() before importing any other modules.
1 RLock(s) were not greened, to fix this error make sure you run eventlet.monkey_patch() before importing any other modules.
1 RLock(s) were not greened, to fix this error make sure you run eventlet.monkey_patch() before importing any other modules.
1 RLock(s) were not greened, to fix this error make sure you run eventlet.monkey_patch() before importing any other modules.
1 RLock(s) were not greened, to fix this error make sure you run eventlet.monkey_patch() before importing any other modules.
1 RLock(s) were not greened, to fix this error make sure you run eventlet.monkey_patch() before importing any other modules.
1 RLock(s) were not greened, to fix this error make sure you run eventlet.monkey_patch() before importing any other modules.
1 RLock(s) were not greened, to fix this error make sure you run eventlet.monkey_patch() before importing any other modules.
1 RLock(s) were not greened, to fix this error make sure you run eventlet.monkey_patch() before importing any other modules.
1 RLock(s) were not greened, to fix this error make sure you run eventlet.monkey_patch() before importing any other modules.
1 RLock(s) were not greened, to fix this error make sure you run eventlet.monkey_patch() before importing any other modules.
1 RLock(s) were not greened, to fix this error make sure you run eventlet.monkey_patch() before importing any other modules.
1 RLock(s) were not greened, to fix this error make sure you run eventlet.monkey_patch() before importing any other modules.
1 RLock(s) were not greened, to fix this error make sure you run eventlet.monkey_patch() before importing any other modules.
1 RLock(s) were not greened, to fix this error make sure you run eventlet.monkey_patch() before importing any other modules.
1 RLock(s) were not greened, to fix this error make sure you run eventlet.monkey_patch() before importing any other modules.
1 RLock(s) were not greened, to fix this error make sure you run eventlet.monkey_patch() before importing any other modules.
1 RLock(s) were not greened, to fix this error make sure you run eventlet.monkey_patch() before importing any other modules.
1 RLock(s) were not greened, to fix this error make sure you run eventlet.monkey_patch() before importing any other modules.
1 RLock(s) were not greened, to fix this error make sure you run eventlet.monkey_patch() before importing any other modules.
1 RLock(s) were not greened, to fix this error make sure you run eventlet.monkey_patch() before importing any other modules.
1 RLock(s) were not greened, to fix this error make sure you run eventlet.monkey_patch() before importing any other modules.
1 RLock(s) were not greened, to fix this error make sure you run eventlet.monkey_patch() before importing any other modules.
1 RLock(s) were not greened, to fix this error make sure you run eventlet.monkey_patch() before importing any other modules.
1 RLock(s) were not greened, to fix this error make sure you run eventlet.monkey_patch() before importing any other modules.
1 RLock(s) were not greened, to fix this error make sure you run eventlet.monkey_patch() before importing any other modules.
1 RLock(s) were not greened, to fix this error make sure you run eventlet.monkey_patch() before importing any other modules.
1 RLock(s) were not greened, to fix this error make sure you run eventlet.monkey_patch() before importing any other modules.
1 RLock(s) were not greened, to fix this error make sure you run eventlet.monkey_patch() before importing any other modules.
1 RLock(s) were not greened, to fix this error make sure you run eventlet.monkey_patch() before importing any other modules.
1 RLock(s) were not greened, to fix this error make sure you run eventlet.monkey_patch() before importing any other modules.
1 RLock(s) were not greened, to fix this error make sure you run eventlet.monkey_patch() before importing any other modules.
1 RLock(s) were not greened, to fix this error make sure you run eventlet.monkey_patch() before importing any other modules.
1 RLock(s) were not greened, to fix this error make sure you run eventlet.monkey_patch() before importing any other modules.
1 RLock(s) were not greened, to fix this error make sure you run eventlet.monkey_patch() before importing any other modules.
1 RLock(s) were not greened, to fix this error make sure you run eventlet.monkey_patch() before importing any other modules.
1 RLock(s) were not greened, to fix this error make sure you run eventlet.monkey_patch() before importing any other modules.
1 RLock(s) were not greened, to fix this error make sure you run eventlet.monkey_patch() before importing any other modules.
1 RLock(s) were not greened, to fix this error make sure you run eventlet.monkey_patch() before importing any other modules.
1 RLock(s) were not greened, to fix this error make sure you run eventlet.monkey_patch() before importing any other modules.
1 RLock(s) were not greened, to fix this error make sure you run eventlet.monkey_patch() before importing any other modules.
1 RLock(s) were not greened, to fix this error make sure you run eventlet.monkey_patch() before importing any other modules.
1 RLock(s) were not greened, to fix this error make sure you run eventlet.monkey_patch() before importing any other modules.
1 RLock(s) were not greened, to fix this error make sure you run eventlet.monkey_patch() before importing any other modules.
1 RLock(s) were not greened, to fix this error make sure you run eventlet.monkey_patch() before importing any other modules.
1 RLock(s) were not greened, to fix this error make sure you run eventlet.monkey_patch() before importing any other modules.
1 RLock(s) were not greened, to fix this error make sure you run eventlet.monkey_patch() before importing any other modules.
1 RLock(s) were not greened, to fix this error make sure you run eventlet.monkey_patch() before importing any other modules.
1 RLock(s) were not greened, to fix this error make sure you run eventlet.monkey_patch() before importing any other modules.
1 RLock(s) were not greened, to fix this error make sure you run eventlet.monkey_patch() before importing any other modules.
1 RLock(s) were not greened, to fix this error make sure you run eventlet.monkey_patch() before importing any other modules.
1 RLock(s) were not greened, to fix this error make sure you run eventlet.monkey_patch() before importing any other modules.
1 RLock(s) were not greened, to fix this error make sure you run eventlet.monkey_patch() before importing any other modules.
1 RLock(s) were not greened, to fix this error make sure you run eventlet.monkey_patch() before importing any other modules.
1 RLock(s) were not greened, to fix this error make sure you run eventlet.monkey_patch() before importing any other modules.
1 RLock(s) were not greened, to fix this error make sure you run eventlet.monkey_patch() before importing any other modules.
1 RLock(s) were not greened, to fix this error make sure you run eventlet.monkey_patch() before importing any other modules.
1 RLock(s) were not greened, to fix this error make sure you run eventlet.monkey_patch() before importing any other modules.
1 RLock(s) were not greened, to fix this error make sure you run eventlet.monkey_patch() before importing any other modules.
1 RLock(s) were not greened, to fix this error make sure you run eventlet.monkey_patch() before importing any other modules.
1 RLock(s) were not greened, to fix this error make sure you run eventlet.monkey_patch() before importing any other modules.
1 RLock(s) were not greened, to fix this error make sure you run eventlet.monkey_patch() before importing any other modules.
1 RLock(s) were not greened, to fix this error make sure you run eventlet.monkey_patch() before importing any other modules.
1 RLock(s) were not greened, to fix this error make sure you run eventlet.monkey_patch() before importing any other modules.
1 RLock(s) were not greened, to fix this error make sure you run eventlet.monkey_patch() before importing any other modules.
1 RLock(s) were not greened, to fix this error make sure you run eventlet.monkey_patch() before importing any other modules.
1 RLock(s) were not greened, to fix this error make sure you run eventlet.monkey_patch() before importing any other modules.
1 RLock(s) were not greened, to fix this error make sure you run eventlet.monkey_patch() before importing any other modules.
1 RLock(s) were not greened, to fix this error make sure you run eventlet.monkey_patch() before importing any other modules.
1 RLock(s) were not greened, to fix this error make sure you run eventlet.monkey_patch() before importing any other modules.
1 RLock(s) were not greened, to fix this error make sure you run eventlet.monkey_patch() before importing any other modules.
1 RLock(s) were not greened, to fix this error make sure you run eventlet.monkey_patch() before importing any other modules.
1 RLock(s) were not greened, to fix this error make sure you run eventlet.monkey_patch() before importing any other modules.
1 RLock(s) were not greened, to fix this error make sure you run eventlet.monkey_patch() before importing any other modules.
1 RLock(s) were not greened, to fix this error make sure you run eventlet.monkey_patch() before importing any other modules.
1 RLock(s) were not greened, to fix this error make sure you run eventlet.monkey_patch() before importing any other modules.
1 RLock(s) were not greened, to fix this error make sure you run eventlet.monkey_patch() before importing any other modules.
1 RLock(s) were not greened, to fix this error make sure you run eventlet.monkey_patch() before importing any other modules.
1 RLock(s) were not greened, to fix this error make sure you run eventlet.monkey_patch() before importing any other modules.
1 RLock(s) were not greened, to fix this error make sure you run eventlet.monkey_patch() before importing any other modules.
1 RLock(s) were not greened, to fix this error make sure you run eventlet.monkey_patch() before importing any other modules.
1 RLock(s) were not greened, to fix this error make sure you run eventlet.monkey_patch() before importing any other modules.
1 RLock(s) were not greened, to fix this error make sure you run eventlet.monkey_patch() before importing any other modules.
1 RLock(s) were not greened, to fix this error make sure you run eventlet.monkey_patch() before importing any other modules.
1 RLock(s) were not greened, to fix this error make sure you run eventlet.monkey_patch() before importing any other modules.
1 RLock(s) were not greened, to fix this error make sure you run eventlet.monkey_patch() before importing any other modules.
1 RLock(s) were not greened, to fix this error make sure you run eventlet.monkey_patch() before importing any other modules.
1 RLock(s) were not greened, to fix this error make sure you run eventlet.monkey_patch() before importing any other modules.
1 RLock(s) were not greened, to fix this error make sure you run eventlet.monkey_patch() before importing any other modules.
1 RLock(s) were not greened, to fix this error make sure you run eventlet.monkey_patch() before importing any other modules.
1 RLock(s) were not greened, to fix this error make sure you run eventlet.monkey_patch() before importing any other modules.
1 RLock(s) were not greened, to fix this error make sure you run eventlet.monkey_patch() before importing any other modules.
1 RLock(s) were not greened, to fix this error make sure you run eventlet.monkey_patch() before importing any other modules.
1 RLock(s) were not greened, to fix this error make sure you run eventlet.monkey_patch() before importing any other modules.
1 RLock(s) were not greened, to fix this error make sure you run eventlet.monkey_patch() before importing any other modules.
1 RLock(s) were not greened, to fix this error make sure you run eventlet.monkey_patch() before importing any other modules.
1 RLock(s) were not greened, to fix this error make sure you run eventlet.monkey_patch() before importing any other modules.
1 RLock(s) were not greened, to fix this error make sure you run eventlet.monkey_patch() before importing any other modules.
1 RLock(s) were not greened, to fix this error make sure you run eventlet.monkey_patch() before importing any other modules.
1 RLock(s) were not greened, to fix this error make sure you run eventlet.monkey_patch() before importing any other modules.
1 RLock(s) were not greened, to fix this error make sure you run eventlet.monkey_patch() before importing any other modules.
1 RLock(s) were not greened, to fix this error make sure you run eventlet.monkey_patch() before importing any other modules.
1 RLock(s) were not greened, to fix this error make sure you run eventlet.monkey_patch() before importing any other modules.
1 RLock(s) were not greened, to fix this error make sure you run eventlet.monkey_patch() before importing any other modules.
1 RLock(s) were not greened, to fix this error make sure you run eventlet.monkey_patch() before importing any other modules.
1 RLock(s) were not greened, to fix this error make sure you run eventlet.monkey_patch() before importing any other modules.
1 RLock(s) were not greened, to fix this error make sure you run eventlet.monkey_patch() before importing any other modules.
1 RLock(s) were not greened, to fix this error make sure you run eventlet.monkey_patch() before importing any other modules.
1 RLock(s) were not greened, to fix this error make sure you run eventlet.monkey_patch() before importing any other modules.
1 RLock(s) were not greened, to fix this error make sure you run eventlet.monkey_patch() before importing any other modules.
1 RLock(s) were not greened, to fix this error make sure you run eventlet.monkey_patch() before importing any other modules.
1 RLock(s) were not greened, to fix this error make sure you run eventlet.monkey_patch() before importing any other modules.
1 RLock(s) were not greened, to fix this error make sure you run eventlet.monkey_patch() before importing any other modules.
1 RLock(s) were not greened, to fix this error make sure you run eventlet.monkey_patch() before importing any other modules.
1 RLock(s) were not greened, to fix this error make sure you run eventlet.monkey_patch() before importing any other modules.
1 RLock(s) were not greened, to fix this error make sure you run eventlet.monkey_patch() before importing any other modules.
1 RLock(s) were not greened, to fix this error make sure you run eventlet.monkey_patch() before importing any other modules.
1 RLock(s) were not greened, to fix this error make sure you run eventlet.monkey_patch() before importing any other modules.
1 RLock(s) were not greened, to fix this error make sure you run eventlet.monkey_patch() before importing any other modules.
1 RLock(s) were not greened, to fix this error make sure you run eventlet.monkey_patch() before importing any other modules.
1 RLock(s) were not greened, to fix this error make sure you run eventlet.monkey_patch() before importing any other modules.
1 RLock(s) were not greened, to fix this error make sure you run eventlet.monkey_patch() before importing any other modules.
1 RLock(s) were not greened, to fix this error make sure you run eventlet.monkey_patch() before importing any other modules.
{3} cinder.tests.unit.test_utils.ExecuteTestCase.test_execute [0.535703s] ... ok
{14} cinder.tests.unit.test_utils.TestCalculateVirtualFree.test_utils_calculate_virtual_free_capacity_provision_type_3 [0.548553s] ... ok
{6} cinder.tests.unit.test_utils.BrickUtils.test_brick_get_connector [0.591427s] ... ok
{3} cinder.tests.unit.test_utils.TestCheckMetadataProperties.test_metadata_value_not_string_raise_3 [0.031945s] ... ok
{0} cinder.tests.unit.test_utils.AuditPeriodTest.test_month_with_offset_before_current [0.471457s] ... ok
{17} cinder.tests.unit.test_utils.GenericUtilsTestCase.test_write_configfile [0.462261s] ... ok
{19} cinder.tests.unit.test_utils.TestLogLevels.test_set_log_levels_invalid_2_ [0.457380s] ... ok
{0} cinder.tests.unit.test_utils.GenericUtilsTestCase.test_make_dev_path [0.032162s] ... ok
{29} cinder.tests.unit.test_utils.TestLogLevels.test_get_log_method_2___warning___30_ [0.462504s] ... ok
{21} cinder.tests.unit.test_utils.TestCheckMetadataProperties.test_metadata_value_not_string_raise_1 [0.467735s] ... ok
{7} cinder.tests.unit.test_utils.AddVisibleAdminMetadataTestCase.test_add_visible_admin_metadata_visible_key_only [0.473486s] ... ok
{15} cinder.tests.unit.test_utils.TestAutoMaxOversubscriptionRatio.test_calculate_max_over_subscription_ratio_05 [0.458734s] ... ok
{9} cinder.tests.unit.test_utils.TestComparableMixin.test_ge [0.451731s] ... ok
{12} cinder.tests.unit.test_utils.TestNotificationShortCircuit.test_do_nothing_json_serializable [0.454910s] ... ok
{1} cinder.tests.unit.test_utils.TestAutoMaxOversubscriptionRatio.test_calculate_max_over_subscription_ratio_06 [0.470692s] ... ok
{20} cinder.tests.unit.test_utils.TestRetryDecorator.test_no_retry_required [0.493334s] ... ok
{1} cinder.tests.unit.test_utils.TestCalculateVirtualFree.test_utils_calculate_capacity_factors_3 [0.030803s] ... ok
{100} cinder.tests.unit.test_utils.GenericUtilsTestCase.test_get_file_mode [0.448072s] ... ok
{36} cinder.tests.unit.test_utils.TestCalculateVirtualFree.test_utils_calculate_virtual_free_capacity_provision_type_1 [0.471801s] ... ok
{2} cinder.tests.unit.test_utils.GetDiskOfPartitionTestCase.test_devpath_is_diskpath [0.478147s] ... ok
{10} cinder.tests.unit.test_utils.TestCalculateVirtualFree.test_utils_calculate_capacity_factors_1 [0.495923s] ... ok
{2} cinder.tests.unit.test_utils.TestNotificationShortCircuit.test_if_notification_enabled_when_disabled_3___noop____noop__ [0.032389s] ... ok
{39} cinder.tests.unit.test_utils.TempdirTestCase.test_tempdir [0.478530s] ... ok
{48} cinder.tests.unit.test_utils.TestComparableMixin.test_ne [0.459782s] ... ok
{34} cinder.tests.unit.test_utils.TestLogLevels.test_set_log_levels_invalid_1_None [0.479700s] ... ok
{43} cinder.tests.unit.test_utils.TestCalculateVirtualFree.test_utils_calculate_virtual_free_capacity_provision_type_4 [0.470265s] ... ok
{35} cinder.tests.unit.test_utils.TestAutoMaxOversubscriptionRatio.test_calculate_max_over_subscription_ratio_10 [0.462651s] ... ok
{124} cinder.tests.unit.test_utils.TestNotificationShortCircuit.test_if_notification_enabled_when_disabled_2___noop__ [0.468037s] ... ok
{58} cinder.tests.unit.test_utils.TestLogLevels.test_get_log_method_invalid_1_None [0.456414s] ... ok
{30} cinder.tests.unit.test_utils.TestComparableMixin.test_le [0.465645s] ... ok
{49} cinder.tests.unit.test_utils.TestRetryDecorator.test_wrong_exception_no_retry [0.498013s] ... ok
{41} cinder.tests.unit.test_utils.GenericUtilsTestCase.test_hostname_unicode_sanitization [0.484767s] ... ok
{52} cinder.tests.unit.test_utils.AuditPeriodTest.test_month_with_offset_after_current [0.477827s] ... ok
{16} cinder.tests.unit.test_utils.TestCheckMetadataProperties.test_metadata_value_not_dict_raise [0.522981s] ... ok
{23} cinder.tests.unit.test_utils.TestComparableMixin.test_lt [0.468976s] ... ok
{67} cinder.tests.unit.test_utils.TempdirTestCase.test_tempdir_error [0.481910s] ... ok
{53} cinder.tests.unit.test_utils.TemporaryChownTestCase.test_temporary_chown_win32 [0.472213s] ... ok
{54} cinder.tests.unit.test_utils.TestLogLevels.test_get_log_method_invalid_2_ [0.492255s] ... ok
{38} cinder.tests.unit.test_utils.TestValidateInteger.test_validate_integer_3_123 [0.528678s] ... ok
{47} cinder.tests.unit.test_utils.TestLogLevels.test_get_log_method_3___INFO___20_ [0.462225s] ... ok
{11} cinder.tests.unit.test_utils.TestLogLevels.test_set_log_levels [0.853063s] ... ok
{5} cinder.tests.unit.test_utils.TestAutoMaxOversubscriptionRatio.test_calculate_max_over_subscription_ratio_02 [0.314215s] ... ok
{51} cinder.tests.unit.test_utils.TestAutoMaxOversubscriptionRatio.test_calculate_max_over_subscription_ratio_08 [0.458311s] ... ok
{33} cinder.tests.unit.test_utils.GetDiskOfPartitionTestCase.test_diskpath_is_block_device [0.516038s] ... ok
{102} cinder.tests.unit.test_utils.TestKeystoneProjectGet.test_get_project_keystoneclient_v2 [0.509109s] ... ok
{72} cinder.tests.unit.test_utils.TestAutoMaxOversubscriptionRatio.test_calculate_max_over_subscription_ratio_04 [0.497508s] ... ok
{93} cinder.tests.unit.test_utils.AuditPeriodTest.test_hour_with_offset_after_current [0.507622s] ... ok
{88} cinder.tests.unit.test_utils.GenericUtilsTestCase.test_hostname_translate [0.496974s] ... ok
{60} cinder.tests.unit.test_utils.TestComparableMixin.test_gt [0.483332s] ... ok
{70} cinder.tests.unit.test_utils.GenericUtilsTestCase.test_paths_normcase_equal_1 [0.729155s] ... ok
{13} cinder.tests.unit.test_utils.GetBlkdevMajorMinorTestCase.test_get_blkdev_failure [0.500424s] ... ok
{55} cinder.tests.unit.test_utils.ExecuteTestCase.test_execute_root_and_helper [0.515639s] ... FAILED

Captured traceback:
~~~~~~~~~~~~~~~~~~~
    Traceback (most recent call last):

      File "/data/zhihao/miniconda3/lib/python3.13/unittest/mock.py", line 1426, in patched
    return func(*newargs, **newkeywargs)

      File "/home/zhihao/hdd/marshal/benchmarks/cross-repo-pr-impact/results/single-case-pipeline-972691-973693-v1-2026-08-26/replay-work/formal-opendev-972691--target-973693/target-a1/cinder/tests/unit/test_utils.py", line 69, in test_execute_root_and_helper
    output = utils.execute('a', 1, foo='bar', run_as_root=True,
                           root_helper=mock_helper)

      File "/home/zhihao/hdd/marshal/benchmarks/cross-repo-pr-impact/results/single-case-pipeline-972691-973693-v1-2026-08-26/replay-work/formal-opendev-972691--target-973693/target-a1/cinder/utils.py", line 172, in execute
    return processutils.execute(*cmd, **kwargs)
           ~~~~~~~~~~~~~~~~~~~~^^^^^^^^^^^^^^^^

      File "<string>", line 2, in execute

      File "/data/zhihao/miniconda3/lib/python3.13/unittest/mock.py", line 194, in checksig
    sig.bind(*args, **kwargs)
    ~~~~~~~~^^^^^^^^^^^^^^^^^

      File "/data/zhihao/miniconda3/lib/python3.13/inspect.py", line 3304, in bind
    return self._bind(args, kwargs)
           ~~~~~~~~~~^^^^^^^^^^^^^^

      File "/data/zhihao/miniconda3/lib/python3.13/inspect.py", line 3293, in _bind
    raise TypeError(
        'got an unexpected keyword argument {arg!r}'.format(
            arg=next(iter(kwargs))))

    TypeError: got an unexpected keyword argument 'foo'


Captured pythonlogging:
~~~~~~~~~~~~~~~~~~~~~~~
    2026-08-26 20:12:23,700 INFO [keystonemiddleware.auth_token] Starting Keystone auth_token middleware
2026-08-26 20:12:23,703 WARNING [keystonemiddleware._common.config] The option "auth_url" is not known to keystonemiddleware
2026-08-26 20:12:23,704 WARNING [keystonemiddleware.auth_token] AuthToken middleware is set with keystone_authtoken.service_token_roles_required set to False. This is backwards compatible but deprecated behaviour. Please set this to True.
2026-08-26 20:12:23,707 WARNING [keystonemiddleware.auth_token] Configuring www_authenticate_uri to point to the public identity endpoint is required; clients may not be able to authenticate against an admin endpoint

{75} cinder.tests.unit.test_utils.AuditPeriodTest.test_uses_conf_unit [0.510273s] ... ok
{27} cinder.tests.unit.test_utils.AddVisibleAdminMetadataTestCase.test_add_visible_admin_metadata_no_visible_keys [0.493858s] ... ok
{80} cinder.tests.unit.test_utils.AuditPeriodTest.test_month_jan_day_first [0.379899s] ... ok
{57} cinder.tests.unit.test_utils.TestAutoMaxOversubscriptionRatio.test_calculate_max_over_subscription_ratio_03 [0.484545s] ... ok
{82} cinder.tests.unit.test_utils.TestValidateInteger.test_validate_integer_raise_assert_4_12_05 [0.379248s] ... ok
{61} cinder.tests.unit.test_utils.TestCheckMetadataProperties.test_metadata_value_not_string_raise_4 [0.496006s] ... ok
{98} cinder.tests.unit.test_utils.AuditPeriodTest.test_hour_with_offset_before_current [0.504766s] ... ok
{68} cinder.tests.unit.test_utils.TestComparableMixin.test_compare [0.495633s] ... ok
{44} cinder.tests.unit.test_utils.InvalidFilterTestCase.test_admin_allows_all_options [0.494267s] ... ok
{56} cinder.tests.unit.test_utils.AuditPeriodTest.test_day_with_offset_before_current [0.518299s] ... ok
{77} cinder.tests.unit.test_utils.TestLogLevels.test_get_log_levels [0.522681s] ... ok
{8} cinder.tests.unit.test_utils.TestValidateInteger.test_validate_integer_raise_assert_2__12 [0.730000s] ... ok
{71} cinder.tests.unit.test_utils.GenericUtilsTestCase.test_check_ssh_injection [0.536811s] ... ok
{40} cinder.tests.unit.test_utils.TestValidateInteger.test_validate_integer_2_123 [0.487158s] ... ok
{91} cinder.tests.unit.test_utils.LimitOperationsTestCase.test_semaphore_factory_with_limit [0.546611s] ... ok
{115} cinder.tests.unit.test_utils.TestLogLevels.test_get_log_method_1___info___20_ [0.364761s] ... ok
{4} cinder.tests.unit.test_utils.TemporaryChownTestCase.test_supplied_owner_uid [0.493991s] ... ok
{111} cinder.tests.unit.test_utils.AuditPeriodTest.test_day_with_offset_after_current [0.493565s] ... ok
{106} cinder.tests.unit.test_utils.TestCheckMetadataProperties.test_metadata_value_not_string_raise_7 [0.498757s] ... ok
{92} cinder.tests.unit.test_utils.TemporaryChownTestCase.test_get_uid [0.501899s] ... ok
{79} cinder.tests.unit.test_utils.IsBlkDeviceTestCase.test_not_is_blk_device [0.511182s] ... ok
{66} cinder.tests.unit.test_utils.LimitOperationsTestCase.test_semaphore_factory_no_limit_1_1 [0.528949s] ... ok
{101} cinder.tests.unit.test_utils.ExecuteTestCase.test_execute_root [0.512964s] ... ok
{116} cinder.tests.unit.test_utils.TestRetryDecorator.test_retry_exit_code_non_retriable [0.523367s] ... ok
{104} cinder.tests.unit.test_utils.GenericUtilsTestCase.test_get_file_gid [0.548843s] ... ok
{63} cinder.tests.unit.test_utils.GetBlkdevMajorMinorTestCase.test_get_file_size [0.547692s] ... ok
{120} cinder.tests.unit.test_utils.AuditPeriodTest.test_month [0.545249s] ... ok
{31} cinder.tests.unit.test_utils.TestCheckMetadataProperties.test_metadata_value_not_string_raise_2 [0.509667s] ... ok
{90} cinder.tests.unit.test_utils.TestCleanFileLocks.test_clean_volume_file_locks [0.514542s] ... ok
{81} cinder.tests.unit.test_utils.GenericUtilsTestCase.test_check_exclusive_options [0.532481s] ... ok
{59} cinder.tests.unit.test_utils.TestAutoMaxOversubscriptionRatio.test_calculate_max_over_subscription_ratio_01 [0.507123s] ... ok
{132} cinder.tests.unit.test_utils.IsBlkDeviceTestCase.test_fail_is_blk_device [0.553274s] ... ok
{85} cinder.tests.unit.test_utils.AuditPeriodTest.test_month_jan_day_not_first [0.532958s] ... ok
{114} cinder.tests.unit.test_utils.TestKeystoneProjectGet.test_get_project_keystoneclient_v3 [0.538100s] ... ok
{113} cinder.tests.unit.test_utils.TestCalculateVirtualFree.test_utils_calculate_capacity_factors_2 [0.521982s] ... ok
{117} cinder.tests.unit.test_utils.AuditPeriodTest.test_year_with_offset_before_current [0.509019s] ... ok
{103} cinder.tests.unit.test_utils.AuditPeriodTest.test_year [0.519334s] ... ok
{133} cinder.tests.unit.test_utils.TestCleanFileLocks.test_clean_snapshot_file_locks [0.529157s] ... ok
{129} cinder.tests.unit.test_utils.GenericUtilsTestCase.test_hostname_sanitize_periods [0.522012s] ... ok
{45} cinder.tests.unit.test_utils.TestLogLevels.test_get_log_method_4___wArNiNg___30_ [0.743944s] ... ok
{28} cinder.tests.unit.test_utils.TestRetryDecorator.test_no_retry_required_random [0.468406s] ... ok
{73} cinder.tests.unit.test_utils.TestValidateInteger.test_validate_integer_raise_assert_3_2_05 [0.780187s] ... ok
{112} cinder.tests.unit.test_utils.GenericUtilsTestCase.test_as_int [0.582340s] ... ok
{95} cinder.tests.unit.test_utils.LimitOperationsTestCase.test_semaphore_factory_no_limit_2_5 [0.635372s] ... ok
{78} cinder.tests.unit.test_utils.LimitOperationsTestCase.test_semaphore_factory_with_limit_and_workers [0.538857s] ... ok
{99} cinder.tests.unit.test_utils.TestNotificationShortCircuit.test_do_nothing_caller [0.505688s] ... ok
{84} cinder.tests.unit.test_utils.GetDiskOfPartitionTestCase.test_diskpath_is_not_block_device [0.514277s] ... ok
{138} cinder.tests.unit.test_utils.TestRetryDecorator.test_retry_exit_code [0.563106s] ... ok
{126} cinder.tests.unit.test_utils.GetBlkdevMajorMinorTestCase.test_get_blkdev_major_minor_file_nfs [0.528871s] ... ok
{32} cinder.tests.unit.test_utils.GetBlkdevMajorMinorTestCase.test_get_blkdev_is_chr [0.531972s] ... ok
{127} cinder.tests.unit.test_utils.GetDiskOfPartitionTestCase.test_stat_oserror [0.571136s] ... ok
{83} cinder.tests.unit.test_utils.BrickUtils.test_brick_get_connector_properties [0.509862s] ... ok
{125} cinder.tests.unit.test_utils.TestRetryDecorator.test_retries_once_random [0.471208s] ... ok
{109} cinder.tests.unit.test_utils.MonkeyPatchTestCase.test_monkey_patch [0.622908s] ... ok
{89} cinder.tests.unit.test_utils.IsBlkDeviceTestCase.test_is_blk_device [0.731548s] ... ok
{42} cinder.tests.unit.test_utils.TestValidateInteger.test_validate_integer_raise_assert_6_test [0.556049s] ... ok
{97} cinder.tests.unit.test_utils.TestLogLevels.test_set_log_levels_invalid_3_wronglevel [0.582091s] ... ok
{24} cinder.tests.unit.test_utils.TestLogLevels.test_get_log_method_invalid_3_wronglevel [0.568283s] ... ok
{118} cinder.tests.unit.test_utils.TestCleanFileLocks.test_api_clean_volume_file_locks [0.586576s] ... ok
{22} cinder.tests.unit.test_utils.TestCleanFileLocks.test_clean_volume_file_locks_errors [0.590552s] ... ok
{62} cinder.tests.unit.test_utils.TestNotificationShortCircuit.test_if_notification_enabled_when_enabled [0.572814s] ... ok
{94} cinder.tests.unit.test_utils.TestCalculateVirtualFree.test_utils_calculate_capacity_factors_4 [0.588453s] ... ok
{105} cinder.tests.unit.test_utils.TestAutoMaxOversubscriptionRatio.test_calculate_max_over_subscription_ratio_09 [0.691947s] ... ok
{110} cinder.tests.unit.test_utils.GenericUtilsTestCase.test_hostname_sanitize_dashes [0.565496s] ... ok
{107} cinder.tests.unit.test_utils.AuditPeriodTest.test_day [0.546627s] ... ok
{128} cinder.tests.unit.test_utils.WalkClassHierarchyTestCase.test_walk_class_hierarchy [0.806954s] ... ok
{37} cinder.tests.unit.test_utils.TestCheckMetadataProperties.test_metadata_value_not_string_raise_5 [0.875425s] ... ok
{50} cinder.tests.unit.test_utils.TestRetryDecorator.test_limit_is_reached [0.767121s] ... ok
{136} cinder.tests.unit.test_utils.TestValidateInteger.test_validate_integer_raise_assert_5_should_be_int [0.613336s] ... ok
{64} cinder.tests.unit.test_utils.TestLogLevels.test_get_log_method_6___debug___10_ [0.581560s] ... ok
{86} cinder.tests.unit.test_utils.TestCalculateVirtualFree.test_utils_calculate_virtual_free_capacity_provision_type_2 [0.625269s] ... ok
{119} cinder.tests.unit.test_utils.InvalidFilterTestCase.test_admin_allows_some_options [0.621211s] ... ok
{69} cinder.tests.unit.test_utils.TestCleanFileLocks.test_clean_snapshot_file_locks_failures [1.062569s] ... ok
{26} cinder.tests.unit.test_utils.GetBlkdevMajorMinorTestCase.test_get_blkdev_major_minor [0.910359s] ... ok
{46} cinder.tests.unit.test_utils.TestNotificationShortCircuit.test_if_notification_enabled_when_disabled_1___ [0.611096s] ... ok
{87} cinder.tests.unit.test_utils.TestCheckMetadataProperties.test_metadata_value_not_string_raise_6 [0.646346s] ... ok
{65} cinder.tests.unit.test_utils.StringLengthTestCase.test_check_string_length [0.648975s] ... ok
{122} cinder.tests.unit.test_utils.GenericUtilsTestCase.test_check_ssh_injection_on_error [0.564616s] ... ok
{18} cinder.tests.unit.test_utils.LimitOperationsTestCase.test_semaphore [0.704598s] ... ok
{123} cinder.tests.unit.test_utils.TestComparableMixin.test_eq [0.618506s] ... ok
{130} cinder.tests.unit.test_utils.GetBlkdevMajorMinorTestCase.test_get_blkdev_major_minor_file [0.636513s] ... ok
{141} cinder.tests.unit.test_utils.AuditPeriodTest.test_year_with_offset_after_current [0.638061s] ... ok
{25} cinder.tests.unit.test_utils.BrickUtils.test_brick_detach_volume_encryptor [0.614671s] ... ok
{137} cinder.tests.unit.test_utils.AddVisibleAdminMetadataTestCase.test_add_visible_admin_metadata_no_existing_metadata [0.672780s] ... ok
{96} cinder.tests.unit.test_utils.TemporaryChownTestCase.test_matching_uid [0.642701s] ... ok
{121} cinder.tests.unit.test_utils.BrickUtils.test_brick_attach_volume_encryptor [0.610215s] ... ok
{143} cinder.tests.unit.test_utils.GenericUtilsTestCase.test_hostname_sanitize_characters [0.619147s] ... ok
{134} cinder.tests.unit.test_utils.AuditPeriodTest.test_hour [0.488447s] ... ok
{131} cinder.tests.unit.test_utils.TestAutoMaxOversubscriptionRatio.test_calculate_max_over_subscription_ratio_07 [0.695668s] ... ok
{74} cinder.tests.unit.test_utils.GenericUtilsTestCase.test_get_root_helper [0.390310s] ... ok
{139} cinder.tests.unit.test_utils.TestValidateInteger.test_validate_integer_raise_assert_1_2147483649 [0.670329s] ... ok
{135} cinder.tests.unit.test_utils.TestRetryDecorator.test_retries_once [0.580870s] ... ok
{108} cinder.tests.unit.test_utils.TestLogLevels.test_get_log_method_5___error___40_ [0.653278s] ... ok
{140} cinder.tests.unit.test_utils.AuditPeriodTest.test_invalid_unit [0.614548s] ... ok
{142} cinder.tests.unit.test_utils.TestValidateInteger.test_validate_integer_1_123 [0.674421s] ... ok
{76} cinder.tests.unit.test_utils.TestNotificationShortCircuit.test_do_nothing_getter [0.616969s] ... ok

==============================
Failed 1 tests - output below:
==============================

cinder.tests.unit.test_utils.ExecuteTestCase.test_execute_root_and_helper
-------------------------------------------------------------------------

Captured traceback:
~~~~~~~~~~~~~~~~~~~
    Traceback (most recent call last):

      File "/data/zhihao/miniconda3/lib/python3.13/unittest/mock.py", line 1426, in patched
    return func(*newargs, **newkeywargs)

      File "/home/zhihao/hdd/marshal/benchmarks/cross-repo-pr-impact/results/single-case-pipeline-972691-973693-v1-2026-08-26/replay-work/formal-opendev-972691--target-973693/target-a1/cinder/tests/unit/test_utils.py", line 69, in test_execute_root_and_helper
    output = utils.execute('a', 1, foo='bar', run_as_root=True,
                           root_helper=mock_helper)

      File "/home/zhihao/hdd/marshal/benchmarks/cross-repo-pr-impact/results/single-case-pipeline-972691-973693-v1-2026-08-26/replay-work/formal-opendev-972691--target-973693/target-a1/cinder/utils.py", line 172, in execute
    return processutils.execute(*cmd, **kwargs)
           ~~~~~~~~~~~~~~~~~~~~^^^^^^^^^^^^^^^^

      File "<string>", line 2, in execute

      File "/data/zhihao/miniconda3/lib/python3.13/unittest/mock.py", line 194, in checksig
    sig.bind(*args, **kwargs)
    ~~~~~~~~^^^^^^^^^^^^^^^^^

      File "/data/zhihao/miniconda3/lib/python3.13/inspect.py", line 3304, in bind
    return self._bind(args, kwargs)
           ~~~~~~~~~~^^^^^^^^^^^^^^

      File "/data/zhihao/miniconda3/lib/python3.13/inspect.py", line 3293, in _bind
    raise TypeError(
        'got an unexpected keyword argument {arg!r}'.format(
            arg=next(iter(kwargs))))

    TypeError: got an unexpected keyword argument 'foo'


Captured pythonlogging:
~~~~~~~~~~~~~~~~~~~~~~~
    2026-08-26 20:12:23,700 INFO [keystonemiddleware.auth_token] Starting Keystone auth_token middleware
2026-08-26 20:12:23,703 WARNING [keystonemiddleware._common.config] The option "auth_url" is not known to keystonemiddleware
2026-08-26 20:12:23,704 WARNING [keystonemiddleware.auth_token] AuthToken middleware is set with keystone_authtoken.service_token_roles_required set to False. This is backwards compatible but deprecated behaviour. Please set this to True.
2026-08-26 20:12:23,707 WARNING [keystonemiddleware.auth_token] Configuring www_authenticate_uri to point to the public identity endpoint is required; clients may not be able to authenticate against an admin endpoint



======
Totals
======
Ran: 148 tests in 4.4368 sec.
 - Passed: 147
 - Skipped: 0
 - Expected Fail: 0
 - Unexpected Success: 0
 - Failed: 1
Sum of execute time for each test: 79.3998 sec.

==============
Worker Balance
==============
 - Worker 0 (2 tests) => 0:00:00.505475
 - Worker 1 (2 tests) => 0:00:00.503136
 - Worker 2 (2 tests) => 0:00:00.512491
 - Worker 3 (2 tests) => 0:00:00.568748
 - Worker 4 (1 tests) => 0:00:00.493991
 - Worker 5 (1 tests) => 0:00:00.314215
 - Worker 6 (1 tests) => 0:00:00.591427
 - Worker 7 (1 tests) => 0:00:00.473486
 - Worker 8 (1 tests) => 0:00:00.730000
 - Worker 9 (1 tests) => 0:00:00.451731
 - Worker 10 (1 tests) => 0:00:00.495923
 - Worker 11 (1 tests) => 0:00:00.853063
 - Worker 12 (1 tests) => 0:00:00.454910
 - Worker 13 (1 tests) => 0:00:00.500424
 - Worker 14 (1 tests) => 0:00:00.548553
 - Worker 15 (1 tests) => 0:00:00.458734
 - Worker 16 (1 tests) => 0:00:00.522981
 - Worker 17 (1 tests) => 0:00:00.462261
 - Worker 18 (1 tests) => 0:00:00.704598
 - Worker 19 (1 tests) => 0:00:00.457380
 - Worker 20 (1 tests) => 0:00:00.493334
 - Worker 21 (1 tests) => 0:00:00.467735
 - Worker 22 (1 tests) => 0:00:00.590552
 - Worker 23 (1 tests) => 0:00:00.468976
 - Worker 24 (1 tests) => 0:00:00.568283
 - Worker 25 (1 tests) => 0:00:00.614671
 - Worker 26 (1 tests) => 0:00:00.910359
 - Worker 27 (1 tests) => 0:00:00.493858
 - Worker 28 (1 tests) => 0:00:00.468406
 - Worker 29 (1 tests) => 0:00:00.462504
 - Worker 30 (1 tests) => 0:00:00.465645
 - Worker 31 (1 tests) => 0:00:00.509667
 - Worker 32 (1 tests) => 0:00:00.531972
 - Worker 33 (1 tests) => 0:00:00.516038
 - Worker 34 (1 tests) => 0:00:00.479700
 - Worker 35 (1 tests) => 0:00:00.462651
 - Worker 36 (1 tests) => 0:00:00.471801
 - Worker 37 (1 tests) => 0:00:00.875425
 - Worker 38 (1 tests) => 0:00:00.528678
 - Worker 39 (1 tests) => 0:00:00.478530
 - Worker 40 (1 tests) => 0:00:00.487158
 - Worker 41 (1 tests) => 0:00:00.484767
 - Worker 42 (1 tests) => 0:00:00.556049
 - Worker 43 (1 tests) => 0:00:00.470265
 - Worker 44 (1 tests) => 0:00:00.494267
 - Worker 45 (1 tests) => 0:00:00.743944
 - Worker 46 (1 tests) => 0:00:00.611096
 - Worker 47 (1 tests) => 0:00:00.462225
 - Worker 48 (1 tests) => 0:00:00.459782
 - Worker 49 (1 tests) => 0:00:00.498013
 - Worker 50 (1 tests) => 0:00:00.767121
 - Worker 51 (1 tests) => 0:00:00.458311
 - Worker 52 (1 tests) => 0:00:00.477827
 - Worker 53 (1 tests) => 0:00:00.472213
 - Worker 54 (1 tests) => 0:00:00.492255
 - Worker 55 (1 tests) => 0:00:00.515639
 - Worker 56 (1 tests) => 0:00:00.518299
 - Worker 57 (1 tests) => 0:00:00.484545
 - Worker 58 (1 tests) => 0:00:00.456414
 - Worker 59 (1 tests) => 0:00:00.507123
 - Worker 60 (1 tests) => 0:00:00.483332
 - Worker 61 (1 tests) => 0:00:00.496006
 - Worker 62 (1 tests) => 0:00:00.572814
 - Worker 63 (1 tests) => 0:00:00.547692
 - Worker 64 (1 tests) => 0:00:00.581560
 - Worker 65 (1 tests) => 0:00:00.648975
 - Worker 66 (1 tests) => 0:00:00.528949
 - Worker 67 (1 tests) => 0:00:00.481910
 - Worker 68 (1 tests) => 0:00:00.495633
 - Worker 69 (1 tests) => 0:00:01.062569
 - Worker 70 (1 tests) => 0:00:00.729155
 - Worker 71 (1 tests) => 0:00:00.536811
 - Worker 72 (1 tests) => 0:00:00.497508
 - Worker 73 (1 tests) => 0:00:00.780187
 - Worker 74 (1 tests) => 0:00:00.390310
 - Worker 75 (1 tests) => 0:00:00.510273
 - Worker 76 (1 tests) => 0:00:00.616969
 - Worker 77 (1 tests) => 0:00:00.522681
 - Worker 78 (1 tests) => 0:00:00.538857
 - Worker 79 (1 tests) => 0:00:00.511182
 - Worker 80 (1 tests) => 0:00:00.379899
 - Worker 81 (1 tests) => 0:00:00.532481
 - Worker 82 (1 tests) => 0:00:00.379248
 - Worker 83 (1 tests) => 0:00:00.509862
 - Worker 84 (1 tests) => 0:00:00.514277
 - Worker 85 (1 tests) => 0:00:00.532958
 - Worker 86 (1 tests) => 0:00:00.625269
 - Worker 87 (1 tests) => 0:00:00.646346
 - Worker 88 (1 tests) => 0:00:00.496974
 - Worker 89 (1 tests) => 0:00:00.731548
 - Worker 90 (1 tests) => 0:00:00.514542
 - Worker 91 (1 tests) => 0:00:00.546611
 - Worker 92 (1 tests) => 0:00:00.501899
 - Worker 93 (1 tests) => 0:00:00.507622
 - Worker 94 (1 tests) => 0:00:00.588453
 - Worker 95 (1 tests) => 0:00:00.635372
 - Worker 96 (1 tests) => 0:00:00.642701
 - Worker 97 (1 tests) => 0:00:00.582091
 - Worker 98 (1 tests) => 0:00:00.504766
 - Worker 99 (1 tests) => 0:00:00.505688
 - Worker 100 (1 tests) => 0:00:00.448072
 - Worker 101 (1 tests) => 0:00:00.512964
 - Worker 102 (1 tests) => 0:00:00.509109
 - Worker 103 (1 tests) => 0:00:00.519334
 - Worker 104 (1 tests) => 0:00:00.548843
 - Worker 105 (1 tests) => 0:00:00.691947
 - Worker 106 (1 tests) => 0:00:00.498757
 - Worker 107 (1 tests) => 0:00:00.546627
 - Worker 108 (1 tests) => 0:00:00.653278
 - Worker 109 (1 tests) => 0:00:00.622908
 - Worker 110 (1 tests) => 0:00:00.565496
 - Worker 111 (1 tests) => 0:00:00.493565
 - Worker 112 (1 tests) => 0:00:00.582340
 - Worker 113 (1 tests) => 0:00:00.521982
 - Worker 114 (1 tests) => 0:00:00.538100
 - Worker 115 (1 tests) => 0:00:00.364761
 - Worker 116 (1 tests) => 0:00:00.523367
 - Worker 117 (1 tests) => 0:00:00.509019
 - Worker 118 (1 tests) => 0:00:00.586576
 - Worker 119 (1 tests) => 0:00:00.621211
 - Worker 120 (1 tests) => 0:00:00.545249
 - Worker 121 (1 tests) => 0:00:00.610215
 - Worker 122 (1 tests) => 0:00:00.564616
 - Worker 123 (1 tests) => 0:00:00.618506
 - Worker 124 (1 tests) => 0:00:00.468037
 - Worker 125 (1 tests) => 0:00:00.471208
 - Worker 126 (1 tests) => 0:00:00.528871
 - Worker 127 (1 tests) => 0:00:00.571136
 - Worker 128 (1 tests) => 0:00:00.806954
 - Worker 129 (1 tests) => 0:00:00.522012
 - Worker 130 (1 tests) => 0:00:00.636513
 - Worker 131 (1 tests) => 0:00:00.695668
 - Worker 132 (1 tests) => 0:00:00.553274
 - Worker 133 (1 tests) => 0:00:00.529157
 - Worker 134 (1 tests) => 0:00:00.488447
 - Worker 135 (1 tests) => 0:00:00.580870
 - Worker 136 (1 tests) => 0:00:00.613336
 - Worker 137 (1 tests) => 0:00:00.672780
 - Worker 138 (1 tests) => 0:00:00.563106
 - Worker 139 (1 tests) => 0:00:00.670329
 - Worker 140 (1 tests) => 0:00:00.614548
 - Worker 141 (1 tests) => 0:00:00.638061
 - Worker 142 (1 tests) => 0:00:00.674421
 - Worker 143 (1 tests) => 0:00:00.619147
