/home/zhihao/hdd/marshal/.work/fresh_995651_manila/output-v2/replay-work/formal-opendev-995651--target-manila-I1fab32db/target-a1/manila/monkey_patch.py:38: EventletDeprecationWarning: 
Eventlet is deprecated. It is currently being maintained in bugfix mode, and
we strongly recommend against using it for new projects.

If you are already using Eventlet, we recommend migrating to a different
framework.  For more detail see
https://eventlet.readthedocs.io/en/latest/asyncio/migration.html

  import eventlet
1 RLock(s) were not greened, to fix this error make sure you run eventlet.monkey_patch() before importing any other modules.
/home/zhihao/hdd/marshal/.work/fresh_995651_manila/output-v2/replay-work/formal-opendev-995651--target-manila-I1fab32db/target-a1/manila/monkey_patch.py:38: EventletDeprecationWarning: 
Eventlet is deprecated. It is currently being maintained in bugfix mode, and
we strongly recommend against using it for new projects.

If you are already using Eventlet, we recommend migrating to a different
framework.  For more detail see
https://eventlet.readthedocs.io/en/latest/asyncio/migration.html

  import eventlet
/home/zhihao/hdd/marshal/.work/fresh_995651_manila/output-v2/replay-work/formal-opendev-995651--target-manila-I1fab32db/target-a1/manila/monkey_patch.py:38: EventletDeprecationWarning: 
Eventlet is deprecated. It is currently being maintained in bugfix mode, and
we strongly recommend against using it for new projects.

If you are already using Eventlet, we recommend migrating to a different
framework.  For more detail see
https://eventlet.readthedocs.io/en/latest/asyncio/migration.html

  import eventlet
/home/zhihao/hdd/marshal/.work/fresh_995651_manila/output-v2/replay-work/formal-opendev-995651--target-manila-I1fab32db/target-a1/manila/monkey_patch.py:38: EventletDeprecationWarning: 
Eventlet is deprecated. It is currently being maintained in bugfix mode, and
we strongly recommend against using it for new projects.

If you are already using Eventlet, we recommend migrating to a different
framework.  For more detail see
https://eventlet.readthedocs.io/en/latest/asyncio/migration.html

  import eventlet
/home/zhihao/hdd/marshal/.work/fresh_995651_manila/output-v2/replay-work/formal-opendev-995651--target-manila-I1fab32db/target-a1/manila/monkey_patch.py:38: EventletDeprecationWarning: 
Eventlet is deprecated. It is currently being maintained in bugfix mode, and
we strongly recommend against using it for new projects.

If you are already using Eventlet, we recommend migrating to a different
framework.  For more detail see
https://eventlet.readthedocs.io/en/latest/asyncio/migration.html

  import eventlet
/home/zhihao/hdd/marshal/.work/fresh_995651_manila/output-v2/replay-work/formal-opendev-995651--target-manila-I1fab32db/target-a1/manila/monkey_patch.py:38: EventletDeprecationWarning: 
Eventlet is deprecated. It is currently being maintained in bugfix mode, and
we strongly recommend against using it for new projects.

If you are already using Eventlet, we recommend migrating to a different
framework.  For more detail see
https://eventlet.readthedocs.io/en/latest/asyncio/migration.html

  import eventlet
/home/zhihao/hdd/marshal/.work/fresh_995651_manila/output-v2/replay-work/formal-opendev-995651--target-manila-I1fab32db/target-a1/manila/monkey_patch.py:38: EventletDeprecationWarning: 
Eventlet is deprecated. It is currently being maintained in bugfix mode, and
we strongly recommend against using it for new projects.

If you are already using Eventlet, we recommend migrating to a different
framework.  For more detail see
https://eventlet.readthedocs.io/en/latest/asyncio/migration.html

  import eventlet
1 RLock(s) were not greened, to fix this error make sure you run eventlet.monkey_patch() before importing any other modules.
1 RLock(s) were not greened, to fix this error make sure you run eventlet.monkey_patch() before importing any other modules.
1 RLock(s) were not greened, to fix this error make sure you run eventlet.monkey_patch() before importing any other modules.
1 RLock(s) were not greened, to fix this error make sure you run eventlet.monkey_patch() before importing any other modules.
1 RLock(s) were not greened, to fix this error make sure you run eventlet.monkey_patch() before importing any other modules.
1 RLock(s) were not greened, to fix this error make sure you run eventlet.monkey_patch() before importing any other modules.
{5} manila.tests.test_coordination.CoordinationTestCase.test_lock [21.655716s] ... FAILED

Captured traceback:
~~~~~~~~~~~~~~~~~~~
    Traceback (most recent call last):

      File "/data/zhihao/miniconda3/lib/python3.13/unittest/mock.py", line 1426, in patched
    return func(*newargs, **newkeywargs)

      File "/home/zhihao/hdd/marshal/.work/fresh_995651_manila/output-v2/replay-work/formal-opendev-995651--target-manila-I1fab32db/target-a1/manila/tests/test_coordination.py", line 108, in test_lock
    with coordination.Lock('lock'):
         ~~~~~~~~~~~~~~~~~^^^^^^^^

      File "/home/zhihao/hdd/marshal/.work/fresh_995651_manila/output-v2/replay-work/formal-opendev-995651--target-manila-I1fab32db/target-a1/.tox/py3/lib/python3.13/site-packages/tooz/locking.py", line 65, in __enter__
    acquired = self.acquire(blocking, shared, timeout)

    TypeError: Lock.acquire() takes from 1 to 2 positional arguments but 4 were given

{1} manila.tests.test_coordination.CoordinatorTestCase.test_coordinator_stop [23.157372s] ... ok
{4} manila.tests.test_coordination.CoordinatorTestCase.test_coordinator_offline [23.152839s] ... ok
{3} manila.tests.test_coordination.CoordinationTestCase.test_synchronized [23.158874s] ... FAILED

Captured traceback:
~~~~~~~~~~~~~~~~~~~
    Traceback (most recent call last):

      File "/data/zhihao/miniconda3/lib/python3.13/unittest/mock.py", line 1426, in patched
    return func(*newargs, **newkeywargs)

      File "/home/zhihao/hdd/marshal/.work/fresh_995651_manila/output-v2/replay-work/formal-opendev-995651--target-manila-I1fab32db/target-a1/manila/tests/test_coordination.py", line 120, in test_synchronized
    func(foo, bar)
    ~~~~^^^^^^^^^^

      File "/home/zhihao/hdd/marshal/.work/fresh_995651_manila/output-v2/replay-work/formal-opendev-995651--target-manila-I1fab32db/target-a1/.tox/py3/lib/python3.13/site-packages/decorator/__init__.py", line 247, in fun
    return caller(func, *(extras + args), **kw)

      File "/home/zhihao/hdd/marshal/.work/fresh_995651_manila/output-v2/replay-work/formal-opendev-995651--target-manila-I1fab32db/target-a1/manila/coordination.py", line 198, in _synchronized
    with lock(blocking):
         ~~~~^^^^^^^^^^

      File "/home/zhihao/hdd/marshal/.work/fresh_995651_manila/output-v2/replay-work/formal-opendev-995651--target-manila-I1fab32db/target-a1/.tox/py3/lib/python3.13/site-packages/tooz/locking.py", line 35, in __enter__
    return self.lock.__enter__(*self.args, **self.kwargs)
           ~~~~~~~~~~~~~~~~~~~^^^^^^^^^^^^^^^^^^^^^^^^^^^

      File "/home/zhihao/hdd/marshal/.work/fresh_995651_manila/output-v2/replay-work/formal-opendev-995651--target-manila-I1fab32db/target-a1/.tox/py3/lib/python3.13/site-packages/tooz/locking.py", line 65, in __enter__
    acquired = self.acquire(blocking, shared, timeout)

    TypeError: Lock.acquire() takes from 1 to 2 positional arguments but 4 were given

{0} manila.tests.test_coordination.CoordinatorTestCase.test_coordinator_lock [23.159200s] ... FAILED

Captured traceback:
~~~~~~~~~~~~~~~~~~~
    Traceback (most recent call last):

      File "/home/zhihao/hdd/marshal/.work/fresh_995651_manila/output-v2/replay-work/formal-opendev-995651--target-manila-I1fab32db/target-a1/manila/tests/test_coordination.py", line 90, in test_coordinator_lock
    with agent1.get_lock(lock_string):
         ~~~~~~~~~~~~~~~^^^^^^^^^^^^^

      File "/home/zhihao/hdd/marshal/.work/fresh_995651_manila/output-v2/replay-work/formal-opendev-995651--target-manila-I1fab32db/target-a1/.tox/py3/lib/python3.13/site-packages/tooz/locking.py", line 65, in __enter__
    acquired = self.acquire(blocking, shared, timeout)

    TypeError: MockToozLock.acquire() takes from 1 to 2 positional arguments but 4 were given

{2} manila.tests.test_coordination.CoordinatorTestCase.test_coordinator_start [23.411216s] ... ok

==============================
Failed 3 tests - output below:
==============================

manila.tests.test_coordination.CoordinationTestCase.test_lock
-------------------------------------------------------------

Captured traceback:
~~~~~~~~~~~~~~~~~~~
    Traceback (most recent call last):

      File "/data/zhihao/miniconda3/lib/python3.13/unittest/mock.py", line 1426, in patched
    return func(*newargs, **newkeywargs)

      File "/home/zhihao/hdd/marshal/.work/fresh_995651_manila/output-v2/replay-work/formal-opendev-995651--target-manila-I1fab32db/target-a1/manila/tests/test_coordination.py", line 108, in test_lock
    with coordination.Lock('lock'):
         ~~~~~~~~~~~~~~~~~^^^^^^^^

      File "/home/zhihao/hdd/marshal/.work/fresh_995651_manila/output-v2/replay-work/formal-opendev-995651--target-manila-I1fab32db/target-a1/.tox/py3/lib/python3.13/site-packages/tooz/locking.py", line 65, in __enter__
    acquired = self.acquire(blocking, shared, timeout)

    TypeError: Lock.acquire() takes from 1 to 2 positional arguments but 4 were given


manila.tests.test_coordination.CoordinationTestCase.test_synchronized
---------------------------------------------------------------------

Captured traceback:
~~~~~~~~~~~~~~~~~~~
    Traceback (most recent call last):

      File "/data/zhihao/miniconda3/lib/python3.13/unittest/mock.py", line 1426, in patched
    return func(*newargs, **newkeywargs)

      File "/home/zhihao/hdd/marshal/.work/fresh_995651_manila/output-v2/replay-work/formal-opendev-995651--target-manila-I1fab32db/target-a1/manila/tests/test_coordination.py", line 120, in test_synchronized
    func(foo, bar)
    ~~~~^^^^^^^^^^

      File "/home/zhihao/hdd/marshal/.work/fresh_995651_manila/output-v2/replay-work/formal-opendev-995651--target-manila-I1fab32db/target-a1/.tox/py3/lib/python3.13/site-packages/decorator/__init__.py", line 247, in fun
    return caller(func, *(extras + args), **kw)

      File "/home/zhihao/hdd/marshal/.work/fresh_995651_manila/output-v2/replay-work/formal-opendev-995651--target-manila-I1fab32db/target-a1/manila/coordination.py", line 198, in _synchronized
    with lock(blocking):
         ~~~~^^^^^^^^^^

      File "/home/zhihao/hdd/marshal/.work/fresh_995651_manila/output-v2/replay-work/formal-opendev-995651--target-manila-I1fab32db/target-a1/.tox/py3/lib/python3.13/site-packages/tooz/locking.py", line 35, in __enter__
    return self.lock.__enter__(*self.args, **self.kwargs)
           ~~~~~~~~~~~~~~~~~~~^^^^^^^^^^^^^^^^^^^^^^^^^^^

      File "/home/zhihao/hdd/marshal/.work/fresh_995651_manila/output-v2/replay-work/formal-opendev-995651--target-manila-I1fab32db/target-a1/.tox/py3/lib/python3.13/site-packages/tooz/locking.py", line 65, in __enter__
    acquired = self.acquire(blocking, shared, timeout)

    TypeError: Lock.acquire() takes from 1 to 2 positional arguments but 4 were given


manila.tests.test_coordination.CoordinatorTestCase.test_coordinator_lock
------------------------------------------------------------------------

Captured traceback:
~~~~~~~~~~~~~~~~~~~
    Traceback (most recent call last):

      File "/home/zhihao/hdd/marshal/.work/fresh_995651_manila/output-v2/replay-work/formal-opendev-995651--target-manila-I1fab32db/target-a1/manila/tests/test_coordination.py", line 90, in test_coordinator_lock
    with agent1.get_lock(lock_string):
         ~~~~~~~~~~~~~~~^^^^^^^^^^^^^

      File "/home/zhihao/hdd/marshal/.work/fresh_995651_manila/output-v2/replay-work/formal-opendev-995651--target-manila-I1fab32db/target-a1/.tox/py3/lib/python3.13/site-packages/tooz/locking.py", line 65, in __enter__
    acquired = self.acquire(blocking, shared, timeout)

    TypeError: MockToozLock.acquire() takes from 1 to 2 positional arguments but 4 were given



======
Totals
======
Ran: 6 tests in 23.4153 sec.
 - Passed: 3
 - Skipped: 0
 - Expected Fail: 0
 - Unexpected Success: 0
 - Failed: 3
Sum of execute time for each test: 137.6952 sec.

==============
Worker Balance
==============
 - Worker 0 (1 tests) => 0:00:23.159200
 - Worker 1 (1 tests) => 0:00:23.157372
 - Worker 2 (1 tests) => 0:00:23.411216
 - Worker 3 (1 tests) => 0:00:23.158874
 - Worker 4 (1 tests) => 0:00:23.152839
 - Worker 5 (1 tests) => 0:00:21.655716
