/home/zhihao/hdd/marshal/benchmarks/cross-repo-pr-impact/results/single-case-pipeline-995651-995691-v3-2026-08-26/replay-work/formal-opendev-995651--target-995691/target-a2/cinder/__init__.py:21: EventletDeprecationWarning: 
Eventlet is deprecated. It is currently being maintained in bugfix mode, and
we strongly recommend against using it for new projects.

If you are already using Eventlet, we recommend migrating to a different
framework.  For more detail see
https://eventlet.readthedocs.io/en/latest/asyncio/migration.html

  import eventlet  # noqa
1 RLock(s) were not greened, to fix this error make sure you run eventlet.monkey_patch() before importing any other modules.
/home/zhihao/hdd/marshal/benchmarks/cross-repo-pr-impact/results/single-case-pipeline-995651-995691-v3-2026-08-26/replay-work/formal-opendev-995651--target-995691/target-a2/cinder/__init__.py:21: EventletDeprecationWarning: 
Eventlet is deprecated. It is currently being maintained in bugfix mode, and
we strongly recommend against using it for new projects.

If you are already using Eventlet, we recommend migrating to a different
framework.  For more detail see
https://eventlet.readthedocs.io/en/latest/asyncio/migration.html

  import eventlet  # noqa
/home/zhihao/hdd/marshal/benchmarks/cross-repo-pr-impact/results/single-case-pipeline-995651-995691-v3-2026-08-26/replay-work/formal-opendev-995651--target-995691/target-a2/cinder/__init__.py:21: EventletDeprecationWarning: 
Eventlet is deprecated. It is currently being maintained in bugfix mode, and
we strongly recommend against using it for new projects.

If you are already using Eventlet, we recommend migrating to a different
framework.  For more detail see
https://eventlet.readthedocs.io/en/latest/asyncio/migration.html

  import eventlet  # noqa
/home/zhihao/hdd/marshal/benchmarks/cross-repo-pr-impact/results/single-case-pipeline-995651-995691-v3-2026-08-26/replay-work/formal-opendev-995651--target-995691/target-a2/cinder/__init__.py:21: EventletDeprecationWarning: 
Eventlet is deprecated. It is currently being maintained in bugfix mode, and
we strongly recommend against using it for new projects.

If you are already using Eventlet, we recommend migrating to a different
framework.  For more detail see
https://eventlet.readthedocs.io/en/latest/asyncio/migration.html

  import eventlet  # noqa
/home/zhihao/hdd/marshal/benchmarks/cross-repo-pr-impact/results/single-case-pipeline-995651-995691-v3-2026-08-26/replay-work/formal-opendev-995651--target-995691/target-a2/cinder/__init__.py:21: EventletDeprecationWarning: 
Eventlet is deprecated. It is currently being maintained in bugfix mode, and
we strongly recommend against using it for new projects.

If you are already using Eventlet, we recommend migrating to a different
framework.  For more detail see
https://eventlet.readthedocs.io/en/latest/asyncio/migration.html

  import eventlet  # noqa
/home/zhihao/hdd/marshal/benchmarks/cross-repo-pr-impact/results/single-case-pipeline-995651-995691-v3-2026-08-26/replay-work/formal-opendev-995651--target-995691/target-a2/cinder/__init__.py:21: EventletDeprecationWarning: 
Eventlet is deprecated. It is currently being maintained in bugfix mode, and
we strongly recommend against using it for new projects.

If you are already using Eventlet, we recommend migrating to a different
framework.  For more detail see
https://eventlet.readthedocs.io/en/latest/asyncio/migration.html

  import eventlet  # noqa
/home/zhihao/hdd/marshal/benchmarks/cross-repo-pr-impact/results/single-case-pipeline-995651-995691-v3-2026-08-26/replay-work/formal-opendev-995651--target-995691/target-a2/cinder/__init__.py:21: EventletDeprecationWarning: 
Eventlet is deprecated. It is currently being maintained in bugfix mode, and
we strongly recommend against using it for new projects.

If you are already using Eventlet, we recommend migrating to a different
framework.  For more detail see
https://eventlet.readthedocs.io/en/latest/asyncio/migration.html

  import eventlet  # noqa
/home/zhihao/hdd/marshal/benchmarks/cross-repo-pr-impact/results/single-case-pipeline-995651-995691-v3-2026-08-26/replay-work/formal-opendev-995651--target-995691/target-a2/cinder/__init__.py:21: EventletDeprecationWarning: 
Eventlet is deprecated. It is currently being maintained in bugfix mode, and
we strongly recommend against using it for new projects.

If you are already using Eventlet, we recommend migrating to a different
framework.  For more detail see
https://eventlet.readthedocs.io/en/latest/asyncio/migration.html

  import eventlet  # noqa
/home/zhihao/hdd/marshal/benchmarks/cross-repo-pr-impact/results/single-case-pipeline-995651-995691-v3-2026-08-26/replay-work/formal-opendev-995651--target-995691/target-a2/cinder/__init__.py:21: EventletDeprecationWarning: 
Eventlet is deprecated. It is currently being maintained in bugfix mode, and
we strongly recommend against using it for new projects.

If you are already using Eventlet, we recommend migrating to a different
framework.  For more detail see
https://eventlet.readthedocs.io/en/latest/asyncio/migration.html

  import eventlet  # noqa
/home/zhihao/hdd/marshal/benchmarks/cross-repo-pr-impact/results/single-case-pipeline-995651-995691-v3-2026-08-26/replay-work/formal-opendev-995651--target-995691/target-a2/cinder/__init__.py:21: EventletDeprecationWarning: 
Eventlet is deprecated. It is currently being maintained in bugfix mode, and
we strongly recommend against using it for new projects.

If you are already using Eventlet, we recommend migrating to a different
framework.  For more detail see
https://eventlet.readthedocs.io/en/latest/asyncio/migration.html

  import eventlet  # noqa
/home/zhihao/hdd/marshal/benchmarks/cross-repo-pr-impact/results/single-case-pipeline-995651-995691-v3-2026-08-26/replay-work/formal-opendev-995651--target-995691/target-a2/cinder/__init__.py:21: EventletDeprecationWarning: 
Eventlet is deprecated. It is currently being maintained in bugfix mode, and
we strongly recommend against using it for new projects.

If you are already using Eventlet, we recommend migrating to a different
framework.  For more detail see
https://eventlet.readthedocs.io/en/latest/asyncio/migration.html

  import eventlet  # noqa
/home/zhihao/hdd/marshal/benchmarks/cross-repo-pr-impact/results/single-case-pipeline-995651-995691-v3-2026-08-26/replay-work/formal-opendev-995651--target-995691/target-a2/cinder/__init__.py:21: EventletDeprecationWarning: 
Eventlet is deprecated. It is currently being maintained in bugfix mode, and
we strongly recommend against using it for new projects.

If you are already using Eventlet, we recommend migrating to a different
framework.  For more detail see
https://eventlet.readthedocs.io/en/latest/asyncio/migration.html

  import eventlet  # noqa
/home/zhihao/hdd/marshal/benchmarks/cross-repo-pr-impact/results/single-case-pipeline-995651-995691-v3-2026-08-26/replay-work/formal-opendev-995651--target-995691/target-a2/cinder/__init__.py:21: EventletDeprecationWarning: 
Eventlet is deprecated. It is currently being maintained in bugfix mode, and
we strongly recommend against using it for new projects.

If you are already using Eventlet, we recommend migrating to a different
framework.  For more detail see
https://eventlet.readthedocs.io/en/latest/asyncio/migration.html

  import eventlet  # noqa
/home/zhihao/hdd/marshal/benchmarks/cross-repo-pr-impact/results/single-case-pipeline-995651-995691-v3-2026-08-26/replay-work/formal-opendev-995651--target-995691/target-a2/cinder/__init__.py:21: EventletDeprecationWarning: 
Eventlet is deprecated. It is currently being maintained in bugfix mode, and
we strongly recommend against using it for new projects.

If you are already using Eventlet, we recommend migrating to a different
framework.  For more detail see
https://eventlet.readthedocs.io/en/latest/asyncio/migration.html

  import eventlet  # noqa
/home/zhihao/hdd/marshal/benchmarks/cross-repo-pr-impact/results/single-case-pipeline-995651-995691-v3-2026-08-26/replay-work/formal-opendev-995651--target-995691/target-a2/cinder/__init__.py:21: EventletDeprecationWarning: 
Eventlet is deprecated. It is currently being maintained in bugfix mode, and
we strongly recommend against using it for new projects.

If you are already using Eventlet, we recommend migrating to a different
framework.  For more detail see
https://eventlet.readthedocs.io/en/latest/asyncio/migration.html

  import eventlet  # noqa
/home/zhihao/hdd/marshal/benchmarks/cross-repo-pr-impact/results/single-case-pipeline-995651-995691-v3-2026-08-26/replay-work/formal-opendev-995651--target-995691/target-a2/cinder/__init__.py:21: EventletDeprecationWarning: 
Eventlet is deprecated. It is currently being maintained in bugfix mode, and
we strongly recommend against using it for new projects.

If you are already using Eventlet, we recommend migrating to a different
framework.  For more detail see
https://eventlet.readthedocs.io/en/latest/asyncio/migration.html

  import eventlet  # noqa
/home/zhihao/hdd/marshal/benchmarks/cross-repo-pr-impact/results/single-case-pipeline-995651-995691-v3-2026-08-26/replay-work/formal-opendev-995651--target-995691/target-a2/cinder/__init__.py:21: EventletDeprecationWarning: 
Eventlet is deprecated. It is currently being maintained in bugfix mode, and
we strongly recommend against using it for new projects.

If you are already using Eventlet, we recommend migrating to a different
framework.  For more detail see
https://eventlet.readthedocs.io/en/latest/asyncio/migration.html

  import eventlet  # noqa
/home/zhihao/hdd/marshal/benchmarks/cross-repo-pr-impact/results/single-case-pipeline-995651-995691-v3-2026-08-26/replay-work/formal-opendev-995651--target-995691/target-a2/cinder/__init__.py:21: EventletDeprecationWarning: 
Eventlet is deprecated. It is currently being maintained in bugfix mode, and
we strongly recommend against using it for new projects.

If you are already using Eventlet, we recommend migrating to a different
framework.  For more detail see
https://eventlet.readthedocs.io/en/latest/asyncio/migration.html

  import eventlet  # noqa
/home/zhihao/hdd/marshal/benchmarks/cross-repo-pr-impact/results/single-case-pipeline-995651-995691-v3-2026-08-26/replay-work/formal-opendev-995651--target-995691/target-a2/cinder/__init__.py:21: EventletDeprecationWarning: 
Eventlet is deprecated. It is currently being maintained in bugfix mode, and
we strongly recommend against using it for new projects.

If you are already using Eventlet, we recommend migrating to a different
framework.  For more detail see
https://eventlet.readthedocs.io/en/latest/asyncio/migration.html

  import eventlet  # noqa
1 RLock(s) were not greened, to fix this error make sure you run eventlet.monkey_patch() before importing any other modules.
1 RLock(s) were not greened, to fix this error make sure you run eventlet.monkey_patch() before importing any other modules.
1 RLock(s) were not greened, to fix this error make sure you run eventlet.monkey_patch() before importing any other modules.
1 RLock(s) were not greened, to fix this error make sure you run eventlet.monkey_patch() before importing any other modules.
1 RLock(s) were not greened, to fix this error make sure you run eventlet.monkey_patch() before importing any other modules.
1 RLock(s) were not greened, to fix this error make sure you run eventlet.monkey_patch() before importing any other modules.
1 RLock(s) were not greened, to fix this error make sure you run eventlet.monkey_patch() before importing any other modules.
1 RLock(s) were not greened, to fix this error make sure you run eventlet.monkey_patch() before importing any other modules.
1 RLock(s) were not greened, to fix this error make sure you run eventlet.monkey_patch() before importing any other modules.
1 RLock(s) were not greened, to fix this error make sure you run eventlet.monkey_patch() before importing any other modules.
1 RLock(s) were not greened, to fix this error make sure you run eventlet.monkey_patch() before importing any other modules.
1 RLock(s) were not greened, to fix this error make sure you run eventlet.monkey_patch() before importing any other modules.
1 RLock(s) were not greened, to fix this error make sure you run eventlet.monkey_patch() before importing any other modules.
1 RLock(s) were not greened, to fix this error make sure you run eventlet.monkey_patch() before importing any other modules.
1 RLock(s) were not greened, to fix this error make sure you run eventlet.monkey_patch() before importing any other modules.
1 RLock(s) were not greened, to fix this error make sure you run eventlet.monkey_patch() before importing any other modules.
1 RLock(s) were not greened, to fix this error make sure you run eventlet.monkey_patch() before importing any other modules.
1 RLock(s) were not greened, to fix this error make sure you run eventlet.monkey_patch() before importing any other modules.
{13} cinder.tests.unit.test_coordination.CoordinatorTestCase.test_coordinator_stop [0.267108s] ... ok
{5} cinder.tests.unit.test_coordination.CoordinatorTestCase.test_remove_lock [0.262630s] ... ok
{10} cinder.tests.unit.test_coordination.CoordinatorTestCase.test_coordinator_start [0.258270s] ... ok
{8} cinder.tests.unit.test_coordination.CoordinatorTestCase.test_remove_lock_unknown_failure [0.254221s] ... ok
{14} cinder.tests.unit.test_coordination.CoordinatorTestCase.test_remove_lock_non_file_lock [0.256943s] ... ok
{0} cinder.tests.unit.test_coordination.CoordinationTestCase.test_synchronized_remove [0.247469s] ... ok
{17} cinder.tests.unit.test_coordination.CoordinationTestCase.test_synchronized_remove_custom_coordinator [0.252376s] ... ok
{11} cinder.tests.unit.test_coordination.CoordinatorTestCase.test_coordinator_offline [0.258917s] ... ok
{2} cinder.tests.unit.test_coordination.CoordinatorTestCase.test_remove_lock_missing_file [0.258953s] ... ok
{7} cinder.tests.unit.test_coordination.CoordinatorTestCase.test_get_file_path_non_file [0.320264s] ... ok
{4} cinder.tests.unit.test_coordination.CoordinationTestCase.test___release [0.260434s] ... ok
{9} cinder.tests.unit.test_coordination.CoordinationTestCase.test___acquire [0.260839s] ... ok
{6} cinder.tests.unit.test_coordination.CoordinationTestCase.test___acquire_propagates_exception [0.264313s] ... ok
{3} cinder.tests.unit.test_coordination.CoordinationTestCase.test___release_ignores_exception [0.263619s] ... ok
{12} cinder.tests.unit.test_coordination.CoordinationTestCase.test_synchronized_multiple_templates [0.268790s] ... ok
{15} cinder.tests.unit.test_coordination.CoordinatorTestCase.test_get_file_path [0.270506s] ... ok
{1} cinder.tests.unit.test_coordination.CoordinationTestCase.test_synchronized [0.265556s] ... ok
{16} cinder.tests.unit.test_coordination.CoordinatorTestCase.test_coordinator_lock [0.272053s] ... ok

======
Totals
======
Ran: 18 tests in 0.7350 sec.
 - Passed: 18
 - Skipped: 0
 - Expected Fail: 0
 - Unexpected Success: 0
 - Failed: 0
Sum of execute time for each test: 4.7633 sec.

==============
Worker Balance
==============
 - Worker 0 (1 tests) => 0:00:00.247469
 - Worker 1 (1 tests) => 0:00:00.265556
 - Worker 2 (1 tests) => 0:00:00.258953
 - Worker 3 (1 tests) => 0:00:00.263619
 - Worker 4 (1 tests) => 0:00:00.260434
 - Worker 5 (1 tests) => 0:00:00.262630
 - Worker 6 (1 tests) => 0:00:00.264313
 - Worker 7 (1 tests) => 0:00:00.320264
 - Worker 8 (1 tests) => 0:00:00.254221
 - Worker 9 (1 tests) => 0:00:00.260839
 - Worker 10 (1 tests) => 0:00:00.258270
 - Worker 11 (1 tests) => 0:00:00.258917
 - Worker 12 (1 tests) => 0:00:00.268790
 - Worker 13 (1 tests) => 0:00:00.267108
 - Worker 14 (1 tests) => 0:00:00.256943
 - Worker 15 (1 tests) => 0:00:00.270506
 - Worker 16 (1 tests) => 0:00:00.272053
 - Worker 17 (1 tests) => 0:00:00.252376
