{0} designate.tests.unit.backend.test_infoblox.BasicInfobloxBackendTestCase.test_get_or_create_network_view [0.004299s] ... ok
{1} designate.tests.unit.backend.test_infoblox.BasicInfobloxBackendTestCase.test_backend_with_host [0.004938s] ... ok
{2} designate.tests.unit.backend.test_infoblox.BasicInfobloxBackendTestCase.test_get_network_view_no_result [0.004138s] ... ok
{3} designate.tests.unit.backend.test_infoblox.BasicInfobloxBackendTestCase.test_get_or_create_network_view_not_found [0.004072s] ... ok
{4} designate.tests.unit.backend.test_infoblox.BasicInfobloxBackendTestCase.test_get_or_create_dns_view_no_network_provided [0.004339s] ... ok
{5} designate.tests.unit.backend.test_infoblox.BasicInfobloxBackendTestCase.test_parse_wapi_url [0.004164s] ... ok
{11} designate.tests.unit.backend.test_infoblox.BasicInfobloxBackendTestCase.test_get_or_create_dns_view_already_found [0.004456s] ... ok
{6} designate.tests.unit.backend.test_infoblox.BasicInfobloxBackendTestCase.test_delete_zone [0.004928s] ... ok
{13} designate.tests.unit.backend.test_infoblox.BasicInfobloxBackendTestCase.test_delete_zone_handle_error [0.004857s] ... ok
{8} designate.tests.unit.backend.test_infoblox.BasicInfobloxBackendTestCase.test_no_library_installed [0.005165s] ... ok
{15} designate.tests.unit.backend.test_infoblox.BasicInfobloxBackendTestCase.test_backend_with_wapi_url [0.005238s] ... ok
{17} designate.tests.unit.backend.test_infoblox.BasicInfobloxBackendTestCase.test_create_zone_ptr [0.005046s] ... ok
{16} designate.tests.unit.backend.test_infoblox.BasicInfobloxBackendTestCase.test_create_zone_no_dns_view [0.004798s] ... ok
{21} designate.tests.unit.backend.test_infoblox.BasicInfobloxBackendTestCase.test_get_or_create_network_view_already_found [0.004369s] ... ok
{20} designate.tests.unit.backend.test_infoblox.BasicInfobloxBackendTestCase.test_delete_zone_no_dns_view [0.004759s] ... ok
{18} designate.tests.unit.backend.test_infoblox.BasicInfobloxBackendTestCase.test_backend_with_invalid_master_port [0.005357s] ... ok
{9} designate.tests.unit.backend.test_infoblox.BasicInfobloxBackendTestCase.test_restart_if_needed_unable_to_restart [0.005562s] ... ok
{23} designate.tests.unit.backend.test_infoblox.BasicInfobloxBackendTestCase.test_get_options [0.004318s] ... ok
{22} designate.tests.unit.backend.test_infoblox.BasicInfobloxBackendTestCase.test_get_network_view [0.004487s] ... ok
{10} designate.tests.unit.backend.test_infoblox.BasicInfobloxBackendTestCase.test_get_or_create_dns_view [0.005555s] ... ok
{12} designate.tests.unit.backend.test_infoblox.BasicInfobloxBackendTestCase.test_is_multi_project [0.004826s] ... ok
{26} designate.tests.unit.backend.test_infoblox.BasicInfobloxBackendTestCase.test_create_zone [0.005322s] ... ok
{25} designate.tests.unit.backend.test_infoblox.BasicInfobloxBackendTestCase.test_create_zone_ipv6_ptr [0.005785s] ... ok
{7} designate.tests.unit.backend.test_infoblox.AdvancedInfobloxBackendTestCase.test_delete_zone [0.013610s] ... ok
{24} designate.tests.unit.backend.test_infoblox.BasicInfobloxBackendTestCase.test_create_zone_handle_error [0.006010s] ... ok
{19} designate.tests.unit.backend.test_infoblox.AdvancedInfobloxBackendTestCase.test_create_zone [0.013600s] ... ok
{14} designate.tests.unit.backend.test_infoblox.BasicInfobloxBackendTestCase.test_get_or_create_dns_view_not_found [0.005463s] ... ok

======
Totals
======
Ran: 27 tests in 0.1609 sec.
 - Passed: 27
 - Skipped: 0
 - Expected Fail: 0
 - Unexpected Success: 0
 - Failed: 0
Sum of execute time for each test: 0.1495 sec.

==============
Worker Balance
==============
 - Worker 0 (1 tests) => 0:00:00.004299
 - Worker 1 (1 tests) => 0:00:00.004938
 - Worker 2 (1 tests) => 0:00:00.004138
 - Worker 3 (1 tests) => 0:00:00.004072
 - Worker 4 (1 tests) => 0:00:00.004339
 - Worker 5 (1 tests) => 0:00:00.004164
 - Worker 6 (1 tests) => 0:00:00.004928
 - Worker 7 (1 tests) => 0:00:00.013610
 - Worker 8 (1 tests) => 0:00:00.005165
 - Worker 9 (1 tests) => 0:00:00.005562
 - Worker 10 (1 tests) => 0:00:00.005555
 - Worker 11 (1 tests) => 0:00:00.004456
 - Worker 12 (1 tests) => 0:00:00.004826
 - Worker 13 (1 tests) => 0:00:00.004857
 - Worker 14 (1 tests) => 0:00:00.005463
 - Worker 15 (1 tests) => 0:00:00.005238
 - Worker 16 (1 tests) => 0:00:00.004798
 - Worker 17 (1 tests) => 0:00:00.005046
 - Worker 18 (1 tests) => 0:00:00.005357
 - Worker 19 (1 tests) => 0:00:00.013600
 - Worker 20 (1 tests) => 0:00:00.004759
 - Worker 21 (1 tests) => 0:00:00.004369
 - Worker 22 (1 tests) => 0:00:00.004487
 - Worker 23 (1 tests) => 0:00:00.004318
 - Worker 24 (1 tests) => 0:00:00.006010
 - Worker 25 (1 tests) => 0:00:00.005785
 - Worker 26 (1 tests) => 0:00:00.005322
