[INFO] Scanning for projects...
[INFO] 
[INFO] ---------------< edu.jiangxin.apktoolbox:ApkToolBoxGUI >----------------
[INFO] Building ApkToolBoxGUI 1.0.1
[INFO]   from pom.xml
[INFO] --------------------------------[ jar ]---------------------------------
[INFO] 
[INFO] --- clean:3.2.0:clean (default-clean) @ ApkToolBoxGUI ---
[INFO] 
[INFO] --- jacoco:0.8.8:prepare-agent (default-prepare-agent) @ ApkToolBoxGUI ---
[INFO] argLine set to -javaagent:/tmp/marshal-log4j-screening.GTMCHm/m2/org/jacoco/org.jacoco.agent/0.8.8/org.jacoco.agent-0.8.8-runtime.jar=destfile=/tmp/marshal-log4j-screening.GTMCHm/consumers/a3-after/apktoolbox/target/jacoco.exec
[INFO] 
[INFO] --- templating:1.0.0:filter-sources (filter-src) @ ApkToolBoxGUI ---
[INFO] Coping files with filtering to temporary directory.
[INFO] Using 'UTF-8' encoding to copy filtered resources.
[INFO] Copying 1 resource
[INFO] Copied 1 files to output directory: /tmp/marshal-log4j-screening.GTMCHm/consumers/a3-after/apktoolbox/target/generated-sources/java-templates
[INFO] Source directory: /tmp/marshal-log4j-screening.GTMCHm/consumers/a3-after/apktoolbox/target/generated-sources/java-templates added.
[INFO] 
[INFO] --- resources:3.2.0:resources (default-resources) @ ApkToolBoxGUI ---
[INFO] Using 'UTF-8' encoding to copy filtered resources.
[INFO] Using 'UTF-8' encoding to copy filtered properties files.
[INFO] Copying 6 resources
[INFO] 
[INFO] --- compiler:3.10.0:compile (default-compile) @ ApkToolBoxGUI ---
[INFO] Changes detected - recompiling the module!
[INFO] Compiling 105 source files to /tmp/marshal-log4j-screening.GTMCHm/consumers/a3-after/apktoolbox/target/classes
[WARNING] /tmp/marshal-log4j-screening.GTMCHm/consumers/a3-after/apktoolbox/src/main/java/edu/jiangxin/apktoolbox/swing/extend/FileListPanel.java:[119,46] unchecked cast
  required: java.util.List<java.io.File>
  found:    java.lang.Object
[WARNING] /tmp/marshal-log4j-screening.GTMCHm/consumers/a3-after/apktoolbox/src/main/java/edu/jiangxin/apktoolbox/file/duplicate/DuplicateFilesTableModel.java:[8,14] unchecked method invocation: constructor <init> in class javax.swing.table.DefaultTableModel is applied to given types
  required: java.util.Vector<? extends java.util.Vector>,java.util.Vector<?>
  found: java.util.Vector,java.util.Vector
[WARNING] /tmp/marshal-log4j-screening.GTMCHm/consumers/a3-after/apktoolbox/src/main/java/edu/jiangxin/apktoolbox/file/duplicate/DuplicateFilesTableModel.java:[8,15] unchecked conversion
  required: java.util.Vector<? extends java.util.Vector>
  found:    java.util.Vector
[WARNING] /tmp/marshal-log4j-screening.GTMCHm/consumers/a3-after/apktoolbox/src/main/java/edu/jiangxin/apktoolbox/swing/extend/filepanel/FilePanel.java:[130,55] unchecked cast
  required: java.util.List<java.io.File>
  found:    java.lang.Object
[WARNING] /tmp/marshal-log4j-screening.GTMCHm/consumers/a3-after/apktoolbox/src/main/java/edu/jiangxin/apktoolbox/utils/FileUtils.java:[58,80] ROUND_HALF_UP in java.math.BigDecimal has been deprecated
[WARNING] /tmp/marshal-log4j-screening.GTMCHm/consumers/a3-after/apktoolbox/src/main/java/edu/jiangxin/apktoolbox/utils/FileUtils.java:[58,17] divide(java.math.BigDecimal,int,int) in java.math.BigDecimal has been deprecated
[WARNING] /tmp/marshal-log4j-screening.GTMCHm/consumers/a3-after/apktoolbox/src/main/java/edu/jiangxin/apktoolbox/file/zhconvert/ZhConvertPanel.java:[102,25] unchecked call to addItem(E) as a member of the raw type javax.swing.JComboBox
[WARNING] /tmp/marshal-log4j-screening.GTMCHm/consumers/a3-after/apktoolbox/src/main/java/edu/jiangxin/apktoolbox/file/zhconvert/ZhConvertPanel.java:[103,25] unchecked call to addItem(E) as a member of the raw type javax.swing.JComboBox
[WARNING] /tmp/marshal-log4j-screening.GTMCHm/consumers/a3-after/apktoolbox/src/main/java/edu/jiangxin/apktoolbox/file/zhconvert/ZhConvertPanel.java:[211,34] unchecked call to setListData(E[]) as a member of the raw type javax.swing.JList
[WARNING] /tmp/marshal-log4j-screening.GTMCHm/consumers/a3-after/apktoolbox/src/main/java/edu/jiangxin/apktoolbox/main/MainFrame.java:[304,81] java.awt.Event in java.awt has been deprecated
[WARNING] /tmp/marshal-log4j-screening.GTMCHm/consumers/a3-after/apktoolbox/src/main/java/edu/jiangxin/apktoolbox/main/MainFrame.java:[331,84] java.awt.Event in java.awt has been deprecated
[WARNING] /tmp/marshal-log4j-screening.GTMCHm/consumers/a3-after/apktoolbox/src/main/java/edu/jiangxin/apktoolbox/main/MainFrame.java:[363,35] unchecked conversion
  required: java.lang.Class<edu.jiangxin.apktoolbox.swing.extend.EasyPanel>
  found:    java.lang.Class
[WARNING] /tmp/marshal-log4j-screening.GTMCHm/consumers/a3-after/apktoolbox/src/main/java/edu/jiangxin/apktoolbox/main/MainFrame.java:[388,39] newInstance() in java.lang.Class has been deprecated
[WARNING] /tmp/marshal-log4j-screening.GTMCHm/consumers/a3-after/apktoolbox/src/main/java/edu/jiangxin/apktoolbox/reverse/ApkSignerPanel.java:[302,53] getText() in javax.swing.JPasswordField has been deprecated
[WARNING] /tmp/marshal-log4j-screening.GTMCHm/consumers/a3-after/apktoolbox/src/main/java/edu/jiangxin/apktoolbox/reverse/ApkSignerPanel.java:[324,47] getText() in javax.swing.JPasswordField has been deprecated
[WARNING] /tmp/marshal-log4j-screening.GTMCHm/consumers/a3-after/apktoolbox/src/main/java/edu/jiangxin/apktoolbox/convert/time/TimeConvertPanel.java:[255,30] unchecked call to JComboBox(E[]) as a member of the raw type javax.swing.JComboBox
[WARNING] /tmp/marshal-log4j-screening.GTMCHm/consumers/a3-after/apktoolbox/src/main/java/edu/jiangxin/apktoolbox/convert/time/TimeConvertPanel.java:[261,31] unchecked call to JComboBox(E[]) as a member of the raw type javax.swing.JComboBox
[WARNING] /tmp/marshal-log4j-screening.GTMCHm/consumers/a3-after/apktoolbox/src/main/java/edu/jiangxin/apktoolbox/swing/treetable/MyTreeTableCellEditor.java:[31,81] getModifiers() in java.awt.event.InputEvent has been deprecated
[INFO] 
[INFO] --- resources:3.2.0:testResources (default-testResources) @ ApkToolBoxGUI ---
[INFO] Using 'UTF-8' encoding to copy filtered resources.
[INFO] Using 'UTF-8' encoding to copy filtered properties files.
[INFO] Copying 169 resources
[INFO] 
[INFO] --- compiler:3.10.0:testCompile (default-testCompile) @ ApkToolBoxGUI ---
[INFO] Changes detected - recompiling the module!
[INFO] Compiling 7 source files to /tmp/marshal-log4j-screening.GTMCHm/consumers/a3-after/apktoolbox/target/test-classes
[INFO] 
[INFO] --- surefire:3.0.0-M5:test (default-test) @ ApkToolBoxGUI ---
[INFO] 
[INFO] -------------------------------------------------------
[INFO]  T E S T S
[INFO] -------------------------------------------------------
[INFO] Running edu.jiangxin.encode.EncoderConvertTest
2026-08-24 19:27:18,815 [main] INFO  EncoderDetector - cpDetector: UTF-8, universalDetector: UTF-8
2026-08-24 19:27:18,836 [main] INFO  EncoderDetector - cpDetector: UTF-8, universalDetector: UTF-8
/tmp/marshal-log4j-screening.GTMCHm/consumers/a3-after/apktoolbox/target/test-classes/EncoderConvertTest/test/UTF-8-02.txt
/tmp/marshal-log4j-screening.GTMCHm/consumers/a3-after/apktoolbox/target/test-classes/EncoderConvertTest/testResult/UTF-8-02.txt
转换完成！
转换完成！
/tmp/marshal-log4j-screening.GTMCHm/consumers/a3-after/apktoolbox/target/test-classes/EncoderConvertTest/test/UTF-8-01.txt
/tmp/marshal-log4j-screening.GTMCHm/consumers/a3-after/apktoolbox/target/test-classes/EncoderConvertTest/testResult/UTF-8-01.txt
转换完成！
转换完成！
2026-08-24 19:27:18,907 [main] WARN  EncoderDetector - cpDetector: GB2312, universalDetector: GB18030
2026-08-24 19:27:18,923 [main] WARN  EncoderDetector - cpDetector: GB2312, universalDetector: GB18030
转换完成！
2026-08-24 19:27:18,944 [main] WARN  EncoderDetector - cpDetector: Big5, universalDetector: GB18030
2026-08-24 19:27:18,960 [main] INFO  EncoderDetector - cpDetector: UTF-8, universalDetector: UTF-8
2026-08-24 19:27:18,969 [main] WARN  EncoderDetector - cpDetector: Big5, universalDetector: GB18030
[INFO] Tests run: 4, Failures: 0, Errors: 0, Skipped: 0, Time elapsed: 0.962 s - in edu.jiangxin.encode.EncoderConvertTest
[INFO] Running edu.jiangxin.common.OsPatternConvertTest
2026-08-24 19:27:18,996 [main] INFO  OsPatternConvert - Success to convert target/test-classes/OSPatternConvertTest/test.txt to unix
2026-08-24 19:27:18,997 [main] INFO  OsPatternConvert - Success to convert target/test-classes/OSPatternConvertTest/test.txt to mac
2026-08-24 19:27:18,999 [main] INFO  OsPatternConvert - Success to convert target/test-classes/OSPatternConvertTest/unix.txt to dos
2026-08-24 19:27:19,002 [main] INFO  OsPatternConvert - Success to convert /tmp/marshal-log4j-screening.GTMCHm/consumers/a3-after/apktoolbox/target/test-classes/OSPatternConvertTest/test/test01.txt to dos
2026-08-24 19:27:19,002 [main] INFO  OsPatternConvert - Success to convert /tmp/marshal-log4j-screening.GTMCHm/consumers/a3-after/apktoolbox/target/test-classes/OSPatternConvertTest/test/test02.txt to dos
2026-08-24 19:27:19,004 [main] INFO  OsPatternConvert - Success to convert /tmp/marshal-log4j-screening.GTMCHm/consumers/a3-after/apktoolbox/target/test-classes/OSPatternConvertTest/test/test01.txt to unix
2026-08-24 19:27:19,005 [main] INFO  OsPatternConvert - Success to convert /tmp/marshal-log4j-screening.GTMCHm/consumers/a3-after/apktoolbox/target/test-classes/OSPatternConvertTest/test/test02.txt to unix
2026-08-24 19:27:19,006 [main] INFO  OsPatternConvert - Success to convert /tmp/marshal-log4j-screening.GTMCHm/consumers/a3-after/apktoolbox/target/test-classes/OSPatternConvertTest/test/test01.txt to mac
2026-08-24 19:27:19,007 [main] INFO  OsPatternConvert - Success to convert /tmp/marshal-log4j-screening.GTMCHm/consumers/a3-after/apktoolbox/target/test-classes/OSPatternConvertTest/test/test02.txt to mac
2026-08-24 19:27:19,009 [main] INFO  OsPatternConvert - Success to convert /tmp/marshal-log4j-screening.GTMCHm/consumers/a3-after/apktoolbox/target/test-classes/OSPatternConvertTest/test/test01.txt to unix
2026-08-24 19:27:19,009 [main] INFO  OsPatternConvert - Success to convert /tmp/marshal-log4j-screening.GTMCHm/consumers/a3-after/apktoolbox/target/test-classes/OSPatternConvertTest/test/test02.txt to unix
[INFO] Tests run: 2, Failures: 0, Errors: 0, Skipped: 0, Time elapsed: 0.005 s - in edu.jiangxin.common.OsPatternConvertTest
[INFO] Running edu.jiangxin.common.FileUtilsTest
[INFO] Tests run: 3, Failures: 0, Errors: 0, Skipped: 0, Time elapsed: 0.002 s - in edu.jiangxin.common.FileUtilsTest
[INFO] Running edu.jiangxin.apktoolbox.convert.color.ColorUtilsTest
[INFO] Tests run: 4, Failures: 0, Errors: 0, Skipped: 0, Time elapsed: 0.003 s - in edu.jiangxin.apktoolbox.convert.color.ColorUtilsTest
[INFO] 
[INFO] Results:
[INFO] 
[INFO] Tests run: 13, Failures: 0, Errors: 0, Skipped: 0
[INFO] 
[INFO] ------------------------------------------------------------------------
[INFO] BUILD SUCCESS
[INFO] ------------------------------------------------------------------------
[INFO] Total time:  5.391 s
[INFO] Finished at: 2026-08-24T19:27:19+08:00
[INFO] ------------------------------------------------------------------------
