[INFO] Scanning for projects...
[INFO] 
[INFO] -------------------------< com.equinor:neqsim >-------------------------
[INFO] Building neqsim 2.3.3
[INFO]   from pom.xml
[INFO] --------------------------------[ jar ]---------------------------------
[INFO] 
[INFO] --- clean:3.2.0:clean (default-clean) @ neqsim ---
[INFO] 
[INFO] --- flatten:1.2.7:clean (flatten.clean) @ neqsim ---
[INFO] 
[INFO] --- enforcer:3.0.0:enforce (enforce-maven) @ neqsim ---
[INFO] 
[INFO] --- jacoco:0.8.7:prepare-agent (default) @ neqsim ---
[INFO] argLine set to -javaagent:/tmp/marshal-log4j-screening.GTMCHm/m2/org/jacoco/org.jacoco.agent/0.8.7/org.jacoco.agent-0.8.7-runtime.jar=destfile=/tmp/marshal-log4j-screening.GTMCHm/consumers/a0/neqsim/target/jacoco.exec,excludes=neqsim/physicalProperties/util/parameterFitting/**/*:neqsim/fluidMechanics/util/parameterFitting/**/*:neqsim/PVTsimulation/util/parameterFitting/**/*:neqsim/thermo/util/parameterFitting/**/*:neqsim/statistics/util/parameterFitting/**/*:neqsim/PVTsimulation/util/parameterfitting/**/*
[INFO] 
[INFO] --- resources:3.3.1:resources (default-resources) @ neqsim ---
[INFO] Copying 222 resources from src/main/resources to target/classes
[INFO] 
[INFO] --- flatten:1.2.7:flatten (flatten) @ neqsim ---
[INFO] Generating flattened POM of project com.equinor:neqsim:jar:2.3.3...
[INFO] 
[INFO] --- compiler:3.9.0:compile (default-compile) @ neqsim ---
[INFO] Changes detected - recompiling the module!
[INFO] Compiling 907 source files to /tmp/marshal-log4j-screening.GTMCHm/consumers/a0/neqsim/target/classes
[INFO] /tmp/marshal-log4j-screening.GTMCHm/consumers/a0/neqsim/src/main/java/neqsim/thermo/system/SystemThermo.java: Some input files use or override a deprecated API.
[INFO] /tmp/marshal-log4j-screening.GTMCHm/consumers/a0/neqsim/src/main/java/neqsim/thermo/system/SystemThermo.java: Recompile with -Xlint:deprecation for details.
[INFO] 
[INFO] --- resources:3.3.1:testResources (default-testResources) @ neqsim ---
[INFO] skip non existing resourceDirectory /tmp/marshal-log4j-screening.GTMCHm/consumers/a0/neqsim/src/test/resources
[INFO] 
[INFO] --- compiler:3.9.0:testCompile (default-testCompile) @ neqsim ---
[INFO] Changes detected - recompiling the module!
[INFO] Compiling 212 source files to /tmp/marshal-log4j-screening.GTMCHm/consumers/a0/neqsim/target/test-classes
[INFO] /tmp/marshal-log4j-screening.GTMCHm/consumers/a0/neqsim/src/test/java/neqsim/processSimulation/util/example/multiThreadTest.java: Some input files use or override a deprecated API.
[INFO] /tmp/marshal-log4j-screening.GTMCHm/consumers/a0/neqsim/src/test/java/neqsim/processSimulation/util/example/multiThreadTest.java: Recompile with -Xlint:deprecation for details.
[INFO] 
[INFO] --- surefire:3.0.0-M5:test (default-test) @ neqsim ---
[INFO] 
[INFO] -------------------------------------------------------
[INFO]  T E S T S
[INFO] -------------------------------------------------------
[INFO] Running neqsim.thermo.system.SystemSrkSchwartzentruberEosTest
[INFO] Tests run: 9, Failures: 0, Errors: 0, Skipped: 0, Time elapsed: 1.566 s - in neqsim.thermo.system.SystemSrkSchwartzentruberEosTest
[INFO] Running neqsim.thermo.system.SystemThermoAddComponentTest
[INFO] Tests run: 4, Failures: 0, Errors: 0, Skipped: 0, Time elapsed: 0.078 s - in neqsim.thermo.system.SystemThermoAddComponentTest
[INFO] Running neqsim.thermo.system.SystemUMRPRUMCEosNewTest
Cricondenbar 42.55193248668678 130.6861407275032
molar volume gas+oil is 486.6435506862638
molar volume gas is 243.3217753431319
molar volume liquid is 243.3217753431319
[WARNING] Tests run: 9, Failures: 0, Errors: 0, Skipped: 2, Time elapsed: 0.823 s - in neqsim.thermo.system.SystemUMRPRUMCEosNewTest
[INFO] Running neqsim.thermo.system.SystemPropertiesTest
[INFO] Tests run: 1, Failures: 0, Errors: 0, Skipped: 0, Time elapsed: 0.05 s - in neqsim.thermo.system.SystemPropertiesTest
[INFO] Running neqsim.thermo.system.SystemPrEoSTest
[INFO] Tests run: 10, Failures: 0, Errors: 0, Skipped: 0, Time elapsed: 0.131 s - in neqsim.thermo.system.SystemPrEoSTest
[INFO] Running neqsim.thermo.system.SystemElectrolyteCPATest
[INFO] Tests run: 2, Failures: 0, Errors: 0, Skipped: 0, Time elapsed: 0.263 s - in neqsim.thermo.system.SystemElectrolyteCPATest
[INFO] Running neqsim.thermo.system.SystemSrkCPAstatoilTest
[INFO] Tests run: 4, Failures: 0, Errors: 0, Skipped: 0, Time elapsed: 0.558 s - in neqsim.thermo.system.SystemSrkCPAstatoilTest
[INFO] Running neqsim.thermo.system.SystemThermoSetMolarCompositionTest
19:18:33.344 [main] ERROR neqsim.thermo.system.SystemThermo - must be larger than 0 (1e-100) when setting molar composition
neqsim.thermo.system.SystemSrkEos@2295bced
neqsim.thermo.system.SystemSrkEos@9ec7b1
neqsim.thermo.system.SystemSrkEos@6cfa1cb2
19:18:33.562 [main] ERROR neqsim.thermo.system.SystemThermo - must be larger than 0 (1e-100) when setting molar composition
19:18:33.572 [main] ERROR neqsim.thermo.system.SystemThermo - must be larger than 0 (1e-100) when setting molar composition
[INFO] Tests run: 6, Failures: 0, Errors: 0, Skipped: 0, Time elapsed: 0.245 s - in neqsim.thermo.system.SystemThermoSetMolarCompositionTest
[INFO] Running neqsim.thermo.component.ComponentHydrateGFTest
[INFO] Tests run: 1, Failures: 0, Errors: 0, Skipped: 0, Time elapsed: 0.755 s - in neqsim.thermo.component.ComponentHydrateGFTest
[INFO] Running neqsim.thermo.component.ComponentTest
[INFO] Tests run: 2, Failures: 0, Errors: 0, Skipped: 0, Time elapsed: 0.011 s - in neqsim.thermo.component.ComponentTest
[INFO] Running neqsim.thermo.util.example.VapourPressureTTest
[INFO] Tests run: 1, Failures: 0, Errors: 0, Skipped: 0, Time elapsed: 0.049 s - in neqsim.thermo.util.example.VapourPressureTTest
[INFO] Running neqsim.thermo.util.example.FlashWaterTest
[INFO] Tests run: 2, Failures: 0, Errors: 0, Skipped: 0, Time elapsed: 0.057 s - in neqsim.thermo.util.example.FlashWaterTest
[INFO] Running neqsim.thermo.util.example.FlashGasTest
[INFO] Tests run: 2, Failures: 0, Errors: 0, Skipped: 0, Time elapsed: 1.139 s - in neqsim.thermo.util.example.FlashGasTest
[INFO] Running neqsim.thermo.util.example.FlashOilTest
[INFO] Tests run: 2, Failures: 0, Errors: 0, Skipped: 0, Time elapsed: 1.245 s - in neqsim.thermo.util.example.FlashOilTest
[INFO] Running neqsim.thermo.util.example.SrkEoSTest
[WARNING] Tests run: 5, Failures: 0, Errors: 0, Skipped: 2, Time elapsed: 0.048 s - in neqsim.thermo.util.example.SrkEoSTest
[INFO] Running neqsim.thermo.util.example.KlabFlashBugTest
[INFO] Tests run: 2, Failures: 0, Errors: 0, Skipped: 0, Time elapsed: 0.853 s - in neqsim.thermo.util.example.KlabFlashBugTest
[INFO] Running neqsim.thermo.util.example.SrkOilCharacterizationTest
[INFO] Tests run: 4, Failures: 0, Errors: 0, Skipped: 0, Time elapsed: 0.163 s - in neqsim.thermo.util.example.SrkOilCharacterizationTest
[INFO] Running neqsim.thermo.util.readwrite.EclipseFluidReadWriteTest
[INFO] Tests run: 3, Failures: 0, Errors: 0, Skipped: 0, Time elapsed: 1.873 s - in neqsim.thermo.util.readwrite.EclipseFluidReadWriteTest
[INFO] Running neqsim.fluidMechanics.flowSystem.onePhaseFlowSystem.pipeFlowSystem.PipeFlowSystemTest
[INFO] Tests run: 5, Failures: 0, Errors: 0, Skipped: 0, Time elapsed: 3.476 s - in neqsim.fluidMechanics.flowSystem.onePhaseFlowSystem.pipeFlowSystem.PipeFlowSystemTest
[INFO] Running neqsim.PVTsimulation.simulation.SaturationTemperatureTest
[INFO] Tests run: 1, Failures: 0, Errors: 0, Skipped: 0, Time elapsed: 0.207 s - in neqsim.PVTsimulation.simulation.SaturationTemperatureTest
[INFO] Running neqsim.PVTsimulation.simulation.SaturationPressureTest
[INFO] Tests run: 1, Failures: 0, Errors: 0, Skipped: 0, Time elapsed: 0.161 s - in neqsim.PVTsimulation.simulation.SaturationPressureTest
[INFO] Running neqsim.physicalProperties.physicalPropertyMethods.commonPhasePhysicalProperties.viscosity.FrictionTheoryViscosityMethodTest
[INFO] Tests run: 1, Failures: 0, Errors: 0, Skipped: 0, Time elapsed: 0.023 s - in neqsim.physicalProperties.physicalPropertyMethods.commonPhasePhysicalProperties.viscosity.FrictionTheoryViscosityMethodTest
[INFO] Running neqsim.physicalProperties.physicalPropertyMethods.liquidPhysicalProperties.density.CostaldTest
[INFO] Tests run: 1, Failures: 0, Errors: 0, Skipped: 0, Time elapsed: 0.033 s - in neqsim.physicalProperties.physicalPropertyMethods.liquidPhysicalProperties.density.CostaldTest
[INFO] Running neqsim.processSimulation.processSystem.GlycolRigTest
error iter 4.6882890898317555 iteration 1
error iter 0.2365945005023491 iteration 2
error iter 0.04668309884095834 iteration 3
error iter 0.009296042100913837 iteration 4
error iter 0.0018497586021908319 iteration 5
error iter 3.6806287891977263E-4 iteration 6
error iter 7.32360658730613E-5 iteration 7
stripping gas recirc recycle error: 0.46890780402814436
error iter 1.2775902860100814 iteration 1
error iter 0.2237996642335247 iteration 2
error iter 0.03928610352602391 iteration 3
error iter 0.006957066014138036 iteration 4
error iter 0.0012349537547606815 iteration 5
error iter 2.1932734949814403E-4 iteration 6
error iter 3.8956169532866625E-5 iteration 7
stripping gas recirc recycle error: 0.03080326494607491
error iter 0.13342113347556506 iteration 1
error iter 0.02316672652756324 iteration 2
error iter 0.004065147992037055 iteration 3
error iter 7.159870765462983E-4 iteration 4
error iter 1.2616629226158693E-4 iteration 5
error iter 2.2233985816910717E-5 iteration 6
stripping gas recirc recycle error: 0.002759255281992501
error iter 0.01203063321696618 iteration 1
error iter 0.0020940092607588667 iteration 2
error iter 3.6772815764152256E-4 iteration 3
error iter 6.474969541159226E-5 iteration 4
stripping gas recirc recycle error: 2.467930853125022E-4
error iter 0.001087762790632496 iteration 1
error iter 1.8940204654427362E-4 iteration 2
error iter 3.326435819417384E-5 iteration 3
stripping gas recirc recycle error: 2.2231555615037646E-5
error iter 1.0282535009764615E-4 iteration 1
error iter 1.7913959084125963E-5 iteration 2
FEED gas recirc recycle error: 0.057651627341844834
error iter 3.146625260797009E-6 iteration 1
stripping gas recirc recycle error: 0.036196753737225806
error iter 0.1597953343429026 iteration 1
error iter 0.0304212433852058 iteration 2
error iter 0.005282669687574071 iteration 3
error iter 9.232007693071864E-4 iteration 4
error iter 1.6149247983321402E-4 iteration 5
error iter 2.8253678522105474E-5 iteration 6
stripping gas recirc recycle error: 0.003400158338943221
error iter 0.015146614268473968 iteration 1
error iter 0.0026033086144821027 iteration 2
error iter 4.534531148578935E-4 iteration 3
error iter 7.926522391699109E-5 iteration 4
stripping gas recirc recycle error: 2.958811612916168E-4
error iter 0.0013321891597684044 iteration 1
error iter 2.2912227444749078E-4 iteration 2
error iter 3.991794915236824E-5 iteration 3
stripping gas recirc recycle error: 2.5926546564261632E-5
error iter 1.2250595455043367E-4 iteration 1
error iter 2.108700891767512E-5 iteration 2
FEED gas recirc recycle error: 2.2364149472159208E-7
wtpRichTEG 97.08808480434064
wtpWaterFromReboil 99.36939693753365
wtpWaterFromStripper 99.88825515775525
water to regenerator 11.644944174949451
TEG to regenerator 388.3523392173625
nitrogen to regenerator 0.0027166076880303603
water liquid from regenerator 2.490983341179188
water gas from regenerator 11.483730748831599
water balance -7.2986345664993735E-6
wt water to reboil 2.911236043737363
wt water from mixer 2.911163522345802
stripping gas rate 13.201565333319593
[INFO] Tests run: 1, Failures: 0, Errors: 0, Skipped: 0, Time elapsed: 12.22 s - in neqsim.processSimulation.processSystem.GlycolRigTest
[INFO] Running neqsim.processSimulation.processSystem.ProcessSystemTest
[INFO] Tests run: 41, Failures: 0, Errors: 0, Skipped: 0, Time elapsed: 0.883 s - in neqsim.processSimulation.processSystem.ProcessSystemTest
[INFO] Running neqsim.processSimulation.processSystem.ProcessSystemRunTransientTest
[INFO] Tests run: 4, Failures: 0, Errors: 0, Skipped: 0, Time elapsed: 3.178 s - in neqsim.processSimulation.processSystem.ProcessSystemRunTransientTest
[INFO] Running neqsim.processSimulation.processSystem.ProcessSystemControllerTest
flow rate 68.6896651146449 controller response 102.19546061292915 valve opening 100.0 pressure 5.0
flow rate 67.54731577808785 controller response 100.49589028549383 valve opening 100.0 pressure 5.0
flow rate 65.70088808323997 controller response 97.7488026639643 valve opening 100.0 pressure 5.0
flow rate 66.70850540645593 controller response 99.24792070880778 valve opening 100.0 pressure 5.0
flow rate 66.0274487172388 controller response 98.2346547110497 valve opening 100.0 pressure 5.0
flow rate 65.26256954572418 controller response 97.09667887268004 valve opening 100.0 pressure 5.0
flow rate 65.64566629194978 controller response 97.66664450542105 valve opening 100.0 pressure 5.0
flow rate 64.72780782933854 controller response 96.30106835641119 valve opening 100.0 pressure 5.0
flow rate 64.75108414783884 controller response 96.33569851637114 valve opening 100.0 pressure 5.0
flow rate 64.04202551834729 controller response 95.28077164896658 valve opening 100.0 pressure 5.0
flow rate 63.74072757827762 controller response 94.83250506161681 valve opening 100.0 pressure 5.0
flow rate 63.994876138762 controller response 95.210623504318 valve opening 100.0 pressure 5.0
flow rate 64.91777111244708 controller response 96.58369289948374 valve opening 100.0 pressure 5.0
flow rate 65.1416203592122 controller response 96.91673247454696 valve opening 100.0 pressure 5.0
flow rate 64.82889680814355 controller response 96.45146703333933 valve opening 100.0 pressure 5.0
flow rate 64.10435851343283 controller response 95.37350975059407 valve opening 100.0 pressure 5.0
flow rate 64.03359545223825 controller response 95.268229522177 valve opening 100.0 pressure 5.0
flow rate 64.22218663149387 controller response 95.54881266957463 valve opening 100.0 pressure 5.0
flow rate 64.12492363778576 controller response 95.40410623628516 valve opening 100.0 pressure 5.0
flow rate 65.50539783429468 controller response 97.45795518344522 valve opening 100.0 pressure 5.0
flow rate 65.83792328284179 controller response 97.95268159276867 valve opening 100.0 pressure 5.0
flow rate 66.57830902844046 controller response 99.05421647689444 valve opening 100.0 pressure 5.0
flow rate 66.41942822423796 controller response 98.8178359829595 valve opening 100.0 pressure 5.0
flow rate 66.54012906081181 controller response 98.9974128897539 valve opening 100.0 pressure 5.0
flow rate 65.17826969017099 controller response 96.97125880324927 valve opening 100.0 pressure 5.0
flow rate 63.8908566519866 controller response 95.05586486128216 valve opening 100.0 pressure 5.0
flow rate 65.32763778780917 controller response 97.19348643405128 valve opening 100.0 pressure 5.0
flow rate 65.70337998002644 controller response 97.75251007088615 valve opening 100.0 pressure 5.0
flow rate 66.47693093732437 controller response 98.90338766297657 valve opening 100.0 pressure 5.0
flow rate 67.31328967344392 controller response 100.14770973286471 valve opening 100.0 pressure 5.0
flow rate 65.77329029869303 controller response 97.85652160167177 valve opening 100.0 pressure 5.0
flow rate 66.04620976561809 controller response 98.2625671193795 valve opening 100.0 pressure 5.0
flow rate 66.25590219311462 controller response 98.57454438960322 valve opening 100.0 pressure 5.0
flow rate 65.93214610813382 controller response 98.09286490877258 valve opening 100.0 pressure 5.0
flow rate 64.4716316445052 controller response 95.91993324440563 valve opening 100.0 pressure 5.0
flow rate 64.80567907563253 controller response 96.41692403674166 valve opening 100.0 pressure 5.0
flow rate 64.57750625313122 controller response 96.07745191009857 valve opening 100.0 pressure 5.0
flow rate 65.8574101896498 controller response 97.98167392245664 valve opening 100.0 pressure 5.0
flow rate 65.14287058678542 controller response 96.91859254450804 valve opening 100.0 pressure 5.0
flow rate 66.29185432981213 controller response 98.62803344306843 valve opening 100.0 pressure 5.0
flow rate 64.99188382641118 controller response 96.69395669139763 valve opening 100.0 pressure 5.0
flow rate 66.17643151250977 controller response 98.45630909472908 valve opening 100.0 pressure 5.0
flow rate 67.08579780048412 controller response 99.80925071280654 valve opening 100.0 pressure 5.0
flow rate 66.81406671595329 controller response 99.40497325272392 valve opening 100.0 pressure 5.0
flow rate 65.39337181637086 controller response 97.29128454262553 valve opening 100.0 pressure 5.0
flow rate 65.27297153730547 controller response 97.11215480081542 valve opening 100.0 pressure 5.0
flow rate 64.93837060414221 controller response 96.61434051639483 valve opening 100.0 pressure 5.0
flow rate 65.65163284962026 controller response 97.67552146105051 valve opening 100.0 pressure 5.0
flow rate 64.50217118064262 controller response 95.9653695113792 valve opening 100.0 pressure 5.0
flow rate 65.3173761702935 controller response 97.17821935236019 valve opening 100.0 pressure 5.0
flow rate 64.00373933758979 controller response 95.22381003951514 valve opening 100.0 pressure 5.0
flow rate 64.93542473549456 controller response 96.60995769690008 valve opening 100.0 pressure 5.0
flow rate 65.16591192970101 controller response 96.95287311129313 valve opening 100.0 pressure 5.0
flow rate 65.3430708947424 controller response 97.21644758066772 valve opening 100.0 pressure 5.0
flow rate 65.23683009735475 controller response 97.05838410478978 valve opening 100.0 pressure 5.0
flow rate 62.97349128550843 controller response 93.69102233335438 valve opening 100.0 pressure 5.0
flow rate 60.266951352139046 controller response 89.66427253487566 valve opening 100.0 pressure 5.0
flow rate 59.88742832974509 controller response 89.09962383522007 valve opening 100.0 pressure 5.0
flow rate 58.627089152338456 controller response 87.22450998004818 valve opening 100.0 pressure 5.0
flow rate 58.38794069296065 controller response 86.86870846434418 valve opening 100.0 pressure 5.0
flow rate 58.44771763760684 controller response 86.95764371220075 valve opening 100.0 pressure 5.0
flow rate 58.73691768541941 controller response 87.38791123565069 valve opening 100.0 pressure 5.0
flow rate 58.9597242539071 controller response 87.71939952950359 valve opening 100.0 pressure 5.0
flow rate 57.91930013224271 controller response 86.17147201859156 valve opening 100.0 pressure 5.0
flow rate 58.09142159446111 controller response 86.42755176630072 valve opening 100.0 pressure 5.0
flow rate 57.739507896779344 controller response 85.9039798087062 valve opening 100.0 pressure 5.0
flow rate 55.77316076049202 controller response 82.97847782842426 valve opening 100.0 pressure 5.0
flow rate 55.477231335837764 controller response 82.53819843834448 valve opening 100.0 pressure 5.0
flow rate 55.49364345946724 controller response 82.56261615141888 valve opening 100.0 pressure 5.0
flow rate 54.53753762345251 controller response 81.14013612996075 valve opening 100.0 pressure 5.0
flow rate 55.74444479355705 controller response 82.93575464054777 valve opening 100.0 pressure 5.0
flow rate 54.24735780999978 controller response 80.70841092578509 valve opening 100.0 pressure 5.0
flow rate 53.09946100179774 controller response 79.00058715266677 valve opening 100.0 pressure 5.0
flow rate 52.21968403117176 controller response 77.69166808020218 valve opening 100.0 pressure 5.0
flow rate 52.75801517301415 controller response 78.49258913449826 valve opening 100.0 pressure 5.0
flow rate 53.65739267931946 controller response 79.8306695919932 valve opening 100.0 pressure 5.0
flow rate 55.0762348960413 controller response 81.94160190812777 valve opening 100.0 pressure 5.0
flow rate 55.68139542793278 controller response 82.84195073350342 valve opening 100.0 pressure 5.0
flow rate 55.419503014737494 controller response 82.45231110208493 valve opening 100.0 pressure 5.0
flow rate 54.97702374084963 controller response 81.79399702920117 valve opening 100.0 pressure 5.0
flow rate 54.88086675750443 controller response 81.65093610165539 valve opening 100.0 pressure 5.0
flow rate 54.565629823556606 controller response 81.18193128683735 valve opening 100.0 pressure 5.0
flow rate 55.77939787197358 controller response 82.9877573099836 valve opening 100.0 pressure 5.0
flow rate 56.46947416978801 controller response 84.01444254706406 valve opening 100.0 pressure 5.0
flow rate 56.03017356839368 controller response 83.36085765576937 valve opening 100.0 pressure 5.0
flow rate 56.178752889306544 controller response 83.5819117563084 valve opening 100.0 pressure 5.0
flow rate 56.77853143626853 controller response 84.47425334467147 valve opening 100.0 pressure 5.0
flow rate 57.23966043442291 controller response 85.1603141995282 valve opening 100.0 pressure 5.0
flow rate 57.351868746579804 controller response 85.32725605499256 valve opening 100.0 pressure 5.0
flow rate 56.468903211533906 controller response 84.01359308387825 valve opening 100.0 pressure 5.0
flow rate 55.30707663453793 controller response 82.28504480823476 valve opening 100.0 pressure 5.0
flow rate 56.35580090025819 controller response 83.84532114984101 valve opening 100.0 pressure 5.0
flow rate 56.9190699067908 controller response 84.6833443877693 valve opening 100.0 pressure 5.0
flow rate 55.65497953879319 controller response 82.80264956711078 valve opening 100.0 pressure 5.0
flow rate 56.14025787095307 controller response 83.52463944139222 valve opening 100.0 pressure 5.0
flow rate 56.99840123901477 controller response 84.80137236219802 valve opening 100.0 pressure 5.0
flow rate 56.445504752947095 controller response 83.97878120571687 valve opening 100.0 pressure 5.0
flow rate 55.53696835432191 controller response 82.6270742846518 valve opening 100.0 pressure 5.0
flow rate 56.5375791512646 controller response 84.11576812406932 valve opening 100.0 pressure 5.0
flow rate 57.06384840576055 controller response 84.89874368203535 valve opening 100.0 pressure 5.0
flow rate 56.25618914544156 controller response 83.69712026475946 valve opening 100.0 pressure 5.0
flow rate 54.90965354892266 controller response 81.69376466114309 valve opening 100.0 pressure 5.0
flow rate 54.36187437411373 controller response 80.8787869641295 valve opening 100.0 pressure 5.0
flow rate 55.63946060837591 controller response 82.77956073359319 valve opening 100.0 pressure 5.0
flow rate 55.40857859492635 controller response 82.43605791301114 valve opening 100.0 pressure 5.0
flow rate 54.01989934768792 controller response 80.3700016135914 valve opening 100.0 pressure 5.0
flow rate 53.68227685693965 controller response 79.86769190080244 valve opening 100.0 pressure 5.0
flow rate 55.12120140150885 controller response 82.00850240517835 valve opening 100.0 pressure 5.0
flow rate 54.04437874725798 controller response 80.40642169964674 valve opening 100.0 pressure 5.0
flow rate 54.91588358709908 controller response 81.7030336191445 valve opening 100.0 pressure 5.0
flow rate 53.64599464417148 controller response 79.8137117650759 valve opening 100.0 pressure 5.0
flow rate 54.85423228889164 controller response 81.61130973597834 valve opening 100.0 pressure 5.0
flow rate 55.53992629599671 controller response 82.63147506621654 valve opening 100.0 pressure 5.0
flow rate 55.09712642150596 controller response 81.97268400853112 valve opening 100.0 pressure 5.0
flow rate 55.48533404105174 controller response 82.5502535224706 valve opening 100.0 pressure 5.0
flow rate 56.511329126838106 controller response 84.0767137287264 valve opening 100.0 pressure 5.0
flow rate 55.11736707390929 controller response 82.00279774968872 valve opening 100.0 pressure 5.0
flow rate 56.230184962993675 controller response 83.65843162945038 valve opening 100.0 pressure 5.0
flow rate 54.66042997846571 controller response 81.32297354524614 valve opening 100.0 pressure 5.0
flow rate 55.880799844797586 controller response 83.13862165475103 valve opening 100.0 pressure 5.0
flow rate 54.3936168435053 controller response 80.92601293728067 valve opening 100.0 pressure 5.0
flow rate 54.46513647676045 controller response 81.03241878234012 valve opening 100.0 pressure 5.0
flow rate 55.49056300100412 controller response 82.5580330912015 valve opening 100.0 pressure 5.0
flow rate 54.58111493084978 controller response 81.20496979881483 valve opening 100.0 pressure 5.0
flow rate 53.6413419877949 controller response 79.80678961222092 valve opening 100.0 pressure 5.0
flow rate 52.67837922781315 controller response 78.3741079614198 valve opening 100.0 pressure 5.0
flow rate 53.6372895952814 controller response 79.80076052300043 valve opening 100.0 pressure 5.0
flow rate 54.85897388647852 controller response 81.61836421424123 valve opening 100.0 pressure 5.0
flow rate 56.039771563163 controller response 83.37513740942337 valve opening 100.0 pressure 5.0
flow rate 54.76458257796494 controller response 81.4779302314099 valve opening 100.0 pressure 5.0
flow rate 54.02892302248718 controller response 80.38342690254854 valve opening 100.0 pressure 5.0
flow rate 54.9196817851295 controller response 81.70868452159938 valve opening 100.0 pressure 5.0
flow rate 54.14931201362556 controller response 80.56253985034901 valve opening 100.0 pressure 5.0
flow rate 53.07381899624947 controller response 78.96243735875443 valve opening 100.0 pressure 5.0
flow rate 54.431159954680815 controller response 80.98186901887632 valve opening 100.0 pressure 5.0
flow rate 54.74628332963666 controller response 81.45070488231754 valve opening 100.0 pressure 5.0
flow rate 53.534079084637845 controller response 79.64720546260364 valve opening 100.0 pressure 5.0
flow rate 53.81663007521828 controller response 80.06758061774258 valve opening 100.0 pressure 5.0
flow rate 53.7917444034918 controller response 80.03055608602438 valve opening 100.0 pressure 5.0
flow rate 53.28843569436816 controller response 79.28174088546189 valve opening 100.0 pressure 5.0
flow rate 52.41796019306002 controller response 77.98666040050131 valve opening 100.0 pressure 5.0
flow rate 52.47798823793538 controller response 78.07596923153862 valve opening 100.0 pressure 5.0
flow rate 52.039962124650685 controller response 77.42428050466967 valve opening 100.0 pressure 5.0
flow rate 52.18948651880779 controller response 77.6467406711044 valve opening 100.0 pressure 5.0
flow rate 52.30506127200324 controller response 77.81869106740237 valve opening 100.0 pressure 5.0
flow rate 52.63700696736228 controller response 78.31255492856808 valve opening 100.0 pressure 5.0
flow rate 53.61988207830282 controller response 79.7748618785278 valve opening 100.0 pressure 5.0
flow rate 54.37492385880718 controller response 80.89820179308207 valve opening 100.0 pressure 5.0
flow rate 55.197461169951794 controller response 82.12196055276516 valve opening 100.0 pressure 5.0
flow rate 53.88968410318093 controller response 80.17626931239285 valve opening 100.0 pressure 5.0
flow rate 53.37140736071239 controller response 79.4051848947713 valve opening 100.0 pressure 5.0
flow rate 52.73180605926477 controller response 78.4535956054514 valve opening 100.0 pressure 5.0
flow rate 52.96893241342082 controller response 78.80638866312609 valve opening 100.0 pressure 5.0
flow rate 54.606297970316305 controller response 81.24243674982729 valve opening 100.0 pressure 5.0
flow rate 55.378652265065085 controller response 82.39153396520146 valve opening 100.0 pressure 5.0
flow rate 59.12371485067856 controller response 87.96338229671157 valve opening 100.0 pressure 5.0
flow rate 61.998255600422326 controller response 92.2400812073904 valve opening 100.0 pressure 5.0
flow rate 66.38638304169466 controller response 98.7686718525855 valve opening 100.0 pressure 5.0
flow rate 69.02644281651808 controller response 102.69651346141323 valve opening 100.0 pressure 5.0
flow rate 71.7792219641918 controller response 106.79205727419293 valve opening 100.0 pressure 5.0
flow rate 73.6484625332704 controller response 109.57308555020103 valve opening 100.0 pressure 5.0
flow rate 74.3544809910321 controller response 110.62348929538983 valve opening 100.0 pressure 5.0
flow rate 75.62231021317825 controller response 112.50974672755959 valve opening 100.0 pressure 5.0
flow rate 75.62410451577186 controller response 112.51241626423199 valve opening 100.0 pressure 5.0
flow rate 76.59376395319521 controller response 113.9550611319826 valve opening 100.0 pressure 5.0
flow rate 76.60908262202122 controller response 113.97785201928774 valve opening 100.0 pressure 5.0
flow rate 76.37681527068347 controller response 113.63228811363042 valve opening 100.0 pressure 5.0
flow rate 76.92434635271245 controller response 114.44689670190144 valve opening 100.0 pressure 5.0
flow rate 76.61567771742071 controller response 113.98766410398781 valve opening 100.0 pressure 5.0
flow rate 75.16498978210407 controller response 111.82935220207564 valve opening 100.0 pressure 5.0
flow rate 75.98973840128599 controller response 113.05640091291889 valve opening 100.0 pressure 5.0
flow rate 75.16663811804595 controller response 111.83180457173773 valve opening 100.0 pressure 5.0
flow rate 76.47311420689093 controller response 113.77556023653023 valve opening 100.0 pressure 5.0
flow rate 76.989532243802 controller response 114.54387929970908 valve opening 100.0 pressure 5.0
flow rate 75.44482227381131 controller response 112.24568281508358 valve opening 100.0 pressure 5.0
flow rate 74.25786273628977 controller response 110.47974209513 valve opening 100.0 pressure 5.0
flow rate 73.3456220799089 controller response 109.12252403455143 valve opening 100.0 pressure 5.0
flow rate 74.82637485382101 controller response 111.32556595550496 valve opening 100.0 pressure 5.0
flow rate 74.26454474507204 controller response 110.48968348826658 valve opening 100.0 pressure 5.0
flow rate 73.34725509855225 controller response 109.12495361536494 valve opening 100.0 pressure 5.0
flow rate 72.88458192916421 controller response 108.43659536554765 valve opening 100.0 pressure 5.0
flow rate 72.28600591642834 controller response 107.54604288969416 valve opening 100.0 pressure 5.0
flow rate 73.03787667148514 controller response 108.66466499982054 valve opening 100.0 pressure 5.0
flow rate 73.12906994062696 controller response 108.80034098731002 valve opening 100.0 pressure 5.0
flow rate 73.44051087089105 controller response 109.26369816438947 valve opening 100.0 pressure 5.0
flow rate 73.67853210900348 controller response 109.617822617085 valve opening 100.0 pressure 5.0
flow rate 74.10263538582824 controller response 110.24879715525196 valve opening 100.0 pressure 5.0
flow rate 74.4270846309128 controller response 110.73150790936019 valve opening 100.0 pressure 5.0
flow rate 73.70523121137309 controller response 109.6575451439027 valve opening 100.0 pressure 5.0
flow rate 75.08975635229052 controller response 111.7174210258141 valve opening 100.0 pressure 5.0
flow rate 74.69661457176935 controller response 111.13251054067074 valve opening 100.0 pressure 5.0
flow rate 74.6362259627472 controller response 111.04266526766659 valve opening 100.0 pressure 5.0
flow rate 75.80104856071105 controller response 112.77567097867976 valve opening 100.0 pressure 5.0
flow rate 74.51189369486683 controller response 110.8576855714651 valve opening 100.0 pressure 5.0
flow rate 74.73362116399258 controller response 111.18756839736074 valve opening 100.0 pressure 5.0
flow rate 74.41786548964436 controller response 110.7177918083017 valve opening 100.0 pressure 5.0
flow rate 73.44716239494696 controller response 109.27359420280416 valve opening 100.0 pressure 5.0
flow rate 72.94365808924456 controller response 108.52448799656544 valve opening 100.0 pressure 5.0
flow rate 73.52615143949805 controller response 109.39111292673164 valve opening 100.0 pressure 5.0
flow rate 74.45724794555791 controller response 110.7763844396013 valve opening 100.0 pressure 5.0
flow rate 74.20113996423252 controller response 110.39535079975887 valve opening 100.0 pressure 5.0
flow rate 74.97342277842885 controller response 111.54434166743188 valve opening 100.0 pressure 5.0
flow rate 74.837834627444 controller response 111.34261563600585 valve opening 100.0 pressure 5.0
flow rate 75.4601295956627 controller response 112.26845682052868 valve opening 100.0 pressure 5.0
flow rate 76.66407979818548 controller response 114.05967599879219 valve opening 100.0 pressure 5.0
flow rate 76.61722907391805 controller response 113.98997218907682 valve opening 100.0 pressure 5.0
flow rate 76.82259281987112 controller response 114.29550931137679 valve opening 100.0 pressure 5.0
flow rate 76.73663630235097 controller response 114.16762448494771 valve opening 100.0 pressure 5.0
flow rate 77.39689151292035 controller response 115.1499423526153 valve opening 100.0 pressure 5.0
flow rate 77.41760059738446 controller response 115.18075302001559 valve opening 100.0 pressure 5.0
[INFO] Tests run: 4, Failures: 0, Errors: 0, Skipped: 0, Time elapsed: 0.502 s - in neqsim.processSimulation.processSystem.ProcessSystemControllerTest
[INFO] Running neqsim.processSimulation.processEquipment.separator.SeparatorTest
[INFO] Tests run: 2, Failures: 0, Errors: 0, Skipped: 0, Time elapsed: 0.219 s - in neqsim.processSimulation.processEquipment.separator.SeparatorTest
[INFO] Running neqsim.processSimulation.processEquipment.stream.StreamTest
[INFO] Tests run: 2, Failures: 0, Errors: 0, Skipped: 0, Time elapsed: 0.045 s - in neqsim.processSimulation.processEquipment.stream.StreamTest
[INFO] Running neqsim.processSimulation.processEquipment.adsorber.SimpleAdsorberTest
[WARNING] Tests run: 1, Failures: 0, Errors: 0, Skipped: 1, Time elapsed: 0 s - in neqsim.processSimulation.processEquipment.adsorber.SimpleAdsorberTest
[INFO] Running neqsim.processSimulation.processEquipment.splitter.ComponentSplitterTest
[INFO] Tests run: 1, Failures: 0, Errors: 0, Skipped: 0, Time elapsed: 0.02 s - in neqsim.processSimulation.processEquipment.splitter.ComponentSplitterTest
[INFO] Running neqsim.processSimulation.processEquipment.pump.PumpTest
[INFO] Tests run: 1, Failures: 0, Errors: 0, Skipped: 0, Time elapsed: 0.068 s - in neqsim.processSimulation.processEquipment.pump.PumpTest
[INFO] Running neqsim.processSimulation.processEquipment.compressor.CompressorCalculationTest
[INFO] Tests run: 2, Failures: 0, Errors: 0, Skipped: 0, Time elapsed: 0.378 s - in neqsim.processSimulation.processEquipment.compressor.CompressorCalculationTest
[INFO] Running neqsim.processSimulation.processEquipment.compressor.CompressorPropertyProfileTest
[INFO] Tests run: 2, Failures: 0, Errors: 0, Skipped: 0, Time elapsed: 0.044 s - in neqsim.processSimulation.processEquipment.compressor.CompressorPropertyProfileTest
[INFO] Running neqsim.processSimulation.processEquipment.compressor.CompressorChartTest
[INFO] Tests run: 1, Failures: 0, Errors: 0, Skipped: 0, Time elapsed: 0.132 s - in neqsim.processSimulation.processEquipment.compressor.CompressorChartTest
[INFO] Running neqsim.processSimulation.processEquipment.compressor.CompressorTest
[INFO] Tests run: 7, Failures: 0, Errors: 0, Skipped: 0, Time elapsed: 0.992 s - in neqsim.processSimulation.processEquipment.compressor.CompressorTest
[INFO] Running neqsim.processSimulation.processEquipment.powerGeneration.GasTurbineTest
[WARNING] Tests run: 3, Failures: 0, Errors: 0, Skipped: 1, Time elapsed: 0.062 s - in neqsim.processSimulation.processEquipment.powerGeneration.GasTurbineTest
[INFO] Running neqsim.processSimulation.processEquipment.absorber.SimpleAbsorberTest
[WARNING] Tests run: 1, Failures: 0, Errors: 0, Skipped: 1, Time elapsed: 0.001 s - in neqsim.processSimulation.processEquipment.absorber.SimpleAbsorberTest
[INFO] Running neqsim.processSimulation.processEquipment.mixer.MixerTest
[INFO] Tests run: 1, Failures: 0, Errors: 0, Skipped: 0, Time elapsed: 0.333 s - in neqsim.processSimulation.processEquipment.mixer.MixerTest
[INFO] Running neqsim.processSimulation.measurementDevice.pHProbeTest
pH 5.629055432357595
pH 4.079098133484792
[INFO] Tests run: 4, Failures: 0, Errors: 0, Skipped: 0, Time elapsed: 18.654 s - in neqsim.processSimulation.measurementDevice.pHProbeTest
[INFO] Running neqsim.processSimulation.measurementDevice.WellAllocatorTest
name alloc
gas flow 1057.938959805943
oil flow 1442.0610401940564
total flow 2500.0
[INFO] Tests run: 1, Failures: 0, Errors: 0, Skipped: 0, Time elapsed: 0.247 s - in neqsim.processSimulation.measurementDevice.WellAllocatorTest
[INFO] Running neqsim.processSimulation.util.example.process1Test
[INFO] Tests run: 1, Failures: 0, Errors: 0, Skipped: 0, Time elapsed: 0.495 s - in neqsim.processSimulation.util.example.process1Test
[INFO] Running neqsim.standards.gasQuality.Draft_ISO18453Test
[INFO] Tests run: 1, Failures: 0, Errors: 0, Skipped: 0, Time elapsed: 0.28 s - in neqsim.standards.gasQuality.Draft_ISO18453Test
[INFO] Running neqsim.standards.gasQuality.Draft_GERG2004Test
[WARNING] Tests run: 1, Failures: 0, Errors: 0, Skipped: 1, Time elapsed: 0.001 s - in neqsim.standards.gasQuality.Draft_GERG2004Test
[INFO] Running neqsim.standards.gasQuality.Standard_ISO6976Test
19:19:22.570 [main] ERROR neqsim.standards.gasQuality.Standard_ISO6976 - energy reference temperature not in valid range...setting it to 25C
19:19:22.570 [main] ERROR neqsim.standards.gasQuality.Standard_ISO6976 - volume reference temperature not in valid range...setting it to 15C
19:19:22.571 [main] ERROR neqsim.standards.gasQuality.Standard_ISO6976 - energy reference temperature not in valid range...setting it to 25C
[INFO] Tests run: 4, Failures: 0, Errors: 0, Skipped: 0, Time elapsed: 0.097 s - in neqsim.standards.gasQuality.Standard_ISO6976Test
[INFO] Running neqsim.standards.gasQuality.Standard_ISO6578Test
[INFO] Tests run: 1, Failures: 0, Errors: 0, Skipped: 0, Time elapsed: 0.071 s - in neqsim.standards.gasQuality.Standard_ISO6578Test
[INFO] Running neqsim.standards.salesContract.BaseContractTest
[INFO] Tests run: 1, Failures: 0, Errors: 0, Skipped: 0, Time elapsed: 0.13 s - in neqsim.standards.salesContract.BaseContractTest
[INFO] Running neqsim.thermodynamicOperations.ThermodynamicOperationsTest
19:19:22.787 [main] ERROR neqsim.thermodynamicOperations.flashOps.TPflash - error in beta calcneqsim.util.exception.IsNaNException: SystemSrkEos:calcBeta - Variable beta is NaN
19:19:22.788 [main] ERROR neqsim.thermodynamicOperations.flashOps.TPflash - error in beta calcneqsim.util.exception.IsNaNException: SystemSrkEos:calcBeta - Variable beta is NaN
19:19:22.788 [main] ERROR neqsim.thermodynamicOperations.flashOps.TPflash - error in beta calcneqsim.util.exception.IsNaNException: SystemSrkEos:calcBeta - Variable beta is NaN
19:19:22.788 [main] ERROR neqsim.thermodynamicOperations.flashOps.TPflash - error in beta calcneqsim.util.exception.IsNaNException: SystemSrkEos:calcBeta - Variable beta is NaN
19:19:22.788 [main] ERROR neqsim.thermodynamicOperations.flashOps.TPflash - error in beta calcneqsim.util.exception.IsNaNException: SystemSrkEos:calcBeta - Variable beta is NaN
19:19:22.788 [main] ERROR neqsim.thermodynamicOperations.flashOps.TPflash - error in beta calcneqsim.util.exception.IsNaNException: SystemSrkEos:calcBeta - Variable beta is NaN
19:19:22.795 [main] ERROR neqsim.thermodynamicOperations.flashOps.TPflash - error in beta calcneqsim.util.exception.IsNaNException: SystemSrkEos:calcBeta - Variable beta is NaN
19:19:22.795 [main] ERROR neqsim.thermodynamicOperations.flashOps.TPflash - error in beta calcneqsim.util.exception.IsNaNException: SystemSrkEos:calcBeta - Variable beta is NaN
19:19:22.795 [main] ERROR neqsim.thermodynamicOperations.flashOps.TPflash - error in beta calcneqsim.util.exception.IsNaNException: SystemSrkEos:calcBeta - Variable beta is NaN
19:19:22.795 [main] ERROR neqsim.thermodynamicOperations.flashOps.TPflash - error in beta calcneqsim.util.exception.IsNaNException: SystemSrkEos:calcBeta - Variable beta is NaN
19:19:22.795 [main] ERROR neqsim.thermodynamicOperations.flashOps.TPflash - error in beta calcneqsim.util.exception.IsNaNException: SystemSrkEos:calcBeta - Variable beta is NaN
19:19:22.796 [main] ERROR neqsim.thermodynamicOperations.flashOps.TPflash - error in beta calcneqsim.util.exception.IsNaNException: SystemSrkEos:calcBeta - Variable beta is NaN
19:19:22.796 [main] ERROR neqsim.thermodynamicOperations.flashOps.TPflash - error in beta calcneqsim.util.exception.IsNaNException: SystemSrkEos:calcBeta - Variable beta is NaN
19:19:22.796 [main] ERROR neqsim.thermodynamicOperations.flashOps.TPflash - error in beta calcneqsim.util.exception.IsNaNException: SystemSrkEos:calcBeta - Variable beta is NaN
19:19:22.796 [main] ERROR neqsim.thermodynamicOperations.flashOps.TPflash - error in beta calcneqsim.util.exception.IsNaNException: SystemSrkEos:calcBeta - Variable beta is NaN
19:19:22.796 [main] ERROR neqsim.thermodynamicOperations.flashOps.TPflash - error in beta calcneqsim.util.exception.IsNaNException: SystemSrkEos:calcBeta - Variable beta is NaN
19:19:22.809 [main] ERROR neqsim.thermodynamicOperations.ThermodynamicOperations - neqsim.util.exception.InvalidInputException: ThermodynamicOperations:propertyFlash - Input mode must be 1, 2 or 3
[INFO] Tests run: 6, Failures: 0, Errors: 0, Skipped: 0, Time elapsed: 0.18 s - in neqsim.thermodynamicOperations.ThermodynamicOperationsTest
[INFO] Running neqsim.thermodynamicOperations.flashOps.TPFlashTest
[INFO] Tests run: 3, Failures: 0, Errors: 0, Skipped: 0, Time elapsed: 0.734 s - in neqsim.thermodynamicOperations.flashOps.TPFlashTest
[INFO] Running neqsim.thermodynamicOperations.flashOps.PHFlashTest
[INFO] Tests run: 1, Failures: 0, Errors: 0, Skipped: 0, Time elapsed: 0.183 s - in neqsim.thermodynamicOperations.flashOps.PHFlashTest
[INFO] Running neqsim.thermodynamicOperations.flashOps.TVFlashTest
[INFO] Tests run: 1, Failures: 0, Errors: 0, Skipped: 0, Time elapsed: 0.55 s - in neqsim.thermodynamicOperations.flashOps.TVFlashTest
[INFO] Running neqsim.thermodynamicOperations.flashOps.WaxFlashTest
[WARNING] Tests run: 1, Failures: 0, Errors: 0, Skipped: 1, Time elapsed: 0.001 s - in neqsim.thermodynamicOperations.flashOps.WaxFlashTest
[INFO] Running neqsim.thermodynamicOperations.flashOps.PSFlashGERG2008Test
[INFO] Tests run: 1, Failures: 0, Errors: 0, Skipped: 0, Time elapsed: 0.03 s - in neqsim.thermodynamicOperations.flashOps.PSFlashGERG2008Test
[INFO] Running neqsim.thermodynamicOperations.flashOps.PHFlashGERG2008Test
[INFO] Tests run: 1, Failures: 0, Errors: 0, Skipped: 0, Time elapsed: 0.024 s - in neqsim.thermodynamicOperations.flashOps.PHFlashGERG2008Test
[INFO] 
[INFO] Results:
[INFO] 
[WARNING] Tests run: 180, Failures: 0, Errors: 0, Skipped: 9
[INFO] 
[INFO] 
[INFO] --- jacoco:0.8.7:report (generate-report-after-test) @ neqsim ---
[INFO] Loading execution data file /tmp/marshal-log4j-screening.GTMCHm/consumers/a0/neqsim/target/jacoco.exec
[INFO] Analyzed bundle 'neqsim' with 704 classes
[INFO] ------------------------------------------------------------------------
[INFO] BUILD SUCCESS
[INFO] ------------------------------------------------------------------------
[INFO] Total time:  01:49 min
[INFO] Finished at: 2026-08-24T19:19:26+08:00
[INFO] ------------------------------------------------------------------------
