[INFO] Scanning for projects...
Downloading from central: https://repo.maven.apache.org/maven2/org/apache/maven/plugins/maven-install-plugin/3.1.3/maven-install-plugin-3.1.3.pom
Progress (1): 787 B
Progress (1): 1.8 kB
Progress (1): 3.7 kB
Progress (1): 7.5 kB
Progress (1): 7.7 kB
Progress (1): 8.1 kB
                    
Downloaded from central: https://repo.maven.apache.org/maven2/org/apache/maven/plugins/maven-install-plugin/3.1.3/maven-install-plugin-3.1.3.pom (8.1 kB at 9.1 kB/s)
Downloading from central: https://repo.maven.apache.org/maven2/org/apache/maven/plugins/maven-plugins/43/maven-plugins-43.pom
Progress (1): 773 B
Progress (1): 1.8 kB
Progress (1): 4.3 kB
Progress (1): 6.8 kB
Progress (1): 7.5 kB
                    
Downloaded from central: https://repo.maven.apache.org/maven2/org/apache/maven/plugins/maven-plugins/43/maven-plugins-43.pom (7.5 kB at 36 kB/s)
Downloading from central: https://repo.maven.apache.org/maven2/org/apache/maven/maven-parent/43/maven-parent-43.pom
Progress (1): 720 B
Progress (1): 1.6 kB
Progress (1): 4.2 kB
Progress (1): 8.5 kB
Progress (1): 12 kB 
Progress (1): 16 kB
Progress (1): 21 kB
Progress (1): 23 kB
Progress (1): 26 kB
Progress (1): 29 kB
Progress (1): 30 kB
Progress (1): 33 kB
Progress (1): 37 kB
Progress (1): 39 kB
Progress (1): 42 kB
Progress (1): 45 kB
Progress (1): 48 kB
Progress (1): 50 kB
                   
Downloaded from central: https://repo.maven.apache.org/maven2/org/apache/maven/maven-parent/43/maven-parent-43.pom (50 kB at 215 kB/s)
Downloading from central: https://repo.maven.apache.org/maven2/org/apache/apache/33/apache-33.pom
Progress (1): 741 B
Progress (1): 1.6 kB
Progress (1): 3.4 kB
Progress (1): 5.2 kB
Progress (1): 7.2 kB
Progress (1): 13 kB 
Progress (1): 17 kB
Progress (1): 19 kB
Progress (1): 22 kB
Progress (1): 24 kB
                   
Downloaded from central: https://repo.maven.apache.org/maven2/org/apache/apache/33/apache-33.pom (24 kB at 111 kB/s)
Downloading from central: https://repo.maven.apache.org/maven2/org/junit/junit-bom/5.10.3/junit-bom-5.10.3.pom
Progress (1): 908 B
Progress (1): 2.2 kB
Progress (1): 5.6 kB
                    
Downloaded from central: https://repo.maven.apache.org/maven2/org/junit/junit-bom/5.10.3/junit-bom-5.10.3.pom (5.6 kB at 27 kB/s)
Downloading from central: https://repo.maven.apache.org/maven2/org/apache/maven/plugins/maven-install-plugin/3.1.3/maven-install-plugin-3.1.3.jar
Progress (1): 0.9/33 kB
Progress (1): 2.3/33 kB
Progress (1): 3.6/33 kB
Progress (1): 5.0/33 kB
Progress (1): 6.4/33 kB
Progress (1): 7.7/33 kB
Progress (1): 9.1/33 kB
Progress (1): 10/33 kB 
Progress (1): 12/33 kB
Progress (1): 13/33 kB
Progress (1): 15/33 kB
Progress (1): 16/33 kB
Progress (1): 17/33 kB
Progress (1): 19/33 kB
Progress (1): 20/33 kB
Progress (1): 21/33 kB
Progress (1): 23/33 kB
Progress (1): 24/33 kB
Progress (1): 28/33 kB
Progress (1): 33/33 kB
Progress (1): 33 kB   
                   
Downloaded from central: https://repo.maven.apache.org/maven2/org/apache/maven/plugins/maven-install-plugin/3.1.3/maven-install-plugin-3.1.3.jar (33 kB at 50 kB/s)
[INFO] 
[INFO] ------------------< org.codehaus.plexus:plexus-utils >------------------
[INFO] Building Plexus Common Utilities 3.5.1
[INFO]   from pom.xml
[INFO] --------------------------------[ jar ]---------------------------------
[INFO] 
[INFO] --- install:3.1.3:install-file (default-cli) @ plexus-utils ---
Downloading from central: https://repo.maven.apache.org/maven2/org/apache/maven/resolver/maven-resolver-util/1.9.18/maven-resolver-util-1.9.18.pom
Progress (1): 830 B
Progress (1): 2.7 kB
Progress (1): 2.9 kB
                    
Downloaded from central: https://repo.maven.apache.org/maven2/org/apache/maven/resolver/maven-resolver-util/1.9.18/maven-resolver-util-1.9.18.pom (2.9 kB at 13 kB/s)
Downloading from central: https://repo.maven.apache.org/maven2/org/apache/maven/resolver/maven-resolver/1.9.18/maven-resolver-1.9.18.pom
Progress (1): 755 B
Progress (1): 2.3 kB
Progress (1): 4.0 kB
Progress (1): 9.2 kB
Progress (1): 13 kB 
Progress (1): 17 kB
Progress (1): 20 kB
Progress (1): 21 kB
Progress (1): 22 kB
                   
Downloaded from central: https://repo.maven.apache.org/maven2/org/apache/maven/resolver/maven-resolver/1.9.18/maven-resolver-1.9.18.pom (22 kB at 98 kB/s)
Downloading from central: https://repo.maven.apache.org/maven2/org/apache/maven/maven-parent/41/maven-parent-41.pom
Progress (1): 780 B
Progress (1): 2.0 kB
Progress (1): 6.0 kB
Progress (1): 8.2 kB
Progress (1): 12 kB 
Progress (1): 17 kB
Progress (1): 21 kB
Progress (1): 26 kB
Progress (1): 27 kB
Progress (1): 29 kB
Progress (1): 32 kB
Progress (1): 36 kB
Progress (1): 37 kB
Progress (1): 40 kB
Progress (1): 43 kB
Progress (1): 46 kB
Progress (1): 50 kB
                   
Downloaded from central: https://repo.maven.apache.org/maven2/org/apache/maven/maven-parent/41/maven-parent-41.pom (50 kB at 229 kB/s)
Downloading from central: https://repo.maven.apache.org/maven2/org/apache/apache/31/apache-31.pom
Progress (1): 739 B
Progress (1): 2.1 kB
Progress (1): 3.9 kB
Progress (1): 6.2 kB
Progress (1): 11 kB 
Progress (1): 16 kB
Progress (1): 20 kB
Progress (1): 21 kB
Progress (1): 23 kB
Progress (1): 24 kB
                   
Downloaded from central: https://repo.maven.apache.org/maven2/org/apache/apache/31/apache-31.pom (24 kB at 109 kB/s)
Downloading from central: https://repo.maven.apache.org/maven2/org/apache/maven/resolver/maven-resolver-api/1.9.18/maven-resolver-api-1.9.18.pom
Progress (1): 831 B
Progress (1): 2.6 kB
Progress (1): 2.7 kB
                    
Downloaded from central: https://repo.maven.apache.org/maven2/org/apache/maven/resolver/maven-resolver-api/1.9.18/maven-resolver-api-1.9.18.pom (2.7 kB at 9.3 kB/s)
Downloading from central: https://repo.maven.apache.org/maven2/org/codehaus/plexus/plexus-utils/4.0.1/plexus-utils-4.0.1.pom
Progress (1): 826 B
Progress (1): 2.3 kB
Progress (1): 3.2 kB
Progress (1): 6.8 kB
Progress (1): 7.8 kB
                    
Downloaded from central: https://repo.maven.apache.org/maven2/org/codehaus/plexus/plexus-utils/4.0.1/plexus-utils-4.0.1.pom (7.8 kB at 18 kB/s)
Downloading from central: https://repo.maven.apache.org/maven2/org/codehaus/plexus/plexus/17/plexus-17.pom
Progress (1): 691 B
Progress (1): 2.5 kB
Progress (1): 6.4 kB
Progress (1): 8.9 kB
Progress (1): 11 kB 
Progress (1): 14 kB
Progress (1): 19 kB
Progress (1): 19 kB
Progress (1): 22 kB
Progress (1): 27 kB
Progress (1): 28 kB
                   
Downloaded from central: https://repo.maven.apache.org/maven2/org/codehaus/plexus/plexus/17/plexus-17.pom (28 kB at 131 kB/s)
Downloading from central: https://repo.maven.apache.org/maven2/org/junit/junit-bom/5.10.2/junit-bom-5.10.2.pom
Progress (1): 908 B
Progress (1): 4.1 kB
Progress (1): 5.6 kB
                    
Downloaded from central: https://repo.maven.apache.org/maven2/org/junit/junit-bom/5.10.2/junit-bom-5.10.2.pom (5.6 kB at 26 kB/s)
Downloading from central: https://repo.maven.apache.org/maven2/org/codehaus/plexus/plexus-xml/3.0.1/plexus-xml-3.0.1.pom
Progress (1): 814 B
Progress (1): 2.6 kB
Progress (1): 3.7 kB
                    
Downloaded from central: https://repo.maven.apache.org/maven2/org/codehaus/plexus/plexus-xml/3.0.1/plexus-xml-3.0.1.pom (3.7 kB at 17 kB/s)
Downloading from central: https://repo.maven.apache.org/maven2/org/codehaus/plexus/plexus/18/plexus-18.pom
Progress (1): 692 B
Progress (1): 2.5 kB
Progress (1): 6.4 kB
Progress (1): 8.9 kB
Progress (1): 10 kB 
Progress (1): 14 kB
Progress (1): 18 kB
Progress (1): 19 kB
Progress (1): 22 kB
Progress (1): 26 kB
Progress (1): 29 kB
                   
Downloaded from central: https://repo.maven.apache.org/maven2/org/codehaus/plexus/plexus/18/plexus-18.pom (29 kB at 139 kB/s)
Downloading from central: https://repo.maven.apache.org/maven2/org/apache/maven/resolver/maven-resolver-util/1.9.18/maven-resolver-util-1.9.18.jar
Progress (1): 3.8/196 kB
Progress (1): 8.0/196 kB
Progress (1): 12/196 kB 
Progress (1): 16/196 kB
Progress (1): 21/196 kB
Progress (1): 25/196 kB
Progress (1): 29/196 kB
Progress (1): 33/196 kB
Progress (1): 38/196 kB
Progress (1): 42/196 kB
Progress (1): 57/196 kB
Progress (1): 73/196 kB
Progress (1): 90/196 kB
Progress (1): 106/196 kB
Progress (1): 122/196 kB
Progress (1): 139/196 kB
Progress (1): 155/196 kB
Progress (1): 172/196 kB
Progress (1): 188/196 kB
Progress (1): 196 kB    
                    
Downloaded from central: https://repo.maven.apache.org/maven2/org/apache/maven/resolver/maven-resolver-util/1.9.18/maven-resolver-util-1.9.18.jar (196 kB at 321 kB/s)
Downloading from central: https://repo.maven.apache.org/maven2/org/apache/maven/resolver/maven-resolver-api/1.9.18/maven-resolver-api-1.9.18.jar
Downloading from central: https://repo.maven.apache.org/maven2/org/codehaus/plexus/plexus-utils/4.0.1/plexus-utils-4.0.1.jar
Downloading from central: https://repo.maven.apache.org/maven2/org/codehaus/plexus/plexus-xml/3.0.1/plexus-xml-3.0.1.jar
Progress (1): 7.7/157 kB
Progress (1): 16/157 kB 
Progress (1): 32/157 kB
Progress (1): 49/157 kB
Progress (1): 65/157 kB
Progress (1): 81/157 kB
Progress (1): 98/157 kB
Progress (1): 114/157 kB
Progress (1): 122/157 kB
Progress (1): 139/157 kB
Progress (1): 155/157 kB
Progress (1): 157 kB    
                    
Downloaded from central: https://repo.maven.apache.org/maven2/org/apache/maven/resolver/maven-resolver-api/1.9.18/maven-resolver-api-1.9.18.jar (157 kB at 307 kB/s)
Progress (1): 0.9/193 kB
Progress (1): 2.3/193 kB
Progress (1): 3.6/193 kB
Progress (1): 5.0/193 kB
Progress (1): 6.4/193 kB
Progress (1): 7.7/193 kB
Progress (1): 9.1/193 kB
Progress (1): 10/193 kB 
Progress (1): 11/193 kB
Progress (1): 13/193 kB
Progress (1): 14/193 kB
Progress (1): 15/193 kB
Progress (1): 17/193 kB
Progress (1): 18/193 kB
Progress (1): 20/193 kB
Progress (1): 21/193 kB
Progress (1): 22/193 kB
Progress (1): 24/193 kB
Progress (1): 25/193 kB
Progress (1): 26/193 kB
Progress (1): 28/193 kB
Progress (1): 29/193 kB
Progress (1): 31/193 kB
Progress (1): 32/193 kB
Progress (1): 33/193 kB
Progress (1): 35/193 kB
Progress (1): 36/193 kB
Progress (1): 37/193 kB
Progress (1): 39/193 kB
Progress (1): 40/193 kB
Progress (1): 41/193 kB
Progress (1): 43/193 kB
Progress (1): 44/193 kB
Progress (1): 46/193 kB
Progress (1): 47/193 kB
Progress (1): 48/193 kB
Progress (1): 50/193 kB
Progress (1): 51/193 kB
Progress (1): 52/193 kB
Progress (1): 54/193 kB
Progress (1): 55/193 kB
Progress (1): 59/193 kB
Progress (1): 64/193 kB
Progress (1): 68/193 kB
Progress (1): 72/193 kB
Progress (1): 76/193 kB
Progress (1): 81/193 kB
Progress (1): 85/193 kB
Progress (1): 89/193 kB
Progress (1): 93/193 kB
Progress (1): 97/193 kB
Progress (1): 102/193 kB
Progress (1): 106/193 kB
Progress (1): 110/193 kB
Progress (1): 114/193 kB
Progress (1): 119/193 kB
Progress (1): 123/193 kB
Progress (1): 126/193 kB
Progress (1): 130/193 kB
Progress (1): 135/193 kB
Progress (1): 139/193 kB
Progress (1): 143/193 kB
Progress (1): 147/193 kB
Progress (1): 151/193 kB
Progress (1): 156/193 kB
Progress (1): 160/193 kB
Progress (1): 164/193 kB
Progress (1): 168/193 kB
Progress (1): 173/193 kB
Progress (1): 177/193 kB
Progress (1): 181/193 kB
Progress (1): 185/193 kB
Progress (1): 189/193 kB
Progress (1): 193 kB    
                    
Downloaded from central: https://repo.maven.apache.org/maven2/org/codehaus/plexus/plexus-utils/4.0.1/plexus-utils-4.0.1.jar (193 kB at 139 kB/s)
Progress (1): 0.9/94 kB
Progress (1): 2.3/94 kB
Progress (1): 3.6/94 kB
Progress (1): 5.0/94 kB
Progress (1): 6.4/94 kB
Progress (1): 7.7/94 kB
Progress (1): 9.1/94 kB
Progress (1): 10/94 kB 
Progress (1): 12/94 kB
Progress (1): 13/94 kB
Progress (1): 15/94 kB
Progress (1): 15/94 kB
Progress (1): 17/94 kB
Progress (1): 18/94 kB
Progress (1): 20/94 kB
Progress (1): 21/94 kB
Progress (1): 22/94 kB
Progress (1): 24/94 kB
Progress (1): 25/94 kB
Progress (1): 26/94 kB
Progress (1): 28/94 kB
Progress (1): 29/94 kB
Progress (1): 31/94 kB
Progress (1): 32/94 kB
Progress (1): 33/94 kB
Progress (1): 35/94 kB
Progress (1): 36/94 kB
Progress (1): 37/94 kB
Progress (1): 39/94 kB
Progress (1): 40/94 kB
Progress (1): 41/94 kB
Progress (1): 43/94 kB
Progress (1): 44/94 kB
Progress (1): 46/94 kB
Progress (1): 47/94 kB
Progress (1): 48/94 kB
Progress (1): 50/94 kB
Progress (1): 51/94 kB
Progress (1): 52/94 kB
Progress (1): 54/94 kB
Progress (1): 55/94 kB
Progress (1): 59/94 kB
Progress (1): 64/94 kB
Progress (1): 65/94 kB
Progress (1): 69/94 kB
Progress (1): 73/94 kB
Progress (1): 77/94 kB
Progress (1): 82/94 kB
Progress (1): 86/94 kB
Progress (1): 90/94 kB
Progress (1): 94/94 kB
Progress (1): 94 kB   
                   
Downloaded from central: https://repo.maven.apache.org/maven2/org/codehaus/plexus/plexus-xml/3.0.1/plexus-xml-3.0.1.jar (94 kB at 36 kB/s)
[INFO] Installing /home/zhihao/hdd/marshal/.work/rebuild_plexus_xml_license/output-v1/replay-work/formal-github-plexus-utils-xml-removal--target-license-maven-plugin/source-a1/target/plexus-utils-3.5.1.jar to /home/zhihao/hdd/marshal/.work/rebuild_plexus_xml_license/output-v1/replay-work/formal-github-plexus-utils-xml-removal--target-license-maven-plugin/m2-a1/org/codehaus/plexus/plexus-utils/3.5.1/plexus-utils-3.5.1.jar
[INFO] Installing /home/zhihao/hdd/marshal/.work/rebuild_plexus_xml_license/output-v1/replay-work/formal-github-plexus-utils-xml-removal--target-license-maven-plugin/source-a1/pom.xml to /home/zhihao/hdd/marshal/.work/rebuild_plexus_xml_license/output-v1/replay-work/formal-github-plexus-utils-xml-removal--target-license-maven-plugin/m2-a1/org/codehaus/plexus/plexus-utils/3.5.1/plexus-utils-3.5.1.pom
[INFO] ------------------------------------------------------------------------
[INFO] BUILD SUCCESS
[INFO] ------------------------------------------------------------------------
[INFO] Total time:  8.820 s
[INFO] Finished at: 2026-08-30T13:13:32+08:00
[INFO] ------------------------------------------------------------------------
