[INFO] Scanning for projects...
Downloading from central: https://repo.maven.apache.org/maven2/org/apache/maven/plugins/maven-install-plugin/3.1.3/maven-install-plugin-3.1.3.pom
Progress (1): 787 B
Progress (1): 1.8 kB
Progress (1): 3.7 kB
Progress (1): 7.5 kB
Progress (1): 8.1 kB
                    
Downloaded from central: https://repo.maven.apache.org/maven2/org/apache/maven/plugins/maven-install-plugin/3.1.3/maven-install-plugin-3.1.3.pom (8.1 kB at 7.6 kB/s)
Downloading from central: https://repo.maven.apache.org/maven2/org/apache/maven/plugins/maven-plugins/43/maven-plugins-43.pom
Progress (1): 773 B
Progress (1): 1.8 kB
Progress (1): 4.3 kB
Progress (1): 6.8 kB
Progress (1): 7.5 kB
                    
Downloaded from central: https://repo.maven.apache.org/maven2/org/apache/maven/plugins/maven-plugins/43/maven-plugins-43.pom (7.5 kB at 36 kB/s)
Downloading from central: https://repo.maven.apache.org/maven2/org/apache/maven/maven-parent/43/maven-parent-43.pom
Progress (1): 720 B
Progress (1): 1.6 kB
Progress (1): 4.2 kB
Progress (1): 8.5 kB
Progress (1): 12 kB 
Progress (1): 16 kB
Progress (1): 21 kB
Progress (1): 23 kB
Progress (1): 26 kB
Progress (1): 29 kB
Progress (1): 30 kB
Progress (1): 33 kB
Progress (1): 37 kB
Progress (1): 39 kB
Progress (1): 42 kB
Progress (1): 45 kB
Progress (1): 48 kB
Progress (1): 50 kB
                   
Downloaded from central: https://repo.maven.apache.org/maven2/org/apache/maven/maven-parent/43/maven-parent-43.pom (50 kB at 232 kB/s)
Downloading from central: https://repo.maven.apache.org/maven2/org/apache/apache/33/apache-33.pom
Progress (1): 741 B
Progress (1): 1.6 kB
Progress (1): 3.4 kB
Progress (1): 5.2 kB
Progress (1): 7.2 kB
Progress (1): 13 kB 
Progress (1): 17 kB
Progress (1): 19 kB
Progress (1): 22 kB
Progress (1): 24 kB
                   
Downloaded from central: https://repo.maven.apache.org/maven2/org/apache/apache/33/apache-33.pom (24 kB at 114 kB/s)
Downloading from central: https://repo.maven.apache.org/maven2/org/junit/junit-bom/5.10.3/junit-bom-5.10.3.pom
Progress (1): 908 B
Progress (1): 2.2 kB
Progress (1): 5.6 kB
                    
Downloaded from central: https://repo.maven.apache.org/maven2/org/junit/junit-bom/5.10.3/junit-bom-5.10.3.pom (5.6 kB at 6.4 kB/s)
Downloading from central: https://repo.maven.apache.org/maven2/org/apache/maven/plugins/maven-install-plugin/3.1.3/maven-install-plugin-3.1.3.jar
Progress (1): 0.9/33 kB
Progress (1): 2.3/33 kB
Progress (1): 3.2/33 kB
Progress (1): 4.5/33 kB
Progress (1): 5.9/33 kB
Progress (1): 7.3/33 kB
Progress (1): 8.7/33 kB
Progress (1): 10/33 kB 
Progress (1): 11/33 kB
Progress (1): 13/33 kB
Progress (1): 14/33 kB
Progress (1): 15/33 kB
Progress (1): 17/33 kB
Progress (1): 18/33 kB
Progress (1): 20/33 kB
Progress (1): 21/33 kB
Progress (1): 22/33 kB
Progress (1): 24/33 kB
Progress (1): 25/33 kB
Progress (1): 29/33 kB
Progress (1): 33 kB   
                   
Downloaded from central: https://repo.maven.apache.org/maven2/org/apache/maven/plugins/maven-install-plugin/3.1.3/maven-install-plugin-3.1.3.jar (33 kB at 77 kB/s)
[INFO] 
[INFO] ------------------< org.codehaus.plexus:plexus-utils >------------------
[INFO] Building Plexus Common Utilities 3.5.1
[INFO]   from pom.xml
[INFO] --------------------------------[ jar ]---------------------------------
[INFO] 
[INFO] --- install:3.1.3:install-file (default-cli) @ plexus-utils ---
Downloading from central: https://repo.maven.apache.org/maven2/org/apache/maven/resolver/maven-resolver-util/1.9.18/maven-resolver-util-1.9.18.pom
Progress (1): 830 B
Progress (1): 2.7 kB
Progress (1): 2.9 kB
                    
Downloaded from central: https://repo.maven.apache.org/maven2/org/apache/maven/resolver/maven-resolver-util/1.9.18/maven-resolver-util-1.9.18.pom (2.9 kB at 13 kB/s)
Downloading from central: https://repo.maven.apache.org/maven2/org/apache/maven/resolver/maven-resolver/1.9.18/maven-resolver-1.9.18.pom
Progress (1): 755 B
Progress (1): 2.3 kB
Progress (1): 4.0 kB
Progress (1): 9.2 kB
Progress (1): 13 kB 
Progress (1): 17 kB
Progress (1): 20 kB
Progress (1): 21 kB
Progress (1): 22 kB
                   
Downloaded from central: https://repo.maven.apache.org/maven2/org/apache/maven/resolver/maven-resolver/1.9.18/maven-resolver-1.9.18.pom (22 kB at 106 kB/s)
Downloading from central: https://repo.maven.apache.org/maven2/org/apache/maven/maven-parent/41/maven-parent-41.pom
Progress (1): 724 B
Progress (1): 1.9 kB
Progress (1): 5.5 kB
Progress (1): 9.9 kB
Progress (1): 14 kB 
Progress (1): 19 kB
Progress (1): 23 kB
Progress (1): 25 kB
Progress (1): 27 kB
Progress (1): 29 kB
Progress (1): 32 kB
Progress (1): 36 kB
Progress (1): 38 kB
Progress (1): 41 kB
Progress (1): 44 kB
Progress (1): 50 kB
Progress (1): 50 kB
                   
Downloaded from central: https://repo.maven.apache.org/maven2/org/apache/maven/maven-parent/41/maven-parent-41.pom (50 kB at 111 kB/s)
Downloading from central: https://repo.maven.apache.org/maven2/org/apache/apache/31/apache-31.pom
Progress (1): 739 B
Progress (1): 2.1 kB
Progress (1): 3.9 kB
Progress (1): 6.2 kB
Progress (1): 11 kB 
Progress (1): 16 kB
Progress (1): 20 kB
Progress (1): 21 kB
Progress (1): 23 kB
Progress (1): 24 kB
                   
Downloaded from central: https://repo.maven.apache.org/maven2/org/apache/apache/31/apache-31.pom (24 kB at 111 kB/s)
Downloading from central: https://repo.maven.apache.org/maven2/org/apache/maven/resolver/maven-resolver-api/1.9.18/maven-resolver-api-1.9.18.pom
Progress (1): 831 B
Progress (1): 2.6 kB
Progress (1): 2.7 kB
                    
Downloaded from central: https://repo.maven.apache.org/maven2/org/apache/maven/resolver/maven-resolver-api/1.9.18/maven-resolver-api-1.9.18.pom (2.7 kB at 13 kB/s)
Downloading from central: https://repo.maven.apache.org/maven2/org/codehaus/plexus/plexus-utils/4.0.1/plexus-utils-4.0.1.pom
Progress (1): 729 B
Progress (1): 2.2 kB
Progress (1): 4.3 kB
Progress (1): 7.8 kB
                    
Downloaded from central: https://repo.maven.apache.org/maven2/org/codehaus/plexus/plexus-utils/4.0.1/plexus-utils-4.0.1.pom (7.8 kB at 37 kB/s)
Downloading from central: https://repo.maven.apache.org/maven2/org/codehaus/plexus/plexus/17/plexus-17.pom
Progress (1): 691 B
Progress (1): 2.5 kB
Progress (1): 6.4 kB
Progress (1): 8.9 kB
Progress (1): 11 kB 
Progress (1): 14 kB
Progress (1): 19 kB
Progress (1): 19 kB
Progress (1): 22 kB
Progress (1): 27 kB
Progress (1): 28 kB
                   
Downloaded from central: https://repo.maven.apache.org/maven2/org/codehaus/plexus/plexus/17/plexus-17.pom (28 kB at 132 kB/s)
Downloading from central: https://repo.maven.apache.org/maven2/org/junit/junit-bom/5.10.2/junit-bom-5.10.2.pom
Progress (1): 908 B
Progress (1): 4.1 kB
Progress (1): 5.6 kB
                    
Downloaded from central: https://repo.maven.apache.org/maven2/org/junit/junit-bom/5.10.2/junit-bom-5.10.2.pom (5.6 kB at 13 kB/s)
Downloading from central: https://repo.maven.apache.org/maven2/org/codehaus/plexus/plexus-xml/3.0.1/plexus-xml-3.0.1.pom
Progress (1): 814 B
Progress (1): 2.6 kB
Progress (1): 3.7 kB
                    
Downloaded from central: https://repo.maven.apache.org/maven2/org/codehaus/plexus/plexus-xml/3.0.1/plexus-xml-3.0.1.pom (3.7 kB at 18 kB/s)
Downloading from central: https://repo.maven.apache.org/maven2/org/codehaus/plexus/plexus/18/plexus-18.pom
Progress (1): 692 B
Progress (1): 2.5 kB
Progress (1): 6.4 kB
Progress (1): 8.9 kB
Progress (1): 10 kB 
Progress (1): 14 kB
Progress (1): 18 kB
Progress (1): 19 kB
Progress (1): 22 kB
Progress (1): 26 kB
Progress (1): 29 kB
                   
Downloaded from central: https://repo.maven.apache.org/maven2/org/codehaus/plexus/plexus/18/plexus-18.pom (29 kB at 46 kB/s)
Downloading from central: https://repo.maven.apache.org/maven2/org/apache/maven/resolver/maven-resolver-util/1.9.18/maven-resolver-util-1.9.18.jar
Progress (1): 3.8/196 kB
Progress (1): 8.0/196 kB
Progress (1): 11/196 kB 
Progress (1): 16/196 kB
Progress (1): 20/196 kB
Progress (1): 24/196 kB
Progress (1): 28/196 kB
Progress (1): 33/196 kB
Progress (1): 37/196 kB
Progress (1): 41/196 kB
Progress (1): 45/196 kB
Progress (1): 49/196 kB
Progress (1): 54/196 kB
Progress (1): 70/196 kB
Progress (1): 86/196 kB
Progress (1): 103/196 kB
Progress (1): 119/196 kB
Progress (1): 126/196 kB
Progress (1): 142/196 kB
Progress (1): 159/196 kB
Progress (1): 175/196 kB
Progress (1): 192/196 kB
Progress (1): 196 kB    
                    
Downloaded from central: https://repo.maven.apache.org/maven2/org/apache/maven/resolver/maven-resolver-util/1.9.18/maven-resolver-util-1.9.18.jar (196 kB at 14 kB/s)
Downloading from central: https://repo.maven.apache.org/maven2/org/apache/maven/resolver/maven-resolver-api/1.9.18/maven-resolver-api-1.9.18.jar
Downloading from central: https://repo.maven.apache.org/maven2/org/codehaus/plexus/plexus-utils/4.0.1/plexus-utils-4.0.1.jar
Downloading from central: https://repo.maven.apache.org/maven2/org/codehaus/plexus/plexus-xml/3.0.1/plexus-xml-3.0.1.jar
Progress (1): 7.7/157 kB
Progress (1): 12/157 kB 
Progress (2): 12/157 kB | 0.9/193 kB
Progress (2): 12/157 kB | 2.3/193 kB
Progress (2): 12/157 kB | 3.6/193 kB
Progress (2): 12/157 kB | 5.0/193 kB
Progress (2): 12/157 kB | 6.4/193 kB
Progress (2): 12/157 kB | 7.7/193 kB
Progress (2): 12/157 kB | 9.1/193 kB
Progress (2): 12/157 kB | 10/193 kB 
Progress (2): 12/157 kB | 12/193 kB
Progress (2): 12/157 kB | 13/193 kB
Progress (2): 12/157 kB | 15/193 kB
Progress (2): 12/157 kB | 16/193 kB
Progress (2): 12/157 kB | 17/193 kB
Progress (2): 12/157 kB | 19/193 kB
Progress (2): 12/157 kB | 20/193 kB
Progress (2): 12/157 kB | 21/193 kB
Progress (2): 12/157 kB | 23/193 kB
Progress (2): 12/157 kB | 24/193 kB
Progress (2): 12/157 kB | 26/193 kB
Progress (2): 12/157 kB | 27/193 kB
Progress (2): 12/157 kB | 28/193 kB
Progress (2): 12/157 kB | 30/193 kB
Progress (2): 12/157 kB | 31/193 kB
Progress (2): 12/157 kB | 32/193 kB
Progress (2): 12/157 kB | 33/193 kB
Progress (2): 12/157 kB | 35/193 kB
Progress (2): 12/157 kB | 36/193 kB
Progress (2): 12/157 kB | 37/193 kB
Progress (2): 12/157 kB | 39/193 kB
Progress (2): 12/157 kB | 40/193 kB
Progress (2): 12/157 kB | 41/193 kB
Progress (2): 12/157 kB | 43/193 kB
Progress (2): 12/157 kB | 44/193 kB
Progress (2): 12/157 kB | 46/193 kB
Progress (2): 12/157 kB | 47/193 kB
Progress (2): 12/157 kB | 48/193 kB
Progress (2): 12/157 kB | 50/193 kB
Progress (2): 12/157 kB | 51/193 kB
Progress (2): 12/157 kB | 52/193 kB
Progress (2): 12/157 kB | 54/193 kB
Progress (2): 12/157 kB | 55/193 kB
Progress (2): 12/157 kB | 59/193 kB
Progress (2): 12/157 kB | 64/193 kB
Progress (2): 12/157 kB | 68/193 kB
Progress (2): 12/157 kB | 72/193 kB
Progress (2): 12/157 kB | 76/193 kB
Progress (2): 29/157 kB | 76/193 kB
Progress (2): 29/157 kB | 80/193 kB
Progress (2): 29/157 kB | 85/193 kB
Progress (3): 29/157 kB | 85/193 kB | 0.9/94 kB
Progress (3): 29/157 kB | 89/193 kB | 0.9/94 kB
Progress (3): 29/157 kB | 93/193 kB | 0.9/94 kB
Progress (3): 29/157 kB | 97/193 kB | 0.9/94 kB
Progress (3): 29/157 kB | 102/193 kB | 0.9/94 kB
Progress (3): 29/157 kB | 106/193 kB | 0.9/94 kB
Progress (3): 29/157 kB | 110/193 kB | 0.9/94 kB
Progress (3): 29/157 kB | 114/193 kB | 0.9/94 kB
Progress (3): 29/157 kB | 119/193 kB | 0.9/94 kB
Progress (3): 29/157 kB | 123/193 kB | 0.9/94 kB
Progress (3): 29/157 kB | 127/193 kB | 0.9/94 kB
Progress (3): 29/157 kB | 131/193 kB | 0.9/94 kB
Progress (3): 29/157 kB | 135/193 kB | 0.9/94 kB
Progress (3): 29/157 kB | 140/193 kB | 0.9/94 kB
Progress (3): 29/157 kB | 144/193 kB | 0.9/94 kB
Progress (3): 29/157 kB | 148/193 kB | 0.9/94 kB
Progress (3): 29/157 kB | 152/193 kB | 0.9/94 kB
Progress (3): 29/157 kB | 157/193 kB | 0.9/94 kB
Progress (3): 29/157 kB | 161/193 kB | 0.9/94 kB
Progress (3): 29/157 kB | 163/193 kB | 0.9/94 kB
Progress (3): 29/157 kB | 167/193 kB | 0.9/94 kB
Progress (3): 29/157 kB | 171/193 kB | 0.9/94 kB
Progress (3): 29/157 kB | 176/193 kB | 0.9/94 kB
Progress (3): 29/157 kB | 180/193 kB | 0.9/94 kB
Progress (3): 29/157 kB | 184/193 kB | 0.9/94 kB
Progress (3): 29/157 kB | 188/193 kB | 0.9/94 kB
Progress (3): 29/157 kB | 193/193 kB | 0.9/94 kB
Progress (3): 29/157 kB | 193 kB | 0.9/94 kB    
                                            
Downloaded from central: https://repo.maven.apache.org/maven2/org/codehaus/plexus/plexus-utils/4.0.1/plexus-utils-4.0.1.jar (193 kB at 120 kB/s)
Progress (2): 45/157 kB | 0.9/94 kB
Progress (2): 45/157 kB | 2.3/94 kB
Progress (2): 45/157 kB | 3.6/94 kB
Progress (2): 45/157 kB | 5.0/94 kB
Progress (2): 45/157 kB | 6.4/94 kB
Progress (2): 45/157 kB | 7.7/94 kB
Progress (2): 45/157 kB | 9.1/94 kB
Progress (2): 45/157 kB | 10/94 kB 
Progress (2): 45/157 kB | 12/94 kB
Progress (2): 45/157 kB | 13/94 kB
Progress (2): 45/157 kB | 15/94 kB
Progress (2): 45/157 kB | 16/94 kB
Progress (2): 45/157 kB | 17/94 kB
Progress (2): 45/157 kB | 19/94 kB
Progress (2): 45/157 kB | 20/94 kB
Progress (2): 45/157 kB | 21/94 kB
Progress (2): 45/157 kB | 23/94 kB
Progress (2): 45/157 kB | 24/94 kB
Progress (2): 45/157 kB | 25/94 kB
Progress (2): 45/157 kB | 26/94 kB
Progress (2): 45/157 kB | 27/94 kB
Progress (2): 61/157 kB | 27/94 kB
Progress (2): 61/157 kB | 29/94 kB
Progress (2): 61/157 kB | 30/94 kB
Progress (2): 61/157 kB | 31/94 kB
Progress (2): 61/157 kB | 33/94 kB
Progress (2): 61/157 kB | 34/94 kB
Progress (2): 61/157 kB | 36/94 kB
Progress (2): 61/157 kB | 37/94 kB
Progress (2): 61/157 kB | 38/94 kB
Progress (2): 61/157 kB | 40/94 kB
Progress (2): 61/157 kB | 41/94 kB
Progress (2): 61/157 kB | 42/94 kB
Progress (2): 61/157 kB | 44/94 kB
Progress (2): 61/157 kB | 45/94 kB
Progress (2): 61/157 kB | 46/94 kB
Progress (2): 61/157 kB | 48/94 kB
Progress (2): 61/157 kB | 49/94 kB
Progress (2): 61/157 kB | 51/94 kB
Progress (2): 61/157 kB | 52/94 kB
Progress (2): 61/157 kB | 53/94 kB
Progress (2): 61/157 kB | 55/94 kB
Progress (2): 61/157 kB | 59/94 kB
Progress (2): 78/157 kB | 59/94 kB
Progress (2): 78/157 kB | 63/94 kB
Progress (2): 78/157 kB | 67/94 kB
Progress (2): 78/157 kB | 72/94 kB
Progress (2): 78/157 kB | 76/94 kB
Progress (2): 94/157 kB | 76/94 kB
Progress (2): 111/157 kB | 76/94 kB
Progress (2): 115/157 kB | 76/94 kB
Progress (2): 115/157 kB | 80/94 kB
Progress (2): 115/157 kB | 84/94 kB
Progress (2): 115/157 kB | 89/94 kB
Progress (2): 131/157 kB | 89/94 kB
Progress (2): 147/157 kB | 89/94 kB
Progress (2): 157 kB | 89/94 kB    
                               
Downloaded from central: https://repo.maven.apache.org/maven2/org/apache/maven/resolver/maven-resolver-api/1.9.18/maven-resolver-api-1.9.18.jar (157 kB at 38 kB/s)
Progress (1): 93/94 kB
Progress (1): 94 kB   
                   
Downloaded from central: https://repo.maven.apache.org/maven2/org/codehaus/plexus/plexus-xml/3.0.1/plexus-xml-3.0.1.jar (94 kB at 15 kB/s)
[INFO] Installing /home/zhihao/hdd/marshal/.work/rebuild_plexus_xml_license/output-v1/replay-work/formal-github-plexus-utils-xml-removal--target-license-maven-plugin/source-a0/target/plexus-utils-3.5.1.jar to /home/zhihao/hdd/marshal/.work/rebuild_plexus_xml_license/output-v1/replay-work/formal-github-plexus-utils-xml-removal--target-license-maven-plugin/m2-a0/org/codehaus/plexus/plexus-utils/3.5.1/plexus-utils-3.5.1.jar
[INFO] Installing /home/zhihao/hdd/marshal/.work/rebuild_plexus_xml_license/output-v1/replay-work/formal-github-plexus-utils-xml-removal--target-license-maven-plugin/source-a0/pom.xml to /home/zhihao/hdd/marshal/.work/rebuild_plexus_xml_license/output-v1/replay-work/formal-github-plexus-utils-xml-removal--target-license-maven-plugin/m2-a0/org/codehaus/plexus/plexus-utils/3.5.1/plexus-utils-3.5.1.pom
[INFO] ------------------------------------------------------------------------
[INFO] BUILD SUCCESS
[INFO] ------------------------------------------------------------------------
[INFO] Total time:  27.681 s
[INFO] Finished at: 2026-08-30T13:08:45+08:00
[INFO] ------------------------------------------------------------------------
