[INFO] Scanning for projects...
Downloading from central: https://repo.maven.apache.org/maven2/org/codehaus/plexus/plexus/10/plexus-10.pom
Progress (1): 696 B
Progress (1): 1.8 kB
Progress (1): 5.3 kB
Progress (1): 8.7 kB
Progress (1): 9.9 kB
Progress (1): 13 kB 
Progress (1): 17 kB
Progress (1): 21 kB
Progress (1): 25 kB
Progress (1): 25 kB
                   
Downloaded from central: https://repo.maven.apache.org/maven2/org/codehaus/plexus/plexus/10/plexus-10.pom (25 kB at 31 kB/s)
Downloading from central: https://repo.maven.apache.org/maven2/org/apache/maven/plugins/maven-install-plugin/3.1.3/maven-install-plugin-3.1.3.pom
Progress (1): 792 B
Progress (1): 1.8 kB
Progress (1): 3.7 kB
Progress (1): 7.5 kB
Progress (1): 8.1 kB
                    
Downloaded from central: https://repo.maven.apache.org/maven2/org/apache/maven/plugins/maven-install-plugin/3.1.3/maven-install-plugin-3.1.3.pom (8.1 kB at 18 kB/s)
Downloading from central: https://repo.maven.apache.org/maven2/org/apache/maven/plugins/maven-plugins/43/maven-plugins-43.pom
Progress (1): 773 B
Progress (1): 1.8 kB
Progress (1): 4.3 kB
Progress (1): 6.8 kB
Progress (1): 7.5 kB
                    
Downloaded from central: https://repo.maven.apache.org/maven2/org/apache/maven/plugins/maven-plugins/43/maven-plugins-43.pom (7.5 kB at 36 kB/s)
Downloading from central: https://repo.maven.apache.org/maven2/org/apache/maven/maven-parent/43/maven-parent-43.pom
Progress (1): 720 B
Progress (1): 1.6 kB
Progress (1): 4.2 kB
Progress (1): 8.5 kB
Progress (1): 12 kB 
Progress (1): 16 kB
Progress (1): 21 kB
Progress (1): 23 kB
Progress (1): 26 kB
Progress (1): 29 kB
Progress (1): 30 kB
Progress (1): 33 kB
Progress (1): 37 kB
Progress (1): 39 kB
Progress (1): 42 kB
Progress (1): 45 kB
Progress (1): 48 kB
Progress (1): 50 kB
                   
Downloaded from central: https://repo.maven.apache.org/maven2/org/apache/maven/maven-parent/43/maven-parent-43.pom (50 kB at 237 kB/s)
Downloading from central: https://repo.maven.apache.org/maven2/org/apache/apache/33/apache-33.pom
Progress (1): 741 B
Progress (1): 1.6 kB
Progress (1): 3.4 kB
Progress (1): 5.2 kB
Progress (1): 7.2 kB
Progress (1): 13 kB 
Progress (1): 17 kB
Progress (1): 19 kB
Progress (1): 22 kB
Progress (1): 24 kB
                   
Downloaded from central: https://repo.maven.apache.org/maven2/org/apache/apache/33/apache-33.pom (24 kB at 29 kB/s)
Downloading from central: https://repo.maven.apache.org/maven2/org/junit/junit-bom/5.10.3/junit-bom-5.10.3.pom
Progress (1): 908 B
Progress (1): 2.2 kB
Progress (1): 5.6 kB
                    
Downloaded from central: https://repo.maven.apache.org/maven2/org/junit/junit-bom/5.10.3/junit-bom-5.10.3.pom (5.6 kB at 26 kB/s)
Downloading from central: https://repo.maven.apache.org/maven2/org/apache/maven/plugins/maven-install-plugin/3.1.3/maven-install-plugin-3.1.3.jar
Progress (1): 0.9/33 kB
Progress (1): 2.3/33 kB
Progress (1): 3.6/33 kB
Progress (1): 5.0/33 kB
Progress (1): 6.4/33 kB
Progress (1): 7.7/33 kB
Progress (1): 9.1/33 kB
Progress (1): 10/33 kB 
Progress (1): 11/33 kB
Progress (1): 13/33 kB
Progress (1): 14/33 kB
Progress (1): 15/33 kB
Progress (1): 17/33 kB
Progress (1): 18/33 kB
Progress (1): 22/33 kB
Progress (1): 27/33 kB
Progress (1): 31/33 kB
Progress (1): 33 kB   
                   
Downloaded from central: https://repo.maven.apache.org/maven2/org/apache/maven/plugins/maven-install-plugin/3.1.3/maven-install-plugin-3.1.3.jar (33 kB at 79 kB/s)
[INFO] 
[INFO] ------------------< org.codehaus.plexus:plexus-utils >------------------
[INFO] Building Plexus Common Utilities 4.0.0
[INFO]   from pom.xml
[INFO] --------------------------------[ jar ]---------------------------------
[INFO] 
[INFO] --- install:3.1.3:install-file (default-cli) @ plexus-utils ---
Downloading from central: https://repo.maven.apache.org/maven2/org/apache/maven/resolver/maven-resolver-util/1.9.18/maven-resolver-util-1.9.18.pom
Progress (1): 830 B
Progress (1): 2.7 kB
Progress (1): 2.9 kB
                    
Downloaded from central: https://repo.maven.apache.org/maven2/org/apache/maven/resolver/maven-resolver-util/1.9.18/maven-resolver-util-1.9.18.pom (2.9 kB at 14 kB/s)
Downloading from central: https://repo.maven.apache.org/maven2/org/apache/maven/resolver/maven-resolver/1.9.18/maven-resolver-1.9.18.pom
Progress (1): 755 B
Progress (1): 2.3 kB
Progress (1): 4.0 kB
Progress (1): 9.2 kB
Progress (1): 13 kB 
Progress (1): 17 kB
Progress (1): 20 kB
Progress (1): 21 kB
Progress (1): 22 kB
                   
Downloaded from central: https://repo.maven.apache.org/maven2/org/apache/maven/resolver/maven-resolver/1.9.18/maven-resolver-1.9.18.pom (22 kB at 108 kB/s)
Downloading from central: https://repo.maven.apache.org/maven2/org/apache/maven/maven-parent/41/maven-parent-41.pom
Progress (1): 724 B
Progress (1): 1.9 kB
Progress (1): 5.5 kB
Progress (1): 9.9 kB
Progress (1): 14 kB 
Progress (1): 19 kB
Progress (1): 23 kB
Progress (1): 25 kB
Progress (1): 27 kB
Progress (1): 29 kB
Progress (1): 32 kB
Progress (1): 36 kB
Progress (1): 38 kB
Progress (1): 41 kB
Progress (1): 44 kB
Progress (1): 50 kB
Progress (1): 50 kB
                   
Downloaded from central: https://repo.maven.apache.org/maven2/org/apache/maven/maven-parent/41/maven-parent-41.pom (50 kB at 231 kB/s)
Downloading from central: https://repo.maven.apache.org/maven2/org/apache/apache/31/apache-31.pom
Progress (1): 739 B
Progress (1): 2.1 kB
Progress (1): 3.9 kB
Progress (1): 6.2 kB
Progress (1): 11 kB 
Progress (1): 16 kB
Progress (1): 20 kB
Progress (1): 21 kB
Progress (1): 23 kB
Progress (1): 24 kB
                   
Downloaded from central: https://repo.maven.apache.org/maven2/org/apache/apache/31/apache-31.pom (24 kB at 96 kB/s)
Downloading from central: https://repo.maven.apache.org/maven2/org/apache/maven/resolver/maven-resolver-api/1.9.18/maven-resolver-api-1.9.18.pom
Progress (1): 831 B
Progress (1): 2.6 kB
Progress (1): 2.7 kB
                    
Downloaded from central: https://repo.maven.apache.org/maven2/org/apache/maven/resolver/maven-resolver-api/1.9.18/maven-resolver-api-1.9.18.pom (2.7 kB at 13 kB/s)
Downloading from central: https://repo.maven.apache.org/maven2/org/codehaus/plexus/plexus-utils/4.0.1/plexus-utils-4.0.1.pom
Progress (1): 729 B
Progress (1): 2.2 kB
Progress (1): 4.3 kB
Progress (1): 7.8 kB
                    
Downloaded from central: https://repo.maven.apache.org/maven2/org/codehaus/plexus/plexus-utils/4.0.1/plexus-utils-4.0.1.pom (7.8 kB at 37 kB/s)
Downloading from central: https://repo.maven.apache.org/maven2/org/codehaus/plexus/plexus/17/plexus-17.pom
Progress (1): 691 B
Progress (1): 2.5 kB
Progress (1): 6.4 kB
Progress (1): 8.9 kB
Progress (1): 11 kB 
Progress (1): 14 kB
Progress (1): 19 kB
Progress (1): 19 kB
Progress (1): 22 kB
Progress (1): 27 kB
Progress (1): 28 kB
                   
Downloaded from central: https://repo.maven.apache.org/maven2/org/codehaus/plexus/plexus/17/plexus-17.pom (28 kB at 86 kB/s)
Downloading from central: https://repo.maven.apache.org/maven2/org/junit/junit-bom/5.10.2/junit-bom-5.10.2.pom
Progress (1): 908 B
Progress (1): 4.1 kB
Progress (1): 5.6 kB
                    
Downloaded from central: https://repo.maven.apache.org/maven2/org/junit/junit-bom/5.10.2/junit-bom-5.10.2.pom (5.6 kB at 28 kB/s)
Downloading from central: https://repo.maven.apache.org/maven2/org/codehaus/plexus/plexus-xml/3.0.1/plexus-xml-3.0.1.pom
Progress (1): 814 B
Progress (1): 2.6 kB
Progress (1): 3.7 kB
                    
Downloaded from central: https://repo.maven.apache.org/maven2/org/codehaus/plexus/plexus-xml/3.0.1/plexus-xml-3.0.1.pom (3.7 kB at 17 kB/s)
Downloading from central: https://repo.maven.apache.org/maven2/org/codehaus/plexus/plexus/18/plexus-18.pom
Progress (1): 692 B
Progress (1): 2.5 kB
Progress (1): 6.4 kB
Progress (1): 8.9 kB
Progress (1): 10 kB 
Progress (1): 14 kB
Progress (1): 18 kB
Progress (1): 19 kB
Progress (1): 22 kB
Progress (1): 26 kB
Progress (1): 29 kB
                   
Downloaded from central: https://repo.maven.apache.org/maven2/org/codehaus/plexus/plexus/18/plexus-18.pom (29 kB at 29 kB/s)
Downloading from central: https://repo.maven.apache.org/maven2/org/apache/maven/resolver/maven-resolver-util/1.9.18/maven-resolver-util-1.9.18.jar
Progress (1): 3.8/196 kB
Progress (1): 7.7/196 kB
Progress (1): 12/196 kB 
Progress (1): 16/196 kB
Progress (1): 20/196 kB
Progress (1): 25/196 kB
Progress (1): 29/196 kB
Progress (1): 33/196 kB
Progress (1): 37/196 kB
Progress (1): 42/196 kB
Progress (1): 46/196 kB
Progress (1): 62/196 kB
Progress (1): 79/196 kB
Progress (1): 95/196 kB
Progress (1): 111/196 kB
Progress (1): 128/196 kB
Progress (1): 139/196 kB
Progress (1): 155/196 kB
Progress (1): 172/196 kB
Progress (1): 188/196 kB
Progress (1): 196 kB    
                    
Downloaded from central: https://repo.maven.apache.org/maven2/org/apache/maven/resolver/maven-resolver-util/1.9.18/maven-resolver-util-1.9.18.jar (196 kB at 253 kB/s)
Downloading from central: https://repo.maven.apache.org/maven2/org/apache/maven/resolver/maven-resolver-api/1.9.18/maven-resolver-api-1.9.18.jar
Downloading from central: https://repo.maven.apache.org/maven2/org/codehaus/plexus/plexus-utils/4.0.1/plexus-utils-4.0.1.jar
Downloading from central: https://repo.maven.apache.org/maven2/org/codehaus/plexus/plexus-xml/3.0.1/plexus-xml-3.0.1.jar
Progress (1): 7.7/94 kB
Progress (1): 16/94 kB 
Progress (1): 32/94 kB
Progress (1): 49/94 kB
Progress (1): 65/94 kB
Progress (1): 81/94 kB
Progress (1): 94 kB   
                   
Downloaded from central: https://repo.maven.apache.org/maven2/org/codehaus/plexus/plexus-xml/3.0.1/plexus-xml-3.0.1.jar (94 kB at 237 kB/s)
Progress (1): 1.4/157 kB
Progress (1): 2.7/157 kB
Progress (1): 4.1/157 kB
Progress (1): 5.5/157 kB
Progress (1): 6.8/157 kB
Progress (1): 8.2/157 kB
Progress (1): 9.6/157 kB
Progress (1): 11/157 kB 
Progress (1): 12/157 kB
Progress (1): 14/157 kB
Progress (1): 15/157 kB
Progress (1): 16/157 kB
Progress (1): 18/157 kB
Progress (1): 19/157 kB
Progress (1): 21/157 kB
Progress (1): 22/157 kB
Progress (1): 23/157 kB
Progress (1): 25/157 kB
Progress (1): 26/157 kB
Progress (1): 27/157 kB
Progress (1): 29/157 kB
Progress (1): 30/157 kB
Progress (1): 31/157 kB
Progress (1): 33/157 kB
Progress (1): 34/157 kB
Progress (1): 36/157 kB
Progress (1): 37/157 kB
Progress (1): 38/157 kB
Progress (1): 40/157 kB
Progress (1): 41/157 kB
Progress (1): 42/157 kB
Progress (1): 44/157 kB
Progress (1): 45/157 kB
Progress (1): 46/157 kB
Progress (1): 48/157 kB
Progress (1): 49/157 kB
Progress (1): 51/157 kB
Progress (1): 52/157 kB
Progress (1): 53/157 kB
Progress (1): 55/157 kB
Progress (1): 59/157 kB
Progress (1): 63/157 kB
Progress (1): 66/157 kB
Progress (1): 70/157 kB
Progress (1): 74/157 kB
Progress (1): 78/157 kB
Progress (1): 82/157 kB
Progress (1): 86/157 kB
Progress (1): 90/157 kB
Progress (1): 95/157 kB
Progress (1): 99/157 kB
Progress (1): 103/157 kB
Progress (1): 107/157 kB
Progress (1): 112/157 kB
Progress (1): 115/157 kB
Progress (1): 119/157 kB
Progress (1): 123/157 kB
Progress (1): 127/157 kB
Progress (1): 132/157 kB
Progress (1): 136/157 kB
Progress (1): 140/157 kB
Progress (1): 144/157 kB
Progress (1): 149/157 kB
Progress (1): 153/157 kB
Progress (1): 157/157 kB
Progress (1): 157 kB    
                    
Downloaded from central: https://repo.maven.apache.org/maven2/org/apache/maven/resolver/maven-resolver-api/1.9.18/maven-resolver-api-1.9.18.jar (157 kB at 159 kB/s)
Progress (1): 0.9/193 kB
Progress (1): 2.3/193 kB
Progress (1): 3.6/193 kB
Progress (1): 5.0/193 kB
Progress (1): 6.4/193 kB
Progress (1): 7.7/193 kB
Progress (1): 9.1/193 kB
Progress (1): 10/193 kB 
Progress (1): 12/193 kB
Progress (1): 13/193 kB
Progress (1): 15/193 kB
Progress (1): 16/193 kB
Progress (1): 17/193 kB
Progress (1): 19/193 kB
Progress (1): 20/193 kB
Progress (1): 21/193 kB
Progress (1): 23/193 kB
Progress (1): 24/193 kB
Progress (1): 26/193 kB
Progress (1): 27/193 kB
Progress (1): 28/193 kB
Progress (1): 30/193 kB
Progress (1): 31/193 kB
Progress (1): 32/193 kB
Progress (1): 34/193 kB
Progress (1): 35/193 kB
Progress (1): 36/193 kB
Progress (1): 38/193 kB
Progress (1): 39/193 kB
Progress (1): 41/193 kB
Progress (1): 42/193 kB
Progress (1): 43/193 kB
Progress (1): 45/193 kB
Progress (1): 46/193 kB
Progress (1): 47/193 kB
Progress (1): 49/193 kB
Progress (1): 50/193 kB
Progress (1): 52/193 kB
Progress (1): 53/193 kB
Progress (1): 54/193 kB
Progress (1): 56/193 kB
Progress (1): 60/193 kB
Progress (1): 64/193 kB
Progress (1): 68/193 kB
Progress (1): 73/193 kB
Progress (1): 77/193 kB
Progress (1): 81/193 kB
Progress (1): 85/193 kB
Progress (1): 89/193 kB
Progress (1): 94/193 kB
Progress (1): 98/193 kB
Progress (1): 102/193 kB
Progress (1): 106/193 kB
Progress (1): 111/193 kB
Progress (1): 115/193 kB
Progress (1): 119/193 kB
Progress (1): 123/193 kB
Progress (1): 128/193 kB
Progress (1): 131/193 kB
Progress (1): 135/193 kB
Progress (1): 139/193 kB
Progress (1): 143/193 kB
Progress (1): 147/193 kB
Progress (1): 152/193 kB
Progress (1): 156/193 kB
Progress (1): 160/193 kB
Progress (1): 164/193 kB
Progress (1): 169/193 kB
Progress (1): 173/193 kB
Progress (1): 177/193 kB
Progress (1): 181/193 kB
Progress (1): 186/193 kB
Progress (1): 190/193 kB
Progress (1): 193 kB    
                    
Downloaded from central: https://repo.maven.apache.org/maven2/org/codehaus/plexus/plexus-utils/4.0.1/plexus-utils-4.0.1.jar (193 kB at 82 kB/s)
[INFO] Installing /home/zhihao/hdd/marshal/.work/rebuild_plexus_xml_license/output-v1/replay-work/formal-github-plexus-utils-xml-removal--target-license-maven-plugin/source-a1/target/plexus-utils-3.5.1.jar to /home/zhihao/hdd/marshal/.work/rebuild_plexus_xml_license/output-v1/replay-work/formal-github-plexus-utils-xml-removal--target-license-maven-plugin/m2-a2/org/codehaus/plexus/plexus-utils/4.0.0/plexus-utils-4.0.0.jar
[INFO] Installing /home/zhihao/hdd/marshal/.work/rebuild_plexus_xml_license/output-v1/replay-work/formal-github-plexus-utils-xml-removal--target-license-maven-plugin/source-a2/pom.xml to /home/zhihao/hdd/marshal/.work/rebuild_plexus_xml_license/output-v1/replay-work/formal-github-plexus-utils-xml-removal--target-license-maven-plugin/m2-a2/org/codehaus/plexus/plexus-utils/4.0.0/plexus-utils-4.0.0.pom
[INFO] ------------------------------------------------------------------------
[INFO] BUILD SUCCESS
[INFO] ------------------------------------------------------------------------
[INFO] Total time:  10.007 s
[INFO] Finished at: 2026-08-30T13:13:43+08:00
[INFO] ------------------------------------------------------------------------
