.pkg: remove tox env folder /tmp/marshal-cinder-pilot.XSm5CH/keystone-a3-after/.tox/.pkg
py313: install_deps> python -I -m pip install '.[ldap]' -r /tmp/marshal-cinder-pilot.XSm5CH/keystone-a3-after/test-requirements.txt -c /tmp/marshal-cinder-pilot.XSm5CH/requirements-a3-after/upper-constraints.txt
Looking in indexes: https://pypi.org/simple/
Processing ./.
  Installing build dependencies: started
  Installing build dependencies: finished with status 'done'
  Getting requirements to build wheel: started
  Getting requirements to build wheel: finished with status 'done'
  Preparing metadata (pyproject.toml): started
  Preparing metadata (pyproject.toml): finished with status 'done'
Collecting hacking~=6.1.0 (from -r /tmp/marshal-cinder-pilot.XSm5CH/keystone-a3-after/test-requirements.txt (line 1))
  Using cached hacking-6.1.0-py3-none-any.whl.metadata (7.0 kB)
Collecting stestr>=1.0.0 (from -r /tmp/marshal-cinder-pilot.XSm5CH/keystone-a3-after/test-requirements.txt (line 2))
  Using cached stestr-4.2.1-py3-none-any.whl.metadata (7.7 kB)
Collecting freezegun>=0.3.6 (from -r /tmp/marshal-cinder-pilot.XSm5CH/keystone-a3-after/test-requirements.txt (line 3))
  Using cached freezegun-1.5.5-py3-none-any.whl.metadata (13 kB)
Collecting oslo.db>=6.0.0 (from oslo.db[fixtures,mysql,postgresql]>=6.0.0->-r /tmp/marshal-cinder-pilot.XSm5CH/keystone-a3-after/test-requirements.txt (line 6))
  Using cached oslo_db-18.1.0-py3-none-any.whl.metadata (2.7 kB)
Collecting coverage!=4.4,>=4.0 (from -r /tmp/marshal-cinder-pilot.XSm5CH/keystone-a3-after/test-requirements.txt (line 9))
  Using cached coverage-7.14.3-cp313-cp313-manylinux1_x86_64.manylinux_2_28_x86_64.manylinux_2_5_x86_64.whl.metadata (8.6 kB)
Collecting fixtures>=3.0.0 (from -r /tmp/marshal-cinder-pilot.XSm5CH/keystone-a3-after/test-requirements.txt (line 11))
  Using cached fixtures-4.3.2-py3-none-any.whl.metadata (22 kB)
Collecting lxml>=4.5.0 (from -r /tmp/marshal-cinder-pilot.XSm5CH/keystone-a3-after/test-requirements.txt (line 13))
  Using cached lxml-6.1.1-cp313-cp313-manylinux_2_26_x86_64.manylinux_2_28_x86_64.whl.metadata (3.5 kB)
Collecting oslotest>=3.2.0 (from -r /tmp/marshal-cinder-pilot.XSm5CH/keystone-a3-after/test-requirements.txt (line 14))
  Using cached oslotest-6.1.1-py3-none-any.whl.metadata (1.8 kB)
Collecting WebTest>=2.0.27 (from -r /tmp/marshal-cinder-pilot.XSm5CH/keystone-a3-after/test-requirements.txt (line 17))
  Using cached webtest-3.0.7-py3-none-any.whl.metadata (2.0 kB)
Collecting testtools>=2.2.0 (from -r /tmp/marshal-cinder-pilot.XSm5CH/keystone-a3-after/test-requirements.txt (line 18))
  Using cached testtools-2.9.1-py3-none-any.whl.metadata (5.4 kB)
Collecting requests>=2.14.2 (from -r /tmp/marshal-cinder-pilot.XSm5CH/keystone-a3-after/test-requirements.txt (line 21))
  Using cached requests-2.34.2-py3-none-any.whl.metadata (4.8 kB)
Collecting bandit>=1.1.0 (from -r /tmp/marshal-cinder-pilot.XSm5CH/keystone-a3-after/test-requirements.txt (line 23))
  Using cached bandit-1.9.4-py3-none-any.whl.metadata (7.1 kB)
Collecting pbr!=2.1.0,>=2.0.0 (from keystone==0.0.0)
  Using cached pbr-7.0.3-py2.py3-none-any.whl.metadata (3.8 kB)
Collecting WebOb>=1.7.1 (from keystone==0.0.0)
  Using cached webob-1.8.10-py2.py3-none-any.whl.metadata (12 kB)
Collecting Flask!=0.11,>=1.0.2 (from keystone==0.0.0)
  Using cached flask-3.1.3-py3-none-any.whl.metadata (3.2 kB)
Collecting Flask-RESTful>=0.3.5 (from keystone==0.0.0)
  Using cached Flask_RESTful-0.3.10-py2.py3-none-any.whl.metadata (1.0 kB)
Collecting cryptography>=2.7 (from keystone==0.0.0)
  Using cached cryptography-43.0.3-cp39-abi3-manylinux_2_28_x86_64.whl.metadata (5.4 kB)
Collecting SQLAlchemy>=1.4.0 (from keystone==0.0.0)
  Using cached sqlalchemy-2.0.51-cp313-cp313-manylinux2014_x86_64.manylinux_2_17_x86_64.manylinux_2_28_x86_64.whl.metadata (9.5 kB)
Collecting stevedore>=1.20.0 (from keystone==0.0.0)
  Using cached stevedore-5.9.0-py3-none-any.whl.metadata (2.3 kB)
Collecting python-keystoneclient>=3.8.0 (from keystone==0.0.0)
  Using cached python_keystoneclient-5.8.0-py3-none-any.whl.metadata (3.8 kB)
Collecting keystonemiddleware>=7.0.0 (from keystone==0.0.0)
  Using cached keystonemiddleware-13.0.0-py3-none-any.whl.metadata (3.9 kB)
Collecting bcrypt>=3.1.3 (from keystone==0.0.0)
  Using cached bcrypt-5.0.0-cp39-abi3-manylinux_2_34_x86_64.whl.metadata (10 kB)
Collecting oslo.cache>=1.26.0 (from keystone==0.0.0)
  Using cached oslo_cache-4.3.0-py3-none-any.whl.metadata (2.5 kB)
Collecting oslo.config>=6.8.0 (from keystone==0.0.0)
  Using cached oslo_config-10.7.0-py3-none-any.whl.metadata (2.3 kB)
Collecting oslo.context>=2.22.0 (from keystone==0.0.0)
  Using cached oslo_context-6.5.0-py3-none-any.whl.metadata (2.3 kB)
Collecting oslo.messaging>=5.29.0 (from keystone==0.0.0)
  Using cached oslo_messaging-18.2.0-py3-none-any.whl.metadata (2.6 kB)
Collecting oslo.i18n>=3.15.3 (from keystone==0.0.0)
  Using cached oslo_i18n-6.9.0-py3-none-any.whl.metadata (2.0 kB)
Collecting oslo.log>=3.44.0 (from keystone==0.0.0)
  Using cached oslo_log-8.3.0-py3-none-any.whl.metadata (2.5 kB)
Collecting oslo.middleware>=3.31.0 (from keystone==0.0.0)
  Using cached oslo_middleware-8.2.0-py3-none-any.whl.metadata (2.7 kB)
Collecting oslo.policy>=4.5.0 (from keystone==0.0.0)
  Using cached oslo_policy-6.0.0-py3-none-any.whl.metadata (2.2 kB)
Collecting oslo.serialization!=2.19.1,>=2.18.0 (from keystone==0.0.0)
  Using cached oslo_serialization-5.11.0-py3-none-any.whl.metadata (2.1 kB)
Collecting oslo.upgradecheck>=1.3.0 (from keystone==0.0.0)
  Using cached oslo_upgradecheck-2.8.0-py3-none-any.whl.metadata (1.8 kB)
Collecting oslo.utils>=3.33.0 (from keystone==0.0.0)
  Using cached oslo_utils-10.1.1-py3-none-any.whl.metadata (2.1 kB)
Collecting oauthlib>=0.6.2 (from keystone==0.0.0)
  Using cached oauthlib-3.3.1-py3-none-any.whl.metadata (7.9 kB)
Collecting pysaml2>=5.0.0 (from keystone==0.0.0)
  Using cached pysaml2-7.5.4-py3-none-any.whl.metadata (6.5 kB)
Collecting PyJWT>=1.6.1 (from keystone==0.0.0)
  Using cached pyjwt-2.13.0-py3-none-any.whl.metadata (3.4 kB)
Collecting dogpile.cache>=1.0.2 (from keystone==0.0.0)
  Using cached dogpile_cache-1.5.0-py3-none-any.whl.metadata (5.5 kB)
Collecting jsonschema>=3.2.0 (from keystone==0.0.0)
  Using cached jsonschema-4.26.0-py3-none-any.whl.metadata (7.6 kB)
Collecting pycadf!=2.0.0,>=1.1.0 (from keystone==0.0.0)
  Using cached pycadf-4.1.0-py3-none-any.whl.metadata (2.2 kB)
Collecting msgpack>=0.5.0 (from keystone==0.0.0)
  Using cached msgpack-1.2.1-cp313-cp313-manylinux2014_x86_64.manylinux_2_17_x86_64.manylinux_2_28_x86_64.whl.metadata (8.3 kB)
Collecting osprofiler>=1.4.0 (from keystone==0.0.0)
  Using cached osprofiler-4.4.0-py3-none-any.whl.metadata (3.1 kB)
Collecting Werkzeug>=0.15.0 (from keystone==0.0.0)
  Using cached werkzeug-3.1.8-py3-none-any.whl.metadata (4.0 kB)
Collecting python-ldap>=3.0.0 (from keystone==0.0.0)
  Using cached python_ldap-3.4.7.tar.gz (387 kB)
  Installing build dependencies: started
  Installing build dependencies: finished with status 'done'
  Getting requirements to build wheel: started
  Getting requirements to build wheel: finished with status 'done'
  Preparing metadata (pyproject.toml): started
  Preparing metadata (pyproject.toml): finished with status 'done'
Collecting ldappool>=2.3.1 (from keystone==0.0.0)
  Using cached ldappool-3.0.0-py3-none-any.whl.metadata (4.1 kB)
Collecting flake8~=6.1.0 (from hacking~=6.1.0->-r /tmp/marshal-cinder-pilot.XSm5CH/keystone-a3-after/test-requirements.txt (line 1))
  Using cached flake8-6.1.0-py2.py3-none-any.whl.metadata (3.8 kB)
Collecting mccabe<0.8.0,>=0.7.0 (from flake8~=6.1.0->hacking~=6.1.0->-r /tmp/marshal-cinder-pilot.XSm5CH/keystone-a3-after/test-requirements.txt (line 1))
  Using cached mccabe-0.7.0-py2.py3-none-any.whl.metadata (5.0 kB)
Collecting pycodestyle<2.12.0,>=2.11.0 (from flake8~=6.1.0->hacking~=6.1.0->-r /tmp/marshal-cinder-pilot.XSm5CH/keystone-a3-after/test-requirements.txt (line 1))
  Using cached pycodestyle-2.11.1-py2.py3-none-any.whl.metadata (4.5 kB)
Collecting pyflakes<3.2.0,>=3.1.0 (from flake8~=6.1.0->hacking~=6.1.0->-r /tmp/marshal-cinder-pilot.XSm5CH/keystone-a3-after/test-requirements.txt (line 1))
  Using cached pyflakes-3.1.0-py2.py3-none-any.whl.metadata (3.5 kB)
Collecting cliff>=2.8.0 (from stestr>=1.0.0->-r /tmp/marshal-cinder-pilot.XSm5CH/keystone-a3-after/test-requirements.txt (line 2))
  Using cached cliff-4.15.0-py3-none-any.whl.metadata (2.1 kB)
Collecting python-subunit>=1.4.0 (from stestr>=1.0.0->-r /tmp/marshal-cinder-pilot.XSm5CH/keystone-a3-after/test-requirements.txt (line 2))
  Using cached python_subunit-1.4.6-py3-none-any.whl.metadata (22 kB)
Collecting PyYAML>=3.10.0 (from stestr>=1.0.0->-r /tmp/marshal-cinder-pilot.XSm5CH/keystone-a3-after/test-requirements.txt (line 2))
  Using cached pyyaml-6.0.3-cp313-cp313-manylinux2014_x86_64.manylinux_2_17_x86_64.manylinux_2_28_x86_64.whl.metadata (2.4 kB)
Collecting voluptuous>=0.8.9 (from stestr>=1.0.0->-r /tmp/marshal-cinder-pilot.XSm5CH/keystone-a3-after/test-requirements.txt (line 2))
  Using cached voluptuous-0.16.0-py3-none-any.whl.metadata (20 kB)
Collecting tomlkit>=0.11.6 (from stestr>=1.0.0->-r /tmp/marshal-cinder-pilot.XSm5CH/keystone-a3-after/test-requirements.txt (line 2))
  Using cached tomlkit-0.15.0-py3-none-any.whl.metadata (2.8 kB)
Collecting python-dateutil>=2.7 (from freezegun>=0.3.6->-r /tmp/marshal-cinder-pilot.XSm5CH/keystone-a3-after/test-requirements.txt (line 3))
  Using cached python_dateutil-2.9.0.post0-py2.py3-none-any.whl.metadata (8.4 kB)
Collecting alembic>=0.9.6 (from oslo.db>=6.0.0->oslo.db[fixtures,mysql,postgresql]>=6.0.0->-r /tmp/marshal-cinder-pilot.XSm5CH/keystone-a3-after/test-requirements.txt (line 6))
  Using cached alembic-1.18.0-py3-none-any.whl.metadata (7.2 kB)
Collecting debtcollector>=1.2.0 (from oslo.db>=6.0.0->oslo.db[fixtures,mysql,postgresql]>=6.0.0->-r /tmp/marshal-cinder-pilot.XSm5CH/keystone-a3-after/test-requirements.txt (line 6))
  Using cached debtcollector-3.1.0-py3-none-any.whl.metadata (2.6 kB)
Collecting testresources>=2.0.0 (from oslo.db>=6.0.0->oslo.db[fixtures,mysql,postgresql]>=6.0.0->-r /tmp/marshal-cinder-pilot.XSm5CH/keystone-a3-after/test-requirements.txt (line 6))
  Using cached testresources-2.1.2-py3-none-any.whl.metadata (15 kB)
Collecting testscenarios>=0.4 (from oslo.db>=6.0.0->oslo.db[fixtures,mysql,postgresql]>=6.0.0->-r /tmp/marshal-cinder-pilot.XSm5CH/keystone-a3-after/test-requirements.txt (line 6))
  Using cached testscenarios-0.6.2-py3-none-any.whl.metadata (13 kB)
Collecting waitress>=3.0.2 (from WebTest>=2.0.27->-r /tmp/marshal-cinder-pilot.XSm5CH/keystone-a3-after/test-requirements.txt (line 17))
  Using cached waitress-3.0.2-py3-none-any.whl.metadata (5.8 kB)
Collecting beautifulsoup4 (from WebTest>=2.0.27->-r /tmp/marshal-cinder-pilot.XSm5CH/keystone-a3-after/test-requirements.txt (line 17))
  Using cached beautifulsoup4-4.15.0-py3-none-any.whl.metadata (3.8 kB)
Collecting charset_normalizer<4,>=2 (from requests>=2.14.2->-r /tmp/marshal-cinder-pilot.XSm5CH/keystone-a3-after/test-requirements.txt (line 21))
  Using cached charset_normalizer-3.4.7-cp313-cp313-manylinux2014_x86_64.manylinux_2_17_x86_64.manylinux_2_28_x86_64.whl.metadata (40 kB)
Collecting idna<4,>=2.5 (from requests>=2.14.2->-r /tmp/marshal-cinder-pilot.XSm5CH/keystone-a3-after/test-requirements.txt (line 21))
  Using cached idna-3.18-py3-none-any.whl.metadata (6.1 kB)
Collecting urllib3<3,>=1.26 (from requests>=2.14.2->-r /tmp/marshal-cinder-pilot.XSm5CH/keystone-a3-after/test-requirements.txt (line 21))
  Using cached urllib3-2.7.0-py3-none-any.whl.metadata (6.9 kB)
Collecting certifi>=2023.5.7 (from requests>=2.14.2->-r /tmp/marshal-cinder-pilot.XSm5CH/keystone-a3-after/test-requirements.txt (line 21))
  Using cached certifi-2026.7.22-py3-none-any.whl.metadata (2.5 kB)
Collecting rich (from bandit>=1.1.0->-r /tmp/marshal-cinder-pilot.XSm5CH/keystone-a3-after/test-requirements.txt (line 23))
  Using cached rich-15.0.0-py3-none-any.whl.metadata (18 kB)
Collecting Mako (from alembic>=0.9.6->oslo.db>=6.0.0->oslo.db[fixtures,mysql,postgresql]>=6.0.0->-r /tmp/marshal-cinder-pilot.XSm5CH/keystone-a3-after/test-requirements.txt (line 6))
  Using cached mako-1.3.12-py3-none-any.whl.metadata (2.9 kB)
Collecting typing-extensions>=4.12 (from alembic>=0.9.6->oslo.db>=6.0.0->oslo.db[fixtures,mysql,postgresql]>=6.0.0->-r /tmp/marshal-cinder-pilot.XSm5CH/keystone-a3-after/test-requirements.txt (line 6))
  Using cached typing_extensions-4.15.0-py3-none-any.whl.metadata (3.3 kB)
Collecting autopage>=0.4.0 (from cliff>=2.8.0->stestr>=1.0.0->-r /tmp/marshal-cinder-pilot.XSm5CH/keystone-a3-after/test-requirements.txt (line 2))
  Using cached autopage-0.6.0-py3-none-any.whl.metadata (8.1 kB)
Collecting cmd2>=3.0.0 (from cliff>=2.8.0->stestr>=1.0.0->-r /tmp/marshal-cinder-pilot.XSm5CH/keystone-a3-after/test-requirements.txt (line 2))
  Using cached cmd2-4.0.0-py3-none-any.whl.metadata (16 kB)
Collecting PrettyTable>=0.7.2 (from cliff>=2.8.0->stestr>=1.0.0->-r /tmp/marshal-cinder-pilot.XSm5CH/keystone-a3-after/test-requirements.txt (line 2))
  Using cached prettytable-3.18.0-py3-none-any.whl.metadata (37 kB)
Collecting prompt-toolkit>=3.0.52 (from cmd2>=3.0.0->cliff>=2.8.0->stestr>=1.0.0->-r /tmp/marshal-cinder-pilot.XSm5CH/keystone-a3-after/test-requirements.txt (line 2))
  Using cached prompt_toolkit-3.0.52-py3-none-any.whl.metadata (6.4 kB)
Collecting pyperclip>=1.8.2 (from cmd2>=3.0.0->cliff>=2.8.0->stestr>=1.0.0->-r /tmp/marshal-cinder-pilot.XSm5CH/keystone-a3-after/test-requirements.txt (line 2))
  Using cached pyperclip-1.11.0-py3-none-any.whl.metadata (2.4 kB)
Collecting rich-argparse>=1.7.2 (from cmd2>=3.0.0->cliff>=2.8.0->stestr>=1.0.0->-r /tmp/marshal-cinder-pilot.XSm5CH/keystone-a3-after/test-requirements.txt (line 2))
  Using cached rich_argparse-1.8.0-py3-none-any.whl.metadata (15 kB)
Collecting cffi>=1.12 (from cryptography>=2.7->keystone==0.0.0)
  Using cached cffi-2.0.0-cp313-cp313-manylinux2014_x86_64.manylinux_2_17_x86_64.whl.metadata (2.6 kB)
Collecting pycparser (from cffi>=1.12->cryptography>=2.7->keystone==0.0.0)
  Using cached pycparser-3.0-py3-none-any.whl.metadata (8.2 kB)
Collecting wrapt>=2.1.0 (from debtcollector>=1.2.0->oslo.db>=6.0.0->oslo.db[fixtures,mysql,postgresql]>=6.0.0->-r /tmp/marshal-cinder-pilot.XSm5CH/keystone-a3-after/test-requirements.txt (line 6))
  Using cached wrapt-2.2.2-cp313-cp313-manylinux1_x86_64.manylinux_2_28_x86_64.manylinux_2_5_x86_64.whl.metadata (7.4 kB)
Collecting decorator>=4.0.0 (from dogpile.cache>=1.0.2->keystone==0.0.0)
  Using cached decorator-5.3.1-py3-none-any.whl.metadata (3.9 kB)
Collecting blinker>=1.9.0 (from Flask!=0.11,>=1.0.2->keystone==0.0.0)
  Using cached blinker-1.9.0-py3-none-any.whl.metadata (1.6 kB)
Collecting click>=8.1.3 (from Flask!=0.11,>=1.0.2->keystone==0.0.0)
  Using cached click-8.4.2-py3-none-any.whl.metadata (2.6 kB)
Collecting itsdangerous>=2.2.0 (from Flask!=0.11,>=1.0.2->keystone==0.0.0)
  Using cached itsdangerous-2.2.0-py3-none-any.whl.metadata (1.9 kB)
Collecting jinja2>=3.1.2 (from Flask!=0.11,>=1.0.2->keystone==0.0.0)
  Using cached jinja2-3.1.6-py3-none-any.whl.metadata (2.9 kB)
Collecting markupsafe>=2.1.1 (from Flask!=0.11,>=1.0.2->keystone==0.0.0)
  Using cached markupsafe-3.0.3-cp313-cp313-manylinux2014_x86_64.manylinux_2_17_x86_64.manylinux_2_28_x86_64.whl.metadata (2.7 kB)
Collecting aniso8601>=0.82 (from Flask-RESTful>=0.3.5->keystone==0.0.0)
  Using cached aniso8601-10.0.1-py2.py3-none-any.whl.metadata (23 kB)
Collecting six>=1.3.0 (from Flask-RESTful>=0.3.5->keystone==0.0.0)
  Using cached six-1.17.0-py2.py3-none-any.whl.metadata (1.7 kB)
Collecting pytz (from Flask-RESTful>=0.3.5->keystone==0.0.0)
  Using cached pytz-2026.2-py2.py3-none-any.whl.metadata (22 kB)
Collecting attrs>=22.2.0 (from jsonschema>=3.2.0->keystone==0.0.0)
  Using cached attrs-26.1.0-py3-none-any.whl.metadata (8.8 kB)
Collecting jsonschema-specifications>=2023.03.6 (from jsonschema>=3.2.0->keystone==0.0.0)
  Using cached jsonschema_specifications-2025.9.1-py3-none-any.whl.metadata (2.9 kB)
Collecting referencing>=0.28.4 (from jsonschema>=3.2.0->keystone==0.0.0)
  Using cached referencing-0.37.0-py3-none-any.whl.metadata (2.8 kB)
Collecting rpds-py>=0.25.0 (from jsonschema>=3.2.0->keystone==0.0.0)
  Using cached rpds_py-2026.5.1-cp313-cp313-manylinux_2_17_x86_64.manylinux2014_x86_64.whl.metadata (4.1 kB)
Collecting keystoneauth1>=3.12.0 (from keystonemiddleware>=7.0.0->keystone==0.0.0)
  Using cached keystoneauth1-5.15.0-py3-none-any.whl.metadata (2.8 kB)
Collecting iso8601>=2.0.0 (from keystoneauth1>=3.12.0->keystonemiddleware>=7.0.0->keystone==0.0.0)
  Using cached iso8601-2.1.0-py3-none-any.whl.metadata (3.7 kB)
Collecting os-service-types>=1.2.0 (from keystoneauth1>=3.12.0->keystonemiddleware>=7.0.0->keystone==0.0.0)
  Using cached os_service_types-1.9.0-py3-none-any.whl.metadata (2.0 kB)
Collecting netaddr>=0.7.18 (from oslo.config>=6.8.0->keystone==0.0.0)
  Using cached netaddr-1.3.0-py3-none-any.whl.metadata (5.0 kB)
Collecting rfc3986>=1.2.0 (from oslo.config>=6.8.0->keystone==0.0.0)
  Using cached rfc3986-2.0.0-py2.py3-none-any.whl.metadata (6.6 kB)
Collecting PyMySQL>=0.7.6 (from oslo.db[fixtures,mysql,postgresql]>=6.0.0->-r /tmp/marshal-cinder-pilot.XSm5CH/keystone-a3-after/test-requirements.txt (line 6))
  Using cached pymysql-1.2.0-py3-none-any.whl.metadata (4.3 kB)
Collecting psycopg2-binary>=2.8.0 (from oslo.db[fixtures,mysql,postgresql]>=6.0.0->-r /tmp/marshal-cinder-pilot.XSm5CH/keystone-a3-after/test-requirements.txt (line 6))
  Using cached psycopg2_binary-2.9.12-cp313-cp313-manylinux2014_x86_64.manylinux_2_17_x86_64.whl.metadata (4.9 kB)
Collecting futurist>=1.2.0 (from oslo.messaging>=5.29.0->keystone==0.0.0)
  Using cached futurist-3.4.0-py3-none-any.whl.metadata (2.1 kB)
Collecting oslo.service>=1.24.0 (from oslo.messaging>=5.29.0->keystone==0.0.0)
  Using cached oslo_service-4.8.0-py3-none-any.whl.metadata (2.8 kB)
Collecting cachetools>=2.0.0 (from oslo.messaging>=5.29.0->keystone==0.0.0)
  Using cached cachetools-7.1.4-py3-none-any.whl.metadata (5.5 kB)
Collecting amqp>=2.5.2 (from oslo.messaging>=5.29.0->keystone==0.0.0)
  Using cached amqp-5.3.1-py3-none-any.whl.metadata (8.9 kB)
Collecting kombu>=5.2.0 (from oslo.messaging>=5.29.0->keystone==0.0.0)
  Using cached kombu-5.6.2-py3-none-any.whl.metadata (3.5 kB)
Collecting oslo.metrics>=0.2.1 (from oslo.messaging>=5.29.0->keystone==0.0.0)
  Using cached oslo_metrics-0.16.0-py3-none-any.whl.metadata (1.5 kB)
Collecting vine<6.0.0,>=5.0.0 (from amqp>=2.5.2->oslo.messaging>=5.29.0->keystone==0.0.0)
  Using cached vine-5.1.0-py3-none-any.whl.metadata (2.7 kB)
Collecting tzdata>=2025.2 (from kombu>=5.2.0->oslo.messaging>=5.29.0->keystone==0.0.0)
  Using cached tzdata-2026.2-py2.py3-none-any.whl.metadata (1.4 kB)
Collecting packaging (from kombu>=5.2.0->oslo.messaging>=5.29.0->keystone==0.0.0)
  Using cached packaging-26.2-py3-none-any.whl.metadata (3.5 kB)
Collecting prometheus-client>=0.6.0 (from oslo.metrics>=0.2.1->oslo.messaging>=5.29.0->keystone==0.0.0)
  Using cached prometheus_client-0.25.0-py3-none-any.whl.metadata (2.1 kB)
Collecting statsd>=3.2.1 (from oslo.middleware>=3.31.0->keystone==0.0.0)
  Using cached statsd-4.0.1-py2.py3-none-any.whl.metadata (2.9 kB)
Collecting eventlet>=0.27.0 (from oslo.service>=1.24.0->oslo.messaging>=5.29.0->keystone==0.0.0)
  Using cached eventlet-0.41.0-py3-none-any.whl.metadata (5.4 kB)
Collecting greenlet>=0.4.15 (from oslo.service>=1.24.0->oslo.messaging>=5.29.0->keystone==0.0.0)
  Using cached greenlet-3.5.3-cp313-cp313-manylinux_2_24_x86_64.manylinux_2_28_x86_64.whl.metadata (3.8 kB)
Collecting oslo.concurrency>=3.25.0 (from oslo.service>=1.24.0->oslo.messaging>=5.29.0->keystone==0.0.0)
  Using cached oslo_concurrency-7.6.1-py3-none-any.whl.metadata (2.2 kB)
Collecting PasteDeploy>=1.5.0 (from oslo.service>=1.24.0->oslo.messaging>=5.29.0->keystone==0.0.0)
  Using cached PasteDeploy-3.1.0-py3-none-any.whl.metadata (2.7 kB)
Collecting Routes>=2.3.1 (from oslo.service>=1.24.0->oslo.messaging>=5.29.0->keystone==0.0.0)
  Using cached Routes-2.5.1-py2.py3-none-any.whl.metadata (25 kB)
Collecting Paste>=2.0.2 (from oslo.service>=1.24.0->oslo.messaging>=5.29.0->keystone==0.0.0)
  Using cached Paste-3.10.1-py3-none-any.whl.metadata (5.3 kB)
Collecting Yappi>=1.0 (from oslo.service>=1.24.0->oslo.messaging>=5.29.0->keystone==0.0.0)
  Using cached yappi-1.7.6-cp313-cp313-manylinux2014_x86_64.manylinux_2_17_x86_64.manylinux_2_28_x86_64.whl.metadata (11 kB)
Collecting dnspython>=1.15.0 (from eventlet>=0.27.0->oslo.service>=1.24.0->oslo.messaging>=5.29.0->keystone==0.0.0)
  Using cached dnspython-2.8.0-py3-none-any.whl.metadata (5.7 kB)
Collecting fasteners>=0.7.0 (from oslo.concurrency>=3.25.0->oslo.service>=1.24.0->oslo.messaging>=5.29.0->keystone==0.0.0)
  Using cached fasteners-0.20-py3-none-any.whl.metadata (4.8 kB)
Collecting pyparsing>=2.1.0 (from oslo.utils>=3.33.0->keystone==0.0.0)
  Using cached pyparsing-3.3.2-py3-none-any.whl.metadata (5.8 kB)
Collecting psutil>=3.2.2 (from oslo.utils>=3.33.0->keystone==0.0.0)
  Using cached psutil-7.2.2-cp36-abi3-manylinux2010_x86_64.manylinux_2_12_x86_64.manylinux_2_28_x86_64.whl.metadata (22 kB)
Collecting setuptools (from Paste>=2.0.2->oslo.service>=1.24.0->oslo.messaging>=5.29.0->keystone==0.0.0)
  Using cached setuptools-84.0.0-py3-none-any.whl.metadata (6.6 kB)
Collecting wcwidth>=0.3.5 (from PrettyTable>=0.7.2->cliff>=2.8.0->stestr>=1.0.0->-r /tmp/marshal-cinder-pilot.XSm5CH/keystone-a3-after/test-requirements.txt (line 2))
  Using cached wcwidth-0.8.1-py3-none-any.whl.metadata (43 kB)
Collecting defusedxml (from pysaml2>=5.0.0->keystone==0.0.0)
  Using cached defusedxml-0.7.1-py2.py3-none-any.whl.metadata (32 kB)
Collecting pyopenssl<24.3.0 (from pysaml2>=5.0.0->keystone==0.0.0)
  Using cached pyOpenSSL-24.2.1-py3-none-any.whl.metadata (13 kB)
Collecting xmlschema<3.0.0,>=2.0.0 (from pysaml2>=5.0.0->keystone==0.0.0)
  Using cached xmlschema-2.5.1-py3-none-any.whl.metadata (8.3 kB)
Collecting elementpath<5.0.0,>=4.1.5 (from xmlschema<3.0.0,>=2.0.0->pysaml2>=5.0.0->keystone==0.0.0)
  Using cached elementpath-4.8.0-py3-none-any.whl.metadata (7.2 kB)
Collecting pyasn1>=0.3.7 (from python-ldap>=3.0.0->keystone==0.0.0)
  Using cached pyasn1-0.6.3-py3-none-any.whl.metadata (8.4 kB)
Collecting pyasn1_modules>=0.1.5 (from python-ldap>=3.0.0->keystone==0.0.0)
  Using cached pyasn1_modules-0.4.2-py3-none-any.whl.metadata (3.5 kB)
Collecting markdown-it-py>=2.2.0 (from rich->bandit>=1.1.0->-r /tmp/marshal-cinder-pilot.XSm5CH/keystone-a3-after/test-requirements.txt (line 23))
  Using cached markdown_it_py-4.2.0-py3-none-any.whl.metadata (7.4 kB)
Collecting pygments<3.0.0,>=2.13.0 (from rich->bandit>=1.1.0->-r /tmp/marshal-cinder-pilot.XSm5CH/keystone-a3-after/test-requirements.txt (line 23))
  Using cached pygments-2.20.0-py3-none-any.whl.metadata (2.5 kB)
Collecting mdurl~=0.1 (from markdown-it-py>=2.2.0->rich->bandit>=1.1.0->-r /tmp/marshal-cinder-pilot.XSm5CH/keystone-a3-after/test-requirements.txt (line 23))
  Using cached mdurl-0.1.2-py3-none-any.whl.metadata (1.6 kB)
Collecting repoze.lru>=0.3 (from Routes>=2.3.1->oslo.service>=1.24.0->oslo.messaging>=5.29.0->keystone==0.0.0)
  Using cached repoze_lru-0.8-py3-none-any.whl.metadata (1.8 kB)
Collecting legacy-cgi>=2.6 (from WebOb>=1.7.1->keystone==0.0.0)
  Using cached legacy_cgi-2.6.4-py3-none-any.whl.metadata (2.3 kB)
Collecting soupsieve>=1.6.1 (from beautifulsoup4->WebTest>=2.0.27->-r /tmp/marshal-cinder-pilot.XSm5CH/keystone-a3-after/test-requirements.txt (line 17))
  Using cached soupsieve-2.8.4-py3-none-any.whl.metadata (4.6 kB)
Using cached hacking-6.1.0-py3-none-any.whl (42 kB)
Using cached flake8-6.1.0-py2.py3-none-any.whl (58 kB)
Using cached mccabe-0.7.0-py2.py3-none-any.whl (7.3 kB)
Using cached pycodestyle-2.11.1-py2.py3-none-any.whl (31 kB)
Using cached pyflakes-3.1.0-py2.py3-none-any.whl (62 kB)
Using cached stestr-4.2.1-py3-none-any.whl (118 kB)
Using cached freezegun-1.5.5-py3-none-any.whl (19 kB)
Using cached oslo_db-18.1.0-py3-none-any.whl (152 kB)
Using cached coverage-7.14.3-cp313-cp313-manylinux1_x86_64.manylinux_2_28_x86_64.manylinux_2_5_x86_64.whl (254 kB)
Using cached fixtures-4.3.2-py3-none-any.whl (41 kB)
Using cached lxml-6.1.1-cp313-cp313-manylinux_2_26_x86_64.manylinux_2_28_x86_64.whl (5.2 MB)
Using cached oslotest-6.1.1-py3-none-any.whl (30 kB)
Using cached webtest-3.0.7-py3-none-any.whl (32 kB)
Using cached testtools-2.9.1-py3-none-any.whl (110 kB)
Using cached requests-2.34.2-py3-none-any.whl (73 kB)
Using cached charset_normalizer-3.4.7-cp313-cp313-manylinux2014_x86_64.manylinux_2_17_x86_64.manylinux_2_28_x86_64.whl (215 kB)
Using cached idna-3.18-py3-none-any.whl (65 kB)
Using cached urllib3-2.7.0-py3-none-any.whl (131 kB)
Using cached bandit-1.9.4-py3-none-any.whl (134 kB)
Using cached alembic-1.18.0-py3-none-any.whl (260 kB)
Using cached bcrypt-5.0.0-cp39-abi3-manylinux_2_34_x86_64.whl (278 kB)
Using cached certifi-2026.7.22-py3-none-any.whl (136 kB)
Using cached cliff-4.15.0-py3-none-any.whl (86 kB)
Using cached autopage-0.6.0-py3-none-any.whl (30 kB)
Using cached cmd2-4.0.0-py3-none-any.whl (180 kB)
Using cached cryptography-43.0.3-cp39-abi3-manylinux_2_28_x86_64.whl (4.0 MB)
Using cached cffi-2.0.0-cp313-cp313-manylinux2014_x86_64.manylinux_2_17_x86_64.whl (219 kB)
Using cached debtcollector-3.1.0-py3-none-any.whl (24 kB)
Using cached dogpile_cache-1.5.0-py3-none-any.whl (64 kB)
Using cached decorator-5.3.1-py3-none-any.whl (10 kB)
Using cached flask-3.1.3-py3-none-any.whl (103 kB)
Using cached blinker-1.9.0-py3-none-any.whl (8.5 kB)
Using cached click-8.4.2-py3-none-any.whl (119 kB)
Using cached Flask_RESTful-0.3.10-py2.py3-none-any.whl (26 kB)
Using cached aniso8601-10.0.1-py2.py3-none-any.whl (52 kB)
Using cached itsdangerous-2.2.0-py3-none-any.whl (16 kB)
Using cached jinja2-3.1.6-py3-none-any.whl (134 kB)
Using cached jsonschema-4.26.0-py3-none-any.whl (90 kB)
Using cached attrs-26.1.0-py3-none-any.whl (67 kB)
Using cached jsonschema_specifications-2025.9.1-py3-none-any.whl (18 kB)
Using cached keystonemiddleware-13.0.0-py3-none-any.whl (135 kB)
Using cached keystoneauth1-5.15.0-py3-none-any.whl (342 kB)
Using cached iso8601-2.1.0-py3-none-any.whl (7.5 kB)
Using cached ldappool-3.0.0-py3-none-any.whl (12 kB)
Using cached markupsafe-3.0.3-cp313-cp313-manylinux2014_x86_64.manylinux_2_17_x86_64.manylinux_2_28_x86_64.whl (22 kB)
Using cached msgpack-1.2.1-cp313-cp313-manylinux2014_x86_64.manylinux_2_17_x86_64.manylinux_2_28_x86_64.whl (416 kB)
Using cached oauthlib-3.3.1-py3-none-any.whl (160 kB)
Using cached os_service_types-1.9.0-py3-none-any.whl (25 kB)
Using cached oslo_cache-4.3.0-py3-none-any.whl (65 kB)
Using cached oslo_config-10.7.0-py3-none-any.whl (143 kB)
Using cached netaddr-1.3.0-py3-none-any.whl (2.3 MB)
Using cached oslo_context-6.5.0-py3-none-any.whl (20 kB)
Using cached oslo_i18n-6.9.0-py3-none-any.whl (47 kB)
Using cached oslo_log-8.3.0-py3-none-any.whl (77 kB)
Using cached oslo_messaging-18.2.0-py3-none-any.whl (201 kB)
Using cached amqp-5.3.1-py3-none-any.whl (50 kB)
Using cached vine-5.1.0-py3-none-any.whl (9.6 kB)
Using cached cachetools-7.1.4-py3-none-any.whl (16 kB)
Using cached futurist-3.4.0-py3-none-any.whl (43 kB)
Using cached kombu-5.6.2-py3-none-any.whl (214 kB)
Using cached oslo_metrics-0.16.0-py3-none-any.whl (14 kB)
Using cached oslo_middleware-8.2.0-py3-none-any.whl (74 kB)
Using cached oslo_policy-6.0.0-py3-none-any.whl (89 kB)
Using cached oslo_serialization-5.11.0-py3-none-any.whl (27 kB)
Using cached oslo_service-4.8.0-py3-none-any.whl (125 kB)
Using cached eventlet-0.41.0-py3-none-any.whl (364 kB)
Using cached dnspython-2.8.0-py3-none-any.whl (331 kB)
Using cached greenlet-3.5.3-cp313-cp313-manylinux_2_24_x86_64.manylinux_2_28_x86_64.whl (616 kB)
Using cached oslo_concurrency-7.6.1-py3-none-any.whl (49 kB)
Using cached fasteners-0.20-py3-none-any.whl (18 kB)
Using cached oslo_upgradecheck-2.8.0-py3-none-any.whl (14 kB)
Using cached oslo_utils-10.1.1-py3-none-any.whl (154 kB)
Using cached osprofiler-4.4.0-py3-none-any.whl (95 kB)
Using cached packaging-26.2-py3-none-any.whl (100 kB)
Using cached Paste-3.10.1-py3-none-any.whl (289 kB)
Using cached PasteDeploy-3.1.0-py3-none-any.whl (16 kB)
Using cached pbr-7.0.3-py2.py3-none-any.whl (131 kB)
Using cached prettytable-3.18.0-py3-none-any.whl (37 kB)
Using cached prometheus_client-0.25.0-py3-none-any.whl (64 kB)
Using cached prompt_toolkit-3.0.52-py3-none-any.whl (391 kB)
Using cached psutil-7.2.2-cp36-abi3-manylinux2010_x86_64.manylinux_2_12_x86_64.manylinux_2_28_x86_64.whl (155 kB)
Using cached psycopg2_binary-2.9.12-cp313-cp313-manylinux2014_x86_64.manylinux_2_17_x86_64.whl (4.3 MB)
Using cached pycadf-4.1.0-py3-none-any.whl (44 kB)
Using cached pyjwt-2.13.0-py3-none-any.whl (31 kB)
Using cached pymysql-1.2.0-py3-none-any.whl (45 kB)
Using cached pyparsing-3.3.2-py3-none-any.whl (122 kB)
Using cached pyperclip-1.11.0-py3-none-any.whl (11 kB)
Using cached pysaml2-7.5.4-py3-none-any.whl (420 kB)
Using cached pyOpenSSL-24.2.1-py3-none-any.whl (58 kB)
Using cached xmlschema-2.5.1-py3-none-any.whl (395 kB)
Using cached elementpath-4.8.0-py3-none-any.whl (243 kB)
Using cached python_dateutil-2.9.0.post0-py2.py3-none-any.whl (229 kB)
Using cached python_keystoneclient-5.8.0-py3-none-any.whl (397 kB)
Using cached pyasn1-0.6.3-py3-none-any.whl (83 kB)
Using cached pyasn1_modules-0.4.2-py3-none-any.whl (181 kB)
Using cached python_subunit-1.4.6-py3-none-any.whl (77 kB)
Using cached pyyaml-6.0.3-cp313-cp313-manylinux2014_x86_64.manylinux_2_17_x86_64.manylinux_2_28_x86_64.whl (801 kB)
Using cached referencing-0.37.0-py3-none-any.whl (26 kB)
Using cached rfc3986-2.0.0-py2.py3-none-any.whl (31 kB)
Using cached rich-15.0.0-py3-none-any.whl (310 kB)
Using cached pygments-2.20.0-py3-none-any.whl (1.2 MB)
Using cached markdown_it_py-4.2.0-py3-none-any.whl (91 kB)
Using cached mdurl-0.1.2-py3-none-any.whl (10.0 kB)
Using cached rich_argparse-1.8.0-py3-none-any.whl (25 kB)
Using cached Routes-2.5.1-py2.py3-none-any.whl (40 kB)
Using cached repoze_lru-0.8-py3-none-any.whl (6.4 kB)
Using cached rpds_py-2026.5.1-cp313-cp313-manylinux_2_17_x86_64.manylinux2014_x86_64.whl (374 kB)
Using cached six-1.17.0-py2.py3-none-any.whl (11 kB)
Using cached sqlalchemy-2.0.51-cp313-cp313-manylinux2014_x86_64.manylinux_2_17_x86_64.manylinux_2_28_x86_64.whl (3.3 MB)
Using cached statsd-4.0.1-py2.py3-none-any.whl (13 kB)
Using cached stevedore-5.9.0-py3-none-any.whl (54 kB)
Using cached testresources-2.1.2-py3-none-any.whl (25 kB)
Using cached testscenarios-0.6.2-py3-none-any.whl (12 kB)
Using cached tomlkit-0.15.0-py3-none-any.whl (41 kB)
Using cached typing_extensions-4.15.0-py3-none-any.whl (44 kB)
Using cached tzdata-2026.2-py2.py3-none-any.whl (349 kB)
Using cached voluptuous-0.16.0-py3-none-any.whl (31 kB)
Using cached waitress-3.0.2-py3-none-any.whl (56 kB)
Using cached wcwidth-0.8.1-py3-none-any.whl (323 kB)
Using cached webob-1.8.10-py2.py3-none-any.whl (115 kB)
Using cached legacy_cgi-2.6.4-py3-none-any.whl (20 kB)
Using cached werkzeug-3.1.8-py3-none-any.whl (226 kB)
Using cached wrapt-2.2.2-cp313-cp313-manylinux1_x86_64.manylinux_2_28_x86_64.manylinux_2_5_x86_64.whl (167 kB)
Using cached yappi-1.7.6-cp313-cp313-manylinux2014_x86_64.manylinux_2_17_x86_64.manylinux_2_28_x86_64.whl (82 kB)
Using cached beautifulsoup4-4.15.0-py3-none-any.whl (109 kB)
Using cached soupsieve-2.8.4-py3-none-any.whl (37 kB)
Using cached defusedxml-0.7.1-py2.py3-none-any.whl (25 kB)
Using cached mako-1.3.12-py3-none-any.whl (78 kB)
Using cached pycparser-3.0-py3-none-any.whl (48 kB)
Using cached pytz-2026.2-py2.py3-none-any.whl (510 kB)
Using cached setuptools-84.0.0-py3-none-any.whl (818 kB)
Building wheels for collected packages: keystone, python-ldap
  Building wheel for keystone (pyproject.toml): started
  Building wheel for keystone (pyproject.toml): finished with status 'done'
  Created wheel for keystone: filename=keystone-0.0.0-py3-none-any.whl size=1491264 sha256=6f0a87cd8947f30f99919d8bd466d81facad52874c54029dcda26e6039bc52fe
  Stored in directory: /home/zhihao/.cache/pip/wheels/78/0d/b8/e4ba871ef7275801074470dcc9efe7e6782018b2da445c69a6
  Building wheel for python-ldap (pyproject.toml): started
  Building wheel for python-ldap (pyproject.toml): finished with status 'error'
Successfully built keystone
Failed to build python-ldap
[31mWARNING: oslo-db 18.1.0 does not provide the extra 'fixtures'
  error: subprocess-exited-with-error
  
  × Building wheel for python-ldap (pyproject.toml) did not run successfully.
  │ exit code: 1
  ╰─> [136 lines of output]
      /tmp/pip-build-env-y9qbg0o8/overlay/lib/python3.13/site-packages/setuptools/config/_apply_pyprojecttoml.py:82: SetuptoolsDeprecationWarning: `project.license` as a TOML table is deprecated
      !!
      
              ********************************************************************************
              Please use a simple string containing a SPDX expression for `project.license`. You can also use `project.license-files`. (Both options available on setuptools>=77.0.0).
      
              By 2027-Feb-18, you need to update your project and remove deprecated calls
              or your builds will no longer be supported.
      
              See https://packaging.python.org/en/latest/guides/writing-pyproject-toml/#license for details.
              ********************************************************************************
      
      !!
        corresp(dist, value, root_dir)
      /tmp/pip-build-env-y9qbg0o8/overlay/lib/python3.13/site-packages/setuptools/config/_apply_pyprojecttoml.py:55: SetuptoolsDeprecationWarning: 'tool.setuptools.license-files' is deprecated in favor of 'project.license-files' (available on setuptools>=77.0.0).
      !!
      
              ********************************************************************************
      
              By 2027-Feb-18, you need to update your project and remove deprecated calls
              or your builds will no longer be supported.
      
              See https://packaging.python.org/en/latest/guides/writing-pyproject-toml/#license-files for details.
              ********************************************************************************
      
      !!
        _apply_tool_table(dist, config, filename)
      /tmp/pip-build-env-y9qbg0o8/overlay/lib/python3.13/site-packages/setuptools/config/_apply_pyprojecttoml.py:61: SetuptoolsDeprecationWarning: License classifiers are deprecated.
      !!
      
              ********************************************************************************
              Please consider removing the following classifiers in favor of a SPDX license expression:
      
              License :: OSI Approved :: Python Software Foundation License
      
              See https://packaging.python.org/en/latest/guides/writing-pyproject-toml/#license for details.
              ********************************************************************************
      
      !!
        dist._finalize_license_expression()
      /tmp/pip-build-env-y9qbg0o8/overlay/lib/python3.13/site-packages/setuptools/dist.py:765: SetuptoolsDeprecationWarning: License classifiers are deprecated.
      !!
      
              ********************************************************************************
              Please consider removing the following classifiers in favor of a SPDX license expression:
      
              License :: OSI Approved :: Python Software Foundation License
      
              See https://packaging.python.org/en/latest/guides/writing-pyproject-toml/#license for details.
              ********************************************************************************
      
      !!
        self._finalize_license_expression()
      running bdist_wheel
      running build
      running build_py
      creating build/lib.linux-x86_64-cpython-313
      copying Lib/ldapurl.py -> build/lib.linux-x86_64-cpython-313
      copying Lib/ldif.py -> build/lib.linux-x86_64-cpython-313
      creating build/lib.linux-x86_64-cpython-313/slapdtest
      copying Lib/slapdtest/__init__.py -> build/lib.linux-x86_64-cpython-313/slapdtest
      copying Lib/slapdtest/_slapdtest.py -> build/lib.linux-x86_64-cpython-313/slapdtest
      creating build/lib.linux-x86_64-cpython-313/ldap
      copying Lib/ldap/asyncsearch.py -> build/lib.linux-x86_64-cpython-313/ldap
      copying Lib/ldap/dn.py -> build/lib.linux-x86_64-cpython-313/ldap
      copying Lib/ldap/ldapobject.py -> build/lib.linux-x86_64-cpython-313/ldap
      copying Lib/ldap/modlist.py -> build/lib.linux-x86_64-cpython-313/ldap
      copying Lib/ldap/__init__.py -> build/lib.linux-x86_64-cpython-313/ldap
      copying Lib/ldap/compat.py -> build/lib.linux-x86_64-cpython-313/ldap
      copying Lib/ldap/cidict.py -> build/lib.linux-x86_64-cpython-313/ldap
      copying Lib/ldap/logger.py -> build/lib.linux-x86_64-cpython-313/ldap
      copying Lib/ldap/resiter.py -> build/lib.linux-x86_64-cpython-313/ldap
      copying Lib/ldap/syncrepl.py -> build/lib.linux-x86_64-cpython-313/ldap
      copying Lib/ldap/async.py -> build/lib.linux-x86_64-cpython-313/ldap
      copying Lib/ldap/filter.py -> build/lib.linux-x86_64-cpython-313/ldap
      copying Lib/ldap/pkginfo.py -> build/lib.linux-x86_64-cpython-313/ldap
      copying Lib/ldap/sasl.py -> build/lib.linux-x86_64-cpython-313/ldap
      copying Lib/ldap/constants.py -> build/lib.linux-x86_64-cpython-313/ldap
      copying Lib/ldap/functions.py -> build/lib.linux-x86_64-cpython-313/ldap
      creating build/lib.linux-x86_64-cpython-313/ldap/schema
      copying Lib/ldap/schema/subentry.py -> build/lib.linux-x86_64-cpython-313/ldap/schema
      copying Lib/ldap/schema/tokenizer.py -> build/lib.linux-x86_64-cpython-313/ldap/schema
      copying Lib/ldap/schema/__init__.py -> build/lib.linux-x86_64-cpython-313/ldap/schema
      copying Lib/ldap/schema/models.py -> build/lib.linux-x86_64-cpython-313/ldap/schema
      creating build/lib.linux-x86_64-cpython-313/ldap/controls
      copying Lib/ldap/controls/deref.py -> build/lib.linux-x86_64-cpython-313/ldap/controls
      copying Lib/ldap/controls/readentry.py -> build/lib.linux-x86_64-cpython-313/ldap/controls
      copying Lib/ldap/controls/sessiontrack.py -> build/lib.linux-x86_64-cpython-313/ldap/controls
      copying Lib/ldap/controls/libldap.py -> build/lib.linux-x86_64-cpython-313/ldap/controls
      copying Lib/ldap/controls/sss.py -> build/lib.linux-x86_64-cpython-313/ldap/controls
      copying Lib/ldap/controls/__init__.py -> build/lib.linux-x86_64-cpython-313/ldap/controls
      copying Lib/ldap/controls/pwdpolicy.py -> build/lib.linux-x86_64-cpython-313/ldap/controls
      copying Lib/ldap/controls/pagedresults.py -> build/lib.linux-x86_64-cpython-313/ldap/controls
      copying Lib/ldap/controls/simple.py -> build/lib.linux-x86_64-cpython-313/ldap/controls
      copying Lib/ldap/controls/openldap.py -> build/lib.linux-x86_64-cpython-313/ldap/controls
      copying Lib/ldap/controls/vlv.py -> build/lib.linux-x86_64-cpython-313/ldap/controls
      copying Lib/ldap/controls/psearch.py -> build/lib.linux-x86_64-cpython-313/ldap/controls
      copying Lib/ldap/controls/ppolicy.py -> build/lib.linux-x86_64-cpython-313/ldap/controls
      creating build/lib.linux-x86_64-cpython-313/ldap/extop
      copying Lib/ldap/extop/__init__.py -> build/lib.linux-x86_64-cpython-313/ldap/extop
      copying Lib/ldap/extop/passwd.py -> build/lib.linux-x86_64-cpython-313/ldap/extop
      copying Lib/ldap/extop/dds.py -> build/lib.linux-x86_64-cpython-313/ldap/extop
      running egg_info
      writing Lib/python_ldap.egg-info/PKG-INFO
      writing dependency_links to Lib/python_ldap.egg-info/dependency_links.txt
      writing requirements to Lib/python_ldap.egg-info/requires.txt
      writing top-level names to Lib/python_ldap.egg-info/top_level.txt
      reading manifest file 'Lib/python_ldap.egg-info/SOURCES.txt'
      reading manifest template 'MANIFEST.in'
      no previously-included directories found matching 'Doc/.build'
      adding license file 'LICENCE'
      adding license file 'LICENCE.MIT'
      writing manifest file 'Lib/python_ldap.egg-info/SOURCES.txt'
      creating build/lib.linux-x86_64-cpython-313/slapdtest/certs
      copying Lib/slapdtest/certs/README -> build/lib.linux-x86_64-cpython-313/slapdtest/certs
      copying Lib/slapdtest/certs/ca.conf -> build/lib.linux-x86_64-cpython-313/slapdtest/certs
      copying Lib/slapdtest/certs/ca.pem -> build/lib.linux-x86_64-cpython-313/slapdtest/certs
      copying Lib/slapdtest/certs/client.conf -> build/lib.linux-x86_64-cpython-313/slapdtest/certs
      copying Lib/slapdtest/certs/client.key -> build/lib.linux-x86_64-cpython-313/slapdtest/certs
      copying Lib/slapdtest/certs/client.pem -> build/lib.linux-x86_64-cpython-313/slapdtest/certs
      copying Lib/slapdtest/certs/gencerts.sh -> build/lib.linux-x86_64-cpython-313/slapdtest/certs
      copying Lib/slapdtest/certs/gennssdb.sh -> build/lib.linux-x86_64-cpython-313/slapdtest/certs
      copying Lib/slapdtest/certs/server.conf -> build/lib.linux-x86_64-cpython-313/slapdtest/certs
      copying Lib/slapdtest/certs/server.key -> build/lib.linux-x86_64-cpython-313/slapdtest/certs
      copying Lib/slapdtest/certs/server.pem -> build/lib.linux-x86_64-cpython-313/slapdtest/certs
      warning: build_py: byte-compiling is disabled, skipping.
      
      running build_ext
      building '_ldap' extension
      gcc -pthread -B /data/zhihao/miniconda3/compiler_compat -fno-strict-overflow -Wsign-compare -DNDEBUG -O2 -Wall -fPIC -O2 -isystem /data/zhihao/miniconda3/include -fPIC -O2 -isystem /data/zhihao/miniconda3/include -fPIC -DHAVE_SASL -DHAVE_TLS -DLDAPMODULE_VERSION=3.4.7 "-DLDAPMODULE_AUTHOR=python-ldap project" "-DLDAPMODULE_LICENSE=Python style" -IModules -I/tmp/marshal-cinder-pilot.XSm5CH/keystone-a3-after/.tox/py313/include -I/data/zhihao/miniconda3/include/python3.13 -c Modules/LDAPObject.c -o build/temp.linux-x86_64-cpython-313/Modules/LDAPObject.o
      In file included from Modules/LDAPObject.c:3:
      Modules/common.h:15:10: fatal error: lber.h: No such file or directory
         15 | #include <lber.h>
            |          ^~~~~~~~
      compilation terminated.
      error: Command '['gcc', '-pthread', '-B', '/data/zhihao/miniconda3/compiler_compat', '-fno-strict-overflow', '-Wsign-compare', '-DNDEBUG', '-O2', '-Wall', '-fPIC', '-O2', '-isystem', '/data/zhihao/miniconda3/include', '-fPIC', '-O2', '-isystem', '/data/zhihao/miniconda3/include', '-fPIC', '-DHAVE_SASL', '-DHAVE_TLS', '-DLDAPMODULE_VERSION=3.4.7', '-DLDAPMODULE_AUTHOR=python-ldap project', '-DLDAPMODULE_LICENSE=Python style', '-IModules', '-I/tmp/marshal-cinder-pilot.XSm5CH/keystone-a3-after/.tox/py313/include', '-I/data/zhihao/miniconda3/include/python3.13', '-c', 'Modules/LDAPObject.c', '-o', 'build/temp.linux-x86_64-cpython-313/Modules/LDAPObject.o']' returned non-zero exit status 1.
      [end of output]
  
  note: This error originates from a subprocess, and is likely not a problem with pip.
  ERROR: Failed building wheel for python-ldap
error: failed-wheel-build-for-install

× Failed to build installable wheels for some pyproject.toml based projects
╰─> python-ldap
py313: exit 1 (22.96 seconds) /tmp/marshal-cinder-pilot.XSm5CH/keystone-a3-after> python -I -m pip install '.[ldap]' -r /tmp/marshal-cinder-pilot.XSm5CH/keystone-a3-after/test-requirements.txt -c /tmp/marshal-cinder-pilot.XSm5CH/requirements-a3-after/upper-constraints.txt pid=3157316
[39m  py313: FAIL code 1 (23.06 seconds)
  evaluation failed :( (23.18 seconds)
