.pkg: remove tox env folder /tmp/marshal-cinder-pilot.XSm5CH/placement-a3-before/.tox/.pkg
functional-py313: install_deps> python -I -m pip install -c/tmp/marshal-cinder-pilot.XSm5CH/requirements-a3-before/upper-constraints.txt -r /tmp/marshal-cinder-pilot.XSm5CH/placement-a3-before/test-requirements.txt
.pkg: install_requires> python -I -m pip install 'pbr>=6.1.1'
.pkg: _optional_hooks> python /tmp/marshal-cinder-pilot.XSm5CH/runner-venv/lib/python3.13/site-packages/pyproject_api/_backend.py True pbr.build
.pkg: get_requires_for_build_sdist> python /tmp/marshal-cinder-pilot.XSm5CH/runner-venv/lib/python3.13/site-packages/pyproject_api/_backend.py True pbr.build
.pkg: install_requires_for_build_sdist> python -I -m pip install 'pbr>=2.0.0'
.pkg: get_requires_for_build_editable> python /tmp/marshal-cinder-pilot.XSm5CH/runner-venv/lib/python3.13/site-packages/pyproject_api/_backend.py True pbr.build
.pkg: install_requires_for_build_editable> python -I -m pip install 'pbr>=2.0.0'
.pkg: build_editable> python /tmp/marshal-cinder-pilot.XSm5CH/runner-venv/lib/python3.13/site-packages/pyproject_api/_backend.py True pbr.build
functional-py313: install_package_deps> python -I -m pip install -c/tmp/marshal-cinder-pilot.XSm5CH/requirements-a3-before/upper-constraints.txt 'Routes>=2.3.1' 'SQLAlchemy>=1.4.0' 'WebOb>=1.8.2' 'jsonschema>=3.2.0' 'keystonemiddleware>=4.18.0' 'microversion-parse>=0.2.1' 'os-resource-classes>=1.1.0' 'os-traits>=3.3.0' 'oslo.concurrency>=3.26.0' 'oslo.config>=6.7.0' 'oslo.context>=2.22.0' 'oslo.db>=8.6.0' 'oslo.log>=4.3.0' 'oslo.middleware>=3.31.0' 'oslo.policy>=6.0.0' 'oslo.serialization>=2.25.0' 'oslo.upgradecheck>=1.3.0' 'oslo.utils>=4.5.0' 'pbr>=3.1.1' 'requests>=2.25.0'
functional-py313: install_package> python -I -m pip install -c/tmp/marshal-cinder-pilot.XSm5CH/requirements-a3-before/upper-constraints.txt --force-reinstall --no-deps /tmp/marshal-cinder-pilot.XSm5CH/placement-a3-before/.tox/.tmp/package/1/openstack_placement-0.0.0-0.editable-py3-none-any.whl
functional-py313: commands[0]> stestr --test-path=./placement/tests/functional run placement.tests.functional.db.test_migrations.ModelsMigrationsSyncMysql.test_models_sync
{0} placement.tests.functional.db.test_migrations.ModelsMigrationsSyncMysql.test_models_sync [1.290598s] ... ok

======
Totals
======
Ran: 1 tests in 1.2906 sec.
 - Passed: 1
 - Skipped: 0
 - Expected Fail: 0
 - Unexpected Success: 0
 - Failed: 0
Sum of execute time for each test: 1.2906 sec.

==============
Worker Balance
==============
 - Worker 0 (1 tests) => 0:00:01.290598
.pkg: _exit> python /tmp/marshal-cinder-pilot.XSm5CH/runner-venv/lib/python3.13/site-packages/pyproject_api/_backend.py True pbr.build
  functional-py313: OK (37.69=setup[31.19]+cmd[6.50] seconds)
  congratulations :) (37.92 seconds)
