[INFO] Scanning for projects...
[INFO] 
[INFO] ----------------------< com.jcabi:jcabi-simpledb >----------------------
[INFO] Building jcabi-simpledb 1.0-SNAPSHOT
[INFO]   from pom.xml
[INFO] --------------------------------[ jar ]---------------------------------
[WARNING] The artifact org.slf4j:slf4j-log4j12:jar:2.0.7 has been relocated to org.slf4j:slf4j-reload4j:jar:2.0.7
[INFO] 
[INFO] --- clean:3.2.0:clean (default-clean) @ jcabi-simpledb ---
[INFO] 
[INFO] --- enforcer:3.1.0:enforce (enforce-maven) @ jcabi-simpledb ---
[INFO] 
[INFO] --- buildnumber:3.0.0:create (jcabi-build-number) @ jcabi-simpledb ---
[INFO] ShortRevision tag detected. The value is '7'.
[INFO] Executing: /bin/sh -c cd '/tmp/marshal-jcabi-formal-r2.2DUuoe/consumers/a1/jcabi-simpledb' && 'git' 'rev-parse' '--verify' '--short=7' 'HEAD'
[INFO] Working directory: /tmp/marshal-jcabi-formal-r2.2DUuoe/consumers/a1/jcabi-simpledb
[INFO] Storing buildNumber: 4af3ea9 at timestamp: 2026-08-24T02:46:30
[WARNING] Cannot get the branch information from the git repository: 
Detecting the current branch failed: fatal: ref HEAD is not a symbolic ref

[INFO] ShortRevision tag detected. The value is '7'.
[INFO] Executing: /bin/sh -c cd '/tmp/marshal-jcabi-formal-r2.2DUuoe/consumers/a1/jcabi-simpledb' && 'git' 'rev-parse' '--verify' '--short=7' 'HEAD'
[INFO] Working directory: /tmp/marshal-jcabi-formal-r2.2DUuoe/consumers/a1/jcabi-simpledb
[INFO] Storing buildScmBranch: UNKNOWN
[INFO] 
[INFO] --- buildnumber:3.0.0:create-timestamp (jcabi-build-number) @ jcabi-simpledb ---
[INFO] Skipping because we are not in root module.
[INFO] 
[INFO] --- resources:3.3.0:resources (default-resources) @ jcabi-simpledb ---
[INFO] skip non existing resourceDirectory /tmp/marshal-jcabi-formal-r2.2DUuoe/consumers/a1/jcabi-simpledb/src/main/resources
[INFO] 
[INFO] --- compiler:3.10.1:compile (default-compile) @ jcabi-simpledb ---
[WARNING]  Parameter 'optimize' (user property 'maven.compiler.optimize') is deprecated: This property is a no-op in {@code javac}.
[INFO] Changes detected - recompiling the module!
[INFO] Compiling 8 source files to /tmp/marshal-jcabi-formal-r2.2DUuoe/consumers/a1/jcabi-simpledb/target/classes
[INFO] 
[INFO] --- jcabi:0.17.0:ajc (jcabi-ajc-compile) @ jcabi-simpledb ---
[INFO] Unwoven classes will be copied to /tmp/marshal-jcabi-formal-r2.2DUuoe/consumers/a1/jcabi-simpledb/target/unwoven
[INFO] Created temp dir /tmp/marshal-jcabi-formal-r2.2DUuoe/consumers/a1/jcabi-simpledb/target/jcabi-ajc
[WARNING] The artifact org.slf4j:slf4j-log4j12:jar:2.0.7 has been relocated to org.slf4j:slf4j-reload4j:jar:2.0.7
[WARNING] The artifact org.slf4j:slf4j-log4j12:jar:2.0.7 has been relocated to org.slf4j:slf4j-reload4j:jar:2.0.7

52 warnings
[INFO] ajc result: 38 file(s) processed, 0 pointcut(s) woven, 0 error(s), 0 warning(s)
[INFO] 
[INFO] --- resources:3.3.0:testResources (default-testResources) @ jcabi-simpledb ---
[INFO] Copying 1 resource
[INFO] The encoding used to copy filtered properties files have not been set. This means that the same encoding will be used to copy filtered properties files as when copying other filtered resources. This might not be what you want! Run your build with --debug to see which files might be affected. Read more at https://maven.apache.org/plugins/maven-resources-plugin/examples/filtering-properties-files.html
[INFO] 
[INFO] --- compiler:3.10.1:testCompile (default-testCompile) @ jcabi-simpledb ---
[WARNING]  Parameter 'optimize' (user property 'maven.compiler.optimize') is deprecated: This property is a no-op in {@code javac}.
[INFO] Changes detected - recompiling the module!
[INFO] Compiling 5 source files to /tmp/marshal-jcabi-formal-r2.2DUuoe/consumers/a1/jcabi-simpledb/target/test-classes
[INFO] -------------------------------------------------------------
[ERROR] COMPILATION ERROR : 
[INFO] -------------------------------------------------------------
[ERROR] /tmp/marshal-jcabi-formal-r2.2DUuoe/consumers/a1/jcabi-simpledb/src/test/java/com/jcabi/simpledb/RegionITCase.java:[33,25] cannot find symbol
  symbol:   class Tv
  location: package com.jcabi.aspects
[INFO] 1 error
[INFO] -------------------------------------------------------------
[INFO] ------------------------------------------------------------------------
[INFO] BUILD FAILURE
[INFO] ------------------------------------------------------------------------
[INFO] Total time:  5.337 s
[INFO] Finished at: 2026-08-24T02:46:34+08:00
[INFO] ------------------------------------------------------------------------
[ERROR] Failed to execute goal org.apache.maven.plugins:maven-compiler-plugin:3.10.1:testCompile (default-testCompile) on project jcabi-simpledb: Compilation failure
[ERROR] /tmp/marshal-jcabi-formal-r2.2DUuoe/consumers/a1/jcabi-simpledb/src/test/java/com/jcabi/simpledb/RegionITCase.java:[33,25] cannot find symbol
[ERROR]   symbol:   class Tv
[ERROR]   location: package com.jcabi.aspects
[ERROR] -> [Help 1]
[ERROR] 
[ERROR] To see the full stack trace of the errors, re-run Maven with the -e switch.
[ERROR] Re-run Maven using the -X switch to enable full debug logging.
[ERROR] 
[ERROR] For more information about the errors and possible solutions, please read the following articles:
[ERROR] [Help 1] http://cwiki.apache.org/confluence/display/MAVEN/MojoFailureException
