/home/zhihao/hdd/marshal/.work/fresh_995651_manila/output-v2/replay-work/formal-opendev-995651--target-manila-I1fab32db/target-a2/manila/monkey_patch.py:38: EventletDeprecationWarning: 
Eventlet is deprecated. It is currently being maintained in bugfix mode, and
we strongly recommend against using it for new projects.

If you are already using Eventlet, we recommend migrating to a different
framework.  For more detail see
https://eventlet.readthedocs.io/en/latest/asyncio/migration.html

  import eventlet
1 RLock(s) were not greened, to fix this error make sure you run eventlet.monkey_patch() before importing any other modules.
/home/zhihao/hdd/marshal/.work/fresh_995651_manila/output-v2/replay-work/formal-opendev-995651--target-manila-I1fab32db/target-a2/manila/monkey_patch.py:38: EventletDeprecationWarning: 
Eventlet is deprecated. It is currently being maintained in bugfix mode, and
we strongly recommend against using it for new projects.

If you are already using Eventlet, we recommend migrating to a different
framework.  For more detail see
https://eventlet.readthedocs.io/en/latest/asyncio/migration.html

  import eventlet
/home/zhihao/hdd/marshal/.work/fresh_995651_manila/output-v2/replay-work/formal-opendev-995651--target-manila-I1fab32db/target-a2/manila/monkey_patch.py:38: EventletDeprecationWarning: 
Eventlet is deprecated. It is currently being maintained in bugfix mode, and
we strongly recommend against using it for new projects.

If you are already using Eventlet, we recommend migrating to a different
framework.  For more detail see
https://eventlet.readthedocs.io/en/latest/asyncio/migration.html

  import eventlet
/home/zhihao/hdd/marshal/.work/fresh_995651_manila/output-v2/replay-work/formal-opendev-995651--target-manila-I1fab32db/target-a2/manila/monkey_patch.py:38: EventletDeprecationWarning: 
Eventlet is deprecated. It is currently being maintained in bugfix mode, and
we strongly recommend against using it for new projects.

If you are already using Eventlet, we recommend migrating to a different
framework.  For more detail see
https://eventlet.readthedocs.io/en/latest/asyncio/migration.html

  import eventlet
/home/zhihao/hdd/marshal/.work/fresh_995651_manila/output-v2/replay-work/formal-opendev-995651--target-manila-I1fab32db/target-a2/manila/monkey_patch.py:38: EventletDeprecationWarning: 
Eventlet is deprecated. It is currently being maintained in bugfix mode, and
we strongly recommend against using it for new projects.

If you are already using Eventlet, we recommend migrating to a different
framework.  For more detail see
https://eventlet.readthedocs.io/en/latest/asyncio/migration.html

  import eventlet
/home/zhihao/hdd/marshal/.work/fresh_995651_manila/output-v2/replay-work/formal-opendev-995651--target-manila-I1fab32db/target-a2/manila/monkey_patch.py:38: EventletDeprecationWarning: 
Eventlet is deprecated. It is currently being maintained in bugfix mode, and
we strongly recommend against using it for new projects.

If you are already using Eventlet, we recommend migrating to a different
framework.  For more detail see
https://eventlet.readthedocs.io/en/latest/asyncio/migration.html

  import eventlet
/home/zhihao/hdd/marshal/.work/fresh_995651_manila/output-v2/replay-work/formal-opendev-995651--target-manila-I1fab32db/target-a2/manila/monkey_patch.py:38: EventletDeprecationWarning: 
Eventlet is deprecated. It is currently being maintained in bugfix mode, and
we strongly recommend against using it for new projects.

If you are already using Eventlet, we recommend migrating to a different
framework.  For more detail see
https://eventlet.readthedocs.io/en/latest/asyncio/migration.html

  import eventlet
1 RLock(s) were not greened, to fix this error make sure you run eventlet.monkey_patch() before importing any other modules.
1 RLock(s) were not greened, to fix this error make sure you run eventlet.monkey_patch() before importing any other modules.
1 RLock(s) were not greened, to fix this error make sure you run eventlet.monkey_patch() before importing any other modules.
1 RLock(s) were not greened, to fix this error make sure you run eventlet.monkey_patch() before importing any other modules.
1 RLock(s) were not greened, to fix this error make sure you run eventlet.monkey_patch() before importing any other modules.
1 RLock(s) were not greened, to fix this error make sure you run eventlet.monkey_patch() before importing any other modules.
{0} manila.tests.test_coordination.CoordinatorTestCase.test_coordinator_start [33.107734s] ... ok
{5} manila.tests.test_coordination.CoordinationTestCase.test_synchronized [33.860243s] ... ok
{3} manila.tests.test_coordination.CoordinatorTestCase.test_coordinator_lock [33.866586s] ... ok
{4} manila.tests.test_coordination.CoordinatorTestCase.test_coordinator_stop [33.867650s] ... ok
{2} manila.tests.test_coordination.CoordinationTestCase.test_lock [33.869440s] ... ok
{1} manila.tests.test_coordination.CoordinatorTestCase.test_coordinator_offline [33.888852s] ... ok

======
Totals
======
Ran: 6 tests in 33.8921 sec.
 - Passed: 6
 - Skipped: 0
 - Expected Fail: 0
 - Unexpected Success: 0
 - Failed: 0
Sum of execute time for each test: 202.4605 sec.

==============
Worker Balance
==============
 - Worker 0 (1 tests) => 0:00:33.107734
 - Worker 1 (1 tests) => 0:00:33.888852
 - Worker 2 (1 tests) => 0:00:33.869440
 - Worker 3 (1 tests) => 0:00:33.866586
 - Worker 4 (1 tests) => 0:00:33.867650
 - Worker 5 (1 tests) => 0:00:33.860243
