[INFO] Scanning for projects...
[INFO] 
[INFO] ---------------------< org.pac4j:dropwizard-pac4j >---------------------
[INFO] Building Dropwizard pac4j Support 5.0.1-SNAPSHOT
[INFO]   from pom.xml
[INFO] --------------------------------[ jar ]---------------------------------
[INFO] 
[INFO] --- clean:3.2.0:clean (default-clean) @ dropwizard-pac4j ---
[INFO] 
[INFO] --- enforcer:3.0.0-M3:enforce (enforce-maven) @ dropwizard-pac4j ---
[INFO] 
[INFO] --- enforcer:3.0.0-M3:enforce (dependency-convergence) @ dropwizard-pac4j ---
[INFO] 
[INFO] --- resources:3.3.1:resources (default-resources) @ dropwizard-pac4j ---
[INFO] skip non existing resourceDirectory /tmp/jackson-work/dropwizard-pac4j-a2tmp/src/main/resources
[INFO] 
[INFO] --- compiler:3.10.1:compile (default-compile) @ dropwizard-pac4j ---
[INFO] Changes detected - recompiling the module!
[INFO] Compiling 7 source files to /tmp/jackson-work/dropwizard-pac4j-a2tmp/target/classes
[INFO] 
[INFO] >>> pmd:3.14.0:check (run-pmd) > :pmd @ dropwizard-pac4j >>>
[INFO] 
[INFO] --- pmd:3.14.0:pmd (pmd) @ dropwizard-pac4j ---
[WARNING] Unable to locate Source XRef to link to - DISABLED
[WARNING] Unable to locate Source XRef to link to - DISABLED
[WARNING] Unable to locate Source XRef to link to - DISABLED
[INFO] 
[INFO] <<< pmd:3.14.0:check (run-pmd) < :pmd @ dropwizard-pac4j <<<
[INFO] 
[INFO] 
[INFO] --- pmd:3.14.0:check (run-pmd) @ dropwizard-pac4j ---
[INFO] PMD version: 6.29.0
[INFO] 
[INFO] 
[INFO] --- resources:3.3.1:testResources (default-testResources) @ dropwizard-pac4j ---
[INFO] Copying 10 resources from src/test/resources to target/test-classes
[INFO] 
[INFO] --- compiler:3.10.1:testCompile (default-testCompile) @ dropwizard-pac4j ---
[INFO] Changes detected - recompiling the module!
[INFO] Compiling 9 source files to /tmp/jackson-work/dropwizard-pac4j-a2tmp/target/test-classes
[INFO] /tmp/jackson-work/dropwizard-pac4j-a2tmp/src/test/java/org/pac4j/dropwizard/factory/FakeConfigFactory.java: /tmp/jackson-work/dropwizard-pac4j-a2tmp/src/test/java/org/pac4j/dropwizard/factory/FakeConfigFactory.java uses unchecked or unsafe operations.
[INFO] /tmp/jackson-work/dropwizard-pac4j-a2tmp/src/test/java/org/pac4j/dropwizard/factory/FakeConfigFactory.java: Recompile with -Xlint:unchecked for details.
[INFO] 
[INFO] --- surefire:3.2.5:test (default-test) @ dropwizard-pac4j ---
[INFO] Using auto detected provider org.apache.maven.surefire.junit4.JUnit4Provider
[INFO] 
[INFO] -------------------------------------------------------
[INFO]  T E S T S
[INFO] -------------------------------------------------------
[INFO] Running org.pac4j.dropwizard.e2e.EndToEndServletTest
INFO  [2026-08-24 11:45:28,134] io.dropwizard.server.DefaultServerFactory: Registering jersey handler with root path prefix: /
INFO  [2026-08-24 11:45:28,139] io.dropwizard.server.DefaultServerFactory: Registering admin handler with root path prefix: /
INFO  [2026-08-24 11:45:28,198] io.dropwizard.server.ServerFactory: Starting App
INFO  [2026-08-24 11:45:28,259] org.eclipse.jetty.setuid.SetUIDListener: Opened application@6dfcffb5{HTTP/1.1, (http/1.1)}{0.0.0.0:37995}
INFO  [2026-08-24 11:45:28,260] org.eclipse.jetty.setuid.SetUIDListener: Opened admin@184fb68d{HTTP/1.1, (http/1.1)}{0.0.0.0:43319}
INFO  [2026-08-24 11:45:28,261] org.eclipse.jetty.server.Server: jetty-9.4.35.v20201120; built: 2020-11-20T21:17:03.964Z; git: bdc54f03a5e0a7e280fab27f55c3c75ee8da89fb; jvm 11.0.31+11-post-1ubuntu1-24.04.2-Ubuntu
INFO  [2026-08-24 11:45:28,271] org.eclipse.jetty.server.session: DefaultSessionIdManager workerName=node0
INFO  [2026-08-24 11:45:28,271] org.eclipse.jetty.server.session: No SessionScavenger set, using defaults
INFO  [2026-08-24 11:45:28,272] org.eclipse.jetty.server.session: node0 Scavenging every 600000ms
INFO  [2026-08-24 11:45:28,686] io.dropwizard.jersey.DropwizardResourceConfig: The following paths were found for the configured resources:

    GET     /dogs/{name} (org.pac4j.dropwizard.e2e.DogsResource)
    POST    /dogs/{name} (org.pac4j.dropwizard.e2e.DogsResource)

INFO  [2026-08-24 11:45:28,688] org.eclipse.jetty.server.handler.ContextHandler: Started i.d.j.MutableServletContextHandler@47248a48{/,null,AVAILABLE}
INFO  [2026-08-24 11:45:28,690] io.dropwizard.setup.AdminEnvironment: tasks = 

    POST    /tasks/log-level (io.dropwizard.servlets.tasks.LogConfigurationTask)
    POST    /tasks/gc (io.dropwizard.servlets.tasks.GarbageCollectionTask)

WARN  [2026-08-24 11:45:28,690] io.dropwizard.setup.AdminEnvironment: 
!!!!!!!!!!!!!!!!!!!!!!!!!!!!!!!!!!!!!!!!!!!!!!!!!!!!!!!!!!!!!!!!!!!!!!!!!!!!!!!!
!!!!!!!!!!!!!!!!!!!!!!!!!!!!!!!!!!!!!!!!!!!!!!!!!!!!!!!!!!!!!!!!!!!!!!!!!!!!!!!!
!    THIS APPLICATION HAS NO HEALTHCHECKS. THIS MEANS YOU WILL NEVER KNOW      !
!     IF IT DIES IN PRODUCTION, WHICH MEANS YOU WILL NEVER KNOW IF YOU'RE      !
!    LETTING YOUR USERS DOWN. YOU SHOULD ADD A HEALTHCHECK FOR EACH OF YOUR    !
!         APPLICATION'S DEPENDENCIES WHICH FULLY (BUT LIGHTLY) TESTS IT.       !
!!!!!!!!!!!!!!!!!!!!!!!!!!!!!!!!!!!!!!!!!!!!!!!!!!!!!!!!!!!!!!!!!!!!!!!!!!!!!!!!
!!!!!!!!!!!!!!!!!!!!!!!!!!!!!!!!!!!!!!!!!!!!!!!!!!!!!!!!!!!!!!!!!!!!!!!!!!!!!!!!
INFO  [2026-08-24 11:45:28,691] org.eclipse.jetty.server.handler.ContextHandler: Started i.d.j.MutableServletContextHandler@77429040{/,null,AVAILABLE}
INFO  [2026-08-24 11:45:28,757] org.eclipse.jetty.server.AbstractConnector: Started application@6dfcffb5{HTTP/1.1, (http/1.1)}{0.0.0.0:37995}
INFO  [2026-08-24 11:45:28,759] org.eclipse.jetty.server.AbstractConnector: Started admin@184fb68d{HTTP/1.1, (http/1.1)}{0.0.0.0:43319}
INFO  [2026-08-24 11:45:28,759] org.eclipse.jetty.server.Server: Started @1907ms
127.0.0.1 - - [24/Aug/2026:11:45:28 +0000] "GET /dogs/pierre HTTP/1.1" 200 6 "-" "Jersey/2.32 (HttpUrlConnection 11.0.31)" 74
INFO  [2026-08-24 11:45:29,065] org.eclipse.jetty.server.AbstractConnector: Stopped application@6dfcffb5{HTTP/1.1, (http/1.1)}{0.0.0.0:0}
INFO  [2026-08-24 11:45:29,066] org.eclipse.jetty.server.AbstractConnector: Stopped admin@184fb68d{HTTP/1.1, (http/1.1)}{0.0.0.0:0}
INFO  [2026-08-24 11:45:29,066] org.eclipse.jetty.server.session: node0 Stopped scavenging
INFO  [2026-08-24 11:45:29,067] org.eclipse.jetty.server.handler.ContextHandler: Stopped i.d.j.MutableServletContextHandler@77429040{/,null,STOPPED}
INFO  [2026-08-24 11:45:29,071] org.eclipse.jetty.server.handler.ContextHandler: Stopped i.d.j.MutableServletContextHandler@47248a48{/,null,STOPPED}
INFO  [2026-08-24 11:45:29,183] io.dropwizard.server.DefaultServerFactory: Registering jersey handler with root path prefix: /
INFO  [2026-08-24 11:45:29,183] io.dropwizard.server.DefaultServerFactory: Registering admin handler with root path prefix: /
INFO  [2026-08-24 11:45:29,185] io.dropwizard.server.ServerFactory: Starting App
INFO  [2026-08-24 11:45:29,188] org.eclipse.jetty.setuid.SetUIDListener: Opened application@7f5fcfe9{HTTP/1.1, (http/1.1)}{0.0.0.0:44501}
INFO  [2026-08-24 11:45:29,188] org.eclipse.jetty.setuid.SetUIDListener: Opened admin@707865bd{HTTP/1.1, (http/1.1)}{0.0.0.0:36121}
INFO  [2026-08-24 11:45:29,188] org.eclipse.jetty.server.Server: jetty-9.4.35.v20201120; built: 2020-11-20T21:17:03.964Z; git: bdc54f03a5e0a7e280fab27f55c3c75ee8da89fb; jvm 11.0.31+11-post-1ubuntu1-24.04.2-Ubuntu
INFO  [2026-08-24 11:45:29,189] org.eclipse.jetty.server.session: DefaultSessionIdManager workerName=node0
INFO  [2026-08-24 11:45:29,189] org.eclipse.jetty.server.session: No SessionScavenger set, using defaults
INFO  [2026-08-24 11:45:29,189] org.eclipse.jetty.server.session: node0 Scavenging every 600000ms
INFO  [2026-08-24 11:45:29,257] io.dropwizard.jersey.DropwizardResourceConfig: The following paths were found for the configured resources:

    GET     /dogs/{name} (org.pac4j.dropwizard.e2e.DogsResource)
    POST    /dogs/{name} (org.pac4j.dropwizard.e2e.DogsResource)

INFO  [2026-08-24 11:45:29,257] org.eclipse.jetty.server.handler.ContextHandler: Started i.d.j.MutableServletContextHandler@5a4dda2{/,null,AVAILABLE}
INFO  [2026-08-24 11:45:29,258] io.dropwizard.setup.AdminEnvironment: tasks = 

    POST    /tasks/log-level (io.dropwizard.servlets.tasks.LogConfigurationTask)
    POST    /tasks/gc (io.dropwizard.servlets.tasks.GarbageCollectionTask)

WARN  [2026-08-24 11:45:29,258] io.dropwizard.setup.AdminEnvironment: 
!!!!!!!!!!!!!!!!!!!!!!!!!!!!!!!!!!!!!!!!!!!!!!!!!!!!!!!!!!!!!!!!!!!!!!!!!!!!!!!!
!!!!!!!!!!!!!!!!!!!!!!!!!!!!!!!!!!!!!!!!!!!!!!!!!!!!!!!!!!!!!!!!!!!!!!!!!!!!!!!!
!    THIS APPLICATION HAS NO HEALTHCHECKS. THIS MEANS YOU WILL NEVER KNOW      !
!     IF IT DIES IN PRODUCTION, WHICH MEANS YOU WILL NEVER KNOW IF YOU'RE      !
!    LETTING YOUR USERS DOWN. YOU SHOULD ADD A HEALTHCHECK FOR EACH OF YOUR    !
!         APPLICATION'S DEPENDENCIES WHICH FULLY (BUT LIGHTLY) TESTS IT.       !
!!!!!!!!!!!!!!!!!!!!!!!!!!!!!!!!!!!!!!!!!!!!!!!!!!!!!!!!!!!!!!!!!!!!!!!!!!!!!!!!
!!!!!!!!!!!!!!!!!!!!!!!!!!!!!!!!!!!!!!!!!!!!!!!!!!!!!!!!!!!!!!!!!!!!!!!!!!!!!!!!
INFO  [2026-08-24 11:45:29,258] org.eclipse.jetty.server.handler.ContextHandler: Started i.d.j.MutableServletContextHandler@34045582{/,null,AVAILABLE}
INFO  [2026-08-24 11:45:29,277] org.eclipse.jetty.server.AbstractConnector: Started application@7f5fcfe9{HTTP/1.1, (http/1.1)}{0.0.0.0:44501}
INFO  [2026-08-24 11:45:29,278] org.eclipse.jetty.server.AbstractConnector: Started admin@707865bd{HTTP/1.1, (http/1.1)}{0.0.0.0:36121}
INFO  [2026-08-24 11:45:29,278] org.eclipse.jetty.server.Server: Started @2426ms
WARN  [2026-08-24 11:45:29,310] org.glassfish.jersey.servlet.WebComponent: A servlet request to the URI http://localhost:44501/dogs/pierre contains form parameters in the request body but the request body has been consumed by the servlet or a servlet filter accessing the request parameters. Only resource methods using @FormParam will work as expected. Resource methods consuming the request body by other means will not work as expected.
127.0.0.1 - - [24/Aug/2026:11:45:29 +0000] "POST /dogs/pierre HTTP/1.1" 200 6 "-" "Jersey/2.32 (HttpUrlConnection 11.0.31)" 12
INFO  [2026-08-24 11:45:29,324] org.eclipse.jetty.server.AbstractConnector: Stopped application@7f5fcfe9{HTTP/1.1, (http/1.1)}{0.0.0.0:0}
INFO  [2026-08-24 11:45:29,325] org.eclipse.jetty.server.AbstractConnector: Stopped admin@707865bd{HTTP/1.1, (http/1.1)}{0.0.0.0:0}
INFO  [2026-08-24 11:45:29,325] org.eclipse.jetty.server.session: node0 Stopped scavenging
INFO  [2026-08-24 11:45:29,325] org.eclipse.jetty.server.handler.ContextHandler: Stopped i.d.j.MutableServletContextHandler@34045582{/,null,STOPPED}
INFO  [2026-08-24 11:45:29,326] org.eclipse.jetty.server.handler.ContextHandler: Stopped i.d.j.MutableServletContextHandler@5a4dda2{/,null,STOPPED}
INFO  [2026-08-24 11:45:29,439] io.dropwizard.server.DefaultServerFactory: Registering jersey handler with root path prefix: /
INFO  [2026-08-24 11:45:29,439] io.dropwizard.server.DefaultServerFactory: Registering admin handler with root path prefix: /
INFO  [2026-08-24 11:45:29,441] io.dropwizard.server.ServerFactory: Starting App
INFO  [2026-08-24 11:45:29,444] org.eclipse.jetty.setuid.SetUIDListener: Opened application@71d55b7e{HTTP/1.1, (http/1.1)}{0.0.0.0:42687}
INFO  [2026-08-24 11:45:29,444] org.eclipse.jetty.setuid.SetUIDListener: Opened admin@2997ddfc{HTTP/1.1, (http/1.1)}{0.0.0.0:45207}
INFO  [2026-08-24 11:45:29,444] org.eclipse.jetty.server.Server: jetty-9.4.35.v20201120; built: 2020-11-20T21:17:03.964Z; git: bdc54f03a5e0a7e280fab27f55c3c75ee8da89fb; jvm 11.0.31+11-post-1ubuntu1-24.04.2-Ubuntu
INFO  [2026-08-24 11:45:29,444] org.eclipse.jetty.server.session: DefaultSessionIdManager workerName=node0
INFO  [2026-08-24 11:45:29,444] org.eclipse.jetty.server.session: No SessionScavenger set, using defaults
INFO  [2026-08-24 11:45:29,445] org.eclipse.jetty.server.session: node0 Scavenging every 660000ms
INFO  [2026-08-24 11:45:29,520] io.dropwizard.jersey.DropwizardResourceConfig: The following paths were found for the configured resources:

    GET     /dogs/{name} (org.pac4j.dropwizard.e2e.DogsResource)
    POST    /dogs/{name} (org.pac4j.dropwizard.e2e.DogsResource)

INFO  [2026-08-24 11:45:29,520] org.eclipse.jetty.server.handler.ContextHandler: Started i.d.j.MutableServletContextHandler@5520f675{/,null,AVAILABLE}
INFO  [2026-08-24 11:45:29,520] io.dropwizard.setup.AdminEnvironment: tasks = 

    POST    /tasks/log-level (io.dropwizard.servlets.tasks.LogConfigurationTask)
    POST    /tasks/gc (io.dropwizard.servlets.tasks.GarbageCollectionTask)

WARN  [2026-08-24 11:45:29,520] io.dropwizard.setup.AdminEnvironment: 
!!!!!!!!!!!!!!!!!!!!!!!!!!!!!!!!!!!!!!!!!!!!!!!!!!!!!!!!!!!!!!!!!!!!!!!!!!!!!!!!
!!!!!!!!!!!!!!!!!!!!!!!!!!!!!!!!!!!!!!!!!!!!!!!!!!!!!!!!!!!!!!!!!!!!!!!!!!!!!!!!
!    THIS APPLICATION HAS NO HEALTHCHECKS. THIS MEANS YOU WILL NEVER KNOW      !
!     IF IT DIES IN PRODUCTION, WHICH MEANS YOU WILL NEVER KNOW IF YOU'RE      !
!    LETTING YOUR USERS DOWN. YOU SHOULD ADD A HEALTHCHECK FOR EACH OF YOUR    !
!         APPLICATION'S DEPENDENCIES WHICH FULLY (BUT LIGHTLY) TESTS IT.       !
!!!!!!!!!!!!!!!!!!!!!!!!!!!!!!!!!!!!!!!!!!!!!!!!!!!!!!!!!!!!!!!!!!!!!!!!!!!!!!!!
!!!!!!!!!!!!!!!!!!!!!!!!!!!!!!!!!!!!!!!!!!!!!!!!!!!!!!!!!!!!!!!!!!!!!!!!!!!!!!!!
INFO  [2026-08-24 11:45:29,521] org.eclipse.jetty.server.handler.ContextHandler: Started i.d.j.MutableServletContextHandler@48f2054d{/,null,AVAILABLE}
INFO  [2026-08-24 11:45:29,558] org.eclipse.jetty.server.AbstractConnector: Started application@71d55b7e{HTTP/1.1, (http/1.1)}{0.0.0.0:42687}
INFO  [2026-08-24 11:45:29,560] org.eclipse.jetty.server.AbstractConnector: Started admin@2997ddfc{HTTP/1.1, (http/1.1)}{0.0.0.0:45207}
INFO  [2026-08-24 11:45:29,560] org.eclipse.jetty.server.Server: Started @2708ms
INFO  [2026-08-24 11:45:29,585] org.pac4j.http.client.direct.DirectBasicAuthClient: Failed to retrieve or validate credentials: Username : 'boy' does not match password
127.0.0.1 - - [24/Aug/2026:11:45:29 +0000] "GET /dogs/pierre HTTP/1.1" 401 0 "-" "Jersey/2.32 (HttpUrlConnection 11.0.31)" 4
INFO  [2026-08-24 11:45:29,596] org.eclipse.jetty.server.AbstractConnector: Stopped application@71d55b7e{HTTP/1.1, (http/1.1)}{0.0.0.0:0}
INFO  [2026-08-24 11:45:29,596] org.eclipse.jetty.server.AbstractConnector: Stopped admin@2997ddfc{HTTP/1.1, (http/1.1)}{0.0.0.0:0}
INFO  [2026-08-24 11:45:29,596] org.eclipse.jetty.server.session: node0 Stopped scavenging
INFO  [2026-08-24 11:45:29,596] org.eclipse.jetty.server.handler.ContextHandler: Stopped i.d.j.MutableServletContextHandler@48f2054d{/,null,STOPPED}
INFO  [2026-08-24 11:45:29,597] org.eclipse.jetty.server.handler.ContextHandler: Stopped i.d.j.MutableServletContextHandler@5520f675{/,null,STOPPED}
[INFO] Tests run: 3, Failures: 0, Errors: 0, Skipped: 0, Time elapsed: 2.529 s -- in org.pac4j.dropwizard.e2e.EndToEndServletTest
[INFO] Running org.pac4j.dropwizard.e2e.EndToEndTest
INFO  [2026-08-24 11:45:29,663] io.dropwizard.server.DefaultServerFactory: Registering jersey handler with root path prefix: /
INFO  [2026-08-24 11:45:29,663] io.dropwizard.server.DefaultServerFactory: Registering admin handler with root path prefix: /
INFO  [2026-08-24 11:45:29,664] io.dropwizard.server.ServerFactory: Starting App
INFO  [2026-08-24 11:45:29,667] org.eclipse.jetty.setuid.SetUIDListener: Opened application@60807fd9{HTTP/1.1, (http/1.1)}{0.0.0.0:44853}
INFO  [2026-08-24 11:45:29,667] org.eclipse.jetty.setuid.SetUIDListener: Opened admin@6bcdd6e4{HTTP/1.1, (http/1.1)}{0.0.0.0:44325}
INFO  [2026-08-24 11:45:29,667] org.eclipse.jetty.server.Server: jetty-9.4.35.v20201120; built: 2020-11-20T21:17:03.964Z; git: bdc54f03a5e0a7e280fab27f55c3c75ee8da89fb; jvm 11.0.31+11-post-1ubuntu1-24.04.2-Ubuntu
INFO  [2026-08-24 11:45:29,667] org.eclipse.jetty.server.session: DefaultSessionIdManager workerName=node0
INFO  [2026-08-24 11:45:29,667] org.eclipse.jetty.server.session: No SessionScavenger set, using defaults
INFO  [2026-08-24 11:45:29,668] org.eclipse.jetty.server.session: node0 Scavenging every 600000ms
INFO  [2026-08-24 11:45:29,712] io.dropwizard.jersey.DropwizardResourceConfig: The following paths were found for the configured resources:

    GET     /dogs/{name} (org.pac4j.dropwizard.e2e.DogsResource)
    POST    /dogs/{name} (org.pac4j.dropwizard.e2e.DogsResource)

INFO  [2026-08-24 11:45:29,712] org.eclipse.jetty.server.handler.ContextHandler: Started i.d.j.MutableServletContextHandler@55adcf9e{/,null,AVAILABLE}
INFO  [2026-08-24 11:45:29,713] io.dropwizard.setup.AdminEnvironment: tasks = 

    POST    /tasks/log-level (io.dropwizard.servlets.tasks.LogConfigurationTask)
    POST    /tasks/gc (io.dropwizard.servlets.tasks.GarbageCollectionTask)

WARN  [2026-08-24 11:45:29,713] io.dropwizard.setup.AdminEnvironment: 
!!!!!!!!!!!!!!!!!!!!!!!!!!!!!!!!!!!!!!!!!!!!!!!!!!!!!!!!!!!!!!!!!!!!!!!!!!!!!!!!
!!!!!!!!!!!!!!!!!!!!!!!!!!!!!!!!!!!!!!!!!!!!!!!!!!!!!!!!!!!!!!!!!!!!!!!!!!!!!!!!
!    THIS APPLICATION HAS NO HEALTHCHECKS. THIS MEANS YOU WILL NEVER KNOW      !
!     IF IT DIES IN PRODUCTION, WHICH MEANS YOU WILL NEVER KNOW IF YOU'RE      !
!    LETTING YOUR USERS DOWN. YOU SHOULD ADD A HEALTHCHECK FOR EACH OF YOUR    !
!         APPLICATION'S DEPENDENCIES WHICH FULLY (BUT LIGHTLY) TESTS IT.       !
!!!!!!!!!!!!!!!!!!!!!!!!!!!!!!!!!!!!!!!!!!!!!!!!!!!!!!!!!!!!!!!!!!!!!!!!!!!!!!!!
!!!!!!!!!!!!!!!!!!!!!!!!!!!!!!!!!!!!!!!!!!!!!!!!!!!!!!!!!!!!!!!!!!!!!!!!!!!!!!!!
INFO  [2026-08-24 11:45:29,713] org.eclipse.jetty.server.handler.ContextHandler: Started i.d.j.MutableServletContextHandler@7f5ce33e{/,null,AVAILABLE}
INFO  [2026-08-24 11:45:29,728] org.eclipse.jetty.server.AbstractConnector: Started application@60807fd9{HTTP/1.1, (http/1.1)}{0.0.0.0:44853}
INFO  [2026-08-24 11:45:29,729] org.eclipse.jetty.server.AbstractConnector: Started admin@6bcdd6e4{HTTP/1.1, (http/1.1)}{0.0.0.0:44325}
INFO  [2026-08-24 11:45:29,729] org.eclipse.jetty.server.Server: Started @2877ms
127.0.0.1 - - [24/Aug/2026:11:45:29 +0000] "GET /dogs/pierre HTTP/1.1" 200 6 "-" "Jersey/2.32 (HttpUrlConnection 11.0.31)" 20
INFO  [2026-08-24 11:45:29,769] org.eclipse.jetty.server.AbstractConnector: Stopped application@60807fd9{HTTP/1.1, (http/1.1)}{0.0.0.0:0}
INFO  [2026-08-24 11:45:29,770] org.eclipse.jetty.server.AbstractConnector: Stopped admin@6bcdd6e4{HTTP/1.1, (http/1.1)}{0.0.0.0:0}
INFO  [2026-08-24 11:45:29,770] org.eclipse.jetty.server.session: node0 Stopped scavenging
INFO  [2026-08-24 11:45:29,770] org.eclipse.jetty.server.handler.ContextHandler: Stopped i.d.j.MutableServletContextHandler@7f5ce33e{/,null,STOPPED}
INFO  [2026-08-24 11:45:29,772] org.eclipse.jetty.server.handler.ContextHandler: Stopped i.d.j.MutableServletContextHandler@55adcf9e{/,null,STOPPED}
INFO  [2026-08-24 11:45:29,829] io.dropwizard.server.DefaultServerFactory: Registering jersey handler with root path prefix: /
INFO  [2026-08-24 11:45:29,829] io.dropwizard.server.DefaultServerFactory: Registering admin handler with root path prefix: /
INFO  [2026-08-24 11:45:29,830] io.dropwizard.server.ServerFactory: Starting App
INFO  [2026-08-24 11:45:29,832] org.eclipse.jetty.setuid.SetUIDListener: Opened application@63f2e0b{HTTP/1.1, (http/1.1)}{0.0.0.0:44025}
INFO  [2026-08-24 11:45:29,832] org.eclipse.jetty.setuid.SetUIDListener: Opened admin@5a06904{HTTP/1.1, (http/1.1)}{0.0.0.0:40341}
INFO  [2026-08-24 11:45:29,832] org.eclipse.jetty.server.Server: jetty-9.4.35.v20201120; built: 2020-11-20T21:17:03.964Z; git: bdc54f03a5e0a7e280fab27f55c3c75ee8da89fb; jvm 11.0.31+11-post-1ubuntu1-24.04.2-Ubuntu
INFO  [2026-08-24 11:45:29,833] org.eclipse.jetty.server.session: DefaultSessionIdManager workerName=node0
INFO  [2026-08-24 11:45:29,833] org.eclipse.jetty.server.session: No SessionScavenger set, using defaults
INFO  [2026-08-24 11:45:29,833] org.eclipse.jetty.server.session: node0 Scavenging every 600000ms
INFO  [2026-08-24 11:45:29,874] io.dropwizard.jersey.DropwizardResourceConfig: The following paths were found for the configured resources:

    GET     /dogs/{name} (org.pac4j.dropwizard.e2e.DogsResource)
    POST    /dogs/{name} (org.pac4j.dropwizard.e2e.DogsResource)

INFO  [2026-08-24 11:45:29,874] org.eclipse.jetty.server.handler.ContextHandler: Started i.d.j.MutableServletContextHandler@27d73d22{/,null,AVAILABLE}
INFO  [2026-08-24 11:45:29,874] io.dropwizard.setup.AdminEnvironment: tasks = 

    POST    /tasks/log-level (io.dropwizard.servlets.tasks.LogConfigurationTask)
    POST    /tasks/gc (io.dropwizard.servlets.tasks.GarbageCollectionTask)

WARN  [2026-08-24 11:45:29,875] io.dropwizard.setup.AdminEnvironment: 
!!!!!!!!!!!!!!!!!!!!!!!!!!!!!!!!!!!!!!!!!!!!!!!!!!!!!!!!!!!!!!!!!!!!!!!!!!!!!!!!
!!!!!!!!!!!!!!!!!!!!!!!!!!!!!!!!!!!!!!!!!!!!!!!!!!!!!!!!!!!!!!!!!!!!!!!!!!!!!!!!
!    THIS APPLICATION HAS NO HEALTHCHECKS. THIS MEANS YOU WILL NEVER KNOW      !
!     IF IT DIES IN PRODUCTION, WHICH MEANS YOU WILL NEVER KNOW IF YOU'RE      !
!    LETTING YOUR USERS DOWN. YOU SHOULD ADD A HEALTHCHECK FOR EACH OF YOUR    !
!         APPLICATION'S DEPENDENCIES WHICH FULLY (BUT LIGHTLY) TESTS IT.       !
!!!!!!!!!!!!!!!!!!!!!!!!!!!!!!!!!!!!!!!!!!!!!!!!!!!!!!!!!!!!!!!!!!!!!!!!!!!!!!!!
!!!!!!!!!!!!!!!!!!!!!!!!!!!!!!!!!!!!!!!!!!!!!!!!!!!!!!!!!!!!!!!!!!!!!!!!!!!!!!!!
INFO  [2026-08-24 11:45:29,875] org.eclipse.jetty.server.handler.ContextHandler: Started i.d.j.MutableServletContextHandler@e162a35{/,null,AVAILABLE}
INFO  [2026-08-24 11:45:29,885] org.eclipse.jetty.server.AbstractConnector: Started application@63f2e0b{HTTP/1.1, (http/1.1)}{0.0.0.0:44025}
INFO  [2026-08-24 11:45:29,886] org.eclipse.jetty.server.AbstractConnector: Started admin@5a06904{HTTP/1.1, (http/1.1)}{0.0.0.0:40341}
INFO  [2026-08-24 11:45:29,886] org.eclipse.jetty.server.Server: Started @3034ms
127.0.0.1 - - [24/Aug/2026:11:45:29 +0000] "POST /dogs/pierre HTTP/1.1" 200 6 "-" "Jersey/2.32 (HttpUrlConnection 11.0.31)" 12
INFO  [2026-08-24 11:45:29,919] org.eclipse.jetty.server.AbstractConnector: Stopped application@63f2e0b{HTTP/1.1, (http/1.1)}{0.0.0.0:0}
INFO  [2026-08-24 11:45:29,920] org.eclipse.jetty.server.AbstractConnector: Stopped admin@5a06904{HTTP/1.1, (http/1.1)}{0.0.0.0:0}
INFO  [2026-08-24 11:45:29,920] org.eclipse.jetty.server.session: node0 Stopped scavenging
INFO  [2026-08-24 11:45:29,920] org.eclipse.jetty.server.handler.ContextHandler: Stopped i.d.j.MutableServletContextHandler@e162a35{/,null,STOPPED}
INFO  [2026-08-24 11:45:29,921] org.eclipse.jetty.server.handler.ContextHandler: Stopped i.d.j.MutableServletContextHandler@27d73d22{/,null,STOPPED}
INFO  [2026-08-24 11:45:29,979] io.dropwizard.server.DefaultServerFactory: Registering jersey handler with root path prefix: /
INFO  [2026-08-24 11:45:29,979] io.dropwizard.server.DefaultServerFactory: Registering admin handler with root path prefix: /
INFO  [2026-08-24 11:45:29,980] io.dropwizard.server.ServerFactory: Starting App
INFO  [2026-08-24 11:45:29,982] org.eclipse.jetty.setuid.SetUIDListener: Opened application@48632f69{HTTP/1.1, (http/1.1)}{0.0.0.0:37999}
INFO  [2026-08-24 11:45:29,982] org.eclipse.jetty.setuid.SetUIDListener: Opened admin@5fde1d64{HTTP/1.1, (http/1.1)}{0.0.0.0:44563}
INFO  [2026-08-24 11:45:29,982] org.eclipse.jetty.server.Server: jetty-9.4.35.v20201120; built: 2020-11-20T21:17:03.964Z; git: bdc54f03a5e0a7e280fab27f55c3c75ee8da89fb; jvm 11.0.31+11-post-1ubuntu1-24.04.2-Ubuntu
INFO  [2026-08-24 11:45:29,983] org.eclipse.jetty.server.session: DefaultSessionIdManager workerName=node0
INFO  [2026-08-24 11:45:29,983] org.eclipse.jetty.server.session: No SessionScavenger set, using defaults
INFO  [2026-08-24 11:45:29,983] org.eclipse.jetty.server.session: node0 Scavenging every 600000ms
INFO  [2026-08-24 11:45:30,023] io.dropwizard.jersey.DropwizardResourceConfig: The following paths were found for the configured resources:

    GET     /dogs/{name} (org.pac4j.dropwizard.e2e.DogsResource)
    POST    /dogs/{name} (org.pac4j.dropwizard.e2e.DogsResource)

INFO  [2026-08-24 11:45:30,024] org.eclipse.jetty.server.handler.ContextHandler: Started i.d.j.MutableServletContextHandler@12aa519b{/,null,AVAILABLE}
INFO  [2026-08-24 11:45:30,024] io.dropwizard.setup.AdminEnvironment: tasks = 

    POST    /tasks/log-level (io.dropwizard.servlets.tasks.LogConfigurationTask)
    POST    /tasks/gc (io.dropwizard.servlets.tasks.GarbageCollectionTask)

WARN  [2026-08-24 11:45:30,024] io.dropwizard.setup.AdminEnvironment: 
!!!!!!!!!!!!!!!!!!!!!!!!!!!!!!!!!!!!!!!!!!!!!!!!!!!!!!!!!!!!!!!!!!!!!!!!!!!!!!!!
!!!!!!!!!!!!!!!!!!!!!!!!!!!!!!!!!!!!!!!!!!!!!!!!!!!!!!!!!!!!!!!!!!!!!!!!!!!!!!!!
!    THIS APPLICATION HAS NO HEALTHCHECKS. THIS MEANS YOU WILL NEVER KNOW      !
!     IF IT DIES IN PRODUCTION, WHICH MEANS YOU WILL NEVER KNOW IF YOU'RE      !
!    LETTING YOUR USERS DOWN. YOU SHOULD ADD A HEALTHCHECK FOR EACH OF YOUR    !
!         APPLICATION'S DEPENDENCIES WHICH FULLY (BUT LIGHTLY) TESTS IT.       !
!!!!!!!!!!!!!!!!!!!!!!!!!!!!!!!!!!!!!!!!!!!!!!!!!!!!!!!!!!!!!!!!!!!!!!!!!!!!!!!!
!!!!!!!!!!!!!!!!!!!!!!!!!!!!!!!!!!!!!!!!!!!!!!!!!!!!!!!!!!!!!!!!!!!!!!!!!!!!!!!!
INFO  [2026-08-24 11:45:30,024] org.eclipse.jetty.server.handler.ContextHandler: Started i.d.j.MutableServletContextHandler@6113a26f{/,null,AVAILABLE}
INFO  [2026-08-24 11:45:30,033] org.eclipse.jetty.server.AbstractConnector: Started application@48632f69{HTTP/1.1, (http/1.1)}{0.0.0.0:37999}
INFO  [2026-08-24 11:45:30,034] org.eclipse.jetty.server.AbstractConnector: Started admin@5fde1d64{HTTP/1.1, (http/1.1)}{0.0.0.0:44563}
INFO  [2026-08-24 11:45:30,034] org.eclipse.jetty.server.Server: Started @3182ms
INFO  [2026-08-24 11:45:30,054] org.pac4j.http.client.direct.DirectBasicAuthClient: Failed to retrieve or validate credentials: Username : 'boy' does not match password
127.0.0.1 - - [24/Aug/2026:11:45:30 +0000] "GET /dogs/pierre HTTP/1.1" 401 0 "-" "Jersey/2.32 (HttpUrlConnection 11.0.31)" 9
INFO  [2026-08-24 11:45:30,060] org.eclipse.jetty.server.AbstractConnector: Stopped application@48632f69{HTTP/1.1, (http/1.1)}{0.0.0.0:0}
INFO  [2026-08-24 11:45:30,060] org.eclipse.jetty.server.AbstractConnector: Stopped admin@5fde1d64{HTTP/1.1, (http/1.1)}{0.0.0.0:0}
INFO  [2026-08-24 11:45:30,060] org.eclipse.jetty.server.session: node0 Stopped scavenging
INFO  [2026-08-24 11:45:30,060] org.eclipse.jetty.server.handler.ContextHandler: Stopped i.d.j.MutableServletContextHandler@6113a26f{/,null,STOPPED}
INFO  [2026-08-24 11:45:30,061] org.eclipse.jetty.server.handler.ContextHandler: Stopped i.d.j.MutableServletContextHandler@12aa519b{/,null,STOPPED}
[INFO] Tests run: 3, Failures: 0, Errors: 0, Skipped: 0, Time elapsed: 0.439 s -- in org.pac4j.dropwizard.e2e.EndToEndTest
[INFO] Running org.pac4j.dropwizard.bundle.BundleFactoryTest
INFO  [2026-08-24 11:45:30,110] io.dropwizard.server.DefaultServerFactory: Registering jersey handler with root path prefix: /
INFO  [2026-08-24 11:45:30,110] io.dropwizard.server.DefaultServerFactory: Registering admin handler with root path prefix: /
INFO  [2026-08-24 11:45:30,111] io.dropwizard.server.ServerFactory: Starting App
INFO  [2026-08-24 11:45:30,113] org.eclipse.jetty.setuid.SetUIDListener: Opened application@596afb2f{HTTP/1.1, (http/1.1)}{0.0.0.0:32987}
INFO  [2026-08-24 11:45:30,113] org.eclipse.jetty.setuid.SetUIDListener: Opened admin@79ba0285{HTTP/1.1, (http/1.1)}{0.0.0.0:37125}
INFO  [2026-08-24 11:45:30,113] org.eclipse.jetty.server.Server: jetty-9.4.35.v20201120; built: 2020-11-20T21:17:03.964Z; git: bdc54f03a5e0a7e280fab27f55c3c75ee8da89fb; jvm 11.0.31+11-post-1ubuntu1-24.04.2-Ubuntu
INFO  [2026-08-24 11:45:30,114] org.eclipse.jetty.server.session: DefaultSessionIdManager workerName=node0
INFO  [2026-08-24 11:45:30,114] org.eclipse.jetty.server.session: No SessionScavenger set, using defaults
INFO  [2026-08-24 11:45:30,114] org.eclipse.jetty.server.session: node0 Scavenging every 660000ms
INFO  [2026-08-24 11:45:30,146] io.dropwizard.jersey.DropwizardResourceConfig: The following paths were found for the configured resources:

    NONE

INFO  [2026-08-24 11:45:30,146] org.eclipse.jetty.server.handler.ContextHandler: Started i.d.j.MutableServletContextHandler@4387d2f4{/,null,AVAILABLE}
INFO  [2026-08-24 11:45:30,146] io.dropwizard.setup.AdminEnvironment: tasks = 

    POST    /tasks/log-level (io.dropwizard.servlets.tasks.LogConfigurationTask)
    POST    /tasks/gc (io.dropwizard.servlets.tasks.GarbageCollectionTask)

WARN  [2026-08-24 11:45:30,146] io.dropwizard.setup.AdminEnvironment: 
!!!!!!!!!!!!!!!!!!!!!!!!!!!!!!!!!!!!!!!!!!!!!!!!!!!!!!!!!!!!!!!!!!!!!!!!!!!!!!!!
!!!!!!!!!!!!!!!!!!!!!!!!!!!!!!!!!!!!!!!!!!!!!!!!!!!!!!!!!!!!!!!!!!!!!!!!!!!!!!!!
!    THIS APPLICATION HAS NO HEALTHCHECKS. THIS MEANS YOU WILL NEVER KNOW      !
!     IF IT DIES IN PRODUCTION, WHICH MEANS YOU WILL NEVER KNOW IF YOU'RE      !
!    LETTING YOUR USERS DOWN. YOU SHOULD ADD A HEALTHCHECK FOR EACH OF YOUR    !
!         APPLICATION'S DEPENDENCIES WHICH FULLY (BUT LIGHTLY) TESTS IT.       !
!!!!!!!!!!!!!!!!!!!!!!!!!!!!!!!!!!!!!!!!!!!!!!!!!!!!!!!!!!!!!!!!!!!!!!!!!!!!!!!!
!!!!!!!!!!!!!!!!!!!!!!!!!!!!!!!!!!!!!!!!!!!!!!!!!!!!!!!!!!!!!!!!!!!!!!!!!!!!!!!!
INFO  [2026-08-24 11:45:30,147] org.eclipse.jetty.server.handler.ContextHandler: Started i.d.j.MutableServletContextHandler@93ce24d{/,null,AVAILABLE}
INFO  [2026-08-24 11:45:30,157] org.eclipse.jetty.server.AbstractConnector: Started application@596afb2f{HTTP/1.1, (http/1.1)}{0.0.0.0:32987}
INFO  [2026-08-24 11:45:30,158] org.eclipse.jetty.server.AbstractConnector: Started admin@79ba0285{HTTP/1.1, (http/1.1)}{0.0.0.0:37125}
INFO  [2026-08-24 11:45:30,158] org.eclipse.jetty.server.Server: Started @3306ms
INFO  [2026-08-24 11:45:30,168] org.eclipse.jetty.server.AbstractConnector: Stopped application@596afb2f{HTTP/1.1, (http/1.1)}{0.0.0.0:0}
INFO  [2026-08-24 11:45:30,168] org.eclipse.jetty.server.AbstractConnector: Stopped admin@79ba0285{HTTP/1.1, (http/1.1)}{0.0.0.0:0}
INFO  [2026-08-24 11:45:30,168] org.eclipse.jetty.server.session: node0 Stopped scavenging
INFO  [2026-08-24 11:45:30,168] org.eclipse.jetty.server.handler.ContextHandler: Stopped i.d.j.MutableServletContextHandler@93ce24d{/,null,STOPPED}
INFO  [2026-08-24 11:45:30,169] org.eclipse.jetty.server.handler.ContextHandler: Stopped i.d.j.MutableServletContextHandler@4387d2f4{/,null,STOPPED}
INFO  [2026-08-24 11:45:30,219] io.dropwizard.server.DefaultServerFactory: Registering jersey handler with root path prefix: /
INFO  [2026-08-24 11:45:30,219] io.dropwizard.server.DefaultServerFactory: Registering admin handler with root path prefix: /
INFO  [2026-08-24 11:45:30,220] io.dropwizard.server.ServerFactory: Starting App
INFO  [2026-08-24 11:45:30,223] org.eclipse.jetty.setuid.SetUIDListener: Opened application@4cf230bf{HTTP/1.1, (http/1.1)}{0.0.0.0:43075}
INFO  [2026-08-24 11:45:30,223] org.eclipse.jetty.setuid.SetUIDListener: Opened admin@3dc55719{HTTP/1.1, (http/1.1)}{0.0.0.0:40443}
INFO  [2026-08-24 11:45:30,223] org.eclipse.jetty.server.Server: jetty-9.4.35.v20201120; built: 2020-11-20T21:17:03.964Z; git: bdc54f03a5e0a7e280fab27f55c3c75ee8da89fb; jvm 11.0.31+11-post-1ubuntu1-24.04.2-Ubuntu
INFO  [2026-08-24 11:45:30,260] io.dropwizard.jersey.DropwizardResourceConfig: The following paths were found for the configured resources:

    NONE

INFO  [2026-08-24 11:45:30,261] org.eclipse.jetty.server.handler.ContextHandler: Started i.d.j.MutableServletContextHandler@2e0516a3{/,null,AVAILABLE}
INFO  [2026-08-24 11:45:30,261] io.dropwizard.setup.AdminEnvironment: tasks = 

    POST    /tasks/log-level (io.dropwizard.servlets.tasks.LogConfigurationTask)
    POST    /tasks/gc (io.dropwizard.servlets.tasks.GarbageCollectionTask)

WARN  [2026-08-24 11:45:30,261] io.dropwizard.setup.AdminEnvironment: 
!!!!!!!!!!!!!!!!!!!!!!!!!!!!!!!!!!!!!!!!!!!!!!!!!!!!!!!!!!!!!!!!!!!!!!!!!!!!!!!!
!!!!!!!!!!!!!!!!!!!!!!!!!!!!!!!!!!!!!!!!!!!!!!!!!!!!!!!!!!!!!!!!!!!!!!!!!!!!!!!!
!    THIS APPLICATION HAS NO HEALTHCHECKS. THIS MEANS YOU WILL NEVER KNOW      !
!     IF IT DIES IN PRODUCTION, WHICH MEANS YOU WILL NEVER KNOW IF YOU'RE      !
!    LETTING YOUR USERS DOWN. YOU SHOULD ADD A HEALTHCHECK FOR EACH OF YOUR    !
!         APPLICATION'S DEPENDENCIES WHICH FULLY (BUT LIGHTLY) TESTS IT.       !
!!!!!!!!!!!!!!!!!!!!!!!!!!!!!!!!!!!!!!!!!!!!!!!!!!!!!!!!!!!!!!!!!!!!!!!!!!!!!!!!
!!!!!!!!!!!!!!!!!!!!!!!!!!!!!!!!!!!!!!!!!!!!!!!!!!!!!!!!!!!!!!!!!!!!!!!!!!!!!!!!
INFO  [2026-08-24 11:45:30,261] org.eclipse.jetty.server.handler.ContextHandler: Started i.d.j.MutableServletContextHandler@20184ade{/,null,AVAILABLE}
INFO  [2026-08-24 11:45:30,271] org.eclipse.jetty.server.AbstractConnector: Started application@4cf230bf{HTTP/1.1, (http/1.1)}{0.0.0.0:43075}
INFO  [2026-08-24 11:45:30,272] org.eclipse.jetty.server.AbstractConnector: Started admin@3dc55719{HTTP/1.1, (http/1.1)}{0.0.0.0:40443}
INFO  [2026-08-24 11:45:30,272] org.eclipse.jetty.server.Server: Started @3420ms
INFO  [2026-08-24 11:45:30,276] org.eclipse.jetty.server.AbstractConnector: Stopped application@4cf230bf{HTTP/1.1, (http/1.1)}{0.0.0.0:0}
INFO  [2026-08-24 11:45:30,276] org.eclipse.jetty.server.AbstractConnector: Stopped admin@3dc55719{HTTP/1.1, (http/1.1)}{0.0.0.0:0}
INFO  [2026-08-24 11:45:30,276] org.eclipse.jetty.server.handler.ContextHandler: Stopped i.d.j.MutableServletContextHandler@20184ade{/,null,STOPPED}
INFO  [2026-08-24 11:45:30,277] org.eclipse.jetty.server.handler.ContextHandler: Stopped i.d.j.MutableServletContextHandler@2e0516a3{/,null,STOPPED}
INFO  [2026-08-24 11:45:30,319] io.dropwizard.server.DefaultServerFactory: Registering jersey handler with root path prefix: /
INFO  [2026-08-24 11:45:30,319] io.dropwizard.server.DefaultServerFactory: Registering admin handler with root path prefix: /
INFO  [2026-08-24 11:45:30,320] io.dropwizard.server.ServerFactory: Starting App
INFO  [2026-08-24 11:45:30,322] org.eclipse.jetty.setuid.SetUIDListener: Opened application@1f6f0fe2{HTTP/1.1, (http/1.1)}{0.0.0.0:42933}
INFO  [2026-08-24 11:45:30,322] org.eclipse.jetty.setuid.SetUIDListener: Opened admin@22604c7e{HTTP/1.1, (http/1.1)}{0.0.0.0:33253}
INFO  [2026-08-24 11:45:30,322] org.eclipse.jetty.server.Server: jetty-9.4.35.v20201120; built: 2020-11-20T21:17:03.964Z; git: bdc54f03a5e0a7e280fab27f55c3c75ee8da89fb; jvm 11.0.31+11-post-1ubuntu1-24.04.2-Ubuntu
INFO  [2026-08-24 11:45:30,350] io.dropwizard.jersey.DropwizardResourceConfig: The following paths were found for the configured resources:

    NONE

INFO  [2026-08-24 11:45:30,350] org.eclipse.jetty.server.handler.ContextHandler: Started i.d.j.MutableServletContextHandler@2ef913a4{/,null,AVAILABLE}
INFO  [2026-08-24 11:45:30,350] io.dropwizard.setup.AdminEnvironment: tasks = 

    POST    /tasks/log-level (io.dropwizard.servlets.tasks.LogConfigurationTask)
    POST    /tasks/gc (io.dropwizard.servlets.tasks.GarbageCollectionTask)

WARN  [2026-08-24 11:45:30,350] io.dropwizard.setup.AdminEnvironment: 
!!!!!!!!!!!!!!!!!!!!!!!!!!!!!!!!!!!!!!!!!!!!!!!!!!!!!!!!!!!!!!!!!!!!!!!!!!!!!!!!
!!!!!!!!!!!!!!!!!!!!!!!!!!!!!!!!!!!!!!!!!!!!!!!!!!!!!!!!!!!!!!!!!!!!!!!!!!!!!!!!
!    THIS APPLICATION HAS NO HEALTHCHECKS. THIS MEANS YOU WILL NEVER KNOW      !
!     IF IT DIES IN PRODUCTION, WHICH MEANS YOU WILL NEVER KNOW IF YOU'RE      !
!    LETTING YOUR USERS DOWN. YOU SHOULD ADD A HEALTHCHECK FOR EACH OF YOUR    !
!         APPLICATION'S DEPENDENCIES WHICH FULLY (BUT LIGHTLY) TESTS IT.       !
!!!!!!!!!!!!!!!!!!!!!!!!!!!!!!!!!!!!!!!!!!!!!!!!!!!!!!!!!!!!!!!!!!!!!!!!!!!!!!!!
!!!!!!!!!!!!!!!!!!!!!!!!!!!!!!!!!!!!!!!!!!!!!!!!!!!!!!!!!!!!!!!!!!!!!!!!!!!!!!!!
INFO  [2026-08-24 11:45:30,351] org.eclipse.jetty.server.handler.ContextHandler: Started i.d.j.MutableServletContextHandler@145fe8ab{/,null,AVAILABLE}
INFO  [2026-08-24 11:45:30,360] org.eclipse.jetty.server.AbstractConnector: Started application@1f6f0fe2{HTTP/1.1, (http/1.1)}{0.0.0.0:42933}
INFO  [2026-08-24 11:45:30,361] org.eclipse.jetty.server.AbstractConnector: Started admin@22604c7e{HTTP/1.1, (http/1.1)}{0.0.0.0:33253}
INFO  [2026-08-24 11:45:30,361] org.eclipse.jetty.server.Server: Started @3509ms
INFO  [2026-08-24 11:45:30,364] org.eclipse.jetty.server.AbstractConnector: Stopped application@1f6f0fe2{HTTP/1.1, (http/1.1)}{0.0.0.0:0}
INFO  [2026-08-24 11:45:30,365] org.eclipse.jetty.server.AbstractConnector: Stopped admin@22604c7e{HTTP/1.1, (http/1.1)}{0.0.0.0:0}
INFO  [2026-08-24 11:45:30,365] org.eclipse.jetty.server.handler.ContextHandler: Stopped i.d.j.MutableServletContextHandler@145fe8ab{/,null,STOPPED}
INFO  [2026-08-24 11:45:30,366] org.eclipse.jetty.server.handler.ContextHandler: Stopped i.d.j.MutableServletContextHandler@2ef913a4{/,null,STOPPED}
INFO  [2026-08-24 11:45:30,407] io.dropwizard.server.DefaultServerFactory: Registering jersey handler with root path prefix: /
INFO  [2026-08-24 11:45:30,407] io.dropwizard.server.DefaultServerFactory: Registering admin handler with root path prefix: /
INFO  [2026-08-24 11:45:30,408] io.dropwizard.server.ServerFactory: Starting App
INFO  [2026-08-24 11:45:30,410] org.eclipse.jetty.setuid.SetUIDListener: Opened application@65503a26{HTTP/1.1, (http/1.1)}{0.0.0.0:41577}
INFO  [2026-08-24 11:45:30,410] org.eclipse.jetty.setuid.SetUIDListener: Opened admin@13aa54f1{HTTP/1.1, (http/1.1)}{0.0.0.0:45205}
INFO  [2026-08-24 11:45:30,410] org.eclipse.jetty.server.Server: jetty-9.4.35.v20201120; built: 2020-11-20T21:17:03.964Z; git: bdc54f03a5e0a7e280fab27f55c3c75ee8da89fb; jvm 11.0.31+11-post-1ubuntu1-24.04.2-Ubuntu
INFO  [2026-08-24 11:45:30,410] org.eclipse.jetty.server.session: DefaultSessionIdManager workerName=node0
INFO  [2026-08-24 11:45:30,410] org.eclipse.jetty.server.session: No SessionScavenger set, using defaults
INFO  [2026-08-24 11:45:30,410] org.eclipse.jetty.server.session: node0 Scavenging every 660000ms
INFO  [2026-08-24 11:45:30,453] io.dropwizard.jersey.DropwizardResourceConfig: The following paths were found for the configured resources:

    NONE

INFO  [2026-08-24 11:45:30,453] org.eclipse.jetty.server.handler.ContextHandler: Started i.d.j.MutableServletContextHandler@773c7147{/,null,AVAILABLE}
INFO  [2026-08-24 11:45:30,454] io.dropwizard.setup.AdminEnvironment: tasks = 

    POST    /tasks/log-level (io.dropwizard.servlets.tasks.LogConfigurationTask)
    POST    /tasks/gc (io.dropwizard.servlets.tasks.GarbageCollectionTask)

WARN  [2026-08-24 11:45:30,454] io.dropwizard.setup.AdminEnvironment: 
!!!!!!!!!!!!!!!!!!!!!!!!!!!!!!!!!!!!!!!!!!!!!!!!!!!!!!!!!!!!!!!!!!!!!!!!!!!!!!!!
!!!!!!!!!!!!!!!!!!!!!!!!!!!!!!!!!!!!!!!!!!!!!!!!!!!!!!!!!!!!!!!!!!!!!!!!!!!!!!!!
!    THIS APPLICATION HAS NO HEALTHCHECKS. THIS MEANS YOU WILL NEVER KNOW      !
!     IF IT DIES IN PRODUCTION, WHICH MEANS YOU WILL NEVER KNOW IF YOU'RE      !
!    LETTING YOUR USERS DOWN. YOU SHOULD ADD A HEALTHCHECK FOR EACH OF YOUR    !
!         APPLICATION'S DEPENDENCIES WHICH FULLY (BUT LIGHTLY) TESTS IT.       !
!!!!!!!!!!!!!!!!!!!!!!!!!!!!!!!!!!!!!!!!!!!!!!!!!!!!!!!!!!!!!!!!!!!!!!!!!!!!!!!!
!!!!!!!!!!!!!!!!!!!!!!!!!!!!!!!!!!!!!!!!!!!!!!!!!!!!!!!!!!!!!!!!!!!!!!!!!!!!!!!!
INFO  [2026-08-24 11:45:30,454] org.eclipse.jetty.server.handler.ContextHandler: Started i.d.j.MutableServletContextHandler@5c3007d{/,null,AVAILABLE}
INFO  [2026-08-24 11:45:30,480] org.eclipse.jetty.server.AbstractConnector: Started application@65503a26{HTTP/1.1, (http/1.1)}{0.0.0.0:41577}
INFO  [2026-08-24 11:45:30,481] org.eclipse.jetty.server.AbstractConnector: Started admin@13aa54f1{HTTP/1.1, (http/1.1)}{0.0.0.0:45205}
INFO  [2026-08-24 11:45:30,481] org.eclipse.jetty.server.Server: Started @3629ms
INFO  [2026-08-24 11:45:30,485] org.eclipse.jetty.server.AbstractConnector: Stopped application@65503a26{HTTP/1.1, (http/1.1)}{0.0.0.0:0}
INFO  [2026-08-24 11:45:30,485] org.eclipse.jetty.server.AbstractConnector: Stopped admin@13aa54f1{HTTP/1.1, (http/1.1)}{0.0.0.0:0}
INFO  [2026-08-24 11:45:30,485] org.eclipse.jetty.server.session: node0 Stopped scavenging
INFO  [2026-08-24 11:45:30,485] org.eclipse.jetty.server.handler.ContextHandler: Stopped i.d.j.MutableServletContextHandler@5c3007d{/,null,STOPPED}
INFO  [2026-08-24 11:45:30,487] org.eclipse.jetty.server.handler.ContextHandler: Stopped i.d.j.MutableServletContextHandler@773c7147{/,null,STOPPED}
[INFO] Tests run: 4, Failures: 0, Errors: 0, Skipped: 0, Time elapsed: 0.416 s -- in org.pac4j.dropwizard.bundle.BundleFactoryTest
[INFO] Running org.pac4j.dropwizard.factory.DefaultConfigurationTest
WARN  [2026-08-24 19:45:30,847] org.pac4j.core.matching.matcher.PathMatcher: Be careful when using the 'excludeBranch' or 'excludeRegex' methods. They use regular expressions and their definitions may be error prone. You could exclude more URLs than expected.
INFO  [2026-08-24 19:45:30,870] org.pac4j.core.config.ConfigBuilder: Build the configuration from factory: org.pac4j.dropwizard.factory.FakeConfigFactory
[INFO] Tests run: 6, Failures: 0, Errors: 0, Skipped: 0, Time elapsed: 0.431 s -- in org.pac4j.dropwizard.factory.DefaultConfigurationTest
[INFO] 
[INFO] Results:
[INFO] 
[INFO] Tests run: 16, Failures: 0, Errors: 0, Skipped: 0
[INFO] 
[INFO] ------------------------------------------------------------------------
[INFO] BUILD SUCCESS
[INFO] ------------------------------------------------------------------------
[INFO] Total time:  9.405 s
[INFO] Finished at: 2026-08-24T19:45:31+08:00
[INFO] ------------------------------------------------------------------------
