[INFO] Scanning for projects...
[WARNING] 
[WARNING] Some problems were encountered while building the effective model for com.spotify:github-client:jar:0.1.32-SNAPSHOT
[WARNING] 'build.plugins.plugin.version' for org.apache.maven.plugins:maven-javadoc-plugin is missing. @ line 508, column 21
[WARNING] 
[WARNING] It is highly recommended to fix these problems because they threaten the stability of your build.
[WARNING] 
[WARNING] For this reason, future Maven versions might no longer support building such malformed projects.
[WARNING] 
[INFO] 
[INFO] ---------------------< com.spotify:github-client >----------------------
[INFO] Building github-client 0.1.32-SNAPSHOT
[INFO]   from pom.xml
[INFO] --------------------------------[ jar ]---------------------------------
[INFO] Artifact com.google.errorprone:error_prone_annotations:jar:2.3.4 is present in the local repository, but cached from a remote repository ID that is unavailable in current build context, verifying that is downloadable from [apache.snapshots (https://repository.apache.org/content/repositories/snapshots/, default, snapshots), ossrh (https://oss.sonatype.org/content/repositories/releases/, default, releases), central (https://repo.maven.apache.org/maven2, default, releases)]
[INFO] Artifact com.lmax:disruptor:jar:3.4.2 is present in the local repository, but cached from a remote repository ID that is unavailable in current build context, verifying that is downloadable from [apache.snapshots (https://repository.apache.org/content/repositories/snapshots/, default, snapshots), ossrh (https://oss.sonatype.org/content/repositories/releases/, default, releases), central (https://repo.maven.apache.org/maven2, default, releases)]
[INFO] Artifact com.google.errorprone:error_prone_annotations:jar:2.3.4 is present in the local repository, but cached from a remote repository ID that is unavailable in current build context, verifying that is downloadable from [apache.snapshots (https://repository.apache.org/content/repositories/snapshots/, default, snapshots), ossrh (https://oss.sonatype.org/content/repositories/releases/, default, releases), central (https://repo.maven.apache.org/maven2, default, releases)]
[INFO] Artifact com.lmax:disruptor:jar:3.4.2 is present in the local repository, but cached from a remote repository ID that is unavailable in current build context, verifying that is downloadable from [apache.snapshots (https://repository.apache.org/content/repositories/snapshots/, default, snapshots), ossrh (https://oss.sonatype.org/content/repositories/releases/, default, releases), central (https://repo.maven.apache.org/maven2, default, releases)]
[INFO] 
[INFO] --- clean:3.2.0:clean (default-clean) @ github-client ---
[INFO] 
[INFO] --- enforcer:1.4.1:enforce (enforce) @ github-client ---
[INFO] 
[INFO] --- checkstyle:3.1.1:check (validate) @ github-client ---
[INFO] Artifact javax.activation:javax.activation-api:pom:1.2.0 is present in the local repository, but cached from a remote repository ID that is unavailable in current build context, verifying that is downloadable from [central (https://repo.maven.apache.org/maven2, default, releases), apache.snapshots (https://repository.apache.org/snapshots, default, snapshots), jvnet-nexus-releases (https://maven.java.net/content/repositories/releases/, default, releases)]
[INFO] Artifact javax.activation:javax.activation-api:pom:1.2.0 is present in the local repository, but cached from a remote repository ID that is unavailable in current build context, verifying that is downloadable from [central (https://repo.maven.apache.org/maven2, default, releases), apache.snapshots (https://repository.apache.org/snapshots, default, snapshots), jvnet-nexus-releases (https://maven.java.net/content/repositories/releases/, default, releases)]
[INFO] Artifact com.sun.activation:all:pom:1.2.0 is present in the local repository, but cached from a remote repository ID that is unavailable in current build context, verifying that is downloadable from [central (https://repo.maven.apache.org/maven2, default, releases), apache.snapshots (https://repository.apache.org/snapshots, default, snapshots), jvnet-nexus-releases (https://maven.java.net/content/repositories/releases/, default, releases)]
[INFO] Artifact com.sun.activation:all:pom:1.2.0 is present in the local repository, but cached from a remote repository ID that is unavailable in current build context, verifying that is downloadable from [central (https://repo.maven.apache.org/maven2, default, releases), apache.snapshots (https://repository.apache.org/snapshots, default, snapshots), jvnet-nexus-releases (https://maven.java.net/content/repositories/releases/, default, releases)]
[INFO] Artifact com.google.errorprone:error_prone_annotations:jar:2.3.4 is present in the local repository, but cached from a remote repository ID that is unavailable in current build context, verifying that is downloadable from [central (https://repo.maven.apache.org/maven2, default, releases), apache.snapshots (https://repository.apache.org/snapshots, default, snapshots), sonatype-nexus-snapshots (https://oss.sonatype.org/content/repositories/snapshots, default, snapshots)]
[INFO] Artifact javax.activation:javax.activation-api:jar:1.2.0 is present in the local repository, but cached from a remote repository ID that is unavailable in current build context, verifying that is downloadable from [central (https://repo.maven.apache.org/maven2, default, releases), apache.snapshots (https://repository.apache.org/snapshots, default, snapshots), jvnet-nexus-releases (https://maven.java.net/content/repositories/releases/, default, releases)]
[INFO] Artifact com.google.errorprone:error_prone_annotations:jar:2.3.4 is present in the local repository, but cached from a remote repository ID that is unavailable in current build context, verifying that is downloadable from [central (https://repo.maven.apache.org/maven2, default, releases), apache.snapshots (https://repository.apache.org/snapshots, default, snapshots), sonatype-nexus-snapshots (https://oss.sonatype.org/content/repositories/snapshots, default, snapshots)]
[INFO] Artifact javax.activation:javax.activation-api:jar:1.2.0 is present in the local repository, but cached from a remote repository ID that is unavailable in current build context, verifying that is downloadable from [central (https://repo.maven.apache.org/maven2, default, releases), apache.snapshots (https://repository.apache.org/snapshots, default, snapshots), jvnet-nexus-releases (https://maven.java.net/content/repositories/releases/, default, releases)]
[INFO] Starting audit...
Audit done.
[INFO] You have 0 Checkstyle violations.
[INFO] 
[INFO] --- license:1.20:check-file-header (check-file-header) @ github-client ---
[INFO] Will search files to update from root /tmp/jackson-work/github-java-client-a1/src/main/java
[INFO] Will search files to update from root /tmp/jackson-work/github-java-client-a1/src/test/java
[INFO] Scan 189 files header done in 92.803ms.
[INFO] All files are up-to-date.
[INFO] 
[INFO] --- resources:3.3.1:resources (default-resources) @ github-client ---
[INFO] skip non existing resourceDirectory /tmp/jackson-work/github-java-client-a1/src/main/resources
[INFO] 
[INFO] --- compiler:3.8.1:compile (default-compile) @ github-client ---
[INFO] Changes detected - recompiling the module!
[INFO] Compiling 148 source files to /tmp/jackson-work/github-java-client-a1/target/classes
[WARNING] /tmp/jackson-work/github-java-client-a1/src/main/java/com/spotify/github/v3/prs/PullRequestLinks.java:[37,8] (immutables:subtype) Should not inherit com.spotify.github.Links which is a value type itself. Avoid extending from another abstract value type. Better to share common abstract class or interface which are not carrying @Immutable annotation. If still extending from immutable abstract type be ready to face some incoherences in generated types.
[WARNING] /tmp/jackson-work/github-java-client-a1/src/main/java/com/spotify/github/v3/activity/events/DeleteEvent.java:[34,8] (immutables:subtype) Should not inherit com.spotify.github.v3.activity.events.BaseEvent which is a value type itself. Avoid extending from another abstract value type. Better to share common abstract class or interface which are not carrying @Immutable annotation. If still extending from immutable abstract type be ready to face some incoherences in generated types.
[WARNING] /tmp/jackson-work/github-java-client-a1/src/main/java/com/spotify/github/v3/search/SearchUsers.java:[36,8] (immutables:subtype) Should not inherit com.spotify.github.v3.search.Search which is a value type itself. Avoid extending from another abstract value type. Better to share common abstract class or interface which are not carrying @Immutable annotation. If still extending from immutable abstract type be ready to face some incoherences in generated types.
[WARNING] /tmp/jackson-work/github-java-client-a1/src/main/java/com/spotify/github/v3/comment/Comment.java:[38,8] (immutables:subtype) Should not inherit com.spotify.github.UpdateTracking which is a value type itself. Avoid extending from another abstract value type. Better to share common abstract class or interface which are not carrying @Immutable annotation. If still extending from immutable abstract type be ready to face some incoherences in generated types.
[WARNING] /tmp/jackson-work/github-java-client-a1/src/main/java/com/spotify/github/v3/activity/events/CommitCommentEvent.java:[35,8] (immutables:subtype) Should not inherit com.spotify.github.v3.activity.events.BaseEvent which is a value type itself. Avoid extending from another abstract value type. Better to share common abstract class or interface which are not carrying @Immutable annotation. If still extending from immutable abstract type be ready to face some incoherences in generated types.
[WARNING] /tmp/jackson-work/github-java-client-a1/src/main/java/com/spotify/github/v3/activity/events/ForkEvent.java:[35,8] (immutables:subtype) Should not inherit com.spotify.github.v3.activity.events.BaseEvent which is a value type itself. Avoid extending from another abstract value type. Better to share common abstract class or interface which are not carrying @Immutable annotation. If still extending from immutable abstract type be ready to face some incoherences in generated types.
[WARNING] /tmp/jackson-work/github-java-client-a1/src/main/java/com/spotify/github/v3/activity/events/DeploymentStatusEvent.java:[40,8] (immutables:subtype) Should not inherit com.spotify.github.v3.activity.events.BaseEvent which is a value type itself. Avoid extending from another abstract value type. Better to share common abstract class or interface which are not carrying @Immutable annotation. If still extending from immutable abstract type be ready to face some incoherences in generated types.
[WARNING] /tmp/jackson-work/github-java-client-a1/src/main/java/com/spotify/github/v3/activity/events/IssuesEvent.java:[38,8] (immutables:subtype) Should not inherit com.spotify.github.v3.activity.events.BaseEvent which is a value type itself. Avoid extending from another abstract value type. Better to share common abstract class or interface which are not carrying @Immutable annotation. If still extending from immutable abstract type be ready to face some incoherences in generated types.
[WARNING] /tmp/jackson-work/github-java-client-a1/src/main/java/com/spotify/github/v3/activity/events/PullRequestEvent.java:[38,8] (immutables:subtype) Should not inherit com.spotify.github.v3.activity.events.BaseEvent which is a value type itself. Avoid extending from another abstract value type. Better to share common abstract class or interface which are not carrying @Immutable annotation. If still extending from immutable abstract type be ready to face some incoherences in generated types.
[WARNING] /tmp/jackson-work/github-java-client-a1/src/main/java/com/spotify/github/v3/issues/Issue.java:[40,8] (immutables:subtype) Should not inherit com.spotify.github.CloseTracking which is a value type itself. Avoid extending from another abstract value type. Better to share common abstract class or interface which are not carrying @Immutable annotation. If still extending from immutable abstract type be ready to face some incoherences in generated types.
[WARNING] /tmp/jackson-work/github-java-client-a1/src/main/java/com/spotify/github/v3/issues/Issue.java:[40,8] (immutables:subtype) Should not inherit com.spotify.github.UpdateTracking which is a value type itself. Avoid extending from another abstract value type. Better to share common abstract class or interface which are not carrying @Immutable annotation. If still extending from immutable abstract type be ready to face some incoherences in generated types.
[WARNING] /tmp/jackson-work/github-java-client-a1/src/main/java/com/spotify/github/v3/issues/Issue.java:[52,17] (immutables:untype) @Nullable on a Optional attribute make it lose its special treatment
[WARNING] /tmp/jackson-work/github-java-client-a1/src/main/java/com/spotify/github/v3/issues/Issue.java:[56,17] (immutables:untype) @Nullable on a Optional attribute make it lose its special treatment
[WARNING] /tmp/jackson-work/github-java-client-a1/src/main/java/com/spotify/github/v3/issues/Issue.java:[84,20] (immutables:untype) @Nullable on a Optional attribute make it lose its special treatment
[WARNING] /tmp/jackson-work/github-java-client-a1/src/main/java/com/spotify/github/v3/prs/Comment.java:[43,8] (immutables:subtype) Should not inherit com.spotify.github.UpdateTracking which is a value type itself. Avoid extending from another abstract value type. Better to share common abstract class or interface which are not carrying @Immutable annotation. If still extending from immutable abstract type be ready to face some incoherences in generated types.
[WARNING] /tmp/jackson-work/github-java-client-a1/src/main/java/com/spotify/github/v3/activity/events/RepositoryEvent.java:[39,8] (immutables:subtype) Should not inherit com.spotify.github.v3.activity.events.BaseEvent which is a value type itself. Avoid extending from another abstract value type. Better to share common abstract class or interface which are not carrying @Immutable annotation. If still extending from immutable abstract type be ready to face some incoherences in generated types.
[WARNING] /tmp/jackson-work/github-java-client-a1/src/main/java/com/spotify/github/v3/repos/RepositoryBase.java:[39,8] (immutables:subtype) Should not inherit com.spotify.github.UpdateTracking which is a value type itself. Avoid extending from another abstract value type. Better to share common abstract class or interface which are not carrying @Immutable annotation. If still extending from immutable abstract type be ready to face some incoherences in generated types.
[WARNING] /tmp/jackson-work/github-java-client-a1/src/main/java/com/spotify/github/v3/git/Tag.java:[34,8] (immutables:subtype) Should not inherit com.spotify.github.v3.git.ShaLink which is a value type itself. Avoid extending from another abstract value type. Better to share common abstract class or interface which are not carrying @Immutable annotation. If still extending from immutable abstract type be ready to face some incoherences in generated types.
[WARNING] /tmp/jackson-work/github-java-client-a1/src/main/java/com/spotify/github/CloseTracking.java:[36,8] (immutables:subtype) Should not inherit com.spotify.github.UpdateTracking which is a value type itself. Avoid extending from another abstract value type. Better to share common abstract class or interface which are not carrying @Immutable annotation. If still extending from immutable abstract type be ready to face some incoherences in generated types.
[WARNING] /tmp/jackson-work/github-java-client-a1/src/main/java/com/spotify/github/v3/search/SearchRepositories.java:[36,8] (immutables:subtype) Should not inherit com.spotify.github.v3.search.Search which is a value type itself. Avoid extending from another abstract value type. Better to share common abstract class or interface which are not carrying @Immutable annotation. If still extending from immutable abstract type be ready to face some incoherences in generated types.
[WARNING] /tmp/jackson-work/github-java-client-a1/src/main/java/com/spotify/github/v3/prs/CommentLinks.java:[36,8] (immutables:subtype) Should not inherit com.spotify.github.Links which is a value type itself. Avoid extending from another abstract value type. Better to share common abstract class or interface which are not carrying @Immutable annotation. If still extending from immutable abstract type be ready to face some incoherences in generated types.
[WARNING] /tmp/jackson-work/github-java-client-a1/src/main/java/com/spotify/github/v3/search/SearchIssue.java:[35,8] (immutables:subtype) Should not inherit com.spotify.github.v3.issues.Issue which is a value type itself. Avoid extending from another abstract value type. Better to share common abstract class or interface which are not carrying @Immutable annotation. If still extending from immutable abstract type be ready to face some incoherences in generated types.
[WARNING] /tmp/jackson-work/github-java-client-a1/src/main/java/com/spotify/github/v3/search/SearchIssue.java:[35,8] (immutables:subtype) Should not inherit com.spotify.github.CloseTracking which is a value type itself. Avoid extending from another abstract value type. Better to share common abstract class or interface which are not carrying @Immutable annotation. If still extending from immutable abstract type be ready to face some incoherences in generated types.
[WARNING] /tmp/jackson-work/github-java-client-a1/src/main/java/com/spotify/github/v3/search/SearchIssue.java:[35,8] (immutables:subtype) Should not inherit com.spotify.github.UpdateTracking which is a value type itself. Avoid extending from another abstract value type. Better to share common abstract class or interface which are not carrying @Immutable annotation. If still extending from immutable abstract type be ready to face some incoherences in generated types.
[WARNING] /tmp/jackson-work/github-java-client-a1/src/main/java/com/spotify/github/v3/issues/Issue.java:[52,17] (immutables:untype) @Nullable on a Optional attribute make it lose its special treatment
[WARNING] /tmp/jackson-work/github-java-client-a1/src/main/java/com/spotify/github/v3/issues/Issue.java:[56,17] (immutables:untype) @Nullable on a Optional attribute make it lose its special treatment
[WARNING] /tmp/jackson-work/github-java-client-a1/src/main/java/com/spotify/github/v3/issues/Issue.java:[84,20] (immutables:untype) @Nullable on a Optional attribute make it lose its special treatment
[WARNING] /tmp/jackson-work/github-java-client-a1/src/main/java/com/spotify/github/v3/repos/Content.java:[34,8] (immutables:subtype) Should not inherit com.spotify.github.v3.repos.FolderContent which is a value type itself. Avoid extending from another abstract value type. Better to share common abstract class or interface which are not carrying @Immutable annotation. If still extending from immutable abstract type be ready to face some incoherences in generated types.
[WARNING] /tmp/jackson-work/github-java-client-a1/src/main/java/com/spotify/github/v3/repos/Content.java:[34,8] (immutables:subtype) Should not inherit com.spotify.github.v3.git.ShaLink which is a value type itself. Avoid extending from another abstract value type. Better to share common abstract class or interface which are not carrying @Immutable annotation. If still extending from immutable abstract type be ready to face some incoherences in generated types.
[WARNING] /tmp/jackson-work/github-java-client-a1/src/main/java/com/spotify/github/v3/activity/events/PushEvent.java:[97,24] (immutables:untype) @Nullable on a Optional attribute make it lose its special treatment
[WARNING] /tmp/jackson-work/github-java-client-a1/src/main/java/com/spotify/github/v3/git/TreeItem.java:[34,8] (immutables:subtype) Should not inherit com.spotify.github.v3.git.ShaLink which is a value type itself. Avoid extending from another abstract value type. Better to share common abstract class or interface which are not carrying @Immutable annotation. If still extending from immutable abstract type be ready to face some incoherences in generated types.
[WARNING] /tmp/jackson-work/github-java-client-a1/src/main/java/com/spotify/github/v3/repos/Commit.java:[37,8] (immutables:subtype) Should not inherit com.spotify.github.v3.repos.CommitItem which is a value type itself. Avoid extending from another abstract value type. Better to share common abstract class or interface which are not carrying @Immutable annotation. If still extending from immutable abstract type be ready to face some incoherences in generated types.
[WARNING] /tmp/jackson-work/github-java-client-a1/src/main/java/com/spotify/github/v3/repos/Commit.java:[37,8] (immutables:subtype) Should not inherit com.spotify.github.v3.git.ShaLink which is a value type itself. Avoid extending from another abstract value type. Better to share common abstract class or interface which are not carrying @Immutable annotation. If still extending from immutable abstract type be ready to face some incoherences in generated types.
[WARNING] /tmp/jackson-work/github-java-client-a1/src/main/java/com/spotify/github/v3/activity/events/IssueCommentEvent.java:[38,8] (immutables:subtype) Should not inherit com.spotify.github.v3.activity.events.BaseEvent which is a value type itself. Avoid extending from another abstract value type. Better to share common abstract class or interface which are not carrying @Immutable annotation. If still extending from immutable abstract type be ready to face some incoherences in generated types.
[WARNING] /tmp/jackson-work/github-java-client-a1/src/main/java/com/spotify/github/v3/Milestone.java:[38,8] (immutables:subtype) Should not inherit com.spotify.github.CloseTracking which is a value type itself. Avoid extending from another abstract value type. Better to share common abstract class or interface which are not carrying @Immutable annotation. If still extending from immutable abstract type be ready to face some incoherences in generated types.
[WARNING] /tmp/jackson-work/github-java-client-a1/src/main/java/com/spotify/github/v3/Milestone.java:[38,8] (immutables:subtype) Should not inherit com.spotify.github.UpdateTracking which is a value type itself. Avoid extending from another abstract value type. Better to share common abstract class or interface which are not carrying @Immutable annotation. If still extending from immutable abstract type be ready to face some incoherences in generated types.
[WARNING] /tmp/jackson-work/github-java-client-a1/src/main/java/com/spotify/github/v3/prs/PullRequest.java:[39,8] (immutables:subtype) Should not inherit com.spotify.github.v3.prs.PullRequestItem which is a value type itself. Avoid extending from another abstract value type. Better to share common abstract class or interface which are not carrying @Immutable annotation. If still extending from immutable abstract type be ready to face some incoherences in generated types.
[WARNING] /tmp/jackson-work/github-java-client-a1/src/main/java/com/spotify/github/v3/prs/PullRequest.java:[39,8] (immutables:subtype) Should not inherit com.spotify.github.CloseTracking which is a value type itself. Avoid extending from another abstract value type. Better to share common abstract class or interface which are not carrying @Immutable annotation. If still extending from immutable abstract type be ready to face some incoherences in generated types.
[WARNING] /tmp/jackson-work/github-java-client-a1/src/main/java/com/spotify/github/v3/prs/PullRequest.java:[39,8] (immutables:subtype) Should not inherit com.spotify.github.UpdateTracking which is a value type itself. Avoid extending from another abstract value type. Better to share common abstract class or interface which are not carrying @Immutable annotation. If still extending from immutable abstract type be ready to face some incoherences in generated types.
[WARNING] /tmp/jackson-work/github-java-client-a1/src/main/java/com/spotify/github/v3/repos/Deployment.java:[39,8] (immutables:subtype) Should not inherit com.spotify.github.UpdateTracking which is a value type itself. Avoid extending from another abstract value type. Better to share common abstract class or interface which are not carrying @Immutable annotation. If still extending from immutable abstract type be ready to face some incoherences in generated types.
[WARNING] /tmp/jackson-work/github-java-client-a1/src/main/java/com/spotify/github/v3/repos/Status.java:[41,8] (immutables:subtype) Should not inherit com.spotify.github.UpdateTracking which is a value type itself. Avoid extending from another abstract value type. Better to share common abstract class or interface which are not carrying @Immutable annotation. If still extending from immutable abstract type be ready to face some incoherences in generated types.
[WARNING] /tmp/jackson-work/github-java-client-a1/src/main/java/com/spotify/github/v3/git/ReferenceObject.java:[34,8] (immutables:subtype) Should not inherit com.spotify.github.v3.git.ShaLink which is a value type itself. Avoid extending from another abstract value type. Better to share common abstract class or interface which are not carrying @Immutable annotation. If still extending from immutable abstract type be ready to face some incoherences in generated types.
[WARNING] /tmp/jackson-work/github-java-client-a1/src/main/java/com/spotify/github/v3/activity/events/CreateEvent.java:[35,8] (immutables:subtype) Should not inherit com.spotify.github.v3.activity.events.BaseEvent which is a value type itself. Avoid extending from another abstract value type. Better to share common abstract class or interface which are not carrying @Immutable annotation. If still extending from immutable abstract type be ready to face some incoherences in generated types.
[WARNING] /tmp/jackson-work/github-java-client-a1/src/main/java/com/spotify/github/v3/activity/events/CreateEvent.java:[51,20] (immutables:untype) @Nullable on a Optional attribute make it lose its special treatment
[WARNING] /tmp/jackson-work/github-java-client-a1/src/main/java/com/spotify/github/v3/repos/Repository.java:[35,8] (immutables:subtype) Should not inherit com.spotify.github.v3.repos.RepositoryBase which is a value type itself. Avoid extending from another abstract value type. Better to share common abstract class or interface which are not carrying @Immutable annotation. If still extending from immutable abstract type be ready to face some incoherences in generated types.
[WARNING] /tmp/jackson-work/github-java-client-a1/src/main/java/com/spotify/github/v3/repos/Repository.java:[35,8] (immutables:subtype) Should not inherit com.spotify.github.UpdateTracking which is a value type itself. Avoid extending from another abstract value type. Better to share common abstract class or interface which are not carrying @Immutable annotation. If still extending from immutable abstract type be ready to face some incoherences in generated types.
[WARNING] /tmp/jackson-work/github-java-client-a1/src/main/java/com/spotify/github/v3/prs/Review.java:[55,20] (immutables:untype) @Nullable on a Optional attribute make it lose its special treatment
[WARNING] /tmp/jackson-work/github-java-client-a1/src/main/java/com/spotify/github/v3/repos/PushRepository.java:[38,8] (immutables:subtype) Should not inherit com.spotify.github.v3.repos.RepositoryBase which is a value type itself. Avoid extending from another abstract value type. Better to share common abstract class or interface which are not carrying @Immutable annotation. If still extending from immutable abstract type be ready to face some incoherences in generated types.
[WARNING] /tmp/jackson-work/github-java-client-a1/src/main/java/com/spotify/github/v3/repos/PushRepository.java:[38,8] (immutables:subtype) Should not inherit com.spotify.github.UpdateTracking which is a value type itself. Avoid extending from another abstract value type. Better to share common abstract class or interface which are not carrying @Immutable annotation. If still extending from immutable abstract type be ready to face some incoherences in generated types.
[WARNING] /tmp/jackson-work/github-java-client-a1/src/main/java/com/spotify/github/v3/prs/PullRequestItem.java:[42,8] (immutables:subtype) Should not inherit com.spotify.github.CloseTracking which is a value type itself. Avoid extending from another abstract value type. Better to share common abstract class or interface which are not carrying @Immutable annotation. If still extending from immutable abstract type be ready to face some incoherences in generated types.
[WARNING] /tmp/jackson-work/github-java-client-a1/src/main/java/com/spotify/github/v3/prs/PullRequestItem.java:[42,8] (immutables:subtype) Should not inherit com.spotify.github.UpdateTracking which is a value type itself. Avoid extending from another abstract value type. Better to share common abstract class or interface which are not carrying @Immutable annotation. If still extending from immutable abstract type be ready to face some incoherences in generated types.
[WARNING] /tmp/jackson-work/github-java-client-a1/src/main/java/com/spotify/github/v3/activity/events/DeploymentEvent.java:[39,8] (immutables:subtype) Should not inherit com.spotify.github.v3.activity.events.BaseEvent which is a value type itself. Avoid extending from another abstract value type. Better to share common abstract class or interface which are not carrying @Immutable annotation. If still extending from immutable abstract type be ready to face some incoherences in generated types.
[WARNING] /tmp/jackson-work/github-java-client-a1/src/main/java/com/spotify/github/v3/search/SearchIssues.java:[35,8] (immutables:subtype) Should not inherit com.spotify.github.v3.search.Search which is a value type itself. Avoid extending from another abstract value type. Better to share common abstract class or interface which are not carrying @Immutable annotation. If still extending from immutable abstract type be ready to face some incoherences in generated types.
[WARNING] /tmp/jackson-work/github-java-client-a1/src/main/java/com/spotify/github/v3/activity/events/PullRequestReviewCommentEvent.java:[39,8] (immutables:subtype) Should not inherit com.spotify.github.v3.activity.events.BaseEvent which is a value type itself. Avoid extending from another abstract value type. Better to share common abstract class or interface which are not carrying @Immutable annotation. If still extending from immutable abstract type be ready to face some incoherences in generated types.
[WARNING] /tmp/jackson-work/github-java-client-a1/src/main/java/com/spotify/github/v3/hooks/Webhook.java:[37,8] (immutables:subtype) Should not inherit com.spotify.github.UpdateTracking which is a value type itself. Avoid extending from another abstract value type. Better to share common abstract class or interface which are not carrying @Immutable annotation. If still extending from immutable abstract type be ready to face some incoherences in generated types.
[WARNING] /tmp/jackson-work/github-java-client-a1/src/main/java/com/spotify/github/v3/git/Tree.java:[35,8] (immutables:subtype) Should not inherit com.spotify.github.v3.git.ShaLink which is a value type itself. Avoid extending from another abstract value type. Better to share common abstract class or interface which are not carrying @Immutable annotation. If still extending from immutable abstract type be ready to face some incoherences in generated types.
[WARNING] /tmp/jackson-work/github-java-client-a1/src/main/java/com/spotify/github/v3/repos/CommitItem.java:[40,8] (immutables:subtype) Should not inherit com.spotify.github.v3.git.ShaLink which is a value type itself. Avoid extending from another abstract value type. Better to share common abstract class or interface which are not carrying @Immutable annotation. If still extending from immutable abstract type be ready to face some incoherences in generated types.
[WARNING] /tmp/jackson-work/github-java-client-a1/src/main/java/com/spotify/github/v3/activity/events/StatusEvent.java:[44,8] (immutables:subtype) Should not inherit com.spotify.github.v3.activity.events.BaseEvent which is a value type itself. Avoid extending from another abstract value type. Better to share common abstract class or interface which are not carrying @Immutable annotation. If still extending from immutable abstract type be ready to face some incoherences in generated types.
[WARNING] /tmp/jackson-work/github-java-client-a1/src/main/java/com/spotify/github/v3/activity/events/StatusEvent.java:[44,8] (immutables:subtype) Should not inherit com.spotify.github.UpdateTracking which is a value type itself. Avoid extending from another abstract value type. Better to share common abstract class or interface which are not carrying @Immutable annotation. If still extending from immutable abstract type be ready to face some incoherences in generated types.
[WARNING] /tmp/jackson-work/github-java-client-a1/src/main/java/com/spotify/github/v3/activity/events/StatusEvent.java:[70,20] (immutables:untype) @Nullable on a Optional attribute make it lose its special treatment
[WARNING] /tmp/jackson-work/github-java-client-a1/src/main/java/com/spotify/github/v3/git/Blob.java:[34,8] (immutables:subtype) Should not inherit com.spotify.github.v3.git.ShaLink which is a value type itself. Avoid extending from another abstract value type. Better to share common abstract class or interface which are not carrying @Immutable annotation. If still extending from immutable abstract type be ready to face some incoherences in generated types.
[WARNING] /tmp/jackson-work/github-java-client-a1/src/main/java/com/spotify/github/v3/repos/FolderContent.java:[36,8] (immutables:subtype) Should not inherit com.spotify.github.v3.git.ShaLink which is a value type itself. Avoid extending from another abstract value type. Better to share common abstract class or interface which are not carrying @Immutable annotation. If still extending from immutable abstract type be ready to face some incoherences in generated types.
[WARNING] /tmp/jackson-work/github-java-client-a1/src/main/java/com/spotify/github/v3/activity/events/PullRequestReviewEvent.java:[36,8] (immutables:subtype) Should not inherit com.spotify.github.v3.activity.events.BaseEvent which is a value type itself. Avoid extending from another abstract value type. Better to share common abstract class or interface which are not carrying @Immutable annotation. If still extending from immutable abstract type be ready to face some incoherences in generated types.
[WARNING] /tmp/jackson-work/github-java-client-a1/src/main/java/com/spotify/github/v3/issues/changes/Body.java:[42,10] (immutables:from) Attribute initializer named 'from' clashes with special builder method, which will not be generated to not have ambiguous overload or conflict
[WARNING] No processor claimed any of these annotations: /com.fasterxml.jackson.databind.annotation.JsonSerialize,/javax.annotation.Nullable,/com.spotify.github.GithubStyle,/org.immutables.value.Value.Immutable,/com.fasterxml.jackson.annotation.JsonInclude,/com.fasterxml.jackson.annotation.JsonProperty,/org.immutables.value.Value.Default,/org.immutables.value.Value.Style,/javax.annotation.Nonnull,/com.fasterxml.jackson.databind.annotation.JsonDeserialize
[WARNING] No processor claimed any of these annotations: /javax.annotation.Nullable,/com.fasterxml.jackson.annotation.JsonCreator,/javax.annotation.ParametersAreNonnullByDefault,/com.fasterxml.jackson.annotation.JsonProperty,/com.fasterxml.jackson.annotation.JsonAutoDetect,/javax.annotation.concurrent.NotThreadSafe,/com.google.errorprone.annotations.CanIgnoreReturnValue,/javax.annotation.CheckReturnValue,java.compiler/javax.annotation.processing.Generated,/javax.annotation.concurrent.Immutable,/com.fasterxml.jackson.databind.annotation.JsonDeserialize,/org.immutables.value.Generated
[WARNING] /tmp/jackson-work/github-java-client-a1/src/main/java/com/spotify/github/v3/comment/Comment.java:[63,21] deprecated item is not annotated with @Deprecated
[WARNING] /tmp/jackson-work/github-java-client-a1/src/main/java/com/spotify/github/jackson/Json.java:[251,40] SNAKE_CASE in com.fasterxml.jackson.databind.PropertyNamingStrategy has been deprecated
[WARNING] /tmp/jackson-work/github-java-client-a1/src/main/java/com/spotify/github/v3/exceptions/GithubException.java:[24,8] serializable class com.spotify.github.v3.exceptions.GithubException has no definition of serialVersionUID
[WARNING] /tmp/jackson-work/github-java-client-a1/src/main/java/com/spotify/github/v3/exceptions/RequestNotOkException.java:[38,8] serializable class com.spotify.github.v3.exceptions.RequestNotOkException has no definition of serialVersionUID
[WARNING] /tmp/jackson-work/github-java-client-a1/src/main/java/com/spotify/github/Parameters.java: found raw type: java.util.Optional
  missing type arguments for generic class java.util.Optional<T>
[WARNING] /tmp/jackson-work/github-java-client-a1/src/main/java/com/spotify/github/Parameters.java: found raw type: java.util.Optional
  missing type arguments for generic class java.util.Optional<T>
[WARNING] /tmp/jackson-work/github-java-client-a1/src/main/java/com/spotify/github/Parameters.java: found raw type: java.util.Optional
  missing type arguments for generic class java.util.Optional<T>
[WARNING] /tmp/jackson-work/github-java-client-a1/src/main/java/com/spotify/github/Parameters.java: found raw type: java.util.Optional
  missing type arguments for generic class java.util.Optional<T>
[WARNING] /tmp/jackson-work/github-java-client-a1/src/main/java/com/spotify/github/v3/repos/Languages.java:[30,8] serializable class com.spotify.github.v3.repos.Languages has no definition of serialVersionUID
[WARNING] /tmp/jackson-work/github-java-client-a1/src/main/java/com/spotify/github/v3/exceptions/DeserializationException.java:[24,8] serializable class com.spotify.github.v3.exceptions.DeserializationException has no definition of serialVersionUID
[WARNING] /tmp/jackson-work/github-java-client-a1/src/main/java/com/spotify/github/jackson/GitHubInstantJsonSerializer.java:[31,1] serializable class com.spotify.github.jackson.GitHubInstantJsonSerializer has no definition of serialVersionUID
[WARNING] /tmp/jackson-work/github-java-client-a1/src/main/java/com/spotify/github/jackson/GithubApiModule.java:[27,8] serializable class com.spotify.github.jackson.GithubApiModule has no definition of serialVersionUID
[WARNING] /tmp/jackson-work/github-java-client-a1/src/main/java/com/spotify/github/v3/exceptions/ReadOnlyRepositoryException.java:[24,8] serializable class com.spotify.github.v3.exceptions.ReadOnlyRepositoryException has no definition of serialVersionUID
[INFO] 
[INFO] --- resources:3.3.1:testResources (default-testResources) @ github-client ---
[INFO] Copying 89 resources from src/test/resources to target/test-classes
[INFO] 
[INFO] --- compiler:3.8.1:testCompile (default-testCompile) @ github-client ---
[INFO] Changes detected - recompiling the module!
[INFO] Compiling 41 source files to /tmp/jackson-work/github-java-client-a1/target/test-classes
[WARNING] No processor claimed any of these annotations: /com.fasterxml.jackson.databind.annotation.JsonSerialize,/org.junit.jupiter.api.Test,/org.junit.Rule,/com.spotify.github.GithubStyle,/org.immutables.value.Value.Immutable,/org.junit.After,/org.powermock.core.classloader.annotations.PrepareForTest,/org.junit.Test,/org.junit.BeforeClass,/com.fasterxml.jackson.databind.annotation.JsonDeserialize,/org.junit.Before,/org.junit.runner.RunWith
[WARNING] No processor claimed any of these annotations: /javax.annotation.Nullable,/com.fasterxml.jackson.annotation.JsonCreator,/javax.annotation.ParametersAreNonnullByDefault,/com.fasterxml.jackson.annotation.JsonProperty,/com.fasterxml.jackson.annotation.JsonAutoDetect,/javax.annotation.concurrent.NotThreadSafe,/com.google.errorprone.annotations.CanIgnoreReturnValue,/javax.annotation.CheckReturnValue,java.compiler/javax.annotation.processing.Generated,/javax.annotation.concurrent.Immutable,/com.fasterxml.jackson.databind.annotation.JsonDeserialize,/org.immutables.value.Generated
[INFO] 
[INFO] --- surefire:2.19.1:test (default-test) @ github-client ---

-------------------------------------------------------
 T E S T S
-------------------------------------------------------
Running com.spotify.github.hooks.PullRequestEventTest
Tests run: 1, Failures: 0, Errors: 0, Skipped: 0, Time elapsed: 0.349 sec - in com.spotify.github.hooks.PullRequestEventTest
Running com.spotify.github.http.LinkTest
Tests run: 1, Failures: 0, Errors: 0, Skipped: 0, Time elapsed: 0 sec - in com.spotify.github.http.LinkTest
Running com.spotify.github.jackson.GitHubInstantModuleTest
Tests run: 1, Failures: 0, Errors: 0, Skipped: 0, Time elapsed: 0.011 sec - in com.spotify.github.jackson.GitHubInstantModuleTest
Running com.spotify.github.v3.repos.PushCommitTest
Tests run: 1, Failures: 0, Errors: 0, Skipped: 0, Time elapsed: 0.009 sec - in com.spotify.github.v3.repos.PushCommitTest
Running com.spotify.github.v3.repos.StatusTest
Tests run: 1, Failures: 0, Errors: 0, Skipped: 0, Time elapsed: 0.006 sec - in com.spotify.github.v3.repos.StatusTest
Running com.spotify.github.v3.repos.LanguagesTest
Tests run: 1, Failures: 0, Errors: 0, Skipped: 0, Time elapsed: 0.004 sec - in com.spotify.github.v3.repos.LanguagesTest
Running com.spotify.github.v3.repos.requests.RepositoryCreateStatusTest
Tests run: 1, Failures: 0, Errors: 0, Skipped: 0, Time elapsed: 0.003 sec - in com.spotify.github.v3.repos.requests.RepositoryCreateStatusTest
Running com.spotify.github.v3.repos.RepositoryTest
Tests run: 1, Failures: 0, Errors: 0, Skipped: 0, Time elapsed: 0.007 sec - in com.spotify.github.v3.repos.RepositoryTest
Running com.spotify.github.v3.search.requests.SearchParametersTest
Tests run: 1, Failures: 0, Errors: 0, Skipped: 0, Time elapsed: 0.018 sec - in com.spotify.github.v3.search.requests.SearchParametersTest
Running com.spotify.github.v3.search.SearchTest
Tests run: 1, Failures: 0, Errors: 0, Skipped: 0, Time elapsed: 0.017 sec - in com.spotify.github.v3.search.SearchTest
Running com.spotify.github.v3.prs.ReviewParametersTest
Tests run: 1, Failures: 0, Errors: 0, Skipped: 0, Time elapsed: 0.005 sec - in com.spotify.github.v3.prs.ReviewParametersTest
Running com.spotify.github.v3.prs.PullRequestTest
{"sha":"6dcb09b5b57875f334f61aebed695e2e4193db5e","commit_message":"a message","merge_method":"merge"}
Tests run: 3, Failures: 0, Errors: 0, Skipped: 0, Time elapsed: 0.015 sec - in com.spotify.github.v3.prs.PullRequestTest
Running com.spotify.github.v3.prs.requests.PullRequestCreateTest
Tests run: 2, Failures: 0, Errors: 0, Skipped: 0, Time elapsed: 0.003 sec - in com.spotify.github.v3.prs.requests.PullRequestCreateTest
Running com.spotify.github.v3.prs.requests.PullRequestParametersTest
Tests run: 1, Failures: 0, Errors: 0, Skipped: 0, Time elapsed: 0 sec - in com.spotify.github.v3.prs.requests.PullRequestParametersTest
Running com.spotify.github.v3.prs.ReviewRequestsTest
Tests run: 1, Failures: 0, Errors: 0, Skipped: 0, Time elapsed: 0.005 sec - in com.spotify.github.v3.prs.ReviewRequestsTest
Running com.spotify.github.v3.prs.RequestReviewParametersTest
Tests run: 1, Failures: 0, Errors: 0, Skipped: 0, Time elapsed: 0.006 sec - in com.spotify.github.v3.prs.RequestReviewParametersTest
Running com.spotify.github.v3.prs.ReviewTest
Tests run: 1, Failures: 0, Errors: 0, Skipped: 0, Time elapsed: 0.006 sec - in com.spotify.github.v3.prs.ReviewTest
Running com.spotify.github.v3.checks.AccessTokenTest
Tests run: 1, Failures: 0, Errors: 0, Skipped: 0, Time elapsed: 0.002 sec - in com.spotify.github.v3.checks.AccessTokenTest
Running com.spotify.github.v3.TeamTest
Tests run: 1, Failures: 0, Errors: 0, Skipped: 0, Time elapsed: 0.001 sec - in com.spotify.github.v3.TeamTest
Running com.spotify.github.v3.activity.events.PullRequestEventTest
Tests run: 1, Failures: 0, Errors: 0, Skipped: 0, Time elapsed: 0.002 sec - in com.spotify.github.v3.activity.events.PullRequestEventTest
Running com.spotify.github.v3.activity.events.StatusEventTest
Tests run: 1, Failures: 0, Errors: 0, Skipped: 0, Time elapsed: 0.015 sec - in com.spotify.github.v3.activity.events.StatusEventTest
Running com.spotify.github.v3.activity.events.PullRequestReviewEventTest
Tests run: 1, Failures: 0, Errors: 0, Skipped: 0, Time elapsed: 0.01 sec - in com.spotify.github.v3.activity.events.PullRequestReviewEventTest
Running com.spotify.github.v3.UserTest
Tests run: 1, Failures: 0, Errors: 0, Skipped: 0, Time elapsed: 0 sec - in com.spotify.github.v3.UserTest
Running com.spotify.github.v3.clients.GitHubClientTest
SLF4J: Failed to load class "org.slf4j.impl.StaticLoggerBinder".
SLF4J: Defaulting to no-operation (NOP) logger implementation
SLF4J: See http://www.slf4j.org/codes.html#StaticLoggerBinder for further details.
Tests run: 2, Failures: 0, Errors: 0, Skipped: 0, Time elapsed: 0.47 sec - in com.spotify.github.v3.clients.GitHubClientTest
Running com.spotify.github.v3.clients.IssueClientTest
WARNING: An illegal reflective access operation has occurred
WARNING: Illegal reflective access by org.powermock.reflect.internal.WhiteboxImpl (file:/home/zhihao/.m2/repository/org/powermock/powermock-reflect/2.0.2/powermock-reflect-2.0.2.jar) to method java.lang.Object.clone()
WARNING: Please consider reporting this to the maintainers of org.powermock.reflect.internal.WhiteboxImpl
WARNING: Use --illegal-access=warn to enable warnings of further illegal reflective access operations
WARNING: All illegal access operations will be denied in a future release
SLF4J: Failed to load class "org.slf4j.impl.StaticLoggerBinder".
SLF4J: Defaulting to no-operation (NOP) logger implementation
SLF4J: See http://www.slf4j.org/codes.html#StaticLoggerBinder for further details.
Tests run: 3, Failures: 0, Errors: 0, Skipped: 0, Time elapsed: 1.651 sec - in com.spotify.github.v3.clients.IssueClientTest
Running com.spotify.github.v3.clients.SearchClientTest
Tests run: 1, Failures: 0, Errors: 0, Skipped: 0, Time elapsed: 0.056 sec - in com.spotify.github.v3.clients.SearchClientTest
Running com.spotify.github.v3.clients.RepositoryClientTest
SLF4J: Failed to load class "org.slf4j.impl.StaticLoggerBinder".
SLF4J: Defaulting to no-operation (NOP) logger implementation
SLF4J: See http://www.slf4j.org/codes.html#StaticLoggerBinder for further details.
Tests run: 23, Failures: 0, Errors: 0, Skipped: 0, Time elapsed: 1.296 sec - in com.spotify.github.v3.clients.RepositoryClientTest
Running com.spotify.github.v3.clients.GitDataClientTest
Tests run: 12, Failures: 0, Errors: 0, Skipped: 0, Time elapsed: 0.031 sec - in com.spotify.github.v3.clients.GitDataClientTest
Running com.spotify.github.v3.clients.JwtTokenIssuerTest
Tests run: 2, Failures: 0, Errors: 0, Skipped: 0, Time elapsed: 0.134 sec - in com.spotify.github.v3.clients.JwtTokenIssuerTest
Running com.spotify.github.v3.clients.ChecksClientTest
Tests run: 5, Failures: 0, Errors: 0, Skipped: 0, Time elapsed: 0.038 sec - in com.spotify.github.v3.clients.ChecksClientTest
Running com.spotify.github.v3.clients.GitHubAuthTest
Aug 24, 2026 7:40:53 PM okhttp3.mockwebserver.MockWebServer$3 execute
INFO: MockWebServer[42999] starting to accept connections
Aug 24, 2026 7:40:53 PM okhttp3.mockwebserver.MockWebServer$4 processOneRequest
INFO: MockWebServer[42999] received request: POST /app/installations/1/access_tokens HTTP/1.1 and responded: HTTP/1.1 200 OK
Aug 24, 2026 7:40:53 PM okhttp3.mockwebserver.MockWebServer$4 processOneRequest
INFO: MockWebServer[42999] received request: PATCH /repos/foo/bar/check-runs/12 HTTP/1.1 and responded: HTTP/1.1 200 OK
Aug 24, 2026 7:40:53 PM okhttp3.mockwebserver.MockWebServer$3 acceptConnections
INFO: MockWebServer[42999] done accepting connections: Socket closed
Aug 24, 2026 7:40:53 PM okhttp3.mockwebserver.MockWebServer$3 execute
INFO: MockWebServer[36047] starting to accept connections
Aug 24, 2026 7:40:53 PM okhttp3.mockwebserver.MockWebServer$4 processOneRequest
INFO: MockWebServer[36047] received request: GET /repos/org/repo/commits/some-sha HTTP/1.1 and responded: HTTP/1.1 200 OK
Aug 24, 2026 7:40:53 PM okhttp3.mockwebserver.MockWebServer$3 acceptConnections
INFO: MockWebServer[36047] done accepting connections: Socket closed
Aug 24, 2026 7:40:53 PM okhttp3.mockwebserver.MockWebServer$3 execute
INFO: MockWebServer[56015] starting to accept connections
Aug 24, 2026 7:40:53 PM okhttp3.mockwebserver.MockWebServer$4 processOneRequest
INFO: MockWebServer[56015] received request: POST /app/installations/1/access_tokens HTTP/1.1 and responded: HTTP/1.1 200 OK
Aug 24, 2026 7:40:53 PM okhttp3.mockwebserver.MockWebServer$4 processOneRequest
INFO: MockWebServer[56015] received request: GET /repos/foo/bar/check-runs/123 HTTP/1.1 and responded: HTTP/1.1 200 OK
Aug 24, 2026 7:40:53 PM okhttp3.mockwebserver.MockWebServer$4 processOneRequest
INFO: MockWebServer[56015] received request: GET /repos/foo/bar/check-runs/123 HTTP/1.1 and responded: HTTP/1.1 200 OK
Aug 24, 2026 7:40:53 PM okhttp3.mockwebserver.MockWebServer$3 acceptConnections
INFO: MockWebServer[56015] done accepting connections: Socket closed
Aug 24, 2026 7:40:53 PM okhttp3.mockwebserver.MockWebServer$3 execute
INFO: MockWebServer[45517] starting to accept connections
Aug 24, 2026 7:40:53 PM okhttp3.mockwebserver.MockWebServer$3 acceptConnections
INFO: MockWebServer[45517] done accepting connections: Socket closed
Aug 24, 2026 7:40:53 PM okhttp3.mockwebserver.MockWebServer$3 execute
INFO: MockWebServer[50215] starting to accept connections
Aug 24, 2026 7:40:53 PM okhttp3.mockwebserver.MockWebServer$3 acceptConnections
INFO: MockWebServer[50215] done accepting connections: Socket closed
Aug 24, 2026 7:40:53 PM okhttp3.mockwebserver.MockWebServer$3 execute
INFO: MockWebServer[56221] starting to accept connections
Aug 24, 2026 7:40:53 PM okhttp3.mockwebserver.MockWebServer$4 processOneRequest
INFO: MockWebServer[56221] received request: GET /app/installations?per_page=100 HTTP/1.1 and responded: HTTP/1.1 200 OK
Aug 24, 2026 7:40:53 PM okhttp3.mockwebserver.MockWebServer$3 acceptConnections
INFO: MockWebServer[56221] done accepting connections: Socket closed
Aug 24, 2026 7:40:53 PM okhttp3.mockwebserver.MockWebServer$3 execute
INFO: MockWebServer[53107] starting to accept connections
Aug 24, 2026 7:40:53 PM okhttp3.mockwebserver.MockWebServer$4 processOneRequest
INFO: MockWebServer[53107] received request: POST /app/installations/1/access_tokens HTTP/1.1 and responded: HTTP/1.1 500 Server Error
Aug 24, 2026 7:40:53 PM okhttp3.mockwebserver.MockWebServer$3 acceptConnections
INFO: MockWebServer[53107] done accepting connections: Socket closed
Aug 24, 2026 7:40:53 PM okhttp3.mockwebserver.MockWebServer$3 execute
INFO: MockWebServer[47347] starting to accept connections
Aug 24, 2026 7:40:53 PM okhttp3.mockwebserver.MockWebServer$4 processOneRequest
INFO: MockWebServer[47347] received request: POST /app/installations/1/access_tokens HTTP/1.1 and responded: HTTP/1.1 200 OK
Aug 24, 2026 7:40:53 PM okhttp3.mockwebserver.MockWebServer$4 processOneRequest
INFO: MockWebServer[47347] received request: GET /repos/foo/bar/check-runs/123 HTTP/1.1 and responded: HTTP/1.1 200 OK
Aug 24, 2026 7:40:53 PM okhttp3.mockwebserver.MockWebServer$3 acceptConnections
INFO: MockWebServer[47347] done accepting connections: Socket closed
Aug 24, 2026 7:40:53 PM okhttp3.mockwebserver.MockWebServer$3 execute
INFO: MockWebServer[55247] starting to accept connections
Aug 24, 2026 7:40:53 PM okhttp3.mockwebserver.MockWebServer$3 acceptConnections
INFO: MockWebServer[55247] done accepting connections: Socket closed
Aug 24, 2026 7:40:53 PM okhttp3.mockwebserver.MockWebServer$3 execute
INFO: MockWebServer[59393] starting to accept connections
Aug 24, 2026 7:40:53 PM okhttp3.mockwebserver.MockWebServer$4 processOneRequest
INFO: MockWebServer[59393] received request: POST /app/installations/1/access_tokens HTTP/1.1 and responded: HTTP/1.1 200 OK
Aug 24, 2026 7:40:53 PM okhttp3.mockwebserver.MockWebServer$4 processOneRequest
INFO: MockWebServer[59393] received request: GET /repos/foo/bar/check-runs/123 HTTP/1.1 and responded: HTTP/1.1 200 OK
Aug 24, 2026 7:40:53 PM okhttp3.mockwebserver.MockWebServer$4 processOneRequest
INFO: MockWebServer[59393] received request: POST /app/installations/1/access_tokens HTTP/1.1 and responded: HTTP/1.1 200 OK
Aug 24, 2026 7:40:53 PM okhttp3.mockwebserver.MockWebServer$4 processOneRequest
INFO: MockWebServer[59393] received request: GET /repos/foo/bar/check-runs/123 HTTP/1.1 and responded: HTTP/1.1 200 OK
Aug 24, 2026 7:40:53 PM okhttp3.mockwebserver.MockWebServer$3 acceptConnections
INFO: MockWebServer[59393] done accepting connections: Socket closed
Tests run: 10, Failures: 0, Errors: 0, Skipped: 0, Time elapsed: 0.607 sec - in com.spotify.github.v3.clients.GitHubAuthTest
Running com.spotify.github.v3.clients.PullRequestClientTest
Tests run: 3, Failures: 0, Errors: 0, Skipped: 0, Time elapsed: 0.018 sec - in com.spotify.github.v3.clients.PullRequestClientTest
Running com.spotify.github.v3.clients.GithubAppClientTest
Aug 24, 2026 7:40:53 PM okhttp3.mockwebserver.MockWebServer$3 execute
INFO: MockWebServer[48871] starting to accept connections
Aug 24, 2026 7:40:53 PM okhttp3.mockwebserver.MockWebServer$4 processOneRequest
INFO: MockWebServer[48871] received request: GET /app/installations?per_page=100 HTTP/1.1 and responded: HTTP/1.1 200 OK
Aug 24, 2026 7:40:53 PM okhttp3.mockwebserver.MockWebServer$3 acceptConnections
INFO: MockWebServer[48871] done accepting connections: Socket closed
Aug 24, 2026 7:40:53 PM okhttp3.mockwebserver.MockWebServer$3 execute
INFO: MockWebServer[58469] starting to accept connections
Aug 24, 2026 7:40:53 PM okhttp3.mockwebserver.MockWebServer$4 processOneRequest
INFO: MockWebServer[58469] received request: POST /app/installations/1234/access_tokens HTTP/1.1 and responded: HTTP/1.1 201 OK
Aug 24, 2026 7:40:53 PM okhttp3.mockwebserver.MockWebServer$4 processOneRequest
INFO: MockWebServer[58469] received request: GET /installation/repositories HTTP/1.1 and responded: HTTP/1.1 200 OK
Aug 24, 2026 7:40:54 PM okhttp3.mockwebserver.MockWebServer$3 acceptConnections
INFO: MockWebServer[58469] done accepting connections: Socket closed
Tests run: 2, Failures: 0, Errors: 0, Skipped: 0, Time elapsed: 0.11 sec - in com.spotify.github.v3.clients.GithubAppClientTest
Running com.spotify.github.v3.TreeItemTest
Tests run: 1, Failures: 0, Errors: 0, Skipped: 0, Time elapsed: 0.003 sec - in com.spotify.github.v3.TreeItemTest
Running com.spotify.github.GitHubInstantTest
Tests run: 4, Failures: 0, Errors: 0, Skipped: 0, Time elapsed: 0.001 sec - in com.spotify.github.GitHubInstantTest
Running com.spotify.github.opencensus.OpenCensusTracerTest
Tests run: 2, Failures: 0, Errors: 0, Skipped: 0, Time elapsed: 10.108 sec - in com.spotify.github.opencensus.OpenCensusTracerTest

Results :

Tests run: 96, Failures: 0, Errors: 0, Skipped: 0

[INFO] ------------------------------------------------------------------------
[INFO] BUILD SUCCESS
[INFO] ------------------------------------------------------------------------
[INFO] Total time:  01:20 min
[INFO] Finished at: 2026-08-24T19:41:04+08:00
[INFO] ------------------------------------------------------------------------
