[INFO] Scanning for projects...
[WARNING] 
[WARNING] Some problems were encountered while building the effective model for com.spotify:github-client:jar:0.1.32-SNAPSHOT
[WARNING] 'build.plugins.plugin.version' for org.apache.maven.plugins:maven-javadoc-plugin is missing. @ line 508, column 21
[WARNING] 
[WARNING] It is highly recommended to fix these problems because they threaten the stability of your build.
[WARNING] 
[WARNING] For this reason, future Maven versions might no longer support building such malformed projects.
[WARNING] 
[INFO] 
[INFO] ---------------------< com.spotify:github-client >----------------------
[INFO] Building github-client 0.1.32-SNAPSHOT
[INFO]   from pom.xml
[INFO] --------------------------------[ jar ]---------------------------------
[INFO] Artifact com.google.errorprone:error_prone_annotations:pom:2.3.4 is present in the local repository, but cached from a remote repository ID that is unavailable in current build context, verifying that is downloadable from [apache.snapshots (https://repository.apache.org/content/repositories/snapshots/, default, snapshots), ossrh (https://oss.sonatype.org/content/repositories/releases/, default, releases), central (https://repo.maven.apache.org/maven2, default, releases)]
[INFO] Artifact com.google.errorprone:error_prone_annotations:pom:2.3.4 is present in the local repository, but cached from a remote repository ID that is unavailable in current build context, verifying that is downloadable from [apache.snapshots (https://repository.apache.org/content/repositories/snapshots/, default, snapshots), ossrh (https://oss.sonatype.org/content/repositories/releases/, default, releases), central (https://repo.maven.apache.org/maven2, default, releases)]
[INFO] Artifact com.google.errorprone:error_prone_parent:pom:2.3.4 is present in the local repository, but cached from a remote repository ID that is unavailable in current build context, verifying that is downloadable from [apache.snapshots (https://repository.apache.org/content/repositories/snapshots/, default, snapshots), ossrh (https://oss.sonatype.org/content/repositories/releases/, default, releases), central (https://repo.maven.apache.org/maven2, default, releases)]
[INFO] Artifact com.google.errorprone:error_prone_parent:pom:2.3.4 is present in the local repository, but cached from a remote repository ID that is unavailable in current build context, verifying that is downloadable from [apache.snapshots (https://repository.apache.org/content/repositories/snapshots/, default, snapshots), ossrh (https://oss.sonatype.org/content/repositories/releases/, default, releases), central (https://repo.maven.apache.org/maven2, default, releases)]
[INFO] Artifact com.lmax:disruptor:pom:3.4.2 is present in the local repository, but cached from a remote repository ID that is unavailable in current build context, verifying that is downloadable from [apache.snapshots (https://repository.apache.org/content/repositories/snapshots/, default, snapshots), ossrh (https://oss.sonatype.org/content/repositories/releases/, default, releases), central (https://repo.maven.apache.org/maven2, default, releases)]
[INFO] Artifact com.lmax:disruptor:pom:3.4.2 is present in the local repository, but cached from a remote repository ID that is unavailable in current build context, verifying that is downloadable from [apache.snapshots (https://repository.apache.org/content/repositories/snapshots/, default, snapshots), ossrh (https://oss.sonatype.org/content/repositories/releases/, default, releases), central (https://repo.maven.apache.org/maven2, default, releases)]
[INFO] 
[INFO] --- dependency:3.7.0:tree (default-cli) @ github-client ---
[INFO] com.spotify:github-client:jar:0.1.32-SNAPSHOT
[INFO] \- com.fasterxml.jackson.core:jackson-databind:jar:2.12.6.1:compile
[INFO] ------------------------------------------------------------------------
[INFO] BUILD SUCCESS
[INFO] ------------------------------------------------------------------------
[INFO] Total time:  53.772 s
[INFO] Finished at: 2026-08-24T19:39:42+08:00
[INFO] ------------------------------------------------------------------------
