{0} openstackclient.tests.unit.network.v2.test_ip_availability.TestShowIPAvailability.test_show_all_options [0.105272s] ... ok
{1} openstackclient.tests.unit.network.v2.test_ip_availability.TestListIPAvailability.test_list_ip_version [0.104078s] ... ok
{0} openstackclient.tests.unit.network.v2.test_ip_availability.TestShowIPAvailability.test_show_no_option [0.004158s] ... ok
{1} openstackclient.tests.unit.network.v2.test_ip_availability.TestListIPAvailability.test_list_no_options [0.004235s] ... ok
{1} openstackclient.tests.unit.network.v2.test_ip_availability.TestListIPAvailability.test_list_pagination [0.003958s] ... ok
{1} openstackclient.tests.unit.network.v2.test_ip_availability.TestListIPAvailability.test_list_project [0.003962s] ... ok
{1} openstackclient.tests.unit.network.v2.test_ip_availability.TestListIPAvailability.test_list_without_ip_availability_details [0.004506s] ... ok

======
Totals
======
Ran: 7 tests in 0.1265 sec.
 - Passed: 7
 - Skipped: 0
 - Expected Fail: 0
 - Unexpected Success: 0
 - Failed: 0
Sum of execute time for each test: 0.2302 sec.

==============
Worker Balance
==============
 - Worker 0 (2 tests) => 0:00:00.109598
 - Worker 1 (5 tests) => 0:00:00.121275
