2026-08-26 21:57:53.852 806261 INFO oslo_service.periodic_task [-] Skipping periodic task _heal_instance_info_cache because its interval is negative
2026-08-26 21:57:53.852 806258 INFO oslo_service.periodic_task [-] Skipping periodic task _heal_instance_info_cache because its interval is negative
2026-08-26 21:57:53.855 806259 INFO oslo_service.periodic_task [-] Skipping periodic task _heal_instance_info_cache because its interval is negative
2026-08-26 21:57:53.856 806264 INFO oslo_service.periodic_task [-] Skipping periodic task _heal_instance_info_cache because its interval is negative
2026-08-26 21:57:53.856 806262 INFO oslo_service.periodic_task [-] Skipping periodic task _heal_instance_info_cache because its interval is negative
2026-08-26 21:57:53.887 806263 INFO oslo_service.periodic_task [-] Skipping periodic task _heal_instance_info_cache because its interval is negative
2026-08-26 21:57:53.889 806260 INFO oslo_service.periodic_task [-] Skipping periodic task _heal_instance_info_cache because its interval is negative
2026-08-26 21:57:53.959 806258 INFO oslo_service.periodic_task [None req-96b0d352-bb63-4823-bc5e-6cc372090c7e - - - - - -] Skipping periodic task _discover_hosts_in_cells because its interval is negative
2026-08-26 21:57:53.959 806261 INFO oslo_service.periodic_task [None req-ebb381d5-3bf4-44c1-8658-7198c3d5ff83 - - - - - -] Skipping periodic task _discover_hosts_in_cells because its interval is negative
2026-08-26 21:57:53.962 806264 INFO oslo_service.periodic_task [None req-aa705cb8-ab92-4b39-98ca-739aad193078 - - - - - -] Skipping periodic task _discover_hosts_in_cells because its interval is negative
2026-08-26 21:57:53.961 806259 INFO oslo_service.periodic_task [None req-31e4b01c-cb63-4720-a692-9a13198c9358 - - - - - -] Skipping periodic task _discover_hosts_in_cells because its interval is negative
2026-08-26 21:57:53.963 806262 INFO oslo_service.periodic_task [None req-0d6b8777-9859-4578-b3d9-e026b5501a02 - - - - - -] Skipping periodic task _discover_hosts_in_cells because its interval is negative
2026-08-26 21:57:53.994 806263 INFO oslo_service.periodic_task [None req-c6d6ba40-9fb0-40b6-b450-2ee9796c463c - - - - - -] Skipping periodic task _discover_hosts_in_cells because its interval is negative
2026-08-26 21:57:53.996 806260 INFO oslo_service.periodic_task [None req-f9125744-4da8-43bc-a0f4-572cea8d2b31 - - - - - -] Skipping periodic task _discover_hosts_in_cells because its interval is negative
{3} nova.tests.functional.test_middleware.TestCORSMiddleware.test_invalid_cors_get_versions_request(v2) [2.996106s] ... ok
{4} nova.tests.functional.test_middleware.TestCORSMiddleware.test_api_version_request_headers(v2) [2.992542s] ... ok
{1} nova.tests.functional.test_middleware.TestCORSMiddleware.test_valid_cors_get_versions_request(v2) [3.001723s] ... ok
{6} nova.tests.functional.test_middleware.TestCORSMiddleware.test_invalid_cors_options_request(v2) [3.017888s] ... ok
{2} nova.tests.functional.test_middleware.TestCORSMiddleware.test_valid_cors_options_request(v2) [3.009393s] ... ok
{0} nova.tests.functional.test_middleware.TestCORSMiddleware.test_valid_cors_get_request(v2) [3.082699s] ... ok
{5} nova.tests.functional.test_middleware.TestCORSMiddleware.test_invalid_cors_get_request(v2) [3.076751s] ... ok
{3} nova.tests.functional.test_middleware.TestCORSMiddleware.test_invalid_cors_get_versions_request(v2_1) [0.692298s] ... ok
{4} nova.tests.functional.test_middleware.TestCORSMiddleware.test_api_version_request_headers(v2_1) [0.707975s] ... ok
{6} nova.tests.functional.test_middleware.TestCORSMiddleware.test_invalid_cors_options_request(v2_1) [0.694877s] ... ok
{1} nova.tests.functional.test_middleware.TestCORSMiddleware.test_valid_cors_get_versions_request(v2_1) [0.706156s] ... ok
{2} nova.tests.functional.test_middleware.TestCORSMiddleware.test_valid_cors_options_request(v2_1) [0.688491s] ... ok
{0} nova.tests.functional.test_middleware.TestCORSMiddleware.test_valid_cors_get_request(v2_1) [0.704603s] ... ok
{5} nova.tests.functional.test_middleware.TestCORSMiddleware.test_invalid_cors_get_request(v2_1) [0.698945s] ... ok
{3} nova.tests.functional.test_middleware.TestCORSMiddleware.test_invalid_cors_get_versions_request(v2_1_noproject_id) [0.702906s] ... ok
{4} nova.tests.functional.test_middleware.TestCORSMiddleware.test_api_version_request_headers(v2_1_noproject_id) [0.710748s] ... ok
{1} nova.tests.functional.test_middleware.TestCORSMiddleware.test_valid_cors_get_versions_request(v2_1_noproject_id) [0.709984s] ... ok
{6} nova.tests.functional.test_middleware.TestCORSMiddleware.test_invalid_cors_options_request(v2_1_noproject_id) [0.711574s] ... ok
{2} nova.tests.functional.test_middleware.TestCORSMiddleware.test_valid_cors_options_request(v2_1_noproject_id) [0.704724s] ... ok
{0} nova.tests.functional.test_middleware.TestCORSMiddleware.test_valid_cors_get_request(v2_1_noproject_id) [0.715582s] ... ok
{5} nova.tests.functional.test_middleware.TestCORSMiddleware.test_invalid_cors_get_request(v2_1_noproject_id) [0.709959s] ... ok

======
Totals
======
Ran: 21 tests in 4.5508 sec.
 - Passed: 21
 - Skipped: 0
 - Expected Fail: 0
 - Unexpected Success: 0
 - Failed: 0
Sum of execute time for each test: 31.0359 sec.

==============
Worker Balance
==============
 - Worker 0 (3 tests) => 0:00:04.507598
 - Worker 1 (3 tests) => 0:00:04.422603
 - Worker 2 (3 tests) => 0:00:04.407309
 - Worker 3 (3 tests) => 0:00:04.396153
 - Worker 4 (3 tests) => 0:00:04.416010
 - Worker 5 (3 tests) => 0:00:04.490515
 - Worker 6 (3 tests) => 0:00:04.428973
