Unable to find image 'ghcr.io/chains-project/breaking-updates:1053033eef680f0199bf25ec6e3db52cc13ef3da-pre' locally
1053033eef680f0199bf25ec6e3db52cc13ef3da-pre: Pulling from chains-project/breaking-updates
31e352740f53: Already exists
42276f95e61f: Already exists
a882357be01c: Pulling fs layer
38e60879c69c: Pulling fs layer
a882357be01c: Verifying Checksum
a882357be01c: Download complete
a882357be01c: Pull complete
38e60879c69c: Verifying Checksum
38e60879c69c: Download complete
38e60879c69c: Pull complete
Digest: sha256:81fd47872f45b0ca3cab613cbdeeb7d7412044b5c9496ccc0864df9786ef5c75
Status: Downloaded newer image for ghcr.io/chains-project/breaking-updates:1053033eef680f0199bf25ec6e3db52cc13ef3da-pre
[INFO] Scanning for projects...
[INFO] 
[INFO] --------------------< com.jcabi:jcabi-maven-plugin >--------------------
[INFO] Building jcabi-maven-plugin 1.0-SNAPSHOT
[INFO]   from pom.xml
[INFO] ----------------------------[ maven-plugin ]----------------------------
[WARNING] The artifact org.slf4j:slf4j-log4j12:jar:2.0.7 has been relocated to org.slf4j:slf4j-reload4j:jar:2.0.7
[INFO] 
[INFO] --- clean:3.2.0:clean (default-clean) @ jcabi-maven-plugin ---
[INFO] Deleting /jcabi-maven-plugin/target
[INFO] 
[INFO] --- enforcer:1.3.1:enforce (enforce-maven) @ jcabi-maven-plugin ---
[INFO] 
[INFO] --- enforcer:1.3.1:enforce (enforce-maven-same-versions) @ jcabi-maven-plugin ---
[INFO] 
[INFO] --- buildnumber:3.0.0:create (jcabi-build-number) @ jcabi-maven-plugin ---
[INFO] ShortRevision tag detected. The value is '7'.
[INFO] Executing: /bin/sh -c cd '/jcabi-maven-plugin' && 'git' 'rev-parse' '--verify' '--short=7' 'HEAD'
[INFO] Working directory: /jcabi-maven-plugin
[INFO] Storing buildNumber: null at timestamp: 2026-08-24T12:38:12
[WARNING] Cannot get the branch information from the git repository: 
Detecting the current branch failed: fatal: not a git repository (or any of the parent directories): .git

[INFO] ShortRevision tag detected. The value is '7'.
[INFO] Executing: /bin/sh -c cd '/jcabi-maven-plugin' && 'git' 'rev-parse' '--verify' '--short=7' 'HEAD'
[INFO] Working directory: /jcabi-maven-plugin
[INFO] Storing buildScmBranch: UNKNOWN_BRANCH
[INFO] 
[INFO] --- buildnumber:3.0.0:create-timestamp (jcabi-build-number) @ jcabi-maven-plugin ---
[INFO] Skipping because we are not in root module.
[INFO] 
[INFO] --- resources:3.2.0:resources (default-resources) @ jcabi-maven-plugin ---
[INFO] Using 'UTF-8' encoding to copy filtered resources.
[INFO] Using 'UTF-8' encoding to copy filtered properties files.
[INFO] Copying 1 resource
[INFO] The encoding used to copy filtered properties files have not been set. This means that the same encoding will be used to copy filtered properties files as when copying other filtered resources. This might not be what you want! Run your build with --debug to see which files might be affected. Read more at https://maven.apache.org/plugins/maven-resources-plugin/examples/filtering-properties-files.html
[INFO] 
[INFO] --- compiler:3.10.1:compile (default-compile) @ jcabi-maven-plugin ---
[INFO] Changes detected - recompiling the module!
[INFO] Compiling 4 source files to /jcabi-maven-plugin/target/classes
[INFO] 
[INFO] --- compiler:3.10.1:compile (compile-helpmojo) @ jcabi-maven-plugin ---
[INFO] Changes detected - recompiling the module!
[INFO] Compiling 4 source files to /jcabi-maven-plugin/target/classes
[INFO] 
[INFO] --- plugin:3.6.4:descriptor (default-descriptor) @ jcabi-maven-plugin ---
[ERROR] 

Some dependencies of Maven Plugins are expected to be in provided scope.
Please make sure that dependencies listed below declared in POM
have set '<scope>provided</scope>' as well.

The following dependencies are in wrong scope:
 * org.apache.maven:maven-plugin-api:jar:3.9.2:compile
 * org.apache.maven:maven-model:jar:3.9.2:compile
 * org.apache.maven:maven-core:jar:3.9.2:compile
 * org.apache.maven:maven-settings:jar:3.9.2:compile
 * org.apache.maven:maven-settings-builder:jar:3.9.2:compile
 * org.apache.maven:maven-builder-support:jar:3.9.2:compile
 * org.apache.maven:maven-repository-metadata:jar:3.9.2:compile
 * org.apache.maven:maven-model-builder:jar:3.9.2:compile
 * org.apache.maven:maven-resolver-provider:jar:3.9.2:compile
 * org.apache.maven:maven-artifact:jar:3.9.0:compile



[INFO] Using 'UTF-8' encoding to read mojo source files.
[INFO] java-javadoc mojo extractor found 0 mojo descriptor.
[INFO] ant mojo extractor found 0 mojo descriptor.
[INFO] bsh mojo extractor found 0 mojo descriptor.
[INFO] java-annotations mojo extractor found 2 mojo descriptors.
[INFO] 
[INFO] --- plugin:3.6.4:descriptor (mojo-descriptor) @ jcabi-maven-plugin ---
[ERROR] 

Some dependencies of Maven Plugins are expected to be in provided scope.
Please make sure that dependencies listed below declared in POM
have set '<scope>provided</scope>' as well.

The following dependencies are in wrong scope:
 * org.apache.maven:maven-plugin-api:jar:3.9.2:compile
 * org.apache.maven:maven-model:jar:3.9.2:compile
 * org.apache.maven:maven-core:jar:3.9.2:compile
 * org.apache.maven:maven-settings:jar:3.9.2:compile
 * org.apache.maven:maven-settings-builder:jar:3.9.2:compile
 * org.apache.maven:maven-builder-support:jar:3.9.2:compile
 * org.apache.maven:maven-repository-metadata:jar:3.9.2:compile
 * org.apache.maven:maven-model-builder:jar:3.9.2:compile
 * org.apache.maven:maven-resolver-provider:jar:3.9.2:compile
 * org.apache.maven:maven-artifact:jar:3.9.0:compile



[INFO] Using 'UTF-8' encoding to read mojo source files.
[INFO] java-javadoc mojo extractor found 0 mojo descriptor.
[INFO] ant mojo extractor found 0 mojo descriptor.
[INFO] bsh mojo extractor found 0 mojo descriptor.
[INFO] java-annotations mojo extractor found 2 mojo descriptors.
[INFO] 
[INFO] --- resources:3.2.0:testResources (default-testResources) @ jcabi-maven-plugin ---
[INFO] Using 'UTF-8' encoding to copy filtered resources.
[INFO] Using 'UTF-8' encoding to copy filtered properties files.
[INFO] Copying 4 resources
[INFO] The encoding used to copy filtered properties files have not been set. This means that the same encoding will be used to copy filtered properties files as when copying other filtered resources. This might not be what you want! Run your build with --debug to see which files might be affected. Read more at https://maven.apache.org/plugins/maven-resources-plugin/examples/filtering-properties-files.html
[INFO] 
[INFO] --- compiler:3.10.1:testCompile (default-testCompile) @ jcabi-maven-plugin ---
[INFO] Changes detected - recompiling the module!
[INFO] Compiling 4 source files to /jcabi-maven-plugin/target/test-classes
[INFO] 
[INFO] --- surefire:3.0.0-M7:test (default-test) @ jcabi-maven-plugin ---
[INFO] Tests will run in random order. To reproduce ordering use flag -Dsurefire.runOrder.random.seed=935934563353061
[INFO] Using auto detected provider org.apache.maven.surefire.junitplatform.JUnitPlatformProvider
[INFO] 
[INFO] -------------------------------------------------------
[INFO]  T E S T S
[INFO] -------------------------------------------------------
[INFO] Running com.jcabi.maven.plugin.UnwovenClassesTest
SLF4J: Class path contains multiple SLF4J providers.
SLF4J: Found provider [MavenSlf4j()]
SLF4J: Found provider [org.slf4j.reload4j.Reload4jServiceProvider@231f98ef]
SLF4J: See https://www.slf4j.org/codes.html#multiple_bindings for an explanation.
SLF4J: Actual provider is of type [MavenSlf4j()]
[info] Unwoven classes will be copied to src/test/resources/unwoven
[info] Unwoven test classes will be copied to src/test/resources/unwoven-test
[INFO] Tests run: 2, Failures: 0, Errors: 0, Skipped: 0, Time elapsed: 0.074 s - in com.jcabi.maven.plugin.UnwovenClassesTest
[INFO] Running com.jcabi.maven.plugin.AjcMojoTest
[WARNING] Tests run: 1, Failures: 0, Errors: 0, Skipped: 1, Time elapsed: 0.004 s - in com.jcabi.maven.plugin.AjcMojoTest
[INFO] Running com.jcabi.maven.plugin.VersionalizeMojoTest
[WARNING] Tests run: 1, Failures: 0, Errors: 0, Skipped: 1, Time elapsed: 0.002 s - in com.jcabi.maven.plugin.VersionalizeMojoTest
[INFO] 
[INFO] Results:
[INFO] 
[WARNING] Tests run: 4, Failures: 0, Errors: 0, Skipped: 2
[INFO] 
[INFO] ------------------------------------------------------------------------
[INFO] BUILD SUCCESS
[INFO] ------------------------------------------------------------------------
[INFO] Total time:  16.780 s
[INFO] Finished at: 2026-08-24T12:38:24Z
[INFO] ------------------------------------------------------------------------
[WARNING] 
[WARNING] Plugin validation issues were detected in 6 plugin(s)
[WARNING] 
[WARNING]  * org.apache.maven.plugins:maven-resources-plugin:3.2.0
[WARNING]  * org.codehaus.mojo:buildnumber-maven-plugin:3.0.0
[WARNING]  * org.apache.maven.plugins:maven-compiler-plugin:3.10.1
[WARNING]  * org.apache.maven.plugins:maven-plugin-plugin:3.6.4
[WARNING]  * org.apache.maven.plugins:maven-enforcer-plugin:1.3.1
[WARNING]  * org.apache.maven.plugins:maven-surefire-plugin:3.0.0-M7
[WARNING] 
[WARNING] For more or less details, use 'maven.plugin.validation' property with one of the values (case insensitive): [BRIEF, DEFAULT, VERBOSE]
[WARNING] 
