Modules with known eventlet monkey patching issues were imported prior to eventlet monkey patching: urllib3, oslo_context.context. This warning can usually be ignored if the caller is only importing and not executing nova code.
Modules with known eventlet monkey patching issues were imported prior to eventlet monkey patching: urllib3, oslo_context.context. This warning can usually be ignored if the caller is only importing and not executing nova code.
Modules with known eventlet monkey patching issues were imported prior to eventlet monkey patching: oslo_context.context, urllib3. This warning can usually be ignored if the caller is only importing and not executing nova code.
Modules with known eventlet monkey patching issues were imported prior to eventlet monkey patching: urllib3, oslo_context.context. This warning can usually be ignored if the caller is only importing and not executing nova code.
Modules with known eventlet monkey patching issues were imported prior to eventlet monkey patching: oslo_context.context, urllib3. This warning can usually be ignored if the caller is only importing and not executing nova code.
Modules with known eventlet monkey patching issues were imported prior to eventlet monkey patching: urllib3, oslo_context.context. This warning can usually be ignored if the caller is only importing and not executing nova code.
Modules with known eventlet monkey patching issues were imported prior to eventlet monkey patching: urllib3, oslo_context.context. This warning can usually be ignored if the caller is only importing and not executing nova code.
2026-08-30 13:22:14.126 4054304 INFO oslo_service.periodic_task [req-c0679d5c-911d-45fc-82ef-8a227be2514d fake_user 6a6a9c9eee154e9cb8cec487b98d36ab - - -] Skipping periodic task _discover_hosts_in_cells because its interval is negative[00m
2026-08-30 13:22:14.149 4054304 ERROR stevedore.extension [req-c0679d5c-911d-45fc-82ef-8a227be2514d fake_user 6a6a9c9eee154e9cb8cec487b98d36ab - - -] Could not load 'oslo_cache.etcd3gw': No module named 'etcd3gw': ModuleNotFoundError: No module named 'etcd3gw'[00m
2026-08-30 13:22:14.150 4054304 ERROR stevedore.extension [req-c0679d5c-911d-45fc-82ef-8a227be2514d fake_user 6a6a9c9eee154e9cb8cec487b98d36ab - - -] Could not load 'oslo_cache.memcache_pool': No module named 'memcache': ModuleNotFoundError: No module named 'memcache'[00m
2026-08-30 13:22:14.194 4054329 INFO oslo_service.periodic_task [req-3f26d748-a0b8-4550-85f2-1dbddf3f4dcb fake_user 6a6a9c9eee154e9cb8cec487b98d36ab - - -] Skipping periodic task _discover_hosts_in_cells because its interval is negative[00m
2026-08-30 13:22:14.218 4054329 ERROR stevedore.extension [req-3f26d748-a0b8-4550-85f2-1dbddf3f4dcb fake_user 6a6a9c9eee154e9cb8cec487b98d36ab - - -] Could not load 'oslo_cache.etcd3gw': No module named 'etcd3gw': ModuleNotFoundError: No module named 'etcd3gw'[00m
2026-08-30 13:22:14.219 4054329 ERROR stevedore.extension [req-3f26d748-a0b8-4550-85f2-1dbddf3f4dcb fake_user 6a6a9c9eee154e9cb8cec487b98d36ab - - -] Could not load 'oslo_cache.memcache_pool': No module named 'memcache': ModuleNotFoundError: No module named 'memcache'[00m
2026-08-30 13:22:14.266 4054323 INFO oslo_service.periodic_task [req-d52cf3f7-ee6b-423d-99f7-acbef914263a fake_user 6a6a9c9eee154e9cb8cec487b98d36ab - - -] Skipping periodic task _discover_hosts_in_cells because its interval is negative[00m
2026-08-30 13:22:14.273 4054333 INFO oslo_service.periodic_task [req-8df585ee-5932-4e59-94e0-f310adae7eee fake_user 6a6a9c9eee154e9cb8cec487b98d36ab - - -] Skipping periodic task _discover_hosts_in_cells because its interval is negative[00m
2026-08-30 13:22:14.289 4054323 ERROR stevedore.extension [req-d52cf3f7-ee6b-423d-99f7-acbef914263a fake_user 6a6a9c9eee154e9cb8cec487b98d36ab - - -] Could not load 'oslo_cache.etcd3gw': No module named 'etcd3gw': ModuleNotFoundError: No module named 'etcd3gw'[00m
2026-08-30 13:22:14.290 4054323 ERROR stevedore.extension [req-d52cf3f7-ee6b-423d-99f7-acbef914263a fake_user 6a6a9c9eee154e9cb8cec487b98d36ab - - -] Could not load 'oslo_cache.memcache_pool': No module named 'memcache': ModuleNotFoundError: No module named 'memcache'[00m
2026-08-30 13:22:14.296 4054333 ERROR stevedore.extension [req-8df585ee-5932-4e59-94e0-f310adae7eee fake_user 6a6a9c9eee154e9cb8cec487b98d36ab - - -] Could not load 'oslo_cache.etcd3gw': No module named 'etcd3gw': ModuleNotFoundError: No module named 'etcd3gw'[00m
2026-08-30 13:22:14.297 4054333 ERROR stevedore.extension [req-8df585ee-5932-4e59-94e0-f310adae7eee fake_user 6a6a9c9eee154e9cb8cec487b98d36ab - - -] Could not load 'oslo_cache.memcache_pool': No module named 'memcache': ModuleNotFoundError: No module named 'memcache'[00m
2026-08-30 13:22:14.315 4054309 INFO oslo_service.periodic_task [req-5db2196c-71ca-41db-993a-c1daee1e0ee3 fake_user 6a6a9c9eee154e9cb8cec487b98d36ab - - -] Skipping periodic task _discover_hosts_in_cells because its interval is negative[00m
2026-08-30 13:22:14.316 4054314 INFO oslo_service.periodic_task [req-2e542f1e-20a9-4d62-b86a-13d70cdbad8c fake_user 6a6a9c9eee154e9cb8cec487b98d36ab - - -] Skipping periodic task _discover_hosts_in_cells because its interval is negative[00m
2026-08-30 13:22:14.338 4054309 ERROR stevedore.extension [req-5db2196c-71ca-41db-993a-c1daee1e0ee3 fake_user 6a6a9c9eee154e9cb8cec487b98d36ab - - -] Could not load 'oslo_cache.etcd3gw': No module named 'etcd3gw': ModuleNotFoundError: No module named 'etcd3gw'[00m
2026-08-30 13:22:14.339 4054309 ERROR stevedore.extension [req-5db2196c-71ca-41db-993a-c1daee1e0ee3 fake_user 6a6a9c9eee154e9cb8cec487b98d36ab - - -] Could not load 'oslo_cache.memcache_pool': No module named 'memcache': ModuleNotFoundError: No module named 'memcache'[00m
2026-08-30 13:22:14.340 4054314 ERROR stevedore.extension [req-2e542f1e-20a9-4d62-b86a-13d70cdbad8c fake_user 6a6a9c9eee154e9cb8cec487b98d36ab - - -] Could not load 'oslo_cache.etcd3gw': No module named 'etcd3gw': ModuleNotFoundError: No module named 'etcd3gw'[00m
2026-08-30 13:22:14.342 4054314 ERROR stevedore.extension [req-2e542f1e-20a9-4d62-b86a-13d70cdbad8c fake_user 6a6a9c9eee154e9cb8cec487b98d36ab - - -] Could not load 'oslo_cache.memcache_pool': No module named 'memcache': ModuleNotFoundError: No module named 'memcache'[00m
{0} nova.tests.unit.cmd.test_manage.CellV2CommandsTestCase.test_map_cell0_default_database_special_characters_1_mysql_pymysql___nova_abcd0123_AB_controller__s [1.186778s] ... ok
{4} nova.tests.unit.cmd.test_manage.CellV2CommandsTestCase.test_map_cell0_default_database_special_characters_5_mysql_pymysql___test_abcd0123_AB_controller__s_charset_utf8 [1.146885s] ... ok
{3} nova.tests.unit.cmd.test_manage.CellV2CommandsTestCase.test_map_cell0_default_database_special_characters_2_mysql_pymysql___nova_abcd0123_AB_controller__s [1.151640s] ... ok
{2} nova.tests.unit.cmd.test_manage.CellV2CommandsTestCase.test_map_cell0_default_database_special_characters_4_mysql_pymysql___nova_abcd0123_AB_controller__s [1.098922s] ... ok
{5} nova.tests.unit.cmd.test_manage.CellV2CommandsTestCase.test_map_cell0_default_database [1.192087s] ... ok
{1} nova.tests.unit.cmd.test_manage.CellV2CommandsTestCase.test_map_cell0_default_database_special_characters_3_mysql_pymysql___nova_abcd0123_AB_controller__s [1.157105s] ... ok
[93mReadline features including tab completion have been disabled because
no supported version of readline was found. To resolve this, install
pyreadline on Windows or gnureadline on Mac.

[39m
======
Totals
======
Ran: 6 tests in 1.4311 sec.
 - Passed: 6
 - Skipped: 0
 - Expected Fail: 0
 - Unexpected Success: 0
 - Failed: 0
Sum of execute time for each test: 6.9334 sec.

==============
Worker Balance
==============
 - Worker 0 (1 tests) => 0:00:01.186778
 - Worker 1 (1 tests) => 0:00:01.157105
 - Worker 2 (1 tests) => 0:00:01.098922
 - Worker 3 (1 tests) => 0:00:01.151640
 - Worker 4 (1 tests) => 0:00:01.146885
 - Worker 5 (1 tests) => 0:00:01.192087
