/home/zhihao/hdd/marshal/benchmarks/cross-repo-pr-impact/results/single-case-pipeline-996511-996546-v1-2026-08-27/replay-work/formal-opendev-996511--target-996546/target-a0/.tox/py3/lib/python3.13/site-packages/oslo_utils/importutils.py:77: EventletDeprecationWarning: 
Eventlet is deprecated. It is currently being maintained in bugfix mode, and
we strongly recommend against using it for new projects.

If you are already using Eventlet, we recommend migrating to a different
framework.  For more detail see
https://eventlet.readthedocs.io/en/latest/asyncio/migration.html

  __import__(import_str)
/home/zhihao/hdd/marshal/benchmarks/cross-repo-pr-impact/results/single-case-pipeline-996511-996546-v1-2026-08-27/replay-work/formal-opendev-996511--target-996546/target-a0/.tox/py3/lib/python3.13/site-packages/oslo_utils/importutils.py:77: EventletDeprecationWarning: 
Eventlet is deprecated. It is currently being maintained in bugfix mode, and
we strongly recommend against using it for new projects.

If you are already using Eventlet, we recommend migrating to a different
framework.  For more detail see
https://eventlet.readthedocs.io/en/latest/asyncio/migration.html

  __import__(import_str)
/home/zhihao/hdd/marshal/benchmarks/cross-repo-pr-impact/results/single-case-pipeline-996511-996546-v1-2026-08-27/replay-work/formal-opendev-996511--target-996546/target-a0/.tox/py3/lib/python3.13/site-packages/oslo_policy/policy.py:1160: UserWarning: Policy "context_is_admin": "role:admin" failed scope check. The token used to make the request was system scoped but the policy requires ['project'] scope. This behavior may change in the future where using the intended scope is required
  warnings.warn(msg)
{0} octavia.tests.unit.common.test_policy.PolicyTestCase.test_check_is_admin_with_system_scope_token [0.005805s] ... ok

======
Totals
======
Ran: 1 tests in 0.0058 sec.
 - Passed: 1
 - Skipped: 0
 - Expected Fail: 0
 - Unexpected Success: 0
 - Failed: 0
Sum of execute time for each test: 0.0058 sec.

==============
Worker Balance
==============
 - Worker 0 (1 tests) => 0:00:00.005805
