{5} heat.tests.engine.service.test_service_engine.ServiceEngineTest.test_service_manage_report_update_fail [1.212435s] ... ok
{7} heat.tests.engine.service.test_service_engine.ServiceEngineTest.test_stop_rpc_server [1.966204s] ... ok
{9} heat.tests.engine.service.test_service_engine.ServiceEngineTest.test_make_sure_rpc_version [1.966440s] ... ok
{12} heat.tests.engine.service.test_service_engine.ServiceEngineTest.test_engine_service_start_in_convergence_mode [1.971697s] ... ok
{11} heat.tests.engine.service.test_service_engine.ServiceEngineTest.test_engine_service_start_in_non_convergence_mode [1.971253s] ... ok
{1} heat.tests.engine.service.test_service_engine.ServiceEngineTest.test_service_manage_report_cleanup [2.080270s] ... ok
{10} heat.tests.engine.service.test_service_engine.ServiceEngineTest.test_service_manage_report_start [2.093489s] ... ok
{4} heat.tests.engine.service.test_service_engine.ServiceEngineTest.test_engine_service_reset [1.994320s] ... ok
{2} heat.tests.engine.service.test_service_engine.ServiceEngineTest.test_service_get_all [1.948142s] ... ok
{0} heat.tests.engine.service.test_service_engine.ServiceEngineTest.test_service_manage_report_update [1.997219s] ... ok
{8} heat.tests.engine.service.test_service_engine.ServiceEngineTest.test_engine_service_configures_connection_pool [2.138567s] ... ok
{6} heat.tests.engine.service.test_service_engine.ServiceEngineTest.test_engine_service_stop_in_non_convergence_mode [2.268453s] ... ok
{3} heat.tests.engine.service.test_service_engine.ServiceEngineTest.test_engine_service_stop_in_convergence_mode [2.169135s] ... ok

======
Totals
======
Ran: 13 tests in 2.2796 sec.
 - Passed: 13
 - Skipped: 0
 - Expected Fail: 0
 - Unexpected Success: 0
 - Failed: 0
Sum of execute time for each test: 25.7776 sec.

==============
Worker Balance
==============
 - Worker 0 (1 tests) => 0:00:01.997219
 - Worker 1 (1 tests) => 0:00:02.080270
 - Worker 2 (1 tests) => 0:00:01.948142
 - Worker 3 (1 tests) => 0:00:02.169135
 - Worker 4 (1 tests) => 0:00:01.994320
 - Worker 5 (1 tests) => 0:00:01.212435
 - Worker 6 (1 tests) => 0:00:02.268453
 - Worker 7 (1 tests) => 0:00:01.966204
 - Worker 8 (1 tests) => 0:00:02.138567
 - Worker 9 (1 tests) => 0:00:01.966440
 - Worker 10 (1 tests) => 0:00:02.093489
 - Worker 11 (1 tests) => 0:00:01.971253
 - Worker 12 (1 tests) => 0:00:01.971697
