[INFO] Scanning for projects...
[INFO] Downloading from central: https://repo.maven.apache.org/maven2/com/jcabi/jcabi/1.35.0/jcabi-1.35.0.pom
[INFO] Downloaded from central: https://repo.maven.apache.org/maven2/com/jcabi/jcabi/1.35.0/jcabi-1.35.0.pom (5.8 kB at 7.2 kB/s)
[INFO] Downloading from central: https://repo.maven.apache.org/maven2/com/jcabi/parent/0.62.0/parent-0.62.0.pom
[INFO] Downloaded from central: https://repo.maven.apache.org/maven2/com/jcabi/parent/0.62.0/parent-0.62.0.pom (63 kB at 292 kB/s)
[INFO] 
[INFO] ----------------------< com.jcabi:jcabi-simpledb >----------------------
[INFO] Building jcabi-simpledb 1.0-SNAPSHOT
[INFO]   from pom.xml
[INFO] --------------------------------[ jar ]---------------------------------
[INFO] Downloading from oss.sonatype.org: https://oss.sonatype.org/content/groups/public/org/apache/maven/plugins/maven-enforcer-plugin/3.1.0/maven-enforcer-plugin-3.1.0.pom
[INFO] Downloaded from oss.sonatype.org: https://oss.sonatype.org/content/groups/public/org/apache/maven/plugins/maven-enforcer-plugin/3.1.0/maven-enforcer-plugin-3.1.0.pom (7.2 kB at 4.9 kB/s)
[INFO] Downloading from oss.sonatype.org: https://oss.sonatype.org/content/groups/public/org/apache/maven/enforcer/enforcer/3.1.0/enforcer-3.1.0.pom
[INFO] Downloaded from oss.sonatype.org: https://oss.sonatype.org/content/groups/public/org/apache/maven/enforcer/enforcer/3.1.0/enforcer-3.1.0.pom (8.3 kB at 12 kB/s)
[INFO] Downloading from oss.sonatype.org: https://oss.sonatype.org/content/groups/public/org/apache/maven/plugins/maven-enforcer-plugin/3.1.0/maven-enforcer-plugin-3.1.0.jar
[INFO] Downloaded from oss.sonatype.org: https://oss.sonatype.org/content/groups/public/org/apache/maven/plugins/maven-enforcer-plugin/3.1.0/maven-enforcer-plugin-3.1.0.jar (26 kB at 38 kB/s)
[INFO] Downloading from oss.sonatype.org: https://oss.sonatype.org/content/groups/public/org/apache/maven/plugins/maven-failsafe-plugin/3.0.0-M7/maven-failsafe-plugin-3.0.0-M7.pom
[INFO] Downloaded from oss.sonatype.org: https://oss.sonatype.org/content/groups/public/org/apache/maven/plugins/maven-failsafe-plugin/3.0.0-M7/maven-failsafe-plugin-3.0.0-M7.pom (13 kB at 20 kB/s)
[INFO] Downloading from oss.sonatype.org: https://oss.sonatype.org/content/groups/public/org/apache/maven/plugins/maven-failsafe-plugin/3.0.0-M7/maven-failsafe-plugin-3.0.0-M7.jar
[INFO] Downloaded from oss.sonatype.org: https://oss.sonatype.org/content/groups/public/org/apache/maven/plugins/maven-failsafe-plugin/3.0.0-M7/maven-failsafe-plugin-3.0.0-M7.jar (54 kB at 78 kB/s)
[INFO] Downloading from oss.sonatype.org: https://oss.sonatype.org/content/groups/public/org/codehaus/mojo/buildnumber-maven-plugin/3.0.0/buildnumber-maven-plugin-3.0.0.pom
[INFO] Downloaded from oss.sonatype.org: https://oss.sonatype.org/content/groups/public/org/codehaus/mojo/buildnumber-maven-plugin/3.0.0/buildnumber-maven-plugin-3.0.0.pom (13 kB at 19 kB/s)
[INFO] Downloading from oss.sonatype.org: https://oss.sonatype.org/content/groups/public/org/codehaus/mojo/mojo-parent/65/mojo-parent-65.pom
[INFO] Downloaded from oss.sonatype.org: https://oss.sonatype.org/content/groups/public/org/codehaus/mojo/mojo-parent/65/mojo-parent-65.pom (35 kB at 52 kB/s)
[INFO] Downloading from oss.sonatype.org: https://oss.sonatype.org/content/groups/public/org/junit/junit-bom/5.8.1/junit-bom-5.8.1.pom
[INFO] Downloaded from oss.sonatype.org: https://oss.sonatype.org/content/groups/public/org/junit/junit-bom/5.8.1/junit-bom-5.8.1.pom (5.6 kB at 8.5 kB/s)
[INFO] Downloading from oss.sonatype.org: https://oss.sonatype.org/content/groups/public/org/codehaus/mojo/buildnumber-maven-plugin/3.0.0/buildnumber-maven-plugin-3.0.0.jar
[INFO] Downloaded from oss.sonatype.org: https://oss.sonatype.org/content/groups/public/org/codehaus/mojo/buildnumber-maven-plugin/3.0.0/buildnumber-maven-plugin-3.0.0.jar (46 kB at 65 kB/s)
[INFO] Downloading from oss.sonatype.org: https://oss.sonatype.org/content/groups/public/org/apache/maven/plugins/maven-compiler-plugin/3.10.1/maven-compiler-plugin-3.10.1.pom
[INFO] Downloaded from oss.sonatype.org: https://oss.sonatype.org/content/groups/public/org/apache/maven/plugins/maven-compiler-plugin/3.10.1/maven-compiler-plugin-3.10.1.pom (13 kB at 19 kB/s)
[INFO] Downloading from oss.sonatype.org: https://oss.sonatype.org/content/groups/public/org/apache/maven/plugins/maven-compiler-plugin/3.10.1/maven-compiler-plugin-3.10.1.jar
[INFO] Downloaded from oss.sonatype.org: https://oss.sonatype.org/content/groups/public/org/apache/maven/plugins/maven-compiler-plugin/3.10.1/maven-compiler-plugin-3.10.1.jar (62 kB at 80 kB/s)
[INFO] Downloading from central: https://repo.maven.apache.org/maven2/org/mockito/mockito-core/4.7.0/mockito-core-4.7.0.pom
[INFO] Downloaded from central: https://repo.maven.apache.org/maven2/org/mockito/mockito-core/4.7.0/mockito-core-4.7.0.pom (2.5 kB at 11 kB/s)
[INFO] Downloading from central: https://repo.maven.apache.org/maven2/net/bytebuddy/byte-buddy/1.12.13/byte-buddy-1.12.13.pom
[INFO] Downloaded from central: https://repo.maven.apache.org/maven2/net/bytebuddy/byte-buddy/1.12.13/byte-buddy-1.12.13.pom (16 kB at 76 kB/s)
[INFO] Downloading from central: https://repo.maven.apache.org/maven2/net/bytebuddy/byte-buddy-parent/1.12.13/byte-buddy-parent-1.12.13.pom
[INFO] Downloaded from central: https://repo.maven.apache.org/maven2/net/bytebuddy/byte-buddy-parent/1.12.13/byte-buddy-parent-1.12.13.pom (52 kB at 238 kB/s)
[INFO] Downloading from central: https://repo.maven.apache.org/maven2/net/bytebuddy/byte-buddy-agent/1.12.13/byte-buddy-agent-1.12.13.pom
[INFO] Downloaded from central: https://repo.maven.apache.org/maven2/net/bytebuddy/byte-buddy-agent/1.12.13/byte-buddy-agent-1.12.13.pom (11 kB at 53 kB/s)
[INFO] Downloading from central: https://repo.maven.apache.org/maven2/org/projectlombok/lombok/1.18.24/lombok-1.18.24.pom
[INFO] Downloaded from central: https://repo.maven.apache.org/maven2/org/projectlombok/lombok/1.18.24/lombok-1.18.24.pom (1.5 kB at 7.0 kB/s)
[INFO] Downloading from central: https://repo.maven.apache.org/maven2/com/amazonaws/aws-java-sdk-core/1.12.309/aws-java-sdk-core-1.12.309.pom
[INFO] Downloaded from central: https://repo.maven.apache.org/maven2/com/amazonaws/aws-java-sdk-core/1.12.309/aws-java-sdk-core-1.12.309.pom (4.5 kB at 21 kB/s)
[INFO] Downloading from central: https://repo.maven.apache.org/maven2/com/amazonaws/aws-java-sdk-pom/1.12.309/aws-java-sdk-pom-1.12.309.pom
[INFO] Downloaded from central: https://repo.maven.apache.org/maven2/com/amazonaws/aws-java-sdk-pom/1.12.309/aws-java-sdk-pom-1.12.309.pom (24 kB at 112 kB/s)
[INFO] Downloading from central: https://repo.maven.apache.org/maven2/commons-logging/commons-logging/1.1.3/commons-logging-1.1.3.pom
[INFO] Downloaded from central: https://repo.maven.apache.org/maven2/commons-logging/commons-logging/1.1.3/commons-logging-1.1.3.pom (18 kB at 86 kB/s)
[INFO] Downloading from central: https://repo.maven.apache.org/maven2/org/apache/commons/commons-parent/28/commons-parent-28.pom
[INFO] Downloaded from central: https://repo.maven.apache.org/maven2/org/apache/commons/commons-parent/28/commons-parent-28.pom (50 kB at 210 kB/s)
[INFO] Downloading from central: https://repo.maven.apache.org/maven2/commons-codec/commons-codec/1.15/commons-codec-1.15.pom
[INFO] Downloaded from central: https://repo.maven.apache.org/maven2/commons-codec/commons-codec/1.15/commons-codec-1.15.pom (15 kB at 74 kB/s)
[INFO] Downloading from central: https://repo.maven.apache.org/maven2/software/amazon/ion/ion-java/1.0.2/ion-java-1.0.2.pom
[INFO] Downloaded from central: https://repo.maven.apache.org/maven2/software/amazon/ion/ion-java/1.0.2/ion-java-1.0.2.pom (8.8 kB at 42 kB/s)
[INFO] Downloading from central: https://repo.maven.apache.org/maven2/com/fasterxml/jackson/core/jackson-databind/2.12.6.1/jackson-databind-2.12.6.1.pom
[INFO] Downloaded from central: https://repo.maven.apache.org/maven2/com/fasterxml/jackson/core/jackson-databind/2.12.6.1/jackson-databind-2.12.6.1.pom (15 kB at 66 kB/s)
[INFO] Downloading from central: https://repo.maven.apache.org/maven2/com/fasterxml/jackson/jackson-base/2.12.6/jackson-base-2.12.6.pom
[INFO] Downloaded from central: https://repo.maven.apache.org/maven2/com/fasterxml/jackson/jackson-base/2.12.6/jackson-base-2.12.6.pom (9.3 kB at 39 kB/s)
[INFO] Downloading from central: https://repo.maven.apache.org/maven2/com/fasterxml/jackson/jackson-bom/2.12.6/jackson-bom-2.12.6.pom
[INFO] Downloaded from central: https://repo.maven.apache.org/maven2/com/fasterxml/jackson/jackson-bom/2.12.6/jackson-bom-2.12.6.pom (17 kB at 82 kB/s)
[INFO] Downloading from central: https://repo.maven.apache.org/maven2/com/fasterxml/jackson/jackson-parent/2.12/jackson-parent-2.12.pom
[INFO] Downloaded from central: https://repo.maven.apache.org/maven2/com/fasterxml/jackson/jackson-parent/2.12/jackson-parent-2.12.pom (7.5 kB at 37 kB/s)
[INFO] Downloading from central: https://repo.maven.apache.org/maven2/com/fasterxml/oss-parent/41/oss-parent-41.pom
[INFO] Downloaded from central: https://repo.maven.apache.org/maven2/com/fasterxml/oss-parent/41/oss-parent-41.pom (23 kB at 113 kB/s)
[INFO] Downloading from central: https://repo.maven.apache.org/maven2/com/fasterxml/jackson/core/jackson-annotations/2.12.6/jackson-annotations-2.12.6.pom
[INFO] Downloaded from central: https://repo.maven.apache.org/maven2/com/fasterxml/jackson/core/jackson-annotations/2.12.6/jackson-annotations-2.12.6.pom (6.0 kB at 27 kB/s)
[INFO] Downloading from central: https://repo.maven.apache.org/maven2/com/fasterxml/jackson/core/jackson-core/2.12.6/jackson-core-2.12.6.pom
[INFO] Downloaded from central: https://repo.maven.apache.org/maven2/com/fasterxml/jackson/core/jackson-core/2.12.6/jackson-core-2.12.6.pom (5.5 kB at 24 kB/s)
[INFO] Downloading from central: https://repo.maven.apache.org/maven2/com/fasterxml/jackson/dataformat/jackson-dataformat-cbor/2.12.6/jackson-dataformat-cbor-2.12.6.pom
[INFO] Downloaded from central: https://repo.maven.apache.org/maven2/com/fasterxml/jackson/dataformat/jackson-dataformat-cbor/2.12.6/jackson-dataformat-cbor-2.12.6.pom (2.8 kB at 14 kB/s)
[INFO] Downloading from central: https://repo.maven.apache.org/maven2/com/fasterxml/jackson/dataformat/jackson-dataformats-binary/2.12.6/jackson-dataformats-binary-2.12.6.pom
[INFO] Downloaded from central: https://repo.maven.apache.org/maven2/com/fasterxml/jackson/dataformat/jackson-dataformats-binary/2.12.6/jackson-dataformats-binary-2.12.6.pom (3.5 kB at 17 kB/s)
[INFO] Downloading from central: https://repo.maven.apache.org/maven2/com/fasterxml/jackson/core/jackson-databind/2.12.6/jackson-databind-2.12.6.pom
[INFO] Downloaded from central: https://repo.maven.apache.org/maven2/com/fasterxml/jackson/core/jackson-databind/2.12.6/jackson-databind-2.12.6.pom (15 kB at 64 kB/s)
[INFO] Downloading from central: https://repo.maven.apache.org/maven2/joda-time/joda-time/2.8.1/joda-time-2.8.1.pom
[INFO] Downloaded from central: https://repo.maven.apache.org/maven2/joda-time/joda-time/2.8.1/joda-time-2.8.1.pom (29 kB at 118 kB/s)
[INFO] Downloading from central: https://repo.maven.apache.org/maven2/com/amazonaws/aws-java-sdk-simpledb/1.12.309/aws-java-sdk-simpledb-1.12.309.pom
[INFO] Downloaded from central: https://repo.maven.apache.org/maven2/com/amazonaws/aws-java-sdk-simpledb/1.12.309/aws-java-sdk-simpledb-1.12.309.pom (3.6 kB at 17 kB/s)
[INFO] Downloading from central: https://repo.maven.apache.org/maven2/com/amazonaws/jmespath-java/1.12.309/jmespath-java-1.12.309.pom
[INFO] Downloaded from central: https://repo.maven.apache.org/maven2/com/amazonaws/jmespath-java/1.12.309/jmespath-java-1.12.309.pom (3.4 kB at 15 kB/s)
[INFO] Artifact javax.el:javax.el-api:pom:3.0.1-b06 is present in the local repository, but cached from a remote repository ID that is unavailable in current build context, verifying that is downloadable from [central (https://repo.maven.apache.org/maven2, default, releases)]
[INFO] Artifact javax.el:javax.el-api:pom:3.0.1-b06 is present in the local repository, but cached from a remote repository ID that is unavailable in current build context, verifying that is downloadable from [central (https://repo.maven.apache.org/maven2, default, releases)]
[INFO] Downloading from central: https://repo.maven.apache.org/maven2/javax/el/javax.el-api/3.0.1-b06/javax.el-api-3.0.1-b06.pom
[INFO] Downloaded from central: https://repo.maven.apache.org/maven2/javax/el/javax.el-api/3.0.1-b06/javax.el-api-3.0.1-b06.pom (0 B at 0 B/s)
[INFO] Downloading from central: https://repo.maven.apache.org/maven2/org/glassfish/javax.el/3.0.1-b12/javax.el-3.0.1-b12.pom
[INFO] Downloaded from central: https://repo.maven.apache.org/maven2/org/glassfish/javax.el/3.0.1-b12/javax.el-3.0.1-b12.pom (18 kB at 83 kB/s)
[INFO] Downloading from central: https://repo.maven.apache.org/maven2/org/hibernate/validator/hibernate-validator/6.2.5.Final/hibernate-validator-6.2.5.Final.pom
[INFO] Downloaded from central: https://repo.maven.apache.org/maven2/org/hibernate/validator/hibernate-validator/6.2.5.Final/hibernate-validator-6.2.5.Final.pom (14 kB at 65 kB/s)
[INFO] Downloading from central: https://repo.maven.apache.org/maven2/org/hibernate/validator/hibernate-validator-parent/6.2.5.Final/hibernate-validator-parent-6.2.5.Final.pom
[INFO] Downloaded from central: https://repo.maven.apache.org/maven2/org/hibernate/validator/hibernate-validator-parent/6.2.5.Final/hibernate-validator-parent-6.2.5.Final.pom (78 kB at 346 kB/s)
[INFO] Downloading from central: https://repo.maven.apache.org/maven2/org/jboss/arquillian/arquillian-bom/1.6.0.Final/arquillian-bom-1.6.0.Final.pom
[INFO] Downloaded from central: https://repo.maven.apache.org/maven2/org/jboss/arquillian/arquillian-bom/1.6.0.Final/arquillian-bom-1.6.0.Final.pom (9.2 kB at 40 kB/s)
[INFO] Downloading from central: https://repo.maven.apache.org/maven2/org/jboss/shrinkwrap/shrinkwrap-bom/1.2.6/shrinkwrap-bom-1.2.6.pom
[INFO] Downloaded from central: https://repo.maven.apache.org/maven2/org/jboss/shrinkwrap/shrinkwrap-bom/1.2.6/shrinkwrap-bom-1.2.6.pom (4.0 kB at 19 kB/s)
[INFO] Downloading from central: https://repo.maven.apache.org/maven2/org/jboss/shrinkwrap/resolver/shrinkwrap-resolver-bom/3.1.4/shrinkwrap-resolver-bom-3.1.4.pom
[INFO] Downloaded from central: https://repo.maven.apache.org/maven2/org/jboss/shrinkwrap/resolver/shrinkwrap-resolver-bom/3.1.4/shrinkwrap-resolver-bom-3.1.4.pom (7.0 kB at 29 kB/s)
[INFO] Downloading from central: https://repo.maven.apache.org/maven2/org/apache/maven/maven/3.6.3/maven-3.6.3.pom
[INFO] Downloaded from central: https://repo.maven.apache.org/maven2/org/apache/maven/maven/3.6.3/maven-3.6.3.pom (26 kB at 113 kB/s)
[INFO] Downloading from central: https://repo.maven.apache.org/maven2/org/jboss/shrinkwrap/descriptors/shrinkwrap-descriptors-bom/2.0.0/shrinkwrap-descriptors-bom-2.0.0.pom
[INFO] Downloaded from central: https://repo.maven.apache.org/maven2/org/jboss/shrinkwrap/descriptors/shrinkwrap-descriptors-bom/2.0.0/shrinkwrap-descriptors-bom-2.0.0.pom (5.2 kB at 25 kB/s)
[INFO] Downloading from central: https://repo.maven.apache.org/maven2/jakarta/validation/jakarta.validation-api/2.0.2/jakarta.validation-api-2.0.2.pom
[INFO] Downloaded from central: https://repo.maven.apache.org/maven2/jakarta/validation/jakarta.validation-api/2.0.2/jakarta.validation-api-2.0.2.pom (11 kB at 54 kB/s)
[INFO] Downloading from central: https://repo.maven.apache.org/maven2/org/eclipse/ee4j/project/1.0.5/project-1.0.5.pom
[INFO] Downloaded from central: https://repo.maven.apache.org/maven2/org/eclipse/ee4j/project/1.0.5/project-1.0.5.pom (13 kB at 58 kB/s)
[INFO] Downloading from central: https://repo.maven.apache.org/maven2/org/jboss/logging/jboss-logging/3.4.1.Final/jboss-logging-3.4.1.Final.pom
[INFO] Downloaded from central: https://repo.maven.apache.org/maven2/org/jboss/logging/jboss-logging/3.4.1.Final/jboss-logging-3.4.1.Final.pom (5.0 kB at 23 kB/s)
[INFO] Downloading from central: https://repo.maven.apache.org/maven2/org/jboss/jboss-parent/34/jboss-parent-34.pom
[INFO] Downloaded from central: https://repo.maven.apache.org/maven2/org/jboss/jboss-parent/34/jboss-parent-34.pom (65 kB at 314 kB/s)
[INFO] Downloading from central: https://repo.maven.apache.org/maven2/com/fasterxml/classmate/1.5.1/classmate-1.5.1.pom
[INFO] Downloaded from central: https://repo.maven.apache.org/maven2/com/fasterxml/classmate/1.5.1/classmate-1.5.1.pom (7.3 kB at 36 kB/s)
[INFO] Downloading from central: https://repo.maven.apache.org/maven2/com/fasterxml/oss-parent/35/oss-parent-35.pom
[INFO] Downloaded from central: https://repo.maven.apache.org/maven2/com/fasterxml/oss-parent/35/oss-parent-35.pom (23 kB at 110 kB/s)
[INFO] Downloading from central: https://repo.maven.apache.org/maven2/org/slf4j/slf4j-log4j12/2.0.2/slf4j-log4j12-2.0.2.pom
[INFO] Downloaded from central: https://repo.maven.apache.org/maven2/org/slf4j/slf4j-log4j12/2.0.2/slf4j-log4j12-2.0.2.pom (873 B at 4.0 kB/s)
[INFO] Downloading from central: https://repo.maven.apache.org/maven2/org/slf4j/slf4j-parent/2.0.2/slf4j-parent-2.0.2.pom
[INFO] Downloaded from central: https://repo.maven.apache.org/maven2/org/slf4j/slf4j-parent/2.0.2/slf4j-parent-2.0.2.pom (16 kB at 76 kB/s)
[INFO] Downloading from central: https://repo.maven.apache.org/maven2/org/slf4j/slf4j-reload4j/2.0.2/slf4j-reload4j-2.0.2.pom
[INFO] Downloaded from central: https://repo.maven.apache.org/maven2/org/slf4j/slf4j-reload4j/2.0.2/slf4j-reload4j-2.0.2.pom (1.9 kB at 7.7 kB/s)
[INFO] Downloading from central: https://repo.maven.apache.org/maven2/org/slf4j/slf4j-api/2.0.2/slf4j-api-2.0.2.pom
[INFO] Downloaded from central: https://repo.maven.apache.org/maven2/org/slf4j/slf4j-api/2.0.2/slf4j-api-2.0.2.pom (1.6 kB at 7.5 kB/s)
[INFO] Downloading from central: https://repo.maven.apache.org/maven2/ch/qos/reload4j/reload4j/1.2.22/reload4j-1.2.22.pom
[INFO] Downloaded from central: https://repo.maven.apache.org/maven2/ch/qos/reload4j/reload4j/1.2.22/reload4j-1.2.22.pom (16 kB at 42 kB/s)
[INFO] Downloading from central: https://repo.maven.apache.org/maven2/org/junit/jupiter/junit-jupiter-engine/5.9.0/junit-jupiter-engine-5.9.0.pom
[INFO] Downloaded from central: https://repo.maven.apache.org/maven2/org/junit/jupiter/junit-jupiter-engine/5.9.0/junit-jupiter-engine-5.9.0.pom (3.2 kB at 14 kB/s)
[INFO] Downloading from central: https://repo.maven.apache.org/maven2/org/junit/platform/junit-platform-engine/1.9.0/junit-platform-engine-1.9.0.pom
[INFO] Downloaded from central: https://repo.maven.apache.org/maven2/org/junit/platform/junit-platform-engine/1.9.0/junit-platform-engine-1.9.0.pom (3.2 kB at 14 kB/s)
[INFO] Downloading from central: https://repo.maven.apache.org/maven2/org/junit/platform/junit-platform-commons/1.9.0/junit-platform-commons-1.9.0.pom
[INFO] Downloaded from central: https://repo.maven.apache.org/maven2/org/junit/platform/junit-platform-commons/1.9.0/junit-platform-commons-1.9.0.pom (2.8 kB at 12 kB/s)
[INFO] Downloading from central: https://repo.maven.apache.org/maven2/org/slf4j/slf4j-reload4j/2.0.0/slf4j-reload4j-2.0.0.pom
[INFO] Downloaded from central: https://repo.maven.apache.org/maven2/org/slf4j/slf4j-reload4j/2.0.0/slf4j-reload4j-2.0.0.pom (1.9 kB at 8.5 kB/s)
[INFO] Downloading from central: https://repo.maven.apache.org/maven2/org/slf4j/slf4j-parent/2.0.0/slf4j-parent-2.0.0.pom
[INFO] Downloaded from central: https://repo.maven.apache.org/maven2/org/slf4j/slf4j-parent/2.0.0/slf4j-parent-2.0.0.pom (16 kB at 75 kB/s)
[INFO] Downloading from central: https://repo.maven.apache.org/maven2/org/slf4j/slf4j-api/2.0.0/slf4j-api-2.0.0.pom
[INFO] Downloaded from central: https://repo.maven.apache.org/maven2/org/slf4j/slf4j-api/2.0.0/slf4j-api-2.0.0.pom (1.6 kB at 6.8 kB/s)
[INFO] Downloading from central: https://repo.maven.apache.org/maven2/ch/qos/reload4j/reload4j/1.2.19/reload4j-1.2.19.pom
[INFO] Downloaded from central: https://repo.maven.apache.org/maven2/ch/qos/reload4j/reload4j/1.2.19/reload4j-1.2.19.pom (16 kB at 75 kB/s)
[WARNING] The artifact org.slf4j:slf4j-log4j12:jar:2.0.2 has been relocated to org.slf4j:slf4j-reload4j:jar:2.0.2
[INFO] Artifact javax.el:javax.el-api:jar:3.0.1-b06 is present in the local repository, but cached from a remote repository ID that is unavailable in current build context, verifying that is downloadable from [central (https://repo.maven.apache.org/maven2, default, releases)]
[INFO] Artifact javax.el:javax.el-api:jar:3.0.1-b06 is present in the local repository, but cached from a remote repository ID that is unavailable in current build context, verifying that is downloadable from [central (https://repo.maven.apache.org/maven2, default, releases)]
[INFO] Downloading from central: https://repo.maven.apache.org/maven2/org/projectlombok/lombok/1.18.24/lombok-1.18.24.jar
[INFO] Downloaded from central: https://repo.maven.apache.org/maven2/org/projectlombok/lombok/1.18.24/lombok-1.18.24.jar (2.0 MB at 1.8 MB/s)
[INFO] Downloading from central: https://repo.maven.apache.org/maven2/com/amazonaws/aws-java-sdk-core/1.12.309/aws-java-sdk-core-1.12.309.jar
[INFO] Downloading from central: https://repo.maven.apache.org/maven2/commons-logging/commons-logging/1.1.3/commons-logging-1.1.3.jar
[INFO] Downloading from central: https://repo.maven.apache.org/maven2/commons-codec/commons-codec/1.15/commons-codec-1.15.jar
[INFO] Downloading from central: https://repo.maven.apache.org/maven2/org/apache/httpcomponents/httpcore/4.4.13/httpcore-4.4.13.jar
[INFO] Downloading from central: https://repo.maven.apache.org/maven2/software/amazon/ion/ion-java/1.0.2/ion-java-1.0.2.jar
[INFO] Downloaded from central: https://repo.maven.apache.org/maven2/commons-logging/commons-logging/1.1.3/commons-logging-1.1.3.jar (62 kB at 273 kB/s)
[INFO] Downloading from central: https://repo.maven.apache.org/maven2/com/fasterxml/jackson/core/jackson-databind/2.12.6.1/jackson-databind-2.12.6.1.jar
[INFO] Downloaded from central: https://repo.maven.apache.org/maven2/com/fasterxml/jackson/core/jackson-databind/2.12.6.1/jackson-databind-2.12.6.1.jar (1.5 MB at 3.0 MB/s)
[INFO] Downloading from central: https://repo.maven.apache.org/maven2/com/fasterxml/jackson/core/jackson-annotations/2.12.6/jackson-annotations-2.12.6.jar
[INFO] Downloaded from central: https://repo.maven.apache.org/maven2/com/fasterxml/jackson/core/jackson-annotations/2.12.6/jackson-annotations-2.12.6.jar (76 kB at 103 kB/s)
[INFO] Downloading from central: https://repo.maven.apache.org/maven2/com/fasterxml/jackson/core/jackson-core/2.12.6/jackson-core-2.12.6.jar
[INFO] Downloaded from central: https://repo.maven.apache.org/maven2/com/fasterxml/jackson/core/jackson-core/2.12.6/jackson-core-2.12.6.jar (366 kB at 371 kB/s)
[INFO] Downloading from central: https://repo.maven.apache.org/maven2/com/fasterxml/jackson/dataformat/jackson-dataformat-cbor/2.12.6/jackson-dataformat-cbor-2.12.6.jar
[INFO] Downloaded from central: https://repo.maven.apache.org/maven2/org/apache/httpcomponents/httpcore/4.4.13/httpcore-4.4.13.jar (329 kB at 281 kB/s)
[INFO] Downloading from central: https://repo.maven.apache.org/maven2/joda-time/joda-time/2.8.1/joda-time-2.8.1.jar
[INFO] Downloaded from central: https://repo.maven.apache.org/maven2/commons-codec/commons-codec/1.15/commons-codec-1.15.jar (354 kB at 291 kB/s)
[INFO] Downloading from central: https://repo.maven.apache.org/maven2/com/amazonaws/aws-java-sdk-simpledb/1.12.309/aws-java-sdk-simpledb-1.12.309.jar
[INFO] Downloaded from central: https://repo.maven.apache.org/maven2/com/fasterxml/jackson/dataformat/jackson-dataformat-cbor/2.12.6/jackson-dataformat-cbor-2.12.6.jar (62 kB at 51 kB/s)
[INFO] Downloading from central: https://repo.maven.apache.org/maven2/com/amazonaws/jmespath-java/1.12.309/jmespath-java-1.12.309.jar
[INFO] Downloaded from central: https://repo.maven.apache.org/maven2/software/amazon/ion/ion-java/1.0.2/ion-java-1.0.2.jar (565 kB at 422 kB/s)
[INFO] Downloading from central: https://repo.maven.apache.org/maven2/javax/el/javax.el-api/3.0.1-b06/javax.el-api-3.0.1-b06.jar
[INFO] Downloaded from central: https://repo.maven.apache.org/maven2/com/amazonaws/jmespath-java/1.12.309/jmespath-java-1.12.309.jar (28 kB at 20 kB/s)
[INFO] Downloading from central: https://repo.maven.apache.org/maven2/org/glassfish/javax.el/3.0.1-b12/javax.el-3.0.1-b12.jar
[INFO] Downloaded from central: https://repo.maven.apache.org/maven2/com/amazonaws/aws-java-sdk-core/1.12.309/aws-java-sdk-core-1.12.309.jar (1.0 MB at 725 kB/s)
[INFO] Downloading from central: https://repo.maven.apache.org/maven2/org/hibernate/validator/hibernate-validator/6.2.5.Final/hibernate-validator-6.2.5.Final.jar
[INFO] Downloaded from central: https://repo.maven.apache.org/maven2/com/amazonaws/aws-java-sdk-simpledb/1.12.309/aws-java-sdk-simpledb-1.12.309.jar (151 kB at 98 kB/s)
[INFO] Downloading from central: https://repo.maven.apache.org/maven2/jakarta/validation/jakarta.validation-api/2.0.2/jakarta.validation-api-2.0.2.jar
[INFO] Downloaded from central: https://repo.maven.apache.org/maven2/javax/el/javax.el-api/3.0.1-b06/javax.el-api-3.0.1-b06.jar (0 B at 0 B/s)
[INFO] Downloading from central: https://repo.maven.apache.org/maven2/org/jboss/logging/jboss-logging/3.4.1.Final/jboss-logging-3.4.1.Final.jar
[INFO] Downloaded from central: https://repo.maven.apache.org/maven2/org/glassfish/javax.el/3.0.1-b12/javax.el-3.0.1-b12.jar (237 kB at 144 kB/s)
[INFO] Downloading from central: https://repo.maven.apache.org/maven2/com/fasterxml/classmate/1.5.1/classmate-1.5.1.jar
[INFO] Downloaded from central: https://repo.maven.apache.org/maven2/joda-time/joda-time/2.8.1/joda-time-2.8.1.jar (622 kB at 368 kB/s)
[INFO] Downloading from central: https://repo.maven.apache.org/maven2/org/slf4j/slf4j-reload4j/2.0.2/slf4j-reload4j-2.0.2.jar
[INFO] Downloaded from central: https://repo.maven.apache.org/maven2/org/jboss/logging/jboss-logging/3.4.1.Final/jboss-logging-3.4.1.Final.jar (61 kB at 34 kB/s)
[INFO] Downloading from central: https://repo.maven.apache.org/maven2/org/slf4j/slf4j-api/2.0.2/slf4j-api-2.0.2.jar
[INFO] Downloaded from central: https://repo.maven.apache.org/maven2/jakarta/validation/jakarta.validation-api/2.0.2/jakarta.validation-api-2.0.2.jar (92 kB at 51 kB/s)
[INFO] Downloading from central: https://repo.maven.apache.org/maven2/ch/qos/reload4j/reload4j/1.2.22/reload4j-1.2.22.jar
[INFO] Downloaded from central: https://repo.maven.apache.org/maven2/org/hibernate/validator/hibernate-validator/6.2.5.Final/hibernate-validator-6.2.5.Final.jar (1.3 MB at 721 kB/s)
[INFO] Downloading from central: https://repo.maven.apache.org/maven2/org/junit/jupiter/junit-jupiter-engine/5.9.0/junit-jupiter-engine-5.9.0.jar
[INFO] Downloaded from central: https://repo.maven.apache.org/maven2/com/fasterxml/classmate/1.5.1/classmate-1.5.1.jar (68 kB at 36 kB/s)
[INFO] Downloading from central: https://repo.maven.apache.org/maven2/org/junit/platform/junit-platform-engine/1.9.0/junit-platform-engine-1.9.0.jar
[INFO] Downloaded from central: https://repo.maven.apache.org/maven2/org/slf4j/slf4j-reload4j/2.0.2/slf4j-reload4j-2.0.2.jar (9.4 kB at 5.0 kB/s)
[INFO] Downloading from central: https://repo.maven.apache.org/maven2/org/junit/platform/junit-platform-commons/1.9.0/junit-platform-commons-1.9.0.jar
[INFO] Downloaded from central: https://repo.maven.apache.org/maven2/org/slf4j/slf4j-api/2.0.2/slf4j-api-2.0.2.jar (61 kB at 30 kB/s)
[INFO] Downloading from central: https://repo.maven.apache.org/maven2/org/mockito/mockito-core/4.7.0/mockito-core-4.7.0.jar
[INFO] Downloaded from central: https://repo.maven.apache.org/maven2/org/junit/jupiter/junit-jupiter-engine/5.9.0/junit-jupiter-engine-5.9.0.jar (246 kB at 119 kB/s)
[INFO] Downloading from central: https://repo.maven.apache.org/maven2/net/bytebuddy/byte-buddy/1.12.13/byte-buddy-1.12.13.jar
[INFO] Downloaded from central: https://repo.maven.apache.org/maven2/org/junit/platform/junit-platform-engine/1.9.0/junit-platform-engine-1.9.0.jar (188 kB at 89 kB/s)
[INFO] Downloading from central: https://repo.maven.apache.org/maven2/net/bytebuddy/byte-buddy-agent/1.12.13/byte-buddy-agent-1.12.13.jar
[INFO] Downloaded from central: https://repo.maven.apache.org/maven2/org/junit/platform/junit-platform-commons/1.9.0/junit-platform-commons-1.9.0.jar (103 kB at 48 kB/s)
[INFO] Downloaded from central: https://repo.maven.apache.org/maven2/ch/qos/reload4j/reload4j/1.2.22/reload4j-1.2.22.jar (332 kB at 148 kB/s)
[INFO] Downloaded from central: https://repo.maven.apache.org/maven2/net/bytebuddy/byte-buddy-agent/1.12.13/byte-buddy-agent-1.12.13.jar (256 kB at 110 kB/s)
[INFO] Downloaded from central: https://repo.maven.apache.org/maven2/org/mockito/mockito-core/4.7.0/mockito-core-4.7.0.jar (669 kB at 270 kB/s)
[INFO] Downloaded from central: https://repo.maven.apache.org/maven2/net/bytebuddy/byte-buddy/1.12.13/byte-buddy-1.12.13.jar (3.9 MB at 1.5 MB/s)
[INFO] 
[INFO] --- clean:3.2.0:clean (default-clean) @ jcabi-simpledb ---
[INFO] 
[INFO] --- enforcer:3.1.0:enforce (enforce-maven) @ jcabi-simpledb ---
[INFO] Downloading from oss.sonatype.org: https://oss.sonatype.org/content/groups/public/org/apache/maven/enforcer/enforcer-api/3.1.0/enforcer-api-3.1.0.pom
[INFO] Downloaded from oss.sonatype.org: https://oss.sonatype.org/content/groups/public/org/apache/maven/enforcer/enforcer-api/3.1.0/enforcer-api-3.1.0.pom (2.9 kB at 4.4 kB/s)
[INFO] Downloading from oss.sonatype.org: https://oss.sonatype.org/content/groups/public/org/apache/maven/maven-model/3.2.5/maven-model-3.2.5.pom
[INFO] Downloaded from oss.sonatype.org: https://oss.sonatype.org/content/groups/public/org/apache/maven/maven-model/3.2.5/maven-model-3.2.5.pom (4.2 kB at 6.0 kB/s)
[INFO] Downloading from oss.sonatype.org: https://oss.sonatype.org/content/groups/public/org/apache/maven/enforcer/enforcer-rules/3.1.0/enforcer-rules-3.1.0.pom
[INFO] Downloaded from oss.sonatype.org: https://oss.sonatype.org/content/groups/public/org/apache/maven/enforcer/enforcer-rules/3.1.0/enforcer-rules-3.1.0.pom (4.9 kB at 7.5 kB/s)
[INFO] Downloading from oss.sonatype.org: https://oss.sonatype.org/content/groups/public/org/apache-extras/beanshell/bsh/2.0b6/bsh-2.0b6.pom
[INFO] Downloaded from oss.sonatype.org: https://oss.sonatype.org/content/groups/public/org/apache-extras/beanshell/bsh/2.0b6/bsh-2.0b6.pom (5.0 kB at 7.6 kB/s)
[INFO] Downloading from oss.sonatype.org: https://oss.sonatype.org/content/groups/public/org/apache/maven/maven-compat/3.2.5/maven-compat-3.2.5.pom
[INFO] Downloaded from oss.sonatype.org: https://oss.sonatype.org/content/groups/public/org/apache/maven/maven-compat/3.2.5/maven-compat-3.2.5.pom (4.2 kB at 5.9 kB/s)
[INFO] Downloading from oss.sonatype.org: https://oss.sonatype.org/content/groups/public/org/apache/maven/wagon/wagon-provider-api/2.8/wagon-provider-api-2.8.pom
[INFO] Downloaded from oss.sonatype.org: https://oss.sonatype.org/content/groups/public/org/apache/maven/wagon/wagon-provider-api/2.8/wagon-provider-api-2.8.pom (1.7 kB at 2.6 kB/s)
[INFO] Downloading from oss.sonatype.org: https://oss.sonatype.org/content/groups/public/org/apache/maven/wagon/wagon/2.8/wagon-2.8.pom
[INFO] Downloaded from oss.sonatype.org: https://oss.sonatype.org/content/groups/public/org/apache/maven/wagon/wagon/2.8/wagon-2.8.pom (19 kB at 29 kB/s)
[INFO] Downloading from oss.sonatype.org: https://oss.sonatype.org/content/groups/public/org/apache/maven/enforcer/enforcer-api/3.1.0/enforcer-api-3.1.0.jar
[INFO] Downloaded from oss.sonatype.org: https://oss.sonatype.org/content/groups/public/org/apache/maven/enforcer/enforcer-api/3.1.0/enforcer-api-3.1.0.jar (11 kB at 17 kB/s)
[INFO] Downloading from oss.sonatype.org: https://oss.sonatype.org/content/groups/public/org/apache/maven/maven-plugin-api/3.2.5/maven-plugin-api-3.2.5.jar
[INFO] Downloading from oss.sonatype.org: https://oss.sonatype.org/content/groups/public/org/apache/maven/maven-model/3.2.5/maven-model-3.2.5.jar
[INFO] Downloading from oss.sonatype.org: https://oss.sonatype.org/content/groups/public/org/eclipse/sisu/org.eclipse.sisu.plexus/0.3.5/org.eclipse.sisu.plexus-0.3.5.jar
[INFO] Downloading from oss.sonatype.org: https://oss.sonatype.org/content/groups/public/org/apache/maven/enforcer/enforcer-rules/3.1.0/enforcer-rules-3.1.0.jar
[INFO] Downloading from oss.sonatype.org: https://oss.sonatype.org/content/groups/public/org/apache/maven/maven-artifact/3.2.5/maven-artifact-3.2.5.jar
[INFO] Downloaded from oss.sonatype.org: https://oss.sonatype.org/content/groups/public/org/apache/maven/maven-plugin-api/3.2.5/maven-plugin-api-3.2.5.jar (46 kB at 66 kB/s)
[INFO] Downloading from oss.sonatype.org: https://oss.sonatype.org/content/groups/public/org/apache/maven/maven-core/3.2.5/maven-core-3.2.5.jar
[INFO] Downloaded from oss.sonatype.org: https://oss.sonatype.org/content/groups/public/org/apache/maven/maven-artifact/3.2.5/maven-artifact-3.2.5.jar (55 kB at 36 kB/s)
[INFO] Downloading from oss.sonatype.org: https://oss.sonatype.org/content/groups/public/org/apache/maven/maven-settings/3.2.5/maven-settings-3.2.5.jar
[INFO] Downloaded from oss.sonatype.org: https://oss.sonatype.org/content/groups/public/org/apache/maven/maven-model/3.2.5/maven-model-3.2.5.jar (161 kB at 97 kB/s)
[INFO] Downloading from oss.sonatype.org: https://oss.sonatype.org/content/groups/public/org/apache/maven/maven-settings-builder/3.2.5/maven-settings-builder-3.2.5.jar
[INFO] Downloaded from oss.sonatype.org: https://oss.sonatype.org/content/groups/public/org/apache/maven/enforcer/enforcer-rules/3.1.0/enforcer-rules-3.1.0.jar (118 kB at 70 kB/s)
[INFO] Downloading from oss.sonatype.org: https://oss.sonatype.org/content/groups/public/org/apache/maven/maven-repository-metadata/3.2.5/maven-repository-metadata-3.2.5.jar
[INFO] Downloaded from oss.sonatype.org: https://oss.sonatype.org/content/groups/public/org/eclipse/sisu/org.eclipse.sisu.plexus/0.3.5/org.eclipse.sisu.plexus-0.3.5.jar (205 kB at 122 kB/s)
[INFO] Downloading from oss.sonatype.org: https://oss.sonatype.org/content/groups/public/org/apache/maven/maven-model-builder/3.2.5/maven-model-builder-3.2.5.jar
[INFO] Downloaded from oss.sonatype.org: https://oss.sonatype.org/content/groups/public/org/apache/maven/maven-core/3.2.5/maven-core-3.2.5.jar (608 kB at 328 kB/s)
[INFO] Downloading from oss.sonatype.org: https://oss.sonatype.org/content/groups/public/org/apache/maven/maven-aether-provider/3.2.5/maven-aether-provider-3.2.5.jar
[INFO] Downloaded from oss.sonatype.org: https://oss.sonatype.org/content/groups/public/org/apache/maven/maven-settings/3.2.5/maven-settings-3.2.5.jar (43 kB at 20 kB/s)
[INFO] Downloading from oss.sonatype.org: https://oss.sonatype.org/content/groups/public/org/eclipse/aether/aether-spi/1.0.0.v20140518/aether-spi-1.0.0.v20140518.jar
[INFO] Downloaded from oss.sonatype.org: https://oss.sonatype.org/content/groups/public/org/apache/maven/maven-settings-builder/3.2.5/maven-settings-builder-3.2.5.jar (44 kB at 19 kB/s)
[INFO] Downloading from oss.sonatype.org: https://oss.sonatype.org/content/groups/public/org/eclipse/aether/aether-impl/1.0.0.v20140518/aether-impl-1.0.0.v20140518.jar
[INFO] Downloaded from oss.sonatype.org: https://oss.sonatype.org/content/groups/public/org/apache/maven/maven-repository-metadata/3.2.5/maven-repository-metadata-3.2.5.jar (26 kB at 11 kB/s)
[INFO] Downloading from oss.sonatype.org: https://oss.sonatype.org/content/groups/public/org/sonatype/sisu/sisu-guice/3.2.3/sisu-guice-3.2.3-no_aop.jar
[INFO] Downloaded from oss.sonatype.org: https://oss.sonatype.org/content/groups/public/org/apache/maven/maven-model-builder/3.2.5/maven-model-builder-3.2.5.jar (170 kB at 70 kB/s)
[INFO] Downloading from oss.sonatype.org: https://oss.sonatype.org/content/groups/public/com/google/guava/guava/16.0.1/guava-16.0.1.jar
[INFO] Downloaded from oss.sonatype.org: https://oss.sonatype.org/content/groups/public/org/apache/maven/maven-aether-provider/3.2.5/maven-aether-provider-3.2.5.jar (66 kB at 25 kB/s)
[INFO] Downloading from oss.sonatype.org: https://oss.sonatype.org/content/groups/public/org/apache-extras/beanshell/bsh/2.0b6/bsh-2.0b6.jar
[INFO] Downloaded from oss.sonatype.org: https://oss.sonatype.org/content/groups/public/org/eclipse/aether/aether-spi/1.0.0.v20140518/aether-spi-1.0.0.v20140518.jar (31 kB at 11 kB/s)
[INFO] Downloaded from oss.sonatype.org: https://oss.sonatype.org/content/groups/public/org/eclipse/aether/aether-impl/1.0.0.v20140518/aether-impl-1.0.0.v20140518.jar (172 kB at 56 kB/s)
[INFO] Downloaded from oss.sonatype.org: https://oss.sonatype.org/content/groups/public/org/sonatype/sisu/sisu-guice/3.2.3/sisu-guice-3.2.3-no_aop.jar (398 kB at 119 kB/s)
[INFO] Downloaded from oss.sonatype.org: https://oss.sonatype.org/content/groups/public/org/apache-extras/beanshell/bsh/2.0b6/bsh-2.0b6.jar (389 kB at 112 kB/s)
[INFO] Downloaded from oss.sonatype.org: https://oss.sonatype.org/content/groups/public/com/google/guava/guava/16.0.1/guava-16.0.1.jar (2.2 MB at 569 kB/s)
[INFO] 
[INFO] --- buildnumber:3.0.0:create (jcabi-build-number) @ jcabi-simpledb ---
[INFO] Downloading from oss.sonatype.org: https://oss.sonatype.org/content/groups/public/org/apache/maven/maven-plugin-api/3.8.4/maven-plugin-api-3.8.4.pom
[INFO] Downloaded from oss.sonatype.org: https://oss.sonatype.org/content/groups/public/org/apache/maven/maven-plugin-api/3.8.4/maven-plugin-api-3.8.4.pom (3.0 kB at 4.6 kB/s)
[INFO] Downloading from oss.sonatype.org: https://oss.sonatype.org/content/groups/public/org/apache/maven/maven/3.8.4/maven-3.8.4.pom
[INFO] Downloaded from oss.sonatype.org: https://oss.sonatype.org/content/groups/public/org/apache/maven/maven/3.8.4/maven-3.8.4.pom (27 kB at 39 kB/s)
[INFO] Downloading from oss.sonatype.org: https://oss.sonatype.org/content/groups/public/org/apache/maven/maven-model/3.8.4/maven-model-3.8.4.pom
[INFO] Downloaded from oss.sonatype.org: https://oss.sonatype.org/content/groups/public/org/apache/maven/maven-model/3.8.4/maven-model-3.8.4.pom (2.8 kB at 4.2 kB/s)
[INFO] Downloading from oss.sonatype.org: https://oss.sonatype.org/content/groups/public/org/apache/maven/maven-artifact/3.8.4/maven-artifact-3.8.4.pom
[INFO] Downloaded from oss.sonatype.org: https://oss.sonatype.org/content/groups/public/org/apache/maven/maven-artifact/3.8.4/maven-artifact-3.8.4.pom (2.4 kB at 3.7 kB/s)
[INFO] Downloading from oss.sonatype.org: https://oss.sonatype.org/content/groups/public/org/apache/maven/scm/maven-scm-api/1.12.0/maven-scm-api-1.12.0.pom
[INFO] Downloaded from oss.sonatype.org: https://oss.sonatype.org/content/groups/public/org/apache/maven/scm/maven-scm-api/1.12.0/maven-scm-api-1.12.0.pom (1.6 kB at 2.4 kB/s)
[INFO] Downloading from oss.sonatype.org: https://oss.sonatype.org/content/groups/public/org/apache/maven/scm/maven-scm/1.12.0/maven-scm-1.12.0.pom
[INFO] Downloaded from oss.sonatype.org: https://oss.sonatype.org/content/groups/public/org/apache/maven/scm/maven-scm/1.12.0/maven-scm-1.12.0.pom (26 kB at 40 kB/s)
[INFO] Downloading from oss.sonatype.org: https://oss.sonatype.org/content/groups/public/org/apache/maven/scm/maven-scm-manager-plexus/1.12.0/maven-scm-manager-plexus-1.12.0.pom
[INFO] Downloaded from oss.sonatype.org: https://oss.sonatype.org/content/groups/public/org/apache/maven/scm/maven-scm-manager-plexus/1.12.0/maven-scm-manager-plexus-1.12.0.pom (2.2 kB at 3.2 kB/s)
[INFO] Downloading from oss.sonatype.org: https://oss.sonatype.org/content/groups/public/org/apache/maven/scm/maven-scm-managers/1.12.0/maven-scm-managers-1.12.0.pom
[INFO] Downloaded from oss.sonatype.org: https://oss.sonatype.org/content/groups/public/org/apache/maven/scm/maven-scm-managers/1.12.0/maven-scm-managers-1.12.0.pom (1.5 kB at 2.2 kB/s)
[INFO] Downloading from oss.sonatype.org: https://oss.sonatype.org/content/groups/public/org/apache/maven/scm/maven-scm-provider-bazaar/1.12.0/maven-scm-provider-bazaar-1.12.0.pom
[INFO] Downloaded from oss.sonatype.org: https://oss.sonatype.org/content/groups/public/org/apache/maven/scm/maven-scm-provider-bazaar/1.12.0/maven-scm-provider-bazaar-1.12.0.pom (2.0 kB at 2.8 kB/s)
[INFO] Downloading from oss.sonatype.org: https://oss.sonatype.org/content/groups/public/org/apache/maven/scm/maven-scm-providers/1.12.0/maven-scm-providers-1.12.0.pom
[INFO] Downloaded from oss.sonatype.org: https://oss.sonatype.org/content/groups/public/org/apache/maven/scm/maven-scm-providers/1.12.0/maven-scm-providers-1.12.0.pom (3.6 kB at 5.3 kB/s)
[INFO] Downloading from oss.sonatype.org: https://oss.sonatype.org/content/groups/public/org/apache/maven/scm/maven-scm-provider-svnexe/1.12.0/maven-scm-provider-svnexe-1.12.0.pom
[INFO] Downloaded from oss.sonatype.org: https://oss.sonatype.org/content/groups/public/org/apache/maven/scm/maven-scm-provider-svnexe/1.12.0/maven-scm-provider-svnexe-1.12.0.pom (2.7 kB at 4.1 kB/s)
[INFO] Downloading from oss.sonatype.org: https://oss.sonatype.org/content/groups/public/org/apache/maven/scm/maven-scm-providers-svn/1.12.0/maven-scm-providers-svn-1.12.0.pom
[INFO] Downloaded from oss.sonatype.org: https://oss.sonatype.org/content/groups/public/org/apache/maven/scm/maven-scm-providers-svn/1.12.0/maven-scm-providers-svn-1.12.0.pom (2.2 kB at 3.0 kB/s)
[INFO] Downloading from oss.sonatype.org: https://oss.sonatype.org/content/groups/public/org/apache/maven/scm/maven-scm-provider-svn-commons/1.12.0/maven-scm-provider-svn-commons-1.12.0.pom
[INFO] Downloaded from oss.sonatype.org: https://oss.sonatype.org/content/groups/public/org/apache/maven/scm/maven-scm-provider-svn-commons/1.12.0/maven-scm-provider-svn-commons-1.12.0.pom (2.7 kB at 4.1 kB/s)
[INFO] Downloading from oss.sonatype.org: https://oss.sonatype.org/content/groups/public/org/apache/maven/scm/maven-scm-provider-gitexe/1.12.0/maven-scm-provider-gitexe-1.12.0.pom
[INFO] Downloaded from oss.sonatype.org: https://oss.sonatype.org/content/groups/public/org/apache/maven/scm/maven-scm-provider-gitexe/1.12.0/maven-scm-provider-gitexe-1.12.0.pom (2.6 kB at 4.0 kB/s)
[INFO] Downloading from oss.sonatype.org: https://oss.sonatype.org/content/groups/public/org/apache/maven/scm/maven-scm-providers-git/1.12.0/maven-scm-providers-git-1.12.0.pom
[INFO] Downloaded from oss.sonatype.org: https://oss.sonatype.org/content/groups/public/org/apache/maven/scm/maven-scm-providers-git/1.12.0/maven-scm-providers-git-1.12.0.pom (2.2 kB at 3.2 kB/s)
[INFO] Downloading from oss.sonatype.org: https://oss.sonatype.org/content/groups/public/org/apache/maven/scm/maven-scm-provider-git-commons/1.12.0/maven-scm-provider-git-commons-1.12.0.pom
[INFO] Downloaded from oss.sonatype.org: https://oss.sonatype.org/content/groups/public/org/apache/maven/scm/maven-scm-provider-git-commons/1.12.0/maven-scm-provider-git-commons-1.12.0.pom (2.7 kB at 4.1 kB/s)
[INFO] Downloading from oss.sonatype.org: https://oss.sonatype.org/content/groups/public/org/apache/maven/scm/maven-scm-provider-cvsexe/1.12.0/maven-scm-provider-cvsexe-1.12.0.pom
[INFO] Downloaded from oss.sonatype.org: https://oss.sonatype.org/content/groups/public/org/apache/maven/scm/maven-scm-provider-cvsexe/1.12.0/maven-scm-provider-cvsexe-1.12.0.pom (2.8 kB at 4.1 kB/s)
[INFO] Downloading from oss.sonatype.org: https://oss.sonatype.org/content/groups/public/org/apache/maven/scm/maven-scm-providers-cvs/1.12.0/maven-scm-providers-cvs-1.12.0.pom
[INFO] Downloaded from oss.sonatype.org: https://oss.sonatype.org/content/groups/public/org/apache/maven/scm/maven-scm-providers-cvs/1.12.0/maven-scm-providers-cvs-1.12.0.pom (1.8 kB at 2.6 kB/s)
[INFO] Downloading from oss.sonatype.org: https://oss.sonatype.org/content/groups/public/org/apache/maven/scm/maven-scm-provider-cvs-commons/1.12.0/maven-scm-provider-cvs-commons-1.12.0.pom
[INFO] Downloaded from oss.sonatype.org: https://oss.sonatype.org/content/groups/public/org/apache/maven/scm/maven-scm-provider-cvs-commons/1.12.0/maven-scm-provider-cvs-commons-1.12.0.pom (2.4 kB at 3.3 kB/s)
[INFO] Downloading from oss.sonatype.org: https://oss.sonatype.org/content/groups/public/org/apache/maven/scm/maven-scm-provider-starteam/1.12.0/maven-scm-provider-starteam-1.12.0.pom
[INFO] Downloaded from oss.sonatype.org: https://oss.sonatype.org/content/groups/public/org/apache/maven/scm/maven-scm-provider-starteam/1.12.0/maven-scm-provider-starteam-1.12.0.pom (2.6 kB at 3.6 kB/s)
[INFO] Downloading from oss.sonatype.org: https://oss.sonatype.org/content/groups/public/org/apache/maven/scm/maven-scm-provider-clearcase/1.12.0/maven-scm-provider-clearcase-1.12.0.pom
[INFO] Downloaded from oss.sonatype.org: https://oss.sonatype.org/content/groups/public/org/apache/maven/scm/maven-scm-provider-clearcase/1.12.0/maven-scm-provider-clearcase-1.12.0.pom (2.6 kB at 3.8 kB/s)
[INFO] Downloading from oss.sonatype.org: https://oss.sonatype.org/content/groups/public/org/apache/maven/scm/maven-scm-provider-perforce/1.12.0/maven-scm-provider-perforce-1.12.0.pom
[INFO] Downloaded from oss.sonatype.org: https://oss.sonatype.org/content/groups/public/org/apache/maven/scm/maven-scm-provider-perforce/1.12.0/maven-scm-provider-perforce-1.12.0.pom (2.6 kB at 3.8 kB/s)
[INFO] Downloading from oss.sonatype.org: https://oss.sonatype.org/content/groups/public/org/apache/maven/scm/maven-scm-provider-hg/1.12.0/maven-scm-provider-hg-1.12.0.pom
[INFO] Downloaded from oss.sonatype.org: https://oss.sonatype.org/content/groups/public/org/apache/maven/scm/maven-scm-provider-hg/1.12.0/maven-scm-provider-hg-1.12.0.pom (2.4 kB at 3.5 kB/s)
[INFO] Downloading from oss.sonatype.org: https://oss.sonatype.org/content/groups/public/com/google/code/maven-scm-provider-svnjava/maven-scm-provider-svnjava/2.1.2/maven-scm-provider-svnjava-2.1.2.pom
[INFO] Downloaded from oss.sonatype.org: https://oss.sonatype.org/content/groups/public/com/google/code/maven-scm-provider-svnjava/maven-scm-provider-svnjava/2.1.2/maven-scm-provider-svnjava-2.1.2.pom (9.2 kB at 13 kB/s)
[INFO] Downloading from oss.sonatype.org: https://oss.sonatype.org/content/groups/public/org/tmatesoft/svnkit/svnkit/1.10.3/svnkit-1.10.3.pom
[INFO] Downloaded from oss.sonatype.org: https://oss.sonatype.org/content/groups/public/org/tmatesoft/svnkit/svnkit/1.10.3/svnkit-1.10.3.pom (3.1 kB at 4.4 kB/s)
[INFO] Downloading from oss.sonatype.org: https://oss.sonatype.org/content/groups/public/de/regnis/q/sequence/sequence-library/1.0.4/sequence-library-1.0.4.pom
[INFO] Downloaded from oss.sonatype.org: https://oss.sonatype.org/content/groups/public/de/regnis/q/sequence/sequence-library/1.0.4/sequence-library-1.0.4.pom (1.7 kB at 2.5 kB/s)
[INFO] Downloading from oss.sonatype.org: https://oss.sonatype.org/content/groups/public/org/tmatesoft/sqljet/sqljet/1.1.14/sqljet-1.1.14.pom
[INFO] Downloaded from oss.sonatype.org: https://oss.sonatype.org/content/groups/public/org/tmatesoft/sqljet/sqljet/1.1.14/sqljet-1.1.14.pom (2.5 kB at 3.8 kB/s)
[INFO] Downloading from oss.sonatype.org: https://oss.sonatype.org/content/groups/public/net/java/dev/jna/jna/5.6.0/jna-5.6.0.pom
[INFO] Downloaded from oss.sonatype.org: https://oss.sonatype.org/content/groups/public/net/java/dev/jna/jna/5.6.0/jna-5.6.0.pom (1.6 kB at 2.3 kB/s)
[INFO] Downloading from oss.sonatype.org: https://oss.sonatype.org/content/groups/public/net/java/dev/jna/jna-platform/5.6.0/jna-platform-5.6.0.pom
[INFO] Downloaded from oss.sonatype.org: https://oss.sonatype.org/content/groups/public/net/java/dev/jna/jna-platform/5.6.0/jna-platform-5.6.0.pom (1.8 kB at 2.6 kB/s)
[INFO] Downloading from oss.sonatype.org: https://oss.sonatype.org/content/groups/public/com/trilead/trilead-ssh2/1.0.0-build222/trilead-ssh2-1.0.0-build222.pom
[INFO] Downloaded from oss.sonatype.org: https://oss.sonatype.org/content/groups/public/com/trilead/trilead-ssh2/1.0.0-build222/trilead-ssh2-1.0.0-build222.pom (1.2 kB at 1.8 kB/s)
[INFO] Downloading from oss.sonatype.org: https://oss.sonatype.org/content/groups/public/org/lz4/lz4-java/1.4.1/lz4-java-1.4.1.pom
[INFO] Downloaded from oss.sonatype.org: https://oss.sonatype.org/content/groups/public/org/lz4/lz4-java/1.4.1/lz4-java-1.4.1.pom (2.0 kB at 3.1 kB/s)
[INFO] Downloading from oss.sonatype.org: https://oss.sonatype.org/content/groups/public/com/google/code/gson/gson/2.8.9/gson-2.8.9.pom
[INFO] Downloaded from oss.sonatype.org: https://oss.sonatype.org/content/groups/public/com/google/code/gson/gson/2.8.9/gson-2.8.9.pom (6.3 kB at 9.6 kB/s)
[INFO] Downloading from oss.sonatype.org: https://oss.sonatype.org/content/groups/public/com/google/code/gson/gson-parent/2.8.9/gson-parent-2.8.9.pom
[INFO] Downloaded from oss.sonatype.org: https://oss.sonatype.org/content/groups/public/com/google/code/gson/gson-parent/2.8.9/gson-parent-2.8.9.pom (4.7 kB at 6.7 kB/s)
[INFO] Downloading from oss.sonatype.org: https://oss.sonatype.org/content/groups/public/org/apache/maven/scm/maven-scm-api/1.12.0/maven-scm-api-1.12.0.jar
[INFO] Downloaded from oss.sonatype.org: https://oss.sonatype.org/content/groups/public/org/apache/maven/scm/maven-scm-api/1.12.0/maven-scm-api-1.12.0.jar (112 kB at 165 kB/s)
[INFO] Downloading from oss.sonatype.org: https://oss.sonatype.org/content/groups/public/org/apache/maven/scm/maven-scm-manager-plexus/1.12.0/maven-scm-manager-plexus-1.12.0.jar
[INFO] Downloading from oss.sonatype.org: https://oss.sonatype.org/content/groups/public/org/apache/maven/scm/maven-scm-provider-bazaar/1.12.0/maven-scm-provider-bazaar-1.12.0.jar
[INFO] Downloading from oss.sonatype.org: https://oss.sonatype.org/content/groups/public/org/apache/maven/scm/maven-scm-provider-svnexe/1.12.0/maven-scm-provider-svnexe-1.12.0.jar
[INFO] Downloading from oss.sonatype.org: https://oss.sonatype.org/content/groups/public/org/apache/maven/scm/maven-scm-provider-gitexe/1.12.0/maven-scm-provider-gitexe-1.12.0.jar
[INFO] Downloading from oss.sonatype.org: https://oss.sonatype.org/content/groups/public/org/apache/maven/scm/maven-scm-provider-git-commons/1.12.0/maven-scm-provider-git-commons-1.12.0.jar
[INFO] Downloaded from oss.sonatype.org: https://oss.sonatype.org/content/groups/public/org/apache/maven/scm/maven-scm-provider-git-commons/1.12.0/maven-scm-provider-git-commons-1.12.0.jar (36 kB at 54 kB/s)
[INFO] Downloading from oss.sonatype.org: https://oss.sonatype.org/content/groups/public/org/apache/maven/scm/maven-scm-provider-svn-commons/1.12.0/maven-scm-provider-svn-commons-1.12.0.jar
[INFO] Downloaded from oss.sonatype.org: https://oss.sonatype.org/content/groups/public/org/apache/maven/scm/maven-scm-provider-gitexe/1.12.0/maven-scm-provider-gitexe-1.12.0.jar (72 kB at 98 kB/s)
[INFO] Downloading from oss.sonatype.org: https://oss.sonatype.org/content/groups/public/org/apache/maven/scm/maven-scm-provider-cvsexe/1.12.0/maven-scm-provider-cvsexe-1.12.0.jar
[INFO] Downloaded from oss.sonatype.org: https://oss.sonatype.org/content/groups/public/org/apache/maven/scm/maven-scm-provider-svnexe/1.12.0/maven-scm-provider-svnexe-1.12.0.jar (84 kB at 110 kB/s)
[INFO] Downloading from oss.sonatype.org: https://oss.sonatype.org/content/groups/public/org/apache/maven/scm/maven-scm-provider-cvs-commons/1.12.0/maven-scm-provider-cvs-commons-1.12.0.jar
[INFO] Downloaded from oss.sonatype.org: https://oss.sonatype.org/content/groups/public/org/apache/maven/scm/maven-scm-manager-plexus/1.12.0/maven-scm-manager-plexus-1.12.0.jar (11 kB at 14 kB/s)
[INFO] Downloading from oss.sonatype.org: https://oss.sonatype.org/content/groups/public/org/apache/maven/scm/maven-scm-provider-starteam/1.12.0/maven-scm-provider-starteam-1.12.0.jar
[INFO] Downloaded from oss.sonatype.org: https://oss.sonatype.org/content/groups/public/org/apache/maven/scm/maven-scm-provider-bazaar/1.12.0/maven-scm-provider-bazaar-1.12.0.jar (57 kB at 68 kB/s)
[INFO] Downloading from oss.sonatype.org: https://oss.sonatype.org/content/groups/public/org/apache/maven/scm/maven-scm-provider-clearcase/1.12.0/maven-scm-provider-clearcase-1.12.0.jar
[INFO] Downloaded from oss.sonatype.org: https://oss.sonatype.org/content/groups/public/org/apache/maven/scm/maven-scm-provider-cvsexe/1.12.0/maven-scm-provider-cvsexe-1.12.0.jar (31 kB at 22 kB/s)
[INFO] Downloading from oss.sonatype.org: https://oss.sonatype.org/content/groups/public/org/apache/maven/scm/maven-scm-provider-perforce/1.12.0/maven-scm-provider-perforce-1.12.0.jar
[INFO] Downloaded from oss.sonatype.org: https://oss.sonatype.org/content/groups/public/org/apache/maven/scm/maven-scm-provider-starteam/1.12.0/maven-scm-provider-starteam-1.12.0.jar (74 kB at 51 kB/s)
[INFO] Downloading from oss.sonatype.org: https://oss.sonatype.org/content/groups/public/org/apache/maven/scm/maven-scm-provider-hg/1.12.0/maven-scm-provider-hg-1.12.0.jar
[INFO] Downloaded from oss.sonatype.org: https://oss.sonatype.org/content/groups/public/org/apache/maven/scm/maven-scm-provider-svn-commons/1.12.0/maven-scm-provider-svn-commons-1.12.0.jar (39 kB at 27 kB/s)
[INFO] Downloading from oss.sonatype.org: https://oss.sonatype.org/content/groups/public/com/google/code/maven-scm-provider-svnjava/maven-scm-provider-svnjava/2.1.2/maven-scm-provider-svnjava-2.1.2.jar
[INFO] Downloaded from oss.sonatype.org: https://oss.sonatype.org/content/groups/public/org/apache/maven/scm/maven-scm-provider-clearcase/1.12.0/maven-scm-provider-clearcase-1.12.0.jar (70 kB at 46 kB/s)
[INFO] Downloading from oss.sonatype.org: https://oss.sonatype.org/content/groups/public/org/tmatesoft/svnkit/svnkit/1.10.3/svnkit-1.10.3.jar
[INFO] Downloaded from oss.sonatype.org: https://oss.sonatype.org/content/groups/public/org/apache/maven/scm/maven-scm-provider-cvs-commons/1.12.0/maven-scm-provider-cvs-commons-1.12.0.jar (80 kB at 53 kB/s)
[INFO] Downloading from oss.sonatype.org: https://oss.sonatype.org/content/groups/public/de/regnis/q/sequence/sequence-library/1.0.4/sequence-library-1.0.4.jar
[INFO] Downloaded from oss.sonatype.org: https://oss.sonatype.org/content/groups/public/org/apache/maven/scm/maven-scm-provider-perforce/1.12.0/maven-scm-provider-perforce-1.12.0.jar (86 kB at 42 kB/s)
[INFO] Downloading from oss.sonatype.org: https://oss.sonatype.org/content/groups/public/org/tmatesoft/sqljet/sqljet/1.1.14/sqljet-1.1.14.jar
[INFO] Downloaded from oss.sonatype.org: https://oss.sonatype.org/content/groups/public/org/apache/maven/scm/maven-scm-provider-hg/1.12.0/maven-scm-provider-hg-1.12.0.jar (68 kB at 32 kB/s)
[INFO] Downloading from oss.sonatype.org: https://oss.sonatype.org/content/groups/public/net/java/dev/jna/jna-platform/5.6.0/jna-platform-5.6.0.jar
[INFO] Downloaded from oss.sonatype.org: https://oss.sonatype.org/content/groups/public/com/google/code/maven-scm-provider-svnjava/maven-scm-provider-svnjava/2.1.2/maven-scm-provider-svnjava-2.1.2.jar (64 kB at 30 kB/s)
[INFO] Downloading from oss.sonatype.org: https://oss.sonatype.org/content/groups/public/com/trilead/trilead-ssh2/1.0.0-build222/trilead-ssh2-1.0.0-build222.jar
[INFO] Downloaded from oss.sonatype.org: https://oss.sonatype.org/content/groups/public/de/regnis/q/sequence/sequence-library/1.0.4/sequence-library-1.0.4.jar (72 kB at 33 kB/s)
[INFO] Downloading from oss.sonatype.org: https://oss.sonatype.org/content/groups/public/net/java/dev/jna/platform/3.4.0/platform-3.4.0.jar
[INFO] Downloaded from oss.sonatype.org: https://oss.sonatype.org/content/groups/public/com/trilead/trilead-ssh2/1.0.0-build222/trilead-ssh2-1.0.0-build222.jar (248 kB at 85 kB/s)
[INFO] Downloading from oss.sonatype.org: https://oss.sonatype.org/content/groups/public/org/lz4/lz4-java/1.4.1/lz4-java-1.4.1.jar
[INFO] Downloaded from oss.sonatype.org: https://oss.sonatype.org/content/groups/public/org/tmatesoft/sqljet/sqljet/1.1.14/sqljet-1.1.14.jar (761 kB at 252 kB/s)
[INFO] Downloading from oss.sonatype.org: https://oss.sonatype.org/content/groups/public/org/codehaus/plexus/plexus-utils/3.4.1/plexus-utils-3.4.1.jar
[INFO] Downloaded from oss.sonatype.org: https://oss.sonatype.org/content/groups/public/org/tmatesoft/svnkit/svnkit/1.10.3/svnkit-1.10.3.jar (4.3 MB at 1.4 MB/s)
[INFO] Downloading from oss.sonatype.org: https://oss.sonatype.org/content/groups/public/com/google/code/gson/gson/2.8.9/gson-2.8.9.jar
[INFO] Downloaded from oss.sonatype.org: https://oss.sonatype.org/content/groups/public/net/java/dev/jna/platform/3.4.0/platform-3.4.0.jar (913 kB at 291 kB/s)
[INFO] Downloaded from oss.sonatype.org: https://oss.sonatype.org/content/groups/public/net/java/dev/jna/jna-platform/5.6.0/jna-platform-5.6.0.jar (2.7 MB at 848 kB/s)
[INFO] Downloaded from oss.sonatype.org: https://oss.sonatype.org/content/groups/public/org/lz4/lz4-java/1.4.1/lz4-java-1.4.1.jar (370 kB at 102 kB/s)
[INFO] Downloaded from oss.sonatype.org: https://oss.sonatype.org/content/groups/public/org/codehaus/plexus/plexus-utils/3.4.1/plexus-utils-3.4.1.jar (264 kB at 71 kB/s)
[INFO] Downloaded from oss.sonatype.org: https://oss.sonatype.org/content/groups/public/com/google/code/gson/gson/2.8.9/gson-2.8.9.jar (258 kB at 68 kB/s)
[INFO] ShortRevision tag detected. The value is '7'.
[INFO] Executing: /bin/sh -c cd '/home/zhihao/hdd/marshal/benchmarks/cross-repo-pr-impact/results/single-case-pipeline-jcabi-simpledb-v1-2026-08-27/replay-work/formal-github-jcabi-aspects-336--target-jcabi-simpledb-155/target-a0' && 'git' 'rev-parse' '--verify' '--short=7' 'HEAD'
[INFO] Working directory: /home/zhihao/hdd/marshal/benchmarks/cross-repo-pr-impact/results/single-case-pipeline-jcabi-simpledb-v1-2026-08-27/replay-work/formal-github-jcabi-aspects-336--target-jcabi-simpledb-155/target-a0
[INFO] Storing buildNumber: c67d2e1 at timestamp: 2026-08-27T05:16:46
[WARNING] Cannot get the branch information from the git repository: 
Detecting the current branch failed: fatal: ref HEAD is not a symbolic ref

[INFO] ShortRevision tag detected. The value is '7'.
[INFO] Executing: /bin/sh -c cd '/home/zhihao/hdd/marshal/benchmarks/cross-repo-pr-impact/results/single-case-pipeline-jcabi-simpledb-v1-2026-08-27/replay-work/formal-github-jcabi-aspects-336--target-jcabi-simpledb-155/target-a0' && 'git' 'rev-parse' '--verify' '--short=7' 'HEAD'
[INFO] Working directory: /home/zhihao/hdd/marshal/benchmarks/cross-repo-pr-impact/results/single-case-pipeline-jcabi-simpledb-v1-2026-08-27/replay-work/formal-github-jcabi-aspects-336--target-jcabi-simpledb-155/target-a0
[INFO] Storing buildScmBranch: UNKNOWN
[INFO] 
[INFO] --- buildnumber:3.0.0:create-timestamp (jcabi-build-number) @ jcabi-simpledb ---
[INFO] Skipping because we are not in root module.
[INFO] 
[INFO] --- resources:3.2.0:resources (default-resources) @ jcabi-simpledb ---
[INFO] Using 'UTF-8' encoding to copy filtered resources.
[INFO] Using 'UTF-8' encoding to copy filtered properties files.
[INFO] skip non existing resourceDirectory /home/zhihao/hdd/marshal/benchmarks/cross-repo-pr-impact/results/single-case-pipeline-jcabi-simpledb-v1-2026-08-27/replay-work/formal-github-jcabi-aspects-336--target-jcabi-simpledb-155/target-a0/src/main/resources
[INFO] 
[INFO] --- compiler:3.10.1:compile (default-compile) @ jcabi-simpledb ---
[INFO] Downloading from oss.sonatype.org: https://oss.sonatype.org/content/groups/public/org/codehaus/plexus/plexus-compiler-api/2.11.1/plexus-compiler-api-2.11.1.pom
[INFO] Downloaded from oss.sonatype.org: https://oss.sonatype.org/content/groups/public/org/codehaus/plexus/plexus-compiler-api/2.11.1/plexus-compiler-api-2.11.1.pom (1.1 kB at 1.7 kB/s)
[INFO] Downloading from oss.sonatype.org: https://oss.sonatype.org/content/groups/public/org/codehaus/plexus/plexus-compiler/2.11.1/plexus-compiler-2.11.1.pom
[INFO] Downloaded from oss.sonatype.org: https://oss.sonatype.org/content/groups/public/org/codehaus/plexus/plexus-compiler/2.11.1/plexus-compiler-2.11.1.pom (8.1 kB at 13 kB/s)
[INFO] Downloading from oss.sonatype.org: https://oss.sonatype.org/content/groups/public/org/codehaus/plexus/plexus-components/6.6/plexus-components-6.6.pom
[INFO] Downloaded from oss.sonatype.org: https://oss.sonatype.org/content/groups/public/org/codehaus/plexus/plexus-components/6.6/plexus-components-6.6.pom (2.7 kB at 4.2 kB/s)
[INFO] Downloading from oss.sonatype.org: https://oss.sonatype.org/content/groups/public/org/junit/junit-bom/5.8.2/junit-bom-5.8.2.pom
[INFO] Downloaded from oss.sonatype.org: https://oss.sonatype.org/content/groups/public/org/junit/junit-bom/5.8.2/junit-bom-5.8.2.pom (5.6 kB at 8.8 kB/s)
[INFO] Downloading from oss.sonatype.org: https://oss.sonatype.org/content/groups/public/org/codehaus/plexus/plexus-compiler-manager/2.11.1/plexus-compiler-manager-2.11.1.pom
[INFO] Downloaded from oss.sonatype.org: https://oss.sonatype.org/content/groups/public/org/codehaus/plexus/plexus-compiler-manager/2.11.1/plexus-compiler-manager-2.11.1.pom (1.1 kB at 1.8 kB/s)
[INFO] Downloading from oss.sonatype.org: https://oss.sonatype.org/content/groups/public/org/codehaus/plexus/plexus-compiler-javac/2.11.1/plexus-compiler-javac-2.11.1.pom
[INFO] Downloaded from oss.sonatype.org: https://oss.sonatype.org/content/groups/public/org/codehaus/plexus/plexus-compiler-javac/2.11.1/plexus-compiler-javac-2.11.1.pom (1.2 kB at 1.8 kB/s)
[INFO] Downloading from oss.sonatype.org: https://oss.sonatype.org/content/groups/public/org/codehaus/plexus/plexus-compilers/2.11.1/plexus-compilers-2.11.1.pom
[INFO] Downloaded from oss.sonatype.org: https://oss.sonatype.org/content/groups/public/org/codehaus/plexus/plexus-compilers/2.11.1/plexus-compilers-2.11.1.pom (1.3 kB at 1.9 kB/s)
[INFO] Downloading from oss.sonatype.org: https://oss.sonatype.org/content/groups/public/org/codehaus/plexus/plexus-compiler-api/2.11.1/plexus-compiler-api-2.11.1.jar
[INFO] Downloaded from oss.sonatype.org: https://oss.sonatype.org/content/groups/public/org/codehaus/plexus/plexus-compiler-api/2.11.1/plexus-compiler-api-2.11.1.jar (27 kB at 42 kB/s)
[INFO] Downloading from oss.sonatype.org: https://oss.sonatype.org/content/groups/public/org/codehaus/plexus/plexus-compiler-manager/2.11.1/plexus-compiler-manager-2.11.1.jar
[INFO] Downloading from oss.sonatype.org: https://oss.sonatype.org/content/groups/public/org/codehaus/plexus/plexus-compiler-javac/2.11.1/plexus-compiler-javac-2.11.1.jar
[INFO] Downloaded from oss.sonatype.org: https://oss.sonatype.org/content/groups/public/org/codehaus/plexus/plexus-compiler-manager/2.11.1/plexus-compiler-manager-2.11.1.jar (4.7 kB at 6.8 kB/s)
[INFO] Downloaded from oss.sonatype.org: https://oss.sonatype.org/content/groups/public/org/codehaus/plexus/plexus-compiler-javac/2.11.1/plexus-compiler-javac-2.11.1.jar (23 kB at 32 kB/s)
[WARNING]  Parameter 'optimize' (user property 'maven.compiler.optimize') is deprecated: This property is a no-op in {@code javac}.
[INFO] Changes detected - recompiling the module!
[INFO] Compiling 8 source files to /home/zhihao/hdd/marshal/benchmarks/cross-repo-pr-impact/results/single-case-pipeline-jcabi-simpledb-v1-2026-08-27/replay-work/formal-github-jcabi-aspects-336--target-jcabi-simpledb-155/target-a0/target/classes
[INFO] 
[INFO] --- jcabi:0.16.0:ajc (jcabi-ajc-compile) @ jcabi-simpledb ---
[INFO] Unwoven classes will be copied to /home/zhihao/hdd/marshal/benchmarks/cross-repo-pr-impact/results/single-case-pipeline-jcabi-simpledb-v1-2026-08-27/replay-work/formal-github-jcabi-aspects-336--target-jcabi-simpledb-155/target-a0/target/unwoven
[INFO] Created temp dir /home/zhihao/hdd/marshal/benchmarks/cross-repo-pr-impact/results/single-case-pipeline-jcabi-simpledb-v1-2026-08-27/replay-work/formal-github-jcabi-aspects-336--target-jcabi-simpledb-155/target-a0/target/jcabi-ajc
[WARNING] The artifact org.slf4j:slf4j-log4j12:jar:2.0.2 has been relocated to org.slf4j:slf4j-reload4j:jar:2.0.2
[WARNING] The artifact org.slf4j:slf4j-log4j12:jar:2.0.2 has been relocated to org.slf4j:slf4j-reload4j:jar:2.0.2

52 warnings
[INFO] ajc result: 38 file(s) processed, 0 pointcut(s) woven, 0 error(s), 0 warning(s)
[INFO] 
[INFO] --- resources:3.2.0:testResources (default-testResources) @ jcabi-simpledb ---
[INFO] Using 'UTF-8' encoding to copy filtered resources.
[INFO] Using 'UTF-8' encoding to copy filtered properties files.
[INFO] Copying 1 resource
[INFO] The encoding used to copy filtered properties files have not been set. This means that the same encoding will be used to copy filtered properties files as when copying other filtered resources. This might not be what you want! Run your build with --debug to see which files might be affected. Read more at https://maven.apache.org/plugins/maven-resources-plugin/examples/filtering-properties-files.html
[INFO] 
[INFO] --- compiler:3.10.1:testCompile (default-testCompile) @ jcabi-simpledb ---
[WARNING]  Parameter 'optimize' (user property 'maven.compiler.optimize') is deprecated: This property is a no-op in {@code javac}.
[INFO] Changes detected - recompiling the module!
[INFO] Compiling 5 source files to /home/zhihao/hdd/marshal/benchmarks/cross-repo-pr-impact/results/single-case-pipeline-jcabi-simpledb-v1-2026-08-27/replay-work/formal-github-jcabi-aspects-336--target-jcabi-simpledb-155/target-a0/target/test-classes
[INFO] 
[INFO] --- jcabi:0.16.0:ajc (jcabi-ajc-test-compile) @ jcabi-simpledb ---
[INFO] Unwoven test classes will be copied to /home/zhihao/hdd/marshal/benchmarks/cross-repo-pr-impact/results/single-case-pipeline-jcabi-simpledb-v1-2026-08-27/replay-work/formal-github-jcabi-aspects-336--target-jcabi-simpledb-155/target-a0/target/unwoven-test
[INFO] Created temp dir /home/zhihao/hdd/marshal/benchmarks/cross-repo-pr-impact/results/single-case-pipeline-jcabi-simpledb-v1-2026-08-27/replay-work/formal-github-jcabi-aspects-336--target-jcabi-simpledb-155/target-a0/target/jcabi-ajc-test
[WARNING] The artifact org.slf4j:slf4j-log4j12:jar:2.0.2 has been relocated to org.slf4j:slf4j-reload4j:jar:2.0.2
[WARNING] The artifact org.slf4j:slf4j-log4j12:jar:2.0.2 has been relocated to org.slf4j:slf4j-reload4j:jar:2.0.2

28 warnings
[INFO] ajc result: 6 file(s) processed, 0 pointcut(s) woven, 0 error(s), 0 warning(s)
[INFO] 
[INFO] --- surefire:3.0.0-M7:test (default-test) @ jcabi-simpledb ---
[INFO] Tests will run in random order. To reproduce ordering use flag -Dsurefire.runOrder.random.seed=1139849730073588
[INFO] Using auto detected provider org.apache.maven.surefire.junitplatform.JUnitPlatformProvider
[INFO] Downloading from oss.sonatype.org: https://oss.sonatype.org/content/groups/public/org/apache/maven/surefire/surefire-junit-platform/3.0.0-M7/surefire-junit-platform-3.0.0-M7.jar
[INFO] Downloaded from oss.sonatype.org: https://oss.sonatype.org/content/groups/public/org/apache/maven/surefire/surefire-junit-platform/3.0.0-M7/surefire-junit-platform-3.0.0-M7.jar (26 kB at 41 kB/s)
[INFO] Downloading from oss.sonatype.org: https://oss.sonatype.org/content/groups/public/org/apache/maven/surefire/surefire-junit-platform/3.0.0-M7/surefire-junit-platform-3.0.0-M7.pom
[INFO] Downloaded from oss.sonatype.org: https://oss.sonatype.org/content/groups/public/org/apache/maven/surefire/surefire-junit-platform/3.0.0-M7/surefire-junit-platform-3.0.0-M7.pom (5.3 kB at 8.2 kB/s)
[INFO] Downloading from oss.sonatype.org: https://oss.sonatype.org/content/groups/public/org/apache/maven/surefire/surefire-providers/3.0.0-M7/surefire-providers-3.0.0-M7.pom
[INFO] Downloaded from oss.sonatype.org: https://oss.sonatype.org/content/groups/public/org/apache/maven/surefire/surefire-providers/3.0.0-M7/surefire-providers-3.0.0-M7.pom (2.5 kB at 3.9 kB/s)
[INFO] Downloading from oss.sonatype.org: https://oss.sonatype.org/content/groups/public/org/apache/maven/surefire/common-java5/3.0.0-M7/common-java5-3.0.0-M7.pom
[INFO] Downloaded from oss.sonatype.org: https://oss.sonatype.org/content/groups/public/org/apache/maven/surefire/common-java5/3.0.0-M7/common-java5-3.0.0-M7.pom (2.7 kB at 4.2 kB/s)
[INFO] Downloading from oss.sonatype.org: https://oss.sonatype.org/content/groups/public/org/junit/platform/junit-platform-launcher/1.3.2/junit-platform-launcher-1.3.2.pom
[INFO] Downloaded from oss.sonatype.org: https://oss.sonatype.org/content/groups/public/org/junit/platform/junit-platform-launcher/1.3.2/junit-platform-launcher-1.3.2.pom (2.2 kB at 3.4 kB/s)
[INFO] Downloading from oss.sonatype.org: https://oss.sonatype.org/content/groups/public/org/apiguardian/apiguardian-api/1.0.0/apiguardian-api-1.0.0.pom
[INFO] Downloaded from oss.sonatype.org: https://oss.sonatype.org/content/groups/public/org/apiguardian/apiguardian-api/1.0.0/apiguardian-api-1.0.0.pom (1.2 kB at 1.8 kB/s)
[INFO] Downloading from oss.sonatype.org: https://oss.sonatype.org/content/groups/public/org/junit/platform/junit-platform-engine/1.3.2/junit-platform-engine-1.3.2.pom
[INFO] Downloaded from oss.sonatype.org: https://oss.sonatype.org/content/groups/public/org/junit/platform/junit-platform-engine/1.3.2/junit-platform-engine-1.3.2.pom (2.4 kB at 3.7 kB/s)
[INFO] Downloading from oss.sonatype.org: https://oss.sonatype.org/content/groups/public/org/junit/platform/junit-platform-commons/1.3.2/junit-platform-commons-1.3.2.pom
[INFO] Downloaded from oss.sonatype.org: https://oss.sonatype.org/content/groups/public/org/junit/platform/junit-platform-commons/1.3.2/junit-platform-commons-1.3.2.pom (2.0 kB at 3.1 kB/s)
[INFO] Downloading from oss.sonatype.org: https://oss.sonatype.org/content/groups/public/org/opentest4j/opentest4j/1.1.1/opentest4j-1.1.1.pom
[INFO] Downloaded from oss.sonatype.org: https://oss.sonatype.org/content/groups/public/org/opentest4j/opentest4j/1.1.1/opentest4j-1.1.1.pom (1.7 kB at 2.6 kB/s)
[INFO] Downloading from oss.sonatype.org: https://oss.sonatype.org/content/groups/public/org/junit/jupiter/junit-jupiter-engine/5.3.2/junit-jupiter-engine-5.3.2.pom
[INFO] Downloaded from oss.sonatype.org: https://oss.sonatype.org/content/groups/public/org/junit/jupiter/junit-jupiter-engine/5.3.2/junit-jupiter-engine-5.3.2.pom (2.4 kB at 3.7 kB/s)
[INFO] Downloading from oss.sonatype.org: https://oss.sonatype.org/content/groups/public/org/junit/jupiter/junit-jupiter-api/5.3.2/junit-jupiter-api-5.3.2.pom
[INFO] Downloaded from oss.sonatype.org: https://oss.sonatype.org/content/groups/public/org/junit/jupiter/junit-jupiter-api/5.3.2/junit-jupiter-api-5.3.2.pom (2.4 kB at 3.6 kB/s)
[INFO] Downloading from oss.sonatype.org: https://oss.sonatype.org/content/groups/public/org/junit/jupiter/junit-jupiter-params/5.3.2/junit-jupiter-params-5.3.2.pom
[INFO] Downloaded from oss.sonatype.org: https://oss.sonatype.org/content/groups/public/org/junit/jupiter/junit-jupiter-params/5.3.2/junit-jupiter-params-5.3.2.pom (2.2 kB at 3.4 kB/s)
[INFO] Downloading from oss.sonatype.org: https://oss.sonatype.org/content/groups/public/org/mockito/mockito-core/2.28.2/mockito-core-2.28.2.pom
[INFO] Downloaded from oss.sonatype.org: https://oss.sonatype.org/content/groups/public/org/mockito/mockito-core/2.28.2/mockito-core-2.28.2.pom (20 kB at 31 kB/s)
[INFO] Downloading from oss.sonatype.org: https://oss.sonatype.org/content/groups/public/net/bytebuddy/byte-buddy/1.9.10/byte-buddy-1.9.10.pom
[INFO] Downloaded from oss.sonatype.org: https://oss.sonatype.org/content/groups/public/net/bytebuddy/byte-buddy/1.9.10/byte-buddy-1.9.10.pom (10 kB at 16 kB/s)
[INFO] Downloading from oss.sonatype.org: https://oss.sonatype.org/content/groups/public/net/bytebuddy/byte-buddy-parent/1.9.10/byte-buddy-parent-1.9.10.pom
[INFO] Downloaded from oss.sonatype.org: https://oss.sonatype.org/content/groups/public/net/bytebuddy/byte-buddy-parent/1.9.10/byte-buddy-parent-1.9.10.pom (36 kB at 55 kB/s)
[INFO] Downloading from oss.sonatype.org: https://oss.sonatype.org/content/groups/public/net/bytebuddy/byte-buddy-agent/1.9.10/byte-buddy-agent-1.9.10.pom
[INFO] Downloaded from oss.sonatype.org: https://oss.sonatype.org/content/groups/public/net/bytebuddy/byte-buddy-agent/1.9.10/byte-buddy-agent-1.9.10.pom (6.0 kB at 9.3 kB/s)
[INFO] Downloading from oss.sonatype.org: https://oss.sonatype.org/content/groups/public/org/objenesis/objenesis/2.6/objenesis-2.6.pom
[INFO] Downloaded from oss.sonatype.org: https://oss.sonatype.org/content/groups/public/org/objenesis/objenesis/2.6/objenesis-2.6.pom (2.8 kB at 4.3 kB/s)
[INFO] Downloading from oss.sonatype.org: https://oss.sonatype.org/content/groups/public/org/objenesis/objenesis-parent/2.6/objenesis-parent-2.6.pom
[INFO] Downloaded from oss.sonatype.org: https://oss.sonatype.org/content/groups/public/org/objenesis/objenesis-parent/2.6/objenesis-parent-2.6.pom (17 kB at 25 kB/s)
[INFO] Downloading from oss.sonatype.org: https://oss.sonatype.org/content/groups/public/org/powermock/powermock-reflect/2.0.9/powermock-reflect-2.0.9.pom
[INFO] Downloaded from oss.sonatype.org: https://oss.sonatype.org/content/groups/public/org/powermock/powermock-reflect/2.0.9/powermock-reflect-2.0.9.pom (7.9 kB at 12 kB/s)
[INFO] Downloading from oss.sonatype.org: https://oss.sonatype.org/content/groups/public/net/bytebuddy/byte-buddy/1.10.14/byte-buddy-1.10.14.pom
[INFO] Downloaded from oss.sonatype.org: https://oss.sonatype.org/content/groups/public/net/bytebuddy/byte-buddy/1.10.14/byte-buddy-1.10.14.pom (11 kB at 17 kB/s)
[INFO] Downloading from oss.sonatype.org: https://oss.sonatype.org/content/groups/public/net/bytebuddy/byte-buddy-parent/1.10.14/byte-buddy-parent-1.10.14.pom
[INFO] Downloaded from oss.sonatype.org: https://oss.sonatype.org/content/groups/public/net/bytebuddy/byte-buddy-parent/1.10.14/byte-buddy-parent-1.10.14.pom (41 kB at 63 kB/s)
[INFO] Downloading from oss.sonatype.org: https://oss.sonatype.org/content/groups/public/net/bytebuddy/byte-buddy-agent/1.10.14/byte-buddy-agent-1.10.14.pom
[INFO] Downloaded from oss.sonatype.org: https://oss.sonatype.org/content/groups/public/net/bytebuddy/byte-buddy-agent/1.10.14/byte-buddy-agent-1.10.14.pom (9.6 kB at 15 kB/s)
[INFO] Downloading from oss.sonatype.org: https://oss.sonatype.org/content/groups/public/org/hamcrest/hamcrest-library/1.3/hamcrest-library-1.3.pom
[INFO] Downloaded from oss.sonatype.org: https://oss.sonatype.org/content/groups/public/org/hamcrest/hamcrest-library/1.3/hamcrest-library-1.3.pom (820 B at 1.3 kB/s)
[INFO] Downloading from oss.sonatype.org: https://oss.sonatype.org/content/groups/public/org/assertj/assertj-core/3.22.0/assertj-core-3.22.0.pom
[INFO] Downloaded from oss.sonatype.org: https://oss.sonatype.org/content/groups/public/org/assertj/assertj-core/3.22.0/assertj-core-3.22.0.pom (31 kB at 48 kB/s)
[INFO] Downloading from oss.sonatype.org: https://oss.sonatype.org/content/groups/public/org/assertj/assertj-parent-pom/2.2.14/assertj-parent-pom-2.2.14.pom
[INFO] Downloaded from oss.sonatype.org: https://oss.sonatype.org/content/groups/public/org/assertj/assertj-parent-pom/2.2.14/assertj-parent-pom-2.2.14.pom (25 kB at 38 kB/s)
[INFO] Downloading from oss.sonatype.org: https://oss.sonatype.org/content/groups/public/org/junit/junit-bom/5.8.0/junit-bom-5.8.0.pom
[INFO] Downloaded from oss.sonatype.org: https://oss.sonatype.org/content/groups/public/org/junit/junit-bom/5.8.0/junit-bom-5.8.0.pom (5.6 kB at 8.8 kB/s)
[INFO] Downloading from oss.sonatype.org: https://oss.sonatype.org/content/groups/public/org/apache/maven/surefire/common-java5/3.0.0-M7/common-java5-3.0.0-M7.jar
[INFO] Downloading from oss.sonatype.org: https://oss.sonatype.org/content/groups/public/org/junit/platform/junit-platform-launcher/1.3.2/junit-platform-launcher-1.3.2.jar
[INFO] Downloading from oss.sonatype.org: https://oss.sonatype.org/content/groups/public/org/apiguardian/apiguardian-api/1.0.0/apiguardian-api-1.0.0.jar
[INFO] Downloading from oss.sonatype.org: https://oss.sonatype.org/content/groups/public/org/junit/platform/junit-platform-engine/1.3.2/junit-platform-engine-1.3.2.jar
[INFO] Downloading from oss.sonatype.org: https://oss.sonatype.org/content/groups/public/org/junit/platform/junit-platform-commons/1.3.2/junit-platform-commons-1.3.2.jar
[INFO] Downloaded from oss.sonatype.org: https://oss.sonatype.org/content/groups/public/org/apache/maven/surefire/common-java5/3.0.0-M7/common-java5-3.0.0-M7.jar (17 kB at 29 kB/s)
[INFO] Downloading from oss.sonatype.org: https://oss.sonatype.org/content/groups/public/org/opentest4j/opentest4j/1.1.1/opentest4j-1.1.1.jar
[INFO] Downloaded from oss.sonatype.org: https://oss.sonatype.org/content/groups/public/org/apiguardian/apiguardian-api/1.0.0/apiguardian-api-1.0.0.jar (2.2 kB at 3.5 kB/s)
[INFO] Downloaded from oss.sonatype.org: https://oss.sonatype.org/content/groups/public/org/junit/platform/junit-platform-launcher/1.3.2/junit-platform-launcher-1.3.2.jar (95 kB at 151 kB/s)
[INFO] Downloaded from oss.sonatype.org: https://oss.sonatype.org/content/groups/public/org/junit/platform/junit-platform-engine/1.3.2/junit-platform-engine-1.3.2.jar (138 kB at 205 kB/s)
[INFO] Downloaded from oss.sonatype.org: https://oss.sonatype.org/content/groups/public/org/junit/platform/junit-platform-commons/1.3.2/junit-platform-commons-1.3.2.jar (78 kB at 113 kB/s)
[INFO] Downloaded from oss.sonatype.org: https://oss.sonatype.org/content/groups/public/org/opentest4j/opentest4j/1.1.1/opentest4j-1.1.1.jar (7.1 kB at 11 kB/s)
[INFO] Downloading from central: https://repo.maven.apache.org/maven2/org/junit/platform/junit-platform-launcher/1.9.0/junit-platform-launcher-1.9.0.jar
[INFO] Downloaded from central: https://repo.maven.apache.org/maven2/org/junit/platform/junit-platform-launcher/1.9.0/junit-platform-launcher-1.9.0.jar (169 kB at 773 kB/s)
[INFO] Downloading from central: https://repo.maven.apache.org/maven2/org/junit/platform/junit-platform-launcher/1.9.0/junit-platform-launcher-1.9.0.pom
[INFO] Downloaded from central: https://repo.maven.apache.org/maven2/org/junit/platform/junit-platform-launcher/1.9.0/junit-platform-launcher-1.9.0.pom (3.0 kB at 12 kB/s)
[INFO] 
[INFO] -------------------------------------------------------
[INFO]  T E S T S
[INFO] -------------------------------------------------------
[INFO] Running com.jcabi.simpledb.CredentialsTest
[DEBUG] main com.jcabi.simpledb.Credentials$Simple: #aws(): com.amazonaws.services.simpledb.AmazonSimpleDBClient@18a645fd in 483.55ms
[DEBUG] main com.jcabi.simpledb.Credentials$Simple: #aws(): com.amazonaws.services.simpledb.AmazonSimpleDBClient@6b63d445 in 2.04ms
[INFO] Tests run: 2, Failures: 0, Errors: 0, Skipped: 0, Time elapsed: 0.777 s - in com.jcabi.simpledb.CredentialsTest
[INFO] Running com.jcabi.simpledb.AwsDomainTest
[DEBUG] main com.jcabi.simpledb.AwsDomain: #item('x'): 'x in test' in 2.18ms
[INFO] Tests run: 1, Failures: 0, Errors: 0, Skipped: 0, Time elapsed: 0.326 s - in com.jcabi.simpledb.AwsDomainTest
[INFO] Running com.jcabi.simpledb.RegionTest
[INFO] Tests run: 1, Failures: 0, Errors: 0, Skipped: 0, Time elapsed: 0.002 s - in com.jcabi.simpledb.RegionTest
[INFO] Running com.jcabi.simpledb.AwsItemTest
[DEBUG] main com.jcabi.simpledb.AwsItem: #entrySet(): [attr-1=value-1] in 3.99ms
[DEBUG] main com.jcabi.simpledb.AwsItem: #get('hello'): NULL in 4.83ms
[INFO] Tests run: 1, Failures: 0, Errors: 0, Skipped: 0, Time elapsed: 0.055 s - in com.jcabi.simpledb.AwsItemTest
[INFO] 
[INFO] Results:
[INFO] 
[INFO] Tests run: 5, Failures: 0, Errors: 0, Skipped: 0
[INFO] 
[INFO] ------------------------------------------------------------------------
[INFO] BUILD SUCCESS
[INFO] ------------------------------------------------------------------------
[INFO] Total time:  01:35 min
[INFO] Finished at: 2026-08-27T05:17:18+08:00
[INFO] ------------------------------------------------------------------------
