/home/zhihao/hdd/marshal/.work/fresh_788339_cinder/output/replay-work/formal-opendev-788339--target-790797/target-a2/.tox/py3/lib/python3.8/site-packages/sqlalchemy/sql/coercions.py:307: SAWarning: implicitly coercing SELECT object to scalar subquery; please use the .scalar_subquery() method to produce a scalar subquery.
  util.warn(
{6} cinder.tests.unit.api.v3.test_volumes.VolumeApiTest.test_list_volume_with_count_param_6 [2.276849s] ... ok
{2} cinder.tests.unit.api.v3.test_volumes.VolumeApiTest.test_list_volume_with_count_param_version_not_matched_1_volumes [2.268810s] ... ok
{5} cinder.tests.unit.api.v3.test_volumes.VolumeApiTest.test_list_volume_with_count_param_version_not_matched_2_volumes_detail [2.321720s] ... ok
{1} cinder.tests.unit.api.v3.test_volumes.VolumeApiTest.test_list_volume_with_count_param_2 [2.328399s] ... ok
{4} cinder.tests.unit.api.v3.test_volumes.VolumeApiTest.test_list_volume_with_count_param_4 [2.316907s] ... ok
{0} cinder.tests.unit.api.v3.test_volumes.VolumeApiTest.test_list_volume_with_count_param_3 [2.329920s] ... ok
{7} cinder.tests.unit.api.v3.test_volumes.VolumeApiTest.test_list_volume_with_count_param_5 [2.326714s] ... ok
{3} cinder.tests.unit.api.v3.test_volumes.VolumeApiTest.test_list_volume_with_count_param_1 [2.314593s] ... ok
/home/zhihao/hdd/marshal/.work/fresh_788339_cinder/output/replay-work/formal-opendev-788339--target-790797/target-a2/.tox/py3/lib/python3.8/site-packages/sqlalchemy/sql/coercions.py:307: SAWarning: implicitly coercing SELECT object to scalar subquery; please use the .scalar_subquery() method to produce a scalar subquery.
  util.warn(
/home/zhihao/hdd/marshal/.work/fresh_788339_cinder/output/replay-work/formal-opendev-788339--target-790797/target-a2/.tox/py3/lib/python3.8/site-packages/sqlalchemy/sql/coercions.py:307: SAWarning: implicitly coercing SELECT object to scalar subquery; please use the .scalar_subquery() method to produce a scalar subquery.
  util.warn(
/home/zhihao/hdd/marshal/.work/fresh_788339_cinder/output/replay-work/formal-opendev-788339--target-790797/target-a2/.tox/py3/lib/python3.8/site-packages/sqlalchemy/sql/coercions.py:307: SAWarning: implicitly coercing SELECT object to scalar subquery; please use the .scalar_subquery() method to produce a scalar subquery.
  util.warn(
/home/zhihao/hdd/marshal/.work/fresh_788339_cinder/output/replay-work/formal-opendev-788339--target-790797/target-a2/.tox/py3/lib/python3.8/site-packages/sqlalchemy/sql/coercions.py:307: SAWarning: implicitly coercing SELECT object to scalar subquery; please use the .scalar_subquery() method to produce a scalar subquery.
  util.warn(
/home/zhihao/hdd/marshal/.work/fresh_788339_cinder/output/replay-work/formal-opendev-788339--target-790797/target-a2/.tox/py3/lib/python3.8/site-packages/sqlalchemy/sql/coercions.py:307: SAWarning: implicitly coercing SELECT object to scalar subquery; please use the .scalar_subquery() method to produce a scalar subquery.
  util.warn(
/home/zhihao/hdd/marshal/.work/fresh_788339_cinder/output/replay-work/formal-opendev-788339--target-790797/target-a2/.tox/py3/lib/python3.8/site-packages/sqlalchemy/sql/coercions.py:307: SAWarning: implicitly coercing SELECT object to scalar subquery; please use the .scalar_subquery() method to produce a scalar subquery.
  util.warn(
/home/zhihao/hdd/marshal/.work/fresh_788339_cinder/output/replay-work/formal-opendev-788339--target-790797/target-a2/.tox/py3/lib/python3.8/site-packages/sqlalchemy/sql/coercions.py:307: SAWarning: implicitly coercing SELECT object to scalar subquery; please use the .scalar_subquery() method to produce a scalar subquery.
  util.warn(
/home/zhihao/hdd/marshal/.work/fresh_788339_cinder/output/replay-work/formal-opendev-788339--target-790797/target-a2/.tox/py3/lib/python3.8/site-packages/sqlalchemy/sql/coercions.py:307: SAWarning: implicitly coercing SELECT object to scalar subquery; please use the .scalar_subquery() method to produce a scalar subquery.
  util.warn(
[93mReadline features including tab completion have been disabled because
no supported version of readline was found. To resolve this, install
pyreadline on Windows or gnureadline on Mac.

[39m
======
Totals
======
Ran: 8 tests in 2.3306 sec.
 - Passed: 8
 - Skipped: 0
 - Expected Fail: 0
 - Unexpected Success: 0
 - Failed: 0
Sum of execute time for each test: 18.4839 sec.

==============
Worker Balance
==============
 - Worker 0 (1 tests) => 0:00:02.329920
 - Worker 1 (1 tests) => 0:00:02.328399
 - Worker 2 (1 tests) => 0:00:02.268810
 - Worker 3 (1 tests) => 0:00:02.314593
 - Worker 4 (1 tests) => 0:00:02.316907
 - Worker 5 (1 tests) => 0:00:02.321720
 - Worker 6 (1 tests) => 0:00:02.276849
 - Worker 7 (1 tests) => 0:00:02.326714
