Modules with known eventlet monkey patching issues were imported prior to eventlet monkey patching: oslo_context.context, urllib3. This warning can usually be ignored if the caller is only importing and not executing nova code.
Modules with known eventlet monkey patching issues were imported prior to eventlet monkey patching: oslo_context.context, urllib3. This warning can usually be ignored if the caller is only importing and not executing nova code.
Modules with known eventlet monkey patching issues were imported prior to eventlet monkey patching: oslo_context.context, urllib3. This warning can usually be ignored if the caller is only importing and not executing nova code.
Modules with known eventlet monkey patching issues were imported prior to eventlet monkey patching: urllib3, oslo_context.context. This warning can usually be ignored if the caller is only importing and not executing nova code.
Modules with known eventlet monkey patching issues were imported prior to eventlet monkey patching: urllib3, oslo_context.context. This warning can usually be ignored if the caller is only importing and not executing nova code.
Modules with known eventlet monkey patching issues were imported prior to eventlet monkey patching: oslo_context.context, urllib3. This warning can usually be ignored if the caller is only importing and not executing nova code.
Modules with known eventlet monkey patching issues were imported prior to eventlet monkey patching: urllib3, oslo_context.context. This warning can usually be ignored if the caller is only importing and not executing nova code.
2026-08-30 13:25:45.508 4101859 INFO oslo_service.periodic_task [req-dcc5df6a-69f9-4208-b0a7-1a72325e1ae2 fake_user 6a6a9c9eee154e9cb8cec487b98d36ab - - -] Skipping periodic task _discover_hosts_in_cells because its interval is negative[00m
2026-08-30 13:25:45.508 4101857 INFO oslo_service.periodic_task [req-1eca1ea6-68cd-43d5-a5a3-83dc1a23b02e fake_user 6a6a9c9eee154e9cb8cec487b98d36ab - - -] Skipping periodic task _discover_hosts_in_cells because its interval is negative[00m
2026-08-30 13:25:45.512 4101855 INFO oslo_service.periodic_task [req-dee29c59-5100-4904-9e5e-bdfbd991acfc fake_user 6a6a9c9eee154e9cb8cec487b98d36ab - - -] Skipping periodic task _discover_hosts_in_cells because its interval is negative[00m
2026-08-30 13:25:45.536 4101855 ERROR stevedore.extension [req-dee29c59-5100-4904-9e5e-bdfbd991acfc fake_user 6a6a9c9eee154e9cb8cec487b98d36ab - - -] Could not load 'oslo_cache.etcd3gw': No module named 'etcd3gw': ModuleNotFoundError: No module named 'etcd3gw'[00m
2026-08-30 13:25:45.537 4101855 ERROR stevedore.extension [req-dee29c59-5100-4904-9e5e-bdfbd991acfc fake_user 6a6a9c9eee154e9cb8cec487b98d36ab - - -] Could not load 'oslo_cache.memcache_pool': No module named 'memcache': ModuleNotFoundError: No module named 'memcache'[00m
2026-08-30 13:25:45.535 4101857 ERROR stevedore.extension [req-1eca1ea6-68cd-43d5-a5a3-83dc1a23b02e fake_user 6a6a9c9eee154e9cb8cec487b98d36ab - - -] Could not load 'oslo_cache.etcd3gw': No module named 'etcd3gw': ModuleNotFoundError: No module named 'etcd3gw'[00m
2026-08-30 13:25:45.536 4101857 ERROR stevedore.extension [req-1eca1ea6-68cd-43d5-a5a3-83dc1a23b02e fake_user 6a6a9c9eee154e9cb8cec487b98d36ab - - -] Could not load 'oslo_cache.memcache_pool': No module named 'memcache': ModuleNotFoundError: No module named 'memcache'[00m
2026-08-30 13:25:45.510 4101858 INFO oslo_service.periodic_task [req-43f3d252-c497-4a5b-9ae9-ac47f75ef527 fake_user 6a6a9c9eee154e9cb8cec487b98d36ab - - -] Skipping periodic task _discover_hosts_in_cells because its interval is negative[00m
2026-08-30 13:25:45.532 4101858 ERROR stevedore.extension [req-43f3d252-c497-4a5b-9ae9-ac47f75ef527 fake_user 6a6a9c9eee154e9cb8cec487b98d36ab - - -] Could not load 'oslo_cache.etcd3gw': No module named 'etcd3gw': ModuleNotFoundError: No module named 'etcd3gw'[00m
2026-08-30 13:25:45.533 4101858 ERROR stevedore.extension [req-43f3d252-c497-4a5b-9ae9-ac47f75ef527 fake_user 6a6a9c9eee154e9cb8cec487b98d36ab - - -] Could not load 'oslo_cache.memcache_pool': No module named 'memcache': ModuleNotFoundError: No module named 'memcache'[00m
2026-08-30 13:25:45.511 4101856 INFO oslo_service.periodic_task [req-9e395b72-d650-430f-8fa5-5b09b9763cfe fake_user 6a6a9c9eee154e9cb8cec487b98d36ab - - -] Skipping periodic task _discover_hosts_in_cells because its interval is negative[00m
2026-08-30 13:25:45.533 4101856 ERROR stevedore.extension [req-9e395b72-d650-430f-8fa5-5b09b9763cfe fake_user 6a6a9c9eee154e9cb8cec487b98d36ab - - -] Could not load 'oslo_cache.etcd3gw': No module named 'etcd3gw': ModuleNotFoundError: No module named 'etcd3gw'[00m
2026-08-30 13:25:45.534 4101856 ERROR stevedore.extension [req-9e395b72-d650-430f-8fa5-5b09b9763cfe fake_user 6a6a9c9eee154e9cb8cec487b98d36ab - - -] Could not load 'oslo_cache.memcache_pool': No module named 'memcache': ModuleNotFoundError: No module named 'memcache'[00m
2026-08-30 13:25:45.509 4101860 INFO oslo_service.periodic_task [req-39e4313c-a640-4b43-a480-5c960faa6e60 fake_user 6a6a9c9eee154e9cb8cec487b98d36ab - - -] Skipping periodic task _discover_hosts_in_cells because its interval is negative[00m
2026-08-30 13:25:45.532 4101860 ERROR stevedore.extension [req-39e4313c-a640-4b43-a480-5c960faa6e60 fake_user 6a6a9c9eee154e9cb8cec487b98d36ab - - -] Could not load 'oslo_cache.etcd3gw': No module named 'etcd3gw': ModuleNotFoundError: No module named 'etcd3gw'[00m
2026-08-30 13:25:45.533 4101860 ERROR stevedore.extension [req-39e4313c-a640-4b43-a480-5c960faa6e60 fake_user 6a6a9c9eee154e9cb8cec487b98d36ab - - -] Could not load 'oslo_cache.memcache_pool': No module named 'memcache': ModuleNotFoundError: No module named 'memcache'[00m
2026-08-30 13:25:45.539 4101859 ERROR stevedore.extension [req-dcc5df6a-69f9-4208-b0a7-1a72325e1ae2 fake_user 6a6a9c9eee154e9cb8cec487b98d36ab - - -] Could not load 'oslo_cache.etcd3gw': No module named 'etcd3gw': ModuleNotFoundError: No module named 'etcd3gw'[00m
2026-08-30 13:25:45.540 4101859 ERROR stevedore.extension [req-dcc5df6a-69f9-4208-b0a7-1a72325e1ae2 fake_user 6a6a9c9eee154e9cb8cec487b98d36ab - - -] Could not load 'oslo_cache.memcache_pool': No module named 'memcache': ModuleNotFoundError: No module named 'memcache'[00m
{5} nova.tests.unit.cmd.test_manage.CellV2CommandsTestCase.test_map_cell0_default_database [1.124657s] ... FAILED

Captured traceback:
~~~~~~~~~~~~~~~~~~~
    Traceback (most recent call last):

      File "/home/zhihao/hdd/marshal/.work/fresh_788339_nova/output/replay-work/formal-opendev-788339--target-788471/target-a1/nova/tests/unit/cmd/test_manage.py", line 1229, in test_map_cell0_default_database
    self.commands.map_cell0()

      File "/home/zhihao/hdd/marshal/.work/fresh_788339_nova/output/replay-work/formal-opendev-788339--target-788471/target-a1/nova/cmd/manage.py", line 687, in map_cell0
    self._map_cell0(database_connection=database_connection)

      File "/home/zhihao/hdd/marshal/.work/fresh_788339_nova/output/replay-work/formal-opendev-788339--target-788471/target-a1/nova/cmd/manage.py", line 712, in _map_cell0
    dbc = database_connection or cell0_default_connection()

      File "/home/zhihao/hdd/marshal/.work/fresh_788339_nova/output/replay-work/formal-opendev-788339--target-788471/target-a1/nova/cmd/manage.py", line 709, in cell0_default_connection
    url.database = url.database + '_cell0'

    AttributeError: can't set attribute


Captured pythonlogging:
~~~~~~~~~~~~~~~~~~~~~~~
    2026-08-30 13:25:46,558 WARNING [oslo_policy.policy] JSON formatted policy_file support is deprecated since Victoria release. You need to use YAML format which will be default in future. You can use ``oslopolicy-convert-json-to-yaml`` tool to convert existing JSON-formatted policy file to YAML-formatted in backward compatible way: https://docs.openstack.org/oslo.policy/latest/cli/oslopolicy-convert-json-to-yaml.html.
2026-08-30 13:25:46,559 WARNING [oslo_policy.policy] JSON formatted policy_file support is deprecated since Victoria release. You need to use YAML format which will be default in future. You can use ``oslopolicy-convert-json-to-yaml`` tool to convert existing JSON-formatted policy file to YAML-formatted in backward compatible way: https://docs.openstack.org/oslo.policy/latest/cli/oslopolicy-convert-json-to-yaml.html.
2026-08-30 13:25:46,560 WARNING [oslo_policy.policy] Policy Rules ['os_compute_api:extensions', 'os_compute_api:os-floating-ip-pools', 'os_compute_api:os-quota-sets:defaults', 'os_compute_api:os-availability-zone:list', 'os_compute_api:limits', 'system_admin_api', 'system_reader_api', 'project_admin_api', 'project_member_api', 'project_reader_api', 'system_admin_or_owner', 'system_or_project_reader', 'os_compute_api:limits:other_project', 'os_compute_api:os-lock-server:unlock:unlock_override', 'os_compute_api:servers:create:zero_disk_flavor', 'compute:servers:resize:cross_cell'] specified in policy files are the same as the defaults provided by the service. You can remove these rules from policy files which will make maintenance easier. You can detect these redundant rules by ``oslopolicy-list-redundant`` tool also.

{4} nova.tests.unit.cmd.test_manage.CellV2CommandsTestCase.test_map_cell0_default_database_special_characters_2_mysql_pymysql___nova_abcd0123_AB_controller__s [1.093357s] ... FAILED

Captured traceback:
~~~~~~~~~~~~~~~~~~~
    Traceback (most recent call last):

      File "/home/zhihao/hdd/marshal/.work/fresh_788339_nova/output/replay-work/formal-opendev-788339--target-788471/target-a1/.tox/py3/lib/python3.8/site-packages/ddt.py", line 182, in wrapper
    return func(self, *args, **kwargs)

      File "/home/zhihao/hdd/marshal/.work/fresh_788339_nova/output/replay-work/formal-opendev-788339--target-788471/target-a1/nova/tests/unit/cmd/test_manage.py", line 1250, in test_map_cell0_default_database_special_characters
    self.commands.map_cell0()

      File "/home/zhihao/hdd/marshal/.work/fresh_788339_nova/output/replay-work/formal-opendev-788339--target-788471/target-a1/nova/cmd/manage.py", line 687, in map_cell0
    self._map_cell0(database_connection=database_connection)

      File "/home/zhihao/hdd/marshal/.work/fresh_788339_nova/output/replay-work/formal-opendev-788339--target-788471/target-a1/nova/cmd/manage.py", line 712, in _map_cell0
    dbc = database_connection or cell0_default_connection()

      File "/home/zhihao/hdd/marshal/.work/fresh_788339_nova/output/replay-work/formal-opendev-788339--target-788471/target-a1/nova/cmd/manage.py", line 709, in cell0_default_connection
    url.database = url.database + '_cell0'

    AttributeError: can't set attribute


Captured pythonlogging:
~~~~~~~~~~~~~~~~~~~~~~~
    2026-08-30 13:25:46,558 WARNING [oslo_policy.policy] JSON formatted policy_file support is deprecated since Victoria release. You need to use YAML format which will be default in future. You can use ``oslopolicy-convert-json-to-yaml`` tool to convert existing JSON-formatted policy file to YAML-formatted in backward compatible way: https://docs.openstack.org/oslo.policy/latest/cli/oslopolicy-convert-json-to-yaml.html.
2026-08-30 13:25:46,559 WARNING [oslo_policy.policy] JSON formatted policy_file support is deprecated since Victoria release. You need to use YAML format which will be default in future. You can use ``oslopolicy-convert-json-to-yaml`` tool to convert existing JSON-formatted policy file to YAML-formatted in backward compatible way: https://docs.openstack.org/oslo.policy/latest/cli/oslopolicy-convert-json-to-yaml.html.
2026-08-30 13:25:46,560 WARNING [oslo_policy.policy] Policy Rules ['os_compute_api:extensions', 'os_compute_api:os-floating-ip-pools', 'os_compute_api:os-quota-sets:defaults', 'os_compute_api:os-availability-zone:list', 'os_compute_api:limits', 'system_admin_api', 'system_reader_api', 'project_admin_api', 'project_member_api', 'project_reader_api', 'system_admin_or_owner', 'system_or_project_reader', 'os_compute_api:limits:other_project', 'os_compute_api:os-lock-server:unlock:unlock_override', 'os_compute_api:servers:create:zero_disk_flavor', 'compute:servers:resize:cross_cell'] specified in policy files are the same as the defaults provided by the service. You can remove these rules from policy files which will make maintenance easier. You can detect these redundant rules by ``oslopolicy-list-redundant`` tool also.

{1} nova.tests.unit.cmd.test_manage.CellV2CommandsTestCase.test_map_cell0_default_database_special_characters_4_mysql_pymysql___nova_abcd0123_AB_controller__s [1.129870s] ... FAILED

Captured traceback:
~~~~~~~~~~~~~~~~~~~
    Traceback (most recent call last):

      File "/home/zhihao/hdd/marshal/.work/fresh_788339_nova/output/replay-work/formal-opendev-788339--target-788471/target-a1/.tox/py3/lib/python3.8/site-packages/ddt.py", line 182, in wrapper
    return func(self, *args, **kwargs)

      File "/home/zhihao/hdd/marshal/.work/fresh_788339_nova/output/replay-work/formal-opendev-788339--target-788471/target-a1/nova/tests/unit/cmd/test_manage.py", line 1250, in test_map_cell0_default_database_special_characters
    self.commands.map_cell0()

      File "/home/zhihao/hdd/marshal/.work/fresh_788339_nova/output/replay-work/formal-opendev-788339--target-788471/target-a1/nova/cmd/manage.py", line 687, in map_cell0
    self._map_cell0(database_connection=database_connection)

      File "/home/zhihao/hdd/marshal/.work/fresh_788339_nova/output/replay-work/formal-opendev-788339--target-788471/target-a1/nova/cmd/manage.py", line 712, in _map_cell0
    dbc = database_connection or cell0_default_connection()

      File "/home/zhihao/hdd/marshal/.work/fresh_788339_nova/output/replay-work/formal-opendev-788339--target-788471/target-a1/nova/cmd/manage.py", line 709, in cell0_default_connection
    url.database = url.database + '_cell0'

    AttributeError: can't set attribute


Captured pythonlogging:
~~~~~~~~~~~~~~~~~~~~~~~
    2026-08-30 13:25:46,558 WARNING [oslo_policy.policy] JSON formatted policy_file support is deprecated since Victoria release. You need to use YAML format which will be default in future. You can use ``oslopolicy-convert-json-to-yaml`` tool to convert existing JSON-formatted policy file to YAML-formatted in backward compatible way: https://docs.openstack.org/oslo.policy/latest/cli/oslopolicy-convert-json-to-yaml.html.
2026-08-30 13:25:46,558 WARNING [oslo_policy.policy] JSON formatted policy_file support is deprecated since Victoria release. You need to use YAML format which will be default in future. You can use ``oslopolicy-convert-json-to-yaml`` tool to convert existing JSON-formatted policy file to YAML-formatted in backward compatible way: https://docs.openstack.org/oslo.policy/latest/cli/oslopolicy-convert-json-to-yaml.html.
2026-08-30 13:25:46,560 WARNING [oslo_policy.policy] Policy Rules ['os_compute_api:extensions', 'os_compute_api:os-floating-ip-pools', 'os_compute_api:os-quota-sets:defaults', 'os_compute_api:os-availability-zone:list', 'os_compute_api:limits', 'system_admin_api', 'system_reader_api', 'project_admin_api', 'project_member_api', 'project_reader_api', 'system_admin_or_owner', 'system_or_project_reader', 'os_compute_api:limits:other_project', 'os_compute_api:os-lock-server:unlock:unlock_override', 'os_compute_api:servers:create:zero_disk_flavor', 'compute:servers:resize:cross_cell'] specified in policy files are the same as the defaults provided by the service. You can remove these rules from policy files which will make maintenance easier. You can detect these redundant rules by ``oslopolicy-list-redundant`` tool also.

{0} nova.tests.unit.cmd.test_manage.CellV2CommandsTestCase.test_map_cell0_default_database_special_characters_3_mysql_pymysql___nova_abcd0123_AB_controller__s [1.142927s] ... FAILED

Captured traceback:
~~~~~~~~~~~~~~~~~~~
    Traceback (most recent call last):

      File "/home/zhihao/hdd/marshal/.work/fresh_788339_nova/output/replay-work/formal-opendev-788339--target-788471/target-a1/.tox/py3/lib/python3.8/site-packages/ddt.py", line 182, in wrapper
    return func(self, *args, **kwargs)

      File "/home/zhihao/hdd/marshal/.work/fresh_788339_nova/output/replay-work/formal-opendev-788339--target-788471/target-a1/nova/tests/unit/cmd/test_manage.py", line 1250, in test_map_cell0_default_database_special_characters
    self.commands.map_cell0()

      File "/home/zhihao/hdd/marshal/.work/fresh_788339_nova/output/replay-work/formal-opendev-788339--target-788471/target-a1/nova/cmd/manage.py", line 687, in map_cell0
    self._map_cell0(database_connection=database_connection)

      File "/home/zhihao/hdd/marshal/.work/fresh_788339_nova/output/replay-work/formal-opendev-788339--target-788471/target-a1/nova/cmd/manage.py", line 712, in _map_cell0
    dbc = database_connection or cell0_default_connection()

      File "/home/zhihao/hdd/marshal/.work/fresh_788339_nova/output/replay-work/formal-opendev-788339--target-788471/target-a1/nova/cmd/manage.py", line 709, in cell0_default_connection
    url.database = url.database + '_cell0'

    AttributeError: can't set attribute


Captured pythonlogging:
~~~~~~~~~~~~~~~~~~~~~~~
    2026-08-30 13:25:46,558 WARNING [oslo_policy.policy] JSON formatted policy_file support is deprecated since Victoria release. You need to use YAML format which will be default in future. You can use ``oslopolicy-convert-json-to-yaml`` tool to convert existing JSON-formatted policy file to YAML-formatted in backward compatible way: https://docs.openstack.org/oslo.policy/latest/cli/oslopolicy-convert-json-to-yaml.html.
2026-08-30 13:25:46,558 WARNING [oslo_policy.policy] JSON formatted policy_file support is deprecated since Victoria release. You need to use YAML format which will be default in future. You can use ``oslopolicy-convert-json-to-yaml`` tool to convert existing JSON-formatted policy file to YAML-formatted in backward compatible way: https://docs.openstack.org/oslo.policy/latest/cli/oslopolicy-convert-json-to-yaml.html.
2026-08-30 13:25:46,560 WARNING [oslo_policy.policy] Policy Rules ['os_compute_api:extensions', 'os_compute_api:os-floating-ip-pools', 'os_compute_api:os-quota-sets:defaults', 'os_compute_api:os-availability-zone:list', 'os_compute_api:limits', 'system_admin_api', 'system_reader_api', 'project_admin_api', 'project_member_api', 'project_reader_api', 'system_admin_or_owner', 'system_or_project_reader', 'os_compute_api:limits:other_project', 'os_compute_api:os-lock-server:unlock:unlock_override', 'os_compute_api:servers:create:zero_disk_flavor', 'compute:servers:resize:cross_cell'] specified in policy files are the same as the defaults provided by the service. You can remove these rules from policy files which will make maintenance easier. You can detect these redundant rules by ``oslopolicy-list-redundant`` tool also.

{2} nova.tests.unit.cmd.test_manage.CellV2CommandsTestCase.test_map_cell0_default_database_special_characters_5_mysql_pymysql___test_abcd0123_AB_controller__s_charset_utf8 [1.110356s] ... FAILED

Captured traceback:
~~~~~~~~~~~~~~~~~~~
    Traceback (most recent call last):

      File "/home/zhihao/hdd/marshal/.work/fresh_788339_nova/output/replay-work/formal-opendev-788339--target-788471/target-a1/.tox/py3/lib/python3.8/site-packages/ddt.py", line 182, in wrapper
    return func(self, *args, **kwargs)

      File "/home/zhihao/hdd/marshal/.work/fresh_788339_nova/output/replay-work/formal-opendev-788339--target-788471/target-a1/nova/tests/unit/cmd/test_manage.py", line 1250, in test_map_cell0_default_database_special_characters
    self.commands.map_cell0()

      File "/home/zhihao/hdd/marshal/.work/fresh_788339_nova/output/replay-work/formal-opendev-788339--target-788471/target-a1/nova/cmd/manage.py", line 687, in map_cell0
    self._map_cell0(database_connection=database_connection)

      File "/home/zhihao/hdd/marshal/.work/fresh_788339_nova/output/replay-work/formal-opendev-788339--target-788471/target-a1/nova/cmd/manage.py", line 712, in _map_cell0
    dbc = database_connection or cell0_default_connection()

      File "/home/zhihao/hdd/marshal/.work/fresh_788339_nova/output/replay-work/formal-opendev-788339--target-788471/target-a1/nova/cmd/manage.py", line 709, in cell0_default_connection
    url.database = url.database + '_cell0'

    AttributeError: can't set attribute


Captured pythonlogging:
~~~~~~~~~~~~~~~~~~~~~~~
    2026-08-30 13:25:46,558 WARNING [oslo_policy.policy] JSON formatted policy_file support is deprecated since Victoria release. You need to use YAML format which will be default in future. You can use ``oslopolicy-convert-json-to-yaml`` tool to convert existing JSON-formatted policy file to YAML-formatted in backward compatible way: https://docs.openstack.org/oslo.policy/latest/cli/oslopolicy-convert-json-to-yaml.html.
2026-08-30 13:25:46,559 WARNING [oslo_policy.policy] JSON formatted policy_file support is deprecated since Victoria release. You need to use YAML format which will be default in future. You can use ``oslopolicy-convert-json-to-yaml`` tool to convert existing JSON-formatted policy file to YAML-formatted in backward compatible way: https://docs.openstack.org/oslo.policy/latest/cli/oslopolicy-convert-json-to-yaml.html.
2026-08-30 13:25:46,560 WARNING [oslo_policy.policy] Policy Rules ['os_compute_api:extensions', 'os_compute_api:os-floating-ip-pools', 'os_compute_api:os-quota-sets:defaults', 'os_compute_api:os-availability-zone:list', 'os_compute_api:limits', 'system_admin_api', 'system_reader_api', 'project_admin_api', 'project_member_api', 'project_reader_api', 'system_admin_or_owner', 'system_or_project_reader', 'os_compute_api:limits:other_project', 'os_compute_api:os-lock-server:unlock:unlock_override', 'os_compute_api:servers:create:zero_disk_flavor', 'compute:servers:resize:cross_cell'] specified in policy files are the same as the defaults provided by the service. You can remove these rules from policy files which will make maintenance easier. You can detect these redundant rules by ``oslopolicy-list-redundant`` tool also.

{3} nova.tests.unit.cmd.test_manage.CellV2CommandsTestCase.test_map_cell0_default_database_special_characters_1_mysql_pymysql___nova_abcd0123_AB_controller__s [1.142099s] ... FAILED

Captured traceback:
~~~~~~~~~~~~~~~~~~~
    Traceback (most recent call last):

      File "/home/zhihao/hdd/marshal/.work/fresh_788339_nova/output/replay-work/formal-opendev-788339--target-788471/target-a1/.tox/py3/lib/python3.8/site-packages/ddt.py", line 182, in wrapper
    return func(self, *args, **kwargs)

      File "/home/zhihao/hdd/marshal/.work/fresh_788339_nova/output/replay-work/formal-opendev-788339--target-788471/target-a1/nova/tests/unit/cmd/test_manage.py", line 1250, in test_map_cell0_default_database_special_characters
    self.commands.map_cell0()

      File "/home/zhihao/hdd/marshal/.work/fresh_788339_nova/output/replay-work/formal-opendev-788339--target-788471/target-a1/nova/cmd/manage.py", line 687, in map_cell0
    self._map_cell0(database_connection=database_connection)

      File "/home/zhihao/hdd/marshal/.work/fresh_788339_nova/output/replay-work/formal-opendev-788339--target-788471/target-a1/nova/cmd/manage.py", line 712, in _map_cell0
    dbc = database_connection or cell0_default_connection()

      File "/home/zhihao/hdd/marshal/.work/fresh_788339_nova/output/replay-work/formal-opendev-788339--target-788471/target-a1/nova/cmd/manage.py", line 709, in cell0_default_connection
    url.database = url.database + '_cell0'

    AttributeError: can't set attribute


Captured pythonlogging:
~~~~~~~~~~~~~~~~~~~~~~~
    2026-08-30 13:25:46,558 WARNING [oslo_policy.policy] JSON formatted policy_file support is deprecated since Victoria release. You need to use YAML format which will be default in future. You can use ``oslopolicy-convert-json-to-yaml`` tool to convert existing JSON-formatted policy file to YAML-formatted in backward compatible way: https://docs.openstack.org/oslo.policy/latest/cli/oslopolicy-convert-json-to-yaml.html.
2026-08-30 13:25:46,558 WARNING [oslo_policy.policy] JSON formatted policy_file support is deprecated since Victoria release. You need to use YAML format which will be default in future. You can use ``oslopolicy-convert-json-to-yaml`` tool to convert existing JSON-formatted policy file to YAML-formatted in backward compatible way: https://docs.openstack.org/oslo.policy/latest/cli/oslopolicy-convert-json-to-yaml.html.
2026-08-30 13:25:46,560 WARNING [oslo_policy.policy] Policy Rules ['os_compute_api:extensions', 'os_compute_api:os-floating-ip-pools', 'os_compute_api:os-quota-sets:defaults', 'os_compute_api:os-availability-zone:list', 'os_compute_api:limits', 'system_admin_api', 'system_reader_api', 'project_admin_api', 'project_member_api', 'project_reader_api', 'system_admin_or_owner', 'system_or_project_reader', 'os_compute_api:limits:other_project', 'os_compute_api:os-lock-server:unlock:unlock_override', 'os_compute_api:servers:create:zero_disk_flavor', 'compute:servers:resize:cross_cell'] specified in policy files are the same as the defaults provided by the service. You can remove these rules from policy files which will make maintenance easier. You can detect these redundant rules by ``oslopolicy-list-redundant`` tool also.

/home/zhihao/hdd/marshal/.work/fresh_788339_nova/output/replay-work/formal-opendev-788339--target-788471/target-a1/.tox/py3/lib/python3.8/site-packages/migrate/versioning/schema.py:182: SADeprecationWarning: The Table.exists() method is deprecated and will be removed in a future release.  Please refer to Inspector.has_table(). (deprecated since: 1.4)
  if not table.exists():
/home/zhihao/hdd/marshal/.work/fresh_788339_nova/output/replay-work/formal-opendev-788339--target-788471/target-a1/nova/db/sqlalchemy/migrate_repo/versions/402_train.py:113: SADeprecationWarning: The Column.copy() method is deprecated and will be removed in a future release. (deprecated since: 1.4)
  column_copy = column.copy()
/home/zhihao/hdd/marshal/.work/fresh_788339_nova/output/replay-work/formal-opendev-788339--target-788471/target-a1/.tox/py3/lib/python3.8/site-packages/migrate/versioning/schema.py:182: SADeprecationWarning: The Table.exists() method is deprecated and will be removed in a future release.  Please refer to Inspector.has_table(). (deprecated since: 1.4)
  if not table.exists():
/home/zhihao/hdd/marshal/.work/fresh_788339_nova/output/replay-work/formal-opendev-788339--target-788471/target-a1/nova/db/sqlalchemy/migrate_repo/versions/402_train.py:113: SADeprecationWarning: The Column.copy() method is deprecated and will be removed in a future release. (deprecated since: 1.4)
  column_copy = column.copy()
/home/zhihao/hdd/marshal/.work/fresh_788339_nova/output/replay-work/formal-opendev-788339--target-788471/target-a1/.tox/py3/lib/python3.8/site-packages/migrate/versioning/schema.py:182: SADeprecationWarning: The Table.exists() method is deprecated and will be removed in a future release.  Please refer to Inspector.has_table(). (deprecated since: 1.4)
  if not table.exists():
/home/zhihao/hdd/marshal/.work/fresh_788339_nova/output/replay-work/formal-opendev-788339--target-788471/target-a1/nova/db/sqlalchemy/migrate_repo/versions/402_train.py:113: SADeprecationWarning: The Column.copy() method is deprecated and will be removed in a future release. (deprecated since: 1.4)
  column_copy = column.copy()
/home/zhihao/hdd/marshal/.work/fresh_788339_nova/output/replay-work/formal-opendev-788339--target-788471/target-a1/.tox/py3/lib/python3.8/site-packages/migrate/versioning/schema.py:182: SADeprecationWarning: The Table.exists() method is deprecated and will be removed in a future release.  Please refer to Inspector.has_table(). (deprecated since: 1.4)
  if not table.exists():
/home/zhihao/hdd/marshal/.work/fresh_788339_nova/output/replay-work/formal-opendev-788339--target-788471/target-a1/nova/db/sqlalchemy/migrate_repo/versions/402_train.py:113: SADeprecationWarning: The Column.copy() method is deprecated and will be removed in a future release. (deprecated since: 1.4)
  column_copy = column.copy()
/home/zhihao/hdd/marshal/.work/fresh_788339_nova/output/replay-work/formal-opendev-788339--target-788471/target-a1/.tox/py3/lib/python3.8/site-packages/migrate/versioning/schema.py:182: SADeprecationWarning: The Table.exists() method is deprecated and will be removed in a future release.  Please refer to Inspector.has_table(). (deprecated since: 1.4)
  if not table.exists():
/home/zhihao/hdd/marshal/.work/fresh_788339_nova/output/replay-work/formal-opendev-788339--target-788471/target-a1/nova/db/sqlalchemy/migrate_repo/versions/402_train.py:113: SADeprecationWarning: The Column.copy() method is deprecated and will be removed in a future release. (deprecated since: 1.4)
  column_copy = column.copy()
/home/zhihao/hdd/marshal/.work/fresh_788339_nova/output/replay-work/formal-opendev-788339--target-788471/target-a1/.tox/py3/lib/python3.8/site-packages/migrate/versioning/schema.py:182: SADeprecationWarning: The Table.exists() method is deprecated and will be removed in a future release.  Please refer to Inspector.has_table(). (deprecated since: 1.4)
  if not table.exists():
/home/zhihao/hdd/marshal/.work/fresh_788339_nova/output/replay-work/formal-opendev-788339--target-788471/target-a1/nova/db/sqlalchemy/migrate_repo/versions/402_train.py:113: SADeprecationWarning: The Column.copy() method is deprecated and will be removed in a future release. (deprecated since: 1.4)
  column_copy = column.copy()

==============================
Failed 6 tests - output below:
==============================

nova.tests.unit.cmd.test_manage.CellV2CommandsTestCase.test_map_cell0_default_database
--------------------------------------------------------------------------------------

Captured traceback:
~~~~~~~~~~~~~~~~~~~
    Traceback (most recent call last):

      File "/home/zhihao/hdd/marshal/.work/fresh_788339_nova/output/replay-work/formal-opendev-788339--target-788471/target-a1/nova/tests/unit/cmd/test_manage.py", line 1229, in test_map_cell0_default_database
    self.commands.map_cell0()

      File "/home/zhihao/hdd/marshal/.work/fresh_788339_nova/output/replay-work/formal-opendev-788339--target-788471/target-a1/nova/cmd/manage.py", line 687, in map_cell0
    self._map_cell0(database_connection=database_connection)

      File "/home/zhihao/hdd/marshal/.work/fresh_788339_nova/output/replay-work/formal-opendev-788339--target-788471/target-a1/nova/cmd/manage.py", line 712, in _map_cell0
    dbc = database_connection or cell0_default_connection()

      File "/home/zhihao/hdd/marshal/.work/fresh_788339_nova/output/replay-work/formal-opendev-788339--target-788471/target-a1/nova/cmd/manage.py", line 709, in cell0_default_connection
    url.database = url.database + '_cell0'

    AttributeError: can't set attribute


Captured pythonlogging:
~~~~~~~~~~~~~~~~~~~~~~~
    2026-08-30 13:25:46,558 WARNING [oslo_policy.policy] JSON formatted policy_file support is deprecated since Victoria release. You need to use YAML format which will be default in future. You can use ``oslopolicy-convert-json-to-yaml`` tool to convert existing JSON-formatted policy file to YAML-formatted in backward compatible way: https://docs.openstack.org/oslo.policy/latest/cli/oslopolicy-convert-json-to-yaml.html.
2026-08-30 13:25:46,559 WARNING [oslo_policy.policy] JSON formatted policy_file support is deprecated since Victoria release. You need to use YAML format which will be default in future. You can use ``oslopolicy-convert-json-to-yaml`` tool to convert existing JSON-formatted policy file to YAML-formatted in backward compatible way: https://docs.openstack.org/oslo.policy/latest/cli/oslopolicy-convert-json-to-yaml.html.
2026-08-30 13:25:46,560 WARNING [oslo_policy.policy] Policy Rules ['os_compute_api:extensions', 'os_compute_api:os-floating-ip-pools', 'os_compute_api:os-quota-sets:defaults', 'os_compute_api:os-availability-zone:list', 'os_compute_api:limits', 'system_admin_api', 'system_reader_api', 'project_admin_api', 'project_member_api', 'project_reader_api', 'system_admin_or_owner', 'system_or_project_reader', 'os_compute_api:limits:other_project', 'os_compute_api:os-lock-server:unlock:unlock_override', 'os_compute_api:servers:create:zero_disk_flavor', 'compute:servers:resize:cross_cell'] specified in policy files are the same as the defaults provided by the service. You can remove these rules from policy files which will make maintenance easier. You can detect these redundant rules by ``oslopolicy-list-redundant`` tool also.


nova.tests.unit.cmd.test_manage.CellV2CommandsTestCase.test_map_cell0_default_database_special_characters_2_mysql_pymysql___nova_abcd0123_AB_controller__s
----------------------------------------------------------------------------------------------------------------------------------------------------------

Captured traceback:
~~~~~~~~~~~~~~~~~~~
    Traceback (most recent call last):

      File "/home/zhihao/hdd/marshal/.work/fresh_788339_nova/output/replay-work/formal-opendev-788339--target-788471/target-a1/.tox/py3/lib/python3.8/site-packages/ddt.py", line 182, in wrapper
    return func(self, *args, **kwargs)

      File "/home/zhihao/hdd/marshal/.work/fresh_788339_nova/output/replay-work/formal-opendev-788339--target-788471/target-a1/nova/tests/unit/cmd/test_manage.py", line 1250, in test_map_cell0_default_database_special_characters
    self.commands.map_cell0()

      File "/home/zhihao/hdd/marshal/.work/fresh_788339_nova/output/replay-work/formal-opendev-788339--target-788471/target-a1/nova/cmd/manage.py", line 687, in map_cell0
    self._map_cell0(database_connection=database_connection)

      File "/home/zhihao/hdd/marshal/.work/fresh_788339_nova/output/replay-work/formal-opendev-788339--target-788471/target-a1/nova/cmd/manage.py", line 712, in _map_cell0
    dbc = database_connection or cell0_default_connection()

      File "/home/zhihao/hdd/marshal/.work/fresh_788339_nova/output/replay-work/formal-opendev-788339--target-788471/target-a1/nova/cmd/manage.py", line 709, in cell0_default_connection
    url.database = url.database + '_cell0'

    AttributeError: can't set attribute


Captured pythonlogging:
~~~~~~~~~~~~~~~~~~~~~~~
    2026-08-30 13:25:46,558 WARNING [oslo_policy.policy] JSON formatted policy_file support is deprecated since Victoria release. You need to use YAML format which will be default in future. You can use ``oslopolicy-convert-json-to-yaml`` tool to convert existing JSON-formatted policy file to YAML-formatted in backward compatible way: https://docs.openstack.org/oslo.policy/latest/cli/oslopolicy-convert-json-to-yaml.html.
2026-08-30 13:25:46,559 WARNING [oslo_policy.policy] JSON formatted policy_file support is deprecated since Victoria release. You need to use YAML format which will be default in future. You can use ``oslopolicy-convert-json-to-yaml`` tool to convert existing JSON-formatted policy file to YAML-formatted in backward compatible way: https://docs.openstack.org/oslo.policy/latest/cli/oslopolicy-convert-json-to-yaml.html.
2026-08-30 13:25:46,560 WARNING [oslo_policy.policy] Policy Rules ['os_compute_api:extensions', 'os_compute_api:os-floating-ip-pools', 'os_compute_api:os-quota-sets:defaults', 'os_compute_api:os-availability-zone:list', 'os_compute_api:limits', 'system_admin_api', 'system_reader_api', 'project_admin_api', 'project_member_api', 'project_reader_api', 'system_admin_or_owner', 'system_or_project_reader', 'os_compute_api:limits:other_project', 'os_compute_api:os-lock-server:unlock:unlock_override', 'os_compute_api:servers:create:zero_disk_flavor', 'compute:servers:resize:cross_cell'] specified in policy files are the same as the defaults provided by the service. You can remove these rules from policy files which will make maintenance easier. You can detect these redundant rules by ``oslopolicy-list-redundant`` tool also.


nova.tests.unit.cmd.test_manage.CellV2CommandsTestCase.test_map_cell0_default_database_special_characters_4_mysql_pymysql___nova_abcd0123_AB_controller__s
----------------------------------------------------------------------------------------------------------------------------------------------------------

Captured traceback:
~~~~~~~~~~~~~~~~~~~
    Traceback (most recent call last):

      File "/home/zhihao/hdd/marshal/.work/fresh_788339_nova/output/replay-work/formal-opendev-788339--target-788471/target-a1/.tox/py3/lib/python3.8/site-packages/ddt.py", line 182, in wrapper
    return func(self, *args, **kwargs)

      File "/home/zhihao/hdd/marshal/.work/fresh_788339_nova/output/replay-work/formal-opendev-788339--target-788471/target-a1/nova/tests/unit/cmd/test_manage.py", line 1250, in test_map_cell0_default_database_special_characters
    self.commands.map_cell0()

      File "/home/zhihao/hdd/marshal/.work/fresh_788339_nova/output/replay-work/formal-opendev-788339--target-788471/target-a1/nova/cmd/manage.py", line 687, in map_cell0
    self._map_cell0(database_connection=database_connection)

      File "/home/zhihao/hdd/marshal/.work/fresh_788339_nova/output/replay-work/formal-opendev-788339--target-788471/target-a1/nova/cmd/manage.py", line 712, in _map_cell0
    dbc = database_connection or cell0_default_connection()

      File "/home/zhihao/hdd/marshal/.work/fresh_788339_nova/output/replay-work/formal-opendev-788339--target-788471/target-a1/nova/cmd/manage.py", line 709, in cell0_default_connection
    url.database = url.database + '_cell0'

    AttributeError: can't set attribute


Captured pythonlogging:
~~~~~~~~~~~~~~~~~~~~~~~
    2026-08-30 13:25:46,558 WARNING [oslo_policy.policy] JSON formatted policy_file support is deprecated since Victoria release. You need to use YAML format which will be default in future. You can use ``oslopolicy-convert-json-to-yaml`` tool to convert existing JSON-formatted policy file to YAML-formatted in backward compatible way: https://docs.openstack.org/oslo.policy/latest/cli/oslopolicy-convert-json-to-yaml.html.
2026-08-30 13:25:46,558 WARNING [oslo_policy.policy] JSON formatted policy_file support is deprecated since Victoria release. You need to use YAML format which will be default in future. You can use ``oslopolicy-convert-json-to-yaml`` tool to convert existing JSON-formatted policy file to YAML-formatted in backward compatible way: https://docs.openstack.org/oslo.policy/latest/cli/oslopolicy-convert-json-to-yaml.html.
2026-08-30 13:25:46,560 WARNING [oslo_policy.policy] Policy Rules ['os_compute_api:extensions', 'os_compute_api:os-floating-ip-pools', 'os_compute_api:os-quota-sets:defaults', 'os_compute_api:os-availability-zone:list', 'os_compute_api:limits', 'system_admin_api', 'system_reader_api', 'project_admin_api', 'project_member_api', 'project_reader_api', 'system_admin_or_owner', 'system_or_project_reader', 'os_compute_api:limits:other_project', 'os_compute_api:os-lock-server:unlock:unlock_override', 'os_compute_api:servers:create:zero_disk_flavor', 'compute:servers:resize:cross_cell'] specified in policy files are the same as the defaults provided by the service. You can remove these rules from policy files which will make maintenance easier. You can detect these redundant rules by ``oslopolicy-list-redundant`` tool also.


nova.tests.unit.cmd.test_manage.CellV2CommandsTestCase.test_map_cell0_default_database_special_characters_3_mysql_pymysql___nova_abcd0123_AB_controller__s
----------------------------------------------------------------------------------------------------------------------------------------------------------

Captured traceback:
~~~~~~~~~~~~~~~~~~~
    Traceback (most recent call last):

      File "/home/zhihao/hdd/marshal/.work/fresh_788339_nova/output/replay-work/formal-opendev-788339--target-788471/target-a1/.tox/py3/lib/python3.8/site-packages/ddt.py", line 182, in wrapper
    return func(self, *args, **kwargs)

      File "/home/zhihao/hdd/marshal/.work/fresh_788339_nova/output/replay-work/formal-opendev-788339--target-788471/target-a1/nova/tests/unit/cmd/test_manage.py", line 1250, in test_map_cell0_default_database_special_characters
    self.commands.map_cell0()

      File "/home/zhihao/hdd/marshal/.work/fresh_788339_nova/output/replay-work/formal-opendev-788339--target-788471/target-a1/nova/cmd/manage.py", line 687, in map_cell0
    self._map_cell0(database_connection=database_connection)

      File "/home/zhihao/hdd/marshal/.work/fresh_788339_nova/output/replay-work/formal-opendev-788339--target-788471/target-a1/nova/cmd/manage.py", line 712, in _map_cell0
    dbc = database_connection or cell0_default_connection()

      File "/home/zhihao/hdd/marshal/.work/fresh_788339_nova/output/replay-work/formal-opendev-788339--target-788471/target-a1/nova/cmd/manage.py", line 709, in cell0_default_connection
    url.database = url.database + '_cell0'

    AttributeError: can't set attribute


Captured pythonlogging:
~~~~~~~~~~~~~~~~~~~~~~~
    2026-08-30 13:25:46,558 WARNING [oslo_policy.policy] JSON formatted policy_file support is deprecated since Victoria release. You need to use YAML format which will be default in future. You can use ``oslopolicy-convert-json-to-yaml`` tool to convert existing JSON-formatted policy file to YAML-formatted in backward compatible way: https://docs.openstack.org/oslo.policy/latest/cli/oslopolicy-convert-json-to-yaml.html.
2026-08-30 13:25:46,558 WARNING [oslo_policy.policy] JSON formatted policy_file support is deprecated since Victoria release. You need to use YAML format which will be default in future. You can use ``oslopolicy-convert-json-to-yaml`` tool to convert existing JSON-formatted policy file to YAML-formatted in backward compatible way: https://docs.openstack.org/oslo.policy/latest/cli/oslopolicy-convert-json-to-yaml.html.
2026-08-30 13:25:46,560 WARNING [oslo_policy.policy] Policy Rules ['os_compute_api:extensions', 'os_compute_api:os-floating-ip-pools', 'os_compute_api:os-quota-sets:defaults', 'os_compute_api:os-availability-zone:list', 'os_compute_api:limits', 'system_admin_api', 'system_reader_api', 'project_admin_api', 'project_member_api', 'project_reader_api', 'system_admin_or_owner', 'system_or_project_reader', 'os_compute_api:limits:other_project', 'os_compute_api:os-lock-server:unlock:unlock_override', 'os_compute_api:servers:create:zero_disk_flavor', 'compute:servers:resize:cross_cell'] specified in policy files are the same as the defaults provided by the service. You can remove these rules from policy files which will make maintenance easier. You can detect these redundant rules by ``oslopolicy-list-redundant`` tool also.


nova.tests.unit.cmd.test_manage.CellV2CommandsTestCase.test_map_cell0_default_database_special_characters_5_mysql_pymysql___test_abcd0123_AB_controller__s_charset_utf8
-----------------------------------------------------------------------------------------------------------------------------------------------------------------------

Captured traceback:
~~~~~~~~~~~~~~~~~~~
    Traceback (most recent call last):

      File "/home/zhihao/hdd/marshal/.work/fresh_788339_nova/output/replay-work/formal-opendev-788339--target-788471/target-a1/.tox/py3/lib/python3.8/site-packages/ddt.py", line 182, in wrapper
    return func(self, *args, **kwargs)

      File "/home/zhihao/hdd/marshal/.work/fresh_788339_nova/output/replay-work/formal-opendev-788339--target-788471/target-a1/nova/tests/unit/cmd/test_manage.py", line 1250, in test_map_cell0_default_database_special_characters
    self.commands.map_cell0()

      File "/home/zhihao/hdd/marshal/.work/fresh_788339_nova/output/replay-work/formal-opendev-788339--target-788471/target-a1/nova/cmd/manage.py", line 687, in map_cell0
    self._map_cell0(database_connection=database_connection)

      File "/home/zhihao/hdd/marshal/.work/fresh_788339_nova/output/replay-work/formal-opendev-788339--target-788471/target-a1/nova/cmd/manage.py", line 712, in _map_cell0
    dbc = database_connection or cell0_default_connection()

      File "/home/zhihao/hdd/marshal/.work/fresh_788339_nova/output/replay-work/formal-opendev-788339--target-788471/target-a1/nova/cmd/manage.py", line 709, in cell0_default_connection
    url.database = url.database + '_cell0'

    AttributeError: can't set attribute


Captured pythonlogging:
~~~~~~~~~~~~~~~~~~~~~~~
[93mReadline features including tab completion have been disabled because
no supported version of readline was found. To resolve this, install
pyreadline on Windows or gnureadline on Mac.

[39m    2026-08-30 13:25:46,558 WARNING [oslo_policy.policy] JSON formatted policy_file support is deprecated since Victoria release. You need to use YAML format which will be default in future. You can use ``oslopolicy-convert-json-to-yaml`` tool to convert existing JSON-formatted policy file to YAML-formatted in backward compatible way: https://docs.openstack.org/oslo.policy/latest/cli/oslopolicy-convert-json-to-yaml.html.
2026-08-30 13:25:46,559 WARNING [oslo_policy.policy] JSON formatted policy_file support is deprecated since Victoria release. You need to use YAML format which will be default in future. You can use ``oslopolicy-convert-json-to-yaml`` tool to convert existing JSON-formatted policy file to YAML-formatted in backward compatible way: https://docs.openstack.org/oslo.policy/latest/cli/oslopolicy-convert-json-to-yaml.html.
2026-08-30 13:25:46,560 WARNING [oslo_policy.policy] Policy Rules ['os_compute_api:extensions', 'os_compute_api:os-floating-ip-pools', 'os_compute_api:os-quota-sets:defaults', 'os_compute_api:os-availability-zone:list', 'os_compute_api:limits', 'system_admin_api', 'system_reader_api', 'project_admin_api', 'project_member_api', 'project_reader_api', 'system_admin_or_owner', 'system_or_project_reader', 'os_compute_api:limits:other_project', 'os_compute_api:os-lock-server:unlock:unlock_override', 'os_compute_api:servers:create:zero_disk_flavor', 'compute:servers:resize:cross_cell'] specified in policy files are the same as the defaults provided by the service. You can remove these rules from policy files which will make maintenance easier. You can detect these redundant rules by ``oslopolicy-list-redundant`` tool also.


nova.tests.unit.cmd.test_manage.CellV2CommandsTestCase.test_map_cell0_default_database_special_characters_1_mysql_pymysql___nova_abcd0123_AB_controller__s
----------------------------------------------------------------------------------------------------------------------------------------------------------

Captured traceback:
~~~~~~~~~~~~~~~~~~~
    Traceback (most recent call last):

      File "/home/zhihao/hdd/marshal/.work/fresh_788339_nova/output/replay-work/formal-opendev-788339--target-788471/target-a1/.tox/py3/lib/python3.8/site-packages/ddt.py", line 182, in wrapper
    return func(self, *args, **kwargs)

      File "/home/zhihao/hdd/marshal/.work/fresh_788339_nova/output/replay-work/formal-opendev-788339--target-788471/target-a1/nova/tests/unit/cmd/test_manage.py", line 1250, in test_map_cell0_default_database_special_characters
    self.commands.map_cell0()

      File "/home/zhihao/hdd/marshal/.work/fresh_788339_nova/output/replay-work/formal-opendev-788339--target-788471/target-a1/nova/cmd/manage.py", line 687, in map_cell0
    self._map_cell0(database_connection=database_connection)

      File "/home/zhihao/hdd/marshal/.work/fresh_788339_nova/output/replay-work/formal-opendev-788339--target-788471/target-a1/nova/cmd/manage.py", line 712, in _map_cell0
    dbc = database_connection or cell0_default_connection()

      File "/home/zhihao/hdd/marshal/.work/fresh_788339_nova/output/replay-work/formal-opendev-788339--target-788471/target-a1/nova/cmd/manage.py", line 709, in cell0_default_connection
    url.database = url.database + '_cell0'

    AttributeError: can't set attribute


Captured pythonlogging:
~~~~~~~~~~~~~~~~~~~~~~~
    2026-08-30 13:25:46,558 WARNING [oslo_policy.policy] JSON formatted policy_file support is deprecated since Victoria release. You need to use YAML format which will be default in future. You can use ``oslopolicy-convert-json-to-yaml`` tool to convert existing JSON-formatted policy file to YAML-formatted in backward compatible way: https://docs.openstack.org/oslo.policy/latest/cli/oslopolicy-convert-json-to-yaml.html.
2026-08-30 13:25:46,558 WARNING [oslo_policy.policy] JSON formatted policy_file support is deprecated since Victoria release. You need to use YAML format which will be default in future. You can use ``oslopolicy-convert-json-to-yaml`` tool to convert existing JSON-formatted policy file to YAML-formatted in backward compatible way: https://docs.openstack.org/oslo.policy/latest/cli/oslopolicy-convert-json-to-yaml.html.
2026-08-30 13:25:46,560 WARNING [oslo_policy.policy] Policy Rules ['os_compute_api:extensions', 'os_compute_api:os-floating-ip-pools', 'os_compute_api:os-quota-sets:defaults', 'os_compute_api:os-availability-zone:list', 'os_compute_api:limits', 'system_admin_api', 'system_reader_api', 'project_admin_api', 'project_member_api', 'project_reader_api', 'system_admin_or_owner', 'system_or_project_reader', 'os_compute_api:limits:other_project', 'os_compute_api:os-lock-server:unlock:unlock_override', 'os_compute_api:servers:create:zero_disk_flavor', 'compute:servers:resize:cross_cell'] specified in policy files are the same as the defaults provided by the service. You can remove these rules from policy files which will make maintenance easier. You can detect these redundant rules by ``oslopolicy-list-redundant`` tool also.



======
Totals
======
Ran: 6 tests in 1.1429 sec.
 - Passed: 0
 - Skipped: 0
 - Expected Fail: 0
 - Unexpected Success: 0
 - Failed: 6
Sum of execute time for each test: 6.7433 sec.

==============
Worker Balance
==============
 - Worker 0 (1 tests) => 0:00:01.142927
 - Worker 1 (1 tests) => 0:00:01.129870
 - Worker 2 (1 tests) => 0:00:01.110356
 - Worker 3 (1 tests) => 0:00:01.142099
 - Worker 4 (1 tests) => 0:00:01.093357
 - Worker 5 (1 tests) => 0:00:01.124657
