.pkg: remove tox env folder /tmp/marshal-requirements-formal-r3.E6I3cJ/consumers/a1/keystone/.tox/.pkg
py313: install_deps> python -I -m pip install '.[ldap]' -r /tmp/marshal-requirements-formal-r3.E6I3cJ/consumers/a1/keystone/test-requirements.txt -c /tmp/marshal-cinder-pilot.XSm5CH/requirements-a1/upper-constraints.txt
.pkg: install_requires> python -I -m pip install 'pbr>=6.1.1'
.pkg: _optional_hooks> python /tmp/marshal-cinder-pilot.XSm5CH/runner-venv/lib/python3.13/site-packages/pyproject_api/_backend.py True pbr.build
.pkg: get_requires_for_build_editable> python /tmp/marshal-cinder-pilot.XSm5CH/runner-venv/lib/python3.13/site-packages/pyproject_api/_backend.py True pbr.build
.pkg: install_requires_for_build_editable> python -I -m pip install 'pbr>=2.0.0'
.pkg: build_editable> python /tmp/marshal-cinder-pilot.XSm5CH/runner-venv/lib/python3.13/site-packages/pyproject_api/_backend.py True pbr.build
py313: install_package_deps> python -I -m pip install 'Flask!=0.11,>=1.0.2' 'Flask-RESTful>=0.3.5' 'PyJWT>=1.6.1' 'SQLAlchemy>=1.4.0' 'WebOb>=1.7.1' 'Werkzeug>=0.15.0' 'bcrypt>=3.1.3' 'cryptography>=2.7' 'dogpile.cache>=1.0.2' 'jsonschema>=3.2.0' 'keystonemiddleware>=7.0.0' 'msgpack>=0.5.0' 'oauthlib>=0.6.2' 'oslo.cache>=1.26.0' 'oslo.config>=6.8.0' 'oslo.context>=2.22.0' 'oslo.db>=6.0.0' 'oslo.i18n>=3.15.3' 'oslo.log>=3.44.0' 'oslo.messaging>=5.29.0' 'oslo.middleware>=3.31.0' 'oslo.policy>=4.5.0' 'oslo.serialization!=2.19.1,>=2.18.0' 'oslo.upgradecheck>=1.3.0' 'oslo.utils>=3.33.0' 'osprofiler>=1.4.0' 'pbr!=2.1.0,>=2.0.0' 'pycadf!=2.0.0,>=1.1.0' 'pysaml2>=5.0.0' 'python-keystoneclient>=3.8.0' 'stevedore>=1.20.0'
py313: install_package> python -I -m pip install --force-reinstall --no-deps /tmp/marshal-requirements-formal-r3.E6I3cJ/consumers/a1/keystone/.tox/.tmp/package/1/keystone-0.0.0-0.editable-py3-none-any.whl
py313: commands[0]> stestr run keystone.tests.unit.common.sql.test_upgrades.TestModelsSyncMySQL.test_models_sync
/tmp/marshal-requirements-formal-r3.E6I3cJ/consumers/a1/keystone/.tox/py313/lib/python3.13/site-packages/oslo_service/backend/_eventlet/loopingcall.py:19: EventletDeprecationWarning: 
Eventlet is deprecated. It is currently being maintained in bugfix mode, and
we strongly recommend against using it for new projects.

If you are already using Eventlet, we recommend migrating to a different
framework.  For more detail see
https://eventlet.readthedocs.io/en/latest/asyncio/migration.html

  from eventlet import event
/tmp/marshal-requirements-formal-r3.E6I3cJ/consumers/a1/keystone/.tox/py313/lib/python3.13/site-packages/oslo_service/backend/_eventlet/loopingcall.py:19: EventletDeprecationWarning: 
Eventlet is deprecated. It is currently being maintained in bugfix mode, and
we strongly recommend against using it for new projects.

If you are already using Eventlet, we recommend migrating to a different
framework.  For more detail see
https://eventlet.readthedocs.io/en/latest/asyncio/migration.html

  from eventlet import event
/tmp/marshal-requirements-formal-r3.E6I3cJ/consumers/a1/keystone/.tox/py313/lib/python3.13/site-packages/alembic/config.py:604: DeprecationWarning: No path_separator found in configuration; falling back to legacy splitting on spaces, commas, and colons for prepend_sys_path.  Consider adding path_separator=os to Alembic config.
  util.warn_deprecated(
/tmp/marshal-requirements-formal-r3.E6I3cJ/consumers/a1/keystone/.tox/py313/lib/python3.13/site-packages/alembic/config.py:552: DeprecationWarning: The version_path_separator configuration parameter is deprecated; please use path_separator
  util.warn_deprecated(
{0} keystone.tests.unit.common.sql.test_upgrades.TestModelsSyncMySQL.test_models_sync [2.680205s] ... ok

======
Totals
======
Ran: 1 tests in 2.6802 sec.
 - Passed: 1
 - Skipped: 0
 - Expected Fail: 0
 - Unexpected Success: 0
 - Failed: 0
Sum of execute time for each test: 2.6802 sec.

==============
Worker Balance
==============
 - Worker 0 (1 tests) => 0:00:02.680205
.pkg: _exit> python /tmp/marshal-cinder-pilot.XSm5CH/runner-venv/lib/python3.13/site-packages/pyproject_api/_backend.py True pbr.build
  py313: OK (46.49=setup[37.03]+cmd[9.47] seconds)
  congratulations :) (46.62 seconds)
