/home/zhihao/hdd/marshal/benchmarks/cross-repo-pr-impact/results/single-case-pipeline-936100-936159-v1-2026-08-26/replay-work/formal-opendev-936100--target-936159/target-a1/.tox/py3/lib/python3.10/site-packages/oslo_i18n/_message.py:173: UserWarning: Failed to insert replacement values into translated message Invalid input for operation: %(error_message)s. (Original: 'Invalid input for operation: %(error_message)s.'): 'error_message'
  warnings.warn(msg % (translated_message, self.msgid, err))
/home/zhihao/hdd/marshal/benchmarks/cross-repo-pr-impact/results/single-case-pipeline-936100-936159-v1-2026-08-26/replay-work/formal-opendev-936100--target-936159/target-a1/.tox/py3/lib/python3.10/site-packages/oslo_i18n/_message.py:173: UserWarning: Failed to insert replacement values into translated message Invalid input for operation: %(error_message)s. (Original: 'Invalid input for operation: %(error_message)s.'): 'error_message'
  warnings.warn(msg % (translated_message, self.msgid, err))
{4} heat.tests.constraints.test_common_constraints.TestISO8601Constraint.test_validate_datetime_format_with_utc_offset [0.282135s] ... ok
{17} heat.tests.constraints.test_common_constraints.JsonStringConstraintTest.test_validation_none [0.229308s] ... ok
{8} heat.tests.constraints.test_common_constraints.TimezoneConstraintTest.test_validation [0.240188s] ... ok
{0} heat.tests.constraints.test_common_constraints.TestIPConstraint.test_validate_ipv4_format [0.301800s] ... ok
{23} heat.tests.constraints.test_common_constraints.TestIPCIDRConstraint.test_invalid_format [0.221518s] ... ok
{32} heat.tests.constraints.test_common_constraints.CRONExpressionConstraint.test_validation [0.221778s] ... ok
{27} heat.tests.constraints.test_common_constraints.JsonStringConstraintTest.test_validation_error [0.218569s] ... ok
{29} heat.tests.constraints.test_common_constraints.ExpirationConstraintTest.test_validation_none [0.220635s] ... ok
{28} heat.tests.constraints.test_common_constraints.TestISO8601Constraint.test_validate_refuses_other_formats [0.219822s] ... ok
{42} heat.tests.constraints.test_common_constraints.FIPDNSNameConstraintTest.test_validation_none [0.220003s] ... ok
{3} heat.tests.constraints.test_common_constraints.TestCIDRConstraint.test_invalid_cidr_format [0.281345s] ... ok
{37} heat.tests.constraints.test_common_constraints.DNSNameConstraintTest.test_validation_none [0.218153s] ... ok
{19} heat.tests.constraints.test_common_constraints.DNSDomainConstraintTest.test_validation [0.250579s] ... ok
{2} heat.tests.constraints.test_common_constraints.TimezoneConstraintTest.test_validation_error [0.272865s] ... ok
{7} heat.tests.constraints.test_common_constraints.TestIPCIDRConstraint.test_validate [0.245401s] ... ok
{10} heat.tests.constraints.test_common_constraints.TestCIDRConstraint.test_validate [0.237546s] ... ok
{1} heat.tests.constraints.test_common_constraints.TestIPConstraint.test_invalidate_ipv4_format [0.219499s] ... ok
{25} heat.tests.constraints.test_common_constraints.DNSNameConstraintTest.test_validation_error_empty_component [0.221703s] ... ok
{31} heat.tests.constraints.test_common_constraints.TestIPCIDRConstraint.test_valid_format [0.251781s] ... ok
{5} heat.tests.constraints.test_common_constraints.TestMACConstraint.test_valid_mac_format [0.299940s] ... ok
{9} heat.tests.constraints.test_common_constraints.TestMACConstraint.test_invalid_mac_format [0.253688s] ... ok
{41} heat.tests.constraints.test_common_constraints.FIPDNSNameConstraintTest.test_validation_error_end_period [0.251650s] ... ok
{15} heat.tests.constraints.test_common_constraints.ExpirationConstraintTest.test_validation_before_current_time [0.251712s] ... ok
{18} heat.tests.constraints.test_common_constraints.CRONExpressionConstraint.test_validation_out_of_range_error [0.221001s] ... ok
{11} heat.tests.constraints.test_common_constraints.TestIPConstraint.test_invalidate_ipv6_format [0.258305s] ... ok
{22} heat.tests.constraints.test_common_constraints.FIPDNSNameConstraintTest.test_validation [0.251264s] ... ok
{38} heat.tests.constraints.test_common_constraints.ExpirationConstraintTest.test_validate_date_format [0.217237s] ... ok
{21} heat.tests.constraints.test_common_constraints.DNSNameConstraintTest.test_validation_error_special_char [0.223463s] ... ok
{6} heat.tests.constraints.test_common_constraints.JsonStringConstraintTest.test_validate_json [0.220837s] ... ok
{40} heat.tests.constraints.test_common_constraints.ExpirationConstraintTest.test_validation_error [0.221104s] ... ok
{35} heat.tests.constraints.test_common_constraints.DNSNameConstraintTest.test_validation [0.223359s] ... ok
{30} heat.tests.constraints.test_common_constraints.TimezoneConstraintTest.test_validation_none [0.225773s] ... ok
{16} heat.tests.constraints.test_common_constraints.DNSNameConstraintTest.test_validation_error_tld_allnumeric [0.249762s] ... ok
{33} heat.tests.constraints.test_common_constraints.TestIPConstraint.test_validate_ipv6_format [0.225502s] ... ok
{14} heat.tests.constraints.test_common_constraints.DNSNameConstraintTest.test_validation_error_hyphen [0.252735s] ... ok
{34} heat.tests.constraints.test_common_constraints.TestISO8601Constraint.test_validate_datetime_format [0.246685s] ... ok
{39} heat.tests.constraints.test_common_constraints.CRONExpressionConstraint.test_validation_none [0.220804s] ... ok
{20} heat.tests.constraints.test_common_constraints.DNSDomainConstraintTest.test_validation_none [0.247497s] ... ok
{24} heat.tests.constraints.test_common_constraints.TestISO8601Constraint.test_validate_date_format [0.248194s] ... ok
{36} heat.tests.constraints.test_common_constraints.TestCIDRConstraint.test_valid_cidr_format [0.214708s] ... ok
{26} heat.tests.constraints.test_common_constraints.TestISO8601Constraint.test_validate_datetime_format_with_utc_offset_alternate [0.247093s] ... ok
{12} heat.tests.constraints.test_common_constraints.DNSDomainConstraintTest.test_validation_error_no_end_period [0.251276s] ... ok
{13} heat.tests.constraints.test_common_constraints.CRONExpressionConstraint.test_validation_columns_length_error [0.260807s] ... FAILED

Captured traceback:
~~~~~~~~~~~~~~~~~~~
    Traceback (most recent call last):

      File "/home/zhihao/hdd/marshal/benchmarks/cross-repo-pr-impact/results/single-case-pipeline-936100-936159-v1-2026-08-26/replay-work/formal-opendev-936100--target-936159/target-a1/heat/tests/constraints/test_common_constraints.py", line 272, in test_validation_columns_length_error
    self.assertIn(expect,

      File "/home/zhihao/hdd/marshal/benchmarks/cross-repo-pr-impact/results/single-case-pipeline-936100-936159-v1-2026-08-26/replay-work/formal-opendev-936100--target-936159/target-a1/.tox/py3/lib/python3.10/site-packages/testtools/testcase.py", line 425, in assertIn
    self.assertThat(haystack, Contains(needle), message)

      File "/home/zhihao/hdd/marshal/benchmarks/cross-repo-pr-impact/results/single-case-pipeline-936100-936159-v1-2026-08-26/replay-work/formal-opendev-936100--target-936159/target-a1/.tox/py3/lib/python3.10/site-packages/testtools/testcase.py", line 509, in assertThat
    raise mismatch_error

    testtools.matchers._impl.MismatchError: 'Invalid CRON expression: Exactly 5 or 6 columns has to be specified for ' not in 'Invalid CRON expression: Exactly 5, 6 or 7 columns has to be specified for iterator expression.'


==============================
Failed 1 tests - output below:
==============================

heat.tests.constraints.test_common_constraints.CRONExpressionConstraint.test_validation_columns_length_error
------------------------------------------------------------------------------------------------------------

Captured traceback:
~~~~~~~~~~~~~~~~~~~
    Traceback (most recent call last):

      File "/home/zhihao/hdd/marshal/benchmarks/cross-repo-pr-impact/results/single-case-pipeline-936100-936159-v1-2026-08-26/replay-work/formal-opendev-936100--target-936159/target-a1/heat/tests/constraints/test_common_constraints.py", line 272, in test_validation_columns_length_error
    self.assertIn(expect,

      File "/home/zhihao/hdd/marshal/benchmarks/cross-repo-pr-impact/results/single-case-pipeline-936100-936159-v1-2026-08-26/replay-work/formal-opendev-936100--target-936159/target-a1/.tox/py3/lib/python3.10/site-packages/testtools/testcase.py", line 425, in assertIn
    self.assertThat(haystack, Contains(needle), message)

      File "/home/zhihao/hdd/marshal/benchmarks/cross-repo-pr-impact/results/single-case-pipeline-936100-936159-v1-2026-08-26/replay-work/formal-opendev-936100--target-936159/target-a1/.tox/py3/lib/python3.10/site-packages/testtools/testcase.py", line 509, in assertThat
    raise mismatch_error

    testtools.matchers._impl.MismatchError: 'Invalid CRON expression: Exactly 5 or 6 columns has to be specified for ' not in 'Invalid CRON expression: Exactly 5, 6 or 7 columns has to be specified for iterator expression.'



======
Totals
======
Ran: 43 tests in 0.5065 sec.
 - Passed: 42
 - Skipped: 0
 - Expected Fail: 0
 - Unexpected Success: 0
 - Failed: 1
Sum of execute time for each test: 10.3590 sec.

==============
Worker Balance
==============
 - Worker 0 (1 tests) => 0:00:00.301800
 - Worker 1 (1 tests) => 0:00:00.219499
 - Worker 2 (1 tests) => 0:00:00.272865
 - Worker 3 (1 tests) => 0:00:00.281345
 - Worker 4 (1 tests) => 0:00:00.282135
 - Worker 5 (1 tests) => 0:00:00.299940
 - Worker 6 (1 tests) => 0:00:00.220837
 - Worker 7 (1 tests) => 0:00:00.245401
 - Worker 8 (1 tests) => 0:00:00.240188
 - Worker 9 (1 tests) => 0:00:00.253688
 - Worker 10 (1 tests) => 0:00:00.237546
 - Worker 11 (1 tests) => 0:00:00.258305
 - Worker 12 (1 tests) => 0:00:00.251276
 - Worker 13 (1 tests) => 0:00:00.260807
 - Worker 14 (1 tests) => 0:00:00.252735
 - Worker 15 (1 tests) => 0:00:00.251712
 - Worker 16 (1 tests) => 0:00:00.249762
 - Worker 17 (1 tests) => 0:00:00.229308
 - Worker 18 (1 tests) => 0:00:00.221001
 - Worker 19 (1 tests) => 0:00:00.250579
 - Worker 20 (1 tests) => 0:00:00.247497
 - Worker 21 (1 tests) => 0:00:00.223463
 - Worker 22 (1 tests) => 0:00:00.251264
 - Worker 23 (1 tests) => 0:00:00.221518
 - Worker 24 (1 tests) => 0:00:00.248194
 - Worker 25 (1 tests) => 0:00:00.221703
 - Worker 26 (1 tests) => 0:00:00.247093
 - Worker 27 (1 tests) => 0:00:00.218569
 - Worker 28 (1 tests) => 0:00:00.219822
 - Worker 29 (1 tests) => 0:00:00.220635
 - Worker 30 (1 tests) => 0:00:00.225773
 - Worker 31 (1 tests) => 0:00:00.251781
 - Worker 32 (1 tests) => 0:00:00.221778
 - Worker 33 (1 tests) => 0:00:00.225502
 - Worker 34 (1 tests) => 0:00:00.246685
 - Worker 35 (1 tests) => 0:00:00.223359
 - Worker 36 (1 tests) => 0:00:00.214708
 - Worker 37 (1 tests) => 0:00:00.218153
 - Worker 38 (1 tests) => 0:00:00.217237
 - Worker 39 (1 tests) => 0:00:00.220804
 - Worker 40 (1 tests) => 0:00:00.221104
 - Worker 41 (1 tests) => 0:00:00.251650
 - Worker 42 (1 tests) => 0:00:00.220003
