[INFO] Scanning for projects...
[INFO] Inspecting build with total of 1 modules...
[INFO] Installing Nexus Staging features:
[INFO]   ... total of 1 executions of maven-deploy-plugin replaced with nexus-staging-maven-plugin
Downloading from central: https://repo.maven.apache.org/maven2/org/apache/maven/plugins/maven-install-plugin/3.1.3/maven-install-plugin-3.1.3.pom
Progress (1): 792 B
Progress (1): 1.8 kB
Progress (1): 3.7 kB
Progress (1): 7.5 kB
Progress (1): 8.1 kB
                    
Downloaded from central: https://repo.maven.apache.org/maven2/org/apache/maven/plugins/maven-install-plugin/3.1.3/maven-install-plugin-3.1.3.pom (8.1 kB at 7.9 kB/s)
Downloading from central: https://repo.maven.apache.org/maven2/org/apache/maven/plugins/maven-plugins/43/maven-plugins-43.pom
Progress (1): 773 B
Progress (1): 1.8 kB
Progress (1): 4.3 kB
Progress (1): 6.8 kB
Progress (1): 7.5 kB
                    
Downloaded from central: https://repo.maven.apache.org/maven2/org/apache/maven/plugins/maven-plugins/43/maven-plugins-43.pom (7.5 kB at 34 kB/s)
Downloading from central: https://repo.maven.apache.org/maven2/org/apache/maven/maven-parent/43/maven-parent-43.pom
Progress (1): 780 B
Progress (1): 1.7 kB
Progress (1): 4.9 kB
Progress (1): 7.7 kB
Progress (1): 12 kB 
Progress (1): 16 kB
Progress (1): 19 kB
Progress (1): 23 kB
Progress (1): 26 kB
Progress (1): 27 kB
Progress (1): 30 kB
Progress (1): 33 kB
Progress (1): 36 kB
Progress (1): 39 kB
Progress (1): 42 kB
Progress (1): 44 kB
Progress (1): 48 kB
Progress (1): 50 kB
                   
Downloaded from central: https://repo.maven.apache.org/maven2/org/apache/maven/maven-parent/43/maven-parent-43.pom (50 kB at 229 kB/s)
Downloading from central: https://repo.maven.apache.org/maven2/org/apache/apache/33/apache-33.pom
Progress (1): 741 B
Progress (1): 2.1 kB
Progress (1): 3.2 kB
Progress (1): 5.0 kB
Progress (1): 8.0 kB
Progress (1): 12 kB 
Progress (1): 17 kB
Progress (1): 20 kB
Progress (1): 22 kB
Progress (1): 24 kB
                   
Downloaded from central: https://repo.maven.apache.org/maven2/org/apache/apache/33/apache-33.pom (24 kB at 111 kB/s)
Downloading from central: https://repo.maven.apache.org/maven2/org/junit/junit-bom/5.10.3/junit-bom-5.10.3.pom
Progress (1): 908 B
Progress (1): 2.2 kB
Progress (1): 5.6 kB
                    
Downloaded from central: https://repo.maven.apache.org/maven2/org/junit/junit-bom/5.10.3/junit-bom-5.10.3.pom (5.6 kB at 26 kB/s)
Downloading from central: https://repo.maven.apache.org/maven2/org/apache/maven/plugins/maven-install-plugin/3.1.3/maven-install-plugin-3.1.3.jar
Progress (1): 0.9/33 kB
Progress (1): 2.3/33 kB
Progress (1): 3.6/33 kB
Progress (1): 5.0/33 kB
Progress (1): 6.4/33 kB
Progress (1): 7.7/33 kB
Progress (1): 9.1/33 kB
Progress (1): 10/33 kB 
Progress (1): 12/33 kB
Progress (1): 13/33 kB
Progress (1): 15/33 kB
Progress (1): 16/33 kB
Progress (1): 17/33 kB
Progress (1): 19/33 kB
Progress (1): 20/33 kB
Progress (1): 21/33 kB
Progress (1): 23/33 kB
Progress (1): 24/33 kB
Progress (1): 28/33 kB
Progress (1): 33/33 kB
Progress (1): 33 kB   
                   
Downloaded from central: https://repo.maven.apache.org/maven2/org/apache/maven/plugins/maven-install-plugin/3.1.3/maven-install-plugin-3.1.3.jar (33 kB at 54 kB/s)
[INFO] 
[INFO] ----------------------< org.assertj:assertj-core >----------------------
[INFO] Building AssertJ fluent assertions 3.22.0
[INFO]   from pom.xml
[INFO] --------------------------------[ jar ]---------------------------------
[INFO] 
[INFO] --- install:3.1.3:install-file (default-cli) @ assertj-core ---
Downloading from central: https://repo.maven.apache.org/maven2/org/apache/maven/resolver/maven-resolver-util/1.9.18/maven-resolver-util-1.9.18.pom
Progress (1): 830 B
Progress (1): 2.7 kB
Progress (1): 2.9 kB
                    
Downloaded from central: https://repo.maven.apache.org/maven2/org/apache/maven/resolver/maven-resolver-util/1.9.18/maven-resolver-util-1.9.18.pom (2.9 kB at 14 kB/s)
Downloading from central: https://repo.maven.apache.org/maven2/org/apache/maven/resolver/maven-resolver/1.9.18/maven-resolver-1.9.18.pom
Progress (1): 791 B
Progress (1): 2.5 kB
Progress (1): 4.1 kB
Progress (1): 8.2 kB
Progress (1): 11 kB 
Progress (1): 15 kB
Progress (1): 19 kB
Progress (1): 22 kB
Progress (1): 22 kB
                   
Downloaded from central: https://repo.maven.apache.org/maven2/org/apache/maven/resolver/maven-resolver/1.9.18/maven-resolver-1.9.18.pom (22 kB at 23 kB/s)
Downloading from central: https://repo.maven.apache.org/maven2/org/apache/maven/resolver/maven-resolver-api/1.9.18/maven-resolver-api-1.9.18.pom
Progress (1): 831 B
Progress (1): 2.6 kB
Progress (1): 2.7 kB
                    
Downloaded from central: https://repo.maven.apache.org/maven2/org/apache/maven/resolver/maven-resolver-api/1.9.18/maven-resolver-api-1.9.18.pom (2.7 kB at 6.2 kB/s)
Downloading from central: https://repo.maven.apache.org/maven2/org/codehaus/plexus/plexus-xml/3.0.1/plexus-xml-3.0.1.pom
Progress (1): 814 B
Progress (1): 2.6 kB
Progress (1): 3.7 kB
                    
Downloaded from central: https://repo.maven.apache.org/maven2/org/codehaus/plexus/plexus-xml/3.0.1/plexus-xml-3.0.1.pom (3.7 kB at 8.5 kB/s)
Downloading from central: https://repo.maven.apache.org/maven2/org/codehaus/plexus/plexus/18/plexus-18.pom
Progress (1): 692 B
Progress (1): 2.5 kB
Progress (1): 6.4 kB
Progress (1): 8.9 kB
Progress (1): 10 kB 
Progress (1): 14 kB
Progress (1): 18 kB
Progress (1): 19 kB
Progress (1): 22 kB
Progress (1): 26 kB
Progress (1): 29 kB
                   
Downloaded from central: https://repo.maven.apache.org/maven2/org/codehaus/plexus/plexus/18/plexus-18.pom (29 kB at 115 kB/s)
Downloading from central: https://repo.maven.apache.org/maven2/org/apache/maven/resolver/maven-resolver-util/1.9.18/maven-resolver-util-1.9.18.jar
Progress (1): 4.2/196 kB
Progress (1): 8.5/196 kB
Progress (1): 13/196 kB 
Progress (1): 17/196 kB
Progress (1): 21/196 kB
Progress (1): 25/196 kB
Progress (1): 30/196 kB
Progress (1): 34/196 kB
Progress (1): 38/196 kB
Progress (1): 42/196 kB
Progress (1): 47/196 kB
Progress (1): 51/196 kB
Progress (1): 55/196 kB
Progress (1): 59/196 kB
Progress (1): 63/196 kB
Progress (1): 68/196 kB
Progress (1): 72/196 kB
Progress (1): 76/196 kB
Progress (1): 80/196 kB
Progress (1): 85/196 kB
Progress (1): 89/196 kB
Progress (1): 93/196 kB
Progress (1): 97/196 kB
Progress (1): 114/196 kB
Progress (1): 130/196 kB
Progress (1): 131/196 kB
Progress (1): 147/196 kB
Progress (1): 164/196 kB
Progress (1): 180/196 kB
Progress (1): 196 kB    
                    
Downloaded from central: https://repo.maven.apache.org/maven2/org/apache/maven/resolver/maven-resolver-util/1.9.18/maven-resolver-util-1.9.18.jar (196 kB at 128 kB/s)
Downloading from central: https://repo.maven.apache.org/maven2/org/apache/maven/resolver/maven-resolver-api/1.9.18/maven-resolver-api-1.9.18.jar
Downloading from central: https://repo.maven.apache.org/maven2/org/codehaus/plexus/plexus-xml/3.0.1/plexus-xml-3.0.1.jar
Progress (1): 7.7/94 kB
Progress (1): 16/94 kB 
Progress (1): 32/94 kB
Progress (1): 49/94 kB
Progress (2): 49/94 kB | 0.9/157 kB
Progress (2): 49/94 kB | 2.3/157 kB
Progress (2): 49/94 kB | 3.6/157 kB
Progress (2): 49/94 kB | 5.0/157 kB
Progress (2): 49/94 kB | 6.4/157 kB
Progress (2): 49/94 kB | 7.7/157 kB
Progress (2): 49/94 kB | 9.1/157 kB
Progress (2): 49/94 kB | 10/157 kB 
Progress (2): 49/94 kB | 12/157 kB
Progress (2): 49/94 kB | 13/157 kB
Progress (2): 49/94 kB | 15/157 kB
Progress (2): 49/94 kB | 16/157 kB
Progress (2): 49/94 kB | 17/157 kB
Progress (2): 49/94 kB | 19/157 kB
Progress (2): 49/94 kB | 20/157 kB
Progress (2): 49/94 kB | 21/157 kB
Progress (2): 49/94 kB | 23/157 kB
Progress (2): 49/94 kB | 24/157 kB
Progress (2): 49/94 kB | 26/157 kB
Progress (2): 49/94 kB | 27/157 kB
Progress (2): 49/94 kB | 28/157 kB
Progress (2): 49/94 kB | 30/157 kB
Progress (2): 49/94 kB | 31/157 kB
Progress (2): 49/94 kB | 32/157 kB
Progress (2): 49/94 kB | 34/157 kB
Progress (2): 49/94 kB | 35/157 kB
Progress (2): 49/94 kB | 36/157 kB
Progress (2): 49/94 kB | 38/157 kB
Progress (2): 49/94 kB | 39/157 kB
Progress (2): 49/94 kB | 41/157 kB
Progress (2): 49/94 kB | 42/157 kB
Progress (2): 49/94 kB | 43/157 kB
Progress (2): 49/94 kB | 45/157 kB
Progress (2): 65/94 kB | 45/157 kB
Progress (2): 81/94 kB | 45/157 kB
Progress (2): 94 kB | 45/157 kB   
                               
Downloaded from central: https://repo.maven.apache.org/maven2/org/codehaus/plexus/plexus-xml/3.0.1/plexus-xml-3.0.1.jar (94 kB at 150 kB/s)
Progress (1): 46/157 kB
Progress (1): 47/157 kB
Progress (1): 49/157 kB
Progress (1): 50/157 kB
Progress (1): 52/157 kB
Progress (1): 53/157 kB
Progress (1): 54/157 kB
Progress (1): 56/157 kB
Progress (1): 60/157 kB
Progress (1): 64/157 kB
Progress (1): 68/157 kB
Progress (1): 73/157 kB
Progress (1): 77/157 kB
Progress (1): 81/157 kB
Progress (1): 85/157 kB
Progress (1): 89/157 kB
Progress (1): 94/157 kB
Progress (1): 98/157 kB
Progress (1): 102/157 kB
Progress (1): 106/157 kB
Progress (1): 111/157 kB
Progress (1): 115/157 kB
Progress (1): 119/157 kB
Progress (1): 123/157 kB
Progress (1): 128/157 kB
Progress (1): 131/157 kB
Progress (1): 135/157 kB
Progress (1): 139/157 kB
Progress (1): 143/157 kB
Progress (1): 147/157 kB
Progress (1): 152/157 kB
Progress (1): 156/157 kB
Progress (1): 157 kB    
                    
Downloaded from central: https://repo.maven.apache.org/maven2/org/apache/maven/resolver/maven-resolver-api/1.9.18/maven-resolver-api-1.9.18.jar (157 kB at 126 kB/s)
[INFO] Installing /home/zhihao/hdd/marshal/benchmarks/cross-repo-pr-impact/results/single-case-pipeline-assertj-2477-vavr-181-v4-2026-08-27/replay-work/formal-github-assertj-2477--target-vavr-181/source-a1/target/assertj-core-3.22.0.jar to /home/zhihao/hdd/marshal/benchmarks/cross-repo-pr-impact/results/single-case-pipeline-assertj-2477-vavr-181-v4-2026-08-27/replay-work/formal-github-assertj-2477--target-vavr-181/m2-a1/org/assertj/assertj-core/3.22.0/assertj-core-3.22.0.jar
[INFO] Installing /home/zhihao/hdd/marshal/benchmarks/cross-repo-pr-impact/results/single-case-pipeline-assertj-2477-vavr-181-v4-2026-08-27/replay-work/formal-github-assertj-2477--target-vavr-181/source-a1/pom.xml to /home/zhihao/hdd/marshal/benchmarks/cross-repo-pr-impact/results/single-case-pipeline-assertj-2477-vavr-181-v4-2026-08-27/replay-work/formal-github-assertj-2477--target-vavr-181/m2-a1/org/assertj/assertj-core/3.22.0/assertj-core-3.22.0.pom
[INFO] ------------------------------------------------------------------------
[INFO] BUILD SUCCESS
[INFO] ------------------------------------------------------------------------
[INFO] Total time:  8.701 s
[INFO] Finished at: 2026-08-27T00:33:30+08:00
[INFO] ------------------------------------------------------------------------
