[INFO] Scanning for projects...
[INFO] Inspecting build with total of 1 modules...
[INFO] Installing Nexus Staging features:
[INFO]   ... total of 1 executions of maven-deploy-plugin replaced with nexus-staging-maven-plugin
[INFO] 
[INFO] ----------------------< org.assertj:assertj-core >----------------------
[INFO] Building AssertJ fluent assertions 3.22.0
[INFO]   from pom.xml
[INFO] --------------------------------[ jar ]---------------------------------
[INFO] 
[INFO] --- enforcer:3.0.0:enforce (enforce-maven) @ assertj-core ---
[INFO] 
[INFO] --- enforcer:3.0.0:enforce (enforce-java-and-dependencies) @ assertj-core ---
[WARNING] 6 problems were encountered while building the effective model for org.openjfx:javafx-base:jar:17.0.1
[INFO] 
[INFO] --- yuicompressor:1.5.1:compress (default) @ assertj-core ---
[INFO] assertj-javadoc.css (23682b) -> assertj-javadoc-min.css (17431b)[73%]
[INFO] total input (23682b) -> output (17431b)[73%]
[INFO] nb warnings: 0, nb errors: 0
[INFO] 
[INFO] --- resources:3.2.0:resources (default-resources) @ assertj-core ---
[INFO] Using 'UTF-8' encoding to copy filtered resources.
[INFO] Using 'UTF-8' encoding to copy filtered properties files.
[INFO] skip non existing resourceDirectory /home/zhihao/hdd/marshal/benchmarks/cross-repo-pr-impact/results/single-case-pipeline-assertj-2477-vavr-181-v4-2026-08-27/replay-work/formal-github-assertj-2477--target-vavr-181/source-a0/src/main/resources
[INFO] 
[INFO] --- compiler:3.9.0:compile (default-compile) @ assertj-core ---
[INFO] Changes detected - recompiling the module!
[INFO] Compiling 725 source files to /home/zhihao/hdd/marshal/benchmarks/cross-repo-pr-impact/results/single-case-pipeline-assertj-2477-vavr-181-v4-2026-08-27/replay-work/formal-github-assertj-2477--target-vavr-181/source-a0/target/classes
[INFO] /home/zhihao/hdd/marshal/benchmarks/cross-repo-pr-impact/results/single-case-pipeline-assertj-2477-vavr-181-v4-2026-08-27/replay-work/formal-github-assertj-2477--target-vavr-181/source-a0/src/main/java/org/assertj/core/api/AbstractIterableAssert.java: Some input files use or override a deprecated API.
[INFO] /home/zhihao/hdd/marshal/benchmarks/cross-repo-pr-impact/results/single-case-pipeline-assertj-2477-vavr-181-v4-2026-08-27/replay-work/formal-github-assertj-2477--target-vavr-181/source-a0/src/main/java/org/assertj/core/api/AbstractIterableAssert.java: Recompile with -Xlint:deprecation for details.
[INFO] /home/zhihao/hdd/marshal/benchmarks/cross-repo-pr-impact/results/single-case-pipeline-assertj-2477-vavr-181-v4-2026-08-27/replay-work/formal-github-assertj-2477--target-vavr-181/source-a0/src/main/java/org/assertj/core/api/ObjectEnumerableAssert.java: Some input files use unchecked or unsafe operations.
[INFO] /home/zhihao/hdd/marshal/benchmarks/cross-repo-pr-impact/results/single-case-pipeline-assertj-2477-vavr-181-v4-2026-08-27/replay-work/formal-github-assertj-2477--target-vavr-181/source-a0/src/main/java/org/assertj/core/api/ObjectEnumerableAssert.java: Recompile with -Xlint:unchecked for details.
[INFO] 
[INFO] --- compiler:3.9.0:compile (jdk9) @ assertj-core ---
[WARNING]  Parameter 'compileSourceRoots' is read-only, must not be used in configuration
[INFO] Changes detected - recompiling the module!
[INFO] Compiling 1 source file to /home/zhihao/hdd/marshal/benchmarks/cross-repo-pr-impact/results/single-case-pipeline-assertj-2477-vavr-181-v4-2026-08-27/replay-work/formal-github-assertj-2477--target-vavr-181/source-a0/target/classes/META-INF/versions/9
[INFO] 
[INFO] --- resources:3.2.0:testResources (default-testResources) @ assertj-core ---
[INFO] Not copying test resources
[INFO] 
[INFO] --- compiler:3.9.0:testCompile (default-testCompile) @ assertj-core ---
[INFO] Not compiling test sources
[INFO] 
[INFO] --- bnd:6.1.0:bnd-process-tests (bnd-process-tests) @ assertj-core ---
[INFO] 
[INFO] --- surefire:2.22.2:test (default-test) @ assertj-core ---
[INFO] Tests are skipped.
[INFO] 
[INFO] --- jar:3.2.2:jar (default-jar) @ assertj-core ---
[INFO] Building jar: /home/zhihao/hdd/marshal/benchmarks/cross-repo-pr-impact/results/single-case-pipeline-assertj-2477-vavr-181-v4-2026-08-27/replay-work/formal-github-assertj-2477--target-vavr-181/source-a0/target/assertj-core-3.22.0.jar
[INFO] 
[INFO] --- shade:3.2.4:shade (bytebuddy) @ assertj-core ---
[INFO] Including net.bytebuddy:byte-buddy:jar:1.12.7 in the shaded jar.
[INFO] Replacing original artifact with shaded artifact.
[INFO] Replacing /home/zhihao/hdd/marshal/benchmarks/cross-repo-pr-impact/results/single-case-pipeline-assertj-2477-vavr-181-v4-2026-08-27/replay-work/formal-github-assertj-2477--target-vavr-181/source-a0/target/assertj-core-3.22.0.jar with /home/zhihao/hdd/marshal/benchmarks/cross-repo-pr-impact/results/single-case-pipeline-assertj-2477-vavr-181-v4-2026-08-27/replay-work/formal-github-assertj-2477--target-vavr-181/source-a0/target/assertj-core-3.22.0-shaded.jar
[INFO] Dependency-reduced POM written at: /home/zhihao/hdd/marshal/benchmarks/cross-repo-pr-impact/results/single-case-pipeline-assertj-2477-vavr-181-v4-2026-08-27/replay-work/formal-github-assertj-2477--target-vavr-181/source-a0/dependency-reduced-pom.xml
[INFO] 
[INFO] --- dependency:3.7.0:unpack (unpack-shade) @ assertj-core ---
[INFO] Configured Artifact: org.assertj:assertj-core:3.22.0:jar
[INFO] 
[INFO] --- bnd:6.1.0:bnd-process (bundle-after-unpack-shaded) @ assertj-core ---
[WARNING] /home/zhihao/hdd/marshal/benchmarks/cross-repo-pr-impact/results/single-case-pipeline-assertj-2477-vavr-181-v4-2026-08-27/replay-work/formal-github-assertj-2477--target-vavr-181/source-a0/dependency-reduced-pom.xml [0:0]: Export org.assertj.core.api,  has 2,  private references [org.assertj.core.internal, org.assertj.core.internal.bytebuddy.implementation.bind.annotation]
[WARNING] /home/zhihao/hdd/marshal/benchmarks/cross-repo-pr-impact/results/single-case-pipeline-assertj-2477-vavr-181-v4-2026-08-27/replay-work/formal-github-assertj-2477--target-vavr-181/source-a0/dependency-reduced-pom.xml [0:0]: Export org.assertj.core.api.recursive.comparison,  has 1,  private references [org.assertj.core.internal]
[WARNING] /home/zhihao/hdd/marshal/benchmarks/cross-repo-pr-impact/results/single-case-pipeline-assertj-2477-vavr-181-v4-2026-08-27/replay-work/formal-github-assertj-2477--target-vavr-181/source-a0/dependency-reduced-pom.xml [0:0]: Export org.assertj.core.error,  has 1,  private references [org.assertj.core.internal]
[WARNING] /home/zhihao/hdd/marshal/benchmarks/cross-repo-pr-impact/results/single-case-pipeline-assertj-2477-vavr-181-v4-2026-08-27/replay-work/formal-github-assertj-2477--target-vavr-181/source-a0/dependency-reduced-pom.xml [0:0]: Export org.assertj.core.presentation,  has 1,  private references [org.assertj.core.internal]
[INFO] 
[INFO] --- antrun:3.0.0:run (remove-primary-artifact) @ assertj-core ---
[INFO] Executing tasks
[INFO] Executed tasks
[INFO] 
[INFO] --- jar:3.2.2:jar (final-jar) @ assertj-core ---
[INFO] Building jar: /home/zhihao/hdd/marshal/benchmarks/cross-repo-pr-impact/results/single-case-pipeline-assertj-2477-vavr-181-v4-2026-08-27/replay-work/formal-github-assertj-2477--target-vavr-181/source-a0/target/assertj-core-3.22.0.jar
[INFO] 
[INFO] --- jar:3.2.2:test-jar (test-jar) @ assertj-core ---
[INFO] Skipping packaging of the test-jar
[INFO] 
[INFO] --- source:3.2.1:jar-no-fork (attach-sources) @ assertj-core ---
[INFO] Building jar: /home/zhihao/hdd/marshal/benchmarks/cross-repo-pr-impact/results/single-case-pipeline-assertj-2477-vavr-181-v4-2026-08-27/replay-work/formal-github-assertj-2477--target-vavr-181/source-a0/target/assertj-core-3.22.0-sources.jar
[INFO] ------------------------------------------------------------------------
[INFO] BUILD SUCCESS
[INFO] ------------------------------------------------------------------------
[INFO] Total time:  21.837 s
[INFO] Finished at: 2026-08-27T00:32:50+08:00
[INFO] ------------------------------------------------------------------------
