[INFO] Scanning for projects...
[INFO] 
[INFO] ---------------------------< com.lpvs:lpvs >----------------------------
[INFO] Building lpvs 1.0.1
[INFO]   from pom.xml
[INFO] --------------------------------[ jar ]---------------------------------
[INFO] Downloading from central: https://repo.maven.apache.org/maven2/org/springframework/spring-core/6.0.2/spring-core-6.0.2.pom
[INFO] Downloaded from central: https://repo.maven.apache.org/maven2/org/springframework/spring-core/6.0.2/spring-core-6.0.2.pom (2.0 kB at 256 B/s)
[INFO] Downloading from central: https://repo.maven.apache.org/maven2/org/springframework/spring-core/6.0.2/spring-core-6.0.2.jar
[INFO] Downloaded from central: https://repo.maven.apache.org/maven2/org/springframework/spring-core/6.0.2/spring-core-6.0.2.jar (1.8 MB at 24 kB/s)
[INFO] 
[INFO] --- clean:3.2.0:clean (default-clean) @ lpvs ---
[INFO] Deleting /home/zhihao/hdd/tmp-spring-core-20260824/repos/marshal-spring-core-lpvs-20260824/target
[INFO] 
[INFO] --- jacoco:0.8.8:prepare-agent (default) @ lpvs ---
[INFO] argLine set to -javaagent:/home/zhihao/hdd/tmp-spring-core-20260824/m2/lpvs/org/jacoco/org.jacoco.agent/0.8.8/org.jacoco.agent-0.8.8-runtime.jar=destfile=/home/zhihao/hdd/tmp-spring-core-20260824/repos/marshal-spring-core-lpvs-20260824/target/jacoco.exec
[INFO] 
[INFO] --- resources:3.2.0:resources (default-resources) @ lpvs ---
[INFO] Using 'UTF-8' encoding to copy filtered resources.
[INFO] Using 'UTF-8' encoding to copy filtered properties files.
[INFO] Copying 1 resource
[INFO] Copying 1 resource
[INFO] 
[INFO] --- compiler:3.10.1:compile (default-compile) @ lpvs ---
[INFO] Changes detected - recompiling the module!
[INFO] Compiling 15 source files to /home/zhihao/hdd/tmp-spring-core-20260824/repos/marshal-spring-core-lpvs-20260824/target/classes
[INFO] -------------------------------------------------------------
[WARNING] COMPILATION WARNING : 
[INFO] -------------------------------------------------------------
[WARNING] Cannot find annotation method 'annotation()' in type 'org.springframework.core.annotation.AliasFor': bad class file: /home/zhihao/hdd/tmp-spring-core-20260824/m2/lpvs/org/springframework/spring-core/6.0.2/spring-core-6.0.2.jar(/org/springframework/core/annotation/AliasFor.class)
    class file has wrong version 61.0, should be 55.0
    Please remove or make sure it appears in the correct subdirectory of the classpath.
[WARNING] Cannot find annotation method 'value()' in type 'org.springframework.core.annotation.AliasFor'
[WARNING] Cannot find annotation method 'value()' in type 'org.springframework.core.annotation.AliasFor'
[WARNING] Cannot find annotation method 'annotation()' in type 'org.springframework.core.annotation.AliasFor'
[WARNING] Cannot find annotation method 'annotation()' in type 'org.springframework.core.annotation.AliasFor'
[WARNING] Cannot find annotation method 'annotation()' in type 'org.springframework.core.annotation.AliasFor'
[WARNING] Cannot find annotation method 'attribute()' in type 'org.springframework.core.annotation.AliasFor'
[WARNING] Cannot find annotation method 'annotation()' in type 'org.springframework.core.annotation.AliasFor'
[WARNING] Cannot find annotation method 'attribute()' in type 'org.springframework.core.annotation.AliasFor'
[WARNING] Cannot find annotation method 'annotation()' in type 'org.springframework.core.annotation.AliasFor'
[WARNING] Cannot find annotation method 'attribute()' in type 'org.springframework.core.annotation.AliasFor'
[WARNING] Cannot find annotation method 'annotation()' in type 'org.springframework.core.annotation.AliasFor'
[WARNING] Cannot find annotation method 'value()' in type 'org.springframework.core.annotation.AliasFor'
[WARNING] Cannot find annotation method 'value()' in type 'org.springframework.core.annotation.AliasFor'
[WARNING] Cannot find annotation method 'annotation()' in type 'org.springframework.core.annotation.AliasFor'
[WARNING] Cannot find annotation method 'value()' in type 'org.springframework.core.annotation.AliasFor'
[WARNING] Cannot find annotation method 'value()' in type 'org.springframework.core.annotation.AliasFor'
[WARNING] Cannot find annotation method 'value()' in type 'org.springframework.core.annotation.AliasFor'
[WARNING] Cannot find annotation method 'value()' in type 'org.springframework.core.annotation.AliasFor'
[WARNING] Cannot find annotation method 'value()' in type 'org.springframework.core.annotation.AliasFor'
[WARNING] Cannot find annotation method 'value()' in type 'org.springframework.core.annotation.AliasFor'
[WARNING] Cannot find annotation method 'value()' in type 'org.springframework.core.annotation.AliasFor'
[WARNING] Cannot find annotation method 'value()' in type 'org.springframework.core.annotation.AliasFor'
[WARNING] Cannot find annotation method 'annotation()' in type 'org.springframework.core.annotation.AliasFor'
[WARNING] Cannot find annotation method 'annotation()' in type 'org.springframework.core.annotation.AliasFor'
[WARNING] Cannot find annotation method 'attribute()' in type 'org.springframework.core.annotation.AliasFor'
[WARNING] Cannot find annotation method 'annotation()' in type 'org.springframework.core.annotation.AliasFor'
[WARNING] Cannot find annotation method 'attribute()' in type 'org.springframework.core.annotation.AliasFor'
[WARNING] Cannot find annotation method 'annotation()' in type 'org.springframework.core.annotation.AliasFor'
[WARNING] Cannot find annotation method 'attribute()' in type 'org.springframework.core.annotation.AliasFor'
[WARNING] Cannot find annotation method 'annotation()' in type 'org.springframework.core.annotation.AliasFor'
[WARNING] Cannot find annotation method 'attribute()' in type 'org.springframework.core.annotation.AliasFor'
[WARNING] Cannot find annotation method 'annotation()' in type 'org.springframework.core.annotation.AliasFor'
[WARNING] Cannot find annotation method 'annotation()' in type 'org.springframework.core.annotation.AliasFor': bad class file: /home/zhihao/hdd/tmp-spring-core-20260824/m2/lpvs/org/springframework/spring-core/6.0.2/spring-core-6.0.2.jar(/org/springframework/core/annotation/AliasFor.class)
    class file has wrong version 61.0, should be 55.0
    Please remove or make sure it appears in the correct subdirectory of the classpath.
[WARNING] Cannot find annotation method 'value()' in type 'org.springframework.core.annotation.AliasFor'
[WARNING] Cannot find annotation method 'value()' in type 'org.springframework.core.annotation.AliasFor'
[WARNING] Cannot find annotation method 'annotation()' in type 'org.springframework.core.annotation.AliasFor'
[WARNING] Cannot find annotation method 'annotation()' in type 'org.springframework.core.annotation.AliasFor'
[WARNING] Cannot find annotation method 'annotation()' in type 'org.springframework.core.annotation.AliasFor'
[WARNING] Cannot find annotation method 'attribute()' in type 'org.springframework.core.annotation.AliasFor'
[WARNING] Cannot find annotation method 'annotation()' in type 'org.springframework.core.annotation.AliasFor'
[WARNING] Cannot find annotation method 'attribute()' in type 'org.springframework.core.annotation.AliasFor'
[WARNING] Cannot find annotation method 'annotation()' in type 'org.springframework.core.annotation.AliasFor'
[WARNING] Cannot find annotation method 'attribute()' in type 'org.springframework.core.annotation.AliasFor'
[WARNING] Cannot find annotation method 'annotation()' in type 'org.springframework.core.annotation.AliasFor'
[WARNING] Cannot find annotation method 'value()' in type 'org.springframework.core.annotation.AliasFor'
[WARNING] Cannot find annotation method 'value()' in type 'org.springframework.core.annotation.AliasFor'
[WARNING] Cannot find annotation method 'annotation()' in type 'org.springframework.core.annotation.AliasFor'
[WARNING] Cannot find annotation method 'value()' in type 'org.springframework.core.annotation.AliasFor'
[WARNING] Cannot find annotation method 'value()' in type 'org.springframework.core.annotation.AliasFor'
[WARNING] Cannot find annotation method 'value()' in type 'org.springframework.core.annotation.AliasFor'
[WARNING] Cannot find annotation method 'value()' in type 'org.springframework.core.annotation.AliasFor'
[WARNING] Cannot find annotation method 'value()' in type 'org.springframework.core.annotation.AliasFor'
[WARNING] Cannot find annotation method 'value()' in type 'org.springframework.core.annotation.AliasFor'
[WARNING] Cannot find annotation method 'value()' in type 'org.springframework.core.annotation.AliasFor'
[WARNING] Cannot find annotation method 'value()' in type 'org.springframework.core.annotation.AliasFor'
[WARNING] Cannot find annotation method 'annotation()' in type 'org.springframework.core.annotation.AliasFor'
[WARNING] Cannot find annotation method 'annotation()' in type 'org.springframework.core.annotation.AliasFor'
[WARNING] Cannot find annotation method 'attribute()' in type 'org.springframework.core.annotation.AliasFor'
[WARNING] Cannot find annotation method 'annotation()' in type 'org.springframework.core.annotation.AliasFor'
[WARNING] Cannot find annotation method 'attribute()' in type 'org.springframework.core.annotation.AliasFor'
[WARNING] Cannot find annotation method 'annotation()' in type 'org.springframework.core.annotation.AliasFor'
[WARNING] Cannot find annotation method 'attribute()' in type 'org.springframework.core.annotation.AliasFor'
[WARNING] Cannot find annotation method 'annotation()' in type 'org.springframework.core.annotation.AliasFor'
[WARNING] Cannot find annotation method 'attribute()' in type 'org.springframework.core.annotation.AliasFor'
[WARNING] Cannot find annotation method 'annotation()' in type 'org.springframework.core.annotation.AliasFor'
[INFO] 66 warnings 
[INFO] -------------------------------------------------------------
[INFO] -------------------------------------------------------------
[ERROR] COMPILATION ERROR : 
[INFO] -------------------------------------------------------------
[ERROR] /home/zhihao/hdd/tmp-spring-core-20260824/repos/marshal-spring-core-lpvs-20260824/src/main/java/com/lpvs/util/FileUtil.java:[13,32] cannot access org.springframework.util.FileSystemUtils
  bad class file: /home/zhihao/hdd/tmp-spring-core-20260824/m2/lpvs/org/springframework/spring-core/6.0.2/spring-core-6.0.2.jar(/org/springframework/util/FileSystemUtils.class)
    class file has wrong version 61.0, should be 55.0
    Please remove or make sure it appears in the correct subdirectory of the classpath.
[ERROR] /home/zhihao/hdd/tmp-spring-core-20260824/repos/marshal-spring-core-lpvs-20260824/src/main/java/com/lpvs/LicensePreValidationSystem.java:[17,37] cannot access org.springframework.core.task.TaskExecutor
  bad class file: /home/zhihao/hdd/tmp-spring-core-20260824/m2/lpvs/org/springframework/spring-core/6.0.2/spring-core-6.0.2.jar(/org/springframework/core/task/TaskExecutor.class)
    class file has wrong version 61.0, should be 55.0
    Please remove or make sure it appears in the correct subdirectory of the classpath.
[ERROR] /home/zhihao/hdd/tmp-spring-core-20260824/repos/marshal-spring-core-lpvs-20260824/src/main/java/com/lpvs/controller/GitHubWebhooksController.java:[25,32] cannot access org.springframework.util.StringUtils
  bad class file: /home/zhihao/hdd/tmp-spring-core-20260824/m2/lpvs/org/springframework/spring-core/6.0.2/spring-core-6.0.2.jar(/org/springframework/util/StringUtils.class)
    class file has wrong version 61.0, should be 55.0
    Please remove or make sure it appears in the correct subdirectory of the classpath.
[ERROR] /home/zhihao/hdd/tmp-spring-core-20260824/repos/marshal-spring-core-lpvs-20260824/src/main/java/com/lpvs/LicensePreValidationSystem.java:[39,12] cannot find symbol
  symbol:   class TaskExecutor
  location: class com.lpvs.LicensePreValidationSystem
[INFO] 4 errors 
[INFO] -------------------------------------------------------------
[INFO] ------------------------------------------------------------------------
[INFO] BUILD FAILURE
[INFO] ------------------------------------------------------------------------
[INFO] Total time:  01:25 min
[INFO] Finished at: 2026-08-24T21:38:42+08:00
[INFO] ------------------------------------------------------------------------
[ERROR] Failed to execute goal org.apache.maven.plugins:maven-compiler-plugin:3.10.1:compile (default-compile) on project lpvs: Compilation failure: Compilation failure: 
[ERROR] /home/zhihao/hdd/tmp-spring-core-20260824/repos/marshal-spring-core-lpvs-20260824/src/main/java/com/lpvs/util/FileUtil.java:[13,32] cannot access org.springframework.util.FileSystemUtils
[ERROR]   bad class file: /home/zhihao/hdd/tmp-spring-core-20260824/m2/lpvs/org/springframework/spring-core/6.0.2/spring-core-6.0.2.jar(/org/springframework/util/FileSystemUtils.class)
[ERROR]     class file has wrong version 61.0, should be 55.0
[ERROR]     Please remove or make sure it appears in the correct subdirectory of the classpath.
[ERROR] /home/zhihao/hdd/tmp-spring-core-20260824/repos/marshal-spring-core-lpvs-20260824/src/main/java/com/lpvs/LicensePreValidationSystem.java:[17,37] cannot access org.springframework.core.task.TaskExecutor
[ERROR]   bad class file: /home/zhihao/hdd/tmp-spring-core-20260824/m2/lpvs/org/springframework/spring-core/6.0.2/spring-core-6.0.2.jar(/org/springframework/core/task/TaskExecutor.class)
[ERROR]     class file has wrong version 61.0, should be 55.0
[ERROR]     Please remove or make sure it appears in the correct subdirectory of the classpath.
[ERROR] /home/zhihao/hdd/tmp-spring-core-20260824/repos/marshal-spring-core-lpvs-20260824/src/main/java/com/lpvs/controller/GitHubWebhooksController.java:[25,32] cannot access org.springframework.util.StringUtils
[ERROR]   bad class file: /home/zhihao/hdd/tmp-spring-core-20260824/m2/lpvs/org/springframework/spring-core/6.0.2/spring-core-6.0.2.jar(/org/springframework/util/StringUtils.class)
[ERROR]     class file has wrong version 61.0, should be 55.0
[ERROR]     Please remove or make sure it appears in the correct subdirectory of the classpath.
[ERROR] /home/zhihao/hdd/tmp-spring-core-20260824/repos/marshal-spring-core-lpvs-20260824/src/main/java/com/lpvs/LicensePreValidationSystem.java:[39,12] cannot find symbol
[ERROR]   symbol:   class TaskExecutor
[ERROR]   location: class com.lpvs.LicensePreValidationSystem
[ERROR] -> [Help 1]
[ERROR] 
[ERROR] To see the full stack trace of the errors, re-run Maven with the -e switch.
[ERROR] Re-run Maven using the -X switch to enable full debug logging.
[ERROR] 
[ERROR] For more information about the errors and possible solutions, please read the following articles:
[ERROR] [Help 1] http://cwiki.apache.org/confluence/display/MAVEN/MojoFailureException
