Modules with known eventlet monkey patching issues were imported prior to eventlet monkey patching: oslo_context.context, urllib3. This warning can usually be ignored if the caller is only importing and not executing nova code.
Modules with known eventlet monkey patching issues were imported prior to eventlet monkey patching: urllib3, oslo_context.context. This warning can usually be ignored if the caller is only importing and not executing nova code.
Modules with known eventlet monkey patching issues were imported prior to eventlet monkey patching: urllib3, oslo_context.context. This warning can usually be ignored if the caller is only importing and not executing nova code.
Modules with known eventlet monkey patching issues were imported prior to eventlet monkey patching: urllib3, oslo_context.context. This warning can usually be ignored if the caller is only importing and not executing nova code.
Modules with known eventlet monkey patching issues were imported prior to eventlet monkey patching: urllib3, oslo_context.context. This warning can usually be ignored if the caller is only importing and not executing nova code.
Modules with known eventlet monkey patching issues were imported prior to eventlet monkey patching: urllib3, oslo_context.context. This warning can usually be ignored if the caller is only importing and not executing nova code.
Modules with known eventlet monkey patching issues were imported prior to eventlet monkey patching: oslo_context.context, urllib3. This warning can usually be ignored if the caller is only importing and not executing nova code.
2026-08-27 03:34:26.023 3481647 INFO oslo_service.periodic_task [req-7a4d1d5c-4605-425c-8f64-3c311a2ea6b6 fake_user 6a6a9c9eee154e9cb8cec487b98d36ab - - -] Skipping periodic task _discover_hosts_in_cells because its interval is negative[00m
2026-08-27 03:34:26.025 3481645 INFO oslo_service.periodic_task [req-725ee446-f187-404b-9961-21cedb5e583e fake_user 6a6a9c9eee154e9cb8cec487b98d36ab - - -] Skipping periodic task _discover_hosts_in_cells because its interval is negative[00m
2026-08-27 03:34:26.043 3481643 INFO oslo_service.periodic_task [req-94da3ee0-f229-49d2-afb4-7dcba0f2daf6 fake_user 6a6a9c9eee154e9cb8cec487b98d36ab - - -] Skipping periodic task _discover_hosts_in_cells because its interval is negative[00m
2026-08-27 03:34:26.044 3481642 INFO oslo_service.periodic_task [req-ce0dab8a-82f5-4e5f-8152-082d14533e3e fake_user 6a6a9c9eee154e9cb8cec487b98d36ab - - -] Skipping periodic task _discover_hosts_in_cells because its interval is negative[00m
2026-08-27 03:34:26.046 3481647 ERROR stevedore.extension [req-7a4d1d5c-4605-425c-8f64-3c311a2ea6b6 fake_user 6a6a9c9eee154e9cb8cec487b98d36ab - - -] Could not load 'oslo_cache.etcd3gw': No module named 'etcd3gw': ModuleNotFoundError: No module named 'etcd3gw'[00m
2026-08-27 03:34:26.047 3481647 ERROR stevedore.extension [req-7a4d1d5c-4605-425c-8f64-3c311a2ea6b6 fake_user 6a6a9c9eee154e9cb8cec487b98d36ab - - -] Could not load 'oslo_cache.memcache_pool': No module named 'memcache': ModuleNotFoundError: No module named 'memcache'[00m
2026-08-27 03:34:26.047 3481645 ERROR stevedore.extension [req-725ee446-f187-404b-9961-21cedb5e583e fake_user 6a6a9c9eee154e9cb8cec487b98d36ab - - -] Could not load 'oslo_cache.etcd3gw': No module named 'etcd3gw': ModuleNotFoundError: No module named 'etcd3gw'[00m
2026-08-27 03:34:26.049 3481645 ERROR stevedore.extension [req-725ee446-f187-404b-9961-21cedb5e583e fake_user 6a6a9c9eee154e9cb8cec487b98d36ab - - -] Could not load 'oslo_cache.memcache_pool': No module named 'memcache': ModuleNotFoundError: No module named 'memcache'[00m
2026-08-27 03:34:26.065 3481643 ERROR stevedore.extension [req-94da3ee0-f229-49d2-afb4-7dcba0f2daf6 fake_user 6a6a9c9eee154e9cb8cec487b98d36ab - - -] Could not load 'oslo_cache.etcd3gw': No module named 'etcd3gw': ModuleNotFoundError: No module named 'etcd3gw'[00m
2026-08-27 03:34:26.067 3481643 ERROR stevedore.extension [req-94da3ee0-f229-49d2-afb4-7dcba0f2daf6 fake_user 6a6a9c9eee154e9cb8cec487b98d36ab - - -] Could not load 'oslo_cache.memcache_pool': No module named 'memcache': ModuleNotFoundError: No module named 'memcache'[00m
2026-08-27 03:34:26.067 3481642 ERROR stevedore.extension [req-ce0dab8a-82f5-4e5f-8152-082d14533e3e fake_user 6a6a9c9eee154e9cb8cec487b98d36ab - - -] Could not load 'oslo_cache.etcd3gw': No module named 'etcd3gw': ModuleNotFoundError: No module named 'etcd3gw'[00m
2026-08-27 03:34:26.068 3481642 ERROR stevedore.extension [req-ce0dab8a-82f5-4e5f-8152-082d14533e3e fake_user 6a6a9c9eee154e9cb8cec487b98d36ab - - -] Could not load 'oslo_cache.memcache_pool': No module named 'memcache': ModuleNotFoundError: No module named 'memcache'[00m
2026-08-27 03:34:26.093 3481648 INFO oslo_service.periodic_task [req-df97f85a-d4c0-4147-9de7-8bc260c09e74 fake_user 6a6a9c9eee154e9cb8cec487b98d36ab - - -] Skipping periodic task _discover_hosts_in_cells because its interval is negative[00m
2026-08-27 03:34:26.103 3481644 INFO oslo_service.periodic_task [req-0d4fabb7-42b5-44b0-b458-5842e4e29a95 fake_user 6a6a9c9eee154e9cb8cec487b98d36ab - - -] Skipping periodic task _discover_hosts_in_cells because its interval is negative[00m
2026-08-27 03:34:26.115 3481648 ERROR stevedore.extension [req-df97f85a-d4c0-4147-9de7-8bc260c09e74 fake_user 6a6a9c9eee154e9cb8cec487b98d36ab - - -] Could not load 'oslo_cache.etcd3gw': No module named 'etcd3gw': ModuleNotFoundError: No module named 'etcd3gw'[00m
2026-08-27 03:34:26.116 3481648 ERROR stevedore.extension [req-df97f85a-d4c0-4147-9de7-8bc260c09e74 fake_user 6a6a9c9eee154e9cb8cec487b98d36ab - - -] Could not load 'oslo_cache.memcache_pool': No module named 'memcache': ModuleNotFoundError: No module named 'memcache'[00m
2026-08-27 03:34:26.125 3481644 ERROR stevedore.extension [req-0d4fabb7-42b5-44b0-b458-5842e4e29a95 fake_user 6a6a9c9eee154e9cb8cec487b98d36ab - - -] Could not load 'oslo_cache.etcd3gw': No module named 'etcd3gw': ModuleNotFoundError: No module named 'etcd3gw'[00m
2026-08-27 03:34:26.126 3481644 ERROR stevedore.extension [req-0d4fabb7-42b5-44b0-b458-5842e4e29a95 fake_user 6a6a9c9eee154e9cb8cec487b98d36ab - - -] Could not load 'oslo_cache.memcache_pool': No module named 'memcache': ModuleNotFoundError: No module named 'memcache'[00m
{4} nova.tests.unit.cmd.test_manage.CellV2CommandsTestCase.test_map_cell0_default_database_special_characters_3_mysql_pymysql___nova_abcd0123_AB_controller__s [0.870813s] ... ok
{3} nova.tests.unit.cmd.test_manage.CellV2CommandsTestCase.test_map_cell0_default_database_special_characters_4_mysql_pymysql___nova_abcd0123_AB_controller__s [0.869687s] ... ok
{1} nova.tests.unit.cmd.test_manage.CellV2CommandsTestCase.test_map_cell0_default_database [0.848827s] ... ok
{0} nova.tests.unit.cmd.test_manage.CellV2CommandsTestCase.test_map_cell0_default_database_special_characters_5_mysql_pymysql___test_abcd0123_AB_controller__s_charset_utf8 [0.849800s] ... ok
/home/zhihao/hdd/marshal/benchmarks/cross-repo-pr-impact/results/single-case-pipeline-788339-788471-v1-2026-08-27/replay-work/formal-opendev-788339--target-788471/target-a2/.tox/py3/lib/python3.8/site-packages/migrate/versioning/schema.py:182: SADeprecationWarning: The Table.exists() method is deprecated and will be removed in a future release.  Please refer to Inspector.has_table(). (deprecated since: 1.4)
  if not table.exists():
/home/zhihao/hdd/marshal/benchmarks/cross-repo-pr-impact/results/single-case-pipeline-788339-788471-v1-2026-08-27/replay-work/formal-opendev-788339--target-788471/target-a2/nova/db/sqlalchemy/migrate_repo/versions/402_train.py:113: SADeprecationWarning: The Column.copy() method is deprecated and will be removed in a future release. (deprecated since: 1.4)
  column_copy = column.copy()
/home/zhihao/hdd/marshal/benchmarks/cross-repo-pr-impact/results/single-case-pipeline-788339-788471-v1-2026-08-27/replay-work/formal-opendev-788339--target-788471/target-a2/.tox/py3/lib/python3.8/site-packages/migrate/versioning/schema.py:182: SADeprecationWarning: The Table.exists() method is deprecated and will be removed in a future release.  Please refer to Inspector.has_table(). (deprecated since: 1.4)
  if not table.exists():
/home/zhihao/hdd/marshal/benchmarks/cross-repo-pr-impact/results/single-case-pipeline-788339-788471-v1-2026-08-27/replay-work/formal-opendev-788339--target-788471/target-a2/nova/db/sqlalchemy/migrate_repo/versions/402_train.py:113: SADeprecationWarning: The Column.copy() method is deprecated and will be removed in a future release. (deprecated since: 1.4)
  column_copy = column.copy()
/home/zhihao/hdd/marshal/benchmarks/cross-repo-pr-impact/results/single-case-pipeline-788339-788471-v1-2026-08-27/replay-work/formal-opendev-788339--target-788471/target-a2/.tox/py3/lib/python3.8/site-packages/migrate/versioning/schema.py:182: SADeprecationWarning: The Table.exists() method is deprecated and will be removed in a future release.  Please refer to Inspector.has_table(). (deprecated since: 1.4)
  if not table.exists():
/home/zhihao/hdd/marshal/benchmarks/cross-repo-pr-impact/results/single-case-pipeline-788339-788471-v1-2026-08-27/replay-work/formal-opendev-788339--target-788471/target-a2/nova/db/sqlalchemy/migrate_repo/versions/402_train.py:113: SADeprecationWarning: The Column.copy() method is deprecated and will be removed in a future release. (deprecated since: 1.4)
  column_copy = column.copy()
/home/zhihao/hdd/marshal/benchmarks/cross-repo-pr-impact/results/single-case-pipeline-788339-788471-v1-2026-08-27/replay-work/formal-opendev-788339--target-788471/target-a2/.tox/py3/lib/python3.8/site-packages/migrate/versioning/schema.py:182: SADeprecationWarning: The Table.exists() method is deprecated and will be removed in a future release.  Please refer to Inspector.has_table(). (deprecated since: 1.4)
  if not table.exists():
/home/zhihao/hdd/marshal/benchmarks/cross-repo-pr-impact/results/single-case-pipeline-788339-788471-v1-2026-08-27/replay-work/formal-opendev-788339--target-788471/target-a2/nova/db/sqlalchemy/migrate_repo/versions/402_train.py:113: SADeprecationWarning: The Column.copy() method is deprecated and will be removed in a future release. (deprecated since: 1.4)
  column_copy = column.copy()
{5} nova.tests.unit.cmd.test_manage.CellV2CommandsTestCase.test_map_cell0_default_database_special_characters_2_mysql_pymysql___nova_abcd0123_AB_controller__s [0.860393s] ... ok
{2} nova.tests.unit.cmd.test_manage.CellV2CommandsTestCase.test_map_cell0_default_database_special_characters_1_mysql_pymysql___nova_abcd0123_AB_controller__s [0.859392s] ... ok
/home/zhihao/hdd/marshal/benchmarks/cross-repo-pr-impact/results/single-case-pipeline-788339-788471-v1-2026-08-27/replay-work/formal-opendev-788339--target-788471/target-a2/.tox/py3/lib/python3.8/site-packages/migrate/versioning/schema.py:182: SADeprecationWarning: The Table.exists() method is deprecated and will be removed in a future release.  Please refer to Inspector.has_table(). (deprecated since: 1.4)
  if not table.exists():
/home/zhihao/hdd/marshal/benchmarks/cross-repo-pr-impact/results/single-case-pipeline-788339-788471-v1-2026-08-27/replay-work/formal-opendev-788339--target-788471/target-a2/nova/db/sqlalchemy/migrate_repo/versions/402_train.py:113: SADeprecationWarning: The Column.copy() method is deprecated and will be removed in a future release. (deprecated since: 1.4)
  column_copy = column.copy()
/home/zhihao/hdd/marshal/benchmarks/cross-repo-pr-impact/results/single-case-pipeline-788339-788471-v1-2026-08-27/replay-work/formal-opendev-788339--target-788471/target-a2/.tox/py3/lib/python3.8/site-packages/migrate/versioning/schema.py:182: SADeprecationWarning: The Table.exists() method is deprecated and will be removed in a future release.  Please refer to Inspector.has_table(). (deprecated since: 1.4)
  if not table.exists():
/home/zhihao/hdd/marshal/benchmarks/cross-repo-pr-impact/results/single-case-pipeline-788339-788471-v1-2026-08-27/replay-work/formal-opendev-788339--target-788471/target-a2/nova/db/sqlalchemy/migrate_repo/versions/402_train.py:113: SADeprecationWarning: The Column.copy() method is deprecated and will be removed in a future release. (deprecated since: 1.4)
  column_copy = column.copy()
[93mReadline features including tab completion have been disabled because
no supported version of readline was found. To resolve this, install
pyreadline on Windows or gnureadline on Mac.

[39m
======
Totals
======
Ran: 6 tests in 0.9416 sec.
 - Passed: 6
 - Skipped: 0
 - Expected Fail: 0
 - Unexpected Success: 0
 - Failed: 0
Sum of execute time for each test: 5.1589 sec.

==============
Worker Balance
==============
 - Worker 0 (1 tests) => 0:00:00.849800
 - Worker 1 (1 tests) => 0:00:00.848827
 - Worker 2 (1 tests) => 0:00:00.859392
 - Worker 3 (1 tests) => 0:00:00.869687
 - Worker 4 (1 tests) => 0:00:00.870813
 - Worker 5 (1 tests) => 0:00:00.860393
