===== A0 source install exit=0 =====
Looking in indexes: https://pypi.org/simple/
Obtaining file:///home/zhihao/hdd/marshal/benchmarks/cross-repo-pr-impact/results/single-case-pipeline-958801-958872-v1-2026-08-27/replay-work/formal-opendev-958801--target-958872/source-a0
  DEPRECATION: Setting PIP_CONSTRAINT will not affect build constraints in the future, pip 26.2 will enforce this behaviour change. A possible replacement is to specify build constraints using --build-constraint or PIP_BUILD_CONSTRAINT. To disable this warning without any build constraints set --use-feature=build-constraint or PIP_USE_FEATURE="build-constraint".
  Installing build dependencies: started
  Installing build dependencies: finished with status 'done'
  Checking if build backend supports build_editable: started
  Checking if build backend supports build_editable: finished with status 'done'
  Getting requirements to build editable: started
  Getting requirements to build editable: finished with status 'done'
  Preparing editable metadata (pyproject.toml): started
  Preparing editable metadata (pyproject.toml): finished with status 'done'
Building wheels for collected packages: openstacksdk
  Building editable for openstacksdk (pyproject.toml): started
  Building editable for openstacksdk (pyproject.toml): finished with status 'done'
  Created wheel for openstacksdk: filename=openstacksdk-4.7.0-0.editable-py3-none-any.whl size=10999 sha256=1396a60f4fea60a85ef34bbe774c9057a258f8367cc3f9ded33ac570df98061b
  Stored in directory: /tmp/pip-ephem-wheel-cache-cek3iaio/wheels/5d/a5/92/0c1636789c1a89ebe925677c9cfeae8599b9e8b2d302380867
Successfully built openstacksdk
Installing collected packages: openstacksdk
  Attempting uninstall: openstacksdk
    Found existing installation: openstacksdk 4.6.0
    Uninstalling openstacksdk-4.6.0:
      Successfully uninstalled openstacksdk-4.6.0
Successfully installed openstacksdk-4.7.0
Could not fetch URL https://pypi.org/simple/pip/: There was a problem confirming the ssl certificate: HTTPSConnectionPool(host='pypi.org', port=443): Max retries exceeded with url: /simple/pip/ (Caused by SSLError(SSLEOFError(8, '[SSL: UNEXPECTED_EOF_WHILE_READING] EOF occurred in violation of protocol (_ssl.c:1017)'))) - skipping

===== A1 source install exit=0 =====
Looking in indexes: https://pypi.org/simple/
Obtaining file:///home/zhihao/hdd/marshal/benchmarks/cross-repo-pr-impact/results/single-case-pipeline-958801-958872-v1-2026-08-27/replay-work/formal-opendev-958801--target-958872/source-a1
  DEPRECATION: Setting PIP_CONSTRAINT will not affect build constraints in the future, pip 26.2 will enforce this behaviour change. A possible replacement is to specify build constraints using --build-constraint or PIP_BUILD_CONSTRAINT. To disable this warning without any build constraints set --use-feature=build-constraint or PIP_USE_FEATURE="build-constraint".
  Installing build dependencies: started
  Installing build dependencies: finished with status 'done'
  Checking if build backend supports build_editable: started
  Checking if build backend supports build_editable: finished with status 'done'
  Getting requirements to build editable: started
  Getting requirements to build editable: finished with status 'done'
  Preparing editable metadata (pyproject.toml): started
  Preparing editable metadata (pyproject.toml): finished with status 'done'
Building wheels for collected packages: openstacksdk
  Building editable for openstacksdk (pyproject.toml): started
  Building editable for openstacksdk (pyproject.toml): finished with status 'done'
  Created wheel for openstacksdk: filename=openstacksdk-4.7.1.dev1-0.editable-py3-none-any.whl size=11108 sha256=970ee5f3d455027fab827b746ab0556cb50499d0cf546d5ff8f58f414b811a7d
  Stored in directory: /tmp/pip-ephem-wheel-cache-c12mx9og/wheels/84/fa/5c/b274d135f25071237d1b42a1e443d2fda65270f4eff351da76
Successfully built openstacksdk
Installing collected packages: openstacksdk
  Attempting uninstall: openstacksdk
    Found existing installation: openstacksdk 4.7.0
    Uninstalling openstacksdk-4.7.0:
      Successfully uninstalled openstacksdk-4.7.0
Successfully installed openstacksdk-4.7.1.dev1

[notice] A new release of pip is available: 26.0.1 -> 26.2.1
[notice] To update, run: /home/zhihao/hdd/marshal/benchmarks/cross-repo-pr-impact/results/single-case-pipeline-958801-958872-v1-2026-08-27/replay-work/formal-opendev-958801--target-958872/target/.tox/py3/bin/python -m pip install --upgrade pip

===== A2 source install exit=0 =====
Looking in indexes: https://pypi.org/simple/
Obtaining file:///home/zhihao/hdd/marshal/benchmarks/cross-repo-pr-impact/results/single-case-pipeline-958801-958872-v1-2026-08-27/replay-work/formal-opendev-958801--target-958872/source-a1
  DEPRECATION: Setting PIP_CONSTRAINT will not affect build constraints in the future, pip 26.2 will enforce this behaviour change. A possible replacement is to specify build constraints using --build-constraint or PIP_BUILD_CONSTRAINT. To disable this warning without any build constraints set --use-feature=build-constraint or PIP_USE_FEATURE="build-constraint".
  Installing build dependencies: started
  Installing build dependencies: finished with status 'done'
  Checking if build backend supports build_editable: started
  Checking if build backend supports build_editable: finished with status 'done'
  Getting requirements to build editable: started
  Getting requirements to build editable: finished with status 'done'
  Preparing editable metadata (pyproject.toml): started
  Preparing editable metadata (pyproject.toml): finished with status 'done'
Building wheels for collected packages: openstacksdk
  Building editable for openstacksdk (pyproject.toml): started
  Building editable for openstacksdk (pyproject.toml): finished with status 'done'
  Created wheel for openstacksdk: filename=openstacksdk-4.7.1.dev1-0.editable-py3-none-any.whl size=11108 sha256=f1f541b9fb42c038fd9ff17a76a5f7f31e3932eee737578291202c78a03c80ba
  Stored in directory: /tmp/pip-ephem-wheel-cache-60jnsh80/wheels/84/fa/5c/b274d135f25071237d1b42a1e443d2fda65270f4eff351da76
Successfully built openstacksdk
Installing collected packages: openstacksdk
  Attempting uninstall: openstacksdk
    Found existing installation: openstacksdk 4.7.1.dev1
    Uninstalling openstacksdk-4.7.1.dev1:
      Successfully uninstalled openstacksdk-4.7.1.dev1
Successfully installed openstacksdk-4.7.1.dev1

[notice] A new release of pip is available: 26.0.1 -> 26.2.1
[notice] To update, run: /home/zhihao/hdd/marshal/benchmarks/cross-repo-pr-impact/results/single-case-pipeline-958801-958872-v1-2026-08-27/replay-work/formal-opendev-958801--target-958872/target/.tox/py3/bin/python -m pip install --upgrade pip
