mkdir: cannot create directory ‘/root’: Permission denied
Can not write to /root/.m2/copy_reference_file.log. Wrong volume permissions? Carrying on ...
[INFO] Scanning for projects...
[INFO] Downloading from central: https://repo.maven.apache.org/maven2/io/packagecloud/maven/wagon/maven-packagecloud-wagon/0.0.6/maven-packagecloud-wagon-0.0.6.pom
[INFO] Downloaded from central: https://repo.maven.apache.org/maven2/io/packagecloud/maven/wagon/maven-packagecloud-wagon/0.0.6/maven-packagecloud-wagon-0.0.6.pom (4.6 kB at 4.6 kB/s)
[INFO] Downloading from central: https://repo.maven.apache.org/maven2/org/sonatype/oss/oss-parent/7/oss-parent-7.pom
[INFO] Downloaded from central: https://repo.maven.apache.org/maven2/org/sonatype/oss/oss-parent/7/oss-parent-7.pom (4.8 kB at 12 kB/s)
[INFO] Downloading from central: https://repo.maven.apache.org/maven2/org/apache/httpcomponents/httpclient/4.3.5/httpclient-4.3.5.pom
[INFO] Downloaded from central: https://repo.maven.apache.org/maven2/org/apache/httpcomponents/httpclient/4.3.5/httpclient-4.3.5.pom (5.2 kB at 12 kB/s)
[INFO] Downloading from central: https://repo.maven.apache.org/maven2/org/apache/httpcomponents/httpcomponents-client/4.3.5/httpcomponents-client-4.3.5.pom
[INFO] Downloaded from central: https://repo.maven.apache.org/maven2/org/apache/httpcomponents/httpcomponents-client/4.3.5/httpcomponents-client-4.3.5.pom (15 kB at 36 kB/s)
[INFO] Downloading from central: https://repo.maven.apache.org/maven2/org/apache/httpcomponents/project/7/project-7.pom
[INFO] Downloaded from central: https://repo.maven.apache.org/maven2/org/apache/httpcomponents/project/7/project-7.pom (27 kB at 60 kB/s)
[INFO] Downloading from central: https://repo.maven.apache.org/maven2/org/apache/httpcomponents/httpcore/4.3.2/httpcore-4.3.2.pom
[INFO] Downloaded from central: https://repo.maven.apache.org/maven2/org/apache/httpcomponents/httpcore/4.3.2/httpcore-4.3.2.pom (4.6 kB at 8.9 kB/s)
[INFO] Downloading from central: https://repo.maven.apache.org/maven2/org/apache/httpcomponents/httpcomponents-core/4.3.2/httpcomponents-core-4.3.2.pom
[INFO] Downloaded from central: https://repo.maven.apache.org/maven2/org/apache/httpcomponents/httpcomponents-core/4.3.2/httpcomponents-core-4.3.2.pom (12 kB at 25 kB/s)
[INFO] Downloading from central: https://repo.maven.apache.org/maven2/commons-logging/commons-logging/1.1.3/commons-logging-1.1.3.pom
[INFO] Downloaded from central: https://repo.maven.apache.org/maven2/commons-logging/commons-logging/1.1.3/commons-logging-1.1.3.pom (18 kB at 32 kB/s)
[INFO] Downloading from central: https://repo.maven.apache.org/maven2/org/apache/commons/commons-parent/28/commons-parent-28.pom
[INFO] Downloaded from central: https://repo.maven.apache.org/maven2/org/apache/commons/commons-parent/28/commons-parent-28.pom (50 kB at 106 kB/s)
[INFO] Downloading from central: https://repo.maven.apache.org/maven2/commons-codec/commons-codec/1.6/commons-codec-1.6.pom
[INFO] Downloaded from central: https://repo.maven.apache.org/maven2/commons-codec/commons-codec/1.6/commons-codec-1.6.pom (11 kB at 21 kB/s)
[INFO] Downloading from central: https://repo.maven.apache.org/maven2/org/apache/maven/wagon/wagon-provider-api/2.10/wagon-provider-api-2.10.pom
[INFO] Downloaded from central: https://repo.maven.apache.org/maven2/org/apache/maven/wagon/wagon-provider-api/2.10/wagon-provider-api-2.10.pom (1.7 kB at 3.6 kB/s)
[INFO] Downloading from central: https://repo.maven.apache.org/maven2/org/apache/maven/wagon/wagon/2.10/wagon-2.10.pom
[INFO] Downloaded from central: https://repo.maven.apache.org/maven2/org/apache/maven/wagon/wagon/2.10/wagon-2.10.pom (21 kB at 43 kB/s)
[INFO] Downloading from central: https://repo.maven.apache.org/maven2/org/apache/maven/maven-parent/26/maven-parent-26.pom
[INFO] Downloaded from central: https://repo.maven.apache.org/maven2/org/apache/maven/maven-parent/26/maven-parent-26.pom (40 kB at 89 kB/s)
[INFO] Downloading from central: https://repo.maven.apache.org/maven2/org/apache/apache/16/apache-16.pom
[INFO] Downloaded from central: https://repo.maven.apache.org/maven2/org/apache/apache/16/apache-16.pom (15 kB at 34 kB/s)
[INFO] Downloading from central: https://repo.maven.apache.org/maven2/org/codehaus/plexus/plexus-utils/3.0.15/plexus-utils-3.0.15.pom
[INFO] Downloaded from central: https://repo.maven.apache.org/maven2/org/codehaus/plexus/plexus-utils/3.0.15/plexus-utils-3.0.15.pom (3.1 kB at 7.4 kB/s)
[INFO] Downloading from central: https://repo.maven.apache.org/maven2/commons-io/commons-io/2.4/commons-io-2.4.pom
[INFO] Downloaded from central: https://repo.maven.apache.org/maven2/commons-io/commons-io/2.4/commons-io-2.4.pom (10 kB at 23 kB/s)
[INFO] Downloading from central: https://repo.maven.apache.org/maven2/org/apache/commons/commons-parent/25/commons-parent-25.pom
[INFO] Downloaded from central: https://repo.maven.apache.org/maven2/org/apache/commons/commons-parent/25/commons-parent-25.pom (48 kB at 116 kB/s)
[INFO] Downloading from central: https://repo.maven.apache.org/maven2/org/apache/httpcomponents/httpmime/4.3.5/httpmime-4.3.5.pom
[INFO] Downloaded from central: https://repo.maven.apache.org/maven2/org/apache/httpcomponents/httpmime/4.3.5/httpmime-4.3.5.pom (4.8 kB at 11 kB/s)
[INFO] Downloading from central: https://repo.maven.apache.org/maven2/io/packagecloud/maven/wagon/maven-packagecloud-wagon/0.0.6/maven-packagecloud-wagon-0.0.6.jar
[INFO] Downloading from central: https://repo.maven.apache.org/maven2/commons-logging/commons-logging/1.1.3/commons-logging-1.1.3.jar
[INFO] Downloading from central: https://repo.maven.apache.org/maven2/org/apache/httpcomponents/httpcore/4.3.2/httpcore-4.3.2.jar
[INFO] Downloading from central: https://repo.maven.apache.org/maven2/org/apache/httpcomponents/httpclient/4.3.5/httpclient-4.3.5.jar
[INFO] Downloading from central: https://repo.maven.apache.org/maven2/commons-codec/commons-codec/1.6/commons-codec-1.6.jar
[INFO] Downloaded from central: https://repo.maven.apache.org/maven2/commons-logging/commons-logging/1.1.3/commons-logging-1.1.3.jar (62 kB at 135 kB/s)
[INFO] Downloading from central: https://repo.maven.apache.org/maven2/org/apache/maven/wagon/wagon-provider-api/2.10/wagon-provider-api-2.10.jar
[INFO] Downloaded from central: https://repo.maven.apache.org/maven2/org/apache/maven/wagon/wagon-provider-api/2.10/wagon-provider-api-2.10.jar (54 kB at 58 kB/s)
[INFO] Downloading from central: https://repo.maven.apache.org/maven2/org/codehaus/plexus/plexus-utils/3.0.15/plexus-utils-3.0.15.jar
[INFO] Downloaded from central: https://repo.maven.apache.org/maven2/io/packagecloud/maven/wagon/maven-packagecloud-wagon/0.0.6/maven-packagecloud-wagon-0.0.6.jar (12 kB at 13 kB/s)
[INFO] Downloading from central: https://repo.maven.apache.org/maven2/commons-io/commons-io/2.4/commons-io-2.4.jar
[INFO] Downloaded from central: https://repo.maven.apache.org/maven2/org/apache/httpcomponents/httpcore/4.3.2/httpcore-4.3.2.jar (282 kB at 220 kB/s)
[INFO] Downloading from central: https://repo.maven.apache.org/maven2/org/apache/httpcomponents/httpmime/4.3.5/httpmime-4.3.5.jar
[INFO] Downloaded from central: https://repo.maven.apache.org/maven2/commons-codec/commons-codec/1.6/commons-codec-1.6.jar (233 kB at 151 kB/s)
[INFO] Downloaded from central: https://repo.maven.apache.org/maven2/org/codehaus/plexus/plexus-utils/3.0.15/plexus-utils-3.0.15.jar (239 kB at 151 kB/s)
[INFO] Downloaded from central: https://repo.maven.apache.org/maven2/commons-io/commons-io/2.4/commons-io-2.4.jar (185 kB at 97 kB/s)
[INFO] Downloaded from central: https://repo.maven.apache.org/maven2/org/apache/httpcomponents/httpmime/4.3.5/httpmime-4.3.5.jar (37 kB at 19 kB/s)
[INFO] Downloaded from central: https://repo.maven.apache.org/maven2/org/apache/httpcomponents/httpclient/4.3.5/httpclient-4.3.5.jar (591 kB at 262 kB/s)
[INFO] 
[INFO] -------------------< com.rabbitmq.jms:rabbitmq-jms >--------------------
[INFO] Building rabbitmq-jms 2.6.0-SNAPSHOT
[INFO] --------------------------------[ jar ]---------------------------------
[INFO] Downloading from central: https://repo.maven.apache.org/maven2/org/apache/maven/plugins/maven-javadoc-plugin/3.4.1/maven-javadoc-plugin-3.4.1.pom
[INFO] Downloaded from central: https://repo.maven.apache.org/maven2/org/apache/maven/plugins/maven-javadoc-plugin/3.4.1/maven-javadoc-plugin-3.4.1.pom (21 kB at 19 kB/s)
[INFO] Downloading from central: https://repo.maven.apache.org/maven2/org/apache/maven/plugins/maven-javadoc-plugin/3.4.1/maven-javadoc-plugin-3.4.1.jar
[INFO] Downloaded from central: https://repo.maven.apache.org/maven2/org/apache/maven/plugins/maven-javadoc-plugin/3.4.1/maven-javadoc-plugin-3.4.1.jar (523 kB at 809 kB/s)
[INFO] Downloading from central: https://repo.maven.apache.org/maven2/org/apache/maven/plugins/maven-failsafe-plugin/2.22.2/maven-failsafe-plugin-2.22.2.pom
[INFO] Downloaded from central: https://repo.maven.apache.org/maven2/org/apache/maven/plugins/maven-failsafe-plugin/2.22.2/maven-failsafe-plugin-2.22.2.pom (12 kB at 28 kB/s)
[INFO] Downloading from central: https://repo.maven.apache.org/maven2/org/apache/maven/surefire/surefire/2.22.2/surefire-2.22.2.pom
[INFO] Downloaded from central: https://repo.maven.apache.org/maven2/org/apache/maven/surefire/surefire/2.22.2/surefire-2.22.2.pom (26 kB at 38 kB/s)
[INFO] Downloading from central: https://repo.maven.apache.org/maven2/org/apache/maven/maven-parent/33/maven-parent-33.pom
[INFO] Downloaded from central: https://repo.maven.apache.org/maven2/org/apache/maven/maven-parent/33/maven-parent-33.pom (44 kB at 100 kB/s)
[INFO] Downloading from central: https://repo.maven.apache.org/maven2/org/apache/apache/21/apache-21.pom
[INFO] Downloaded from central: https://repo.maven.apache.org/maven2/org/apache/apache/21/apache-21.pom (17 kB at 38 kB/s)
[INFO] Downloading from central: https://repo.maven.apache.org/maven2/org/apache/maven/plugins/maven-failsafe-plugin/2.22.2/maven-failsafe-plugin-2.22.2.jar
[INFO] Downloaded from central: https://repo.maven.apache.org/maven2/org/apache/maven/plugins/maven-failsafe-plugin/2.22.2/maven-failsafe-plugin-2.22.2.jar (294 kB at 612 kB/s)
[INFO] Downloading from central: https://repo.maven.apache.org/maven2/org/apache/maven/plugins/maven-source-plugin/3.2.1/maven-source-plugin-3.2.1.pom
[INFO] Downloaded from central: https://repo.maven.apache.org/maven2/org/apache/maven/plugins/maven-source-plugin/3.2.1/maven-source-plugin-3.2.1.pom (6.9 kB at 16 kB/s)
[INFO] Downloading from central: https://repo.maven.apache.org/maven2/org/apache/maven/plugins/maven-plugins/33/maven-plugins-33.pom
[INFO] Downloaded from central: https://repo.maven.apache.org/maven2/org/apache/maven/plugins/maven-plugins/33/maven-plugins-33.pom (11 kB at 24 kB/s)
[INFO] Downloading from central: https://repo.maven.apache.org/maven2/org/apache/maven/plugins/maven-source-plugin/3.2.1/maven-source-plugin-3.2.1.jar
[INFO] Downloaded from central: https://repo.maven.apache.org/maven2/org/apache/maven/plugins/maven-source-plugin/3.2.1/maven-source-plugin-3.2.1.jar (32 kB at 44 kB/s)
[INFO] Downloading from central: https://repo.maven.apache.org/maven2/org/apache/maven/plugins/maven-surefire-plugin/2.22.2/maven-surefire-plugin-2.22.2.pom
[INFO] Downloaded from central: https://repo.maven.apache.org/maven2/org/apache/maven/plugins/maven-surefire-plugin/2.22.2/maven-surefire-plugin-2.22.2.pom (5.0 kB at 11 kB/s)
[INFO] Downloading from central: https://repo.maven.apache.org/maven2/org/apache/maven/plugins/maven-surefire-plugin/2.22.2/maven-surefire-plugin-2.22.2.jar
[INFO] Downloaded from central: https://repo.maven.apache.org/maven2/org/apache/maven/plugins/maven-surefire-plugin/2.22.2/maven-surefire-plugin-2.22.2.jar (41 kB at 57 kB/s)
[INFO] Downloading from ossrh: https://oss.sonatype.org/content/repositories/releases/javax/jms/jms/1.1/jms-1.1.pom
[INFO] Downloaded from ossrh: https://oss.sonatype.org/content/repositories/releases/javax/jms/jms/1.1/jms-1.1.pom (677 B at 205 B/s)
[INFO] Downloading from ossrh: https://oss.sonatype.org/content/repositories/releases/com/rabbitmq/amqp-client/5.15.0/amqp-client-5.15.0.pom
[INFO] Downloaded from ossrh: https://oss.sonatype.org/content/repositories/releases/com/rabbitmq/amqp-client/5.15.0/amqp-client-5.15.0.pom (37 kB at 24 kB/s)
[INFO] Downloading from ossrh: https://oss.sonatype.org/content/repositories/releases/org/slf4j/slf4j-api/2.0.0/slf4j-api-2.0.0.pom
[INFO] Downloaded from ossrh: https://oss.sonatype.org/content/repositories/releases/org/slf4j/slf4j-api/2.0.0/slf4j-api-2.0.0.pom (1.6 kB at 1.2 kB/s)
[INFO] Downloading from ossrh: https://oss.sonatype.org/content/repositories/releases/org/slf4j/slf4j-parent/2.0.0/slf4j-parent-2.0.0.pom
[INFO] Downloaded from ossrh: https://oss.sonatype.org/content/repositories/releases/org/slf4j/slf4j-parent/2.0.0/slf4j-parent-2.0.0.pom (16 kB at 12 kB/s)
[INFO] Downloading from ossrh: https://oss.sonatype.org/content/repositories/releases/org/junit/jupiter/junit-jupiter-engine/5.9.0/junit-jupiter-engine-5.9.0.pom
[INFO] Downloaded from ossrh: https://oss.sonatype.org/content/repositories/releases/org/junit/jupiter/junit-jupiter-engine/5.9.0/junit-jupiter-engine-5.9.0.pom (3.2 kB at 2.3 kB/s)
[INFO] Downloading from ossrh: https://oss.sonatype.org/content/repositories/releases/org/junit/platform/junit-platform-engine/1.9.0/junit-platform-engine-1.9.0.pom
[INFO] Downloaded from ossrh: https://oss.sonatype.org/content/repositories/releases/org/junit/platform/junit-platform-engine/1.9.0/junit-platform-engine-1.9.0.pom (3.2 kB at 2.4 kB/s)
[INFO] Downloading from ossrh: https://oss.sonatype.org/content/repositories/releases/org/opentest4j/opentest4j/1.2.0/opentest4j-1.2.0.pom
[INFO] Downloaded from ossrh: https://oss.sonatype.org/content/repositories/releases/org/opentest4j/opentest4j/1.2.0/opentest4j-1.2.0.pom (1.7 kB at 1.2 kB/s)
[INFO] Downloading from ossrh: https://oss.sonatype.org/content/repositories/releases/org/junit/platform/junit-platform-commons/1.9.0/junit-platform-commons-1.9.0.pom
[INFO] Downloaded from ossrh: https://oss.sonatype.org/content/repositories/releases/org/junit/platform/junit-platform-commons/1.9.0/junit-platform-commons-1.9.0.pom (2.8 kB at 2.1 kB/s)
[INFO] Downloading from ossrh: https://oss.sonatype.org/content/repositories/releases/org/apiguardian/apiguardian-api/1.1.2/apiguardian-api-1.1.2.pom
[INFO] Downloaded from ossrh: https://oss.sonatype.org/content/repositories/releases/org/apiguardian/apiguardian-api/1.1.2/apiguardian-api-1.1.2.pom (1.5 kB at 1.0 kB/s)
[INFO] Downloading from ossrh: https://oss.sonatype.org/content/repositories/releases/org/junit/jupiter/junit-jupiter-api/5.9.0/junit-jupiter-api-5.9.0.pom
[INFO] Downloaded from ossrh: https://oss.sonatype.org/content/repositories/releases/org/junit/jupiter/junit-jupiter-api/5.9.0/junit-jupiter-api-5.9.0.pom (3.2 kB at 2.3 kB/s)
[INFO] Downloading from ossrh: https://oss.sonatype.org/content/repositories/releases/org/junit/jupiter/junit-jupiter-params/5.9.0/junit-jupiter-params-5.9.0.pom
[INFO] Downloaded from ossrh: https://oss.sonatype.org/content/repositories/releases/org/junit/jupiter/junit-jupiter-params/5.9.0/junit-jupiter-params-5.9.0.pom (3.0 kB at 2.1 kB/s)
[INFO] Downloading from ossrh: https://oss.sonatype.org/content/repositories/releases/org/mockito/mockito-core/4.7.0/mockito-core-4.7.0.pom
[INFO] Downloaded from ossrh: https://oss.sonatype.org/content/repositories/releases/org/mockito/mockito-core/4.7.0/mockito-core-4.7.0.pom (2.5 kB at 1.4 kB/s)
[INFO] Downloading from ossrh: https://oss.sonatype.org/content/repositories/releases/net/bytebuddy/byte-buddy/1.12.13/byte-buddy-1.12.13.pom
[INFO] Downloaded from ossrh: https://oss.sonatype.org/content/repositories/releases/net/bytebuddy/byte-buddy/1.12.13/byte-buddy-1.12.13.pom (16 kB at 8.0 kB/s)
[INFO] Downloading from ossrh: https://oss.sonatype.org/content/repositories/releases/net/bytebuddy/byte-buddy-parent/1.12.13/byte-buddy-parent-1.12.13.pom
[INFO] Downloaded from ossrh: https://oss.sonatype.org/content/repositories/releases/net/bytebuddy/byte-buddy-parent/1.12.13/byte-buddy-parent-1.12.13.pom (52 kB at 38 kB/s)
[INFO] Downloading from ossrh: https://oss.sonatype.org/content/repositories/releases/net/bytebuddy/byte-buddy-agent/1.12.13/byte-buddy-agent-1.12.13.pom
[INFO] Downloaded from ossrh: https://oss.sonatype.org/content/repositories/releases/net/bytebuddy/byte-buddy-agent/1.12.13/byte-buddy-agent-1.12.13.pom (11 kB at 8.4 kB/s)
[INFO] Downloading from ossrh: https://oss.sonatype.org/content/repositories/releases/org/objenesis/objenesis/3.2/objenesis-3.2.pom
[INFO] Downloaded from ossrh: https://oss.sonatype.org/content/repositories/releases/org/objenesis/objenesis/3.2/objenesis-3.2.pom (3.0 kB at 2.2 kB/s)
[INFO] Downloading from ossrh: https://oss.sonatype.org/content/repositories/releases/org/objenesis/objenesis-parent/3.2/objenesis-parent-3.2.pom
[INFO] Downloaded from ossrh: https://oss.sonatype.org/content/repositories/releases/org/objenesis/objenesis-parent/3.2/objenesis-parent-3.2.pom (18 kB at 13 kB/s)
[INFO] Downloading from ossrh: https://oss.sonatype.org/content/repositories/releases/ch/qos/logback/logback-classic/1.2.11/logback-classic-1.2.11.pom
[INFO] Downloaded from ossrh: https://oss.sonatype.org/content/repositories/releases/ch/qos/logback/logback-classic/1.2.11/logback-classic-1.2.11.pom (9.7 kB at 6.0 kB/s)
[INFO] Downloading from ossrh: https://oss.sonatype.org/content/repositories/releases/ch/qos/logback/logback-parent/1.2.11/logback-parent-1.2.11.pom
[INFO] Downloaded from ossrh: https://oss.sonatype.org/content/repositories/releases/ch/qos/logback/logback-parent/1.2.11/logback-parent-1.2.11.pom (19 kB at 14 kB/s)
[INFO] Downloading from ossrh: https://oss.sonatype.org/content/repositories/releases/ch/qos/logback/logback-core/1.2.11/logback-core-1.2.11.pom
[INFO] Downloaded from ossrh: https://oss.sonatype.org/content/repositories/releases/ch/qos/logback/logback-core/1.2.11/logback-core-1.2.11.pom (4.2 kB at 2.4 kB/s)
[INFO] Downloading from ossrh: https://oss.sonatype.org/content/repositories/releases/org/slf4j/slf4j-api/1.7.32/slf4j-api-1.7.32.pom
[INFO] Downloaded from ossrh: https://oss.sonatype.org/content/repositories/releases/org/slf4j/slf4j-api/1.7.32/slf4j-api-1.7.32.pom (3.8 kB at 2.8 kB/s)
[INFO] Downloading from ossrh: https://oss.sonatype.org/content/repositories/releases/org/slf4j/slf4j-parent/1.7.32/slf4j-parent-1.7.32.pom
[INFO] Downloaded from ossrh: https://oss.sonatype.org/content/repositories/releases/org/slf4j/slf4j-parent/1.7.32/slf4j-parent-1.7.32.pom (14 kB at 10 kB/s)
[INFO] Downloading from ossrh: https://oss.sonatype.org/content/repositories/releases/org/assertj/assertj-core/3.23.1/assertj-core-3.23.1.pom
[INFO] Downloaded from ossrh: https://oss.sonatype.org/content/repositories/releases/org/assertj/assertj-core/3.23.1/assertj-core-3.23.1.pom (24 kB at 17 kB/s)
[INFO] Downloading from ossrh: https://oss.sonatype.org/content/repositories/releases/org/assertj/assertj-parent-pom/2.2.17/assertj-parent-pom-2.2.17.pom
[INFO] Downloaded from ossrh: https://oss.sonatype.org/content/repositories/releases/org/assertj/assertj-parent-pom/2.2.17/assertj-parent-pom-2.2.17.pom (24 kB at 18 kB/s)
[INFO] Downloading from ossrh: https://oss.sonatype.org/content/repositories/releases/org/mockito/mockito-bom/4.5.1/mockito-bom-4.5.1.pom
[INFO] Downloaded from ossrh: https://oss.sonatype.org/content/repositories/releases/org/mockito/mockito-bom/4.5.1/mockito-bom-4.5.1.pom (3.0 kB at 2.2 kB/s)
[INFO] Downloading from ossrh: https://oss.sonatype.org/content/repositories/releases/net/bytebuddy/byte-buddy/1.12.10/byte-buddy-1.12.10.pom
[INFO] Downloaded from ossrh: https://oss.sonatype.org/content/repositories/releases/net/bytebuddy/byte-buddy/1.12.10/byte-buddy-1.12.10.pom (17 kB at 13 kB/s)
[INFO] Downloading from ossrh: https://oss.sonatype.org/content/repositories/releases/net/bytebuddy/byte-buddy-parent/1.12.10/byte-buddy-parent-1.12.10.pom
[INFO] Downloaded from ossrh: https://oss.sonatype.org/content/repositories/releases/net/bytebuddy/byte-buddy-parent/1.12.10/byte-buddy-parent-1.12.10.pom (45 kB at 33 kB/s)
[INFO] Downloading from ossrh: https://oss.sonatype.org/content/repositories/releases/org/springframework/spring-jms/5.3.22/spring-jms-5.3.22.pom
[INFO] Downloaded from ossrh: https://oss.sonatype.org/content/repositories/releases/org/springframework/spring-jms/5.3.22/spring-jms-5.3.22.pom (2.6 kB at 1.8 kB/s)
[INFO] Downloading from ossrh: https://oss.sonatype.org/content/repositories/releases/org/springframework/spring-beans/5.3.22/spring-beans-5.3.22.pom
[INFO] Downloaded from ossrh: https://oss.sonatype.org/content/repositories/releases/org/springframework/spring-beans/5.3.22/spring-beans-5.3.22.pom (2.0 kB at 1.5 kB/s)
[INFO] Downloading from ossrh: https://oss.sonatype.org/content/repositories/releases/org/springframework/spring-core/5.3.22/spring-core-5.3.22.pom
[INFO] Downloaded from ossrh: https://oss.sonatype.org/content/repositories/releases/org/springframework/spring-core/5.3.22/spring-core-5.3.22.pom (2.0 kB at 1.5 kB/s)
[INFO] Downloading from ossrh: https://oss.sonatype.org/content/repositories/releases/org/springframework/spring-jcl/5.3.22/spring-jcl-5.3.22.pom
[INFO] Downloaded from ossrh: https://oss.sonatype.org/content/repositories/releases/org/springframework/spring-jcl/5.3.22/spring-jcl-5.3.22.pom (1.8 kB at 1.4 kB/s)
[INFO] Downloading from ossrh: https://oss.sonatype.org/content/repositories/releases/org/springframework/spring-messaging/5.3.22/spring-messaging-5.3.22.pom
[INFO] Downloaded from ossrh: https://oss.sonatype.org/content/repositories/releases/org/springframework/spring-messaging/5.3.22/spring-messaging-5.3.22.pom (2.2 kB at 1.6 kB/s)
[INFO] Downloading from ossrh: https://oss.sonatype.org/content/repositories/releases/org/springframework/spring-tx/5.3.22/spring-tx-5.3.22.pom
[INFO] Downloaded from ossrh: https://oss.sonatype.org/content/repositories/releases/org/springframework/spring-tx/5.3.22/spring-tx-5.3.22.pom (2.2 kB at 1.7 kB/s)
[INFO] Downloading from ossrh: https://oss.sonatype.org/content/repositories/releases/org/springframework/spring-context/5.3.22/spring-context-5.3.22.pom
[INFO] Downloaded from ossrh: https://oss.sonatype.org/content/repositories/releases/org/springframework/spring-context/5.3.22/spring-context-5.3.22.pom (2.6 kB at 1.9 kB/s)
[INFO] Downloading from ossrh: https://oss.sonatype.org/content/repositories/releases/org/springframework/spring-aop/5.3.22/spring-aop-5.3.22.pom
[INFO] Downloaded from ossrh: https://oss.sonatype.org/content/repositories/releases/org/springframework/spring-aop/5.3.22/spring-aop-5.3.22.pom (2.2 kB at 1.6 kB/s)
[INFO] Downloading from ossrh: https://oss.sonatype.org/content/repositories/releases/org/springframework/spring-expression/5.3.22/spring-expression-5.3.22.pom
[INFO] Downloaded from ossrh: https://oss.sonatype.org/content/repositories/releases/org/springframework/spring-expression/5.3.22/spring-expression-5.3.22.pom (2.1 kB at 1.5 kB/s)
[INFO] Downloading from ossrh: https://oss.sonatype.org/content/repositories/releases/javax/jms/jms/1.1/jms-1.1.jar
[INFO] Downloading from ossrh: https://oss.sonatype.org/content/repositories/releases/com/rabbitmq/amqp-client/5.15.0/amqp-client-5.15.0.jar
[INFO] Downloading from ossrh: https://oss.sonatype.org/content/repositories/releases/org/slf4j/slf4j-api/2.0.0/slf4j-api-2.0.0.jar
[INFO] Downloading from ossrh: https://oss.sonatype.org/content/repositories/releases/org/junit/jupiter/junit-jupiter-engine/5.9.0/junit-jupiter-engine-5.9.0.jar
[INFO] Downloading from ossrh: https://oss.sonatype.org/content/repositories/releases/org/junit/platform/junit-platform-engine/1.9.0/junit-platform-engine-1.9.0.jar
[INFO] Downloading from ossrh: https://oss.sonatype.org/content/repositories/releases/org/opentest4j/opentest4j/1.2.0/opentest4j-1.2.0.jar
[INFO] Downloaded from ossrh: https://oss.sonatype.org/content/repositories/releases/org/slf4j/slf4j-api/2.0.0/slf4j-api-2.0.0.jar (61 kB at 30 kB/s)
[INFO] Downloading from ossrh: https://oss.sonatype.org/content/repositories/releases/org/junit/platform/junit-platform-commons/1.9.0/junit-platform-commons-1.9.0.jar
[INFO] Downloaded from ossrh: https://oss.sonatype.org/content/repositories/releases/com/rabbitmq/amqp-client/5.15.0/amqp-client-5.15.0.jar (654 kB at 232 kB/s)
[INFO] Downloading from ossrh: https://oss.sonatype.org/content/repositories/releases/org/junit/jupiter/junit-jupiter-api/5.9.0/junit-jupiter-api-5.9.0.jar
[INFO] Downloaded from ossrh: https://oss.sonatype.org/content/repositories/releases/org/junit/jupiter/junit-jupiter-engine/5.9.0/junit-jupiter-engine-5.9.0.jar (246 kB at 87 kB/s)
[INFO] Downloading from ossrh: https://oss.sonatype.org/content/repositories/releases/org/apiguardian/apiguardian-api/1.1.2/apiguardian-api-1.1.2.jar
[INFO] Downloaded from ossrh: https://oss.sonatype.org/content/repositories/releases/org/junit/platform/junit-platform-engine/1.9.0/junit-platform-engine-1.9.0.jar (188 kB at 60 kB/s)
[INFO] Downloading from ossrh: https://oss.sonatype.org/content/repositories/releases/org/junit/jupiter/junit-jupiter-params/5.9.0/junit-jupiter-params-5.9.0.jar
[INFO] Downloaded from ossrh: https://oss.sonatype.org/content/repositories/releases/org/opentest4j/opentest4j/1.2.0/opentest4j-1.2.0.jar (7.7 kB at 2.3 kB/s)
[INFO] Downloading from ossrh: https://oss.sonatype.org/content/repositories/releases/org/mockito/mockito-core/4.7.0/mockito-core-4.7.0.jar
[INFO] Downloaded from ossrh: https://oss.sonatype.org/content/repositories/releases/org/junit/platform/junit-platform-commons/1.9.0/junit-platform-commons-1.9.0.jar (103 kB at 30 kB/s)
[INFO] Downloading from ossrh: https://oss.sonatype.org/content/repositories/releases/net/bytebuddy/byte-buddy/1.12.13/byte-buddy-1.12.13.jar
[INFO] Downloaded from ossrh: https://oss.sonatype.org/content/repositories/releases/org/junit/jupiter/junit-jupiter-params/5.9.0/junit-jupiter-params-5.9.0.jar (578 kB at 116 kB/s)
[INFO] Downloading from ossrh: https://oss.sonatype.org/content/repositories/releases/net/bytebuddy/byte-buddy-agent/1.12.13/byte-buddy-agent-1.12.13.jar
[INFO] Downloaded from ossrh: https://oss.sonatype.org/content/repositories/releases/org/apiguardian/apiguardian-api/1.1.2/apiguardian-api-1.1.2.jar (6.8 kB at 1.4 kB/s)
[INFO] Downloading from ossrh: https://oss.sonatype.org/content/repositories/releases/org/objenesis/objenesis/3.2/objenesis-3.2.jar
[INFO] Downloaded from ossrh: https://oss.sonatype.org/content/repositories/releases/org/junit/jupiter/junit-jupiter-api/5.9.0/junit-jupiter-api-5.9.0.jar (203 kB at 39 kB/s)
[INFO] Downloading from ossrh: https://oss.sonatype.org/content/repositories/releases/ch/qos/logback/logback-classic/1.2.11/logback-classic-1.2.11.jar
[INFO] Downloaded from ossrh: https://oss.sonatype.org/content/repositories/releases/org/mockito/mockito-core/4.7.0/mockito-core-4.7.0.jar (669 kB at 120 kB/s)
[INFO] Downloading from ossrh: https://oss.sonatype.org/content/repositories/releases/ch/qos/logback/logback-core/1.2.11/logback-core-1.2.11.jar
[INFO] Downloaded from ossrh: https://oss.sonatype.org/content/repositories/releases/net/bytebuddy/byte-buddy/1.12.13/byte-buddy-1.12.13.jar (3.9 MB at 657 kB/s)
[INFO] Downloading from ossrh: https://oss.sonatype.org/content/repositories/releases/org/assertj/assertj-core/3.23.1/assertj-core-3.23.1.jar
[INFO] Downloaded from ossrh: https://oss.sonatype.org/content/repositories/releases/org/objenesis/objenesis/3.2/objenesis-3.2.jar (49 kB at 7.8 kB/s)
[INFO] Downloaded from ossrh: https://oss.sonatype.org/content/repositories/releases/net/bytebuddy/byte-buddy-agent/1.12.13/byte-buddy-agent-1.12.13.jar (256 kB at 40 kB/s)
[INFO] Downloading from ossrh: https://oss.sonatype.org/content/repositories/releases/org/springframework/spring-jms/5.3.22/spring-jms-5.3.22.jar
[INFO] Downloading from ossrh: https://oss.sonatype.org/content/repositories/releases/org/springframework/spring-beans/5.3.22/spring-beans-5.3.22.jar
[INFO] Downloaded from ossrh: https://oss.sonatype.org/content/repositories/releases/ch/qos/logback/logback-classic/1.2.11/logback-classic-1.2.11.jar (232 kB at 33 kB/s)
[INFO] Downloading from ossrh: https://oss.sonatype.org/content/repositories/releases/org/springframework/spring-core/5.3.22/spring-core-5.3.22.jar
[INFO] Downloaded from ossrh: https://oss.sonatype.org/content/repositories/releases/ch/qos/logback/logback-core/1.2.11/logback-core-1.2.11.jar (449 kB at 64 kB/s)
[INFO] Downloading from ossrh: https://oss.sonatype.org/content/repositories/releases/org/springframework/spring-jcl/5.3.22/spring-jcl-5.3.22.jar
[INFO] Downloaded from ossrh: https://oss.sonatype.org/content/repositories/releases/org/springframework/spring-jms/5.3.22/spring-jms-5.3.22.jar (268 kB at 35 kB/s)
[INFO] Downloading from ossrh: https://oss.sonatype.org/content/repositories/releases/org/springframework/spring-messaging/5.3.22/spring-messaging-5.3.22.jar
[INFO] Downloaded from ossrh: https://oss.sonatype.org/content/repositories/releases/org/assertj/assertj-core/3.23.1/assertj-core-3.23.1.jar (1.2 MB at 151 kB/s)
[INFO] Downloading from ossrh: https://oss.sonatype.org/content/repositories/releases/org/springframework/spring-tx/5.3.22/spring-tx-5.3.22.jar
[INFO] Downloaded from ossrh: https://oss.sonatype.org/content/repositories/releases/org/springframework/spring-jcl/5.3.22/spring-jcl-5.3.22.jar (24 kB at 3.0 kB/s)
[INFO] Downloading from ossrh: https://oss.sonatype.org/content/repositories/releases/org/springframework/spring-context/5.3.22/spring-context-5.3.22.jar
[INFO] Downloaded from ossrh: https://oss.sonatype.org/content/repositories/releases/org/springframework/spring-core/5.3.22/spring-core-5.3.22.jar (1.5 MB at 177 kB/s)
[INFO] Downloading from ossrh: https://oss.sonatype.org/content/repositories/releases/org/springframework/spring-aop/5.3.22/spring-aop-5.3.22.jar
[INFO] Downloaded from ossrh: https://oss.sonatype.org/content/repositories/releases/org/springframework/spring-beans/5.3.22/spring-beans-5.3.22.jar (699 kB at 83 kB/s)
[INFO] Downloading from ossrh: https://oss.sonatype.org/content/repositories/releases/org/springframework/spring-expression/5.3.22/spring-expression-5.3.22.jar
[INFO] Downloaded from ossrh: https://oss.sonatype.org/content/repositories/releases/org/springframework/spring-messaging/5.3.22/spring-messaging-5.3.22.jar (568 kB at 60 kB/s)
[INFO] Downloaded from ossrh: https://oss.sonatype.org/content/repositories/releases/org/springframework/spring-context/5.3.22/spring-context-5.3.22.jar (1.3 MB at 131 kB/s)
[INFO] Downloaded from ossrh: https://oss.sonatype.org/content/repositories/releases/org/springframework/spring-expression/5.3.22/spring-expression-5.3.22.jar (289 kB at 30 kB/s)
[INFO] Downloaded from ossrh: https://oss.sonatype.org/content/repositories/releases/org/springframework/spring-aop/5.3.22/spring-aop-5.3.22.jar (383 kB at 37 kB/s)
[INFO] Downloaded from ossrh: https://oss.sonatype.org/content/repositories/releases/org/springframework/spring-tx/5.3.22/spring-tx-5.3.22.jar (333 kB at 32 kB/s)
[INFO] Downloading from jboss.org: https://repository.jboss.org/nexus/content/groups/public-jboss/javax/jms/jms/1.1/jms-1.1.jar
[INFO] Downloaded from jboss.org: https://repository.jboss.org/nexus/content/groups/public-jboss/javax/jms/jms/1.1/jms-1.1.jar (26 kB at 61 kB/s)
[INFO] 
[INFO] --- maven-clean-plugin:2.5:clean (default-clean) @ rabbitmq-jms ---
[INFO] 
[INFO] --- maven-resources-plugin:2.6:resources (default-resources) @ rabbitmq-jms ---
[INFO] Using 'UTF-8' encoding to copy filtered resources.
[INFO] skip non existing resourceDirectory /workspace/src/main/resources
[INFO] 
[INFO] --- maven-compiler-plugin:3.10.1:compile (default-compile) @ rabbitmq-jms ---
[INFO] Changes detected - recompiling the module!
[INFO] Compiling 76 source files to /workspace/target/classes
[INFO] /workspace/src/main/java/com/rabbitmq/jms/admin/RMQConnectionFactory.java: /workspace/src/main/java/com/rabbitmq/jms/admin/RMQConnectionFactory.java uses unchecked or unsafe operations.
[INFO] /workspace/src/main/java/com/rabbitmq/jms/admin/RMQConnectionFactory.java: Recompile with -Xlint:unchecked for details.
[INFO] 
[INFO] --- maven-resources-plugin:2.6:testResources (default-testResources) @ rabbitmq-jms ---
[INFO] Using 'UTF-8' encoding to copy filtered resources.
[INFO] Copying 1 resource
[INFO] 
[INFO] --- maven-compiler-plugin:3.10.1:testCompile (default-testCompile) @ rabbitmq-jms ---
[INFO] Changes detected - recompiling the module!
[INFO] Compiling 82 source files to /workspace/target/test-classes
[INFO] /workspace/src/test/java/com/rabbitmq/jms/parse/sql/SqlTypeSetterVisitorTest.java: /workspace/src/test/java/com/rabbitmq/jms/parse/sql/SqlTypeSetterVisitorTest.java uses unchecked or unsafe operations.
[INFO] /workspace/src/test/java/com/rabbitmq/jms/parse/sql/SqlTypeSetterVisitorTest.java: Recompile with -Xlint:unchecked for details.
[INFO] 
[INFO] --- maven-surefire-plugin:2.22.2:test (default-test) @ rabbitmq-jms ---
[INFO] Downloading from central: https://repo.maven.apache.org/maven2/org/apache/maven/surefire/maven-surefire-common/2.22.2/maven-surefire-common-2.22.2.pom
[INFO] Downloaded from central: https://repo.maven.apache.org/maven2/org/apache/maven/surefire/maven-surefire-common/2.22.2/maven-surefire-common-2.22.2.pom (11 kB at 25 kB/s)
[INFO] Downloading from central: https://repo.maven.apache.org/maven2/org/apache/maven/maven-plugin-api/2.2.1/maven-plugin-api-2.2.1.pom
[INFO] Downloaded from central: https://repo.maven.apache.org/maven2/org/apache/maven/maven-plugin-api/2.2.1/maven-plugin-api-2.2.1.pom (1.5 kB at 3.4 kB/s)
[INFO] Downloading from central: https://repo.maven.apache.org/maven2/org/apache/maven/maven/2.2.1/maven-2.2.1.pom
[INFO] Downloaded from central: https://repo.maven.apache.org/maven2/org/apache/maven/maven/2.2.1/maven-2.2.1.pom (22 kB at 49 kB/s)
[INFO] Downloading from central: https://repo.maven.apache.org/maven2/org/apache/maven/plugin-tools/maven-plugin-annotations/3.5.2/maven-plugin-annotations-3.5.2.pom
[INFO] Downloaded from central: https://repo.maven.apache.org/maven2/org/apache/maven/plugin-tools/maven-plugin-annotations/3.5.2/maven-plugin-annotations-3.5.2.pom (1.6 kB at 3.6 kB/s)
[INFO] Downloading from central: https://repo.maven.apache.org/maven2/org/apache/maven/plugin-tools/maven-plugin-tools/3.5.2/maven-plugin-tools-3.5.2.pom
[INFO] Downloaded from central: https://repo.maven.apache.org/maven2/org/apache/maven/plugin-tools/maven-plugin-tools/3.5.2/maven-plugin-tools-3.5.2.pom (15 kB at 22 kB/s)
[INFO] Downloading from central: https://repo.maven.apache.org/maven2/org/apache/maven/maven-parent/31/maven-parent-31.pom
[INFO] Downloaded from central: https://repo.maven.apache.org/maven2/org/apache/maven/maven-parent/31/maven-parent-31.pom (43 kB at 33 kB/s)
[INFO] Downloading from central: https://repo.maven.apache.org/maven2/org/apache/apache/19/apache-19.pom
[INFO] Downloaded from central: https://repo.maven.apache.org/maven2/org/apache/apache/19/apache-19.pom (15 kB at 21 kB/s)
[INFO] Downloading from central: https://repo.maven.apache.org/maven2/org/apache/maven/maven-artifact/2.2.1/maven-artifact-2.2.1.pom
[INFO] Downloaded from central: https://repo.maven.apache.org/maven2/org/apache/maven/maven-artifact/2.2.1/maven-artifact-2.2.1.pom (1.6 kB at 3.2 kB/s)
[INFO] Downloading from central: https://repo.maven.apache.org/maven2/org/apache/maven/surefire/surefire-api/2.22.2/surefire-api-2.22.2.pom
[INFO] Downloaded from central: https://repo.maven.apache.org/maven2/org/apache/maven/surefire/surefire-api/2.22.2/surefire-api-2.22.2.pom (3.5 kB at 7.2 kB/s)
[INFO] Downloading from central: https://repo.maven.apache.org/maven2/org/apache/maven/surefire/surefire-logger-api/2.22.2/surefire-logger-api-2.22.2.pom
[INFO] Downloaded from central: https://repo.maven.apache.org/maven2/org/apache/maven/surefire/surefire-logger-api/2.22.2/surefire-logger-api-2.22.2.pom (2.0 kB at 3.9 kB/s)
[INFO] Downloading from central: https://repo.maven.apache.org/maven2/org/apache/maven/surefire/surefire-booter/2.22.2/surefire-booter-2.22.2.pom
[INFO] Downloaded from central: https://repo.maven.apache.org/maven2/org/apache/maven/surefire/surefire-booter/2.22.2/surefire-booter-2.22.2.pom (7.5 kB at 6.7 kB/s)
[INFO] Downloading from central: https://repo.maven.apache.org/maven2/org/apache/maven/maven-plugin-descriptor/2.2.1/maven-plugin-descriptor-2.2.1.pom
[INFO] Downloaded from central: https://repo.maven.apache.org/maven2/org/apache/maven/maven-plugin-descriptor/2.2.1/maven-plugin-descriptor-2.2.1.pom (2.1 kB at 4.2 kB/s)
[INFO] Downloading from central: https://repo.maven.apache.org/maven2/junit/junit/4.12/junit-4.12.pom
[INFO] Downloaded from central: https://repo.maven.apache.org/maven2/junit/junit/4.12/junit-4.12.pom (24 kB at 31 kB/s)
[INFO] Downloading from central: https://repo.maven.apache.org/maven2/org/apache/maven/maven-project/2.2.1/maven-project-2.2.1.pom
[INFO] Downloaded from central: https://repo.maven.apache.org/maven2/org/apache/maven/maven-project/2.2.1/maven-project-2.2.1.pom (2.8 kB at 5.7 kB/s)
[INFO] Downloading from central: https://repo.maven.apache.org/maven2/org/apache/maven/maven-settings/2.2.1/maven-settings-2.2.1.pom
[INFO] Downloaded from central: https://repo.maven.apache.org/maven2/org/apache/maven/maven-settings/2.2.1/maven-settings-2.2.1.pom (2.2 kB at 4.4 kB/s)
[INFO] Downloading from central: https://repo.maven.apache.org/maven2/org/apache/maven/maven-model/2.2.1/maven-model-2.2.1.pom
[INFO] Downloaded from central: https://repo.maven.apache.org/maven2/org/apache/maven/maven-model/2.2.1/maven-model-2.2.1.pom (3.2 kB at 6.3 kB/s)
[INFO] Downloading from central: https://repo.maven.apache.org/maven2/org/apache/maven/maven-profile/2.2.1/maven-profile-2.2.1.pom
[INFO] Downloaded from central: https://repo.maven.apache.org/maven2/org/apache/maven/maven-profile/2.2.1/maven-profile-2.2.1.pom (2.2 kB at 4.3 kB/s)
[INFO] Downloading from central: https://repo.maven.apache.org/maven2/org/apache/maven/maven-artifact-manager/2.2.1/maven-artifact-manager-2.2.1.pom
[INFO] Downloaded from central: https://repo.maven.apache.org/maven2/org/apache/maven/maven-artifact-manager/2.2.1/maven-artifact-manager-2.2.1.pom (3.1 kB at 6.4 kB/s)
[INFO] Downloading from central: https://repo.maven.apache.org/maven2/org/apache/maven/maven-repository-metadata/2.2.1/maven-repository-metadata-2.2.1.pom
[INFO] Downloaded from central: https://repo.maven.apache.org/maven2/org/apache/maven/maven-repository-metadata/2.2.1/maven-repository-metadata-2.2.1.pom (1.9 kB at 3.9 kB/s)
[INFO] Downloading from central: https://repo.maven.apache.org/maven2/org/apache/maven/maven-plugin-registry/2.2.1/maven-plugin-registry-2.2.1.pom
[INFO] Downloaded from central: https://repo.maven.apache.org/maven2/org/apache/maven/maven-plugin-registry/2.2.1/maven-plugin-registry-2.2.1.pom (1.9 kB at 4.1 kB/s)
[INFO] Downloading from central: https://repo.maven.apache.org/maven2/org/apache/maven/maven-core/2.2.1/maven-core-2.2.1.pom
[INFO] Downloaded from central: https://repo.maven.apache.org/maven2/org/apache/maven/maven-core/2.2.1/maven-core-2.2.1.pom (12 kB at 16 kB/s)
[INFO] Downloading from central: https://repo.maven.apache.org/maven2/org/apache/maven/maven-plugin-parameter-documenter/2.2.1/maven-plugin-parameter-documenter-2.2.1.pom
[INFO] Downloaded from central: https://repo.maven.apache.org/maven2/org/apache/maven/maven-plugin-parameter-documenter/2.2.1/maven-plugin-parameter-documenter-2.2.1.pom (2.0 kB at 2.1 kB/s)
[INFO] Downloading from central: https://repo.maven.apache.org/maven2/org/slf4j/slf4j-jdk14/1.5.6/slf4j-jdk14-1.5.6.pom
[INFO] Downloaded from central: https://repo.maven.apache.org/maven2/org/slf4j/slf4j-jdk14/1.5.6/slf4j-jdk14-1.5.6.pom (1.9 kB at 4.0 kB/s)
[INFO] Downloading from central: https://repo.maven.apache.org/maven2/org/slf4j/slf4j-parent/1.5.6/slf4j-parent-1.5.6.pom
[INFO] Downloaded from central: https://repo.maven.apache.org/maven2/org/slf4j/slf4j-parent/1.5.6/slf4j-parent-1.5.6.pom (7.9 kB at 15 kB/s)
[INFO] Downloading from central: https://repo.maven.apache.org/maven2/org/slf4j/slf4j-api/1.5.6/slf4j-api-1.5.6.pom
[INFO] Downloaded from central: https://repo.maven.apache.org/maven2/org/slf4j/slf4j-api/1.5.6/slf4j-api-1.5.6.pom (3.0 kB at 6.2 kB/s)
[INFO] Downloading from central: https://repo.maven.apache.org/maven2/org/slf4j/jcl-over-slf4j/1.5.6/jcl-over-slf4j-1.5.6.pom
[INFO] Downloaded from central: https://repo.maven.apache.org/maven2/org/slf4j/jcl-over-slf4j/1.5.6/jcl-over-slf4j-1.5.6.pom (2.2 kB at 4.4 kB/s)
[INFO] Downloading from central: https://repo.maven.apache.org/maven2/org/apache/maven/maven-error-diagnostics/2.2.1/maven-error-diagnostics-2.2.1.pom
[INFO] Downloaded from central: https://repo.maven.apache.org/maven2/org/apache/maven/maven-error-diagnostics/2.2.1/maven-error-diagnostics-2.2.1.pom (1.7 kB at 2.5 kB/s)
[INFO] Downloading from central: https://repo.maven.apache.org/maven2/org/apache/maven/maven-monitor/2.2.1/maven-monitor-2.2.1.pom
[INFO] Downloaded from central: https://repo.maven.apache.org/maven2/org/apache/maven/maven-monitor/2.2.1/maven-monitor-2.2.1.pom (1.3 kB at 2.5 kB/s)
[INFO] Downloading from central: https://repo.maven.apache.org/maven2/org/sonatype/plexus/plexus-sec-dispatcher/1.3/plexus-sec-dispatcher-1.3.pom
[INFO] Downloaded from central: https://repo.maven.apache.org/maven2/org/sonatype/plexus/plexus-sec-dispatcher/1.3/plexus-sec-dispatcher-1.3.pom (3.0 kB at 2.6 kB/s)
[INFO] Downloading from central: https://repo.maven.apache.org/maven2/org/sonatype/spice/spice-parent/12/spice-parent-12.pom
[INFO] Downloaded from central: https://repo.maven.apache.org/maven2/org/sonatype/spice/spice-parent/12/spice-parent-12.pom (6.8 kB at 13 kB/s)
[INFO] Downloading from central: https://repo.maven.apache.org/maven2/org/sonatype/forge/forge-parent/4/forge-parent-4.pom
[INFO] Downloaded from central: https://repo.maven.apache.org/maven2/org/sonatype/forge/forge-parent/4/forge-parent-4.pom (8.4 kB at 16 kB/s)
[INFO] Downloading from central: https://repo.maven.apache.org/maven2/org/codehaus/plexus/plexus-utils/1.5.5/plexus-utils-1.5.5.pom
[INFO] Downloaded from central: https://repo.maven.apache.org/maven2/org/codehaus/plexus/plexus-utils/1.5.5/plexus-utils-1.5.5.pom (5.1 kB at 11 kB/s)
[INFO] Downloading from central: https://repo.maven.apache.org/maven2/org/sonatype/plexus/plexus-cipher/1.4/plexus-cipher-1.4.pom
[INFO] Downloaded from central: https://repo.maven.apache.org/maven2/org/sonatype/plexus/plexus-cipher/1.4/plexus-cipher-1.4.pom (2.1 kB at 4.3 kB/s)
[INFO] Downloading from central: https://repo.maven.apache.org/maven2/org/apache/maven/maven-toolchain/2.2.1/maven-toolchain-2.2.1.pom
[INFO] Downloaded from central: https://repo.maven.apache.org/maven2/org/apache/maven/maven-toolchain/2.2.1/maven-toolchain-2.2.1.pom (3.3 kB at 6.9 kB/s)
[INFO] Downloading from central: https://repo.maven.apache.org/maven2/org/codehaus/plexus/plexus-java/0.9.10/plexus-java-0.9.10.pom
[INFO] Downloaded from central: https://repo.maven.apache.org/maven2/org/codehaus/plexus/plexus-java/0.9.10/plexus-java-0.9.10.pom (5.1 kB at 10 kB/s)
[INFO] Downloading from central: https://repo.maven.apache.org/maven2/org/codehaus/plexus/plexus-languages/0.9.10/plexus-languages-0.9.10.pom
[INFO] Downloaded from central: https://repo.maven.apache.org/maven2/org/codehaus/plexus/plexus-languages/0.9.10/plexus-languages-0.9.10.pom (4.1 kB at 8.4 kB/s)
[INFO] Downloading from central: https://repo.maven.apache.org/maven2/org/codehaus/plexus/plexus/4.0/plexus-4.0.pom
[INFO] Downloaded from central: https://repo.maven.apache.org/maven2/org/codehaus/plexus/plexus/4.0/plexus-4.0.pom (22 kB at 38 kB/s)
[INFO] Downloading from central: https://repo.maven.apache.org/maven2/org/ow2/asm/asm/6.2/asm-6.2.pom
[INFO] Downloaded from central: https://repo.maven.apache.org/maven2/org/ow2/asm/asm/6.2/asm-6.2.pom (2.9 kB at 6.2 kB/s)
[INFO] Downloading from central: https://repo.maven.apache.org/maven2/com/thoughtworks/qdox/qdox/2.0-M8/qdox-2.0-M8.pom
[INFO] Downloaded from central: https://repo.maven.apache.org/maven2/com/thoughtworks/qdox/qdox/2.0-M8/qdox-2.0-M8.pom (16 kB at 27 kB/s)
[INFO] Downloading from central: https://repo.maven.apache.org/maven2/org/apache/maven/surefire/maven-surefire-common/2.22.2/maven-surefire-common-2.22.2.jar
[INFO] Downloading from central: https://repo.maven.apache.org/maven2/org/apache/maven/maven-plugin-api/2.2.1/maven-plugin-api-2.2.1.jar
[INFO] Downloading from central: https://repo.maven.apache.org/maven2/org/apache/maven/plugin-tools/maven-plugin-annotations/3.5.2/maven-plugin-annotations-3.5.2.jar
[INFO] Downloading from central: https://repo.maven.apache.org/maven2/org/apache/maven/surefire/surefire-api/2.22.2/surefire-api-2.22.2.jar
[INFO] Downloading from central: https://repo.maven.apache.org/maven2/org/apache/maven/surefire/surefire-logger-api/2.22.2/surefire-logger-api-2.22.2.jar
[INFO] Downloaded from central: https://repo.maven.apache.org/maven2/org/apache/maven/surefire/surefire-logger-api/2.22.2/surefire-logger-api-2.22.2.jar (13 kB at 32 kB/s)
[INFO] Downloading from central: https://repo.maven.apache.org/maven2/org/apache/maven/surefire/surefire-booter/2.22.2/surefire-booter-2.22.2.jar
[INFO] Downloaded from central: https://repo.maven.apache.org/maven2/org/apache/maven/maven-plugin-api/2.2.1/maven-plugin-api-2.2.1.jar (12 kB at 26 kB/s)
[INFO] Downloading from central: https://repo.maven.apache.org/maven2/org/apache/maven/maven-artifact/2.2.1/maven-artifact-2.2.1.jar
[INFO] Downloaded from central: https://repo.maven.apache.org/maven2/org/apache/maven/surefire/surefire-api/2.22.2/surefire-api-2.22.2.jar (186 kB at 379 kB/s)
[INFO] Downloading from central: https://repo.maven.apache.org/maven2/org/codehaus/plexus/plexus-utils/1.5.15/plexus-utils-1.5.15.jar
[INFO] Downloaded from central: https://repo.maven.apache.org/maven2/org/apache/maven/maven-artifact/2.2.1/maven-artifact-2.2.1.jar (80 kB at 86 kB/s)
[INFO] Downloading from central: https://repo.maven.apache.org/maven2/org/apache/maven/maven-plugin-descriptor/2.2.1/maven-plugin-descriptor-2.2.1.jar
[INFO] Downloaded from central: https://repo.maven.apache.org/maven2/org/apache/maven/surefire/surefire-booter/2.22.2/surefire-booter-2.22.2.jar (274 kB at 287 kB/s)
[INFO] Downloading from central: https://repo.maven.apache.org/maven2/junit/junit/4.12/junit-4.12.jar
[INFO] Downloaded from central: https://repo.maven.apache.org/maven2/org/codehaus/plexus/plexus-utils/1.5.15/plexus-utils-1.5.15.jar (228 kB at 211 kB/s)
[INFO] Downloading from central: https://repo.maven.apache.org/maven2/org/apache/maven/maven-project/2.2.1/maven-project-2.2.1.jar
[INFO] Downloaded from central: https://repo.maven.apache.org/maven2/org/apache/maven/plugin-tools/maven-plugin-annotations/3.5.2/maven-plugin-annotations-3.5.2.jar (14 kB at 12 kB/s)
[INFO] Downloading from central: https://repo.maven.apache.org/maven2/org/apache/maven/maven-settings/2.2.1/maven-settings-2.2.1.jar
[INFO] Downloaded from central: https://repo.maven.apache.org/maven2/org/apache/maven/maven-plugin-descriptor/2.2.1/maven-plugin-descriptor-2.2.1.jar (39 kB at 29 kB/s)
[INFO] Downloading from central: https://repo.maven.apache.org/maven2/org/apache/maven/maven-profile/2.2.1/maven-profile-2.2.1.jar
[INFO] Downloaded from central: https://repo.maven.apache.org/maven2/junit/junit/4.12/junit-4.12.jar (315 kB at 215 kB/s)
[INFO] Downloading from central: https://repo.maven.apache.org/maven2/org/apache/maven/maven-artifact-manager/2.2.1/maven-artifact-manager-2.2.1.jar
[INFO] Downloaded from central: https://repo.maven.apache.org/maven2/org/apache/maven/maven-project/2.2.1/maven-project-2.2.1.jar (156 kB at 100 kB/s)
[INFO] Downloading from central: https://repo.maven.apache.org/maven2/backport-util-concurrent/backport-util-concurrent/3.1/backport-util-concurrent-3.1.jar
[INFO] Downloaded from central: https://repo.maven.apache.org/maven2/org/apache/maven/maven-profile/2.2.1/maven-profile-2.2.1.jar (35 kB at 20 kB/s)
[INFO] Downloading from central: https://repo.maven.apache.org/maven2/org/apache/maven/maven-plugin-registry/2.2.1/maven-plugin-registry-2.2.1.jar
[INFO] Downloaded from central: https://repo.maven.apache.org/maven2/org/apache/maven/maven-artifact-manager/2.2.1/maven-artifact-manager-2.2.1.jar (68 kB at 37 kB/s)
[INFO] Downloading from central: https://repo.maven.apache.org/maven2/org/codehaus/plexus/plexus-interpolation/1.11/plexus-interpolation-1.11.jar
[INFO] Downloaded from central: https://repo.maven.apache.org/maven2/backport-util-concurrent/backport-util-concurrent/3.1/backport-util-concurrent-3.1.jar (332 kB at 150 kB/s)
[INFO] Downloading from central: https://repo.maven.apache.org/maven2/org/apache/maven/maven-model/2.2.1/maven-model-2.2.1.jar
[INFO] Downloaded from central: https://repo.maven.apache.org/maven2/org/apache/maven/maven-plugin-registry/2.2.1/maven-plugin-registry-2.2.1.jar (30 kB at 13 kB/s)
[INFO] Downloading from central: https://repo.maven.apache.org/maven2/org/apache/maven/maven-core/2.2.1/maven-core-2.2.1.jar
[INFO] Downloaded from central: https://repo.maven.apache.org/maven2/org/codehaus/plexus/plexus-interpolation/1.11/plexus-interpolation-1.11.jar (51 kB at 22 kB/s)
[INFO] Downloading from central: https://repo.maven.apache.org/maven2/org/apache/maven/maven-plugin-parameter-documenter/2.2.1/maven-plugin-parameter-documenter-2.2.1.jar
[INFO] Downloaded from central: https://repo.maven.apache.org/maven2/org/apache/maven/maven-plugin-parameter-documenter/2.2.1/maven-plugin-parameter-documenter-2.2.1.jar (22 kB at 8.4 kB/s)
[INFO] Downloading from central: https://repo.maven.apache.org/maven2/org/slf4j/slf4j-jdk14/1.5.6/slf4j-jdk14-1.5.6.jar
[INFO] Downloaded from central: https://repo.maven.apache.org/maven2/org/apache/maven/maven-model/2.2.1/maven-model-2.2.1.jar (88 kB at 33 kB/s)
[INFO] Downloading from central: https://repo.maven.apache.org/maven2/org/slf4j/slf4j-api/1.5.6/slf4j-api-1.5.6.jar
[INFO] Downloaded from central: https://repo.maven.apache.org/maven2/org/apache/maven/maven-core/2.2.1/maven-core-2.2.1.jar (178 kB at 66 kB/s)
[INFO] Downloading from central: https://repo.maven.apache.org/maven2/org/slf4j/jcl-over-slf4j/1.5.6/jcl-over-slf4j-1.5.6.jar
[INFO] Downloaded from central: https://repo.maven.apache.org/maven2/org/slf4j/slf4j-jdk14/1.5.6/slf4j-jdk14-1.5.6.jar (8.8 kB at 2.9 kB/s)
[INFO] Downloading from central: https://repo.maven.apache.org/maven2/org/apache/maven/maven-repository-metadata/2.2.1/maven-repository-metadata-2.2.1.jar
[INFO] Downloaded from central: https://repo.maven.apache.org/maven2/org/slf4j/slf4j-api/1.5.6/slf4j-api-1.5.6.jar (22 kB at 7.2 kB/s)
[INFO] Downloading from central: https://repo.maven.apache.org/maven2/org/apache/maven/maven-error-diagnostics/2.2.1/maven-error-diagnostics-2.2.1.jar
[INFO] Downloaded from central: https://repo.maven.apache.org/maven2/org/slf4j/jcl-over-slf4j/1.5.6/jcl-over-slf4j-1.5.6.jar (17 kB at 5.0 kB/s)
[INFO] Downloading from central: https://repo.maven.apache.org/maven2/org/apache/maven/maven-monitor/2.2.1/maven-monitor-2.2.1.jar
[INFO] Downloaded from central: https://repo.maven.apache.org/maven2/org/apache/maven/maven-repository-metadata/2.2.1/maven-repository-metadata-2.2.1.jar (26 kB at 7.5 kB/s)
[INFO] Downloading from central: https://repo.maven.apache.org/maven2/org/sonatype/plexus/plexus-sec-dispatcher/1.3/plexus-sec-dispatcher-1.3.jar
[INFO] Downloaded from central: https://repo.maven.apache.org/maven2/org/apache/maven/maven-error-diagnostics/2.2.1/maven-error-diagnostics-2.2.1.jar (13 kB at 3.7 kB/s)
[INFO] Downloading from central: https://repo.maven.apache.org/maven2/org/sonatype/plexus/plexus-cipher/1.4/plexus-cipher-1.4.jar
[INFO] Downloaded from central: https://repo.maven.apache.org/maven2/org/apache/maven/maven-settings/2.2.1/maven-settings-2.2.1.jar (49 kB at 13 kB/s)
[INFO] Downloading from central: https://repo.maven.apache.org/maven2/org/apache/maven/maven-toolchain/2.2.1/maven-toolchain-2.2.1.jar
[INFO] Downloaded from central: https://repo.maven.apache.org/maven2/org/sonatype/plexus/plexus-sec-dispatcher/1.3/plexus-sec-dispatcher-1.3.jar (29 kB at 7.5 kB/s)
[INFO] Downloading from central: https://repo.maven.apache.org/maven2/org/codehaus/plexus/plexus-java/0.9.10/plexus-java-0.9.10.jar
[INFO] Downloaded from central: https://repo.maven.apache.org/maven2/org/apache/maven/maven-monitor/2.2.1/maven-monitor-2.2.1.jar (10 kB at 2.6 kB/s)
[INFO] Downloading from central: https://repo.maven.apache.org/maven2/org/ow2/asm/asm/6.2/asm-6.2.jar
[INFO] Downloaded from central: https://repo.maven.apache.org/maven2/org/sonatype/plexus/plexus-cipher/1.4/plexus-cipher-1.4.jar (13 kB at 3.4 kB/s)
[INFO] Downloading from central: https://repo.maven.apache.org/maven2/com/thoughtworks/qdox/qdox/2.0-M8/qdox-2.0-M8.jar
[INFO] Downloaded from central: https://repo.maven.apache.org/maven2/org/codehaus/plexus/plexus-java/0.9.10/plexus-java-0.9.10.jar (39 kB at 9.2 kB/s)
[INFO] Downloaded from central: https://repo.maven.apache.org/maven2/com/thoughtworks/qdox/qdox/2.0-M8/qdox-2.0-M8.jar (316 kB at 70 kB/s)
[INFO] Downloaded from central: https://repo.maven.apache.org/maven2/org/ow2/asm/asm/6.2/asm-6.2.jar (111 kB at 24 kB/s)
[INFO] Downloaded from central: https://repo.maven.apache.org/maven2/org/apache/maven/maven-toolchain/2.2.1/maven-toolchain-2.2.1.jar (38 kB at 7.1 kB/s)
[INFO] Downloaded from central: https://repo.maven.apache.org/maven2/org/apache/maven/surefire/maven-surefire-common/2.22.2/maven-surefire-common-2.22.2.jar (528 kB at 71 kB/s)
[INFO] Downloading from central: https://repo.maven.apache.org/maven2/org/apache/maven/surefire/surefire-junit-platform/2.22.2/surefire-junit-platform-2.22.2.pom
[INFO] Downloaded from central: https://repo.maven.apache.org/maven2/org/apache/maven/surefire/surefire-junit-platform/2.22.2/surefire-junit-platform-2.22.2.pom (7.0 kB at 1.3 kB/s)
[INFO] Downloading from central: https://repo.maven.apache.org/maven2/org/apache/maven/surefire/surefire-providers/2.22.2/surefire-providers-2.22.2.pom
[INFO] Downloaded from central: https://repo.maven.apache.org/maven2/org/apache/maven/surefire/surefire-providers/2.22.2/surefire-providers-2.22.2.pom (2.5 kB at 1.4 kB/s)
[INFO] Downloading from central: https://repo.maven.apache.org/maven2/org/junit/platform/junit-platform-launcher/1.3.1/junit-platform-launcher-1.3.1.pom
[INFO] Downloaded from central: https://repo.maven.apache.org/maven2/org/junit/platform/junit-platform-launcher/1.3.1/junit-platform-launcher-1.3.1.pom (2.2 kB at 1.6 kB/s)
[INFO] Downloading from central: https://repo.maven.apache.org/maven2/org/apiguardian/apiguardian-api/1.0.0/apiguardian-api-1.0.0.pom
[INFO] Downloaded from central: https://repo.maven.apache.org/maven2/org/apiguardian/apiguardian-api/1.0.0/apiguardian-api-1.0.0.pom (1.2 kB at 721 B/s)
[INFO] Downloading from central: https://repo.maven.apache.org/maven2/org/junit/platform/junit-platform-engine/1.3.1/junit-platform-engine-1.3.1.pom
[INFO] Downloaded from central: https://repo.maven.apache.org/maven2/org/junit/platform/junit-platform-engine/1.3.1/junit-platform-engine-1.3.1.pom (2.4 kB at 1.4 kB/s)
[INFO] Downloading from central: https://repo.maven.apache.org/maven2/org/junit/platform/junit-platform-commons/1.3.1/junit-platform-commons-1.3.1.pom
[INFO] Downloaded from central: https://repo.maven.apache.org/maven2/org/junit/platform/junit-platform-commons/1.3.1/junit-platform-commons-1.3.1.pom (2.0 kB at 1.3 kB/s)
[INFO] Downloading from central: https://repo.maven.apache.org/maven2/org/opentest4j/opentest4j/1.1.1/opentest4j-1.1.1.pom
[INFO] Downloaded from central: https://repo.maven.apache.org/maven2/org/opentest4j/opentest4j/1.1.1/opentest4j-1.1.1.pom (1.7 kB at 972 B/s)
[INFO] Downloading from central: https://repo.maven.apache.org/maven2/org/apache/maven/surefire/surefire-junit-platform/2.22.2/surefire-junit-platform-2.22.2.jar
[INFO] Downloading from central: https://repo.maven.apache.org/maven2/org/junit/platform/junit-platform-launcher/1.3.1/junit-platform-launcher-1.3.1.jar
[INFO] Downloading from central: https://repo.maven.apache.org/maven2/org/apiguardian/apiguardian-api/1.0.0/apiguardian-api-1.0.0.jar
[INFO] Downloading from central: https://repo.maven.apache.org/maven2/org/junit/platform/junit-platform-engine/1.3.1/junit-platform-engine-1.3.1.jar
[INFO] Downloading from central: https://repo.maven.apache.org/maven2/org/junit/platform/junit-platform-commons/1.3.1/junit-platform-commons-1.3.1.jar
[INFO] Downloaded from central: https://repo.maven.apache.org/maven2/org/junit/platform/junit-platform-commons/1.3.1/junit-platform-commons-1.3.1.jar (78 kB at 178 kB/s)
[INFO] Downloading from central: https://repo.maven.apache.org/maven2/org/opentest4j/opentest4j/1.1.1/opentest4j-1.1.1.jar
[INFO] Downloaded from central: https://repo.maven.apache.org/maven2/org/apiguardian/apiguardian-api/1.0.0/apiguardian-api-1.0.0.jar (2.2 kB at 4.8 kB/s)
[INFO] Downloaded from central: https://repo.maven.apache.org/maven2/org/junit/platform/junit-platform-engine/1.3.1/junit-platform-engine-1.3.1.jar (135 kB at 185 kB/s)
[INFO] Downloaded from central: https://repo.maven.apache.org/maven2/org/opentest4j/opentest4j/1.1.1/opentest4j-1.1.1.jar (7.1 kB at 18 kB/s)
[INFO] Downloaded from central: https://repo.maven.apache.org/maven2/org/junit/platform/junit-platform-launcher/1.3.1/junit-platform-launcher-1.3.1.jar (95 kB at 41 kB/s)
[INFO] Downloaded from central: https://repo.maven.apache.org/maven2/org/apache/maven/surefire/surefire-junit-platform/2.22.2/surefire-junit-platform-2.22.2.jar (66 kB at 19 kB/s)
[INFO] 
[INFO] -------------------------------------------------------
[INFO]  T E S T S
[INFO] -------------------------------------------------------
[INFO] Running com.rabbitmq.jms.admin.RMQConnectionFactoryTest
SLF4J: No SLF4J providers were found.
SLF4J: Defaulting to no-operation (NOP) logger implementation
SLF4J: See http://www.slf4j.org/codes.html#noProviders for further details.
SLF4J: Class path contains SLF4J bindings targeting slf4j-api versions prior to 1.8.
SLF4J: Ignoring binding found at [jar:file:/tmp/m2/repository/ch/qos/logback/logback-classic/1.2.11/logback-classic-1.2.11.jar!/org/slf4j/impl/StaticLoggerBinder.class]
SLF4J: See http://www.slf4j.org/codes.html#ignoredBindings for an explanation.
[INFO] Tests run: 12, Failures: 0, Errors: 0, Skipped: 0, Time elapsed: 0.595 s - in com.rabbitmq.jms.admin.RMQConnectionFactoryTest
[INFO] Running com.rabbitmq.jms.admin.RMQDestinationTest
[INFO] Tests run: 5, Failures: 0, Errors: 0, Skipped: 0, Time elapsed: 0.001 s - in com.rabbitmq.jms.admin.RMQDestinationTest
[INFO] Running com.rabbitmq.jms.admin.RMQObjectFactoryTest
[INFO] Tests run: 14, Failures: 0, Errors: 0, Skipped: 0, Time elapsed: 0.002 s - in com.rabbitmq.jms.admin.RMQObjectFactoryTest
[INFO] Running com.rabbitmq.jms.util.TestAbortableHolder
[INFO] Tests run: 6, Failures: 0, Errors: 0, Skipped: 0, Time elapsed: 0 s - in com.rabbitmq.jms.util.TestAbortableHolder
[INFO] Running com.rabbitmq.jms.util.TestHexDisplay
[INFO] Tests run: 4, Failures: 0, Errors: 0, Skipped: 0, Time elapsed: 0 s - in com.rabbitmq.jms.util.TestHexDisplay
[INFO] Running com.rabbitmq.jms.util.TestTimeTracker
[INFO] Tests run: 2, Failures: 0, Errors: 0, Skipped: 0, Time elapsed: 0.573 s - in com.rabbitmq.jms.util.TestTimeTracker
[INFO] Running com.rabbitmq.jms.util.TestUriCodec
[INFO] Tests run: 10, Failures: 0, Errors: 0, Skipped: 0, Time elapsed: 0.011 s - in com.rabbitmq.jms.util.TestUriCodec
[INFO] Running com.rabbitmq.jms.util.TestWhiteListObjectSerialization
[INFO] Tests run: 5, Failures: 0, Errors: 0, Skipped: 0, Time elapsed: 0.02 s - in com.rabbitmq.jms.util.TestWhiteListObjectSerialization
[INFO] Running com.rabbitmq.jms.util.TestUtil
[INFO] Tests run: 2, Failures: 0, Errors: 0, Skipped: 0, Time elapsed: 0.023 s - in com.rabbitmq.jms.util.TestUtil
[INFO] Running com.rabbitmq.jms.parse.sql.SqlTypeSetterVisitorTest
[INFO] Tests run: 4, Failures: 0, Errors: 0, Skipped: 0, Time elapsed: 0.144 s - in com.rabbitmq.jms.parse.sql.SqlTypeSetterVisitorTest
[INFO] Running com.rabbitmq.jms.parse.sql.SqlProductionTest
[INFO] Tests run: 13, Failures: 0, Errors: 0, Skipped: 0, Time elapsed: 0.034 s - in com.rabbitmq.jms.parse.sql.SqlProductionTest
[INFO] Running com.rabbitmq.jms.parse.sql.SqlCompilerTest
[INFO] Tests run: 1, Failures: 0, Errors: 0, Skipped: 0, Time elapsed: 0 s - in com.rabbitmq.jms.parse.sql.SqlCompilerTest
[INFO] Running com.rabbitmq.jms.parse.sql.SqlCompilerVisitorTest
[INFO] Tests run: 4, Failures: 0, Errors: 0, Skipped: 0, Time elapsed: 0.001 s - in com.rabbitmq.jms.parse.sql.SqlCompilerVisitorTest
[INFO] Running com.rabbitmq.jms.parse.sql.SqlParserTest
[INFO] Tests run: 5, Failures: 0, Errors: 0, Skipped: 0, Time elapsed: 0.001 s - in com.rabbitmq.jms.parse.sql.SqlParserTest
[INFO] Running com.rabbitmq.jms.parse.sql.SqlTypeCheckerTest
[INFO] Tests run: 5, Failures: 0, Errors: 0, Skipped: 0, Time elapsed: 0.001 s - in com.rabbitmq.jms.parse.sql.SqlTypeCheckerTest
[INFO] Running com.rabbitmq.jms.parse.sql.SqlTokenStreamTest
[INFO] Tests run: 7, Failures: 0, Errors: 0, Skipped: 0, Time elapsed: 0.001 s - in com.rabbitmq.jms.parse.sql.SqlTokenStreamTest
[INFO] Running com.rabbitmq.jms.client.ForeignBytesMessageTest
[INFO] Tests run: 2, Failures: 0, Errors: 0, Skipped: 0, Time elapsed: 0.001 s - in com.rabbitmq.jms.client.ForeignBytesMessageTest
[INFO] Running com.rabbitmq.jms.client.message.TestMessages
[INFO] Tests run: 7, Failures: 0, Errors: 0, Skipped: 0, Time elapsed: 0.073 s - in com.rabbitmq.jms.client.message.TestMessages
[INFO] Running com.rabbitmq.jms.client.RMQMessageTest
[INFO] Tests run: 1, Failures: 0, Errors: 0, Skipped: 0, Time elapsed: 0.001 s - in com.rabbitmq.jms.client.RMQMessageTest
[INFO] Running com.rabbitmq.jms.client.PublisherConfirmsUtilsTest
[INFO] Tests run: 1, Failures: 0, Errors: 0, Skipped: 0, Time elapsed: 0.156 s - in com.rabbitmq.jms.client.PublisherConfirmsUtilsTest
[INFO] Running com.rabbitmq.jms.client.RMQMessageProducerTest
WARNING: Running test version of RJMS Client with no version information.
[INFO] Tests run: 4, Failures: 0, Errors: 0, Skipped: 0, Time elapsed: 0.126 s - in com.rabbitmq.jms.client.RMQMessageProducerTest
[INFO] 
[INFO] Results:
[INFO] 
[INFO] Tests run: 114, Failures: 0, Errors: 0, Skipped: 0
[INFO] 
[INFO] ------------------------------------------------------------------------
[INFO] BUILD SUCCESS
[INFO] ------------------------------------------------------------------------
[INFO] Total time:  02:18 min
[INFO] Finished at: 2026-08-24T03:11:45Z
[INFO] ------------------------------------------------------------------------
