{2} cinder.tests.unit.api.v3.test_volumes.VolumeApiTest.test_list_volume_with_count_param_2 [0.573153s] ... ok
{1} cinder.tests.unit.api.v3.test_volumes.VolumeApiTest.test_list_volume_with_count_param_version_not_matched_2_volumes_detail [0.560776s] ... ok
{4} cinder.tests.unit.api.v3.test_volumes.VolumeApiTest.test_list_volume_with_count_param_1 [0.606813s] ... ok
{3} cinder.tests.unit.api.v3.test_volumes.VolumeApiTest.test_list_volume_with_count_param_4 [0.569294s] ... ok
{5} cinder.tests.unit.api.v3.test_volumes.VolumeApiTest.test_list_volume_with_count_param_5 [0.607294s] ... ok
{7} cinder.tests.unit.api.v3.test_volumes.VolumeApiTest.test_list_volume_with_count_param_3 [0.594432s] ... ok
{6} cinder.tests.unit.api.v3.test_volumes.VolumeApiTest.test_list_volume_with_count_param_6 [0.625277s] ... ok
{0} cinder.tests.unit.api.v3.test_volumes.VolumeApiTest.test_list_volume_with_count_param_version_not_matched_1_volumes [0.604843s] ... ok
[93mReadline features including tab completion have been disabled because
no supported version of readline was found. To resolve this, install
pyreadline on Windows or gnureadline on Mac.

[39m
======
Totals
======
Ran: 8 tests in 0.9107 sec.
 - Passed: 8
 - Skipped: 0
 - Expected Fail: 0
 - Unexpected Success: 0
 - Failed: 0
Sum of execute time for each test: 4.7419 sec.

==============
Worker Balance
==============
 - Worker 0 (1 tests) => 0:00:00.604843
 - Worker 1 (1 tests) => 0:00:00.560776
 - Worker 2 (1 tests) => 0:00:00.573153
 - Worker 3 (1 tests) => 0:00:00.569294
 - Worker 4 (1 tests) => 0:00:00.606813
 - Worker 5 (1 tests) => 0:00:00.607294
 - Worker 6 (1 tests) => 0:00:00.625277
 - Worker 7 (1 tests) => 0:00:00.594432
