[INFO] Scanning for projects...
[INFO] 
[INFO] -----------------------< org.minimalj:minimalj >------------------------
[INFO] Building Minimal-J 1.29.0.0-SNAPSHOT
[INFO]   from pom.xml
[INFO] --------------------------------[ jar ]---------------------------------
[INFO] 
[INFO] --- clean:3.2.0:clean (default-clean) @ minimalj ---
[INFO] Deleting /home/zhihao/hdd/marshal/.work/fse-h2-2.0.202/minimal-a0/target
[INFO] 
[INFO] --- resources:3.3.1:resources (default-resources) @ minimalj ---
[INFO] Copying 20 resources from src/main/resources to target/classes
[INFO] 
[INFO] --- compiler:3.8.0:compile (default-compile) @ minimalj ---
[INFO] Changes detected - recompiling the module!
[INFO] Compiling 276 source files to /home/zhihao/hdd/marshal/.work/fse-h2-2.0.202/minimal-a0/target/classes
[WARNING] /home/zhihao/hdd/marshal/.work/fse-h2-2.0.202/minimal-a0/src/main/java/org/minimalj/model/EnumUtils.java:[24,33] sun.misc.Unsafe is internal proprietary API and may be removed in a future release
[WARNING] /home/zhihao/hdd/marshal/.work/fse-h2-2.0.202/minimal-a0/src/main/java/org/minimalj/model/EnumUtils.java:[42,32] sun.misc.Unsafe is internal proprietary API and may be removed in a future release
[WARNING] /home/zhihao/hdd/marshal/.work/fse-h2-2.0.202/minimal-a0/src/main/java/org/minimalj/model/EnumUtils.java:[43,56] sun.misc.Unsafe is internal proprietary API and may be removed in a future release
[WARNING] /home/zhihao/hdd/marshal/.work/fse-h2-2.0.202/minimal-a0/src/main/java/org/minimalj/model/EnumUtils.java:[45,33] sun.misc.Unsafe is internal proprietary API and may be removed in a future release
[INFO] /home/zhihao/hdd/marshal/.work/fse-h2-2.0.202/minimal-a0/src/main/java/org/minimalj/model/validation/InvalidValues.java: Some input files use or override a deprecated API.
[INFO] /home/zhihao/hdd/marshal/.work/fse-h2-2.0.202/minimal-a0/src/main/java/org/minimalj/model/validation/InvalidValues.java: Recompile with -Xlint:deprecation for details.
[INFO] /home/zhihao/hdd/marshal/.work/fse-h2-2.0.202/minimal-a0/src/main/java/org/minimalj/model/Rendering.java: Some input files use unchecked or unsafe operations.
[INFO] /home/zhihao/hdd/marshal/.work/fse-h2-2.0.202/minimal-a0/src/main/java/org/minimalj/model/Rendering.java: Recompile with -Xlint:unchecked for details.
[INFO] 
[INFO] --- resources:3.3.1:testResources (default-testResources) @ minimalj ---
[INFO] Copying 1 resource from src/test/java to target/test-classes
[INFO] Copying 4 resources from src/test/resources to target/test-classes
[INFO] 
[INFO] --- compiler:3.8.0:testCompile (default-testCompile) @ minimalj ---
[INFO] Changes detected - recompiling the module!
[INFO] Compiling 76 source files to /home/zhihao/hdd/marshal/.work/fse-h2-2.0.202/minimal-a0/target/test-classes
[INFO] 
[INFO] --- surefire:3.2.5:test (default-test) @ minimalj ---
[INFO] Using auto detected provider org.apache.maven.surefire.junit4.JUnit4Provider
[INFO] 
[INFO] -------------------------------------------------------
[INFO]  T E S T S
[INFO] -------------------------------------------------------
[INFO] Running org.minimalj.repository.sql.relation.SqlCrudTest
[INFO] Tests run: 5, Failures: 0, Errors: 0, Skipped: 0, Time elapsed: 0.564 s -- in org.minimalj.repository.sql.relation.SqlCrudTest
[INFO] Running org.minimalj.model.backend.TransactionTest
[INFO] Tests run: 2, Failures: 0, Errors: 0, Skipped: 0, Time elapsed: 0.034 s -- in org.minimalj.model.backend.TransactionTest
[INFO] 
[INFO] Results:
[INFO] 
[INFO] Tests run: 7, Failures: 0, Errors: 0, Skipped: 0
[INFO] 
[INFO] ------------------------------------------------------------------------
[INFO] BUILD SUCCESS
[INFO] ------------------------------------------------------------------------
[INFO] Total time:  6.788 s
[INFO] Finished at: 2026-08-25T03:10:21+08:00
[INFO] ------------------------------------------------------------------------
