[INFO] Scanning for projects...
[INFO] 
[INFO] -----------------------< org.minimalj:minimalj >------------------------
[INFO] Building Minimal-J 1.29.0.0-SNAPSHOT
[INFO]   from pom.xml
[INFO] --------------------------------[ jar ]---------------------------------
[INFO] 
[INFO] --- clean:3.2.0:clean (default-clean) @ minimalj ---
[INFO] Deleting /home/zhihao/hdd/marshal/.work/fse-h2-2.0.202/minimal-a1/target
[INFO] 
[INFO] --- resources:3.3.1:resources (default-resources) @ minimalj ---
[INFO] Copying 20 resources from src/main/resources to target/classes
[INFO] 
[INFO] --- compiler:3.8.0:compile (default-compile) @ minimalj ---
[INFO] Changes detected - recompiling the module!
[INFO] Compiling 276 source files to /home/zhihao/hdd/marshal/.work/fse-h2-2.0.202/minimal-a1/target/classes
[WARNING] /home/zhihao/hdd/marshal/.work/fse-h2-2.0.202/minimal-a1/src/main/java/org/minimalj/model/EnumUtils.java:[24,33] sun.misc.Unsafe is internal proprietary API and may be removed in a future release
[WARNING] /home/zhihao/hdd/marshal/.work/fse-h2-2.0.202/minimal-a1/src/main/java/org/minimalj/model/EnumUtils.java:[42,32] sun.misc.Unsafe is internal proprietary API and may be removed in a future release
[WARNING] /home/zhihao/hdd/marshal/.work/fse-h2-2.0.202/minimal-a1/src/main/java/org/minimalj/model/EnumUtils.java:[43,56] sun.misc.Unsafe is internal proprietary API and may be removed in a future release
[WARNING] /home/zhihao/hdd/marshal/.work/fse-h2-2.0.202/minimal-a1/src/main/java/org/minimalj/model/EnumUtils.java:[45,33] sun.misc.Unsafe is internal proprietary API and may be removed in a future release
[INFO] /home/zhihao/hdd/marshal/.work/fse-h2-2.0.202/minimal-a1/src/main/java/org/minimalj/repository/DataSourceFactory.java: Some input files use or override a deprecated API.
[INFO] /home/zhihao/hdd/marshal/.work/fse-h2-2.0.202/minimal-a1/src/main/java/org/minimalj/repository/DataSourceFactory.java: Recompile with -Xlint:deprecation for details.
[INFO] /home/zhihao/hdd/marshal/.work/fse-h2-2.0.202/minimal-a1/src/main/java/org/minimalj/repository/query/FieldCriteria.java: Some input files use unchecked or unsafe operations.
[INFO] /home/zhihao/hdd/marshal/.work/fse-h2-2.0.202/minimal-a1/src/main/java/org/minimalj/repository/query/FieldCriteria.java: Recompile with -Xlint:unchecked for details.
[INFO] 
[INFO] --- resources:3.3.1:testResources (default-testResources) @ minimalj ---
[INFO] Copying 1 resource from src/test/java to target/test-classes
[INFO] Copying 4 resources from src/test/resources to target/test-classes
[INFO] 
[INFO] --- compiler:3.8.0:testCompile (default-testCompile) @ minimalj ---
[INFO] Changes detected - recompiling the module!
[INFO] Compiling 76 source files to /home/zhihao/hdd/marshal/.work/fse-h2-2.0.202/minimal-a1/target/test-classes
[INFO] 
[INFO] --- surefire:3.2.5:test (default-test) @ minimalj ---
[INFO] Using auto detected provider org.apache.maven.surefire.junit4.JUnit4Provider
[INFO] 
[INFO] -------------------------------------------------------
[INFO]  T E S T S
[INFO] -------------------------------------------------------
[INFO] Running org.minimalj.repository.sql.relation.SqlCrudTest
Aug 25, 2026 3:10:44 AM org.minimalj.util.LoggingRuntimeException <init>
SEVERE: Statement failed: 
CREATE TABLE TestElementCode (
 id INT  NOT NULL,
 value INTEGER DEFAULT NULL,
 PRIMARY KEY (id)
)
org.h2.jdbc.JdbcSQLSyntaxErrorException: Syntax error in SQL statement "CREATE TABLE TESTELEMENTCODE (
 ID INT  NOT NULL,
 VALUE[*] INTEGER DEFAULT NULL,
 PRIMARY KEY (ID)
)"; expected "identifier"; SQL statement:
CREATE TABLE TestElementCode (
 id INT  NOT NULL,
 value INTEGER DEFAULT NULL,
 PRIMARY KEY (id)
) [42001-200]
	at org.h2.message.DbException.getJdbcSQLException(DbException.java:448)
	at org.h2.message.DbException.getJdbcSQLException(DbException.java:424)
	at org.h2.message.DbException.getSyntaxError(DbException.java:238)
	at org.h2.command.Parser.readColumnIdentifier(Parser.java:5056)
	at org.h2.command.Parser.parseTableColumnDefinition(Parser.java:8725)
	at org.h2.command.Parser.parseCreateTable(Parser.java:8666)
	at org.h2.command.Parser.parseCreate(Parser.java:6494)
	at org.h2.command.Parser.parsePrepared(Parser.java:922)
	at org.h2.command.Parser.parse(Parser.java:862)
	at org.h2.command.Parser.parse(Parser.java:834)
	at org.h2.command.Parser.prepareCommand(Parser.java:757)
	at org.h2.engine.Session.prepareLocal(Session.java:582)
	at org.h2.engine.Session.prepareCommand(Session.java:520)
	at org.h2.jdbc.JdbcConnection.prepareCommand(JdbcConnection.java:1235)
	at org.h2.jdbc.JdbcPreparedStatement.<init>(JdbcPreparedStatement.java:77)
	at org.h2.jdbc.JdbcConnection.prepareStatement(JdbcConnection.java:1157)
	at org.minimalj.repository.sql.AbstractTable.createStatement(AbstractTable.java:106)
	at org.minimalj.repository.sql.AbstractTable.execute(AbstractTable.java:111)
	at org.minimalj.repository.sql.AbstractTable.createTable(AbstractTable.java:126)
	at org.minimalj.repository.sql.Table.createTable(Table.java:61)
	at org.minimalj.repository.sql.SqlRepository.createTables(SqlRepository.java:592)
	at org.minimalj.repository.sql.SqlRepository.<init>(SqlRepository.java:100)
	at org.minimalj.repository.sql.SqlTest.createRepositoryH2(SqlTest.java:20)
	at org.minimalj.repository.sql.SqlTest.createTables(SqlTest.java:14)
	at java.base/jdk.internal.reflect.NativeMethodAccessorImpl.invoke0(Native Method)
	at java.base/jdk.internal.reflect.NativeMethodAccessorImpl.invoke(NativeMethodAccessorImpl.java:62)
	at java.base/jdk.internal.reflect.DelegatingMethodAccessorImpl.invoke(DelegatingMethodAccessorImpl.java:43)
	at java.base/java.lang.reflect.Method.invoke(Method.java:566)
	at org.junit.runners.model.FrameworkMethod$1.runReflectiveCall(FrameworkMethod.java:59)
	at org.junit.internal.runners.model.ReflectiveCallable.run(ReflectiveCallable.java:12)
	at org.junit.runners.model.FrameworkMethod.invokeExplosively(FrameworkMethod.java:56)
	at org.junit.internal.runners.statements.RunBefores.invokeMethod(RunBefores.java:33)
	at org.junit.internal.runners.statements.RunBefores.evaluate(RunBefores.java:24)
	at org.junit.internal.runners.statements.RunAfters.evaluate(RunAfters.java:27)
	at org.junit.runners.ParentRunner$3.evaluate(ParentRunner.java:306)
	at org.junit.runners.BlockJUnit4ClassRunner$1.evaluate(BlockJUnit4ClassRunner.java:100)
	at org.junit.runners.ParentRunner.runLeaf(ParentRunner.java:366)
	at org.junit.runners.BlockJUnit4ClassRunner.runChild(BlockJUnit4ClassRunner.java:103)
	at org.junit.runners.BlockJUnit4ClassRunner.runChild(BlockJUnit4ClassRunner.java:63)
	at org.junit.runners.ParentRunner$4.run(ParentRunner.java:331)
	at org.junit.runners.ParentRunner$1.schedule(ParentRunner.java:79)
	at org.junit.runners.ParentRunner.runChildren(ParentRunner.java:329)
	at org.junit.runners.ParentRunner.access$100(ParentRunner.java:66)
	at org.junit.runners.ParentRunner$2.evaluate(ParentRunner.java:293)
	at org.junit.runners.ParentRunner$3.evaluate(ParentRunner.java:306)
	at org.junit.runners.ParentRunner.run(ParentRunner.java:413)
	at org.apache.maven.surefire.junit4.JUnit4Provider.execute(JUnit4Provider.java:316)
	at org.apache.maven.surefire.junit4.JUnit4Provider.executeWithRerun(JUnit4Provider.java:240)
	at org.apache.maven.surefire.junit4.JUnit4Provider.executeTestSet(JUnit4Provider.java:214)
	at org.apache.maven.surefire.junit4.JUnit4Provider.invoke(JUnit4Provider.java:155)
	at org.apache.maven.surefire.booter.ForkedBooter.runSuitesInProcess(ForkedBooter.java:385)
	at org.apache.maven.surefire.booter.ForkedBooter.execute(ForkedBooter.java:162)
	at org.apache.maven.surefire.booter.ForkedBooter.run(ForkedBooter.java:507)
	at org.apache.maven.surefire.booter.ForkedBooter.main(ForkedBooter.java:495)

Aug 25, 2026 3:10:44 AM org.minimalj.util.LoggingRuntimeException <init>
SEVERE: Statement failed: 
CREATE TABLE TestElementCode (
 id INT  NOT NULL,
 value INTEGER DEFAULT NULL,
 PRIMARY KEY (id)
)
org.h2.jdbc.JdbcSQLSyntaxErrorException: Syntax error in SQL statement "CREATE TABLE TESTELEMENTCODE (
 ID INT  NOT NULL,
 VALUE[*] INTEGER DEFAULT NULL,
 PRIMARY KEY (ID)
)"; expected "identifier"; SQL statement:
CREATE TABLE TestElementCode (
 id INT  NOT NULL,
 value INTEGER DEFAULT NULL,
 PRIMARY KEY (id)
) [42001-200]
	at org.h2.message.DbException.getJdbcSQLException(DbException.java:448)
	at org.h2.message.DbException.getJdbcSQLException(DbException.java:424)
	at org.h2.message.DbException.getSyntaxError(DbException.java:238)
	at org.h2.command.Parser.readColumnIdentifier(Parser.java:5056)
	at org.h2.command.Parser.parseTableColumnDefinition(Parser.java:8725)
	at org.h2.command.Parser.parseCreateTable(Parser.java:8666)
	at org.h2.command.Parser.parseCreate(Parser.java:6494)
	at org.h2.command.Parser.parsePrepared(Parser.java:922)
	at org.h2.command.Parser.parse(Parser.java:862)
	at org.h2.command.Parser.parse(Parser.java:834)
	at org.h2.command.Parser.prepareCommand(Parser.java:757)
	at org.h2.engine.Session.prepareLocal(Session.java:582)
	at org.h2.engine.Session.prepareCommand(Session.java:520)
	at org.h2.jdbc.JdbcConnection.prepareCommand(JdbcConnection.java:1235)
	at org.h2.jdbc.JdbcPreparedStatement.<init>(JdbcPreparedStatement.java:77)
	at org.h2.jdbc.JdbcConnection.prepareStatement(JdbcConnection.java:1157)
	at org.minimalj.repository.sql.AbstractTable.createStatement(AbstractTable.java:106)
	at org.minimalj.repository.sql.AbstractTable.execute(AbstractTable.java:111)
	at org.minimalj.repository.sql.AbstractTable.createTable(AbstractTable.java:126)
	at org.minimalj.repository.sql.Table.createTable(Table.java:61)
	at org.minimalj.repository.sql.SqlRepository.createTables(SqlRepository.java:592)
	at org.minimalj.repository.sql.SqlRepository.<init>(SqlRepository.java:100)
	at org.minimalj.repository.sql.SqlTest.createRepositoryH2(SqlTest.java:20)
	at org.minimalj.repository.sql.SqlTest.createTables(SqlTest.java:14)
	at java.base/jdk.internal.reflect.NativeMethodAccessorImpl.invoke0(Native Method)
	at java.base/jdk.internal.reflect.NativeMethodAccessorImpl.invoke(NativeMethodAccessorImpl.java:62)
	at java.base/jdk.internal.reflect.DelegatingMethodAccessorImpl.invoke(DelegatingMethodAccessorImpl.java:43)
	at java.base/java.lang.reflect.Method.invoke(Method.java:566)
	at org.junit.runners.model.FrameworkMethod$1.runReflectiveCall(FrameworkMethod.java:59)
	at org.junit.internal.runners.model.ReflectiveCallable.run(ReflectiveCallable.java:12)
	at org.junit.runners.model.FrameworkMethod.invokeExplosively(FrameworkMethod.java:56)
	at org.junit.internal.runners.statements.RunBefores.invokeMethod(RunBefores.java:33)
	at org.junit.internal.runners.statements.RunBefores.evaluate(RunBefores.java:24)
	at org.junit.internal.runners.statements.RunAfters.evaluate(RunAfters.java:27)
	at org.junit.runners.ParentRunner$3.evaluate(ParentRunner.java:306)
	at org.junit.runners.BlockJUnit4ClassRunner$1.evaluate(BlockJUnit4ClassRunner.java:100)
	at org.junit.runners.ParentRunner.runLeaf(ParentRunner.java:366)
	at org.junit.runners.BlockJUnit4ClassRunner.runChild(BlockJUnit4ClassRunner.java:103)
	at org.junit.runners.BlockJUnit4ClassRunner.runChild(BlockJUnit4ClassRunner.java:63)
	at org.junit.runners.ParentRunner$4.run(ParentRunner.java:331)
	at org.junit.runners.ParentRunner$1.schedule(ParentRunner.java:79)
	at org.junit.runners.ParentRunner.runChildren(ParentRunner.java:329)
	at org.junit.runners.ParentRunner.access$100(ParentRunner.java:66)
	at org.junit.runners.ParentRunner$2.evaluate(ParentRunner.java:293)
	at org.junit.runners.ParentRunner$3.evaluate(ParentRunner.java:306)
	at org.junit.runners.ParentRunner.run(ParentRunner.java:413)
	at org.apache.maven.surefire.junit4.JUnit4Provider.execute(JUnit4Provider.java:316)
	at org.apache.maven.surefire.junit4.JUnit4Provider.executeWithRerun(JUnit4Provider.java:240)
	at org.apache.maven.surefire.junit4.JUnit4Provider.executeTestSet(JUnit4Provider.java:214)
	at org.apache.maven.surefire.junit4.JUnit4Provider.invoke(JUnit4Provider.java:155)
	at org.apache.maven.surefire.booter.ForkedBooter.runSuitesInProcess(ForkedBooter.java:385)
	at org.apache.maven.surefire.booter.ForkedBooter.execute(ForkedBooter.java:162)
	at org.apache.maven.surefire.booter.ForkedBooter.run(ForkedBooter.java:507)
	at org.apache.maven.surefire.booter.ForkedBooter.main(ForkedBooter.java:495)

Aug 25, 2026 3:10:44 AM org.minimalj.util.LoggingRuntimeException <init>
SEVERE: Statement failed: 
CREATE TABLE TestElementCode (
 id INT  NOT NULL,
 value INTEGER DEFAULT NULL,
 PRIMARY KEY (id)
)
org.h2.jdbc.JdbcSQLSyntaxErrorException: Syntax error in SQL statement "CREATE TABLE TESTELEMENTCODE (
 ID INT  NOT NULL,
 VALUE[*] INTEGER DEFAULT NULL,
 PRIMARY KEY (ID)
)"; expected "identifier"; SQL statement:
CREATE TABLE TestElementCode (
 id INT  NOT NULL,
 value INTEGER DEFAULT NULL,
 PRIMARY KEY (id)
) [42001-200]
	at org.h2.message.DbException.getJdbcSQLException(DbException.java:448)
	at org.h2.message.DbException.getJdbcSQLException(DbException.java:424)
	at org.h2.message.DbException.getSyntaxError(DbException.java:238)
	at org.h2.command.Parser.readColumnIdentifier(Parser.java:5056)
	at org.h2.command.Parser.parseTableColumnDefinition(Parser.java:8725)
	at org.h2.command.Parser.parseCreateTable(Parser.java:8666)
	at org.h2.command.Parser.parseCreate(Parser.java:6494)
	at org.h2.command.Parser.parsePrepared(Parser.java:922)
	at org.h2.command.Parser.parse(Parser.java:862)
	at org.h2.command.Parser.parse(Parser.java:834)
	at org.h2.command.Parser.prepareCommand(Parser.java:757)
	at org.h2.engine.Session.prepareLocal(Session.java:582)
	at org.h2.engine.Session.prepareCommand(Session.java:520)
	at org.h2.jdbc.JdbcConnection.prepareCommand(JdbcConnection.java:1235)
	at org.h2.jdbc.JdbcPreparedStatement.<init>(JdbcPreparedStatement.java:77)
	at org.h2.jdbc.JdbcConnection.prepareStatement(JdbcConnection.java:1157)
	at org.minimalj.repository.sql.AbstractTable.createStatement(AbstractTable.java:106)
	at org.minimalj.repository.sql.AbstractTable.execute(AbstractTable.java:111)
	at org.minimalj.repository.sql.AbstractTable.createTable(AbstractTable.java:126)
	at org.minimalj.repository.sql.Table.createTable(Table.java:61)
	at org.minimalj.repository.sql.SqlRepository.createTables(SqlRepository.java:592)
	at org.minimalj.repository.sql.SqlRepository.<init>(SqlRepository.java:100)
	at org.minimalj.repository.sql.SqlTest.createRepositoryH2(SqlTest.java:20)
	at org.minimalj.repository.sql.SqlTest.createTables(SqlTest.java:14)
	at java.base/jdk.internal.reflect.NativeMethodAccessorImpl.invoke0(Native Method)
	at java.base/jdk.internal.reflect.NativeMethodAccessorImpl.invoke(NativeMethodAccessorImpl.java:62)
	at java.base/jdk.internal.reflect.DelegatingMethodAccessorImpl.invoke(DelegatingMethodAccessorImpl.java:43)
	at java.base/java.lang.reflect.Method.invoke(Method.java:566)
	at org.junit.runners.model.FrameworkMethod$1.runReflectiveCall(FrameworkMethod.java:59)
	at org.junit.internal.runners.model.ReflectiveCallable.run(ReflectiveCallable.java:12)
	at org.junit.runners.model.FrameworkMethod.invokeExplosively(FrameworkMethod.java:56)
	at org.junit.internal.runners.statements.RunBefores.invokeMethod(RunBefores.java:33)
	at org.junit.internal.runners.statements.RunBefores.evaluate(RunBefores.java:24)
	at org.junit.internal.runners.statements.RunAfters.evaluate(RunAfters.java:27)
	at org.junit.runners.ParentRunner$3.evaluate(ParentRunner.java:306)
	at org.junit.runners.BlockJUnit4ClassRunner$1.evaluate(BlockJUnit4ClassRunner.java:100)
	at org.junit.runners.ParentRunner.runLeaf(ParentRunner.java:366)
	at org.junit.runners.BlockJUnit4ClassRunner.runChild(BlockJUnit4ClassRunner.java:103)
	at org.junit.runners.BlockJUnit4ClassRunner.runChild(BlockJUnit4ClassRunner.java:63)
	at org.junit.runners.ParentRunner$4.run(ParentRunner.java:331)
	at org.junit.runners.ParentRunner$1.schedule(ParentRunner.java:79)
	at org.junit.runners.ParentRunner.runChildren(ParentRunner.java:329)
	at org.junit.runners.ParentRunner.access$100(ParentRunner.java:66)
	at org.junit.runners.ParentRunner$2.evaluate(ParentRunner.java:293)
	at org.junit.runners.ParentRunner$3.evaluate(ParentRunner.java:306)
	at org.junit.runners.ParentRunner.run(ParentRunner.java:413)
	at org.apache.maven.surefire.junit4.JUnit4Provider.execute(JUnit4Provider.java:316)
	at org.apache.maven.surefire.junit4.JUnit4Provider.executeWithRerun(JUnit4Provider.java:240)
	at org.apache.maven.surefire.junit4.JUnit4Provider.executeTestSet(JUnit4Provider.java:214)
	at org.apache.maven.surefire.junit4.JUnit4Provider.invoke(JUnit4Provider.java:155)
	at org.apache.maven.surefire.booter.ForkedBooter.runSuitesInProcess(ForkedBooter.java:385)
	at org.apache.maven.surefire.booter.ForkedBooter.execute(ForkedBooter.java:162)
	at org.apache.maven.surefire.booter.ForkedBooter.run(ForkedBooter.java:507)
	at org.apache.maven.surefire.booter.ForkedBooter.main(ForkedBooter.java:495)

Aug 25, 2026 3:10:44 AM org.minimalj.util.LoggingRuntimeException <init>
SEVERE: Statement failed: 
CREATE TABLE TestElementCode (
 id INT  NOT NULL,
 value INTEGER DEFAULT NULL,
 PRIMARY KEY (id)
)
org.h2.jdbc.JdbcSQLSyntaxErrorException: Syntax error in SQL statement "CREATE TABLE TESTELEMENTCODE (
 ID INT  NOT NULL,
 VALUE[*] INTEGER DEFAULT NULL,
 PRIMARY KEY (ID)
)"; expected "identifier"; SQL statement:
CREATE TABLE TestElementCode (
 id INT  NOT NULL,
 value INTEGER DEFAULT NULL,
 PRIMARY KEY (id)
) [42001-200]
	at org.h2.message.DbException.getJdbcSQLException(DbException.java:448)
	at org.h2.message.DbException.getJdbcSQLException(DbException.java:424)
	at org.h2.message.DbException.getSyntaxError(DbException.java:238)
	at org.h2.command.Parser.readColumnIdentifier(Parser.java:5056)
	at org.h2.command.Parser.parseTableColumnDefinition(Parser.java:8725)
	at org.h2.command.Parser.parseCreateTable(Parser.java:8666)
	at org.h2.command.Parser.parseCreate(Parser.java:6494)
	at org.h2.command.Parser.parsePrepared(Parser.java:922)
	at org.h2.command.Parser.parse(Parser.java:862)
	at org.h2.command.Parser.parse(Parser.java:834)
	at org.h2.command.Parser.prepareCommand(Parser.java:757)
	at org.h2.engine.Session.prepareLocal(Session.java:582)
	at org.h2.engine.Session.prepareCommand(Session.java:520)
	at org.h2.jdbc.JdbcConnection.prepareCommand(JdbcConnection.java:1235)
	at org.h2.jdbc.JdbcPreparedStatement.<init>(JdbcPreparedStatement.java:77)
	at org.h2.jdbc.JdbcConnection.prepareStatement(JdbcConnection.java:1157)
	at org.minimalj.repository.sql.AbstractTable.createStatement(AbstractTable.java:106)
	at org.minimalj.repository.sql.AbstractTable.execute(AbstractTable.java:111)
	at org.minimalj.repository.sql.AbstractTable.createTable(AbstractTable.java:126)
	at org.minimalj.repository.sql.Table.createTable(Table.java:61)
	at org.minimalj.repository.sql.SqlRepository.createTables(SqlRepository.java:592)
	at org.minimalj.repository.sql.SqlRepository.<init>(SqlRepository.java:100)
	at org.minimalj.repository.sql.SqlTest.createRepositoryH2(SqlTest.java:20)
	at org.minimalj.repository.sql.SqlTest.createTables(SqlTest.java:14)
	at java.base/jdk.internal.reflect.NativeMethodAccessorImpl.invoke0(Native Method)
	at java.base/jdk.internal.reflect.NativeMethodAccessorImpl.invoke(NativeMethodAccessorImpl.java:62)
	at java.base/jdk.internal.reflect.DelegatingMethodAccessorImpl.invoke(DelegatingMethodAccessorImpl.java:43)
	at java.base/java.lang.reflect.Method.invoke(Method.java:566)
	at org.junit.runners.model.FrameworkMethod$1.runReflectiveCall(FrameworkMethod.java:59)
	at org.junit.internal.runners.model.ReflectiveCallable.run(ReflectiveCallable.java:12)
	at org.junit.runners.model.FrameworkMethod.invokeExplosively(FrameworkMethod.java:56)
	at org.junit.internal.runners.statements.RunBefores.invokeMethod(RunBefores.java:33)
	at org.junit.internal.runners.statements.RunBefores.evaluate(RunBefores.java:24)
	at org.junit.internal.runners.statements.RunAfters.evaluate(RunAfters.java:27)
	at org.junit.runners.ParentRunner$3.evaluate(ParentRunner.java:306)
	at org.junit.runners.BlockJUnit4ClassRunner$1.evaluate(BlockJUnit4ClassRunner.java:100)
	at org.junit.runners.ParentRunner.runLeaf(ParentRunner.java:366)
	at org.junit.runners.BlockJUnit4ClassRunner.runChild(BlockJUnit4ClassRunner.java:103)
	at org.junit.runners.BlockJUnit4ClassRunner.runChild(BlockJUnit4ClassRunner.java:63)
	at org.junit.runners.ParentRunner$4.run(ParentRunner.java:331)
	at org.junit.runners.ParentRunner$1.schedule(ParentRunner.java:79)
	at org.junit.runners.ParentRunner.runChildren(ParentRunner.java:329)
	at org.junit.runners.ParentRunner.access$100(ParentRunner.java:66)
	at org.junit.runners.ParentRunner$2.evaluate(ParentRunner.java:293)
	at org.junit.runners.ParentRunner$3.evaluate(ParentRunner.java:306)
	at org.junit.runners.ParentRunner.run(ParentRunner.java:413)
	at org.apache.maven.surefire.junit4.JUnit4Provider.execute(JUnit4Provider.java:316)
	at org.apache.maven.surefire.junit4.JUnit4Provider.executeWithRerun(JUnit4Provider.java:240)
	at org.apache.maven.surefire.junit4.JUnit4Provider.executeTestSet(JUnit4Provider.java:214)
	at org.apache.maven.surefire.junit4.JUnit4Provider.invoke(JUnit4Provider.java:155)
	at org.apache.maven.surefire.booter.ForkedBooter.runSuitesInProcess(ForkedBooter.java:385)
	at org.apache.maven.surefire.booter.ForkedBooter.execute(ForkedBooter.java:162)
	at org.apache.maven.surefire.booter.ForkedBooter.run(ForkedBooter.java:507)
	at org.apache.maven.surefire.booter.ForkedBooter.main(ForkedBooter.java:495)

Aug 25, 2026 3:10:44 AM org.minimalj.util.LoggingRuntimeException <init>
SEVERE: Statement failed: 
CREATE TABLE TestElementCode (
 id INT  NOT NULL,
 value INTEGER DEFAULT NULL,
 PRIMARY KEY (id)
)
org.h2.jdbc.JdbcSQLSyntaxErrorException: Syntax error in SQL statement "CREATE TABLE TESTELEMENTCODE (
 ID INT  NOT NULL,
 VALUE[*] INTEGER DEFAULT NULL,
 PRIMARY KEY (ID)
)"; expected "identifier"; SQL statement:
CREATE TABLE TestElementCode (
 id INT  NOT NULL,
 value INTEGER DEFAULT NULL,
 PRIMARY KEY (id)
) [42001-200]
	at org.h2.message.DbException.getJdbcSQLException(DbException.java:448)
	at org.h2.message.DbException.getJdbcSQLException(DbException.java:424)
	at org.h2.message.DbException.getSyntaxError(DbException.java:238)
	at org.h2.command.Parser.readColumnIdentifier(Parser.java:5056)
	at org.h2.command.Parser.parseTableColumnDefinition(Parser.java:8725)
	at org.h2.command.Parser.parseCreateTable(Parser.java:8666)
	at org.h2.command.Parser.parseCreate(Parser.java:6494)
	at org.h2.command.Parser.parsePrepared(Parser.java:922)
	at org.h2.command.Parser.parse(Parser.java:862)
	at org.h2.command.Parser.parse(Parser.java:834)
	at org.h2.command.Parser.prepareCommand(Parser.java:757)
	at org.h2.engine.Session.prepareLocal(Session.java:582)
	at org.h2.engine.Session.prepareCommand(Session.java:520)
	at org.h2.jdbc.JdbcConnection.prepareCommand(JdbcConnection.java:1235)
	at org.h2.jdbc.JdbcPreparedStatement.<init>(JdbcPreparedStatement.java:77)
	at org.h2.jdbc.JdbcConnection.prepareStatement(JdbcConnection.java:1157)
	at org.minimalj.repository.sql.AbstractTable.createStatement(AbstractTable.java:106)
	at org.minimalj.repository.sql.AbstractTable.execute(AbstractTable.java:111)
	at org.minimalj.repository.sql.AbstractTable.createTable(AbstractTable.java:126)
	at org.minimalj.repository.sql.Table.createTable(Table.java:61)
	at org.minimalj.repository.sql.SqlRepository.createTables(SqlRepository.java:592)
	at org.minimalj.repository.sql.SqlRepository.<init>(SqlRepository.java:100)
	at org.minimalj.repository.sql.SqlTest.createRepositoryH2(SqlTest.java:20)
	at org.minimalj.repository.sql.SqlTest.createTables(SqlTest.java:14)
	at java.base/jdk.internal.reflect.NativeMethodAccessorImpl.invoke0(Native Method)
	at java.base/jdk.internal.reflect.NativeMethodAccessorImpl.invoke(NativeMethodAccessorImpl.java:62)
	at java.base/jdk.internal.reflect.DelegatingMethodAccessorImpl.invoke(DelegatingMethodAccessorImpl.java:43)
	at java.base/java.lang.reflect.Method.invoke(Method.java:566)
	at org.junit.runners.model.FrameworkMethod$1.runReflectiveCall(FrameworkMethod.java:59)
	at org.junit.internal.runners.model.ReflectiveCallable.run(ReflectiveCallable.java:12)
	at org.junit.runners.model.FrameworkMethod.invokeExplosively(FrameworkMethod.java:56)
	at org.junit.internal.runners.statements.RunBefores.invokeMethod(RunBefores.java:33)
	at org.junit.internal.runners.statements.RunBefores.evaluate(RunBefores.java:24)
	at org.junit.internal.runners.statements.RunAfters.evaluate(RunAfters.java:27)
	at org.junit.runners.ParentRunner$3.evaluate(ParentRunner.java:306)
	at org.junit.runners.BlockJUnit4ClassRunner$1.evaluate(BlockJUnit4ClassRunner.java:100)
	at org.junit.runners.ParentRunner.runLeaf(ParentRunner.java:366)
	at org.junit.runners.BlockJUnit4ClassRunner.runChild(BlockJUnit4ClassRunner.java:103)
	at org.junit.runners.BlockJUnit4ClassRunner.runChild(BlockJUnit4ClassRunner.java:63)
	at org.junit.runners.ParentRunner$4.run(ParentRunner.java:331)
	at org.junit.runners.ParentRunner$1.schedule(ParentRunner.java:79)
	at org.junit.runners.ParentRunner.runChildren(ParentRunner.java:329)
	at org.junit.runners.ParentRunner.access$100(ParentRunner.java:66)
	at org.junit.runners.ParentRunner$2.evaluate(ParentRunner.java:293)
	at org.junit.runners.ParentRunner$3.evaluate(ParentRunner.java:306)
	at org.junit.runners.ParentRunner.run(ParentRunner.java:413)
	at org.apache.maven.surefire.junit4.JUnit4Provider.execute(JUnit4Provider.java:316)
	at org.apache.maven.surefire.junit4.JUnit4Provider.executeWithRerun(JUnit4Provider.java:240)
	at org.apache.maven.surefire.junit4.JUnit4Provider.executeTestSet(JUnit4Provider.java:214)
	at org.apache.maven.surefire.junit4.JUnit4Provider.invoke(JUnit4Provider.java:155)
	at org.apache.maven.surefire.booter.ForkedBooter.runSuitesInProcess(ForkedBooter.java:385)
	at org.apache.maven.surefire.booter.ForkedBooter.execute(ForkedBooter.java:162)
	at org.apache.maven.surefire.booter.ForkedBooter.run(ForkedBooter.java:507)
	at org.apache.maven.surefire.booter.ForkedBooter.main(ForkedBooter.java:495)

[ERROR] Tests run: 10, Failures: 0, Errors: 10, Skipped: 0, Time elapsed: 0.383 s <<< FAILURE! -- in org.minimalj.repository.sql.relation.SqlCrudTest
[ERROR] org.minimalj.repository.sql.relation.SqlCrudTest.testNullList -- Time elapsed: 0.254 s <<< ERROR!
org.minimalj.util.LoggingRuntimeException: 
Statement failed: 
CREATE TABLE TestElementCode (
 id INT  NOT NULL,
 value INTEGER DEFAULT NULL,
 PRIMARY KEY (id)
)
	at org.minimalj.repository.sql.AbstractTable.execute(AbstractTable.java:114)
	at org.minimalj.repository.sql.AbstractTable.createTable(AbstractTable.java:126)
	at org.minimalj.repository.sql.Table.createTable(Table.java:61)
	at org.minimalj.repository.sql.SqlRepository.createTables(SqlRepository.java:592)
	at org.minimalj.repository.sql.SqlRepository.<init>(SqlRepository.java:100)
	at org.minimalj.repository.sql.SqlTest.createRepositoryH2(SqlTest.java:20)
	at org.minimalj.repository.sql.SqlTest.createTables(SqlTest.java:14)
	at java.base/jdk.internal.reflect.NativeMethodAccessorImpl.invoke0(Native Method)
	at java.base/jdk.internal.reflect.NativeMethodAccessorImpl.invoke(NativeMethodAccessorImpl.java:62)
	at java.base/jdk.internal.reflect.DelegatingMethodAccessorImpl.invoke(DelegatingMethodAccessorImpl.java:43)
	at java.base/java.lang.reflect.Method.invoke(Method.java:566)
	at org.junit.runners.model.FrameworkMethod$1.runReflectiveCall(FrameworkMethod.java:59)
	at org.junit.internal.runners.model.ReflectiveCallable.run(ReflectiveCallable.java:12)
	at org.junit.runners.model.FrameworkMethod.invokeExplosively(FrameworkMethod.java:56)
	at org.junit.internal.runners.statements.RunBefores.invokeMethod(RunBefores.java:33)
	at org.junit.internal.runners.statements.RunBefores.evaluate(RunBefores.java:24)
	at org.junit.internal.runners.statements.RunAfters.evaluate(RunAfters.java:27)
	at org.junit.runners.ParentRunner$3.evaluate(ParentRunner.java:306)
	at org.junit.runners.BlockJUnit4ClassRunner$1.evaluate(BlockJUnit4ClassRunner.java:100)
	at org.junit.runners.ParentRunner.runLeaf(ParentRunner.java:366)
	at org.junit.runners.BlockJUnit4ClassRunner.runChild(BlockJUnit4ClassRunner.java:103)
	at org.junit.runners.BlockJUnit4ClassRunner.runChild(BlockJUnit4ClassRunner.java:63)
	at org.junit.runners.ParentRunner$4.run(ParentRunner.java:331)
	at org.junit.runners.ParentRunner$1.schedule(ParentRunner.java:79)
	at org.junit.runners.ParentRunner.runChildren(ParentRunner.java:329)
	at org.junit.runners.ParentRunner.access$100(ParentRunner.java:66)
	at org.junit.runners.ParentRunner$2.evaluate(ParentRunner.java:293)
	at org.junit.runners.ParentRunner$3.evaluate(ParentRunner.java:306)
	at org.junit.runners.ParentRunner.run(ParentRunner.java:413)
	at org.apache.maven.surefire.junit4.JUnit4Provider.execute(JUnit4Provider.java:316)
	at org.apache.maven.surefire.junit4.JUnit4Provider.executeWithRerun(JUnit4Provider.java:240)
	at org.apache.maven.surefire.junit4.JUnit4Provider.executeTestSet(JUnit4Provider.java:214)
	at org.apache.maven.surefire.junit4.JUnit4Provider.invoke(JUnit4Provider.java:155)
	at org.apache.maven.surefire.booter.ForkedBooter.runSuitesInProcess(ForkedBooter.java:385)
	at org.apache.maven.surefire.booter.ForkedBooter.execute(ForkedBooter.java:162)
	at org.apache.maven.surefire.booter.ForkedBooter.run(ForkedBooter.java:507)
	at org.apache.maven.surefire.booter.ForkedBooter.main(ForkedBooter.java:495)

[ERROR] org.minimalj.repository.sql.relation.SqlCrudTest.testNullList -- Time elapsed: 0.256 s <<< ERROR!
java.lang.NullPointerException
	at org.minimalj.repository.sql.SqlTest.dropTables(SqlTest.java:30)
	at java.base/jdk.internal.reflect.NativeMethodAccessorImpl.invoke0(Native Method)
	at java.base/jdk.internal.reflect.NativeMethodAccessorImpl.invoke(NativeMethodAccessorImpl.java:62)
	at java.base/jdk.internal.reflect.DelegatingMethodAccessorImpl.invoke(DelegatingMethodAccessorImpl.java:43)
	at java.base/java.lang.reflect.Method.invoke(Method.java:566)
	at org.junit.runners.model.FrameworkMethod$1.runReflectiveCall(FrameworkMethod.java:59)
	at org.junit.internal.runners.model.ReflectiveCallable.run(ReflectiveCallable.java:12)
	at org.junit.runners.model.FrameworkMethod.invokeExplosively(FrameworkMethod.java:56)
	at org.junit.internal.runners.statements.RunAfters.invokeMethod(RunAfters.java:46)
	at org.junit.internal.runners.statements.RunAfters.evaluate(RunAfters.java:33)
	at org.junit.runners.ParentRunner$3.evaluate(ParentRunner.java:306)
	at org.junit.runners.BlockJUnit4ClassRunner$1.evaluate(BlockJUnit4ClassRunner.java:100)
	at org.junit.runners.ParentRunner.runLeaf(ParentRunner.java:366)
	at org.junit.runners.BlockJUnit4ClassRunner.runChild(BlockJUnit4ClassRunner.java:103)
	at org.junit.runners.BlockJUnit4ClassRunner.runChild(BlockJUnit4ClassRunner.java:63)
	at org.junit.runners.ParentRunner$4.run(ParentRunner.java:331)
	at org.junit.runners.ParentRunner$1.schedule(ParentRunner.java:79)
	at org.junit.runners.ParentRunner.runChildren(ParentRunner.java:329)
	at org.junit.runners.ParentRunner.access$100(ParentRunner.java:66)
	at org.junit.runners.ParentRunner$2.evaluate(ParentRunner.java:293)
	at org.junit.runners.ParentRunner$3.evaluate(ParentRunner.java:306)
	at org.junit.runners.ParentRunner.run(ParentRunner.java:413)
	at org.apache.maven.surefire.junit4.JUnit4Provider.execute(JUnit4Provider.java:316)
	at org.apache.maven.surefire.junit4.JUnit4Provider.executeWithRerun(JUnit4Provider.java:240)
	at org.apache.maven.surefire.junit4.JUnit4Provider.executeTestSet(JUnit4Provider.java:214)
	at org.apache.maven.surefire.junit4.JUnit4Provider.invoke(JUnit4Provider.java:155)
	at org.apache.maven.surefire.booter.ForkedBooter.runSuitesInProcess(ForkedBooter.java:385)
	at org.apache.maven.surefire.booter.ForkedBooter.execute(ForkedBooter.java:162)
	at org.apache.maven.surefire.booter.ForkedBooter.run(ForkedBooter.java:507)
	at org.apache.maven.surefire.booter.ForkedBooter.main(ForkedBooter.java:495)

[ERROR] org.minimalj.repository.sql.relation.SqlCrudTest.testAddElement -- Time elapsed: 0.011 s <<< ERROR!
org.minimalj.util.LoggingRuntimeException: 
Statement failed: 
CREATE TABLE TestElementCode (
 id INT  NOT NULL,
 value INTEGER DEFAULT NULL,
 PRIMARY KEY (id)
)
	at org.minimalj.repository.sql.AbstractTable.execute(AbstractTable.java:114)
	at org.minimalj.repository.sql.AbstractTable.createTable(AbstractTable.java:126)
	at org.minimalj.repository.sql.Table.createTable(Table.java:61)
	at org.minimalj.repository.sql.SqlRepository.createTables(SqlRepository.java:592)
	at org.minimalj.repository.sql.SqlRepository.<init>(SqlRepository.java:100)
	at org.minimalj.repository.sql.SqlTest.createRepositoryH2(SqlTest.java:20)
	at org.minimalj.repository.sql.SqlTest.createTables(SqlTest.java:14)
	at java.base/jdk.internal.reflect.NativeMethodAccessorImpl.invoke0(Native Method)
	at java.base/jdk.internal.reflect.NativeMethodAccessorImpl.invoke(NativeMethodAccessorImpl.java:62)
	at java.base/jdk.internal.reflect.DelegatingMethodAccessorImpl.invoke(DelegatingMethodAccessorImpl.java:43)
	at java.base/java.lang.reflect.Method.invoke(Method.java:566)
	at org.junit.runners.model.FrameworkMethod$1.runReflectiveCall(FrameworkMethod.java:59)
	at org.junit.internal.runners.model.ReflectiveCallable.run(ReflectiveCallable.java:12)
	at org.junit.runners.model.FrameworkMethod.invokeExplosively(FrameworkMethod.java:56)
	at org.junit.internal.runners.statements.RunBefores.invokeMethod(RunBefores.java:33)
	at org.junit.internal.runners.statements.RunBefores.evaluate(RunBefores.java:24)
	at org.junit.internal.runners.statements.RunAfters.evaluate(RunAfters.java:27)
	at org.junit.runners.ParentRunner$3.evaluate(ParentRunner.java:306)
	at org.junit.runners.BlockJUnit4ClassRunner$1.evaluate(BlockJUnit4ClassRunner.java:100)
	at org.junit.runners.ParentRunner.runLeaf(ParentRunner.java:366)
	at org.junit.runners.BlockJUnit4ClassRunner.runChild(BlockJUnit4ClassRunner.java:103)
	at org.junit.runners.BlockJUnit4ClassRunner.runChild(BlockJUnit4ClassRunner.java:63)
	at org.junit.runners.ParentRunner$4.run(ParentRunner.java:331)
	at org.junit.runners.ParentRunner$1.schedule(ParentRunner.java:79)
	at org.junit.runners.ParentRunner.runChildren(ParentRunner.java:329)
	at org.junit.runners.ParentRunner.access$100(ParentRunner.java:66)
	at org.junit.runners.ParentRunner$2.evaluate(ParentRunner.java:293)
	at org.junit.runners.ParentRunner$3.evaluate(ParentRunner.java:306)
	at org.junit.runners.ParentRunner.run(ParentRunner.java:413)
	at org.apache.maven.surefire.junit4.JUnit4Provider.execute(JUnit4Provider.java:316)
	at org.apache.maven.surefire.junit4.JUnit4Provider.executeWithRerun(JUnit4Provider.java:240)
	at org.apache.maven.surefire.junit4.JUnit4Provider.executeTestSet(JUnit4Provider.java:214)
	at org.apache.maven.surefire.junit4.JUnit4Provider.invoke(JUnit4Provider.java:155)
	at org.apache.maven.surefire.booter.ForkedBooter.runSuitesInProcess(ForkedBooter.java:385)
	at org.apache.maven.surefire.booter.ForkedBooter.execute(ForkedBooter.java:162)
	at org.apache.maven.surefire.booter.ForkedBooter.run(ForkedBooter.java:507)
	at org.apache.maven.surefire.booter.ForkedBooter.main(ForkedBooter.java:495)

[ERROR] org.minimalj.repository.sql.relation.SqlCrudTest.testAddElement -- Time elapsed: 0.011 s <<< ERROR!
java.lang.NullPointerException
	at org.minimalj.repository.sql.SqlTest.dropTables(SqlTest.java:30)
	at java.base/jdk.internal.reflect.NativeMethodAccessorImpl.invoke0(Native Method)
	at java.base/jdk.internal.reflect.NativeMethodAccessorImpl.invoke(NativeMethodAccessorImpl.java:62)
	at java.base/jdk.internal.reflect.DelegatingMethodAccessorImpl.invoke(DelegatingMethodAccessorImpl.java:43)
	at java.base/java.lang.reflect.Method.invoke(Method.java:566)
	at org.junit.runners.model.FrameworkMethod$1.runReflectiveCall(FrameworkMethod.java:59)
	at org.junit.internal.runners.model.ReflectiveCallable.run(ReflectiveCallable.java:12)
	at org.junit.runners.model.FrameworkMethod.invokeExplosively(FrameworkMethod.java:56)
	at org.junit.internal.runners.statements.RunAfters.invokeMethod(RunAfters.java:46)
	at org.junit.internal.runners.statements.RunAfters.evaluate(RunAfters.java:33)
	at org.junit.runners.ParentRunner$3.evaluate(ParentRunner.java:306)
	at org.junit.runners.BlockJUnit4ClassRunner$1.evaluate(BlockJUnit4ClassRunner.java:100)
	at org.junit.runners.ParentRunner.runLeaf(ParentRunner.java:366)
	at org.junit.runners.BlockJUnit4ClassRunner.runChild(BlockJUnit4ClassRunner.java:103)
	at org.junit.runners.BlockJUnit4ClassRunner.runChild(BlockJUnit4ClassRunner.java:63)
	at org.junit.runners.ParentRunner$4.run(ParentRunner.java:331)
	at org.junit.runners.ParentRunner$1.schedule(ParentRunner.java:79)
	at org.junit.runners.ParentRunner.runChildren(ParentRunner.java:329)
	at org.junit.runners.ParentRunner.access$100(ParentRunner.java:66)
	at org.junit.runners.ParentRunner$2.evaluate(ParentRunner.java:293)
	at org.junit.runners.ParentRunner$3.evaluate(ParentRunner.java:306)
	at org.junit.runners.ParentRunner.run(ParentRunner.java:413)
	at org.apache.maven.surefire.junit4.JUnit4Provider.execute(JUnit4Provider.java:316)
	at org.apache.maven.surefire.junit4.JUnit4Provider.executeWithRerun(JUnit4Provider.java:240)
	at org.apache.maven.surefire.junit4.JUnit4Provider.executeTestSet(JUnit4Provider.java:214)
	at org.apache.maven.surefire.junit4.JUnit4Provider.invoke(JUnit4Provider.java:155)
	at org.apache.maven.surefire.booter.ForkedBooter.runSuitesInProcess(ForkedBooter.java:385)
	at org.apache.maven.surefire.booter.ForkedBooter.execute(ForkedBooter.java:162)
	at org.apache.maven.surefire.booter.ForkedBooter.run(ForkedBooter.java:507)
	at org.apache.maven.surefire.booter.ForkedBooter.main(ForkedBooter.java:495)

[ERROR] org.minimalj.repository.sql.relation.SqlCrudTest.testUpdateParent -- Time elapsed: 0.023 s <<< ERROR!
org.minimalj.util.LoggingRuntimeException: 
Statement failed: 
CREATE TABLE TestElementCode (
 id INT  NOT NULL,
 value INTEGER DEFAULT NULL,
 PRIMARY KEY (id)
)
	at org.minimalj.repository.sql.AbstractTable.execute(AbstractTable.java:114)
	at org.minimalj.repository.sql.AbstractTable.createTable(AbstractTable.java:126)
	at org.minimalj.repository.sql.Table.createTable(Table.java:61)
	at org.minimalj.repository.sql.SqlRepository.createTables(SqlRepository.java:592)
	at org.minimalj.repository.sql.SqlRepository.<init>(SqlRepository.java:100)
	at org.minimalj.repository.sql.SqlTest.createRepositoryH2(SqlTest.java:20)
	at org.minimalj.repository.sql.SqlTest.createTables(SqlTest.java:14)
	at java.base/jdk.internal.reflect.NativeMethodAccessorImpl.invoke0(Native Method)
	at java.base/jdk.internal.reflect.NativeMethodAccessorImpl.invoke(NativeMethodAccessorImpl.java:62)
	at java.base/jdk.internal.reflect.DelegatingMethodAccessorImpl.invoke(DelegatingMethodAccessorImpl.java:43)
	at java.base/java.lang.reflect.Method.invoke(Method.java:566)
	at org.junit.runners.model.FrameworkMethod$1.runReflectiveCall(FrameworkMethod.java:59)
	at org.junit.internal.runners.model.ReflectiveCallable.run(ReflectiveCallable.java:12)
	at org.junit.runners.model.FrameworkMethod.invokeExplosively(FrameworkMethod.java:56)
	at org.junit.internal.runners.statements.RunBefores.invokeMethod(RunBefores.java:33)
	at org.junit.internal.runners.statements.RunBefores.evaluate(RunBefores.java:24)
	at org.junit.internal.runners.statements.RunAfters.evaluate(RunAfters.java:27)
	at org.junit.runners.ParentRunner$3.evaluate(ParentRunner.java:306)
	at org.junit.runners.BlockJUnit4ClassRunner$1.evaluate(BlockJUnit4ClassRunner.java:100)
	at org.junit.runners.ParentRunner.runLeaf(ParentRunner.java:366)
	at org.junit.runners.BlockJUnit4ClassRunner.runChild(BlockJUnit4ClassRunner.java:103)
	at org.junit.runners.BlockJUnit4ClassRunner.runChild(BlockJUnit4ClassRunner.java:63)
	at org.junit.runners.ParentRunner$4.run(ParentRunner.java:331)
	at org.junit.runners.ParentRunner$1.schedule(ParentRunner.java:79)
	at org.junit.runners.ParentRunner.runChildren(ParentRunner.java:329)
	at org.junit.runners.ParentRunner.access$100(ParentRunner.java:66)
	at org.junit.runners.ParentRunner$2.evaluate(ParentRunner.java:293)
	at org.junit.runners.ParentRunner$3.evaluate(ParentRunner.java:306)
	at org.junit.runners.ParentRunner.run(ParentRunner.java:413)
	at org.apache.maven.surefire.junit4.JUnit4Provider.execute(JUnit4Provider.java:316)
	at org.apache.maven.surefire.junit4.JUnit4Provider.executeWithRerun(JUnit4Provider.java:240)
	at org.apache.maven.surefire.junit4.JUnit4Provider.executeTestSet(JUnit4Provider.java:214)
	at org.apache.maven.surefire.junit4.JUnit4Provider.invoke(JUnit4Provider.java:155)
	at org.apache.maven.surefire.booter.ForkedBooter.runSuitesInProcess(ForkedBooter.java:385)
	at org.apache.maven.surefire.booter.ForkedBooter.execute(ForkedBooter.java:162)
	at org.apache.maven.surefire.booter.ForkedBooter.run(ForkedBooter.java:507)
	at org.apache.maven.surefire.booter.ForkedBooter.main(ForkedBooter.java:495)

[ERROR] org.minimalj.repository.sql.relation.SqlCrudTest.testUpdateParent -- Time elapsed: 0.023 s <<< ERROR!
java.lang.NullPointerException
	at org.minimalj.repository.sql.SqlTest.dropTables(SqlTest.java:30)
	at java.base/jdk.internal.reflect.NativeMethodAccessorImpl.invoke0(Native Method)
	at java.base/jdk.internal.reflect.NativeMethodAccessorImpl.invoke(NativeMethodAccessorImpl.java:62)
	at java.base/jdk.internal.reflect.DelegatingMethodAccessorImpl.invoke(DelegatingMethodAccessorImpl.java:43)
	at java.base/java.lang.reflect.Method.invoke(Method.java:566)
	at org.junit.runners.model.FrameworkMethod$1.runReflectiveCall(FrameworkMethod.java:59)
	at org.junit.internal.runners.model.ReflectiveCallable.run(ReflectiveCallable.java:12)
	at org.junit.runners.model.FrameworkMethod.invokeExplosively(FrameworkMethod.java:56)
	at org.junit.internal.runners.statements.RunAfters.invokeMethod(RunAfters.java:46)
	at org.junit.internal.runners.statements.RunAfters.evaluate(RunAfters.java:33)
	at org.junit.runners.ParentRunner$3.evaluate(ParentRunner.java:306)
	at org.junit.runners.BlockJUnit4ClassRunner$1.evaluate(BlockJUnit4ClassRunner.java:100)
	at org.junit.runners.ParentRunner.runLeaf(ParentRunner.java:366)
	at org.junit.runners.BlockJUnit4ClassRunner.runChild(BlockJUnit4ClassRunner.java:103)
	at org.junit.runners.BlockJUnit4ClassRunner.runChild(BlockJUnit4ClassRunner.java:63)
	at org.junit.runners.ParentRunner$4.run(ParentRunner.java:331)
	at org.junit.runners.ParentRunner$1.schedule(ParentRunner.java:79)
	at org.junit.runners.ParentRunner.runChildren(ParentRunner.java:329)
	at org.junit.runners.ParentRunner.access$100(ParentRunner.java:66)
	at org.junit.runners.ParentRunner$2.evaluate(ParentRunner.java:293)
	at org.junit.runners.ParentRunner$3.evaluate(ParentRunner.java:306)
	at org.junit.runners.ParentRunner.run(ParentRunner.java:413)
	at org.apache.maven.surefire.junit4.JUnit4Provider.execute(JUnit4Provider.java:316)
	at org.apache.maven.surefire.junit4.JUnit4Provider.executeWithRerun(JUnit4Provider.java:240)
	at org.apache.maven.surefire.junit4.JUnit4Provider.executeTestSet(JUnit4Provider.java:214)
	at org.apache.maven.surefire.junit4.JUnit4Provider.invoke(JUnit4Provider.java:155)
	at org.apache.maven.surefire.booter.ForkedBooter.runSuitesInProcess(ForkedBooter.java:385)
	at org.apache.maven.surefire.booter.ForkedBooter.execute(ForkedBooter.java:162)
	at org.apache.maven.surefire.booter.ForkedBooter.run(ForkedBooter.java:507)
	at org.apache.maven.surefire.booter.ForkedBooter.main(ForkedBooter.java:495)

[ERROR] org.minimalj.repository.sql.relation.SqlCrudTest.testInsertAndRead -- Time elapsed: 0.021 s <<< ERROR!
org.minimalj.util.LoggingRuntimeException: 
Statement failed: 
CREATE TABLE TestElementCode (
 id INT  NOT NULL,
 value INTEGER DEFAULT NULL,
 PRIMARY KEY (id)
)
	at org.minimalj.repository.sql.AbstractTable.execute(AbstractTable.java:114)
	at org.minimalj.repository.sql.AbstractTable.createTable(AbstractTable.java:126)
	at org.minimalj.repository.sql.Table.createTable(Table.java:61)
	at org.minimalj.repository.sql.SqlRepository.createTables(SqlRepository.java:592)
	at org.minimalj.repository.sql.SqlRepository.<init>(SqlRepository.java:100)
	at org.minimalj.repository.sql.SqlTest.createRepositoryH2(SqlTest.java:20)
	at org.minimalj.repository.sql.SqlTest.createTables(SqlTest.java:14)
	at java.base/jdk.internal.reflect.NativeMethodAccessorImpl.invoke0(Native Method)
	at java.base/jdk.internal.reflect.NativeMethodAccessorImpl.invoke(NativeMethodAccessorImpl.java:62)
	at java.base/jdk.internal.reflect.DelegatingMethodAccessorImpl.invoke(DelegatingMethodAccessorImpl.java:43)
	at java.base/java.lang.reflect.Method.invoke(Method.java:566)
	at org.junit.runners.model.FrameworkMethod$1.runReflectiveCall(FrameworkMethod.java:59)
	at org.junit.internal.runners.model.ReflectiveCallable.run(ReflectiveCallable.java:12)
	at org.junit.runners.model.FrameworkMethod.invokeExplosively(FrameworkMethod.java:56)
	at org.junit.internal.runners.statements.RunBefores.invokeMethod(RunBefores.java:33)
	at org.junit.internal.runners.statements.RunBefores.evaluate(RunBefores.java:24)
	at org.junit.internal.runners.statements.RunAfters.evaluate(RunAfters.java:27)
	at org.junit.runners.ParentRunner$3.evaluate(ParentRunner.java:306)
	at org.junit.runners.BlockJUnit4ClassRunner$1.evaluate(BlockJUnit4ClassRunner.java:100)
	at org.junit.runners.ParentRunner.runLeaf(ParentRunner.java:366)
	at org.junit.runners.BlockJUnit4ClassRunner.runChild(BlockJUnit4ClassRunner.java:103)
	at org.junit.runners.BlockJUnit4ClassRunner.runChild(BlockJUnit4ClassRunner.java:63)
	at org.junit.runners.ParentRunner$4.run(ParentRunner.java:331)
	at org.junit.runners.ParentRunner$1.schedule(ParentRunner.java:79)
	at org.junit.runners.ParentRunner.runChildren(ParentRunner.java:329)
	at org.junit.runners.ParentRunner.access$100(ParentRunner.java:66)
	at org.junit.runners.ParentRunner$2.evaluate(ParentRunner.java:293)
	at org.junit.runners.ParentRunner$3.evaluate(ParentRunner.java:306)
	at org.junit.runners.ParentRunner.run(ParentRunner.java:413)
	at org.apache.maven.surefire.junit4.JUnit4Provider.execute(JUnit4Provider.java:316)
	at org.apache.maven.surefire.junit4.JUnit4Provider.executeWithRerun(JUnit4Provider.java:240)
	at org.apache.maven.surefire.junit4.JUnit4Provider.executeTestSet(JUnit4Provider.java:214)
	at org.apache.maven.surefire.junit4.JUnit4Provider.invoke(JUnit4Provider.java:155)
	at org.apache.maven.surefire.booter.ForkedBooter.runSuitesInProcess(ForkedBooter.java:385)
	at org.apache.maven.surefire.booter.ForkedBooter.execute(ForkedBooter.java:162)
	at org.apache.maven.surefire.booter.ForkedBooter.run(ForkedBooter.java:507)
	at org.apache.maven.surefire.booter.ForkedBooter.main(ForkedBooter.java:495)

[ERROR] org.minimalj.repository.sql.relation.SqlCrudTest.testInsertAndRead -- Time elapsed: 0.022 s <<< ERROR!
java.lang.NullPointerException
	at org.minimalj.repository.sql.SqlTest.dropTables(SqlTest.java:30)
	at java.base/jdk.internal.reflect.NativeMethodAccessorImpl.invoke0(Native Method)
	at java.base/jdk.internal.reflect.NativeMethodAccessorImpl.invoke(NativeMethodAccessorImpl.java:62)
	at java.base/jdk.internal.reflect.DelegatingMethodAccessorImpl.invoke(DelegatingMethodAccessorImpl.java:43)
	at java.base/java.lang.reflect.Method.invoke(Method.java:566)
	at org.junit.runners.model.FrameworkMethod$1.runReflectiveCall(FrameworkMethod.java:59)
	at org.junit.internal.runners.model.ReflectiveCallable.run(ReflectiveCallable.java:12)
	at org.junit.runners.model.FrameworkMethod.invokeExplosively(FrameworkMethod.java:56)
	at org.junit.internal.runners.statements.RunAfters.invokeMethod(RunAfters.java:46)
	at org.junit.internal.runners.statements.RunAfters.evaluate(RunAfters.java:33)
	at org.junit.runners.ParentRunner$3.evaluate(ParentRunner.java:306)
	at org.junit.runners.BlockJUnit4ClassRunner$1.evaluate(BlockJUnit4ClassRunner.java:100)
	at org.junit.runners.ParentRunner.runLeaf(ParentRunner.java:366)
	at org.junit.runners.BlockJUnit4ClassRunner.runChild(BlockJUnit4ClassRunner.java:103)
	at org.junit.runners.BlockJUnit4ClassRunner.runChild(BlockJUnit4ClassRunner.java:63)
	at org.junit.runners.ParentRunner$4.run(ParentRunner.java:331)
	at org.junit.runners.ParentRunner$1.schedule(ParentRunner.java:79)
	at org.junit.runners.ParentRunner.runChildren(ParentRunner.java:329)
	at org.junit.runners.ParentRunner.access$100(ParentRunner.java:66)
	at org.junit.runners.ParentRunner$2.evaluate(ParentRunner.java:293)
	at org.junit.runners.ParentRunner$3.evaluate(ParentRunner.java:306)
	at org.junit.runners.ParentRunner.run(ParentRunner.java:413)
	at org.apache.maven.surefire.junit4.JUnit4Provider.execute(JUnit4Provider.java:316)
	at org.apache.maven.surefire.junit4.JUnit4Provider.executeWithRerun(JUnit4Provider.java:240)
	at org.apache.maven.surefire.junit4.JUnit4Provider.executeTestSet(JUnit4Provider.java:214)
	at org.apache.maven.surefire.junit4.JUnit4Provider.invoke(JUnit4Provider.java:155)
	at org.apache.maven.surefire.booter.ForkedBooter.runSuitesInProcess(ForkedBooter.java:385)
	at org.apache.maven.surefire.booter.ForkedBooter.execute(ForkedBooter.java:162)
	at org.apache.maven.surefire.booter.ForkedBooter.run(ForkedBooter.java:507)
	at org.apache.maven.surefire.booter.ForkedBooter.main(ForkedBooter.java:495)

[ERROR] org.minimalj.repository.sql.relation.SqlCrudTest.testUseElementTwice -- Time elapsed: 0.018 s <<< ERROR!
org.minimalj.util.LoggingRuntimeException: 
Statement failed: 
CREATE TABLE TestElementCode (
 id INT  NOT NULL,
 value INTEGER DEFAULT NULL,
 PRIMARY KEY (id)
)
	at org.minimalj.repository.sql.AbstractTable.execute(AbstractTable.java:114)
	at org.minimalj.repository.sql.AbstractTable.createTable(AbstractTable.java:126)
	at org.minimalj.repository.sql.Table.createTable(Table.java:61)
	at org.minimalj.repository.sql.SqlRepository.createTables(SqlRepository.java:592)
	at org.minimalj.repository.sql.SqlRepository.<init>(SqlRepository.java:100)
	at org.minimalj.repository.sql.SqlTest.createRepositoryH2(SqlTest.java:20)
	at org.minimalj.repository.sql.SqlTest.createTables(SqlTest.java:14)
	at java.base/jdk.internal.reflect.NativeMethodAccessorImpl.invoke0(Native Method)
	at java.base/jdk.internal.reflect.NativeMethodAccessorImpl.invoke(NativeMethodAccessorImpl.java:62)
	at java.base/jdk.internal.reflect.DelegatingMethodAccessorImpl.invoke(DelegatingMethodAccessorImpl.java:43)
	at java.base/java.lang.reflect.Method.invoke(Method.java:566)
	at org.junit.runners.model.FrameworkMethod$1.runReflectiveCall(FrameworkMethod.java:59)
	at org.junit.internal.runners.model.ReflectiveCallable.run(ReflectiveCallable.java:12)
	at org.junit.runners.model.FrameworkMethod.invokeExplosively(FrameworkMethod.java:56)
	at org.junit.internal.runners.statements.RunBefores.invokeMethod(RunBefores.java:33)
	at org.junit.internal.runners.statements.RunBefores.evaluate(RunBefores.java:24)
	at org.junit.internal.runners.statements.RunAfters.evaluate(RunAfters.java:27)
	at org.junit.runners.ParentRunner$3.evaluate(ParentRunner.java:306)
	at org.junit.runners.BlockJUnit4ClassRunner$1.evaluate(BlockJUnit4ClassRunner.java:100)
	at org.junit.runners.ParentRunner.runLeaf(ParentRunner.java:366)
	at org.junit.runners.BlockJUnit4ClassRunner.runChild(BlockJUnit4ClassRunner.java:103)
	at org.junit.runners.BlockJUnit4ClassRunner.runChild(BlockJUnit4ClassRunner.java:63)
	at org.junit.runners.ParentRunner$4.run(ParentRunner.java:331)
	at org.junit.runners.ParentRunner$1.schedule(ParentRunner.java:79)
	at org.junit.runners.ParentRunner.runChildren(ParentRunner.java:329)
	at org.junit.runners.ParentRunner.access$100(ParentRunner.java:66)
	at org.junit.runners.ParentRunner$2.evaluate(ParentRunner.java:293)
	at org.junit.runners.ParentRunner$3.evaluate(ParentRunner.java:306)
	at org.junit.runners.ParentRunner.run(ParentRunner.java:413)
	at org.apache.maven.surefire.junit4.JUnit4Provider.execute(JUnit4Provider.java:316)
	at org.apache.maven.surefire.junit4.JUnit4Provider.executeWithRerun(JUnit4Provider.java:240)
	at org.apache.maven.surefire.junit4.JUnit4Provider.executeTestSet(JUnit4Provider.java:214)
	at org.apache.maven.surefire.junit4.JUnit4Provider.invoke(JUnit4Provider.java:155)
	at org.apache.maven.surefire.booter.ForkedBooter.runSuitesInProcess(ForkedBooter.java:385)
	at org.apache.maven.surefire.booter.ForkedBooter.execute(ForkedBooter.java:162)
	at org.apache.maven.surefire.booter.ForkedBooter.run(ForkedBooter.java:507)
	at org.apache.maven.surefire.booter.ForkedBooter.main(ForkedBooter.java:495)

[ERROR] org.minimalj.repository.sql.relation.SqlCrudTest.testUseElementTwice -- Time elapsed: 0.018 s <<< ERROR!
java.lang.NullPointerException
	at org.minimalj.repository.sql.SqlTest.dropTables(SqlTest.java:30)
	at java.base/jdk.internal.reflect.NativeMethodAccessorImpl.invoke0(Native Method)
	at java.base/jdk.internal.reflect.NativeMethodAccessorImpl.invoke(NativeMethodAccessorImpl.java:62)
	at java.base/jdk.internal.reflect.DelegatingMethodAccessorImpl.invoke(DelegatingMethodAccessorImpl.java:43)
	at java.base/java.lang.reflect.Method.invoke(Method.java:566)
	at org.junit.runners.model.FrameworkMethod$1.runReflectiveCall(FrameworkMethod.java:59)
	at org.junit.internal.runners.model.ReflectiveCallable.run(ReflectiveCallable.java:12)
	at org.junit.runners.model.FrameworkMethod.invokeExplosively(FrameworkMethod.java:56)
	at org.junit.internal.runners.statements.RunAfters.invokeMethod(RunAfters.java:46)
	at org.junit.internal.runners.statements.RunAfters.evaluate(RunAfters.java:33)
	at org.junit.runners.ParentRunner$3.evaluate(ParentRunner.java:306)
	at org.junit.runners.BlockJUnit4ClassRunner$1.evaluate(BlockJUnit4ClassRunner.java:100)
	at org.junit.runners.ParentRunner.runLeaf(ParentRunner.java:366)
	at org.junit.runners.BlockJUnit4ClassRunner.runChild(BlockJUnit4ClassRunner.java:103)
	at org.junit.runners.BlockJUnit4ClassRunner.runChild(BlockJUnit4ClassRunner.java:63)
	at org.junit.runners.ParentRunner$4.run(ParentRunner.java:331)
	at org.junit.runners.ParentRunner$1.schedule(ParentRunner.java:79)
	at org.junit.runners.ParentRunner.runChildren(ParentRunner.java:329)
	at org.junit.runners.ParentRunner.access$100(ParentRunner.java:66)
	at org.junit.runners.ParentRunner$2.evaluate(ParentRunner.java:293)
	at org.junit.runners.ParentRunner$3.evaluate(ParentRunner.java:306)
	at org.junit.runners.ParentRunner.run(ParentRunner.java:413)
	at org.apache.maven.surefire.junit4.JUnit4Provider.execute(JUnit4Provider.java:316)
	at org.apache.maven.surefire.junit4.JUnit4Provider.executeWithRerun(JUnit4Provider.java:240)
	at org.apache.maven.surefire.junit4.JUnit4Provider.executeTestSet(JUnit4Provider.java:214)
	at org.apache.maven.surefire.junit4.JUnit4Provider.invoke(JUnit4Provider.java:155)
	at org.apache.maven.surefire.booter.ForkedBooter.runSuitesInProcess(ForkedBooter.java:385)
	at org.apache.maven.surefire.booter.ForkedBooter.execute(ForkedBooter.java:162)
	at org.apache.maven.surefire.booter.ForkedBooter.run(ForkedBooter.java:507)
	at org.apache.maven.surefire.booter.ForkedBooter.main(ForkedBooter.java:495)

[INFO] Running org.minimalj.model.backend.TransactionTest
Aug 25, 2026 3:10:44 AM org.minimalj.util.LoggingRuntimeException <init>
SEVERE: Statement failed: 
CREATE TABLE TestEntityA (
 id CHAR(36) NOT NULL,
 value INTEGER DEFAULT NULL,
 PRIMARY KEY (id)
)
org.h2.jdbc.JdbcSQLSyntaxErrorException: Syntax error in SQL statement "CREATE TABLE TESTENTITYA (
 ID CHAR(36) NOT NULL,
 VALUE[*] INTEGER DEFAULT NULL,
 PRIMARY KEY (ID)
)"; expected "identifier"; SQL statement:
CREATE TABLE TestEntityA (
 id CHAR(36) NOT NULL,
 value INTEGER DEFAULT NULL,
 PRIMARY KEY (id)
) [42001-200]
	at org.h2.message.DbException.getJdbcSQLException(DbException.java:448)
	at org.h2.message.DbException.getJdbcSQLException(DbException.java:424)
	at org.h2.message.DbException.getSyntaxError(DbException.java:238)
	at org.h2.command.Parser.readColumnIdentifier(Parser.java:5056)
	at org.h2.command.Parser.parseTableColumnDefinition(Parser.java:8725)
	at org.h2.command.Parser.parseCreateTable(Parser.java:8666)
	at org.h2.command.Parser.parseCreate(Parser.java:6494)
	at org.h2.command.Parser.parsePrepared(Parser.java:922)
	at org.h2.command.Parser.parse(Parser.java:862)
	at org.h2.command.Parser.parse(Parser.java:834)
	at org.h2.command.Parser.prepareCommand(Parser.java:757)
	at org.h2.engine.Session.prepareLocal(Session.java:582)
	at org.h2.engine.Session.prepareCommand(Session.java:520)
	at org.h2.jdbc.JdbcConnection.prepareCommand(JdbcConnection.java:1235)
	at org.h2.jdbc.JdbcPreparedStatement.<init>(JdbcPreparedStatement.java:77)
	at org.h2.jdbc.JdbcConnection.prepareStatement(JdbcConnection.java:1157)
	at org.minimalj.repository.sql.AbstractTable.createStatement(AbstractTable.java:106)
	at org.minimalj.repository.sql.AbstractTable.execute(AbstractTable.java:111)
	at org.minimalj.repository.sql.AbstractTable.createTable(AbstractTable.java:126)
	at org.minimalj.repository.sql.Table.createTable(Table.java:61)
	at org.minimalj.repository.sql.SqlRepository.createTables(SqlRepository.java:592)
	at org.minimalj.repository.sql.SqlRepository.<init>(SqlRepository.java:100)
	at org.minimalj.repository.sql.SqlRepository.<init>(SqlRepository.java:85)
	at org.minimalj.application.Application.createRepository(Application.java:162)
	at org.minimalj.backend.Backend.getRepository(Backend.java:117)
	at org.minimalj.backend.Backend.doExecute(Backend.java:194)
	at org.minimalj.backend.Backend.execute(Backend.java:181)
	at org.minimalj.backend.Backend.insert(Backend.java:161)
	at org.minimalj.model.backend.TransactionTest.init(TransactionTest.java:26)
	at java.base/jdk.internal.reflect.NativeMethodAccessorImpl.invoke0(Native Method)
	at java.base/jdk.internal.reflect.NativeMethodAccessorImpl.invoke(NativeMethodAccessorImpl.java:62)
	at java.base/jdk.internal.reflect.DelegatingMethodAccessorImpl.invoke(DelegatingMethodAccessorImpl.java:43)
	at java.base/java.lang.reflect.Method.invoke(Method.java:566)
	at org.junit.runners.model.FrameworkMethod$1.runReflectiveCall(FrameworkMethod.java:59)
	at org.junit.internal.runners.model.ReflectiveCallable.run(ReflectiveCallable.java:12)
	at org.junit.runners.model.FrameworkMethod.invokeExplosively(FrameworkMethod.java:56)
	at org.junit.internal.runners.statements.RunBefores.invokeMethod(RunBefores.java:33)
	at org.junit.internal.runners.statements.RunBefores.evaluate(RunBefores.java:24)
	at org.junit.internal.runners.statements.RunAfters.evaluate(RunAfters.java:27)
	at org.junit.runners.ParentRunner$3.evaluate(ParentRunner.java:306)
	at org.junit.runners.BlockJUnit4ClassRunner$1.evaluate(BlockJUnit4ClassRunner.java:100)
	at org.junit.runners.ParentRunner.runLeaf(ParentRunner.java:366)
	at org.junit.runners.BlockJUnit4ClassRunner.runChild(BlockJUnit4ClassRunner.java:103)
	at org.junit.runners.BlockJUnit4ClassRunner.runChild(BlockJUnit4ClassRunner.java:63)
	at org.junit.runners.ParentRunner$4.run(ParentRunner.java:331)
	at org.junit.runners.ParentRunner$1.schedule(ParentRunner.java:79)
	at org.junit.runners.ParentRunner.runChildren(ParentRunner.java:329)
	at org.junit.runners.ParentRunner.access$100(ParentRunner.java:66)
	at org.junit.runners.ParentRunner$2.evaluate(ParentRunner.java:293)
	at org.junit.runners.ParentRunner$3.evaluate(ParentRunner.java:306)
	at org.junit.runners.ParentRunner.run(ParentRunner.java:413)
	at org.apache.maven.surefire.junit4.JUnit4Provider.execute(JUnit4Provider.java:316)
	at org.apache.maven.surefire.junit4.JUnit4Provider.executeWithRerun(JUnit4Provider.java:240)
	at org.apache.maven.surefire.junit4.JUnit4Provider.executeTestSet(JUnit4Provider.java:214)
	at org.apache.maven.surefire.junit4.JUnit4Provider.invoke(JUnit4Provider.java:155)
	at org.apache.maven.surefire.booter.ForkedBooter.runSuitesInProcess(ForkedBooter.java:385)
	at org.apache.maven.surefire.booter.ForkedBooter.execute(ForkedBooter.java:162)
	at org.apache.maven.surefire.booter.ForkedBooter.run(ForkedBooter.java:507)
	at org.apache.maven.surefire.booter.ForkedBooter.main(ForkedBooter.java:495)

Aug 25, 2026 3:10:44 AM org.minimalj.util.LoggingRuntimeException <init>
SEVERE: Statement failed: 
CREATE TABLE TestEntityA (
 id CHAR(36) NOT NULL,
 value INTEGER DEFAULT NULL,
 PRIMARY KEY (id)
)
org.h2.jdbc.JdbcSQLSyntaxErrorException: Syntax error in SQL statement "CREATE TABLE TESTENTITYA (
 ID CHAR(36) NOT NULL,
 VALUE[*] INTEGER DEFAULT NULL,
 PRIMARY KEY (ID)
)"; expected "identifier"; SQL statement:
CREATE TABLE TestEntityA (
 id CHAR(36) NOT NULL,
 value INTEGER DEFAULT NULL,
 PRIMARY KEY (id)
) [42001-200]
	at org.h2.message.DbException.getJdbcSQLException(DbException.java:448)
	at org.h2.message.DbException.getJdbcSQLException(DbException.java:424)
	at org.h2.message.DbException.getSyntaxError(DbException.java:238)
	at org.h2.command.Parser.readColumnIdentifier(Parser.java:5056)
	at org.h2.command.Parser.parseTableColumnDefinition(Parser.java:8725)
	at org.h2.command.Parser.parseCreateTable(Parser.java:8666)
	at org.h2.command.Parser.parseCreate(Parser.java:6494)
	at org.h2.command.Parser.parsePrepared(Parser.java:922)
	at org.h2.command.Parser.parse(Parser.java:862)
	at org.h2.command.Parser.parse(Parser.java:834)
	at org.h2.command.Parser.prepareCommand(Parser.java:757)
	at org.h2.engine.Session.prepareLocal(Session.java:582)
	at org.h2.engine.Session.prepareCommand(Session.java:520)
	at org.h2.jdbc.JdbcConnection.prepareCommand(JdbcConnection.java:1235)
	at org.h2.jdbc.JdbcPreparedStatement.<init>(JdbcPreparedStatement.java:77)
	at org.h2.jdbc.JdbcConnection.prepareStatement(JdbcConnection.java:1157)
	at org.minimalj.repository.sql.AbstractTable.createStatement(AbstractTable.java:106)
	at org.minimalj.repository.sql.AbstractTable.execute(AbstractTable.java:111)
	at org.minimalj.repository.sql.AbstractTable.createTable(AbstractTable.java:126)
	at org.minimalj.repository.sql.Table.createTable(Table.java:61)
	at org.minimalj.repository.sql.SqlRepository.createTables(SqlRepository.java:592)
	at org.minimalj.repository.sql.SqlRepository.<init>(SqlRepository.java:100)
	at org.minimalj.repository.sql.SqlRepository.<init>(SqlRepository.java:85)
	at org.minimalj.application.Application.createRepository(Application.java:162)
	at org.minimalj.backend.Backend.getRepository(Backend.java:117)
	at org.minimalj.backend.Backend.doExecute(Backend.java:194)
	at org.minimalj.backend.Backend.execute(Backend.java:181)
	at org.minimalj.backend.Backend.delete(Backend.java:173)
	at org.minimalj.model.backend.TransactionTest.after(TransactionTest.java:32)
	at java.base/jdk.internal.reflect.NativeMethodAccessorImpl.invoke0(Native Method)
	at java.base/jdk.internal.reflect.NativeMethodAccessorImpl.invoke(NativeMethodAccessorImpl.java:62)
	at java.base/jdk.internal.reflect.DelegatingMethodAccessorImpl.invoke(DelegatingMethodAccessorImpl.java:43)
	at java.base/java.lang.reflect.Method.invoke(Method.java:566)
	at org.junit.runners.model.FrameworkMethod$1.runReflectiveCall(FrameworkMethod.java:59)
	at org.junit.internal.runners.model.ReflectiveCallable.run(ReflectiveCallable.java:12)
	at org.junit.runners.model.FrameworkMethod.invokeExplosively(FrameworkMethod.java:56)
	at org.junit.internal.runners.statements.RunAfters.invokeMethod(RunAfters.java:46)
	at org.junit.internal.runners.statements.RunAfters.evaluate(RunAfters.java:33)
	at org.junit.runners.ParentRunner$3.evaluate(ParentRunner.java:306)
	at org.junit.runners.BlockJUnit4ClassRunner$1.evaluate(BlockJUnit4ClassRunner.java:100)
	at org.junit.runners.ParentRunner.runLeaf(ParentRunner.java:366)
	at org.junit.runners.BlockJUnit4ClassRunner.runChild(BlockJUnit4ClassRunner.java:103)
	at org.junit.runners.BlockJUnit4ClassRunner.runChild(BlockJUnit4ClassRunner.java:63)
	at org.junit.runners.ParentRunner$4.run(ParentRunner.java:331)
	at org.junit.runners.ParentRunner$1.schedule(ParentRunner.java:79)
	at org.junit.runners.ParentRunner.runChildren(ParentRunner.java:329)
	at org.junit.runners.ParentRunner.access$100(ParentRunner.java:66)
	at org.junit.runners.ParentRunner$2.evaluate(ParentRunner.java:293)
	at org.junit.runners.ParentRunner$3.evaluate(ParentRunner.java:306)
	at org.junit.runners.ParentRunner.run(ParentRunner.java:413)
	at org.apache.maven.surefire.junit4.JUnit4Provider.execute(JUnit4Provider.java:316)
	at org.apache.maven.surefire.junit4.JUnit4Provider.executeWithRerun(JUnit4Provider.java:240)
	at org.apache.maven.surefire.junit4.JUnit4Provider.executeTestSet(JUnit4Provider.java:214)
	at org.apache.maven.surefire.junit4.JUnit4Provider.invoke(JUnit4Provider.java:155)
	at org.apache.maven.surefire.booter.ForkedBooter.runSuitesInProcess(ForkedBooter.java:385)
	at org.apache.maven.surefire.booter.ForkedBooter.execute(ForkedBooter.java:162)
	at org.apache.maven.surefire.booter.ForkedBooter.run(ForkedBooter.java:507)
	at org.apache.maven.surefire.booter.ForkedBooter.main(ForkedBooter.java:495)

Aug 25, 2026 3:10:44 AM org.minimalj.util.LoggingRuntimeException <init>
SEVERE: Statement failed: 
CREATE TABLE TestEntityA (
 id CHAR(36) NOT NULL,
 value INTEGER DEFAULT NULL,
 PRIMARY KEY (id)
)
org.h2.jdbc.JdbcSQLSyntaxErrorException: Syntax error in SQL statement "CREATE TABLE TESTENTITYA (
 ID CHAR(36) NOT NULL,
 VALUE[*] INTEGER DEFAULT NULL,
 PRIMARY KEY (ID)
)"; expected "identifier"; SQL statement:
CREATE TABLE TestEntityA (
 id CHAR(36) NOT NULL,
 value INTEGER DEFAULT NULL,
 PRIMARY KEY (id)
) [42001-200]
	at org.h2.message.DbException.getJdbcSQLException(DbException.java:448)
	at org.h2.message.DbException.getJdbcSQLException(DbException.java:424)
	at org.h2.message.DbException.getSyntaxError(DbException.java:238)
	at org.h2.command.Parser.readColumnIdentifier(Parser.java:5056)
	at org.h2.command.Parser.parseTableColumnDefinition(Parser.java:8725)
	at org.h2.command.Parser.parseCreateTable(Parser.java:8666)
	at org.h2.command.Parser.parseCreate(Parser.java:6494)
	at org.h2.command.Parser.parsePrepared(Parser.java:922)
	at org.h2.command.Parser.parse(Parser.java:862)
	at org.h2.command.Parser.parse(Parser.java:834)
	at org.h2.command.Parser.prepareCommand(Parser.java:757)
	at org.h2.engine.Session.prepareLocal(Session.java:582)
	at org.h2.engine.Session.prepareCommand(Session.java:520)
	at org.h2.jdbc.JdbcConnection.prepareCommand(JdbcConnection.java:1235)
	at org.h2.jdbc.JdbcPreparedStatement.<init>(JdbcPreparedStatement.java:77)
	at org.h2.jdbc.JdbcConnection.prepareStatement(JdbcConnection.java:1157)
	at org.minimalj.repository.sql.AbstractTable.createStatement(AbstractTable.java:106)
	at org.minimalj.repository.sql.AbstractTable.execute(AbstractTable.java:111)
	at org.minimalj.repository.sql.AbstractTable.createTable(AbstractTable.java:126)
	at org.minimalj.repository.sql.Table.createTable(Table.java:61)
	at org.minimalj.repository.sql.SqlRepository.createTables(SqlRepository.java:592)
	at org.minimalj.repository.sql.SqlRepository.<init>(SqlRepository.java:100)
	at org.minimalj.repository.sql.SqlRepository.<init>(SqlRepository.java:85)
	at org.minimalj.application.Application.createRepository(Application.java:162)
	at org.minimalj.backend.Backend.getRepository(Backend.java:117)
	at org.minimalj.backend.Backend.doExecute(Backend.java:194)
	at org.minimalj.backend.Backend.execute(Backend.java:181)
	at org.minimalj.backend.Backend.delete(Backend.java:173)
	at org.minimalj.model.backend.TransactionTest.after(TransactionTest.java:32)
	at java.base/jdk.internal.reflect.NativeMethodAccessorImpl.invoke0(Native Method)
	at java.base/jdk.internal.reflect.NativeMethodAccessorImpl.invoke(NativeMethodAccessorImpl.java:62)
	at java.base/jdk.internal.reflect.DelegatingMethodAccessorImpl.invoke(DelegatingMethodAccessorImpl.java:43)
	at java.base/java.lang.reflect.Method.invoke(Method.java:566)
	at org.junit.runners.model.FrameworkMethod$1.runReflectiveCall(FrameworkMethod.java:59)
	at org.junit.internal.runners.model.ReflectiveCallable.run(ReflectiveCallable.java:12)
	at org.junit.runners.model.FrameworkMethod.invokeExplosively(FrameworkMethod.java:56)
	at org.junit.internal.runners.statements.RunAfters.invokeMethod(RunAfters.java:46)
	at org.junit.internal.runners.statements.RunAfters.evaluate(RunAfters.java:33)
	at org.junit.runners.ParentRunner$3.evaluate(ParentRunner.java:306)
	at org.junit.runners.BlockJUnit4ClassRunner$1.evaluate(BlockJUnit4ClassRunner.java:100)
	at org.junit.runners.ParentRunner.runLeaf(ParentRunner.java:366)
	at org.junit.runners.BlockJUnit4ClassRunner.runChild(BlockJUnit4ClassRunner.java:103)
	at org.junit.runners.BlockJUnit4ClassRunner.runChild(BlockJUnit4ClassRunner.java:63)
	at org.junit.runners.ParentRunner$4.run(ParentRunner.java:331)
	at org.junit.runners.ParentRunner$1.schedule(ParentRunner.java:79)
	at org.junit.runners.ParentRunner.runChildren(ParentRunner.java:329)
	at org.junit.runners.ParentRunner.access$100(ParentRunner.java:66)
	at org.junit.runners.ParentRunner$2.evaluate(ParentRunner.java:293)
	at org.junit.runners.ParentRunner$3.evaluate(ParentRunner.java:306)
	at org.junit.runners.ParentRunner.run(ParentRunner.java:413)
	at org.apache.maven.surefire.junit4.JUnit4Provider.execute(JUnit4Provider.java:316)
	at org.apache.maven.surefire.junit4.JUnit4Provider.executeWithRerun(JUnit4Provider.java:240)
	at org.apache.maven.surefire.junit4.JUnit4Provider.executeTestSet(JUnit4Provider.java:214)
	at org.apache.maven.surefire.junit4.JUnit4Provider.invoke(JUnit4Provider.java:155)
	at org.apache.maven.surefire.booter.ForkedBooter.runSuitesInProcess(ForkedBooter.java:385)
	at org.apache.maven.surefire.booter.ForkedBooter.execute(ForkedBooter.java:162)
	at org.apache.maven.surefire.booter.ForkedBooter.run(ForkedBooter.java:507)
	at org.apache.maven.surefire.booter.ForkedBooter.main(ForkedBooter.java:495)

[ERROR] Tests run: 4, Failures: 0, Errors: 4, Skipped: 0, Time elapsed: 0.003 s <<< FAILURE! -- in org.minimalj.model.backend.TransactionTest
[ERROR] org.minimalj.model.backend.TransactionTest.testSeparateTransaction -- Time elapsed: 0 s <<< ERROR!
org.minimalj.util.LoggingRuntimeException: 
Statement failed: 
CREATE TABLE TestEntityA (
 id CHAR(36) NOT NULL,
 value INTEGER DEFAULT NULL,
 PRIMARY KEY (id)
)
	at org.minimalj.repository.sql.AbstractTable.execute(AbstractTable.java:114)
	at org.minimalj.repository.sql.AbstractTable.createTable(AbstractTable.java:126)
	at org.minimalj.repository.sql.Table.createTable(Table.java:61)
	at org.minimalj.repository.sql.SqlRepository.createTables(SqlRepository.java:592)
	at org.minimalj.repository.sql.SqlRepository.<init>(SqlRepository.java:100)
	at org.minimalj.repository.sql.SqlRepository.<init>(SqlRepository.java:85)
	at org.minimalj.application.Application.createRepository(Application.java:162)
	at org.minimalj.backend.Backend.getRepository(Backend.java:117)
	at org.minimalj.backend.Backend.doExecute(Backend.java:194)
	at org.minimalj.backend.Backend.execute(Backend.java:181)
	at org.minimalj.backend.Backend.insert(Backend.java:161)
	at org.minimalj.model.backend.TransactionTest.init(TransactionTest.java:26)
	at java.base/jdk.internal.reflect.NativeMethodAccessorImpl.invoke0(Native Method)
	at java.base/jdk.internal.reflect.NativeMethodAccessorImpl.invoke(NativeMethodAccessorImpl.java:62)
	at java.base/jdk.internal.reflect.DelegatingMethodAccessorImpl.invoke(DelegatingMethodAccessorImpl.java:43)
	at java.base/java.lang.reflect.Method.invoke(Method.java:566)
	at org.junit.runners.model.FrameworkMethod$1.runReflectiveCall(FrameworkMethod.java:59)
	at org.junit.internal.runners.model.ReflectiveCallable.run(ReflectiveCallable.java:12)
	at org.junit.runners.model.FrameworkMethod.invokeExplosively(FrameworkMethod.java:56)
	at org.junit.internal.runners.statements.RunBefores.invokeMethod(RunBefores.java:33)
	at org.junit.internal.runners.statements.RunBefores.evaluate(RunBefores.java:24)
	at org.junit.internal.runners.statements.RunAfters.evaluate(RunAfters.java:27)
	at org.junit.runners.ParentRunner$3.evaluate(ParentRunner.java:306)
	at org.junit.runners.BlockJUnit4ClassRunner$1.evaluate(BlockJUnit4ClassRunner.java:100)
	at org.junit.runners.ParentRunner.runLeaf(ParentRunner.java:366)
	at org.junit.runners.BlockJUnit4ClassRunner.runChild(BlockJUnit4ClassRunner.java:103)
	at org.junit.runners.BlockJUnit4ClassRunner.runChild(BlockJUnit4ClassRunner.java:63)
	at org.junit.runners.ParentRunner$4.run(ParentRunner.java:331)
	at org.junit.runners.ParentRunner$1.schedule(ParentRunner.java:79)
	at org.junit.runners.ParentRunner.runChildren(ParentRunner.java:329)
	at org.junit.runners.ParentRunner.access$100(ParentRunner.java:66)
	at org.junit.runners.ParentRunner$2.evaluate(ParentRunner.java:293)
	at org.junit.runners.ParentRunner$3.evaluate(ParentRunner.java:306)
	at org.junit.runners.ParentRunner.run(ParentRunner.java:413)
	at org.apache.maven.surefire.junit4.JUnit4Provider.execute(JUnit4Provider.java:316)
	at org.apache.maven.surefire.junit4.JUnit4Provider.executeWithRerun(JUnit4Provider.java:240)
	at org.apache.maven.surefire.junit4.JUnit4Provider.executeTestSet(JUnit4Provider.java:214)
	at org.apache.maven.surefire.junit4.JUnit4Provider.invoke(JUnit4Provider.java:155)
	at org.apache.maven.surefire.booter.ForkedBooter.runSuitesInProcess(ForkedBooter.java:385)
	at org.apache.maven.surefire.booter.ForkedBooter.execute(ForkedBooter.java:162)
	at org.apache.maven.surefire.booter.ForkedBooter.run(ForkedBooter.java:507)
	at org.apache.maven.surefire.booter.ForkedBooter.main(ForkedBooter.java:495)

[ERROR] org.minimalj.model.backend.TransactionTest.testSeparateTransaction -- Time elapsed: 0 s <<< ERROR!
org.minimalj.util.LoggingRuntimeException: 
Statement failed: 
CREATE TABLE TestEntityA (
 id CHAR(36) NOT NULL,
 value INTEGER DEFAULT NULL,
 PRIMARY KEY (id)
)
	at org.minimalj.repository.sql.AbstractTable.execute(AbstractTable.java:114)
	at org.minimalj.repository.sql.AbstractTable.createTable(AbstractTable.java:126)
	at org.minimalj.repository.sql.Table.createTable(Table.java:61)
	at org.minimalj.repository.sql.SqlRepository.createTables(SqlRepository.java:592)
	at org.minimalj.repository.sql.SqlRepository.<init>(SqlRepository.java:100)
	at org.minimalj.repository.sql.SqlRepository.<init>(SqlRepository.java:85)
	at org.minimalj.application.Application.createRepository(Application.java:162)
	at org.minimalj.backend.Backend.getRepository(Backend.java:117)
	at org.minimalj.backend.Backend.doExecute(Backend.java:194)
	at org.minimalj.backend.Backend.execute(Backend.java:181)
	at org.minimalj.backend.Backend.delete(Backend.java:173)
	at org.minimalj.model.backend.TransactionTest.after(TransactionTest.java:32)
	at java.base/jdk.internal.reflect.NativeMethodAccessorImpl.invoke0(Native Method)
	at java.base/jdk.internal.reflect.NativeMethodAccessorImpl.invoke(NativeMethodAccessorImpl.java:62)
	at java.base/jdk.internal.reflect.DelegatingMethodAccessorImpl.invoke(DelegatingMethodAccessorImpl.java:43)
	at java.base/java.lang.reflect.Method.invoke(Method.java:566)
	at org.junit.runners.model.FrameworkMethod$1.runReflectiveCall(FrameworkMethod.java:59)
	at org.junit.internal.runners.model.ReflectiveCallable.run(ReflectiveCallable.java:12)
	at org.junit.runners.model.FrameworkMethod.invokeExplosively(FrameworkMethod.java:56)
	at org.junit.internal.runners.statements.RunAfters.invokeMethod(RunAfters.java:46)
	at org.junit.internal.runners.statements.RunAfters.evaluate(RunAfters.java:33)
	at org.junit.runners.ParentRunner$3.evaluate(ParentRunner.java:306)
	at org.junit.runners.BlockJUnit4ClassRunner$1.evaluate(BlockJUnit4ClassRunner.java:100)
	at org.junit.runners.ParentRunner.runLeaf(ParentRunner.java:366)
	at org.junit.runners.BlockJUnit4ClassRunner.runChild(BlockJUnit4ClassRunner.java:103)
	at org.junit.runners.BlockJUnit4ClassRunner.runChild(BlockJUnit4ClassRunner.java:63)
	at org.junit.runners.ParentRunner$4.run(ParentRunner.java:331)
	at org.junit.runners.ParentRunner$1.schedule(ParentRunner.java:79)
	at org.junit.runners.ParentRunner.runChildren(ParentRunner.java:329)
	at org.junit.runners.ParentRunner.access$100(ParentRunner.java:66)
	at org.junit.runners.ParentRunner$2.evaluate(ParentRunner.java:293)
	at org.junit.runners.ParentRunner$3.evaluate(ParentRunner.java:306)
	at org.junit.runners.ParentRunner.run(ParentRunner.java:413)
	at org.apache.maven.surefire.junit4.JUnit4Provider.execute(JUnit4Provider.java:316)
	at org.apache.maven.surefire.junit4.JUnit4Provider.executeWithRerun(JUnit4Provider.java:240)
	at org.apache.maven.surefire.junit4.JUnit4Provider.executeTestSet(JUnit4Provider.java:214)
	at org.apache.maven.surefire.junit4.JUnit4Provider.invoke(JUnit4Provider.java:155)
	at org.apache.maven.surefire.booter.ForkedBooter.runSuitesInProcess(ForkedBooter.java:385)
	at org.apache.maven.surefire.booter.ForkedBooter.execute(ForkedBooter.java:162)
	at org.apache.maven.surefire.booter.ForkedBooter.run(ForkedBooter.java:507)
	at org.apache.maven.surefire.booter.ForkedBooter.main(ForkedBooter.java:495)

[ERROR] org.minimalj.model.backend.TransactionTest.testSameTransaction -- Time elapsed: 0.001 s <<< ERROR!
java.lang.IllegalStateException: Application cannot be changed
	at org.minimalj.application.Application.setInstance(Application.java:86)
	at org.minimalj.model.backend.TransactionTest.init(TransactionTest.java:24)
	at java.base/jdk.internal.reflect.NativeMethodAccessorImpl.invoke0(Native Method)
	at java.base/jdk.internal.reflect.NativeMethodAccessorImpl.invoke(NativeMethodAccessorImpl.java:62)
	at java.base/jdk.internal.reflect.DelegatingMethodAccessorImpl.invoke(DelegatingMethodAccessorImpl.java:43)
	at java.base/java.lang.reflect.Method.invoke(Method.java:566)
	at org.junit.runners.model.FrameworkMethod$1.runReflectiveCall(FrameworkMethod.java:59)
	at org.junit.internal.runners.model.ReflectiveCallable.run(ReflectiveCallable.java:12)
	at org.junit.runners.model.FrameworkMethod.invokeExplosively(FrameworkMethod.java:56)
	at org.junit.internal.runners.statements.RunBefores.invokeMethod(RunBefores.java:33)
	at org.junit.internal.runners.statements.RunBefores.evaluate(RunBefores.java:24)
	at org.junit.internal.runners.statements.RunAfters.evaluate(RunAfters.java:27)
	at org.junit.runners.ParentRunner$3.evaluate(ParentRunner.java:306)
	at org.junit.runners.BlockJUnit4ClassRunner$1.evaluate(BlockJUnit4ClassRunner.java:100)
	at org.junit.runners.ParentRunner.runLeaf(ParentRunner.java:366)
	at org.junit.runners.BlockJUnit4ClassRunner.runChild(BlockJUnit4ClassRunner.java:103)
	at org.junit.runners.BlockJUnit4ClassRunner.runChild(BlockJUnit4ClassRunner.java:63)
	at org.junit.runners.ParentRunner$4.run(ParentRunner.java:331)
	at org.junit.runners.ParentRunner$1.schedule(ParentRunner.java:79)
	at org.junit.runners.ParentRunner.runChildren(ParentRunner.java:329)
	at org.junit.runners.ParentRunner.access$100(ParentRunner.java:66)
	at org.junit.runners.ParentRunner$2.evaluate(ParentRunner.java:293)
	at org.junit.runners.ParentRunner$3.evaluate(ParentRunner.java:306)
	at org.junit.runners.ParentRunner.run(ParentRunner.java:413)
	at org.apache.maven.surefire.junit4.JUnit4Provider.execute(JUnit4Provider.java:316)
	at org.apache.maven.surefire.junit4.JUnit4Provider.executeWithRerun(JUnit4Provider.java:240)
	at org.apache.maven.surefire.junit4.JUnit4Provider.executeTestSet(JUnit4Provider.java:214)
	at org.apache.maven.surefire.junit4.JUnit4Provider.invoke(JUnit4Provider.java:155)
	at org.apache.maven.surefire.booter.ForkedBooter.runSuitesInProcess(ForkedBooter.java:385)
	at org.apache.maven.surefire.booter.ForkedBooter.execute(ForkedBooter.java:162)
	at org.apache.maven.surefire.booter.ForkedBooter.run(ForkedBooter.java:507)
	at org.apache.maven.surefire.booter.ForkedBooter.main(ForkedBooter.java:495)

[ERROR] org.minimalj.model.backend.TransactionTest.testSameTransaction -- Time elapsed: 0.001 s <<< ERROR!
org.minimalj.util.LoggingRuntimeException: 
Statement failed: 
CREATE TABLE TestEntityA (
 id CHAR(36) NOT NULL,
 value INTEGER DEFAULT NULL,
 PRIMARY KEY (id)
)
	at org.minimalj.repository.sql.AbstractTable.execute(AbstractTable.java:114)
	at org.minimalj.repository.sql.AbstractTable.createTable(AbstractTable.java:126)
	at org.minimalj.repository.sql.Table.createTable(Table.java:61)
	at org.minimalj.repository.sql.SqlRepository.createTables(SqlRepository.java:592)
	at org.minimalj.repository.sql.SqlRepository.<init>(SqlRepository.java:100)
	at org.minimalj.repository.sql.SqlRepository.<init>(SqlRepository.java:85)
	at org.minimalj.application.Application.createRepository(Application.java:162)
	at org.minimalj.backend.Backend.getRepository(Backend.java:117)
	at org.minimalj.backend.Backend.doExecute(Backend.java:194)
	at org.minimalj.backend.Backend.execute(Backend.java:181)
	at org.minimalj.backend.Backend.delete(Backend.java:173)
	at org.minimalj.model.backend.TransactionTest.after(TransactionTest.java:32)
	at java.base/jdk.internal.reflect.NativeMethodAccessorImpl.invoke0(Native Method)
	at java.base/jdk.internal.reflect.NativeMethodAccessorImpl.invoke(NativeMethodAccessorImpl.java:62)
	at java.base/jdk.internal.reflect.DelegatingMethodAccessorImpl.invoke(DelegatingMethodAccessorImpl.java:43)
	at java.base/java.lang.reflect.Method.invoke(Method.java:566)
	at org.junit.runners.model.FrameworkMethod$1.runReflectiveCall(FrameworkMethod.java:59)
	at org.junit.internal.runners.model.ReflectiveCallable.run(ReflectiveCallable.java:12)
	at org.junit.runners.model.FrameworkMethod.invokeExplosively(FrameworkMethod.java:56)
	at org.junit.internal.runners.statements.RunAfters.invokeMethod(RunAfters.java:46)
	at org.junit.internal.runners.statements.RunAfters.evaluate(RunAfters.java:33)
	at org.junit.runners.ParentRunner$3.evaluate(ParentRunner.java:306)
	at org.junit.runners.BlockJUnit4ClassRunner$1.evaluate(BlockJUnit4ClassRunner.java:100)
	at org.junit.runners.ParentRunner.runLeaf(ParentRunner.java:366)
	at org.junit.runners.BlockJUnit4ClassRunner.runChild(BlockJUnit4ClassRunner.java:103)
	at org.junit.runners.BlockJUnit4ClassRunner.runChild(BlockJUnit4ClassRunner.java:63)
	at org.junit.runners.ParentRunner$4.run(ParentRunner.java:331)
	at org.junit.runners.ParentRunner$1.schedule(ParentRunner.java:79)
	at org.junit.runners.ParentRunner.runChildren(ParentRunner.java:329)
	at org.junit.runners.ParentRunner.access$100(ParentRunner.java:66)
	at org.junit.runners.ParentRunner$2.evaluate(ParentRunner.java:293)
	at org.junit.runners.ParentRunner$3.evaluate(ParentRunner.java:306)
	at org.junit.runners.ParentRunner.run(ParentRunner.java:413)
	at org.apache.maven.surefire.junit4.JUnit4Provider.execute(JUnit4Provider.java:316)
	at org.apache.maven.surefire.junit4.JUnit4Provider.executeWithRerun(JUnit4Provider.java:240)
	at org.apache.maven.surefire.junit4.JUnit4Provider.executeTestSet(JUnit4Provider.java:214)
	at org.apache.maven.surefire.junit4.JUnit4Provider.invoke(JUnit4Provider.java:155)
	at org.apache.maven.surefire.booter.ForkedBooter.runSuitesInProcess(ForkedBooter.java:385)
	at org.apache.maven.surefire.booter.ForkedBooter.execute(ForkedBooter.java:162)
	at org.apache.maven.surefire.booter.ForkedBooter.run(ForkedBooter.java:507)
	at org.apache.maven.surefire.booter.ForkedBooter.main(ForkedBooter.java:495)

[INFO] 
[INFO] Results:
[INFO] 
[ERROR] Errors: 
[ERROR] org.minimalj.model.backend.TransactionTest.testSameTransaction
[ERROR]   Run 1: TransactionTest.init:24 » IllegalState Application cannot be changed
[ERROR]   Run 2: TransactionTest.after:32 » LoggingRuntime Statement failed: 
CREATE TABLE TestEntityA (
 id CHAR(36) NOT NULL,
 value INTEGER DEFAULT NULL,
 PRIMARY KEY (id)
)
[INFO] 
[ERROR] org.minimalj.model.backend.TransactionTest.testSeparateTransaction
[ERROR]   Run 1: TransactionTest.init:26 » LoggingRuntime Statement failed: 
CREATE TABLE TestEntityA (
 id CHAR(36) NOT NULL,
 value INTEGER DEFAULT NULL,
 PRIMARY KEY (id)
)
[ERROR]   Run 2: TransactionTest.after:32 » LoggingRuntime Statement failed: 
CREATE TABLE TestEntityA (
 id CHAR(36) NOT NULL,
 value INTEGER DEFAULT NULL,
 PRIMARY KEY (id)
)
[INFO] 
[ERROR] org.minimalj.repository.sql.relation.SqlCrudTest.testAddElement
[ERROR]   Run 1: SqlCrudTest>SqlTest.createTables:14->SqlTest.createRepositoryH2:20 » LoggingRuntime Statement failed: 
CREATE TABLE TestElementCode (
 id INT  NOT NULL,
 value INTEGER DEFAULT NULL,
 PRIMARY KEY (id)
)
[ERROR]   Run 2: SqlCrudTest>SqlTest.dropTables:30 » NullPointer
[INFO] 
[ERROR] org.minimalj.repository.sql.relation.SqlCrudTest.testInsertAndRead
[ERROR]   Run 1: SqlCrudTest>SqlTest.createTables:14->SqlTest.createRepositoryH2:20 » LoggingRuntime Statement failed: 
CREATE TABLE TestElementCode (
 id INT  NOT NULL,
 value INTEGER DEFAULT NULL,
 PRIMARY KEY (id)
)
[ERROR]   Run 2: SqlCrudTest>SqlTest.dropTables:30 » NullPointer
[INFO] 
[ERROR] org.minimalj.repository.sql.relation.SqlCrudTest.testNullList
[ERROR]   Run 1: SqlCrudTest>SqlTest.createTables:14->SqlTest.createRepositoryH2:20 » LoggingRuntime Statement failed: 
CREATE TABLE TestElementCode (
 id INT  NOT NULL,
 value INTEGER DEFAULT NULL,
 PRIMARY KEY (id)
)
[ERROR]   Run 2: SqlCrudTest>SqlTest.dropTables:30 » NullPointer
[INFO] 
[ERROR] org.minimalj.repository.sql.relation.SqlCrudTest.testUpdateParent
[ERROR]   Run 1: SqlCrudTest>SqlTest.createTables:14->SqlTest.createRepositoryH2:20 » LoggingRuntime Statement failed: 
CREATE TABLE TestElementCode (
 id INT  NOT NULL,
 value INTEGER DEFAULT NULL,
 PRIMARY KEY (id)
)
[ERROR]   Run 2: SqlCrudTest>SqlTest.dropTables:30 » NullPointer
[INFO] 
[ERROR] org.minimalj.repository.sql.relation.SqlCrudTest.testUseElementTwice
[ERROR]   Run 1: SqlCrudTest>SqlTest.createTables:14->SqlTest.createRepositoryH2:20 » LoggingRuntime Statement failed: 
CREATE TABLE TestElementCode (
 id INT  NOT NULL,
 value INTEGER DEFAULT NULL,
 PRIMARY KEY (id)
)
[ERROR]   Run 2: SqlCrudTest>SqlTest.dropTables:30 » NullPointer
[INFO] 
[INFO] 
[ERROR] Tests run: 7, Failures: 0, Errors: 7, Skipped: 0
[INFO] 
[INFO] ------------------------------------------------------------------------
[INFO] BUILD FAILURE
[INFO] ------------------------------------------------------------------------
[INFO] Total time:  17.722 s
[INFO] Finished at: 2026-08-25T03:10:57+08:00
[INFO] ------------------------------------------------------------------------
[ERROR] Failed to execute goal org.apache.maven.plugins:maven-surefire-plugin:3.2.5:test (default-test) on project minimalj: 
[ERROR] 
[ERROR] Please refer to /home/zhihao/hdd/marshal/.work/fse-h2-2.0.202/minimal-a1/target/surefire-reports for the individual test results.
[ERROR] Please refer to dump files (if any exist) [date].dump, [date]-jvmRun[N].dump and [date].dumpstream.
[ERROR] -> [Help 1]
[ERROR] 
[ERROR] To see the full stack trace of the errors, re-run Maven with the -e switch.
[ERROR] Re-run Maven using the -X switch to enable full debug logging.
[ERROR] 
[ERROR] For more information about the errors and possible solutions, please read the following articles:
[ERROR] [Help 1] http://cwiki.apache.org/confluence/display/MAVEN/MojoFailureException
