===== A0 source install exit=0 =====
Looking in indexes: https://pypi.org/simple/
Obtaining file:///home/zhihao/hdd/marshal/benchmarks/cross-repo-pr-impact/results/single-case-pipeline-983041-983053-v2-2026-08-26/replay-work/formal-opendev-983041--target-983053/source-a0
  DEPRECATION: Setting PIP_CONSTRAINT will not affect build constraints in the future, pip 26.2 will enforce this behaviour change. A possible replacement is to specify build constraints using --build-constraint or PIP_BUILD_CONSTRAINT. To disable this warning without any build constraints set --use-feature=build-constraint or PIP_USE_FEATURE="build-constraint".
  Installing build dependencies: started
  Installing build dependencies: finished with status 'done'
  Checking if build backend supports build_editable: started
  Checking if build backend supports build_editable: finished with status 'done'
  Getting requirements to build editable: started
  Getting requirements to build editable: finished with status 'done'
  Preparing editable metadata (pyproject.toml): started
  Preparing editable metadata (pyproject.toml): finished with status 'done'
Building wheels for collected packages: openstacksdk
  Building editable for openstacksdk (pyproject.toml): started
  Building editable for openstacksdk (pyproject.toml): finished with status 'done'
  Created wheel for openstacksdk: filename=openstacksdk-4.11.0.dev48-0.editable-py3-none-any.whl size=11143 sha256=4990cf934825a876350265685886e265b04687b333e4c69bbecdb7adfab9dfed
  Stored in directory: /tmp/pip-ephem-wheel-cache-is6ogkk4/wheels/fd/3e/a7/84ec27c4c04681112b60e478577a92a7fe4e0d1b042c2fb7db
Successfully built openstacksdk
Installing collected packages: openstacksdk
  Attempting uninstall: openstacksdk
    Found existing installation: openstacksdk 4.10.0
    Uninstalling openstacksdk-4.10.0:
      Successfully uninstalled openstacksdk-4.10.0
Successfully installed openstacksdk-4.11.0.dev48

[notice] A new release of pip is available: 26.0.1 -> 26.2.1
[notice] To update, run: /home/zhihao/hdd/marshal/benchmarks/cross-repo-pr-impact/results/single-case-pipeline-983041-983053-v2-2026-08-26/replay-work/formal-opendev-983041--target-983053/target/.tox/py3/bin/python -m pip install --upgrade pip

===== A1 source install exit=0 =====
Looking in indexes: https://pypi.org/simple/
Obtaining file:///home/zhihao/hdd/marshal/benchmarks/cross-repo-pr-impact/results/single-case-pipeline-983041-983053-v2-2026-08-26/replay-work/formal-opendev-983041--target-983053/source-a1
  DEPRECATION: Setting PIP_CONSTRAINT will not affect build constraints in the future, pip 26.2 will enforce this behaviour change. A possible replacement is to specify build constraints using --build-constraint or PIP_BUILD_CONSTRAINT. To disable this warning without any build constraints set --use-feature=build-constraint or PIP_USE_FEATURE="build-constraint".
  Installing build dependencies: started
  Installing build dependencies: finished with status 'done'
  Checking if build backend supports build_editable: started
  Checking if build backend supports build_editable: finished with status 'done'
  Getting requirements to build editable: started
  Getting requirements to build editable: finished with status 'done'
  Preparing editable metadata (pyproject.toml): started
  Preparing editable metadata (pyproject.toml): finished with status 'done'
Building wheels for collected packages: openstacksdk
  Building editable for openstacksdk (pyproject.toml): started
  Building editable for openstacksdk (pyproject.toml): finished with status 'done'
  Created wheel for openstacksdk: filename=openstacksdk-4.11.0.dev49-0.editable-py3-none-any.whl size=11145 sha256=2d8765f918583b138aa804487a6bfdbd7e84e40e0faa613ed030d8dd661096fb
  Stored in directory: /tmp/pip-ephem-wheel-cache-d_pevjt1/wheels/c5/41/da/79064f0822367861c1a9a0b91782b958fc1c1702cb93e4c4f2
Successfully built openstacksdk
Installing collected packages: openstacksdk
  Attempting uninstall: openstacksdk
    Found existing installation: openstacksdk 4.11.0.dev48
    Uninstalling openstacksdk-4.11.0.dev48:
      Successfully uninstalled openstacksdk-4.11.0.dev48
Successfully installed openstacksdk-4.11.0.dev49

[notice] A new release of pip is available: 26.0.1 -> 26.2.1
[notice] To update, run: /home/zhihao/hdd/marshal/benchmarks/cross-repo-pr-impact/results/single-case-pipeline-983041-983053-v2-2026-08-26/replay-work/formal-opendev-983041--target-983053/target/.tox/py3/bin/python -m pip install --upgrade pip

===== A2 source install exit=0 =====
Looking in indexes: https://pypi.org/simple/
Obtaining file:///home/zhihao/hdd/marshal/benchmarks/cross-repo-pr-impact/results/single-case-pipeline-983041-983053-v2-2026-08-26/replay-work/formal-opendev-983041--target-983053/source-a1
  DEPRECATION: Setting PIP_CONSTRAINT will not affect build constraints in the future, pip 26.2 will enforce this behaviour change. A possible replacement is to specify build constraints using --build-constraint or PIP_BUILD_CONSTRAINT. To disable this warning without any build constraints set --use-feature=build-constraint or PIP_USE_FEATURE="build-constraint".
  Installing build dependencies: started
  Installing build dependencies: finished with status 'done'
  Checking if build backend supports build_editable: started
  Checking if build backend supports build_editable: finished with status 'done'
  Getting requirements to build editable: started
  Getting requirements to build editable: finished with status 'done'
  Preparing editable metadata (pyproject.toml): started
  Preparing editable metadata (pyproject.toml): finished with status 'done'
Building wheels for collected packages: openstacksdk
  Building editable for openstacksdk (pyproject.toml): started
  Building editable for openstacksdk (pyproject.toml): finished with status 'done'
  Created wheel for openstacksdk: filename=openstacksdk-4.11.0.dev49-0.editable-py3-none-any.whl size=11145 sha256=640c0129a32413f7870a28d05d755106c3ecffd4551ceaa4a9880228cf287956
  Stored in directory: /tmp/pip-ephem-wheel-cache-s6c04lyi/wheels/c5/41/da/79064f0822367861c1a9a0b91782b958fc1c1702cb93e4c4f2
Successfully built openstacksdk
Installing collected packages: openstacksdk
  Attempting uninstall: openstacksdk
    Found existing installation: openstacksdk 4.11.0.dev49
    Uninstalling openstacksdk-4.11.0.dev49:
      Successfully uninstalled openstacksdk-4.11.0.dev49
Successfully installed openstacksdk-4.11.0.dev49

[notice] A new release of pip is available: 26.0.1 -> 26.2.1
[notice] To update, run: /home/zhihao/hdd/marshal/benchmarks/cross-repo-pr-impact/results/single-case-pipeline-983041-983053-v2-2026-08-26/replay-work/formal-opendev-983041--target-983053/target/.tox/py3/bin/python -m pip install --upgrade pip
