Readline features including tab completion have been disabled because no supported version of readline was found. To resolve this, install pyreadline3 on Windows or gnureadline on Linux/Mac.


Readline features including tab completion have been disabled because no supported version of readline was found. To resolve this, install pyreadline3 on Windows or gnureadline on Linux/Mac.


Readline features including tab completion have been disabled because no supported version of readline was found. To resolve this, install pyreadline3 on Windows or gnureadline on Linux/Mac.


Readline features including tab completion have been disabled because no supported version of readline was found. To resolve this, install pyreadline3 on Windows or gnureadline on Linux/Mac.


Readline features including tab completion have been disabled because no supported version of readline was found. To resolve this, install pyreadline3 on Windows or gnureadline on Linux/Mac.


Readline features including tab completion have been disabled because no supported version of readline was found. To resolve this, install pyreadline3 on Windows or gnureadline on Linux/Mac.


Readline features including tab completion have been disabled because no supported version of readline was found. To resolve this, install pyreadline3 on Windows or gnureadline on Linux/Mac.


Readline features including tab completion have been disabled because no supported version of readline was found. To resolve this, install pyreadline3 on Windows or gnureadline on Linux/Mac.


Readline features including tab completion have been disabled because no supported version of readline was found. To resolve this, install pyreadline3 on Windows or gnureadline on Linux/Mac.


{1} openstackclient.tests.unit.network.v2.test_network_agent.TestRemoveNetworkFromAgent.test_network_agents_list_routers_no_arg [0.027480s] ... ok
{5} openstackclient.tests.unit.network.v2.test_network_agent.TestAddRouterAgent.test_add_no_options [0.027203s] ... ok
{2} openstackclient.tests.unit.network.v2.test_network_agent.TestSetNetworkAgent.test_set_all [0.027248s] ... ok
{0} openstackclient.tests.unit.network.v2.test_network_agent.TestListNetworkAgent.test_network_agents_list [0.031301s] ... ok
{1} openstackclient.tests.unit.network.v2.test_network_agent.TestRemoveNetworkFromAgent.test_network_from_dhcp_agent [0.005476s] ... ok
{5} openstackclient.tests.unit.network.v2.test_network_agent.TestAddRouterAgent.test_add_router_required_options [0.005332s] ... ok
{2} openstackclient.tests.unit.network.v2.test_network_agent.TestSetNetworkAgent.test_set_nothing [0.004910s] ... ok
{1} openstackclient.tests.unit.network.v2.test_network_agent.TestRemoveNetworkFromAgent.test_show_no_options [0.004930s] ... ok
{2} openstackclient.tests.unit.network.v2.test_network_agent.TestSetNetworkAgent.test_set_with_disable [0.004919s] ... ok
{0} openstackclient.tests.unit.network.v2.test_network_agent.TestListNetworkAgent.test_network_agents_list_agent_type [0.008862s] ... ok
{6} openstackclient.tests.unit.network.v2.test_network_agent.TestAddNetworkToAgent.test_add_network_to_dhcp_agent [0.027483s] ... ok
{0} openstackclient.tests.unit.network.v2.test_network_agent.TestListNetworkAgent.test_network_agents_list_host [0.008598s] ... ok
{4} openstackclient.tests.unit.network.v2.test_network_agent.TestShowNetworkAgent.test_show_all_options [0.028343s] ... FAILED

Captured traceback:
~~~~~~~~~~~~~~~~~~~
    Traceback (most recent call last):

      File "/home/zhihao/hdd/marshal/benchmarks/cross-repo-pr-impact/results/single-case-pipeline-983041-983053-v2-2026-08-26/replay-work/formal-opendev-983041--target-983053/target/openstackclient/tests/unit/network/v2/test_network_agent.py", line 604, in test_show_all_options
    self.assertEqual(set(self.columns), set(columns))

      File "/home/zhihao/hdd/marshal/benchmarks/cross-repo-pr-impact/results/single-case-pipeline-983041-983053-v2-2026-08-26/replay-work/formal-opendev-983041--target-983053/target/.tox/py3/lib/python3.10/site-packages/testtools/testcase.py", line 438, in assertEqual
    self.assertThat(observed, matcher, message)

      File "/home/zhihao/hdd/marshal/benchmarks/cross-repo-pr-impact/results/single-case-pipeline-983041-983053-v2-2026-08-26/replay-work/formal-opendev-983041--target-983053/target/.tox/py3/lib/python3.10/site-packages/testtools/testcase.py", line 587, in assertThat
    raise mismatch_error

    testtools.matchers._impl.MismatchError: !=:
Items in actual but not in expected:
['ha_chassis_priority']

{4} openstackclient.tests.unit.network.v2.test_network_agent.TestShowNetworkAgent.test_show_no_options [0.005865s] ... ok
{7} openstackclient.tests.unit.network.v2.test_network_agent.TestRemoveRouterAgent.test_remove_no_options [0.027036s] ... ok
{6} openstackclient.tests.unit.network.v2.test_network_agent.TestAddNetworkToAgent.test_show_no_options [0.005536s] ... ok
{3} openstackclient.tests.unit.network.v2.test_network_agent.TestDeleteNetworkAgent.test_multi_network_agents_delete [0.027213s] ... ok
{7} openstackclient.tests.unit.network.v2.test_network_agent.TestRemoveRouterAgent.test_remove_router_required_options [0.005913s] ... ok
{0} openstackclient.tests.unit.network.v2.test_network_agent.TestListNetworkAgent.test_network_agents_list_networks [0.008638s] ... ok
{3} openstackclient.tests.unit.network.v2.test_network_agent.TestDeleteNetworkAgent.test_multi_network_agents_delete_with_exception [0.005134s] ... ok
{0} openstackclient.tests.unit.network.v2.test_network_agent.TestListNetworkAgent.test_network_agents_list_routers [0.008741s] ... ok
{3} openstackclient.tests.unit.network.v2.test_network_agent.TestDeleteNetworkAgent.test_network_agent_delete [0.005321s] ... ok
{0} openstackclient.tests.unit.network.v2.test_network_agent.TestListNetworkAgent.test_network_agents_list_routers_with_long_option [0.010679s] ... ok

==============================
Failed 1 tests - output below:
==============================

openstackclient.tests.unit.network.v2.test_network_agent.TestShowNetworkAgent.test_show_all_options
---------------------------------------------------------------------------------------------------

Captured traceback:
~~~~~~~~~~~~~~~~~~~
    Traceback (most recent call last):

      File "/home/zhihao/hdd/marshal/benchmarks/cross-repo-pr-impact/results/single-case-pipeline-983041-983053-v2-2026-08-26/replay-work/formal-opendev-983041--target-983053/target/openstackclient/tests/unit/network/v2/test_network_agent.py", line 604, in test_show_all_options
    self.assertEqual(set(self.columns), set(columns))

      File "/home/zhihao/hdd/marshal/benchmarks/cross-repo-pr-impact/results/single-case-pipeline-983041-983053-v2-2026-08-26/replay-work/formal-opendev-983041--target-983053/target/.tox/py3/lib/python3.10/site-packages/testtools/testcase.py", line 438, in assertEqual
    self.assertThat(observed, matcher, message)

      File "/home/zhihao/hdd/marshal/benchmarks/cross-repo-pr-impact/results/single-case-pipeline-983041-983053-v2-2026-08-26/replay-work/formal-opendev-983041--target-983053/target/.tox/py3/lib/python3.10/site-packages/testtools/testcase.py", line 587, in assertThat
    raise mismatch_error

    testtools.matchers._impl.MismatchError: !=:
Items in actual but not in expected:
['ha_chassis_priority']



======
Totals
======
Ran: 23 tests in 0.0791 sec.
 - Passed: 22
 - Skipped: 0
 - Expected Fail: 0
 - Unexpected Success: 0
 - Failed: 1
Sum of execute time for each test: 0.3222 sec.

==============
Worker Balance
==============
 - Worker 0 (6 tests) => 0:00:00.077634
 - Worker 1 (3 tests) => 0:00:00.038184
 - Worker 2 (3 tests) => 0:00:00.037398
 - Worker 3 (3 tests) => 0:00:00.041748
 - Worker 4 (2 tests) => 0:00:00.037930
 - Worker 5 (2 tests) => 0:00:00.032678
 - Worker 6 (2 tests) => 0:00:00.033197
 - Worker 7 (2 tests) => 0:00:00.033103
