INFO  [alembic.runtime.migration] Context impl SQLiteImpl.
INFO  [alembic.runtime.migration] Will assume non-transactional DDL.
INFO  [alembic.runtime.migration] Context impl SQLiteImpl.
INFO  [alembic.runtime.migration] Will assume non-transactional DDL.
INFO  [alembic.runtime.migration] Context impl SQLiteImpl.
INFO  [alembic.runtime.migration] Will assume non-transactional DDL.
INFO  [alembic.runtime.migration] Running stamp_revision  -> d7e6a4d39fe4
INFO  [alembic.runtime.migration] Running stamp_revision  -> d7e6a4d39fe4
INFO  [alembic.runtime.migration] Running stamp_revision  -> d7e6a4d39fe4
{1} magnum.tests.unit.common.policies.test_stats_policy.TestStatsPolicy.test_stat_no_permission [0.262520s] ... ok
GET: /v1/stats {}
{2} magnum.tests.unit.common.policies.test_stats_policy.TestStatsPolicy.test_stat_admin [0.277573s] ... ok
{0} magnum.tests.unit.common.policies.test_stats_policy.TestStatsPolicy.test_stat_reader [0.278718s] ... ok
GET: /v1/stats {}
GOT:{'clusters': 0, 'nodes': 0}
GET: /v1/stats {}
GOT:{'clusters': 0, 'nodes': 0}

======
Totals
======
Ran: 3 tests in 0.2788 sec.
 - Passed: 3
 - Skipped: 0
 - Expected Fail: 0
 - Unexpected Success: 0
 - Failed: 0
Sum of execute time for each test: 0.8188 sec.

==============
Worker Balance
==============
 - Worker 0 (1 tests) => 0:00:00.278718
 - Worker 1 (1 tests) => 0:00:00.262520
 - Worker 2 (1 tests) => 0:00:00.277573
