{1} cinder.tests.unit.api.v3.test_volumes.VolumeApiTest.test_list_volume_with_count_param_5 [0.706938s] ... ok
{2} cinder.tests.unit.api.v3.test_volumes.VolumeApiTest.test_list_volume_with_count_param_6 [0.790467s] ... ok
{5} cinder.tests.unit.api.v3.test_volumes.VolumeApiTest.test_list_volume_with_count_param_version_not_matched_2_volumes_detail [0.568781s] ... ok
{7} cinder.tests.unit.api.v3.test_volumes.VolumeApiTest.test_list_volume_with_count_param_version_not_matched_1_volumes [0.569276s] ... ok
{3} cinder.tests.unit.api.v3.test_volumes.VolumeApiTest.test_list_volume_with_count_param_2 [0.617533s] ... ok
{6} cinder.tests.unit.api.v3.test_volumes.VolumeApiTest.test_list_volume_with_count_param_1 [0.887380s] ... ok
{0} cinder.tests.unit.api.v3.test_volumes.VolumeApiTest.test_list_volume_with_count_param_4 [0.622565s] ... ok
{4} cinder.tests.unit.api.v3.test_volumes.VolumeApiTest.test_list_volume_with_count_param_3 [0.622234s] ... ok
[93mReadline features including tab completion have been disabled because
no supported version of readline was found. To resolve this, install
pyreadline on Windows or gnureadline on Mac.

[39m
======
Totals
======
Ran: 8 tests in 1.1636 sec.
 - Passed: 8
 - Skipped: 0
 - Expected Fail: 0
 - Unexpected Success: 0
 - Failed: 0
Sum of execute time for each test: 5.3852 sec.

==============
Worker Balance
==============
 - Worker 0 (1 tests) => 0:00:00.622565
 - Worker 1 (1 tests) => 0:00:00.706938
 - Worker 2 (1 tests) => 0:00:00.790467
 - Worker 3 (1 tests) => 0:00:00.617533
 - Worker 4 (1 tests) => 0:00:00.622234
 - Worker 5 (1 tests) => 0:00:00.568781
 - Worker 6 (1 tests) => 0:00:00.887380
 - Worker 7 (1 tests) => 0:00:00.569276
