{1} placement.tests.functional.cmd.test_status.UpgradeCheckIncompleteConsumersTestCase.test_check_incomplete_consumers [0.057895s] ... ok
{0} placement.tests.functional.cmd.test_status.UpgradeCheckIncompleteConsumersTestCase.test_all_registered_check_is_runnable [0.050842s] ... ok
{2} placement.tests.functional.cmd.test_status.UpgradeCheckIncompleteConsumersTestCase.test_check_root_provider_ids [0.043960s] ... ok
+-------------------------------------------+
| Upgrade Check Results                     |
+-------------------------------------------+
| Check: Missing Root Provider IDs          |
| Result: Success                           |
| Details: None                             |
+-------------------------------------------+
| Check: Incomplete Consumers               |
| Result: Success                           |
| Details: None                             |
+-------------------------------------------+
| Check: Policy File JSON to YAML Migration |
| Result: Success                           |
| Details: None                             |
+-------------------------------------------+
[93mReadline features including tab completion have been disabled because
no supported version of readline was found. To resolve this, install
pyreadline on Windows or gnureadline on Mac.

[39m
======
Totals
======
Ran: 3 tests in 0.0682 sec.
 - Passed: 3
 - Skipped: 0
 - Expected Fail: 0
 - Unexpected Success: 0
 - Failed: 0
Sum of execute time for each test: 0.1527 sec.

==============
Worker Balance
==============
 - Worker 0 (1 tests) => 0:00:00.050842
 - Worker 1 (1 tests) => 0:00:00.057895
 - Worker 2 (1 tests) => 0:00:00.043960
sys:1: ResourceWarning: unclosed file <_io.FileIO name=1 mode='wb' closefd=True>
ResourceWarning: Enable tracemalloc to get the object allocation traceback
sys:1: ResourceWarning: unclosed file <_io.FileIO name=1 mode='wb' closefd=True>
ResourceWarning: Enable tracemalloc to get the object allocation traceback
sys:1: ResourceWarning: unclosed file <_io.FileIO name=1 mode='wb' closefd=True>
ResourceWarning: Enable tracemalloc to get the object allocation traceback
