sys.version_info(major=3, minor=13, micro=11, releaselevel='final', serial=0)
Branch: master
Source: /home/zhihao/hdd/marshal/benchmarks/cross-repo-pr-impact/results/single-case-pipeline-1000668-1000669-v2-2026-08-26/replay-work/formal-opendev-1000668--target-1000669/source-a1
Requirements: /home/zhihao/hdd/marshal/benchmarks/cross-repo-pr-impact/results/single-case-pipeline-1000668-1000669-v2-2026-08-26/replay-work/formal-opendev-1000668--target-1000669/target-a2
git log -n 1 --format=%H
Patch under test: 64c25a49ea0e7a9eba9a08d2c7f8fadba77af5f9
Checking 64c25a49ea0e7a9eba9a08d2c7f8fadba77af5f9
Processing pyproject.toml (requirements)
Processing requirements.txt (requirements)
Processing test-requirements.txt (requirements)
Processing doc/requirements.txt (requirements)
Processing pyproject.toml (extras)
  Processing 'burnin-network-kazoo' extra
  Processing 'extra-hardware' extra
Validating pyproject.toml (dependencies)
Validating requirements.txt (dependencies)
Validating test-requirements.txt (dependencies)
Validating doc/requirements.txt (dependencies)
Validating pyproject.toml ('burnin-network-kazoo' extra)
Validating pyproject.toml ('extra-hardware' extra)
Updated requirements match openstack/requirements.
