{0} masakari.tests.unit.test_api_validation.IntegerRangeTestCase.test_validate_integer_range [0.015083s] ... ok
{1} masakari.tests.unit.test_api_validation.FormatCheckerTestCase.test_format_checker_failed_with_non_string [0.017899s] ... ok
{5} masakari.tests.unit.test_api_validation.AdditionalPropertiesDisableTestCase.test_validate_additionalProperties_disable [0.012814s] ... ok
{4} masakari.tests.unit.test_api_validation.RequiredEnableTestCase.test_validate_required_enable [0.013058s] ... ok
{2} masakari.tests.unit.test_api_validation.NameTestCase.test_validate_name_fails [0.023968s] ... ok
{9} masakari.tests.unit.test_api_validation.IntegerRangeTestCase.test_validate_integer_range_fails [0.016414s] ... ok
{3} masakari.tests.unit.test_api_validation.AdditionalPropertiesDisableTestCase.test_validate_additionalProperties_disable_fails [0.013534s] ... ok
{10} masakari.tests.unit.test_api_validation.StringTestCase.test_validate_string_fails [0.015549s] ... ok
{14} masakari.tests.unit.test_api_validation.BooleanTestCase.test_validate_boolean_fails [0.014957s] ... ok
{6} masakari.tests.unit.test_api_validation.IntegerTestCase.test_validate_integer [0.014973s] ... ok
{17} masakari.tests.unit.test_api_validation.VersionedApiValidationTestCase.test_validate_with_proper_microversions [0.016113s] ... ok
{18} masakari.tests.unit.test_api_validation.DatetimeTestCase.test_validate_datetime [0.013482s] ... ok
{15} masakari.tests.unit.test_api_validation.NameTestCase.test_validate_name [0.022733s] ... ok
{19} masakari.tests.unit.test_api_validation.FormatCheckerTestCase.test_format_checker_failed [0.018141s] ... ok
{13} masakari.tests.unit.test_api_validation.RequiredEnableTestCase.test_validate_required_enable_fails [0.013715s] ... ok
{11} masakari.tests.unit.test_api_validation.RequiredDisableTestCase.test_validate_required_disable [0.014042s] ... ok
{8} masakari.tests.unit.test_api_validation.StringTestCase.test_validate_string [0.015492s] ... ok
{22} masakari.tests.unit.test_api_validation.AdditionalPropertiesEnableTestCase.test_validate_additionalProperties_enable [0.014236s] ... ok
{21} masakari.tests.unit.test_api_validation.VersionedApiValidationTestCase.test_validate_with_improper_microversions [0.017465s] ... ok
{12} masakari.tests.unit.test_api_validation.IntegerTestCase.test_validate_integer_fails [0.018060s] ... ok
{24} masakari.tests.unit.test_api_validation.BooleanTestCase.test_validate_boolean [0.017650s] ... ok
{23} masakari.tests.unit.test_api_validation.PatternPropertiesTestCase.test_validate_patternProperties_fails [0.016876s] ... ok
{7} masakari.tests.unit.test_api_validation.StringLengthTestCase.test_validate_string_length_fails [0.015645s] ... ok
{20} masakari.tests.unit.test_api_validation.PatternPropertiesTestCase.test_validate_patternProperties [0.014180s] ... ok
{16} masakari.tests.unit.test_api_validation.StringLengthTestCase.test_validate_string_length [0.015128s] ... ok
{25} masakari.tests.unit.test_api_validation.ValidationRegex.test_build_regex_range [0.013119s] ... ok

======
Totals
======
Ran: 26 tests in 0.1437 sec.
 - Passed: 26
 - Skipped: 0
 - Expected Fail: 0
 - Unexpected Success: 0
 - Failed: 0
Sum of execute time for each test: 0.4143 sec.

==============
Worker Balance
==============
 - Worker 0 (1 tests) => 0:00:00.015083
 - Worker 1 (1 tests) => 0:00:00.017899
 - Worker 2 (1 tests) => 0:00:00.023968
 - Worker 3 (1 tests) => 0:00:00.013534
 - Worker 4 (1 tests) => 0:00:00.013058
 - Worker 5 (1 tests) => 0:00:00.012814
 - Worker 6 (1 tests) => 0:00:00.014973
 - Worker 7 (1 tests) => 0:00:00.015645
 - Worker 8 (1 tests) => 0:00:00.015492
 - Worker 9 (1 tests) => 0:00:00.016414
 - Worker 10 (1 tests) => 0:00:00.015549
 - Worker 11 (1 tests) => 0:00:00.014042
 - Worker 12 (1 tests) => 0:00:00.018060
 - Worker 13 (1 tests) => 0:00:00.013715
 - Worker 14 (1 tests) => 0:00:00.014957
 - Worker 15 (1 tests) => 0:00:00.022733
 - Worker 16 (1 tests) => 0:00:00.015128
 - Worker 17 (1 tests) => 0:00:00.016113
 - Worker 18 (1 tests) => 0:00:00.013482
 - Worker 19 (1 tests) => 0:00:00.018141
 - Worker 20 (1 tests) => 0:00:00.014180
 - Worker 21 (1 tests) => 0:00:00.017465
 - Worker 22 (1 tests) => 0:00:00.014236
 - Worker 23 (1 tests) => 0:00:00.016876
 - Worker 24 (1 tests) => 0:00:00.017650
 - Worker 25 (1 tests) => 0:00:00.013119
