{1} openstackclient.tests.unit.network.v2.test_ip_availability.TestShowIPAvailability.test_show_all_options [0.105207s] ... FAILED

Captured traceback:
~~~~~~~~~~~~~~~~~~~
    Traceback (most recent call last):

      File "/home/zhihao/hdd/marshal/.work/root-rebuild-1000682-1000685/case-output/replay-work/formal-opendev-1000682--target-1000685/target/openstackclient/tests/unit/network/v2/test_ip_availability.py", line 188, in test_show_all_options
    self.assertEqual(self.columns, columns)
    ~~~~~~~~~~~~~~~~^^^^^^^^^^^^^^^^^^^^^^^

      File "/home/zhihao/hdd/marshal/.work/root-rebuild-1000682-1000685/case-output/replay-work/formal-opendev-1000682--target-1000685/target/.tox/py3/lib/python3.13/site-packages/testtools/testcase.py", line 513, in assertEqual
    self.assertThat(observed, matcher, message)
    ~~~~~~~~~~~~~~~^^^^^^^^^^^^^^^^^^^^^^^^^^^^

      File "/home/zhihao/hdd/marshal/.work/root-rebuild-1000682-1000685/case-output/replay-work/formal-opendev-1000682--target-1000685/target/.tox/py3/lib/python3.13/site-packages/testtools/testcase.py", line 704, in assertThat
    raise mismatch_error

    testtools.matchers._impl.MismatchError: !=:
reference = ('network_id',
 'network_name',
 'project_id',
 'subnet_ip_availability',
 'total_ips',
 'used_ips')
actual    = ('ip_availability_details',
 'network_id',
 'network_name',
 'project_id',
 'subnet_ip_availability',
 'total_ips',
 'used_ips')


{1} openstackclient.tests.unit.network.v2.test_ip_availability.TestShowIPAvailability.test_show_no_option [0.004145s] ... ok
{0} openstackclient.tests.unit.network.v2.test_ip_availability.TestListIPAvailability.test_list_ip_version [0.103678s] ... ok
{0} openstackclient.tests.unit.network.v2.test_ip_availability.TestListIPAvailability.test_list_no_options [0.004216s] ... ok
{0} openstackclient.tests.unit.network.v2.test_ip_availability.TestListIPAvailability.test_list_pagination [0.003946s] ... ok
{0} openstackclient.tests.unit.network.v2.test_ip_availability.TestListIPAvailability.test_list_project [0.003913s] ... ok

==============================
Failed 1 tests - output below:
==============================

openstackclient.tests.unit.network.v2.test_ip_availability.TestShowIPAvailability.test_show_all_options
-------------------------------------------------------------------------------------------------------

Captured traceback:
~~~~~~~~~~~~~~~~~~~
    Traceback (most recent call last):

      File "/home/zhihao/hdd/marshal/.work/root-rebuild-1000682-1000685/case-output/replay-work/formal-opendev-1000682--target-1000685/target/openstackclient/tests/unit/network/v2/test_ip_availability.py", line 188, in test_show_all_options
    self.assertEqual(self.columns, columns)
    ~~~~~~~~~~~~~~~~^^^^^^^^^^^^^^^^^^^^^^^

      File "/home/zhihao/hdd/marshal/.work/root-rebuild-1000682-1000685/case-output/replay-work/formal-opendev-1000682--target-1000685/target/.tox/py3/lib/python3.13/site-packages/testtools/testcase.py", line 513, in assertEqual
    self.assertThat(observed, matcher, message)
    ~~~~~~~~~~~~~~~^^^^^^^^^^^^^^^^^^^^^^^^^^^^

      File "/home/zhihao/hdd/marshal/.work/root-rebuild-1000682-1000685/case-output/replay-work/formal-opendev-1000682--target-1000685/target/.tox/py3/lib/python3.13/site-packages/testtools/testcase.py", line 704, in assertThat
    raise mismatch_error

    testtools.matchers._impl.MismatchError: !=:
reference = ('network_id',
 'network_name',
 'project_id',
 'subnet_ip_availability',
 'total_ips',
 'used_ips')
actual    = ('ip_availability_details',
 'network_id',
 'network_name',
 'project_id',
 'subnet_ip_availability',
 'total_ips',
 'used_ips')




======
Totals
======
Ran: 6 tests in 0.1490 sec.
 - Passed: 5
 - Skipped: 0
 - Expected Fail: 0
 - Unexpected Success: 0
 - Failed: 1
Sum of execute time for each test: 0.2251 sec.

==============
Worker Balance
==============
 - Worker 0 (4 tests) => 0:00:00.116180
 - Worker 1 (2 tests) => 0:00:00.112861
