
> images-to-less-variables@0.0.4 test /home/zhihao/hdd/marshal-dataset-work/imagemin-optipng-20260824/formal-run/a3-after
> gulp

[22:44:50] Using gulpfile ~/hdd/marshal-dataset-work/imagemin-optipng-20260824/formal-run/a3-after/gulpfile.js
[22:44:50] Starting 'lint'...
[22:44:50] Finished 'lint' after 95 ms
[22:44:50] Starting 'default'...
[32m.[0mOptimize: test/data/icon.png 225B compression 52.8%
[32m.[0mOptimize: test/data/empty.png 0B compression 0%
[32m.[0mOptimize: test/data/icon.png 225B compression 52.8%
[32m.[0mOptimize: test/data/icon.png 225B compression 52.8%
[32m.[0m[32m.[0mOptimize: test/data/icon.png 225B compression 52.8%
[32m.[0m[32m.[0m

8 specs, 0 failures
Finished in 0.074 seconds
------------|----------|----------|----------|----------|----------------|
File        |  % Stmts | % Branch |  % Funcs |  % Lines |Uncovered Lines |
------------|----------|----------|----------|----------|----------------|
 lib/       |    89.29 |    89.29 |     87.5 |    89.29 |                |
  index.js  |    94.29 |      100 |    83.33 |    94.29 |          61,62 |
  minify.js |    80.95 |       75 |      100 |    80.95 |    20,21,25,26 |
------------|----------|----------|----------|----------|----------------|
All files   |    89.29 |    89.29 |     87.5 |    89.29 |                |
------------|----------|----------|----------|----------|----------------|


=============================== Coverage summary ===============================
Statements   : 89.29% ( 50/56 )
Branches     : 89.29% ( 25/28 )
Functions    : 87.5% ( 7/8 )
Lines        : 89.29% ( 50/56 )
================================================================================
[22:44:51] Finished 'default' after 526 ms
