2026-08-27 03:52:55.308 3611293 INFO migrate.versioning.api [-] 0 -> 1... [00m
2026-08-27 03:52:55.313 3611293 INFO migrate.versioning.api [-] done[00m
2026-08-27 03:52:55.313 3611293 INFO migrate.versioning.api [-] 1 -> 2... [00m
2026-08-27 03:52:55.320 3611293 INFO migrate.versioning.api [-] done[00m
2026-08-27 03:52:55.320 3611293 INFO migrate.versioning.api [-] 2 -> 3... [00m
2026-08-27 03:52:55.338 3611293 INFO migrate.versioning.api [-] done[00m
2026-08-27 03:52:55.338 3611293 INFO migrate.versioning.api [-] 3 -> 4... [00m
2026-08-27 03:52:55.340 3611292 INFO migrate.versioning.api [-] 0 -> 1... [00m
2026-08-27 03:52:55.341 3611293 INFO migrate.versioning.api [-] done[00m
2026-08-27 03:52:55.341 3611293 INFO migrate.versioning.api [-] 4 -> 5... [00m
2026-08-27 03:52:55.344 3611292 INFO migrate.versioning.api [-] done[00m
2026-08-27 03:52:55.344 3611292 INFO migrate.versioning.api [-] 1 -> 2... [00m
2026-08-27 03:52:55.351 3611292 INFO migrate.versioning.api [-] done[00m
2026-08-27 03:52:55.351 3611292 INFO migrate.versioning.api [-] 2 -> 3... [00m
2026-08-27 03:52:55.340 3611294 INFO migrate.versioning.api [-] 0 -> 1... [00m
2026-08-27 03:52:55.345 3611294 INFO migrate.versioning.api [-] done[00m
2026-08-27 03:52:55.345 3611294 INFO migrate.versioning.api [-] 1 -> 2... [00m
2026-08-27 03:52:55.351 3611294 INFO migrate.versioning.api [-] done[00m
2026-08-27 03:52:55.351 3611294 INFO migrate.versioning.api [-] 2 -> 3... [00m
2026-08-27 03:52:55.354 3611293 INFO migrate.versioning.api [-] done[00m
2026-08-27 03:52:55.354 3611293 INFO migrate.versioning.api [-] 5 -> 6... [00m
2026-08-27 03:52:55.355 3611293 INFO masakari.engine.driver [-] Loading masakari notification driver 'taskflow_driver'[00m
2026-08-27 03:52:55.356 3611293 INFO migrate.versioning.api [-] done[00m
2026-08-27 03:52:55.356 3611293 INFO migrate.versioning.api [-] 6 -> 7... [00m
2026-08-27 03:52:55.362 3611293 INFO migrate.versioning.api [-] done[00m
2026-08-27 03:52:55.369 3611294 INFO migrate.versioning.api [-] done[00m
2026-08-27 03:52:55.369 3611294 INFO migrate.versioning.api [-] 3 -> 4... [00m
2026-08-27 03:52:55.372 3611294 INFO migrate.versioning.api [-] done[00m
2026-08-27 03:52:55.373 3611294 INFO migrate.versioning.api [-] 4 -> 5... [00m
2026-08-27 03:52:55.369 3611292 INFO migrate.versioning.api [-] done[00m
2026-08-27 03:52:55.369 3611292 INFO migrate.versioning.api [-] 3 -> 4... [00m
2026-08-27 03:52:55.372 3611292 INFO migrate.versioning.api [-] done[00m
2026-08-27 03:52:55.372 3611292 INFO migrate.versioning.api [-] 4 -> 5... [00m
2026-08-27 03:52:55.385 3611292 INFO migrate.versioning.api [-] done[00m
2026-08-27 03:52:55.385 3611292 INFO migrate.versioning.api [-] 5 -> 6... [00m
2026-08-27 03:52:55.386 3611292 INFO masakari.engine.driver [-] Loading masakari notification driver 'taskflow_driver'[00m
2026-08-27 03:52:55.387 3611292 INFO migrate.versioning.api [-] done[00m
2026-08-27 03:52:55.387 3611292 INFO migrate.versioning.api [-] 6 -> 7... [00m
2026-08-27 03:52:55.393 3611292 INFO migrate.versioning.api [-] done[00m
2026-08-27 03:52:55.387 3611293 INFO masakari.db.sqlalchemy.api [req-739fbd71-7614-4ae5-818d-265d6abc8f6c - - - - -] Purging deleted rows older than 60 day(s) from table notifications[00m
2026-08-27 03:52:55.389 3611293 INFO masakari.db.sqlalchemy.api [req-739fbd71-7614-4ae5-818d-265d6abc8f6c - - - - -] Deleted 2 row(s) from table notifications[00m
2026-08-27 03:52:55.389 3611293 INFO masakari.db.sqlalchemy.api [req-739fbd71-7614-4ae5-818d-265d6abc8f6c - - - - -] Purging deleted rows older than 60 day(s) from table hosts[00m
2026-08-27 03:52:55.390 3611293 INFO masakari.db.sqlalchemy.api [req-739fbd71-7614-4ae5-818d-265d6abc8f6c - - - - -] Deleted 1 row(s) from table hosts[00m
2026-08-27 03:52:55.390 3611293 INFO masakari.db.sqlalchemy.api [req-739fbd71-7614-4ae5-818d-265d6abc8f6c - - - - -] Total deleted rows are 3[00m
{1} masakari.tests.unit.db.test_purge.PurgeDeletedTest.test_purge_maximum_rows_partial_deleted_records [0.119300s] ... ok
2026-08-27 03:52:55.418 3611292 INFO masakari.db.sqlalchemy.api [req-ac000325-791f-48f6-8bfa-291a4535ee70 - - - - -] Purging deleted rows older than 30 day(s) from table notifications[00m
2026-08-27 03:52:55.419 3611292 INFO masakari.db.sqlalchemy.api [req-ac000325-791f-48f6-8bfa-291a4535ee70 - - - - -] Deleted 2 row(s) from table notifications[00m
2026-08-27 03:52:55.420 3611292 INFO masakari.db.sqlalchemy.api [req-ac000325-791f-48f6-8bfa-291a4535ee70 - - - - -] Purging deleted rows older than 30 day(s) from table hosts[00m
2026-08-27 03:52:55.420 3611292 INFO masakari.db.sqlalchemy.api [req-ac000325-791f-48f6-8bfa-291a4535ee70 - - - - -] Deleted 2 row(s) from table hosts[00m
2026-08-27 03:52:55.421 3611292 INFO masakari.db.sqlalchemy.api [req-ac000325-791f-48f6-8bfa-291a4535ee70 - - - - -] Purging deleted rows older than 30 day(s) from table failover_segments[00m
2026-08-27 03:52:55.421 3611292 INFO masakari.db.sqlalchemy.api [req-ac000325-791f-48f6-8bfa-291a4535ee70 - - - - -] Deleted 2 row(s) from table failover_segments[00m
2026-08-27 03:52:55.422 3611292 INFO masakari.db.sqlalchemy.api [req-ac000325-791f-48f6-8bfa-291a4535ee70 - - - - -] Total deleted rows are 6[00m
{0} masakari.tests.unit.db.test_purge.PurgeDeletedTest.test_purge_deleted_rows_old [0.119847s] ... ok
2026-08-27 03:52:55.386 3611294 INFO migrate.versioning.api [-] done[00m
2026-08-27 03:52:55.386 3611294 INFO migrate.versioning.api [-] 5 -> 6... [00m
2026-08-27 03:52:55.386 3611294 INFO masakari.engine.driver [-] Loading masakari notification driver 'taskflow_driver'[00m
2026-08-27 03:52:55.388 3611294 INFO migrate.versioning.api [-] done[00m
2026-08-27 03:52:55.388 3611294 INFO migrate.versioning.api [-] 6 -> 7... [00m
2026-08-27 03:52:55.393 3611294 INFO migrate.versioning.api [-] done[00m
2026-08-27 03:52:55.419 3611294 INFO masakari.db.sqlalchemy.api [req-d3f27795-be0e-4192-bedd-01c738b23126 - - - - -] Purging deleted rows older than 20 day(s) from table notifications[00m
2026-08-27 03:52:55.420 3611294 INFO masakari.db.sqlalchemy.api [req-d3f27795-be0e-4192-bedd-01c738b23126 - - - - -] Deleted 4 row(s) from table notifications[00m
2026-08-27 03:52:55.420 3611294 INFO masakari.db.sqlalchemy.api [req-d3f27795-be0e-4192-bedd-01c738b23126 - - - - -] Purging deleted rows older than 20 day(s) from table hosts[00m
2026-08-27 03:52:55.421 3611294 INFO masakari.db.sqlalchemy.api [req-d3f27795-be0e-4192-bedd-01c738b23126 - - - - -] Deleted 4 row(s) from table hosts[00m
2026-08-27 03:52:55.421 3611294 INFO masakari.db.sqlalchemy.api [req-d3f27795-be0e-4192-bedd-01c738b23126 - - - - -] Purging deleted rows older than 20 day(s) from table failover_segments[00m
2026-08-27 03:52:55.422 3611294 INFO masakari.db.sqlalchemy.api [req-d3f27795-be0e-4192-bedd-01c738b23126 - - - - -] Deleted 4 row(s) from table failover_segments[00m
2026-08-27 03:52:55.422 3611294 INFO masakari.db.sqlalchemy.api [req-d3f27795-be0e-4192-bedd-01c738b23126 - - - - -] Total deleted rows are 12[00m
{2} masakari.tests.unit.db.test_purge.PurgeDeletedTest.test_purge_all_deleted_rows [0.120333s] ... ok
[93mReadline features including tab completion have been disabled because
no supported version of readline was found. To resolve this, install
pyreadline on Windows or gnureadline on Mac.

[39m
======
Totals
======
Ran: 3 tests in 0.1515 sec.
 - Passed: 3
 - Skipped: 0
 - Expected Fail: 0
 - Unexpected Success: 0
 - Failed: 0
Sum of execute time for each test: 0.3595 sec.

==============
Worker Balance
==============
 - Worker 0 (1 tests) => 0:00:00.119847
 - Worker 1 (1 tests) => 0:00:00.119300
 - Worker 2 (1 tests) => 0:00:00.120333
