test_server_reboot (openstack_dashboard.test.unit.api.test_nova.ComputeApiTests) ... ok

----------------------------------------------------------------------
Ran 1 test in 0.057s

OK
Creating test database for alias 'default' ('file:memorydb_default?mode=memory&cache=shared')...
Operations to perform:
  Synchronize unmigrated apps: admin, compressor, horizon, humanize, identity, messages, openstack_auth, openstack_dashboard, project, settings, staticfiles
  Apply all migrations: auth, contenttypes, sessions
Synchronizing apps without migrations:
  Creating tables...
    Creating table openstack_auth_user
    Running deferred SQL...
Running migrations:
  Applying contenttypes.0001_initial... OK
  Applying contenttypes.0002_remove_content_type_name... OK
  Applying auth.0001_initial... OK
  Applying auth.0002_alter_permission_name_max_length... OK
  Applying auth.0003_alter_user_email_max_length... OK
  Applying auth.0004_alter_user_username_opts... OK
  Applying auth.0005_alter_user_last_login_null... OK
  Applying auth.0006_require_contenttypes_0002... OK
  Applying auth.0007_alter_validators_add_error_messages... OK
  Applying auth.0008_alter_user_username_max_length... OK
  Applying auth.0009_alter_user_last_name_max_length... OK
  Applying sessions.0001_initial... OK
System check identified no issues (0 silenced).
Destroying test database for alias 'default' ('file:memorydb_default?mode=memory&cache=shared')...
