[INFO] Error stacktraces are turned on.
[INFO] Scanning for projects...
[INFO] Downloading from local.central: file:///tmp/marshal-jcabi-formal-r1.D7Dfcf/m2/a1/com/jcabi/jcabi/1.30.0/jcabi-1.30.0.pom
[INFO] Downloaded from local.central: file:///tmp/marshal-jcabi-formal-r1.D7Dfcf/m2/a1/com/jcabi/jcabi/1.30.0/jcabi-1.30.0.pom (5.8 kB at 135 kB/s)
[INFO] Downloading from local.central: file:///tmp/marshal-jcabi-formal-r1.D7Dfcf/m2/a1/com/jcabi/parent/0.55.0/parent-0.55.0.pom
[INFO] Downloaded from local.central: file:///tmp/marshal-jcabi-formal-r1.D7Dfcf/m2/a1/com/jcabi/parent/0.55.0/parent-0.55.0.pom (62 kB at 8.8 MB/s)
[INFO] Downloading from local.central: file:///tmp/marshal-jcabi-formal-r1.D7Dfcf/m2/a1/org/apache/felix/maven-bundle-plugin/3.0.0/maven-bundle-plugin-3.0.0.pom
[INFO] Downloading from oss.sonatype.org: https://oss.sonatype.org/content/groups/public/org/apache/felix/maven-bundle-plugin/3.0.0/maven-bundle-plugin-3.0.0.pom
[INFO] Downloaded from oss.sonatype.org: https://oss.sonatype.org/content/groups/public/org/apache/felix/maven-bundle-plugin/3.0.0/maven-bundle-plugin-3.0.0.pom (5.6 kB at 3.8 kB/s)
[INFO] Downloading from local.central: file:///tmp/marshal-jcabi-formal-r1.D7Dfcf/m2/a1/org/apache/felix/felix-parent/3/felix-parent-3.pom
[INFO] Downloading from oss.sonatype.org: https://oss.sonatype.org/content/groups/public/org/apache/felix/felix-parent/3/felix-parent-3.pom
[INFO] Downloaded from oss.sonatype.org: https://oss.sonatype.org/content/groups/public/org/apache/felix/felix-parent/3/felix-parent-3.pom (17 kB at 28 kB/s)
[INFO] Downloading from local.central: file:///tmp/marshal-jcabi-formal-r1.D7Dfcf/m2/a1/org/osgi/org.osgi.core/4.3.1/org.osgi.core-4.3.1.pom
[INFO] Downloading from oss.sonatype.org: https://oss.sonatype.org/content/groups/public/org/osgi/org.osgi.core/4.3.1/org.osgi.core-4.3.1.pom
[INFO] Downloaded from oss.sonatype.org: https://oss.sonatype.org/content/groups/public/org/osgi/org.osgi.core/4.3.1/org.osgi.core-4.3.1.pom (1.4 kB at 2.4 kB/s)
[INFO] Downloading from local.central: file:///tmp/marshal-jcabi-formal-r1.D7Dfcf/m2/a1/biz/aQute/bnd/biz.aQute.bndlib/3.0.0/biz.aQute.bndlib-3.0.0.pom
[INFO] Downloading from oss.sonatype.org: https://oss.sonatype.org/content/groups/public/biz/aQute/bnd/biz.aQute.bndlib/3.0.0/biz.aQute.bndlib-3.0.0.pom
[INFO] Downloaded from oss.sonatype.org: https://oss.sonatype.org/content/groups/public/biz/aQute/bnd/biz.aQute.bndlib/3.0.0/biz.aQute.bndlib-3.0.0.pom (1.3 kB at 2.2 kB/s)
[INFO] Downloading from local.central: file:///tmp/marshal-jcabi-formal-r1.D7Dfcf/m2/a1/org/easymock/easymock/2.5.2/easymock-2.5.2.pom
[INFO] Downloading from oss.sonatype.org: https://oss.sonatype.org/content/groups/public/org/easymock/easymock/2.5.2/easymock-2.5.2.pom
[INFO] Downloaded from oss.sonatype.org: https://oss.sonatype.org/content/groups/public/org/easymock/easymock/2.5.2/easymock-2.5.2.pom (12 kB at 20 kB/s)
[INFO] Downloading from local.central: file:///tmp/marshal-jcabi-formal-r1.D7Dfcf/m2/a1/org/apache/maven/maven-core/2.2.0/maven-core-2.2.0.pom
[INFO] Downloading from oss.sonatype.org: https://oss.sonatype.org/content/groups/public/org/apache/maven/maven-core/2.2.0/maven-core-2.2.0.pom
[INFO] Downloaded from oss.sonatype.org: https://oss.sonatype.org/content/groups/public/org/apache/maven/maven-core/2.2.0/maven-core-2.2.0.pom (11 kB at 19 kB/s)
[INFO] Downloading from local.central: file:///tmp/marshal-jcabi-formal-r1.D7Dfcf/m2/a1/org/apache/maven/maven/2.2.0/maven-2.2.0.pom
[INFO] Downloading from oss.sonatype.org: https://oss.sonatype.org/content/groups/public/org/apache/maven/maven/2.2.0/maven-2.2.0.pom
[INFO] Downloaded from oss.sonatype.org: https://oss.sonatype.org/content/groups/public/org/apache/maven/maven/2.2.0/maven-2.2.0.pom (22 kB at 39 kB/s)
[INFO] Downloading from local.central: file:///tmp/marshal-jcabi-formal-r1.D7Dfcf/m2/a1/org/apache/maven/maven-settings/2.2.0/maven-settings-2.2.0.pom
[INFO] Downloading from oss.sonatype.org: https://oss.sonatype.org/content/groups/public/org/apache/maven/maven-settings/2.2.0/maven-settings-2.2.0.pom
[INFO] Downloaded from oss.sonatype.org: https://oss.sonatype.org/content/groups/public/org/apache/maven/maven-settings/2.2.0/maven-settings-2.2.0.pom (2.2 kB at 3.8 kB/s)
[INFO] Downloading from local.central: file:///tmp/marshal-jcabi-formal-r1.D7Dfcf/m2/a1/org/apache/maven/maven-model/2.2.0/maven-model-2.2.0.pom
[INFO] Downloading from oss.sonatype.org: https://oss.sonatype.org/content/groups/public/org/apache/maven/maven-model/2.2.0/maven-model-2.2.0.pom
[INFO] Downloaded from oss.sonatype.org: https://oss.sonatype.org/content/groups/public/org/apache/maven/maven-model/2.2.0/maven-model-2.2.0.pom (3.2 kB at 5.6 kB/s)
[INFO] Downloading from local.central: file:///tmp/marshal-jcabi-formal-r1.D7Dfcf/m2/a1/org/apache/maven/maven-plugin-parameter-documenter/2.2.0/maven-plugin-parameter-documenter-2.2.0.pom
[INFO] Downloading from oss.sonatype.org: https://oss.sonatype.org/content/groups/public/org/apache/maven/maven-plugin-parameter-documenter/2.2.0/maven-plugin-parameter-documenter-2.2.0.pom
[INFO] Downloaded from oss.sonatype.org: https://oss.sonatype.org/content/groups/public/org/apache/maven/maven-plugin-parameter-documenter/2.2.0/maven-plugin-parameter-documenter-2.2.0.pom (2.0 kB at 3.4 kB/s)
[INFO] Downloading from local.central: file:///tmp/marshal-jcabi-formal-r1.D7Dfcf/m2/a1/org/apache/maven/reporting/maven-reporting-api/2.2.0/maven-reporting-api-2.2.0.pom
[INFO] Downloading from oss.sonatype.org: https://oss.sonatype.org/content/groups/public/org/apache/maven/reporting/maven-reporting-api/2.2.0/maven-reporting-api-2.2.0.pom
[INFO] Downloaded from oss.sonatype.org: https://oss.sonatype.org/content/groups/public/org/apache/maven/reporting/maven-reporting-api/2.2.0/maven-reporting-api-2.2.0.pom (1.9 kB at 3.2 kB/s)
[INFO] Downloading from local.central: file:///tmp/marshal-jcabi-formal-r1.D7Dfcf/m2/a1/org/apache/maven/reporting/maven-reporting/2.2.0/maven-reporting-2.2.0.pom
[INFO] Downloading from oss.sonatype.org: https://oss.sonatype.org/content/groups/public/org/apache/maven/reporting/maven-reporting/2.2.0/maven-reporting-2.2.0.pom
[INFO] Downloaded from oss.sonatype.org: https://oss.sonatype.org/content/groups/public/org/apache/maven/reporting/maven-reporting/2.2.0/maven-reporting-2.2.0.pom (1.4 kB at 2.5 kB/s)
[INFO] Downloading from local.central: file:///tmp/marshal-jcabi-formal-r1.D7Dfcf/m2/a1/org/apache/maven/maven-profile/2.2.0/maven-profile-2.2.0.pom
[INFO] Downloading from oss.sonatype.org: https://oss.sonatype.org/content/groups/public/org/apache/maven/maven-profile/2.2.0/maven-profile-2.2.0.pom
[INFO] Downloaded from oss.sonatype.org: https://oss.sonatype.org/content/groups/public/org/apache/maven/maven-profile/2.2.0/maven-profile-2.2.0.pom (2.2 kB at 3.8 kB/s)
[INFO] Downloading from local.central: file:///tmp/marshal-jcabi-formal-r1.D7Dfcf/m2/a1/org/apache/maven/maven-artifact/2.2.0/maven-artifact-2.2.0.pom
[INFO] Downloading from oss.sonatype.org: https://oss.sonatype.org/content/groups/public/org/apache/maven/maven-artifact/2.2.0/maven-artifact-2.2.0.pom
[INFO] Downloaded from oss.sonatype.org: https://oss.sonatype.org/content/groups/public/org/apache/maven/maven-artifact/2.2.0/maven-artifact-2.2.0.pom (1.6 kB at 2.8 kB/s)
[INFO] Downloading from local.central: file:///tmp/marshal-jcabi-formal-r1.D7Dfcf/m2/a1/org/apache/maven/maven-repository-metadata/2.2.0/maven-repository-metadata-2.2.0.pom
[INFO] Downloading from oss.sonatype.org: https://oss.sonatype.org/content/groups/public/org/apache/maven/maven-repository-metadata/2.2.0/maven-repository-metadata-2.2.0.pom
[INFO] Downloaded from oss.sonatype.org: https://oss.sonatype.org/content/groups/public/org/apache/maven/maven-repository-metadata/2.2.0/maven-repository-metadata-2.2.0.pom (1.9 kB at 3.3 kB/s)
[INFO] Downloading from local.central: file:///tmp/marshal-jcabi-formal-r1.D7Dfcf/m2/a1/org/apache/maven/maven-error-diagnostics/2.2.0/maven-error-diagnostics-2.2.0.pom
[INFO] Downloading from oss.sonatype.org: https://oss.sonatype.org/content/groups/public/org/apache/maven/maven-error-diagnostics/2.2.0/maven-error-diagnostics-2.2.0.pom
[INFO] Downloaded from oss.sonatype.org: https://oss.sonatype.org/content/groups/public/org/apache/maven/maven-error-diagnostics/2.2.0/maven-error-diagnostics-2.2.0.pom (1.7 kB at 3.0 kB/s)
[INFO] Downloading from local.central: file:///tmp/marshal-jcabi-formal-r1.D7Dfcf/m2/a1/org/apache/maven/maven-project/2.2.0/maven-project-2.2.0.pom
[INFO] Downloading from oss.sonatype.org: https://oss.sonatype.org/content/groups/public/org/apache/maven/maven-project/2.2.0/maven-project-2.2.0.pom
[INFO] Downloaded from oss.sonatype.org: https://oss.sonatype.org/content/groups/public/org/apache/maven/maven-project/2.2.0/maven-project-2.2.0.pom (2.8 kB at 4.8 kB/s)
[INFO] Downloading from local.central: file:///tmp/marshal-jcabi-formal-r1.D7Dfcf/m2/a1/org/apache/maven/maven-artifact-manager/2.2.0/maven-artifact-manager-2.2.0.pom
[INFO] Downloading from oss.sonatype.org: https://oss.sonatype.org/content/groups/public/org/apache/maven/maven-artifact-manager/2.2.0/maven-artifact-manager-2.2.0.pom
[INFO] Downloaded from oss.sonatype.org: https://oss.sonatype.org/content/groups/public/org/apache/maven/maven-artifact-manager/2.2.0/maven-artifact-manager-2.2.0.pom (3.1 kB at 5.3 kB/s)
[INFO] Downloading from local.central: file:///tmp/marshal-jcabi-formal-r1.D7Dfcf/m2/a1/org/apache/maven/maven-plugin-registry/2.2.0/maven-plugin-registry-2.2.0.pom
[INFO] Downloading from oss.sonatype.org: https://oss.sonatype.org/content/groups/public/org/apache/maven/maven-plugin-registry/2.2.0/maven-plugin-registry-2.2.0.pom
[INFO] Downloaded from oss.sonatype.org: https://oss.sonatype.org/content/groups/public/org/apache/maven/maven-plugin-registry/2.2.0/maven-plugin-registry-2.2.0.pom (1.9 kB at 3.4 kB/s)
[INFO] Downloading from local.central: file:///tmp/marshal-jcabi-formal-r1.D7Dfcf/m2/a1/org/apache/maven/maven-plugin-api/2.2.0/maven-plugin-api-2.2.0.pom
[INFO] Downloading from oss.sonatype.org: https://oss.sonatype.org/content/groups/public/org/apache/maven/maven-plugin-api/2.2.0/maven-plugin-api-2.2.0.pom
[INFO] Downloaded from oss.sonatype.org: https://oss.sonatype.org/content/groups/public/org/apache/maven/maven-plugin-api/2.2.0/maven-plugin-api-2.2.0.pom (1.5 kB at 2.6 kB/s)
[INFO] Downloading from local.central: file:///tmp/marshal-jcabi-formal-r1.D7Dfcf/m2/a1/org/apache/maven/maven-plugin-descriptor/2.2.0/maven-plugin-descriptor-2.2.0.pom
[INFO] Downloading from oss.sonatype.org: https://oss.sonatype.org/content/groups/public/org/apache/maven/maven-plugin-descriptor/2.2.0/maven-plugin-descriptor-2.2.0.pom
[INFO] Downloaded from oss.sonatype.org: https://oss.sonatype.org/content/groups/public/org/apache/maven/maven-plugin-descriptor/2.2.0/maven-plugin-descriptor-2.2.0.pom (2.1 kB at 3.6 kB/s)
[INFO] Downloading from local.central: file:///tmp/marshal-jcabi-formal-r1.D7Dfcf/m2/a1/org/apache/maven/maven-monitor/2.2.0/maven-monitor-2.2.0.pom
[INFO] Downloading from oss.sonatype.org: https://oss.sonatype.org/content/groups/public/org/apache/maven/maven-monitor/2.2.0/maven-monitor-2.2.0.pom
[INFO] Downloaded from oss.sonatype.org: https://oss.sonatype.org/content/groups/public/org/apache/maven/maven-monitor/2.2.0/maven-monitor-2.2.0.pom (1.3 kB at 2.1 kB/s)
[INFO] Downloading from local.central: file:///tmp/marshal-jcabi-formal-r1.D7Dfcf/m2/a1/org/apache/maven/maven-archiver/2.5/maven-archiver-2.5.pom
[INFO] Downloading from oss.sonatype.org: https://oss.sonatype.org/content/groups/public/org/apache/maven/maven-archiver/2.5/maven-archiver-2.5.pom
[INFO] Downloaded from oss.sonatype.org: https://oss.sonatype.org/content/groups/public/org/apache/maven/maven-archiver/2.5/maven-archiver-2.5.pom (4.5 kB at 7.9 kB/s)
[INFO] Downloading from local.central: file:///tmp/marshal-jcabi-formal-r1.D7Dfcf/m2/a1/org/apache/maven/shared/maven-shared-components/17/maven-shared-components-17.pom
[INFO] Downloaded from local.central: file:///tmp/marshal-jcabi-formal-r1.D7Dfcf/m2/a1/org/apache/maven/shared/maven-shared-components/17/maven-shared-components-17.pom (8.7 kB at 8.7 MB/s)
[INFO] Downloading from local.central: file:///tmp/marshal-jcabi-formal-r1.D7Dfcf/m2/a1/org/apache/maven/maven-artifact/2.0.6/maven-artifact-2.0.6.pom
[INFO] Downloading from oss.sonatype.org: https://oss.sonatype.org/content/groups/public/org/apache/maven/maven-artifact/2.0.6/maven-artifact-2.0.6.pom
[INFO] Downloaded from oss.sonatype.org: https://oss.sonatype.org/content/groups/public/org/apache/maven/maven-artifact/2.0.6/maven-artifact-2.0.6.pom (1.6 kB at 2.8 kB/s)
[INFO] Downloading from local.central: file:///tmp/marshal-jcabi-formal-r1.D7Dfcf/m2/a1/org/apache/maven/maven/2.0.6/maven-2.0.6.pom
[INFO] Downloaded from local.central: file:///tmp/marshal-jcabi-formal-r1.D7Dfcf/m2/a1/org/apache/maven/maven/2.0.6/maven-2.0.6.pom (9.0 kB at 4.5 MB/s)
[INFO] Downloading from local.central: file:///tmp/marshal-jcabi-formal-r1.D7Dfcf/m2/a1/org/apache/maven/maven-parent/5/maven-parent-5.pom
[INFO] Downloaded from local.central: file:///tmp/marshal-jcabi-formal-r1.D7Dfcf/m2/a1/org/apache/maven/maven-parent/5/maven-parent-5.pom (15 kB at 15 MB/s)
[INFO] Downloading from local.central: file:///tmp/marshal-jcabi-formal-r1.D7Dfcf/m2/a1/org/apache/apache/3/apache-3.pom
[INFO] Downloaded from local.central: file:///tmp/marshal-jcabi-formal-r1.D7Dfcf/m2/a1/org/apache/apache/3/apache-3.pom (3.4 kB at 3.4 MB/s)
[INFO] Downloading from local.central: file:///tmp/marshal-jcabi-formal-r1.D7Dfcf/m2/a1/org/apache/maven/maven-model/2.0.6/maven-model-2.0.6.pom
[INFO] Downloading from oss.sonatype.org: https://oss.sonatype.org/content/groups/public/org/apache/maven/maven-model/2.0.6/maven-model-2.0.6.pom
[INFO] Downloaded from oss.sonatype.org: https://oss.sonatype.org/content/groups/public/org/apache/maven/maven-model/2.0.6/maven-model-2.0.6.pom (3.0 kB at 5.3 kB/s)
[INFO] Downloading from local.central: file:///tmp/marshal-jcabi-formal-r1.D7Dfcf/m2/a1/org/apache/maven/maven-core/2.0.6/maven-core-2.0.6.pom
[INFO] Downloading from oss.sonatype.org: https://oss.sonatype.org/content/groups/public/org/apache/maven/maven-core/2.0.6/maven-core-2.0.6.pom
[INFO] Downloaded from oss.sonatype.org: https://oss.sonatype.org/content/groups/public/org/apache/maven/maven-core/2.0.6/maven-core-2.0.6.pom (6.7 kB at 12 kB/s)
[INFO] Downloading from local.central: file:///tmp/marshal-jcabi-formal-r1.D7Dfcf/m2/a1/org/apache/maven/maven-settings/2.0.6/maven-settings-2.0.6.pom
[INFO] Downloading from oss.sonatype.org: https://oss.sonatype.org/content/groups/public/org/apache/maven/maven-settings/2.0.6/maven-settings-2.0.6.pom
[INFO] Downloaded from oss.sonatype.org: https://oss.sonatype.org/content/groups/public/org/apache/maven/maven-settings/2.0.6/maven-settings-2.0.6.pom (2.0 kB at 3.6 kB/s)
[INFO] Downloading from local.central: file:///tmp/marshal-jcabi-formal-r1.D7Dfcf/m2/a1/org/apache/maven/maven-plugin-parameter-documenter/2.0.6/maven-plugin-parameter-documenter-2.0.6.pom
[INFO] Downloading from oss.sonatype.org: https://oss.sonatype.org/content/groups/public/org/apache/maven/maven-plugin-parameter-documenter/2.0.6/maven-plugin-parameter-documenter-2.0.6.pom
[INFO] Downloaded from oss.sonatype.org: https://oss.sonatype.org/content/groups/public/org/apache/maven/maven-plugin-parameter-documenter/2.0.6/maven-plugin-parameter-documenter-2.0.6.pom (1.9 kB at 3.4 kB/s)
[INFO] Downloading from local.central: file:///tmp/marshal-jcabi-formal-r1.D7Dfcf/m2/a1/org/apache/maven/reporting/maven-reporting-api/2.0.6/maven-reporting-api-2.0.6.pom
[INFO] Downloading from oss.sonatype.org: https://oss.sonatype.org/content/groups/public/org/apache/maven/reporting/maven-reporting-api/2.0.6/maven-reporting-api-2.0.6.pom
[INFO] Downloaded from oss.sonatype.org: https://oss.sonatype.org/content/groups/public/org/apache/maven/reporting/maven-reporting-api/2.0.6/maven-reporting-api-2.0.6.pom (1.8 kB at 3.0 kB/s)
[INFO] Downloading from local.central: file:///tmp/marshal-jcabi-formal-r1.D7Dfcf/m2/a1/org/apache/maven/reporting/maven-reporting/2.0.6/maven-reporting-2.0.6.pom
[INFO] Downloading from oss.sonatype.org: https://oss.sonatype.org/content/groups/public/org/apache/maven/reporting/maven-reporting/2.0.6/maven-reporting-2.0.6.pom
[INFO] Downloaded from oss.sonatype.org: https://oss.sonatype.org/content/groups/public/org/apache/maven/reporting/maven-reporting/2.0.6/maven-reporting-2.0.6.pom (1.4 kB at 2.5 kB/s)
[INFO] Downloading from local.central: file:///tmp/marshal-jcabi-formal-r1.D7Dfcf/m2/a1/org/apache/maven/doxia/doxia-sink-api/1.0-alpha-7/doxia-sink-api-1.0-alpha-7.pom
[INFO] Downloaded from local.central: file:///tmp/marshal-jcabi-formal-r1.D7Dfcf/m2/a1/org/apache/maven/doxia/doxia-sink-api/1.0-alpha-7/doxia-sink-api-1.0-alpha-7.pom (424 B at 424 kB/s)
[INFO] Downloading from local.central: file:///tmp/marshal-jcabi-formal-r1.D7Dfcf/m2/a1/org/apache/maven/doxia/doxia/1.0-alpha-7/doxia-1.0-alpha-7.pom
[INFO] Downloaded from local.central: file:///tmp/marshal-jcabi-formal-r1.D7Dfcf/m2/a1/org/apache/maven/doxia/doxia/1.0-alpha-7/doxia-1.0-alpha-7.pom (3.9 kB at 3.9 MB/s)
[INFO] Downloading from local.central: file:///tmp/marshal-jcabi-formal-r1.D7Dfcf/m2/a1/org/apache/maven/maven-profile/2.0.6/maven-profile-2.0.6.pom
[INFO] Downloading from oss.sonatype.org: https://oss.sonatype.org/content/groups/public/org/apache/maven/maven-profile/2.0.6/maven-profile-2.0.6.pom
[INFO] Downloaded from oss.sonatype.org: https://oss.sonatype.org/content/groups/public/org/apache/maven/maven-profile/2.0.6/maven-profile-2.0.6.pom (2.0 kB at 3.4 kB/s)
[INFO] Downloading from local.central: file:///tmp/marshal-jcabi-formal-r1.D7Dfcf/m2/a1/org/apache/maven/maven-repository-metadata/2.0.6/maven-repository-metadata-2.0.6.pom
[INFO] Downloading from oss.sonatype.org: https://oss.sonatype.org/content/groups/public/org/apache/maven/maven-repository-metadata/2.0.6/maven-repository-metadata-2.0.6.pom
[INFO] Downloaded from oss.sonatype.org: https://oss.sonatype.org/content/groups/public/org/apache/maven/maven-repository-metadata/2.0.6/maven-repository-metadata-2.0.6.pom (1.9 kB at 3.3 kB/s)
[INFO] Downloading from local.central: file:///tmp/marshal-jcabi-formal-r1.D7Dfcf/m2/a1/org/apache/maven/maven-error-diagnostics/2.0.6/maven-error-diagnostics-2.0.6.pom
[INFO] Downloading from oss.sonatype.org: https://oss.sonatype.org/content/groups/public/org/apache/maven/maven-error-diagnostics/2.0.6/maven-error-diagnostics-2.0.6.pom
[INFO] Downloaded from oss.sonatype.org: https://oss.sonatype.org/content/groups/public/org/apache/maven/maven-error-diagnostics/2.0.6/maven-error-diagnostics-2.0.6.pom (1.7 kB at 2.9 kB/s)
[INFO] Downloading from local.central: file:///tmp/marshal-jcabi-formal-r1.D7Dfcf/m2/a1/org/apache/maven/maven-project/2.0.6/maven-project-2.0.6.pom
[INFO] Downloading from oss.sonatype.org: https://oss.sonatype.org/content/groups/public/org/apache/maven/maven-project/2.0.6/maven-project-2.0.6.pom
[INFO] Downloaded from oss.sonatype.org: https://oss.sonatype.org/content/groups/public/org/apache/maven/maven-project/2.0.6/maven-project-2.0.6.pom (2.6 kB at 4.6 kB/s)
[INFO] Downloading from local.central: file:///tmp/marshal-jcabi-formal-r1.D7Dfcf/m2/a1/org/apache/maven/maven-artifact-manager/2.0.6/maven-artifact-manager-2.0.6.pom
[INFO] Downloading from oss.sonatype.org: https://oss.sonatype.org/content/groups/public/org/apache/maven/maven-artifact-manager/2.0.6/maven-artifact-manager-2.0.6.pom
[INFO] Downloaded from oss.sonatype.org: https://oss.sonatype.org/content/groups/public/org/apache/maven/maven-artifact-manager/2.0.6/maven-artifact-manager-2.0.6.pom (2.6 kB at 4.4 kB/s)
[INFO] Downloading from local.central: file:///tmp/marshal-jcabi-formal-r1.D7Dfcf/m2/a1/org/apache/maven/maven-plugin-registry/2.0.6/maven-plugin-registry-2.0.6.pom
[INFO] Downloading from oss.sonatype.org: https://oss.sonatype.org/content/groups/public/org/apache/maven/maven-plugin-registry/2.0.6/maven-plugin-registry-2.0.6.pom
[INFO] Downloaded from oss.sonatype.org: https://oss.sonatype.org/content/groups/public/org/apache/maven/maven-plugin-registry/2.0.6/maven-plugin-registry-2.0.6.pom (1.9 kB at 3.2 kB/s)
[INFO] Downloading from local.central: file:///tmp/marshal-jcabi-formal-r1.D7Dfcf/m2/a1/commons-cli/commons-cli/1.0/commons-cli-1.0.pom
[INFO] Downloaded from local.central: file:///tmp/marshal-jcabi-formal-r1.D7Dfcf/m2/a1/commons-cli/commons-cli/1.0/commons-cli-1.0.pom (2.1 kB at 2.1 MB/s)
[INFO] Downloading from local.central: file:///tmp/marshal-jcabi-formal-r1.D7Dfcf/m2/a1/org/apache/maven/maven-plugin-api/2.0.6/maven-plugin-api-2.0.6.pom
[INFO] Downloaded from local.central: file:///tmp/marshal-jcabi-formal-r1.D7Dfcf/m2/a1/org/apache/maven/maven-plugin-api/2.0.6/maven-plugin-api-2.0.6.pom (1.5 kB at 1.5 MB/s)
[INFO] Downloading from local.central: file:///tmp/marshal-jcabi-formal-r1.D7Dfcf/m2/a1/org/apache/maven/maven-plugin-descriptor/2.0.6/maven-plugin-descriptor-2.0.6.pom
[INFO] Downloading from oss.sonatype.org: https://oss.sonatype.org/content/groups/public/org/apache/maven/maven-plugin-descriptor/2.0.6/maven-plugin-descriptor-2.0.6.pom
[INFO] Downloaded from oss.sonatype.org: https://oss.sonatype.org/content/groups/public/org/apache/maven/maven-plugin-descriptor/2.0.6/maven-plugin-descriptor-2.0.6.pom (2.0 kB at 3.5 kB/s)
[INFO] Downloading from local.central: file:///tmp/marshal-jcabi-formal-r1.D7Dfcf/m2/a1/org/apache/maven/maven-monitor/2.0.6/maven-monitor-2.0.6.pom
[INFO] Downloading from oss.sonatype.org: https://oss.sonatype.org/content/groups/public/org/apache/maven/maven-monitor/2.0.6/maven-monitor-2.0.6.pom
[INFO] Downloaded from oss.sonatype.org: https://oss.sonatype.org/content/groups/public/org/apache/maven/maven-monitor/2.0.6/maven-monitor-2.0.6.pom (1.3 kB at 2.2 kB/s)
[INFO] Downloading from local.central: file:///tmp/marshal-jcabi-formal-r1.D7Dfcf/m2/a1/org/codehaus/plexus/plexus-archiver/2.1/plexus-archiver-2.1.pom
[INFO] Downloading from oss.sonatype.org: https://oss.sonatype.org/content/groups/public/org/codehaus/plexus/plexus-archiver/2.1/plexus-archiver-2.1.pom
[INFO] Downloaded from oss.sonatype.org: https://oss.sonatype.org/content/groups/public/org/codehaus/plexus/plexus-archiver/2.1/plexus-archiver-2.1.pom (2.8 kB at 4.9 kB/s)
[INFO] Downloading from local.central: file:///tmp/marshal-jcabi-formal-r1.D7Dfcf/m2/a1/org/codehaus/plexus/plexus-io/2.0.2/plexus-io-2.0.2.pom
[INFO] Downloading from oss.sonatype.org: https://oss.sonatype.org/content/groups/public/org/codehaus/plexus/plexus-io/2.0.2/plexus-io-2.0.2.pom
[INFO] Downloaded from oss.sonatype.org: https://oss.sonatype.org/content/groups/public/org/codehaus/plexus/plexus-io/2.0.2/plexus-io-2.0.2.pom (1.7 kB at 3.0 kB/s)
[INFO] Downloading from local.central: file:///tmp/marshal-jcabi-formal-r1.D7Dfcf/m2/a1/org/codehaus/plexus/plexus-components/1.1.19/plexus-components-1.1.19.pom
[INFO] Downloaded from local.central: file:///tmp/marshal-jcabi-formal-r1.D7Dfcf/m2/a1/org/codehaus/plexus/plexus-components/1.1.19/plexus-components-1.1.19.pom (2.7 kB at 1.3 MB/s)
[INFO] Downloading from local.central: file:///tmp/marshal-jcabi-formal-r1.D7Dfcf/m2/a1/org/codehaus/plexus/plexus-interpolation/1.15/plexus-interpolation-1.15.pom
[INFO] Downloaded from local.central: file:///tmp/marshal-jcabi-formal-r1.D7Dfcf/m2/a1/org/codehaus/plexus/plexus-interpolation/1.15/plexus-interpolation-1.15.pom (1.0 kB at 1.0 MB/s)
[INFO] Downloading from local.central: file:///tmp/marshal-jcabi-formal-r1.D7Dfcf/m2/a1/org/apache/maven/shared/maven-dependency-tree/2.1/maven-dependency-tree-2.1.pom
[INFO] Downloaded from local.central: file:///tmp/marshal-jcabi-formal-r1.D7Dfcf/m2/a1/org/apache/maven/shared/maven-dependency-tree/2.1/maven-dependency-tree-2.1.pom (6.8 kB at 6.8 MB/s)
[INFO] Downloading from local.central: file:///tmp/marshal-jcabi-formal-r1.D7Dfcf/m2/a1/org/apache/felix/maven-bundle-plugin/3.0.0/maven-bundle-plugin-3.0.0.jar
[INFO] Downloading from local.central: file:///tmp/marshal-jcabi-formal-r1.D7Dfcf/m2/a1/org/osgi/org.osgi.core/4.3.1/org.osgi.core-4.3.1.jar
[INFO] Downloading from local.central: file:///tmp/marshal-jcabi-formal-r1.D7Dfcf/m2/a1/biz/aQute/bnd/biz.aQute.bndlib/3.0.0/biz.aQute.bndlib-3.0.0.jar
[INFO] Downloading from local.central: file:///tmp/marshal-jcabi-formal-r1.D7Dfcf/m2/a1/org/easymock/easymock/2.5.2/easymock-2.5.2.jar
[INFO] Downloading from local.central: file:///tmp/marshal-jcabi-formal-r1.D7Dfcf/m2/a1/org/apache/maven/maven-core/2.2.0/maven-core-2.2.0.jar
[INFO] Downloading from local.central: file:///tmp/marshal-jcabi-formal-r1.D7Dfcf/m2/a1/org/apache/maven/maven-settings/2.2.0/maven-settings-2.2.0.jar
[INFO] Downloading from local.central: file:///tmp/marshal-jcabi-formal-r1.D7Dfcf/m2/a1/org/apache/maven/maven-plugin-parameter-documenter/2.2.0/maven-plugin-parameter-documenter-2.2.0.jar
[INFO] Downloading from local.central: file:///tmp/marshal-jcabi-formal-r1.D7Dfcf/m2/a1/org/apache/maven/reporting/maven-reporting-api/2.2.0/maven-reporting-api-2.2.0.jar
[INFO] Downloading from local.central: file:///tmp/marshal-jcabi-formal-r1.D7Dfcf/m2/a1/org/apache/maven/maven-profile/2.2.0/maven-profile-2.2.0.jar
[INFO] Downloading from local.central: file:///tmp/marshal-jcabi-formal-r1.D7Dfcf/m2/a1/org/apache/maven/maven-model/2.2.0/maven-model-2.2.0.jar
[INFO] Downloading from local.central: file:///tmp/marshal-jcabi-formal-r1.D7Dfcf/m2/a1/org/apache/maven/maven-artifact/2.2.0/maven-artifact-2.2.0.jar
[INFO] Downloading from local.central: file:///tmp/marshal-jcabi-formal-r1.D7Dfcf/m2/a1/org/apache/maven/maven-repository-metadata/2.2.0/maven-repository-metadata-2.2.0.jar
[INFO] Downloading from local.central: file:///tmp/marshal-jcabi-formal-r1.D7Dfcf/m2/a1/org/apache/maven/maven-error-diagnostics/2.2.0/maven-error-diagnostics-2.2.0.jar
[INFO] Downloading from local.central: file:///tmp/marshal-jcabi-formal-r1.D7Dfcf/m2/a1/org/apache/maven/maven-project/2.2.0/maven-project-2.2.0.jar
[INFO] Downloading from local.central: file:///tmp/marshal-jcabi-formal-r1.D7Dfcf/m2/a1/org/apache/maven/maven-plugin-registry/2.2.0/maven-plugin-registry-2.2.0.jar
[INFO] Downloading from local.central: file:///tmp/marshal-jcabi-formal-r1.D7Dfcf/m2/a1/org/apache/maven/maven-plugin-api/2.2.0/maven-plugin-api-2.2.0.jar
[INFO] Downloading from local.central: file:///tmp/marshal-jcabi-formal-r1.D7Dfcf/m2/a1/org/apache/maven/maven-plugin-descriptor/2.2.0/maven-plugin-descriptor-2.2.0.jar
[INFO] Downloading from local.central: file:///tmp/marshal-jcabi-formal-r1.D7Dfcf/m2/a1/org/apache/maven/maven-artifact-manager/2.2.0/maven-artifact-manager-2.2.0.jar
[INFO] Downloading from local.central: file:///tmp/marshal-jcabi-formal-r1.D7Dfcf/m2/a1/org/apache/maven/maven-monitor/2.2.0/maven-monitor-2.2.0.jar
[INFO] Downloading from local.central: file:///tmp/marshal-jcabi-formal-r1.D7Dfcf/m2/a1/org/apache/maven/maven-archiver/2.5/maven-archiver-2.5.jar
[INFO] Downloading from local.central: file:///tmp/marshal-jcabi-formal-r1.D7Dfcf/m2/a1/org/codehaus/plexus/plexus-archiver/2.1/plexus-archiver-2.1.jar
[INFO] Downloading from local.central: file:///tmp/marshal-jcabi-formal-r1.D7Dfcf/m2/a1/org/codehaus/plexus/plexus-io/2.0.2/plexus-io-2.0.2.jar
[INFO] Downloading from local.central: file:///tmp/marshal-jcabi-formal-r1.D7Dfcf/m2/a1/org/codehaus/plexus/plexus-interpolation/1.15/plexus-interpolation-1.15.jar
[INFO] Downloading from local.central: file:///tmp/marshal-jcabi-formal-r1.D7Dfcf/m2/a1/org/apache/maven/shared/maven-dependency-tree/2.1/maven-dependency-tree-2.1.jar
[INFO] Downloading from local.central: file:///tmp/marshal-jcabi-formal-r1.D7Dfcf/m2/a1/org/codehaus/plexus/plexus-component-annotations/1.5.5/plexus-component-annotations-1.5.5.jar
[INFO] Downloaded from local.central: file:///tmp/marshal-jcabi-formal-r1.D7Dfcf/m2/a1/org/codehaus/plexus/plexus-component-annotations/1.5.5/plexus-component-annotations-1.5.5.jar (4.2 kB at 2.1 MB/s)
[INFO] Downloaded from local.central: file:///tmp/marshal-jcabi-formal-r1.D7Dfcf/m2/a1/org/codehaus/plexus/plexus-interpolation/1.15/plexus-interpolation-1.15.jar (60 kB at 7.6 MB/s)
[INFO] Downloaded from local.central: file:///tmp/marshal-jcabi-formal-r1.D7Dfcf/m2/a1/org/apache/maven/shared/maven-dependency-tree/2.1/maven-dependency-tree-2.1.jar (60 kB at 7.5 MB/s)
[INFO] Downloading from oss.sonatype.org: https://oss.sonatype.org/content/groups/public/org/apache/felix/maven-bundle-plugin/3.0.0/maven-bundle-plugin-3.0.0.jar
[INFO] Downloaded from oss.sonatype.org: https://oss.sonatype.org/content/groups/public/org/apache/felix/maven-bundle-plugin/3.0.0/maven-bundle-plugin-3.0.0.jar (187 kB at 202 kB/s)
[INFO] Downloading from oss.sonatype.org: https://oss.sonatype.org/content/groups/public/org/osgi/org.osgi.core/4.3.1/org.osgi.core-4.3.1.jar
[INFO] Downloading from oss.sonatype.org: https://oss.sonatype.org/content/groups/public/biz/aQute/bnd/biz.aQute.bndlib/3.0.0/biz.aQute.bndlib-3.0.0.jar
[INFO] Downloading from oss.sonatype.org: https://oss.sonatype.org/content/groups/public/org/easymock/easymock/2.5.2/easymock-2.5.2.jar
[INFO] Downloading from oss.sonatype.org: https://oss.sonatype.org/content/groups/public/org/apache/maven/maven-core/2.2.0/maven-core-2.2.0.jar
[INFO] Downloading from oss.sonatype.org: https://oss.sonatype.org/content/groups/public/org/apache/maven/maven-settings/2.2.0/maven-settings-2.2.0.jar
[INFO] Downloaded from oss.sonatype.org: https://oss.sonatype.org/content/groups/public/org/osgi/org.osgi.core/4.3.1/org.osgi.core-4.3.1.jar (350 kB at 442 kB/s)
[INFO] Downloading from oss.sonatype.org: https://oss.sonatype.org/content/groups/public/org/apache/maven/maven-plugin-parameter-documenter/2.2.0/maven-plugin-parameter-documenter-2.2.0.jar
[INFO] Downloaded from oss.sonatype.org: https://oss.sonatype.org/content/groups/public/org/apache/maven/maven-plugin-parameter-documenter/2.2.0/maven-plugin-parameter-documenter-2.2.0.jar (22 kB at 16 kB/s)
[INFO] Downloading from oss.sonatype.org: https://oss.sonatype.org/content/groups/public/org/apache/maven/reporting/maven-reporting-api/2.2.0/maven-reporting-api-2.2.0.jar
[INFO] Downloaded from oss.sonatype.org: https://oss.sonatype.org/content/groups/public/org/apache/maven/maven-settings/2.2.0/maven-settings-2.2.0.jar (49 kB at 34 kB/s)
[INFO] Downloading from oss.sonatype.org: https://oss.sonatype.org/content/groups/public/org/apache/maven/maven-profile/2.2.0/maven-profile-2.2.0.jar
[INFO] Downloaded from oss.sonatype.org: https://oss.sonatype.org/content/groups/public/org/easymock/easymock/2.5.2/easymock-2.5.2.jar (95 kB at 60 kB/s)
[INFO] Downloading from oss.sonatype.org: https://oss.sonatype.org/content/groups/public/org/apache/maven/maven-model/2.2.0/maven-model-2.2.0.jar
[INFO] Downloaded from oss.sonatype.org: https://oss.sonatype.org/content/groups/public/org/apache/maven/maven-core/2.2.0/maven-core-2.2.0.jar (175 kB at 99 kB/s)
[INFO] Downloading from oss.sonatype.org: https://oss.sonatype.org/content/groups/public/org/apache/maven/maven-artifact/2.2.0/maven-artifact-2.2.0.jar
[INFO] Downloaded from oss.sonatype.org: https://oss.sonatype.org/content/groups/public/org/apache/maven/reporting/maven-reporting-api/2.2.0/maven-reporting-api-2.2.0.jar (9.8 kB at 4.8 kB/s)
[INFO] Downloading from oss.sonatype.org: https://oss.sonatype.org/content/groups/public/org/apache/maven/maven-repository-metadata/2.2.0/maven-repository-metadata-2.2.0.jar
[INFO] Downloaded from oss.sonatype.org: https://oss.sonatype.org/content/groups/public/org/apache/maven/maven-profile/2.2.0/maven-profile-2.2.0.jar (35 kB at 16 kB/s)
[INFO] Downloading from oss.sonatype.org: https://oss.sonatype.org/content/groups/public/org/apache/maven/maven-error-diagnostics/2.2.0/maven-error-diagnostics-2.2.0.jar
[INFO] Downloaded from oss.sonatype.org: https://oss.sonatype.org/content/groups/public/org/apache/maven/maven-model/2.2.0/maven-model-2.2.0.jar (87 kB at 38 kB/s)
[INFO] Downloading from oss.sonatype.org: https://oss.sonatype.org/content/groups/public/org/apache/maven/maven-project/2.2.0/maven-project-2.2.0.jar
[INFO] Downloaded from oss.sonatype.org: https://oss.sonatype.org/content/groups/public/org/apache/maven/maven-artifact/2.2.0/maven-artifact-2.2.0.jar (80 kB at 34 kB/s)
[INFO] Downloading from oss.sonatype.org: https://oss.sonatype.org/content/groups/public/org/apache/maven/maven-plugin-registry/2.2.0/maven-plugin-registry-2.2.0.jar
[INFO] Downloaded from oss.sonatype.org: https://oss.sonatype.org/content/groups/public/biz/aQute/bnd/biz.aQute.bndlib/3.0.0/biz.aQute.bndlib-3.0.0.jar (2.2 MB at 850 kB/s)
[INFO] Downloading from oss.sonatype.org: https://oss.sonatype.org/content/groups/public/org/apache/maven/maven-plugin-api/2.2.0/maven-plugin-api-2.2.0.jar
[INFO] Downloaded from oss.sonatype.org: https://oss.sonatype.org/content/groups/public/org/apache/maven/maven-error-diagnostics/2.2.0/maven-error-diagnostics-2.2.0.jar (13 kB at 4.8 kB/s)
[INFO] Downloading from oss.sonatype.org: https://oss.sonatype.org/content/groups/public/org/apache/maven/maven-plugin-descriptor/2.2.0/maven-plugin-descriptor-2.2.0.jar
[INFO] Downloaded from oss.sonatype.org: https://oss.sonatype.org/content/groups/public/org/apache/maven/maven-repository-metadata/2.2.0/maven-repository-metadata-2.2.0.jar (26 kB at 9.3 kB/s)
[INFO] Downloading from oss.sonatype.org: https://oss.sonatype.org/content/groups/public/org/apache/maven/maven-artifact-manager/2.2.0/maven-artifact-manager-2.2.0.jar
[INFO] Downloaded from oss.sonatype.org: https://oss.sonatype.org/content/groups/public/org/apache/maven/maven-plugin-registry/2.2.0/maven-plugin-registry-2.2.0.jar (30 kB at 9.9 kB/s)
[INFO] Downloading from oss.sonatype.org: https://oss.sonatype.org/content/groups/public/org/apache/maven/maven-monitor/2.2.0/maven-monitor-2.2.0.jar
[INFO] Downloaded from oss.sonatype.org: https://oss.sonatype.org/content/groups/public/org/apache/maven/maven-project/2.2.0/maven-project-2.2.0.jar (156 kB at 51 kB/s)
[INFO] Downloading from oss.sonatype.org: https://oss.sonatype.org/content/groups/public/org/apache/maven/maven-archiver/2.5/maven-archiver-2.5.jar
[INFO] Downloaded from oss.sonatype.org: https://oss.sonatype.org/content/groups/public/org/apache/maven/maven-plugin-api/2.2.0/maven-plugin-api-2.2.0.jar (12 kB at 3.8 kB/s)
[INFO] Downloading from oss.sonatype.org: https://oss.sonatype.org/content/groups/public/org/codehaus/plexus/plexus-archiver/2.1/plexus-archiver-2.1.jar
[INFO] Downloaded from oss.sonatype.org: https://oss.sonatype.org/content/groups/public/org/apache/maven/maven-plugin-descriptor/2.2.0/maven-plugin-descriptor-2.2.0.jar (39 kB at 12 kB/s)
[INFO] Downloading from oss.sonatype.org: https://oss.sonatype.org/content/groups/public/org/codehaus/plexus/plexus-io/2.0.2/plexus-io-2.0.2.jar
[INFO] Downloaded from oss.sonatype.org: https://oss.sonatype.org/content/groups/public/org/apache/maven/maven-artifact-manager/2.2.0/maven-artifact-manager-2.2.0.jar (65 kB at 19 kB/s)
[INFO] Downloaded from oss.sonatype.org: https://oss.sonatype.org/content/groups/public/org/apache/maven/maven-monitor/2.2.0/maven-monitor-2.2.0.jar (10 kB at 2.8 kB/s)
[INFO] Downloaded from oss.sonatype.org: https://oss.sonatype.org/content/groups/public/org/apache/maven/maven-archiver/2.5/maven-archiver-2.5.jar (22 kB at 5.8 kB/s)
[INFO] Downloaded from oss.sonatype.org: https://oss.sonatype.org/content/groups/public/org/codehaus/plexus/plexus-io/2.0.2/plexus-io-2.0.2.jar (58 kB at 15 kB/s)
[INFO] Downloaded from oss.sonatype.org: https://oss.sonatype.org/content/groups/public/org/codehaus/plexus/plexus-archiver/2.1/plexus-archiver-2.1.jar (184 kB at 45 kB/s)
[INFO] 
[INFO] ------------------------< com.jcabi:jcabi-test >------------------------
[INFO] Building test 1.0
[INFO]   from pom.xml
[INFO] --------------------------------[ jar ]---------------------------------
[INFO] Downloading from local.central: file:///tmp/marshal-jcabi-formal-r1.D7Dfcf/m2/a1/org/apache/maven/plugins/maven-compiler-plugin/3.8.1/maven-compiler-plugin-3.8.1.pom
[INFO] Downloaded from local.central: file:///tmp/marshal-jcabi-formal-r1.D7Dfcf/m2/a1/org/apache/maven/plugins/maven-compiler-plugin/3.8.1/maven-compiler-plugin-3.8.1.pom (12 kB at 12 MB/s)
[INFO] Downloading from local.central: file:///tmp/marshal-jcabi-formal-r1.D7Dfcf/m2/a1/org/apache/maven/plugins/maven-plugins/33/maven-plugins-33.pom
[INFO] Downloaded from local.central: file:///tmp/marshal-jcabi-formal-r1.D7Dfcf/m2/a1/org/apache/maven/plugins/maven-plugins/33/maven-plugins-33.pom (11 kB at 11 MB/s)
[INFO] Downloading from local.central: file:///tmp/marshal-jcabi-formal-r1.D7Dfcf/m2/a1/org/apache/maven/plugins/maven-compiler-plugin/3.8.1/maven-compiler-plugin-3.8.1.jar
[INFO] Downloaded from local.central: file:///tmp/marshal-jcabi-formal-r1.D7Dfcf/m2/a1/org/apache/maven/plugins/maven-compiler-plugin/3.8.1/maven-compiler-plugin-3.8.1.jar (62 kB at 62 MB/s)
[INFO] 
[INFO] --- clean:3.1.0:clean (default-clean) @ jcabi-test ---
[INFO] 
[INFO] --- enforcer:3.0.0-M3:enforce (enforce-maven) @ jcabi-test ---
[INFO] 
[INFO] --- buildnumber:1.4:create (jcabi-build-number) @ jcabi-test ---
[INFO] ShortRevision tag detected. The value is '7'.
[INFO] Executing: /bin/sh -c cd '/tmp/marshal-jcabi-formal-r1.D7Dfcf/consumers/a1/jcabi-maven-plugin/target/it/ajc_noclasses' && 'git' 'rev-parse' '--verify' '--short=7' 'HEAD'
[INFO] Working directory: /tmp/marshal-jcabi-formal-r1.D7Dfcf/consumers/a1/jcabi-maven-plugin/target/it/ajc_noclasses
[INFO] Storing buildNumber: c6d7c3d at timestamp: 2026-08-24T02:36:11
[WARNING] Cannot get the branch information from the git repository: 
Detecting the current branch failed: fatal: ref HEAD is not a symbolic ref

[INFO] ShortRevision tag detected. The value is '7'.
[INFO] Executing: /bin/sh -c cd '/tmp/marshal-jcabi-formal-r1.D7Dfcf/consumers/a1/jcabi-maven-plugin/target/it/ajc_noclasses' && 'git' 'rev-parse' '--verify' '--short=7' 'HEAD'
[INFO] Working directory: /tmp/marshal-jcabi-formal-r1.D7Dfcf/consumers/a1/jcabi-maven-plugin/target/it/ajc_noclasses
[INFO] Storing buildScmBranch: UNKNOWN
[INFO] 
[INFO] --- buildnumber:1.4:create-timestamp (jcabi-build-number) @ jcabi-test ---
[INFO] 
[INFO] --- resources:3.2.0:resources (default-resources) @ jcabi-test ---
[INFO] Using 'UTF-8' encoding to copy filtered resources.
[INFO] Using 'UTF-8' encoding to copy filtered properties files.
[INFO] skip non existing resourceDirectory /tmp/marshal-jcabi-formal-r1.D7Dfcf/consumers/a1/jcabi-maven-plugin/target/it/ajc_noclasses/src/main/resources
[INFO] 
[INFO] --- compiler:3.8.1:compile (default-compile) @ jcabi-test ---
[INFO] Downloading from local.central: file:///tmp/marshal-jcabi-formal-r1.D7Dfcf/m2/a1/org/apache/maven/shared/maven-shared-utils/0.1/maven-shared-utils-0.1.pom
[INFO] Downloaded from local.central: file:///tmp/marshal-jcabi-formal-r1.D7Dfcf/m2/a1/org/apache/maven/shared/maven-shared-utils/0.1/maven-shared-utils-0.1.pom (4.0 kB at 4.0 MB/s)
[INFO] Downloading from local.central: file:///tmp/marshal-jcabi-formal-r1.D7Dfcf/m2/a1/org/apache/maven/shared/maven-shared-components/18/maven-shared-components-18.pom
[INFO] Downloaded from local.central: file:///tmp/marshal-jcabi-formal-r1.D7Dfcf/m2/a1/org/apache/maven/shared/maven-shared-components/18/maven-shared-components-18.pom (4.9 kB)
[INFO] Downloading from local.central: file:///tmp/marshal-jcabi-formal-r1.D7Dfcf/m2/a1/com/google/code/findbugs/jsr305/2.0.1/jsr305-2.0.1.pom
[INFO] Downloaded from local.central: file:///tmp/marshal-jcabi-formal-r1.D7Dfcf/m2/a1/com/google/code/findbugs/jsr305/2.0.1/jsr305-2.0.1.pom (965 B at 965 kB/s)
[INFO] Downloading from local.central: file:///tmp/marshal-jcabi-formal-r1.D7Dfcf/m2/a1/org/codehaus/plexus/plexus-java/0.9.10/plexus-java-0.9.10.pom
[INFO] Downloaded from local.central: file:///tmp/marshal-jcabi-formal-r1.D7Dfcf/m2/a1/org/codehaus/plexus/plexus-java/0.9.10/plexus-java-0.9.10.pom (5.1 kB at 5.1 MB/s)
[INFO] Downloading from local.central: file:///tmp/marshal-jcabi-formal-r1.D7Dfcf/m2/a1/org/codehaus/plexus/plexus-languages/0.9.10/plexus-languages-0.9.10.pom
[INFO] Downloaded from local.central: file:///tmp/marshal-jcabi-formal-r1.D7Dfcf/m2/a1/org/codehaus/plexus/plexus-languages/0.9.10/plexus-languages-0.9.10.pom (4.1 kB at 4.1 MB/s)
[INFO] Downloading from local.central: file:///tmp/marshal-jcabi-formal-r1.D7Dfcf/m2/a1/org/ow2/asm/asm/6.2/asm-6.2.pom
[INFO] Downloaded from local.central: file:///tmp/marshal-jcabi-formal-r1.D7Dfcf/m2/a1/org/ow2/asm/asm/6.2/asm-6.2.pom (2.9 kB at 2.9 MB/s)
[INFO] Downloading from local.central: file:///tmp/marshal-jcabi-formal-r1.D7Dfcf/m2/a1/com/thoughtworks/qdox/qdox/2.0-M9/qdox-2.0-M9.pom
[INFO] Downloaded from local.central: file:///tmp/marshal-jcabi-formal-r1.D7Dfcf/m2/a1/com/thoughtworks/qdox/qdox/2.0-M9/qdox-2.0-M9.pom (16 kB at 16 MB/s)
[INFO] Downloading from local.central: file:///tmp/marshal-jcabi-formal-r1.D7Dfcf/m2/a1/org/codehaus/plexus/plexus-compiler-api/2.8.4/plexus-compiler-api-2.8.4.pom
[INFO] Downloaded from local.central: file:///tmp/marshal-jcabi-formal-r1.D7Dfcf/m2/a1/org/codehaus/plexus/plexus-compiler-api/2.8.4/plexus-compiler-api-2.8.4.pom (867 B at 867 kB/s)
[INFO] Downloading from local.central: file:///tmp/marshal-jcabi-formal-r1.D7Dfcf/m2/a1/org/codehaus/plexus/plexus-compiler/2.8.4/plexus-compiler-2.8.4.pom
[INFO] Downloaded from local.central: file:///tmp/marshal-jcabi-formal-r1.D7Dfcf/m2/a1/org/codehaus/plexus/plexus-compiler/2.8.4/plexus-compiler-2.8.4.pom (6.0 kB)
[INFO] Downloading from local.central: file:///tmp/marshal-jcabi-formal-r1.D7Dfcf/m2/a1/org/codehaus/plexus/plexus-components/4.0/plexus-components-4.0.pom
[INFO] Downloaded from local.central: file:///tmp/marshal-jcabi-formal-r1.D7Dfcf/m2/a1/org/codehaus/plexus/plexus-components/4.0/plexus-components-4.0.pom (2.7 kB at 2.7 MB/s)
[INFO] Downloading from local.central: file:///tmp/marshal-jcabi-formal-r1.D7Dfcf/m2/a1/org/codehaus/plexus/plexus-compiler-manager/2.8.4/plexus-compiler-manager-2.8.4.pom
[INFO] Downloaded from local.central: file:///tmp/marshal-jcabi-formal-r1.D7Dfcf/m2/a1/org/codehaus/plexus/plexus-compiler-manager/2.8.4/plexus-compiler-manager-2.8.4.pom (692 B at 692 kB/s)
[INFO] Downloading from local.central: file:///tmp/marshal-jcabi-formal-r1.D7Dfcf/m2/a1/org/codehaus/plexus/plexus-compiler-javac/2.8.4/plexus-compiler-javac-2.8.4.pom
[INFO] Downloaded from local.central: file:///tmp/marshal-jcabi-formal-r1.D7Dfcf/m2/a1/org/codehaus/plexus/plexus-compiler-javac/2.8.4/plexus-compiler-javac-2.8.4.pom (771 B)
[INFO] Downloading from local.central: file:///tmp/marshal-jcabi-formal-r1.D7Dfcf/m2/a1/org/codehaus/plexus/plexus-compilers/2.8.4/plexus-compilers-2.8.4.pom
[INFO] Downloaded from local.central: file:///tmp/marshal-jcabi-formal-r1.D7Dfcf/m2/a1/org/codehaus/plexus/plexus-compilers/2.8.4/plexus-compilers-2.8.4.pom (1.3 kB at 1.3 MB/s)
[INFO] Downloading from local.central: file:///tmp/marshal-jcabi-formal-r1.D7Dfcf/m2/a1/org/codehaus/plexus/plexus-java/0.9.10/plexus-java-0.9.10.jar
[INFO] Downloaded from local.central: file:///tmp/marshal-jcabi-formal-r1.D7Dfcf/m2/a1/org/codehaus/plexus/plexus-java/0.9.10/plexus-java-0.9.10.jar (39 kB at 39 MB/s)
[INFO] Downloading from local.central: file:///tmp/marshal-jcabi-formal-r1.D7Dfcf/m2/a1/org/ow2/asm/asm/6.2/asm-6.2.jar
[INFO] Downloading from local.central: file:///tmp/marshal-jcabi-formal-r1.D7Dfcf/m2/a1/com/thoughtworks/qdox/qdox/2.0-M9/qdox-2.0-M9.jar
[INFO] Downloading from local.central: file:///tmp/marshal-jcabi-formal-r1.D7Dfcf/m2/a1/org/codehaus/plexus/plexus-compiler-api/2.8.4/plexus-compiler-api-2.8.4.jar
[INFO] Downloading from local.central: file:///tmp/marshal-jcabi-formal-r1.D7Dfcf/m2/a1/org/codehaus/plexus/plexus-compiler-manager/2.8.4/plexus-compiler-manager-2.8.4.jar
[INFO] Downloading from local.central: file:///tmp/marshal-jcabi-formal-r1.D7Dfcf/m2/a1/org/codehaus/plexus/plexus-compiler-javac/2.8.4/plexus-compiler-javac-2.8.4.jar
[INFO] Downloaded from local.central: file:///tmp/marshal-jcabi-formal-r1.D7Dfcf/m2/a1/org/ow2/asm/asm/6.2/asm-6.2.jar (111 kB at 37 MB/s)
[INFO] Downloaded from local.central: file:///tmp/marshal-jcabi-formal-r1.D7Dfcf/m2/a1/org/codehaus/plexus/plexus-compiler-api/2.8.4/plexus-compiler-api-2.8.4.jar (27 kB at 14 MB/s)
[INFO] Downloaded from local.central: file:///tmp/marshal-jcabi-formal-r1.D7Dfcf/m2/a1/org/codehaus/plexus/plexus-compiler-manager/2.8.4/plexus-compiler-manager-2.8.4.jar (4.7 kB at 2.4 MB/s)
[INFO] Downloaded from local.central: file:///tmp/marshal-jcabi-formal-r1.D7Dfcf/m2/a1/org/codehaus/plexus/plexus-compiler-javac/2.8.4/plexus-compiler-javac-2.8.4.jar (21 kB at 11 MB/s)
[INFO] Downloaded from local.central: file:///tmp/marshal-jcabi-formal-r1.D7Dfcf/m2/a1/com/thoughtworks/qdox/qdox/2.0-M9/qdox-2.0-M9.jar (317 kB at 106 MB/s)
[WARNING]  Parameter 'optimize' (user property 'maven.compiler.optimize') is deprecated: This property is a no-op in {@code javac}.
[INFO] No sources to compile
[INFO] 
[INFO] --- jcabi:1.0-SNAPSHOT:ajc (default) @ jcabi-test ---
[INFO] Created classes dir /tmp/marshal-jcabi-formal-r1.D7Dfcf/consumers/a1/jcabi-maven-plugin/target/it/ajc_noclasses/target/classes
[WARNING] No classes found at /tmp/marshal-jcabi-formal-r1.D7Dfcf/consumers/a1/jcabi-maven-plugin/target/it/ajc_noclasses/target/classes. Nothing will be copied to /tmp/marshal-jcabi-formal-r1.D7Dfcf/consumers/a1/jcabi-maven-plugin/target/it/ajc_noclasses/target/unwoven
[WARNING] Not executing AJC as there is no .class file or source roots file.
[INFO] ------------------------------------------------------------------------
[INFO] BUILD SUCCESS
[INFO] ------------------------------------------------------------------------
[INFO] Total time:  31.217 s
[INFO] Finished at: 2026-08-24T02:36:12+08:00
[INFO] ------------------------------------------------------------------------
Running post-build script: /tmp/marshal-jcabi-formal-r1.D7Dfcf/consumers/a1/jcabi-maven-plugin/target/it/ajc_noclasses/verify.groovy
Finished post-build script: /tmp/marshal-jcabi-formal-r1.D7Dfcf/consumers/a1/jcabi-maven-plugin/target/it/ajc_noclasses/verify.groovy
