{0} openstackclient.tests.unit.network.v2.test_ip_availability.TestShowIPAvailability.test_show_all_options [0.105033s] ... ok
{1} openstackclient.tests.unit.network.v2.test_ip_availability.TestListIPAvailability.test_list_ip_version [0.103473s] ... ok
{0} openstackclient.tests.unit.network.v2.test_ip_availability.TestShowIPAvailability.test_show_no_option [0.004168s] ... ok
{1} openstackclient.tests.unit.network.v2.test_ip_availability.TestListIPAvailability.test_list_no_options [0.004225s] ... ok
{1} openstackclient.tests.unit.network.v2.test_ip_availability.TestListIPAvailability.test_list_pagination [0.004025s] ... ok
{1} openstackclient.tests.unit.network.v2.test_ip_availability.TestListIPAvailability.test_list_project [0.003966s] ... ok

======
Totals
======
Ran: 6 tests in 0.1205 sec.
 - Passed: 6
 - Skipped: 0
 - Expected Fail: 0
 - Unexpected Success: 0
 - Failed: 0
Sum of execute time for each test: 0.2249 sec.

==============
Worker Balance
==============
 - Worker 0 (2 tests) => 0:00:00.109365
 - Worker 1 (4 tests) => 0:00:00.116102
