/home/zhihao/hdd/marshal/benchmarks/cross-repo-pr-impact/results/single-case-pipeline-995651-995691-v3-2026-08-26/replay-work/formal-opendev-995651--target-995691/target-a1/cinder/__init__.py:21: EventletDeprecationWarning: 
Eventlet is deprecated. It is currently being maintained in bugfix mode, and
we strongly recommend against using it for new projects.

If you are already using Eventlet, we recommend migrating to a different
framework.  For more detail see
https://eventlet.readthedocs.io/en/latest/asyncio/migration.html

  import eventlet  # noqa
1 RLock(s) were not greened, to fix this error make sure you run eventlet.monkey_patch() before importing any other modules.
/home/zhihao/hdd/marshal/benchmarks/cross-repo-pr-impact/results/single-case-pipeline-995651-995691-v3-2026-08-26/replay-work/formal-opendev-995651--target-995691/target-a1/cinder/__init__.py:21: EventletDeprecationWarning: 
Eventlet is deprecated. It is currently being maintained in bugfix mode, and
we strongly recommend against using it for new projects.

If you are already using Eventlet, we recommend migrating to a different
framework.  For more detail see
https://eventlet.readthedocs.io/en/latest/asyncio/migration.html

  import eventlet  # noqa
/home/zhihao/hdd/marshal/benchmarks/cross-repo-pr-impact/results/single-case-pipeline-995651-995691-v3-2026-08-26/replay-work/formal-opendev-995651--target-995691/target-a1/cinder/__init__.py:21: EventletDeprecationWarning: 
Eventlet is deprecated. It is currently being maintained in bugfix mode, and
we strongly recommend against using it for new projects.

If you are already using Eventlet, we recommend migrating to a different
framework.  For more detail see
https://eventlet.readthedocs.io/en/latest/asyncio/migration.html

  import eventlet  # noqa
/home/zhihao/hdd/marshal/benchmarks/cross-repo-pr-impact/results/single-case-pipeline-995651-995691-v3-2026-08-26/replay-work/formal-opendev-995651--target-995691/target-a1/cinder/__init__.py:21: EventletDeprecationWarning: 
Eventlet is deprecated. It is currently being maintained in bugfix mode, and
we strongly recommend against using it for new projects.

If you are already using Eventlet, we recommend migrating to a different
framework.  For more detail see
https://eventlet.readthedocs.io/en/latest/asyncio/migration.html

  import eventlet  # noqa
/home/zhihao/hdd/marshal/benchmarks/cross-repo-pr-impact/results/single-case-pipeline-995651-995691-v3-2026-08-26/replay-work/formal-opendev-995651--target-995691/target-a1/cinder/__init__.py:21: EventletDeprecationWarning: 
Eventlet is deprecated. It is currently being maintained in bugfix mode, and
we strongly recommend against using it for new projects.

If you are already using Eventlet, we recommend migrating to a different
framework.  For more detail see
https://eventlet.readthedocs.io/en/latest/asyncio/migration.html

  import eventlet  # noqa
/home/zhihao/hdd/marshal/benchmarks/cross-repo-pr-impact/results/single-case-pipeline-995651-995691-v3-2026-08-26/replay-work/formal-opendev-995651--target-995691/target-a1/cinder/__init__.py:21: EventletDeprecationWarning: 
Eventlet is deprecated. It is currently being maintained in bugfix mode, and
we strongly recommend against using it for new projects.

If you are already using Eventlet, we recommend migrating to a different
framework.  For more detail see
https://eventlet.readthedocs.io/en/latest/asyncio/migration.html

  import eventlet  # noqa
/home/zhihao/hdd/marshal/benchmarks/cross-repo-pr-impact/results/single-case-pipeline-995651-995691-v3-2026-08-26/replay-work/formal-opendev-995651--target-995691/target-a1/cinder/__init__.py:21: EventletDeprecationWarning: 
Eventlet is deprecated. It is currently being maintained in bugfix mode, and
we strongly recommend against using it for new projects.

If you are already using Eventlet, we recommend migrating to a different
framework.  For more detail see
https://eventlet.readthedocs.io/en/latest/asyncio/migration.html

  import eventlet  # noqa
/home/zhihao/hdd/marshal/benchmarks/cross-repo-pr-impact/results/single-case-pipeline-995651-995691-v3-2026-08-26/replay-work/formal-opendev-995651--target-995691/target-a1/cinder/__init__.py:21: EventletDeprecationWarning: 
Eventlet is deprecated. It is currently being maintained in bugfix mode, and
we strongly recommend against using it for new projects.

If you are already using Eventlet, we recommend migrating to a different
framework.  For more detail see
https://eventlet.readthedocs.io/en/latest/asyncio/migration.html

  import eventlet  # noqa
/home/zhihao/hdd/marshal/benchmarks/cross-repo-pr-impact/results/single-case-pipeline-995651-995691-v3-2026-08-26/replay-work/formal-opendev-995651--target-995691/target-a1/cinder/__init__.py:21: EventletDeprecationWarning: 
Eventlet is deprecated. It is currently being maintained in bugfix mode, and
we strongly recommend against using it for new projects.

If you are already using Eventlet, we recommend migrating to a different
framework.  For more detail see
https://eventlet.readthedocs.io/en/latest/asyncio/migration.html

  import eventlet  # noqa
/home/zhihao/hdd/marshal/benchmarks/cross-repo-pr-impact/results/single-case-pipeline-995651-995691-v3-2026-08-26/replay-work/formal-opendev-995651--target-995691/target-a1/cinder/__init__.py:21: EventletDeprecationWarning: 
Eventlet is deprecated. It is currently being maintained in bugfix mode, and
we strongly recommend against using it for new projects.

If you are already using Eventlet, we recommend migrating to a different
framework.  For more detail see
https://eventlet.readthedocs.io/en/latest/asyncio/migration.html

  import eventlet  # noqa
/home/zhihao/hdd/marshal/benchmarks/cross-repo-pr-impact/results/single-case-pipeline-995651-995691-v3-2026-08-26/replay-work/formal-opendev-995651--target-995691/target-a1/cinder/__init__.py:21: EventletDeprecationWarning: 
Eventlet is deprecated. It is currently being maintained in bugfix mode, and
we strongly recommend against using it for new projects.

If you are already using Eventlet, we recommend migrating to a different
framework.  For more detail see
https://eventlet.readthedocs.io/en/latest/asyncio/migration.html

  import eventlet  # noqa
/home/zhihao/hdd/marshal/benchmarks/cross-repo-pr-impact/results/single-case-pipeline-995651-995691-v3-2026-08-26/replay-work/formal-opendev-995651--target-995691/target-a1/cinder/__init__.py:21: EventletDeprecationWarning: 
Eventlet is deprecated. It is currently being maintained in bugfix mode, and
we strongly recommend against using it for new projects.

If you are already using Eventlet, we recommend migrating to a different
framework.  For more detail see
https://eventlet.readthedocs.io/en/latest/asyncio/migration.html

  import eventlet  # noqa
/home/zhihao/hdd/marshal/benchmarks/cross-repo-pr-impact/results/single-case-pipeline-995651-995691-v3-2026-08-26/replay-work/formal-opendev-995651--target-995691/target-a1/cinder/__init__.py:21: EventletDeprecationWarning: 
Eventlet is deprecated. It is currently being maintained in bugfix mode, and
we strongly recommend against using it for new projects.

If you are already using Eventlet, we recommend migrating to a different
framework.  For more detail see
https://eventlet.readthedocs.io/en/latest/asyncio/migration.html

  import eventlet  # noqa
/home/zhihao/hdd/marshal/benchmarks/cross-repo-pr-impact/results/single-case-pipeline-995651-995691-v3-2026-08-26/replay-work/formal-opendev-995651--target-995691/target-a1/cinder/__init__.py:21: EventletDeprecationWarning: 
Eventlet is deprecated. It is currently being maintained in bugfix mode, and
we strongly recommend against using it for new projects.

If you are already using Eventlet, we recommend migrating to a different
framework.  For more detail see
https://eventlet.readthedocs.io/en/latest/asyncio/migration.html

  import eventlet  # noqa
/home/zhihao/hdd/marshal/benchmarks/cross-repo-pr-impact/results/single-case-pipeline-995651-995691-v3-2026-08-26/replay-work/formal-opendev-995651--target-995691/target-a1/cinder/__init__.py:21: EventletDeprecationWarning: 
Eventlet is deprecated. It is currently being maintained in bugfix mode, and
we strongly recommend against using it for new projects.

If you are already using Eventlet, we recommend migrating to a different
framework.  For more detail see
https://eventlet.readthedocs.io/en/latest/asyncio/migration.html

  import eventlet  # noqa
/home/zhihao/hdd/marshal/benchmarks/cross-repo-pr-impact/results/single-case-pipeline-995651-995691-v3-2026-08-26/replay-work/formal-opendev-995651--target-995691/target-a1/cinder/__init__.py:21: EventletDeprecationWarning: 
Eventlet is deprecated. It is currently being maintained in bugfix mode, and
we strongly recommend against using it for new projects.

If you are already using Eventlet, we recommend migrating to a different
framework.  For more detail see
https://eventlet.readthedocs.io/en/latest/asyncio/migration.html

  import eventlet  # noqa
/home/zhihao/hdd/marshal/benchmarks/cross-repo-pr-impact/results/single-case-pipeline-995651-995691-v3-2026-08-26/replay-work/formal-opendev-995651--target-995691/target-a1/cinder/__init__.py:21: EventletDeprecationWarning: 
Eventlet is deprecated. It is currently being maintained in bugfix mode, and
we strongly recommend against using it for new projects.

If you are already using Eventlet, we recommend migrating to a different
framework.  For more detail see
https://eventlet.readthedocs.io/en/latest/asyncio/migration.html

  import eventlet  # noqa
/home/zhihao/hdd/marshal/benchmarks/cross-repo-pr-impact/results/single-case-pipeline-995651-995691-v3-2026-08-26/replay-work/formal-opendev-995651--target-995691/target-a1/cinder/__init__.py:21: EventletDeprecationWarning: 
Eventlet is deprecated. It is currently being maintained in bugfix mode, and
we strongly recommend against using it for new projects.

If you are already using Eventlet, we recommend migrating to a different
framework.  For more detail see
https://eventlet.readthedocs.io/en/latest/asyncio/migration.html

  import eventlet  # noqa
/home/zhihao/hdd/marshal/benchmarks/cross-repo-pr-impact/results/single-case-pipeline-995651-995691-v3-2026-08-26/replay-work/formal-opendev-995651--target-995691/target-a1/cinder/__init__.py:21: EventletDeprecationWarning: 
Eventlet is deprecated. It is currently being maintained in bugfix mode, and
we strongly recommend against using it for new projects.

If you are already using Eventlet, we recommend migrating to a different
framework.  For more detail see
https://eventlet.readthedocs.io/en/latest/asyncio/migration.html

  import eventlet  # noqa
1 RLock(s) were not greened, to fix this error make sure you run eventlet.monkey_patch() before importing any other modules.
1 RLock(s) were not greened, to fix this error make sure you run eventlet.monkey_patch() before importing any other modules.
1 RLock(s) were not greened, to fix this error make sure you run eventlet.monkey_patch() before importing any other modules.
1 RLock(s) were not greened, to fix this error make sure you run eventlet.monkey_patch() before importing any other modules.
1 RLock(s) were not greened, to fix this error make sure you run eventlet.monkey_patch() before importing any other modules.
1 RLock(s) were not greened, to fix this error make sure you run eventlet.monkey_patch() before importing any other modules.
1 RLock(s) were not greened, to fix this error make sure you run eventlet.monkey_patch() before importing any other modules.
1 RLock(s) were not greened, to fix this error make sure you run eventlet.monkey_patch() before importing any other modules.
1 RLock(s) were not greened, to fix this error make sure you run eventlet.monkey_patch() before importing any other modules.
1 RLock(s) were not greened, to fix this error make sure you run eventlet.monkey_patch() before importing any other modules.
1 RLock(s) were not greened, to fix this error make sure you run eventlet.monkey_patch() before importing any other modules.
1 RLock(s) were not greened, to fix this error make sure you run eventlet.monkey_patch() before importing any other modules.
1 RLock(s) were not greened, to fix this error make sure you run eventlet.monkey_patch() before importing any other modules.
1 RLock(s) were not greened, to fix this error make sure you run eventlet.monkey_patch() before importing any other modules.
1 RLock(s) were not greened, to fix this error make sure you run eventlet.monkey_patch() before importing any other modules.
1 RLock(s) were not greened, to fix this error make sure you run eventlet.monkey_patch() before importing any other modules.
1 RLock(s) were not greened, to fix this error make sure you run eventlet.monkey_patch() before importing any other modules.
1 RLock(s) were not greened, to fix this error make sure you run eventlet.monkey_patch() before importing any other modules.
{4} cinder.tests.unit.test_coordination.CoordinatorTestCase.test_remove_lock [0.262726s] ... ok
{5} cinder.tests.unit.test_coordination.CoordinatorTestCase.test_remove_lock_non_file_lock [0.261781s] ... ok
{9} cinder.tests.unit.test_coordination.CoordinationTestCase.test___release [0.249472s] ... ok
{14} cinder.tests.unit.test_coordination.CoordinationTestCase.test___acquire [0.245747s] ... ok
{0} cinder.tests.unit.test_coordination.CoordinatorTestCase.test_remove_lock_missing_file [0.250727s] ... ok
{6} cinder.tests.unit.test_coordination.CoordinationTestCase.test_synchronized [0.251224s] ... ok
{13} cinder.tests.unit.test_coordination.CoordinatorTestCase.test_get_file_path [0.265872s] ... ok
{8} cinder.tests.unit.test_coordination.CoordinationTestCase.test___acquire_propagates_exception [0.261092s] ... ok
{15} cinder.tests.unit.test_coordination.CoordinationTestCase.test_synchronized_remove [0.257388s] ... ok
{1} cinder.tests.unit.test_coordination.CoordinatorTestCase.test_coordinator_offline [0.270076s] ... ok
{3} cinder.tests.unit.test_coordination.CoordinationTestCase.test_synchronized_multiple_templates [0.283257s] ... ok
{2} cinder.tests.unit.test_coordination.CoordinatorTestCase.test_coordinator_start [0.281407s] ... ok
{11} cinder.tests.unit.test_coordination.CoordinatorTestCase.test_get_file_path_non_file [0.286753s] ... ok
{16} cinder.tests.unit.test_coordination.CoordinatorTestCase.test_remove_lock_unknown_failure [0.273261s] ... ok
{7} cinder.tests.unit.test_coordination.CoordinationTestCase.test___release_ignores_exception [0.265471s] ... ok
{10} cinder.tests.unit.test_coordination.CoordinatorTestCase.test_coordinator_stop [0.283187s] ... ok
{17} cinder.tests.unit.test_coordination.CoordinatorTestCase.test_coordinator_lock [0.334839s] ... FAILED

Captured traceback:
~~~~~~~~~~~~~~~~~~~
    Traceback (most recent call last):

      File "/data/zhihao/miniconda3/lib/python3.13/unittest/mock.py", line 1426, in patched
    return func(*newargs, **newkeywargs)

      File "/home/zhihao/hdd/marshal/benchmarks/cross-repo-pr-impact/results/single-case-pipeline-995651-995691-v3-2026-08-26/replay-work/formal-opendev-995651--target-995691/target-a1/cinder/tests/unit/test_coordination.py", line 97, in test_coordinator_lock
    with agent1.get_lock(lock_name):
         ~~~~~~~~~~~~~~~^^^^^^^^^^^

      File "/home/zhihao/hdd/marshal/benchmarks/cross-repo-pr-impact/results/single-case-pipeline-995651-995691-v3-2026-08-26/replay-work/formal-opendev-995651--target-995691/target-a1/.tox/py3/lib/python3.13/site-packages/tooz/locking.py", line 65, in __enter__
    acquired = self.acquire(blocking, shared, timeout)

    TypeError: MockToozLock.acquire() takes from 1 to 2 positional arguments but 4 were given


Captured pythonlogging:
~~~~~~~~~~~~~~~~~~~~~~~
    2026-08-26 19:59:24,492 INFO [keystonemiddleware.auth_token] Starting Keystone auth_token middleware
2026-08-26 19:59:24,493 WARNING [keystonemiddleware._common.config] The option "auth_url" is not known to keystonemiddleware
2026-08-26 19:59:24,496 WARNING [keystonemiddleware.auth_token] Configuring www_authenticate_uri to point to the public identity endpoint is required; clients may not be able to authenticate against an admin endpoint

{12} cinder.tests.unit.test_coordination.CoordinationTestCase.test_synchronized_remove_custom_coordinator [0.274633s] ... ok

==============================
Failed 1 tests - output below:
==============================

cinder.tests.unit.test_coordination.CoordinatorTestCase.test_coordinator_lock
-----------------------------------------------------------------------------

Captured traceback:
~~~~~~~~~~~~~~~~~~~
    Traceback (most recent call last):

      File "/data/zhihao/miniconda3/lib/python3.13/unittest/mock.py", line 1426, in patched
    return func(*newargs, **newkeywargs)

      File "/home/zhihao/hdd/marshal/benchmarks/cross-repo-pr-impact/results/single-case-pipeline-995651-995691-v3-2026-08-26/replay-work/formal-opendev-995651--target-995691/target-a1/cinder/tests/unit/test_coordination.py", line 97, in test_coordinator_lock
    with agent1.get_lock(lock_name):
         ~~~~~~~~~~~~~~~^^^^^^^^^^^

      File "/home/zhihao/hdd/marshal/benchmarks/cross-repo-pr-impact/results/single-case-pipeline-995651-995691-v3-2026-08-26/replay-work/formal-opendev-995651--target-995691/target-a1/.tox/py3/lib/python3.13/site-packages/tooz/locking.py", line 65, in __enter__
    acquired = self.acquire(blocking, shared, timeout)

    TypeError: MockToozLock.acquire() takes from 1 to 2 positional arguments but 4 were given


Captured pythonlogging:
~~~~~~~~~~~~~~~~~~~~~~~
    2026-08-26 19:59:24,492 INFO [keystonemiddleware.auth_token] Starting Keystone auth_token middleware
2026-08-26 19:59:24,493 WARNING [keystonemiddleware._common.config] The option "auth_url" is not known to keystonemiddleware
2026-08-26 19:59:24,496 WARNING [keystonemiddleware.auth_token] Configuring www_authenticate_uri to point to the public identity endpoint is required; clients may not be able to authenticate against an admin endpoint



======
Totals
======
Ran: 18 tests in 0.7882 sec.
 - Passed: 17
 - Skipped: 0
 - Expected Fail: 0
 - Unexpected Success: 0
 - Failed: 1
Sum of execute time for each test: 4.8589 sec.

==============
Worker Balance
==============
 - Worker 0 (1 tests) => 0:00:00.250727
 - Worker 1 (1 tests) => 0:00:00.270076
 - Worker 2 (1 tests) => 0:00:00.281407
 - Worker 3 (1 tests) => 0:00:00.283257
 - Worker 4 (1 tests) => 0:00:00.262726
 - Worker 5 (1 tests) => 0:00:00.261781
 - Worker 6 (1 tests) => 0:00:00.251224
 - Worker 7 (1 tests) => 0:00:00.265471
 - Worker 8 (1 tests) => 0:00:00.261092
 - Worker 9 (1 tests) => 0:00:00.249472
 - Worker 10 (1 tests) => 0:00:00.283187
 - Worker 11 (1 tests) => 0:00:00.286753
 - Worker 12 (1 tests) => 0:00:00.274633
 - Worker 13 (1 tests) => 0:00:00.265872
 - Worker 14 (1 tests) => 0:00:00.245747
 - Worker 15 (1 tests) => 0:00:00.257388
 - Worker 16 (1 tests) => 0:00:00.273261
 - Worker 17 (1 tests) => 0:00:00.334839
