[INFO] Scanning for projects...
[INFO] 
[INFO] -------------------------< com.axonivy:ivymx >--------------------------
[INFO] Building IVYMX - AXON IVY Java Management Extension 1.2.4-SNAPSHOT
[INFO]   from pom.xml
[INFO] --------------------------------[ jar ]---------------------------------
[WARNING] The artifact org.slf4j:slf4j-log4j12:jar:2.0.2 has been relocated to org.slf4j:slf4j-reload4j:jar:2.0.2
[INFO] 
[INFO] --- clean:3.2.0:clean (default-clean) @ ivymx ---
[INFO] 
[INFO] --- resources:3.3.1:resources (default-resources) @ ivymx ---
[INFO] skip non existing resourceDirectory /tmp/marshal-log4j-screening.GTMCHm/consumers/a3-before/ivymx/src/main/resources
[INFO] 
[INFO] --- compiler:3.10.1:compile (default-compile) @ ivymx ---
[INFO] Changes detected - recompiling the module!
[INFO] Compiling 67 source files to /tmp/marshal-log4j-screening.GTMCHm/consumers/a3-before/ivymx/target/classes
[INFO] 
[INFO] --- resources:3.3.1:testResources (default-testResources) @ ivymx ---
[INFO] skip non existing resourceDirectory /tmp/marshal-log4j-screening.GTMCHm/consumers/a3-before/ivymx/src/test/resources
[INFO] 
[INFO] --- compiler:3.10.1:testCompile (default-testCompile) @ ivymx ---
[INFO] Changes detected - recompiling the module!
[INFO] Compiling 31 source files to /tmp/marshal-log4j-screening.GTMCHm/consumers/a3-before/ivymx/target/test-classes
[INFO] 
[INFO] --- surefire:3.2.5:test (default-test) @ ivymx ---
[INFO] Using auto detected provider org.apache.maven.surefire.junit4.JUnit4Provider
[INFO] 
[INFO] -------------------------------------------------------
[INFO]  T E S T S
[INFO] -------------------------------------------------------
[INFO] Running com.axonivy.jmx.TestEventCounter
[INFO] Tests run: 1, Failures: 0, Errors: 0, Skipped: 0, Time elapsed: 0.096 s -- in com.axonivy.jmx.TestEventCounter
[INFO] Running com.axonivy.jmx.TestRegisterErrorStrategy
[INFO] Tests run: 4, Failures: 0, Errors: 0, Skipped: 0, Time elapsed: 0.113 s -- in com.axonivy.jmx.TestRegisterErrorStrategy
[INFO] Running com.axonivy.jmx.TestFieldBasedMAttribute
log4j:WARN No appenders could be found for logger (com.axonivy.jmx.internal.MBeanProxy).
log4j:WARN Please initialize the log4j system properly.
log4j:WARN See http://logging.apache.org/log4j/1.2/faq.html#noconfig for more info.
[INFO] Tests run: 13, Failures: 0, Errors: 0, Skipped: 0, Time elapsed: 0.012 s -- in com.axonivy.jmx.TestFieldBasedMAttribute
[INFO] Running com.axonivy.jmx.TestMList
[INFO] Tests run: 10, Failures: 0, Errors: 0, Skipped: 0, Time elapsed: 0.003 s -- in com.axonivy.jmx.TestMList
[INFO] Running com.axonivy.jmx.TestMBeanBasedMAttribute
[INFO] Tests run: 4, Failures: 0, Errors: 0, Skipped: 0, Time elapsed: 0.001 s -- in com.axonivy.jmx.TestMBeanBasedMAttribute
[INFO] Running com.axonivy.jmx.TestCompositeDataMAttributeWithType
[INFO] Tests run: 11, Failures: 0, Errors: 0, Skipped: 0, Time elapsed: 0.007 s -- in com.axonivy.jmx.TestCompositeDataMAttributeWithType
[INFO] Running com.axonivy.jmx.TestMMap
[INFO] Tests run: 6, Failures: 0, Errors: 0, Skipped: 0, Time elapsed: 0.002 s -- in com.axonivy.jmx.TestMMap
[INFO] Running com.axonivy.jmx.TestPropertiesConverter
[INFO] Tests run: 3, Failures: 0, Errors: 0, Skipped: 0, Time elapsed: 0.001 s -- in com.axonivy.jmx.TestPropertiesConverter
[INFO] Running com.axonivy.jmx.TestMCache
[INFO] Tests run: 2, Failures: 0, Errors: 0, Skipped: 0, Time elapsed: 1.519 s -- in com.axonivy.jmx.TestMCache
[INFO] Running com.axonivy.jmx.TestMSizeAttributeOnString
[INFO] Tests run: 5, Failures: 0, Errors: 0, Skipped: 0, Time elapsed: 0.010 s -- in com.axonivy.jmx.TestMSizeAttributeOnString
[INFO] Running com.axonivy.jmx.TestMethodBasedMAttribute
[INFO] Tests run: 14, Failures: 0, Errors: 0, Skipped: 0, Time elapsed: 0.027 s -- in com.axonivy.jmx.TestMethodBasedMAttribute
[INFO] Running com.axonivy.jmx.TestMIncludedCompositionReference
[INFO] Tests run: 2, Failures: 0, Errors: 0, Skipped: 0, Time elapsed: 0.015 s -- in com.axonivy.jmx.TestMIncludedCompositionReference
[INFO] Running com.axonivy.jmx.TestMInclude
[INFO] Tests run: 5, Failures: 0, Errors: 0, Skipped: 0, Time elapsed: 0.011 s -- in com.axonivy.jmx.TestMInclude
[INFO] Running com.axonivy.jmx.TestMBeans
[INFO] Tests run: 10, Failures: 0, Errors: 0, Skipped: 0, Time elapsed: 0.016 s -- in com.axonivy.jmx.TestMBeans
[INFO] Running com.axonivy.jmx.TestDateValueConverter
[INFO] Tests run: 6, Failures: 0, Errors: 0, Skipped: 0, Time elapsed: 0.031 s -- in com.axonivy.jmx.TestDateValueConverter
[INFO] Running com.axonivy.jmx.TestMIncludeWithElExpression
[INFO] Tests run: 8, Failures: 0, Errors: 0, Skipped: 0, Time elapsed: 0.004 s -- in com.axonivy.jmx.TestMIncludeWithElExpression
[INFO] Running com.axonivy.jmx.TestMBeanNameQuoting
[INFO] Tests run: 8, Failures: 0, Errors: 0, Skipped: 0, Time elapsed: 0.001 s -- in com.axonivy.jmx.TestMBeanNameQuoting
[INFO] Running com.axonivy.jmx.TestIgnoreSyntheticMethods
[INFO] Tests run: 4, Failures: 0, Errors: 0, Skipped: 0, Time elapsed: 0.002 s -- in com.axonivy.jmx.TestIgnoreSyntheticMethods
[INFO] Running com.axonivy.jmx.TestCompositeDataMAttribute
[INFO] Tests run: 10, Failures: 0, Errors: 0, Skipped: 0, Time elapsed: 0.017 s -- in com.axonivy.jmx.TestCompositeDataMAttribute
[INFO] Running com.axonivy.jmx.TestOperationExecutionCounter
[INFO] Tests run: 3, Failures: 0, Errors: 0, Skipped: 0, Time elapsed: 0.857 s -- in com.axonivy.jmx.TestOperationExecutionCounter
[INFO] Running com.axonivy.jmx.util.TestMaximumIntValueSinceLastRead
[INFO] Tests run: 4, Failures: 0, Errors: 0, Skipped: 0, Time elapsed: 0.004 s -- in com.axonivy.jmx.util.TestMaximumIntValueSinceLastRead
[INFO] Running com.axonivy.jmx.TestEnumBasedMAttribute
[INFO] Tests run: 6, Failures: 0, Errors: 0, Skipped: 0, Time elapsed: 0.004 s -- in com.axonivy.jmx.TestEnumBasedMAttribute
[INFO] Running com.axonivy.jmx.TestMCompositionReference
[INFO] Tests run: 4, Failures: 0, Errors: 0, Skipped: 0, Time elapsed: 0.011 s -- in com.axonivy.jmx.TestMCompositionReference
[INFO] Running com.axonivy.jmx.TestUriConverter
[INFO] Tests run: 6, Failures: 0, Errors: 0, Skipped: 0, Time elapsed: 0.006 s -- in com.axonivy.jmx.TestUriConverter
[INFO] Running com.axonivy.jmx.TestMSizeAttributeOnCollection
[INFO] Tests run: 5, Failures: 0, Errors: 0, Skipped: 0, Time elapsed: 0.003 s -- in com.axonivy.jmx.TestMSizeAttributeOnCollection
[INFO] Running com.axonivy.jmx.TestMIncludeWithType
[INFO] Tests run: 5, Failures: 0, Errors: 0, Skipped: 0, Time elapsed: 0.005 s -- in com.axonivy.jmx.TestMIncludeWithType
[INFO] Running com.axonivy.jmx.TestMSizeAttributeOnMap
[INFO] Tests run: 5, Failures: 0, Errors: 0, Skipped: 0, Time elapsed: 0.001 s -- in com.axonivy.jmx.TestMSizeAttributeOnMap
[INFO] Running com.axonivy.jmx.TestMOperation
[INFO] Tests run: 9, Failures: 0, Errors: 0, Skipped: 0, Time elapsed: 0.005 s -- in com.axonivy.jmx.TestMOperation
[INFO] Running com.axonivy.jmx.TestThrowableMAttribute
[INFO] Tests run: 4, Failures: 0, Errors: 0, Skipped: 0, Time elapsed: 0.004 s -- in com.axonivy.jmx.TestThrowableMAttribute
[INFO] 
[INFO] Results:
[INFO] 
[INFO] Tests run: 177, Failures: 0, Errors: 0, Skipped: 0
[INFO] 
[INFO] ------------------------------------------------------------------------
[INFO] BUILD SUCCESS
[INFO] ------------------------------------------------------------------------
[INFO] Total time:  8.792 s
[INFO] Finished at: 2026-08-24T19:26:49+08:00
[INFO] ------------------------------------------------------------------------
