Modules with known eventlet monkey patching issues were imported prior to eventlet monkey patching: oslo_context.context, urllib3. This warning can usually be ignored if the caller is only importing and not executing nova code.
Modules with known eventlet monkey patching issues were imported prior to eventlet monkey patching: urllib3, oslo_context.context. This warning can usually be ignored if the caller is only importing and not executing nova code.
Modules with known eventlet monkey patching issues were imported prior to eventlet monkey patching: urllib3, oslo_context.context. This warning can usually be ignored if the caller is only importing and not executing nova code.
Modules with known eventlet monkey patching issues were imported prior to eventlet monkey patching: oslo_context.context, urllib3. This warning can usually be ignored if the caller is only importing and not executing nova code.
2026-08-27 03:19:52.208 3370468 INFO oslo_service.periodic_task [req-ef66962d-f89b-4d92-8915-eb17b0d7ad48 fake_user 6a6a9c9eee154e9cb8cec487b98d36ab - - -] Skipping periodic task _discover_hosts_in_cells because its interval is negative[00m
2026-08-27 03:19:52.216 3370466 INFO oslo_service.periodic_task [req-00bbbd93-da19-4eff-87e8-2e6d2615f8ce fake_user 6a6a9c9eee154e9cb8cec487b98d36ab - - -] Skipping periodic task _discover_hosts_in_cells because its interval is negative[00m
2026-08-27 03:19:52.232 3370468 ERROR stevedore.extension [req-ef66962d-f89b-4d92-8915-eb17b0d7ad48 fake_user 6a6a9c9eee154e9cb8cec487b98d36ab - - -] Could not load 'oslo_cache.memcache_pool': No module named 'memcache': ModuleNotFoundError: No module named 'memcache'[00m
2026-08-27 03:19:52.241 3370466 ERROR stevedore.extension [req-00bbbd93-da19-4eff-87e8-2e6d2615f8ce fake_user 6a6a9c9eee154e9cb8cec487b98d36ab - - -] Could not load 'oslo_cache.memcache_pool': No module named 'memcache': ModuleNotFoundError: No module named 'memcache'[00m
2026-08-27 03:19:52.303 3370467 INFO oslo_service.periodic_task [req-0eab5286-98f3-4b00-a10c-b2e74830589d fake_user 6a6a9c9eee154e9cb8cec487b98d36ab - - -] Skipping periodic task _discover_hosts_in_cells because its interval is negative[00m
2026-08-27 03:19:52.328 3370467 ERROR stevedore.extension [req-0eab5286-98f3-4b00-a10c-b2e74830589d fake_user 6a6a9c9eee154e9cb8cec487b98d36ab - - -] Could not load 'oslo_cache.memcache_pool': No module named 'memcache': ModuleNotFoundError: No module named 'memcache'[00m
{2} nova.tests.unit.compute.test_compute.ComputeAPITestCase.test_attach_interface_with_qos [0.909431s] ... ok
{0} nova.tests.unit.compute.test_compute.ComputeAPITestCase.test_attach_interface [0.906395s] ... ok
{1} nova.tests.unit.compute.test_compute.ComputeAPITestCase.test_attach_interface_failed [1.228231s] ... ok
[93mReadline features including tab completion have been disabled because
no supported version of readline was found. To resolve this, install
pyreadline on Windows or gnureadline on Mac.

[39m
======
Totals
======
Ran: 3 tests in 1.3622 sec.
 - Passed: 3
 - Skipped: 0
 - Expected Fail: 0
 - Unexpected Success: 0
 - Failed: 0
Sum of execute time for each test: 3.0441 sec.

==============
Worker Balance
==============
 - Worker 0 (1 tests) => 0:00:00.906395
 - Worker 1 (1 tests) => 0:00:01.228231
 - Worker 2 (1 tests) => 0:00:00.909431
