[INFO] Scanning for projects...
[INFO] 
[INFO] ----------------------< com.jcabi:jcabi-simpledb >----------------------
[INFO] Building jcabi-simpledb 1.0-SNAPSHOT
[INFO]   from pom.xml
[INFO] --------------------------------[ jar ]---------------------------------
[WARNING] The artifact org.slf4j:slf4j-log4j12:jar:2.0.7 has been relocated to org.slf4j:slf4j-reload4j:jar:2.0.7
[INFO] 
[INFO] --- clean:3.2.0:clean (default-clean) @ jcabi-simpledb ---
[INFO] 
[INFO] --- enforcer:3.1.0:enforce (enforce-maven) @ jcabi-simpledb ---
[INFO] 
[INFO] --- buildnumber:3.0.0:create (jcabi-build-number) @ jcabi-simpledb ---
[INFO] ShortRevision tag detected. The value is '7'.
[INFO] Executing: /bin/sh -c cd '/tmp/marshal-jcabi-formal-r1.D7Dfcf/consumers/a2/jcabi-simpledb' && 'git' 'rev-parse' '--verify' '--short=7' 'HEAD'
[INFO] Working directory: /tmp/marshal-jcabi-formal-r1.D7Dfcf/consumers/a2/jcabi-simpledb
[INFO] Storing buildNumber: 4af3ea9 at timestamp: 2026-08-24T02:36:41
[WARNING] Cannot get the branch information from the git repository: 
Detecting the current branch failed: fatal: ref HEAD is not a symbolic ref

[INFO] ShortRevision tag detected. The value is '7'.
[INFO] Executing: /bin/sh -c cd '/tmp/marshal-jcabi-formal-r1.D7Dfcf/consumers/a2/jcabi-simpledb' && 'git' 'rev-parse' '--verify' '--short=7' 'HEAD'
[INFO] Working directory: /tmp/marshal-jcabi-formal-r1.D7Dfcf/consumers/a2/jcabi-simpledb
[INFO] Storing buildScmBranch: UNKNOWN
[INFO] 
[INFO] --- buildnumber:3.0.0:create-timestamp (jcabi-build-number) @ jcabi-simpledb ---
[INFO] Skipping because we are not in root module.
[INFO] 
[INFO] --- resources:3.3.0:resources (default-resources) @ jcabi-simpledb ---
[INFO] skip non existing resourceDirectory /tmp/marshal-jcabi-formal-r1.D7Dfcf/consumers/a2/jcabi-simpledb/src/main/resources
[INFO] 
[INFO] --- compiler:3.10.1:compile (default-compile) @ jcabi-simpledb ---
[WARNING]  Parameter 'optimize' (user property 'maven.compiler.optimize') is deprecated: This property is a no-op in {@code javac}.
[INFO] Changes detected - recompiling the module!
[INFO] Compiling 8 source files to /tmp/marshal-jcabi-formal-r1.D7Dfcf/consumers/a2/jcabi-simpledb/target/classes
[INFO] 
[INFO] --- jcabi:0.17.0:ajc (jcabi-ajc-compile) @ jcabi-simpledb ---
[INFO] Unwoven classes will be copied to /tmp/marshal-jcabi-formal-r1.D7Dfcf/consumers/a2/jcabi-simpledb/target/unwoven
[INFO] Created temp dir /tmp/marshal-jcabi-formal-r1.D7Dfcf/consumers/a2/jcabi-simpledb/target/jcabi-ajc
[WARNING] The artifact org.slf4j:slf4j-log4j12:jar:2.0.7 has been relocated to org.slf4j:slf4j-reload4j:jar:2.0.7
[WARNING] The artifact org.slf4j:slf4j-log4j12:jar:2.0.7 has been relocated to org.slf4j:slf4j-reload4j:jar:2.0.7

52 warnings
[INFO] ajc result: 38 file(s) processed, 0 pointcut(s) woven, 0 error(s), 0 warning(s)
[INFO] 
[INFO] --- resources:3.3.0:testResources (default-testResources) @ jcabi-simpledb ---
[INFO] Copying 1 resource
[INFO] The encoding used to copy filtered properties files have not been set. This means that the same encoding will be used to copy filtered properties files as when copying other filtered resources. This might not be what you want! Run your build with --debug to see which files might be affected. Read more at https://maven.apache.org/plugins/maven-resources-plugin/examples/filtering-properties-files.html
[INFO] 
[INFO] --- compiler:3.10.1:testCompile (default-testCompile) @ jcabi-simpledb ---
[WARNING]  Parameter 'optimize' (user property 'maven.compiler.optimize') is deprecated: This property is a no-op in {@code javac}.
[INFO] Changes detected - recompiling the module!
[INFO] Compiling 5 source files to /tmp/marshal-jcabi-formal-r1.D7Dfcf/consumers/a2/jcabi-simpledb/target/test-classes
[INFO] 
[INFO] --- jcabi:0.17.0:ajc (jcabi-ajc-test-compile) @ jcabi-simpledb ---
[INFO] Unwoven test classes will be copied to /tmp/marshal-jcabi-formal-r1.D7Dfcf/consumers/a2/jcabi-simpledb/target/unwoven-test
[INFO] Created temp dir /tmp/marshal-jcabi-formal-r1.D7Dfcf/consumers/a2/jcabi-simpledb/target/jcabi-ajc-test
[WARNING] The artifact org.slf4j:slf4j-log4j12:jar:2.0.7 has been relocated to org.slf4j:slf4j-reload4j:jar:2.0.7
[WARNING] The artifact org.slf4j:slf4j-log4j12:jar:2.0.7 has been relocated to org.slf4j:slf4j-reload4j:jar:2.0.7

28 warnings
[INFO] ajc result: 6 file(s) processed, 0 pointcut(s) woven, 0 error(s), 0 warning(s)
[INFO] 
[INFO] --- surefire:3.0.0-M7:test (default-test) @ jcabi-simpledb ---
[INFO] Tests will run in random order. To reproduce ordering use flag -Dsurefire.runOrder.random.seed=871038815823570
[INFO] Using auto detected provider org.apache.maven.surefire.junitplatform.JUnitPlatformProvider
[INFO] 
[INFO] -------------------------------------------------------
[INFO]  T E S T S
[INFO] -------------------------------------------------------
[INFO] Running com.jcabi.simpledb.AwsItemTest
[DEBUG] main com.jcabi.simpledb.AwsItem: #entrySet(): [attr-1=value-1] in 4.94ms
[DEBUG] main com.jcabi.simpledb.AwsItem: #get('hello'): NULL in 11.58ms
[INFO] Tests run: 1, Failures: 0, Errors: 0, Skipped: 0, Time elapsed: 0.482 s - in com.jcabi.simpledb.AwsItemTest
[INFO] Running com.jcabi.simpledb.CredentialsTest
[DEBUG] main com.jcabi.simpledb.Credentials$Simple: #aws(): com.amazonaws.services.simpledb.AmazonSimpleDBClient@3f183caa in 473.51ms
[DEBUG] main com.jcabi.simpledb.Credentials$Simple: #aws(): com.amazonaws.services.simpledb.AmazonSimpleDBClient@63cd2cd2 in 1.80ms
[INFO] Tests run: 2, Failures: 0, Errors: 0, Skipped: 0, Time elapsed: 0.643 s - in com.jcabi.simpledb.CredentialsTest
[INFO] Running com.jcabi.simpledb.AwsDomainTest
[DEBUG] main com.jcabi.simpledb.AwsDomain: #item('x'): 'x in test' in 31.92µs
[INFO] Tests run: 1, Failures: 0, Errors: 0, Skipped: 0, Time elapsed: 0.009 s - in com.jcabi.simpledb.AwsDomainTest
[INFO] Running com.jcabi.simpledb.RegionTest
[INFO] Tests run: 1, Failures: 0, Errors: 0, Skipped: 0, Time elapsed: 0.002 s - in com.jcabi.simpledb.RegionTest
[INFO] 
[INFO] Results:
[INFO] 
[INFO] Tests run: 5, Failures: 0, Errors: 0, Skipped: 0
[INFO] 
[INFO] ------------------------------------------------------------------------
[INFO] BUILD SUCCESS
[INFO] ------------------------------------------------------------------------
[INFO] Total time:  8.742 s
[INFO] Finished at: 2026-08-24T02:36:49+08:00
[INFO] ------------------------------------------------------------------------
