[INFO] Scanning for projects...
[INFO] Inspecting build with total of 1 modules...
[INFO] Installing Nexus Staging features:
[INFO]   ... total of 1 executions of maven-deploy-plugin replaced with nexus-staging-maven-plugin
Downloading from central: https://repo.maven.apache.org/maven2/org/apache/maven/plugins/maven-install-plugin/3.1.3/maven-install-plugin-3.1.3.pom
Progress (1): 792 B
Progress (1): 1.8 kB
Progress (1): 3.7 kB
Progress (1): 7.5 kB
Progress (1): 8.1 kB
                    
Downloaded from central: https://repo.maven.apache.org/maven2/org/apache/maven/plugins/maven-install-plugin/3.1.3/maven-install-plugin-3.1.3.pom (8.1 kB at 9.6 kB/s)
Downloading from central: https://repo.maven.apache.org/maven2/org/apache/maven/plugins/maven-plugins/43/maven-plugins-43.pom
Progress (1): 815 B
Progress (1): 1.9 kB
Progress (1): 4.1 kB
Progress (1): 6.7 kB
Progress (1): 7.5 kB
                    
Downloaded from central: https://repo.maven.apache.org/maven2/org/apache/maven/plugins/maven-plugins/43/maven-plugins-43.pom (7.5 kB at 34 kB/s)
Downloading from central: https://repo.maven.apache.org/maven2/org/apache/maven/maven-parent/43/maven-parent-43.pom
Progress (1): 720 B
Progress (1): 1.6 kB
Progress (1): 4.2 kB
Progress (1): 8.5 kB
Progress (1): 12 kB 
Progress (1): 16 kB
Progress (1): 21 kB
Progress (1): 23 kB
Progress (1): 26 kB
Progress (1): 29 kB
Progress (1): 30 kB
Progress (1): 33 kB
Progress (1): 37 kB
Progress (1): 39 kB
Progress (1): 42 kB
Progress (1): 45 kB
Progress (1): 48 kB
Progress (1): 50 kB
                   
Downloaded from central: https://repo.maven.apache.org/maven2/org/apache/maven/maven-parent/43/maven-parent-43.pom (50 kB at 218 kB/s)
Downloading from central: https://repo.maven.apache.org/maven2/org/apache/apache/33/apache-33.pom
Progress (1): 741 B
Progress (1): 1.6 kB
Progress (1): 3.4 kB
Progress (1): 5.2 kB
Progress (1): 7.2 kB
Progress (1): 13 kB 
Progress (1): 17 kB
Progress (1): 19 kB
Progress (1): 22 kB
Progress (1): 24 kB
                   
Downloaded from central: https://repo.maven.apache.org/maven2/org/apache/apache/33/apache-33.pom (24 kB at 109 kB/s)
Downloading from central: https://repo.maven.apache.org/maven2/org/junit/junit-bom/5.10.3/junit-bom-5.10.3.pom
Progress (1): 908 B
Progress (1): 2.2 kB
Progress (1): 5.6 kB
                    
Downloaded from central: https://repo.maven.apache.org/maven2/org/junit/junit-bom/5.10.3/junit-bom-5.10.3.pom (5.6 kB at 25 kB/s)
Downloading from central: https://repo.maven.apache.org/maven2/org/apache/maven/plugins/maven-install-plugin/3.1.3/maven-install-plugin-3.1.3.jar
Progress (1): 0.9/33 kB
Progress (1): 2.3/33 kB
Progress (1): 3.6/33 kB
Progress (1): 5.0/33 kB
Progress (1): 6.4/33 kB
Progress (1): 7.7/33 kB
Progress (1): 9.1/33 kB
Progress (1): 10/33 kB 
Progress (1): 12/33 kB
Progress (1): 13/33 kB
Progress (1): 15/33 kB
Progress (1): 16/33 kB
Progress (1): 17/33 kB
Progress (1): 19/33 kB
Progress (1): 20/33 kB
Progress (1): 21/33 kB
Progress (1): 23/33 kB
Progress (1): 24/33 kB
Progress (1): 25/33 kB
Progress (1): 30/33 kB
Progress (1): 33 kB   
                   
Downloaded from central: https://repo.maven.apache.org/maven2/org/apache/maven/plugins/maven-install-plugin/3.1.3/maven-install-plugin-3.1.3.jar (33 kB at 137 kB/s)
[INFO] 
[INFO] ----------------------< org.assertj:assertj-core >----------------------
[INFO] Building AssertJ fluent assertions 3.18.1
[INFO]   from pom.xml
[INFO] --------------------------------[ jar ]---------------------------------
[INFO] 
[INFO] --- install:3.1.3:install-file (default-cli) @ assertj-core ---
Downloading from central: https://repo.maven.apache.org/maven2/org/apache/maven/resolver/maven-resolver-util/1.9.18/maven-resolver-util-1.9.18.pom
Progress (1): 830 B
Progress (1): 2.7 kB
Progress (1): 2.9 kB
                    
Downloaded from central: https://repo.maven.apache.org/maven2/org/apache/maven/resolver/maven-resolver-util/1.9.18/maven-resolver-util-1.9.18.pom (2.9 kB at 13 kB/s)
Downloading from central: https://repo.maven.apache.org/maven2/org/apache/maven/resolver/maven-resolver/1.9.18/maven-resolver-1.9.18.pom
Progress (1): 827 B
Progress (1): 2.6 kB
Progress (1): 3.9 kB
Progress (1): 9.1 kB
Progress (1): 12 kB 
Progress (1): 17 kB
Progress (1): 20 kB
Progress (1): 21 kB
Progress (1): 22 kB
                   
Downloaded from central: https://repo.maven.apache.org/maven2/org/apache/maven/resolver/maven-resolver/1.9.18/maven-resolver-1.9.18.pom (22 kB at 104 kB/s)
Downloading from central: https://repo.maven.apache.org/maven2/org/apache/maven/resolver/maven-resolver-api/1.9.18/maven-resolver-api-1.9.18.pom
Progress (1): 831 B
Progress (1): 2.6 kB
Progress (1): 2.7 kB
                    
Downloaded from central: https://repo.maven.apache.org/maven2/org/apache/maven/resolver/maven-resolver-api/1.9.18/maven-resolver-api-1.9.18.pom (2.7 kB at 12 kB/s)
Downloading from central: https://repo.maven.apache.org/maven2/org/codehaus/plexus/plexus-xml/3.0.1/plexus-xml-3.0.1.pom
Progress (1): 814 B
Progress (1): 2.6 kB
Progress (1): 3.7 kB
                    
Downloaded from central: https://repo.maven.apache.org/maven2/org/codehaus/plexus/plexus-xml/3.0.1/plexus-xml-3.0.1.pom (3.7 kB at 14 kB/s)
Downloading from central: https://repo.maven.apache.org/maven2/org/codehaus/plexus/plexus/18/plexus-18.pom
Progress (1): 792 B
Progress (1): 2.8 kB
Progress (1): 6.8 kB
Progress (1): 8.8 kB
Progress (1): 10 kB 
Progress (1): 14 kB
Progress (1): 17 kB
Progress (1): 19 kB
Progress (1): 22 kB
Progress (1): 26 kB
Progress (1): 29 kB
                   
Downloaded from central: https://repo.maven.apache.org/maven2/org/codehaus/plexus/plexus/18/plexus-18.pom (29 kB at 118 kB/s)
Downloading from central: https://repo.maven.apache.org/maven2/org/apache/maven/resolver/maven-resolver-util/1.9.18/maven-resolver-util-1.9.18.jar
Progress (1): 3.8/196 kB
Progress (1): 8.0/196 kB
Progress (1): 12/196 kB 
Progress (1): 16/196 kB
Progress (1): 21/196 kB
Progress (1): 25/196 kB
Progress (1): 29/196 kB
Progress (1): 33/196 kB
Progress (1): 38/196 kB
Progress (1): 42/196 kB
Progress (1): 46/196 kB
Progress (1): 50/196 kB
Progress (1): 54/196 kB
Progress (1): 59/196 kB
Progress (1): 63/196 kB
Progress (1): 67/196 kB
Progress (1): 71/196 kB
Progress (1): 76/196 kB
Progress (1): 80/196 kB
Progress (1): 84/196 kB
Progress (1): 88/196 kB
Progress (1): 93/196 kB
Progress (1): 97/196 kB
Progress (1): 101/196 kB
Progress (1): 105/196 kB
Progress (1): 109/196 kB
Progress (1): 122/196 kB
Progress (1): 139/196 kB
Progress (1): 155/196 kB
Progress (1): 172/196 kB
Progress (1): 188/196 kB
Progress (1): 196 kB    
                    
Downloaded from central: https://repo.maven.apache.org/maven2/org/apache/maven/resolver/maven-resolver-util/1.9.18/maven-resolver-util-1.9.18.jar (196 kB at 401 kB/s)
Downloading from central: https://repo.maven.apache.org/maven2/org/apache/maven/resolver/maven-resolver-api/1.9.18/maven-resolver-api-1.9.18.jar
Downloading from central: https://repo.maven.apache.org/maven2/org/codehaus/plexus/plexus-xml/3.0.1/plexus-xml-3.0.1.jar
Progress (1): 3.2/157 kB
Progress (1): 20/157 kB 
Progress (1): 36/157 kB
Progress (1): 52/157 kB
Progress (1): 61/157 kB
Progress (1): 77/157 kB
Progress (1): 93/157 kB
Progress (1): 110/157 kB
Progress (1): 126/157 kB
Progress (1): 142/157 kB
Progress (1): 157 kB    
                    
Downloaded from central: https://repo.maven.apache.org/maven2/org/apache/maven/resolver/maven-resolver-api/1.9.18/maven-resolver-api-1.9.18.jar (157 kB at 500 kB/s)
Progress (1): 1.4/94 kB
Progress (1): 2.7/94 kB
Progress (1): 4.1/94 kB
Progress (1): 5.5/94 kB
Progress (1): 6.8/94 kB
Progress (1): 8.2/94 kB
Progress (1): 9.6/94 kB
Progress (1): 11/94 kB 
Progress (1): 12/94 kB
Progress (1): 14/94 kB
Progress (1): 15/94 kB
Progress (1): 16/94 kB
Progress (1): 18/94 kB
Progress (1): 19/94 kB
Progress (1): 21/94 kB
Progress (1): 22/94 kB
Progress (1): 23/94 kB
Progress (1): 25/94 kB
Progress (1): 26/94 kB
Progress (1): 27/94 kB
Progress (1): 29/94 kB
Progress (1): 30/94 kB
Progress (1): 31/94 kB
Progress (1): 33/94 kB
Progress (1): 34/94 kB
Progress (1): 36/94 kB
Progress (1): 37/94 kB
Progress (1): 38/94 kB
Progress (1): 40/94 kB
Progress (1): 41/94 kB
Progress (1): 42/94 kB
Progress (1): 44/94 kB
Progress (1): 45/94 kB
Progress (1): 46/94 kB
Progress (1): 48/94 kB
Progress (1): 49/94 kB
Progress (1): 51/94 kB
Progress (1): 52/94 kB
Progress (1): 53/94 kB
Progress (1): 55/94 kB
Progress (1): 59/94 kB
Progress (1): 63/94 kB
Progress (1): 67/94 kB
Progress (1): 72/94 kB
Progress (1): 76/94 kB
Progress (1): 80/94 kB
Progress (1): 82/94 kB
Progress (1): 86/94 kB
Progress (1): 90/94 kB
Progress (1): 94 kB   
                   
Downloaded from central: https://repo.maven.apache.org/maven2/org/codehaus/plexus/plexus-xml/3.0.1/plexus-xml-3.0.1.jar (94 kB at 124 kB/s)
[INFO] Installing /home/zhihao/hdd/marshal/benchmarks/cross-repo-pr-impact/results/single-case-pipeline-assertj-brave-v3-2026-08-27/replay-work/formal-github-assertj-comparisonfailure--target-brave-1385/source-a1/target/assertj-core-3.18.1.jar to /home/zhihao/hdd/marshal/benchmarks/cross-repo-pr-impact/results/single-case-pipeline-assertj-brave-v3-2026-08-27/replay-work/formal-github-assertj-comparisonfailure--target-brave-1385/m2-a1/org/assertj/assertj-core/3.18.1/assertj-core-3.18.1.jar
[INFO] Installing /home/zhihao/hdd/marshal/benchmarks/cross-repo-pr-impact/results/single-case-pipeline-assertj-brave-v3-2026-08-27/replay-work/formal-github-assertj-comparisonfailure--target-brave-1385/source-a1/pom.xml to /home/zhihao/hdd/marshal/benchmarks/cross-repo-pr-impact/results/single-case-pipeline-assertj-brave-v3-2026-08-27/replay-work/formal-github-assertj-comparisonfailure--target-brave-1385/m2-a1/org/assertj/assertj-core/3.18.1/assertj-core-3.18.1.pom
[INFO] ------------------------------------------------------------------------
[INFO] BUILD SUCCESS
[INFO] ------------------------------------------------------------------------
[INFO] Total time:  5.610 s
[INFO] Finished at: 2026-08-27T06:14:56+08:00
[INFO] ------------------------------------------------------------------------
