[INFO] Scanning for projects...
Downloading from central: https://repo.maven.apache.org/maven2/org/sonatype/plugins/nexus-staging-maven-plugin/1.6.8/nexus-staging-maven-plugin-1.6.8.pom
Progress (1): 1.3 kB
Progress (1): 3.7 kB
Progress (1): 10 kB 
Progress (1): 12 kB
                   
Downloaded from central: https://repo.maven.apache.org/maven2/org/sonatype/plugins/nexus-staging-maven-plugin/1.6.8/nexus-staging-maven-plugin-1.6.8.pom (12 kB at 15 kB/s)
Downloading from central: https://repo.maven.apache.org/maven2/org/sonatype/nexus/maven/nexus-staging/1.6.8/nexus-staging-1.6.8.pom
Progress (1): 911 B
Progress (1): 2.8 kB
                    
Downloaded from central: https://repo.maven.apache.org/maven2/org/sonatype/nexus/maven/nexus-staging/1.6.8/nexus-staging-1.6.8.pom (2.8 kB at 13 kB/s)
Downloading from central: https://repo.maven.apache.org/maven2/org/sonatype/nexus/maven/nexus-maven-plugins/1.6.8/nexus-maven-plugins-1.6.8.pom
Progress (1): 869 B
Progress (1): 2.0 kB
Progress (1): 4.4 kB
Progress (1): 8.7 kB
Progress (1): 11 kB 
Progress (1): 14 kB
Progress (1): 18 kB
                   
Downloaded from central: https://repo.maven.apache.org/maven2/org/sonatype/nexus/maven/nexus-maven-plugins/1.6.8/nexus-maven-plugins-1.6.8.pom (18 kB at 79 kB/s)
Downloading from central: https://repo.maven.apache.org/maven2/org/sonatype/buildsupport/public-parent/6/public-parent-6.pom
Progress (1): 760 B
                   
Downloaded from central: https://repo.maven.apache.org/maven2/org/sonatype/buildsupport/public-parent/6/public-parent-6.pom (760 B at 3.5 kB/s)
Downloading from central: https://repo.maven.apache.org/maven2/org/sonatype/buildsupport/buildsupport/6/buildsupport-6.pom
Progress (1): 1.1 kB
Progress (1): 2.4 kB
Progress (1): 4.5 kB
Progress (1): 9.3 kB
Progress (1): 12 kB 
Progress (1): 16 kB
Progress (1): 18 kB
Progress (1): 21 kB
Progress (1): 23 kB
                   
Downloaded from central: https://repo.maven.apache.org/maven2/org/sonatype/buildsupport/buildsupport/6/buildsupport-6.pom (23 kB at 106 kB/s)
Downloading from central: https://repo.maven.apache.org/maven2/org/sonatype/nexus/maven/nexus-common/1.6.8/nexus-common-1.6.8.pom
Progress (1): 928 B
Progress (1): 2.2 kB
                    
Downloaded from central: https://repo.maven.apache.org/maven2/org/sonatype/nexus/maven/nexus-common/1.6.8/nexus-common-1.6.8.pom (2.2 kB at 11 kB/s)
Downloading from central: https://repo.maven.apache.org/maven2/org/sonatype/plexus/plexus-sec-dispatcher/1.4/plexus-sec-dispatcher-1.4.pom
Progress (1): 1.3 kB
Progress (1): 3.0 kB
                    
Downloaded from central: https://repo.maven.apache.org/maven2/org/sonatype/plexus/plexus-sec-dispatcher/1.4/plexus-sec-dispatcher-1.4.pom (3.0 kB at 13 kB/s)
Downloading from central: https://repo.maven.apache.org/maven2/org/sonatype/plexus/plexus-cipher/1.7/plexus-cipher-1.7.pom
Progress (1): 1.2 kB
Progress (1): 3.7 kB
Progress (1): 4.2 kB
                    
Downloaded from central: https://repo.maven.apache.org/maven2/org/sonatype/plexus/plexus-cipher/1.7/plexus-cipher-1.7.pom (4.2 kB at 19 kB/s)
Downloading from central: https://repo.maven.apache.org/maven2/com/google/guava/guava/14.0.1/guava-14.0.1.pom
Progress (1): 996 B
Progress (1): 3.0 kB
Progress (1): 5.4 kB
                    
Downloaded from central: https://repo.maven.apache.org/maven2/com/google/guava/guava/14.0.1/guava-14.0.1.pom (5.4 kB at 24 kB/s)
Downloading from central: https://repo.maven.apache.org/maven2/com/google/guava/guava-parent/14.0.1/guava-parent-14.0.1.pom
Progress (1): 1.1 kB
Progress (1): 2.5 kB
Progress (1): 2.6 kB
                    
Downloaded from central: https://repo.maven.apache.org/maven2/com/google/guava/guava-parent/14.0.1/guava-parent-14.0.1.pom (2.6 kB at 12 kB/s)
Downloading from central: https://repo.maven.apache.org/maven2/org/sonatype/nexus/nexus-client-core/2.14.3-02/nexus-client-core-2.14.3-02.pom
Progress (1): 907 B
Progress (1): 2.1 kB
Progress (1): 4.9 kB
Progress (1): 4.9 kB
                    
Downloaded from central: https://repo.maven.apache.org/maven2/org/sonatype/nexus/nexus-client-core/2.14.3-02/nexus-client-core-2.14.3-02.pom (4.9 kB at 23 kB/s)
Downloading from central: https://repo.maven.apache.org/maven2/org/sonatype/nexus/nexus-components/2.14.3-02/nexus-components-2.14.3-02.pom
Progress (1): 985 B
Progress (1): 2.4 kB
Progress (1): 2.6 kB
                    
Downloaded from central: https://repo.maven.apache.org/maven2/org/sonatype/nexus/nexus-components/2.14.3-02/nexus-components-2.14.3-02.pom (2.6 kB at 12 kB/s)
Downloading from central: https://repo.maven.apache.org/maven2/org/sonatype/nexus/nexus-parent/2.14.3-02/nexus-parent-2.14.3-02.pom
Progress (1): 850 B
Progress (1): 1.9 kB
Progress (1): 3.6 kB
Progress (1): 5.2 kB
Progress (1): 9.9 kB
Progress (1): 13 kB 
Progress (1): 16 kB
Progress (1): 19 kB
Progress (1): 22 kB
Progress (1): 25 kB
Progress (1): 28 kB
Progress (1): 30 kB
Progress (1): 36 kB
Progress (1): 38 kB
                   
Downloaded from central: https://repo.maven.apache.org/maven2/org/sonatype/nexus/nexus-parent/2.14.3-02/nexus-parent-2.14.3-02.pom (38 kB at 146 kB/s)
Downloading from central: https://repo.maven.apache.org/maven2/org/sonatype/buildsupport/public-parent/9/public-parent-9.pom
Progress (1): 760 B
                   
Downloaded from central: https://repo.maven.apache.org/maven2/org/sonatype/buildsupport/public-parent/9/public-parent-9.pom (760 B at 3.2 kB/s)
Downloading from central: https://repo.maven.apache.org/maven2/org/sonatype/buildsupport/buildsupport/9/buildsupport-9.pom
Progress (1): 1.1 kB
Progress (1): 2.8 kB
Progress (1): 5.1 kB
Progress (1): 9.6 kB
Progress (1): 14 kB 
Progress (1): 17 kB
Progress (1): 20 kB
Progress (1): 21 kB
Progress (1): 24 kB
                   
Downloaded from central: https://repo.maven.apache.org/maven2/org/sonatype/buildsupport/buildsupport/9/buildsupport-9.pom (24 kB at 105 kB/s)
Downloading from central: https://repo.maven.apache.org/maven2/org/sonatype/nexus/buildsupport/nexus-buildsupport-all/2.14.3-02/nexus-buildsupport-all-2.14.3-02.pom
Progress (1): 955 B
Progress (1): 6.5 kB
                    
Downloaded from central: https://repo.maven.apache.org/maven2/org/sonatype/nexus/buildsupport/nexus-buildsupport-all/2.14.3-02/nexus-buildsupport-all-2.14.3-02.pom (6.5 kB at 30 kB/s)
Downloading from central: https://repo.maven.apache.org/maven2/org/sonatype/nexus/buildsupport/nexus-buildsupport/2.14.3-02/nexus-buildsupport-2.14.3-02.pom
Progress (1): 990 B
Progress (1): 2.2 kB
                    
Downloaded from central: https://repo.maven.apache.org/maven2/org/sonatype/nexus/buildsupport/nexus-buildsupport/2.14.3-02/nexus-buildsupport-2.14.3-02.pom (2.2 kB at 9.9 kB/s)
Downloading from rso-public-grid: https://repository.sonatype.org/content/groups/sonatype-public-grid/org/sonatype/nexus/buildsupport/nexus-buildsupport-commons/2.14.3-02/nexus-buildsupport-commons-2.14.3-02.pom
Downloading from central: https://repo.maven.apache.org/maven2/org/sonatype/nexus/buildsupport/nexus-buildsupport-commons/2.14.3-02/nexus-buildsupport-commons-2.14.3-02.pom
Progress (1): 955 B
Progress (1): 3.1 kB
                    
Downloaded from central: https://repo.maven.apache.org/maven2/org/sonatype/nexus/buildsupport/nexus-buildsupport-commons/2.14.3-02/nexus-buildsupport-commons-2.14.3-02.pom (3.1 kB at 11 kB/s)
Downloading from rso-public-grid: https://repository.sonatype.org/content/groups/sonatype-public-grid/org/sonatype/nexus/buildsupport/nexus-buildsupport-db/2.14.3-02/nexus-buildsupport-db-2.14.3-02.pom
Downloading from central: https://repo.maven.apache.org/maven2/org/sonatype/nexus/buildsupport/nexus-buildsupport-db/2.14.3-02/nexus-buildsupport-db-2.14.3-02.pom
Progress (1): 956 B
Progress (1): 3.2 kB
                    
Downloaded from central: https://repo.maven.apache.org/maven2/org/sonatype/nexus/buildsupport/nexus-buildsupport-db/2.14.3-02/nexus-buildsupport-db-2.14.3-02.pom (3.2 kB at 15 kB/s)
Downloading from rso-public-grid: https://repository.sonatype.org/content/groups/sonatype-public-grid/org/sonatype/nexus/buildsupport/nexus-buildsupport-gwt/2.14.3-02/nexus-buildsupport-gwt-2.14.3-02.pom
Downloading from central: https://repo.maven.apache.org/maven2/org/sonatype/nexus/buildsupport/nexus-buildsupport-gwt/2.14.3-02/nexus-buildsupport-gwt-2.14.3-02.pom
Progress (1): 986 B
Progress (1): 2.2 kB
                    
Downloaded from central: https://repo.maven.apache.org/maven2/org/sonatype/nexus/buildsupport/nexus-buildsupport-gwt/2.14.3-02/nexus-buildsupport-gwt-2.14.3-02.pom (2.2 kB at 9.2 kB/s)
Downloading from rso-public-grid: https://repository.sonatype.org/content/groups/sonatype-public-grid/org/sonatype/nexus/buildsupport/nexus-buildsupport-httpclient/2.14.3-02/nexus-buildsupport-httpclient-2.14.3-02.pom
Downloading from central: https://repo.maven.apache.org/maven2/org/sonatype/nexus/buildsupport/nexus-buildsupport-httpclient/2.14.3-02/nexus-buildsupport-httpclient-2.14.3-02.pom
Progress (1): 989 B
Progress (1): 2.1 kB
                    
Downloaded from central: https://repo.maven.apache.org/maven2/org/sonatype/nexus/buildsupport/nexus-buildsupport-httpclient/2.14.3-02/nexus-buildsupport-httpclient-2.14.3-02.pom (2.1 kB at 8.7 kB/s)
Downloading from rso-public-grid: https://repository.sonatype.org/content/groups/sonatype-public-grid/org/sonatype/nexus/buildsupport/nexus-buildsupport-insight/2.14.3-02/nexus-buildsupport-insight-2.14.3-02.pom
Downloading from central: https://repo.maven.apache.org/maven2/org/sonatype/nexus/buildsupport/nexus-buildsupport-insight/2.14.3-02/nexus-buildsupport-insight-2.14.3-02.pom
Progress (1): 920 B
Progress (1): 4.1 kB
Progress (1): 4.4 kB
                    
Downloaded from central: https://repo.maven.apache.org/maven2/org/sonatype/nexus/buildsupport/nexus-buildsupport-insight/2.14.3-02/nexus-buildsupport-insight-2.14.3-02.pom (4.4 kB at 19 kB/s)
Downloading from rso-public-grid: https://repository.sonatype.org/content/groups/sonatype-public-grid/org/sonatype/nexus/buildsupport/nexus-buildsupport-maven/2.14.3-02/nexus-buildsupport-maven-2.14.3-02.pom
Downloading from central: https://repo.maven.apache.org/maven2/org/sonatype/nexus/buildsupport/nexus-buildsupport-maven/2.14.3-02/nexus-buildsupport-maven-2.14.3-02.pom
Progress (1): 915 B
Progress (1): 4.9 kB
Progress (1): 7.1 kB
                    
Downloaded from central: https://repo.maven.apache.org/maven2/org/sonatype/nexus/buildsupport/nexus-buildsupport-maven/2.14.3-02/nexus-buildsupport-maven-2.14.3-02.pom (7.1 kB at 28 kB/s)
Downloading from rso-public-grid: https://repository.sonatype.org/content/groups/sonatype-public-grid/org/sonatype/nexus/buildsupport/nexus-buildsupport-messaging/2.14.3-02/nexus-buildsupport-messaging-2.14.3-02.pom
Downloading from central: https://repo.maven.apache.org/maven2/org/sonatype/nexus/buildsupport/nexus-buildsupport-messaging/2.14.3-02/nexus-buildsupport-messaging-2.14.3-02.pom
Progress (1): 920 B
Progress (1): 3.2 kB
Progress (1): 5.0 kB
                    
Downloaded from central: https://repo.maven.apache.org/maven2/org/sonatype/nexus/buildsupport/nexus-buildsupport-messaging/2.14.3-02/nexus-buildsupport-messaging-2.14.3-02.pom (5.0 kB at 17 kB/s)
Downloading from rso-public-grid: https://repository.sonatype.org/content/groups/sonatype-public-grid/org/sonatype/nexus/buildsupport/nexus-buildsupport-shiro/2.14.3-02/nexus-buildsupport-shiro-2.14.3-02.pom
Downloading from central: https://repo.maven.apache.org/maven2/org/sonatype/nexus/buildsupport/nexus-buildsupport-shiro/2.14.3-02/nexus-buildsupport-shiro-2.14.3-02.pom
Progress (1): 956 B
Progress (1): 3.4 kB
                    
Downloaded from central: https://repo.maven.apache.org/maven2/org/sonatype/nexus/buildsupport/nexus-buildsupport-shiro/2.14.3-02/nexus-buildsupport-shiro-2.14.3-02.pom (3.4 kB at 15 kB/s)
Downloading from rso-public-grid: https://repository.sonatype.org/content/groups/sonatype-public-grid/org/sonatype/nexus/buildsupport/nexus-buildsupport-bouncycastle/2.14.3-02/nexus-buildsupport-bouncycastle-2.14.3-02.pom
Downloading from central: https://repo.maven.apache.org/maven2/org/sonatype/nexus/buildsupport/nexus-buildsupport-bouncycastle/2.14.3-02/nexus-buildsupport-bouncycastle-2.14.3-02.pom
Progress (1): 989 B
Progress (1): 2.1 kB
                    
Downloaded from central: https://repo.maven.apache.org/maven2/org/sonatype/nexus/buildsupport/nexus-buildsupport-bouncycastle/2.14.3-02/nexus-buildsupport-bouncycastle-2.14.3-02.pom (2.1 kB at 9.5 kB/s)
Downloading from rso-public-grid: https://repository.sonatype.org/content/groups/sonatype-public-grid/org/sonatype/nexus/buildsupport/nexus-buildsupport-jetty/2.14.3-02/nexus-buildsupport-jetty-2.14.3-02.pom
Downloading from central: https://repo.maven.apache.org/maven2/org/sonatype/nexus/buildsupport/nexus-buildsupport-jetty/2.14.3-02/nexus-buildsupport-jetty-2.14.3-02.pom
Progress (1): 980 B
Progress (1): 4.5 kB
                    
Downloaded from central: https://repo.maven.apache.org/maven2/org/sonatype/nexus/buildsupport/nexus-buildsupport-jetty/2.14.3-02/nexus-buildsupport-jetty-2.14.3-02.pom (4.5 kB at 20 kB/s)
Downloading from rso-public-grid: https://repository.sonatype.org/content/groups/sonatype-public-grid/org/sonatype/nexus/buildsupport/nexus-buildsupport-goodies/2.14.3-02/nexus-buildsupport-goodies-2.14.3-02.pom
Downloading from central: https://repo.maven.apache.org/maven2/org/sonatype/nexus/buildsupport/nexus-buildsupport-goodies/2.14.3-02/nexus-buildsupport-goodies-2.14.3-02.pom
Progress (1): 989 B
Progress (1): 3.6 kB
                    
Downloaded from central: https://repo.maven.apache.org/maven2/org/sonatype/nexus/buildsupport/nexus-buildsupport-goodies/2.14.3-02/nexus-buildsupport-goodies-2.14.3-02.pom (3.6 kB at 16 kB/s)
Downloading from rso-public-grid: https://repository.sonatype.org/content/groups/sonatype-public-grid/org/sonatype/nexus/buildsupport/nexus-buildsupport-groovy/2.14.3-02/nexus-buildsupport-groovy-2.14.3-02.pom
Downloading from central: https://repo.maven.apache.org/maven2/org/sonatype/nexus/buildsupport/nexus-buildsupport-groovy/2.14.3-02/nexus-buildsupport-groovy-2.14.3-02.pom
Progress (1): 980 B
Progress (1): 3.1 kB
Progress (1): 3.1 kB
                    
Downloaded from central: https://repo.maven.apache.org/maven2/org/sonatype/nexus/buildsupport/nexus-buildsupport-groovy/2.14.3-02/nexus-buildsupport-groovy-2.14.3-02.pom (3.1 kB at 13 kB/s)
Downloading from rso-public-grid: https://repository.sonatype.org/content/groups/sonatype-public-grid/org/sonatype/nexus/buildsupport/nexus-buildsupport-guice/2.14.3-02/nexus-buildsupport-guice-2.14.3-02.pom
Downloading from central: https://repo.maven.apache.org/maven2/org/sonatype/nexus/buildsupport/nexus-buildsupport-guice/2.14.3-02/nexus-buildsupport-guice-2.14.3-02.pom
Progress (1): 956 B
Progress (1): 3.7 kB
                    
Downloaded from central: https://repo.maven.apache.org/maven2/org/sonatype/nexus/buildsupport/nexus-buildsupport-guice/2.14.3-02/nexus-buildsupport-guice-2.14.3-02.pom (3.7 kB at 17 kB/s)
Downloading from rso-public-grid: https://repository.sonatype.org/content/groups/sonatype-public-grid/org/sonatype/nexus/buildsupport/nexus-buildsupport-logging/2.14.3-02/nexus-buildsupport-logging-2.14.3-02.pom
Downloading from central: https://repo.maven.apache.org/maven2/org/sonatype/nexus/buildsupport/nexus-buildsupport-logging/2.14.3-02/nexus-buildsupport-logging-2.14.3-02.pom
Progress (1): 956 B
Progress (1): 3.3 kB
                    
Downloaded from central: https://repo.maven.apache.org/maven2/org/sonatype/nexus/buildsupport/nexus-buildsupport-logging/2.14.3-02/nexus-buildsupport-logging-2.14.3-02.pom (3.3 kB at 14 kB/s)
Downloading from rso-public-grid: https://repository.sonatype.org/content/groups/sonatype-public-grid/org/sonatype/nexus/buildsupport/nexus-buildsupport-osgi/2.14.3-02/nexus-buildsupport-osgi-2.14.3-02.pom
Downloading from central: https://repo.maven.apache.org/maven2/org/sonatype/nexus/buildsupport/nexus-buildsupport-osgi/2.14.3-02/nexus-buildsupport-osgi-2.14.3-02.pom
Progress (1): 992 B
Progress (1): 2.0 kB
                    
Downloaded from central: https://repo.maven.apache.org/maven2/org/sonatype/nexus/buildsupport/nexus-buildsupport-osgi/2.14.3-02/nexus-buildsupport-osgi-2.14.3-02.pom (2.0 kB at 9.3 kB/s)
Downloading from rso-public-grid: https://repository.sonatype.org/content/groups/sonatype-public-grid/org/sonatype/nexus/buildsupport/nexus-buildsupport-other/2.14.3-02/nexus-buildsupport-other-2.14.3-02.pom
Downloading from central: https://repo.maven.apache.org/maven2/org/sonatype/nexus/buildsupport/nexus-buildsupport-other/2.14.3-02/nexus-buildsupport-other-2.14.3-02.pom
Progress (1): 907 B
Progress (1): 3.8 kB
Progress (1): 7.0 kB
                    
Downloaded from central: https://repo.maven.apache.org/maven2/org/sonatype/nexus/buildsupport/nexus-buildsupport-other/2.14.3-02/nexus-buildsupport-other-2.14.3-02.pom (7.0 kB at 29 kB/s)
Downloading from rso-public-grid: https://repository.sonatype.org/content/groups/sonatype-public-grid/org/sonatype/nexus/buildsupport/nexus-buildsupport-plexus/2.14.3-02/nexus-buildsupport-plexus-2.14.3-02.pom
Downloading from central: https://repo.maven.apache.org/maven2/org/sonatype/nexus/buildsupport/nexus-buildsupport-plexus/2.14.3-02/nexus-buildsupport-plexus-2.14.3-02.pom
Progress (1): 920 B
Progress (1): 4.3 kB
Progress (1): 4.5 kB
                    
Downloaded from central: https://repo.maven.apache.org/maven2/org/sonatype/nexus/buildsupport/nexus-buildsupport-plexus/2.14.3-02/nexus-buildsupport-plexus-2.14.3-02.pom (4.5 kB at 19 kB/s)
Downloading from rso-public-grid: https://repository.sonatype.org/content/groups/sonatype-public-grid/org/sonatype/nexus/buildsupport/nexus-buildsupport-rest/2.14.3-02/nexus-buildsupport-rest-2.14.3-02.pom
Downloading from central: https://repo.maven.apache.org/maven2/org/sonatype/nexus/buildsupport/nexus-buildsupport-rest/2.14.3-02/nexus-buildsupport-rest-2.14.3-02.pom
Progress (1): 915 B
Progress (1): 4.7 kB
Progress (1): 5.1 kB
                    
Downloaded from central: https://repo.maven.apache.org/maven2/org/sonatype/nexus/buildsupport/nexus-buildsupport-rest/2.14.3-02/nexus-buildsupport-rest-2.14.3-02.pom (5.1 kB at 18 kB/s)
Downloading from rso-public-grid: https://repository.sonatype.org/content/groups/sonatype-public-grid/org/sonatype/nexus/buildsupport/nexus-buildsupport-testing/2.14.3-02/nexus-buildsupport-testing-2.14.3-02.pom
Downloading from central: https://repo.maven.apache.org/maven2/org/sonatype/nexus/buildsupport/nexus-buildsupport-testing/2.14.3-02/nexus-buildsupport-testing-2.14.3-02.pom
Progress (1): 920 B
Progress (1): 3.8 kB
Progress (1): 5.0 kB
                    
Downloaded from central: https://repo.maven.apache.org/maven2/org/sonatype/nexus/buildsupport/nexus-buildsupport-testing/2.14.3-02/nexus-buildsupport-testing-2.14.3-02.pom (5.0 kB at 21 kB/s)
Downloading from rso-public-grid: https://repository.sonatype.org/content/groups/sonatype-public-grid/org/sonatype/nexus/buildsupport/nexus-buildsupport-metrics/2.14.3-02/nexus-buildsupport-metrics-2.14.3-02.pom
Downloading from central: https://repo.maven.apache.org/maven2/org/sonatype/nexus/buildsupport/nexus-buildsupport-metrics/2.14.3-02/nexus-buildsupport-metrics-2.14.3-02.pom
Progress (1): 991 B
Progress (1): 3.0 kB
                    
Downloaded from central: https://repo.maven.apache.org/maven2/org/sonatype/nexus/buildsupport/nexus-buildsupport-metrics/2.14.3-02/nexus-buildsupport-metrics-2.14.3-02.pom (3.0 kB at 14 kB/s)
Downloading from central: https://repo.maven.apache.org/maven2/org/sonatype/nexus/plugins/nexus-restlet1x-model/2.14.3-02/nexus-restlet1x-model-2.14.3-02.pom
Progress (1): 920 B
Progress (1): 3.0 kB
Progress (1): 3.5 kB
                    
Downloaded from central: https://repo.maven.apache.org/maven2/org/sonatype/nexus/plugins/nexus-restlet1x-model/2.14.3-02/nexus-restlet1x-model-2.14.3-02.pom (3.5 kB at 16 kB/s)
Downloading from central: https://repo.maven.apache.org/maven2/org/sonatype/nexus/plugins/nexus-plugins-restlet1x/2.14.3-02/nexus-plugins-restlet1x-2.14.3-02.pom
Progress (1): 915 B
Progress (1): 3.8 kB
Progress (1): 6.0 kB
                    
Downloaded from central: https://repo.maven.apache.org/maven2/org/sonatype/nexus/plugins/nexus-plugins-restlet1x/2.14.3-02/nexus-plugins-restlet1x-2.14.3-02.pom (6.0 kB at 26 kB/s)
Downloading from central: https://repo.maven.apache.org/maven2/org/sonatype/nexus/plugins/nexus-plugins/2.14.3-02/nexus-plugins-2.14.3-02.pom
Progress (1): 869 B
Progress (1): 2.5 kB
Progress (1): 8.5 kB
Progress (1): 23 kB 
Progress (1): 27 kB
Progress (1): 29 kB
Progress (1): 32 kB
                   
Downloaded from central: https://repo.maven.apache.org/maven2/org/sonatype/nexus/plugins/nexus-plugins/2.14.3-02/nexus-plugins-2.14.3-02.pom (32 kB at 149 kB/s)
Downloading from central: https://repo.maven.apache.org/maven2/org/apache/maven/maven-model/3.0.4/maven-model-3.0.4.pom
Progress (1): 811 B
Progress (1): 2.6 kB
Progress (1): 3.8 kB
                    
Downloaded from central: https://repo.maven.apache.org/maven2/org/apache/maven/maven-model/3.0.4/maven-model-3.0.4.pom (3.8 kB at 16 kB/s)
Downloading from central: https://repo.maven.apache.org/maven2/org/slf4j/slf4j-api/1.7.7/slf4j-api-1.7.7.pom
Progress (1): 1.4 kB
Progress (1): 2.7 kB
                    
Downloaded from central: https://repo.maven.apache.org/maven2/org/slf4j/slf4j-api/1.7.7/slf4j-api-1.7.7.pom (2.7 kB at 11 kB/s)
Downloading from central: https://repo.maven.apache.org/maven2/org/slf4j/slf4j-parent/1.7.7/slf4j-parent-1.7.7.pom
Progress (1): 1.1 kB
Progress (1): 3.6 kB
Progress (1): 6.5 kB
Progress (1): 9.3 kB
Progress (1): 12 kB 
                   
Downloaded from central: https://repo.maven.apache.org/maven2/org/slf4j/slf4j-parent/1.7.7/slf4j-parent-1.7.7.pom (12 kB at 51 kB/s)
Downloading from central: https://repo.maven.apache.org/maven2/com/google/code/findbugs/jsr305/2.0.1/jsr305-2.0.1.pom
Progress (1): 965 B
                   
Downloaded from central: https://repo.maven.apache.org/maven2/com/google/code/findbugs/jsr305/2.0.1/jsr305-2.0.1.pom (965 B at 4.5 kB/s)
Downloading from central: https://repo.maven.apache.org/maven2/com/intellij/annotations/9.0.4/annotations-9.0.4.pom
Progress (1): 1.2 kB
                    
Downloaded from central: https://repo.maven.apache.org/maven2/com/intellij/annotations/9.0.4/annotations-9.0.4.pom (1.2 kB at 4.7 kB/s)
Downloading from central: https://repo.maven.apache.org/maven2/commons-io/commons-io/2.4/commons-io-2.4.pom
Progress (1): 807 B
Progress (1): 2.1 kB
Progress (1): 5.6 kB
Progress (1): 8.0 kB
Progress (1): 10 kB 
                   
Downloaded from central: https://repo.maven.apache.org/maven2/commons-io/commons-io/2.4/commons-io-2.4.pom (10 kB at 46 kB/s)
Downloading from central: https://repo.maven.apache.org/maven2/org/apache/commons/commons-parent/25/commons-parent-25.pom
Progress (1): 718 B
Progress (1): 1.9 kB
Progress (1): 3.3 kB
Progress (1): 5.1 kB
Progress (1): 8.9 kB
Progress (1): 12 kB 
Progress (1): 16 kB
Progress (1): 19 kB
Progress (1): 21 kB
Progress (1): 24 kB
Progress (1): 29 kB
Progress (1): 36 kB
Progress (1): 38 kB
Progress (1): 41 kB
Progress (1): 43 kB
Progress (1): 43 kB
Progress (1): 46 kB
Progress (1): 48 kB
Progress (1): 48 kB
                   
Downloaded from central: https://repo.maven.apache.org/maven2/org/apache/commons/commons-parent/25/commons-parent-25.pom (48 kB at 198 kB/s)
Downloading from central: https://repo.maven.apache.org/maven2/org/apache/apache/9/apache-9.pom
Progress (1): 753 B
Progress (1): 2.0 kB
Progress (1): 3.7 kB
Progress (1): 7.1 kB
Progress (1): 11 kB 
Progress (1): 14 kB
Progress (1): 15 kB
                   
Downloaded from central: https://repo.maven.apache.org/maven2/org/apache/apache/9/apache-9.pom (15 kB at 66 kB/s)
Downloading from central: https://repo.maven.apache.org/maven2/com/thoughtworks/xstream/xstream/1.4.7/xstream-1.4.7.pom
Progress (1): 887 B
Progress (1): 4.4 kB
Progress (1): 7.7 kB
Progress (1): 11 kB 
                   
Downloaded from central: https://repo.maven.apache.org/maven2/com/thoughtworks/xstream/xstream/1.4.7/xstream-1.4.7.pom (11 kB at 45 kB/s)
Downloading from central: https://repo.maven.apache.org/maven2/com/thoughtworks/xstream/xstream-parent/1.4.7/xstream-parent-1.4.7.pom
Progress (1): 821 B
Progress (1): 2.5 kB
Progress (1): 6.6 kB
Progress (1): 12 kB 
Progress (1): 16 kB
Progress (1): 21 kB
Progress (1): 23 kB
Progress (1): 26 kB
Progress (1): 26 kB
                   
Downloaded from central: https://repo.maven.apache.org/maven2/com/thoughtworks/xstream/xstream-parent/1.4.7/xstream-parent-1.4.7.pom (26 kB at 113 kB/s)
Downloading from central: https://repo.maven.apache.org/maven2/org/codehaus/codehaus-parent/3/codehaus-parent-3.pom
Progress (1): 1.1 kB
Progress (1): 2.9 kB
Progress (1): 4.1 kB
                    
Downloaded from central: https://repo.maven.apache.org/maven2/org/codehaus/codehaus-parent/3/codehaus-parent-3.pom (4.1 kB at 16 kB/s)
Downloading from central: https://repo.maven.apache.org/maven2/xmlpull/xmlpull/1.1.3.1/xmlpull-1.1.3.1.pom
Progress (1): 386 B
                   
Downloaded from central: https://repo.maven.apache.org/maven2/xmlpull/xmlpull/1.1.3.1/xmlpull-1.1.3.1.pom (386 B at 1.6 kB/s)
Downloading from central: https://repo.maven.apache.org/maven2/xpp3/xpp3_min/1.1.4c/xpp3_min-1.1.4c.pom
Progress (1): 920 B
Progress (1): 1.6 kB
                    
Downloaded from central: https://repo.maven.apache.org/maven2/xpp3/xpp3_min/1.1.4c/xpp3_min-1.1.4c.pom (1.6 kB at 6.2 kB/s)
Downloading from central: https://repo.maven.apache.org/maven2/joda-time/joda-time/2.2/joda-time-2.2.pom
Progress (1): 1.1 kB
Progress (1): 3.8 kB
Progress (1): 6.0 kB
Progress (1): 8.7 kB
Progress (1): 13 kB 
Progress (1): 16 kB
Progress (1): 16 kB
                   
Downloaded from central: https://repo.maven.apache.org/maven2/joda-time/joda-time/2.2/joda-time-2.2.pom (16 kB at 76 kB/s)
Downloading from central: https://repo.maven.apache.org/maven2/commons-beanutils/commons-beanutils-core/1.8.3/commons-beanutils-core-1.8.3.pom
Progress (1): 868 B
Progress (1): 1.6 kB
                    
Downloaded from central: https://repo.maven.apache.org/maven2/commons-beanutils/commons-beanutils-core/1.8.3/commons-beanutils-core-1.8.3.pom (1.6 kB at 7.5 kB/s)
Downloading from central: https://repo.maven.apache.org/maven2/org/sonatype/sisu/siesta/siesta-client/1.7/siesta-client-1.7.pom
Progress (1): 875 B
Progress (1): 1.8 kB
                    
Downloaded from central: https://repo.maven.apache.org/maven2/org/sonatype/sisu/siesta/siesta-client/1.7/siesta-client-1.7.pom (1.8 kB at 8.4 kB/s)
Downloading from central: https://repo.maven.apache.org/maven2/org/sonatype/sisu/siesta/siesta/1.7/siesta-1.7.pom
Progress (1): 812 B
Progress (1): 2.9 kB
Progress (1): 7.7 kB
Progress (1): 11 kB 
Progress (1): 12 kB
                   
Downloaded from central: https://repo.maven.apache.org/maven2/org/sonatype/sisu/siesta/siesta/1.7/siesta-1.7.pom (12 kB at 53 kB/s)
Downloading from central: https://repo.maven.apache.org/maven2/org/sonatype/buildsupport/public-parent/5/public-parent-5.pom
Progress (1): 760 B
                   
Downloaded from central: https://repo.maven.apache.org/maven2/org/sonatype/buildsupport/public-parent/5/public-parent-5.pom (760 B at 3.5 kB/s)
Downloading from central: https://repo.maven.apache.org/maven2/org/sonatype/buildsupport/buildsupport/5/buildsupport-5.pom
Progress (1): 1.2 kB
Progress (1): 2.9 kB
Progress (1): 6.1 kB
Progress (1): 11 kB 
Progress (1): 14 kB
Progress (1): 17 kB
Progress (1): 21 kB
Progress (1): 22 kB
                   
Downloaded from central: https://repo.maven.apache.org/maven2/org/sonatype/buildsupport/buildsupport/5/buildsupport-5.pom (22 kB at 104 kB/s)
Downloading from central: https://repo.maven.apache.org/maven2/org/sonatype/sisu/siesta/siesta-common/1.7/siesta-common-1.7.pom
Progress (1): 862 B
Progress (1): 2.1 kB
                    
Downloaded from central: https://repo.maven.apache.org/maven2/org/sonatype/sisu/siesta/siesta-common/1.7/siesta-common-1.7.pom (2.1 kB at 10 kB/s)
Downloading from central: https://repo.maven.apache.org/maven2/javax/ws/rs/jsr311-api/1.1.1/jsr311-api-1.1.1.pom
Progress (1): 1.4 kB
Progress (1): 3.2 kB
Progress (1): 5.5 kB
                    
Downloaded from central: https://repo.maven.apache.org/maven2/javax/ws/rs/jsr311-api/1.1.1/jsr311-api-1.1.1.pom (5.5 kB at 23 kB/s)
Downloading from central: https://repo.maven.apache.org/maven2/com/sun/jersey/jersey-core/1.17.1/jersey-core-1.17.1.pom
Progress (1): 733 B
Progress (1): 2.0 kB
Progress (1): 4.3 kB
Progress (1): 8.2 kB
Progress (1): 10 kB 
                   
Downloaded from central: https://repo.maven.apache.org/maven2/com/sun/jersey/jersey-core/1.17.1/jersey-core-1.17.1.pom (10 kB at 42 kB/s)
Downloading from central: https://repo.maven.apache.org/maven2/com/sun/jersey/jersey-project/1.17.1/jersey-project-1.17.1.pom
Progress (1): 704 B
Progress (1): 2.0 kB
Progress (1): 3.3 kB
Progress (1): 6.6 kB
Progress (1): 11 kB 
Progress (1): 16 kB
Progress (1): 20 kB
Progress (1): 21 kB
                   
Downloaded from central: https://repo.maven.apache.org/maven2/com/sun/jersey/jersey-project/1.17.1/jersey-project-1.17.1.pom (21 kB at 88 kB/s)
Downloading from central: https://repo.maven.apache.org/maven2/net/java/jvnet-parent/1/jvnet-parent-1.pom
Progress (1): 843 B
Progress (1): 2.5 kB
Progress (1): 4.7 kB
                    
Downloaded from central: https://repo.maven.apache.org/maven2/net/java/jvnet-parent/1/jvnet-parent-1.pom (4.7 kB at 19 kB/s)
Downloading from central: https://repo.maven.apache.org/maven2/javax/validation/validation-api/1.1.0.Final/validation-api-1.1.0.Final.pom
Progress (1): 1.7 kB
Progress (1): 3.3 kB
Progress (1): 6.8 kB
Progress (1): 7.9 kB
                    
Downloaded from central: https://repo.maven.apache.org/maven2/javax/validation/validation-api/1.1.0.Final/validation-api-1.1.0.Final.pom (7.9 kB at 35 kB/s)
Downloading from central: https://repo.maven.apache.org/maven2/com/sun/jersey/jersey-client/1.17.1/jersey-client-1.17.1.pom
Progress (1): 722 B
Progress (1): 2.1 kB
Progress (1): 4.4 kB
Progress (1): 6.7 kB
                    
Downloaded from central: https://repo.maven.apache.org/maven2/com/sun/jersey/jersey-client/1.17.1/jersey-client-1.17.1.pom (6.7 kB at 27 kB/s)
Downloading from central: https://repo.maven.apache.org/maven2/com/sun/jersey/contribs/jersey-apache-client4/1.17.1/jersey-apache-client4-1.17.1.pom
Progress (1): 773 B
Progress (1): 2.1 kB
Progress (1): 4.6 kB
Progress (1): 6.2 kB
                    
Downloaded from central: https://repo.maven.apache.org/maven2/com/sun/jersey/contribs/jersey-apache-client4/1.17.1/jersey-apache-client4-1.17.1.pom (6.2 kB at 28 kB/s)
Downloading from central: https://repo.maven.apache.org/maven2/com/sun/jersey/contribs/jersey-contribs/1.17.1/jersey-contribs-1.17.1.pom
Progress (1): 755 B
Progress (1): 2.1 kB
Progress (1): 3.6 kB
                    
Downloaded from central: https://repo.maven.apache.org/maven2/com/sun/jersey/contribs/jersey-contribs/1.17.1/jersey-contribs-1.17.1.pom (3.6 kB at 15 kB/s)
Downloading from central: https://repo.maven.apache.org/maven2/org/apache/httpcomponents/httpclient/4.3.5/httpclient-4.3.5.pom
Progress (1): 868 B
Progress (1): 2.8 kB
Progress (1): 5.2 kB
                    
Downloaded from central: https://repo.maven.apache.org/maven2/org/apache/httpcomponents/httpclient/4.3.5/httpclient-4.3.5.pom (5.2 kB at 23 kB/s)
Downloading from central: https://repo.maven.apache.org/maven2/org/apache/httpcomponents/httpcomponents-client/4.3.5/httpcomponents-client-4.3.5.pom
Progress (1): 841 B
Progress (1): 2.3 kB
Progress (1): 4.5 kB
Progress (1): 8.6 kB
Progress (1): 11 kB 
Progress (1): 15 kB
Progress (1): 15 kB
                   
Downloaded from central: https://repo.maven.apache.org/maven2/org/apache/httpcomponents/httpcomponents-client/4.3.5/httpcomponents-client-4.3.5.pom (15 kB at 66 kB/s)
Downloading from central: https://repo.maven.apache.org/maven2/org/apache/httpcomponents/project/7/project-7.pom
Progress (1): 824 B
Progress (1): 2.1 kB
Progress (1): 3.1 kB
Progress (1): 4.8 kB
Progress (1): 8.5 kB
Progress (1): 12 kB 
Progress (1): 15 kB
Progress (1): 19 kB
Progress (1): 23 kB
Progress (1): 25 kB
Progress (1): 27 kB
                   
Downloaded from central: https://repo.maven.apache.org/maven2/org/apache/httpcomponents/project/7/project-7.pom (27 kB at 111 kB/s)
Downloading from central: https://repo.maven.apache.org/maven2/org/apache/httpcomponents/httpcore/4.3.2/httpcore-4.3.2.pom
Progress (1): 867 B
Progress (1): 2.5 kB
Progress (1): 4.6 kB
                    
Downloaded from central: https://repo.maven.apache.org/maven2/org/apache/httpcomponents/httpcore/4.3.2/httpcore-4.3.2.pom (4.6 kB at 22 kB/s)
Downloading from central: https://repo.maven.apache.org/maven2/org/apache/httpcomponents/httpcomponents-core/4.3.2/httpcomponents-core-4.3.2.pom
Progress (1): 850 B
Progress (1): 2.3 kB
Progress (1): 4.6 kB
Progress (1): 7.1 kB
Progress (1): 11 kB 
Progress (1): 12 kB
                   
Downloaded from central: https://repo.maven.apache.org/maven2/org/apache/httpcomponents/httpcomponents-core/4.3.2/httpcomponents-core-4.3.2.pom (12 kB at 55 kB/s)
Downloading from central: https://repo.maven.apache.org/maven2/commons-codec/commons-codec/1.6/commons-codec-1.6.pom
Progress (1): 752 B
Progress (1): 2.1 kB
Progress (1): 4.4 kB
Progress (1): 6.6 kB
Progress (1): 9.2 kB
Progress (1): 11 kB 
                   
Downloaded from central: https://repo.maven.apache.org/maven2/commons-codec/commons-codec/1.6/commons-codec-1.6.pom (11 kB at 52 kB/s)
Downloading from central: https://repo.maven.apache.org/maven2/org/apache/commons/commons-parent/22/commons-parent-22.pom
Progress (1): 724 B
Progress (1): 1.9 kB
Progress (1): 3.4 kB
Progress (1): 7.0 kB
Progress (1): 9.8 kB
Progress (1): 14 kB 
Progress (1): 17 kB
Progress (1): 19 kB
Progress (1): 23 kB
Progress (1): 30 kB
Progress (1): 33 kB
Progress (1): 36 kB
Progress (1): 38 kB
Progress (1): 41 kB
Progress (1): 42 kB
                   
Downloaded from central: https://repo.maven.apache.org/maven2/org/apache/commons/commons-parent/22/commons-parent-22.pom (42 kB at 186 kB/s)
Downloading from central: https://repo.maven.apache.org/maven2/org/slf4j/jcl-over-slf4j/1.7.7/jcl-over-slf4j-1.7.7.pom
Progress (1): 1.5 kB
Progress (1): 1.9 kB
                    
Downloaded from central: https://repo.maven.apache.org/maven2/org/slf4j/jcl-over-slf4j/1.7.7/jcl-over-slf4j-1.7.7.pom (1.9 kB at 8.0 kB/s)
Downloading from central: https://repo.maven.apache.org/maven2/org/sonatype/sisu/siesta/siesta-jackson/1.7/siesta-jackson-1.7.pom
Progress (1): 861 B
Progress (1): 2.6 kB
                    
Downloaded from central: https://repo.maven.apache.org/maven2/org/sonatype/sisu/siesta/siesta-jackson/1.7/siesta-jackson-1.7.pom (2.6 kB at 12 kB/s)
Downloading from central: https://repo.maven.apache.org/maven2/com/fasterxml/jackson/core/jackson-annotations/2.3.1/jackson-annotations-2.3.1.pom
Progress (1): 1.2 kB
Progress (1): 1.7 kB
                    
Downloaded from central: https://repo.maven.apache.org/maven2/com/fasterxml/jackson/core/jackson-annotations/2.3.1/jackson-annotations-2.3.1.pom (1.7 kB at 7.9 kB/s)
Downloading from central: https://repo.maven.apache.org/maven2/com/fasterxml/oss-parent/11/oss-parent-11.pom
Progress (1): 761 B
Progress (1): 2.6 kB
Progress (1): 4.1 kB
Progress (1): 6.8 kB
Progress (1): 9.0 kB
Progress (1): 12 kB 
Progress (1): 14 kB
Progress (1): 18 kB
Progress (1): 21 kB
Progress (1): 23 kB
                   
Downloaded from central: https://repo.maven.apache.org/maven2/com/fasterxml/oss-parent/11/oss-parent-11.pom (23 kB at 102 kB/s)
Downloading from central: https://repo.maven.apache.org/maven2/com/fasterxml/jackson/core/jackson-core/2.3.1/jackson-core-2.3.1.pom
Progress (1): 1.1 kB
Progress (1): 3.3 kB
Progress (1): 6.0 kB
Progress (1): 6.0 kB
                    
Downloaded from central: https://repo.maven.apache.org/maven2/com/fasterxml/jackson/core/jackson-core/2.3.1/jackson-core-2.3.1.pom (6.0 kB at 27 kB/s)
Downloading from central: https://repo.maven.apache.org/maven2/com/fasterxml/oss-parent/12/oss-parent-12.pom
Progress (1): 729 B
Progress (1): 2.5 kB
Progress (1): 4.0 kB
Progress (1): 6.1 kB
Progress (1): 8.8 kB
Progress (1): 12 kB 
Progress (1): 15 kB
Progress (1): 18 kB
Progress (1): 21 kB
Progress (1): 23 kB
                   
Downloaded from central: https://repo.maven.apache.org/maven2/com/fasterxml/oss-parent/12/oss-parent-12.pom (23 kB at 104 kB/s)
Downloading from central: https://repo.maven.apache.org/maven2/com/fasterxml/jackson/core/jackson-databind/2.3.1/jackson-databind-2.3.1.pom
Progress (1): 1.2 kB
Progress (1): 3.7 kB
Progress (1): 5.9 kB
Progress (1): 5.9 kB
                    
Downloaded from central: https://repo.maven.apache.org/maven2/com/fasterxml/jackson/core/jackson-databind/2.3.1/jackson-databind-2.3.1.pom (5.9 kB at 27 kB/s)
Downloading from central: https://repo.maven.apache.org/maven2/com/fasterxml/jackson/core/jackson-annotations/2.3.0/jackson-annotations-2.3.0.pom
Progress (1): 1.2 kB
Progress (1): 1.3 kB
                    
Downloaded from central: https://repo.maven.apache.org/maven2/com/fasterxml/jackson/core/jackson-annotations/2.3.0/jackson-annotations-2.3.0.pom (1.3 kB at 6.2 kB/s)
Downloading from central: https://repo.maven.apache.org/maven2/com/fasterxml/jackson/jaxrs/jackson-jaxrs-json-provider/2.3.1/jackson-jaxrs-json-provider-2.3.1.pom
Progress (1): 1.0 kB
Progress (1): 3.1 kB
Progress (1): 3.2 kB
                    
Downloaded from central: https://repo.maven.apache.org/maven2/com/fasterxml/jackson/jaxrs/jackson-jaxrs-json-provider/2.3.1/jackson-jaxrs-json-provider-2.3.1.pom (3.2 kB at 13 kB/s)
Downloading from central: https://repo.maven.apache.org/maven2/com/fasterxml/jackson/jaxrs/jackson-jaxrs-providers/2.3.1/jackson-jaxrs-providers-2.3.1.pom
Progress (1): 1.2 kB
Progress (1): 2.7 kB
Progress (1): 3.2 kB
Progress (1): 3.8 kB
                    
Downloaded from central: https://repo.maven.apache.org/maven2/com/fasterxml/jackson/jaxrs/jackson-jaxrs-providers/2.3.1/jackson-jaxrs-providers-2.3.1.pom (3.8 kB at 18 kB/s)
Downloading from central: https://repo.maven.apache.org/maven2/com/fasterxml/jackson/jaxrs/jackson-jaxrs-base/2.3.1/jackson-jaxrs-base-2.3.1.pom
Progress (1): 1.4 kB
Progress (1): 1.9 kB
                    
Downloaded from central: https://repo.maven.apache.org/maven2/com/fasterxml/jackson/jaxrs/jackson-jaxrs-base/2.3.1/jackson-jaxrs-base-2.3.1.pom (1.9 kB at 9.2 kB/s)
Downloading from central: https://repo.maven.apache.org/maven2/com/fasterxml/jackson/module/jackson-module-jaxb-annotations/2.3.1/jackson-module-jaxb-annotations-2.3.1.pom
Progress (1): 1.2 kB
Progress (1): 3.7 kB
Progress (1): 4.5 kB
                    
Downloaded from central: https://repo.maven.apache.org/maven2/com/fasterxml/jackson/module/jackson-module-jaxb-annotations/2.3.1/jackson-module-jaxb-annotations-2.3.1.pom (4.5 kB at 20 kB/s)
Downloading from central: https://repo.maven.apache.org/maven2/org/sonatype/spice/zapper/spice-zapper/1.3/spice-zapper-1.3.pom
Progress (1): 905 B
Progress (1): 2.7 kB
Progress (1): 4.6 kB
                    
Downloaded from central: https://repo.maven.apache.org/maven2/org/sonatype/spice/zapper/spice-zapper/1.3/spice-zapper-1.3.pom (4.6 kB at 20 kB/s)
Downloading from central: https://repo.maven.apache.org/maven2/org/fusesource/hawtbuf/hawtbuf-proto/1.9/hawtbuf-proto-1.9.pom
Progress (1): 793 B
Progress (1): 2.8 kB
Progress (1): 4.5 kB
                    
Downloaded from central: https://repo.maven.apache.org/maven2/org/fusesource/hawtbuf/hawtbuf-proto/1.9/hawtbuf-proto-1.9.pom (4.5 kB at 18 kB/s)
Downloading from central: https://repo.maven.apache.org/maven2/org/fusesource/hawtbuf/hawtbuf-project/1.9/hawtbuf-project-1.9.pom
Progress (1): 766 B
Progress (1): 2.3 kB
Progress (1): 4.3 kB
Progress (1): 7.3 kB
Progress (1): 10 kB 
Progress (1): 11 kB
                   
Downloaded from central: https://repo.maven.apache.org/maven2/org/fusesource/hawtbuf/hawtbuf-project/1.9/hawtbuf-project-1.9.pom (11 kB at 48 kB/s)
Downloading from central: https://repo.maven.apache.org/maven2/org/fusesource/fusesource-pom/1.9/fusesource-pom-1.9.pom
Progress (1): 741 B
Progress (1): 2.4 kB
Progress (1): 5.7 kB
Progress (1): 9.5 kB
Progress (1): 14 kB 
Progress (1): 15 kB
                   
Downloaded from central: https://repo.maven.apache.org/maven2/org/fusesource/fusesource-pom/1.9/fusesource-pom-1.9.pom (15 kB at 70 kB/s)
Downloading from central: https://repo.maven.apache.org/maven2/org/fusesource/hawtbuf/hawtbuf/1.9/hawtbuf-1.9.pom
Progress (1): 840 B
Progress (1): 2.5 kB
Progress (1): 2.6 kB
                    
Downloaded from central: https://repo.maven.apache.org/maven2/org/fusesource/hawtbuf/hawtbuf/1.9/hawtbuf-1.9.pom (2.6 kB at 12 kB/s)
Downloading from central: https://repo.maven.apache.org/maven2/org/codehaus/plexus/plexus-interpolation/1.15/plexus-interpolation-1.15.pom
Progress (1): 1.0 kB
                    
Downloaded from central: https://repo.maven.apache.org/maven2/org/codehaus/plexus/plexus-interpolation/1.15/plexus-interpolation-1.15.pom (1.0 kB at 4.7 kB/s)
Downloading from central: https://repo.maven.apache.org/maven2/org/codehaus/plexus/plexus/3.0.1/plexus-3.0.1.pom
Progress (1): 706 B
Progress (1): 2.6 kB
Progress (1): 6.1 kB
Progress (1): 8.8 kB
Progress (1): 13 kB 
Progress (1): 17 kB
Progress (1): 19 kB
                   
Downloaded from central: https://repo.maven.apache.org/maven2/org/codehaus/plexus/plexus/3.0.1/plexus-3.0.1.pom (19 kB at 89 kB/s)
Downloading from central: https://repo.maven.apache.org/maven2/org/sonatype/aether/aether-api/1.13.1/aether-api-1.13.1.pom
Progress (1): 953 B
Progress (1): 1.4 kB
                    
Downloaded from central: https://repo.maven.apache.org/maven2/org/sonatype/aether/aether-api/1.13.1/aether-api-1.13.1.pom (1.4 kB at 6.5 kB/s)
Downloading from central: https://repo.maven.apache.org/maven2/org/sonatype/aether/aether/1.13.1/aether-1.13.1.pom
Progress (1): 917 B
Progress (1): 3.2 kB
Progress (1): 7.1 kB
Progress (1): 10 kB 
                   
Downloaded from central: https://repo.maven.apache.org/maven2/org/sonatype/aether/aether/1.13.1/aether-1.13.1.pom (10 kB at 43 kB/s)
Downloading from central: https://repo.maven.apache.org/maven2/ch/qos/logback/logback-core/1.1.2/logback-core-1.1.2.pom
Progress (1): 1.2 kB
Progress (1): 3.5 kB
Progress (1): 5.0 kB
                    
Downloaded from central: https://repo.maven.apache.org/maven2/ch/qos/logback/logback-core/1.1.2/logback-core-1.1.2.pom (5.0 kB at 20 kB/s)
Downloading from central: https://repo.maven.apache.org/maven2/ch/qos/logback/logback-parent/1.1.2/logback-parent-1.1.2.pom
Progress (1): 1.1 kB
Progress (1): 2.9 kB
Progress (1): 7.1 kB
Progress (1): 10 kB 
Progress (1): 13 kB
Progress (1): 15 kB
                   
Downloaded from central: https://repo.maven.apache.org/maven2/ch/qos/logback/logback-parent/1.1.2/logback-parent-1.1.2.pom (15 kB at 67 kB/s)
Downloading from central: https://repo.maven.apache.org/maven2/ch/qos/logback/logback-classic/1.1.2/logback-classic-1.1.2.pom
Progress (1): 1.4 kB
Progress (1): 5.6 kB
Progress (1): 8.7 kB
Progress (1): 11 kB 
Progress (1): 12 kB
                   
Downloaded from central: https://repo.maven.apache.org/maven2/ch/qos/logback/logback-classic/1.1.2/logback-classic-1.1.2.pom (12 kB at 56 kB/s)
Downloading from central: https://repo.maven.apache.org/maven2/org/sonatype/plugins/nexus-staging-maven-plugin/1.6.8/nexus-staging-maven-plugin-1.6.8.jar
Progress (1): 7.7/251 kB
Progress (1): 16/251 kB 
Progress (1): 32/251 kB
Progress (1): 49/251 kB
Progress (1): 65/251 kB
Progress (1): 81/251 kB
Progress (1): 98/251 kB
Progress (1): 114/251 kB
Progress (1): 131/251 kB
Progress (1): 147/251 kB
Progress (1): 163/251 kB
Progress (1): 180/251 kB
Progress (1): 196/251 kB
Progress (1): 212/251 kB
Progress (1): 229/251 kB
Progress (1): 245/251 kB
Progress (1): 251 kB    
                    
Downloaded from central: https://repo.maven.apache.org/maven2/org/sonatype/plugins/nexus-staging-maven-plugin/1.6.8/nexus-staging-maven-plugin-1.6.8.jar (251 kB at 382 kB/s)
Downloading from central: https://repo.maven.apache.org/maven2/org/sonatype/nexus/maven/nexus-common/1.6.8/nexus-common-1.6.8.jar
Downloading from central: https://repo.maven.apache.org/maven2/org/sonatype/plexus/plexus-sec-dispatcher/1.4/plexus-sec-dispatcher-1.4.jar
Downloading from central: https://repo.maven.apache.org/maven2/org/sonatype/plexus/plexus-cipher/1.7/plexus-cipher-1.7.jar
Downloading from central: https://repo.maven.apache.org/maven2/com/google/guava/guava/14.0.1/guava-14.0.1.jar
Downloading from central: https://repo.maven.apache.org/maven2/org/sonatype/nexus/nexus-client-core/2.14.3-02/nexus-client-core-2.14.3-02.jar
Progress (1): 7.7/16 kB
Progress (1): 16/16 kB 
Progress (1): 16 kB   
                   
Downloaded from central: https://repo.maven.apache.org/maven2/org/sonatype/nexus/maven/nexus-common/1.6.8/nexus-common-1.6.8.jar (16 kB at 70 kB/s)
Downloading from central: https://repo.maven.apache.org/maven2/org/sonatype/nexus/plugins/nexus-restlet1x-model/2.14.3-02/nexus-restlet1x-model-2.14.3-02.jar
Progress (1): 7.7/163 kB
Progress (1): 16/163 kB 
Progress (1): 32/163 kB
Progress (1): 49/163 kB
Progress (1): 65/163 kB
Progress (1): 81/163 kB
Progress (1): 98/163 kB
Progress (1): 114/163 kB
Progress (2): 114/163 kB | 0.9/13 kB
Progress (2): 114/163 kB | 2.3/13 kB
Progress (2): 114/163 kB | 3.2/13 kB
Progress (2): 114/163 kB | 4.5/13 kB
Progress (2): 114/163 kB | 5.9/13 kB
Progress (2): 114/163 kB | 7.3/13 kB
Progress (2): 114/163 kB | 8.7/13 kB
Progress (2): 114/163 kB | 10/13 kB 
Progress (2): 114/163 kB | 11/13 kB
Progress (2): 114/163 kB | 13/13 kB
Progress (2): 114/163 kB | 13 kB   
                                
Downloaded from central: https://repo.maven.apache.org/maven2/org/sonatype/plexus/plexus-cipher/1.7/plexus-cipher-1.7.jar (13 kB at 25 kB/s)
Downloading from central: https://repo.maven.apache.org/maven2/org/apache/maven/maven-model/3.0.4/maven-model-3.0.4.jar
Progress (1): 131/163 kB
Progress (1): 147/163 kB
Progress (2): 147/163 kB | 0.9/216 kB
Progress (2): 147/163 kB | 2.3/216 kB
Progress (2): 147/163 kB | 3.6/216 kB
Progress (2): 147/163 kB | 5.0/216 kB
Progress (2): 147/163 kB | 6.4/216 kB
Progress (2): 147/163 kB | 7.7/216 kB
Progress (2): 147/163 kB | 9.1/216 kB
Progress (2): 147/163 kB | 10/216 kB 
Progress (2): 147/163 kB | 12/216 kB
Progress (2): 147/163 kB | 13/216 kB
Progress (2): 147/163 kB | 15/216 kB
Progress (2): 147/163 kB | 16/216 kB
Progress (2): 147/163 kB | 17/216 kB
Progress (2): 147/163 kB | 19/216 kB
Progress (2): 163 kB | 19/216 kB    
Progress (2): 163 kB | 20/216 kB
                                
Downloaded from central: https://repo.maven.apache.org/maven2/org/sonatype/nexus/plugins/nexus-restlet1x-model/2.14.3-02/nexus-restlet1x-model-2.14.3-02.jar (163 kB at 295 kB/s)
Downloading from central: https://repo.maven.apache.org/maven2/org/slf4j/slf4j-api/1.7.7/slf4j-api-1.7.7.jar
Progress (1): 21/216 kB
Progress (1): 23/216 kB
Progress (1): 24/216 kB
Progress (1): 26/216 kB
Progress (1): 27/216 kB
Progress (1): 28/216 kB
Progress (1): 30/216 kB
Progress (1): 31/216 kB
Progress (1): 32/216 kB
Progress (1): 34/216 kB
Progress (1): 35/216 kB
Progress (1): 36/216 kB
Progress (1): 38/216 kB
Progress (1): 39/216 kB
Progress (1): 41/216 kB
Progress (1): 42/216 kB
Progress (1): 43/216 kB
Progress (2): 43/216 kB | 0/2.2 MB
Progress (2): 43/216 kB | 0/2.2 MB
Progress (2): 43/216 kB | 0/2.2 MB
Progress (2): 43/216 kB | 0/2.2 MB
Progress (2): 45/216 kB | 0/2.2 MB
Progress (2): 45/216 kB | 0/2.2 MB
Progress (2): 46/216 kB | 0/2.2 MB
Progress (2): 46/216 kB | 0/2.2 MB
Progress (2): 47/216 kB | 0/2.2 MB
Progress (2): 47/216 kB | 0/2.2 MB
Progress (2): 47/216 kB | 0/2.2 MB
Progress (2): 47/216 kB | 0/2.2 MB
Progress (2): 49/216 kB | 0/2.2 MB
Progress (2): 50/216 kB | 0/2.2 MB
Progress (2): 50/216 kB | 0/2.2 MB
Progress (2): 50/216 kB | 0/2.2 MB
Progress (2): 52/216 kB | 0/2.2 MB
Progress (2): 53/216 kB | 0/2.2 MB
Progress (2): 53/216 kB | 0/2.2 MB
Progress (2): 53/216 kB | 0/2.2 MB
Progress (2): 54/216 kB | 0/2.2 MB
Progress (2): 56/216 kB | 0/2.2 MB
Progress (2): 56/216 kB | 0/2.2 MB
Progress (2): 56/216 kB | 0/2.2 MB
Progress (2): 56/216 kB | 0/2.2 MB
Progress (2): 56/216 kB | 0/2.2 MB
Progress (2): 60/216 kB | 0/2.2 MB
Progress (2): 60/216 kB | 0/2.2 MB
Progress (2): 60/216 kB | 0/2.2 MB
Progress (2): 64/216 kB | 0/2.2 MB
Progress (2): 64/216 kB | 0/2.2 MB
Progress (2): 64/216 kB | 0/2.2 MB
Progress (2): 66/216 kB | 0/2.2 MB
Progress (2): 66/216 kB | 0/2.2 MB
Progress (2): 66/216 kB | 0/2.2 MB
Progress (2): 70/216 kB | 0/2.2 MB
Progress (2): 70/216 kB | 0/2.2 MB
Progress (2): 70/216 kB | 0/2.2 MB
Progress (2): 70/216 kB | 0/2.2 MB
Progress (2): 70/216 kB | 0/2.2 MB
Progress (3): 70/216 kB | 0/2.2 MB | 0.9/28 kB
Progress (3): 70/216 kB | 0/2.2 MB | 2.3/28 kB
Progress (3): 70/216 kB | 0/2.2 MB | 3.6/28 kB
Progress (3): 70/216 kB | 0/2.2 MB | 5.0/28 kB
Progress (3): 70/216 kB | 0/2.2 MB | 6.4/28 kB
Progress (3): 70/216 kB | 0/2.2 MB | 7.7/28 kB
Progress (3): 70/216 kB | 0/2.2 MB | 7.7/28 kB
Progress (3): 70/216 kB | 0/2.2 MB | 9.1/28 kB
Progress (3): 70/216 kB | 0/2.2 MB | 9.1/28 kB
Progress (3): 70/216 kB | 0/2.2 MB | 10/28 kB 
Progress (3): 70/216 kB | 0/2.2 MB | 12/28 kB
Progress (3): 70/216 kB | 0/2.2 MB | 13/28 kB
Progress (3): 70/216 kB | 0/2.2 MB | 13/28 kB
Progress (3): 70/216 kB | 0/2.2 MB | 13/28 kB
Progress (3): 70/216 kB | 0/2.2 MB | 15/28 kB
Progress (3): 70/216 kB | 0/2.2 MB | 15/28 kB
Progress (3): 70/216 kB | 0/2.2 MB | 15/28 kB
Progress (3): 70/216 kB | 0/2.2 MB | 15/28 kB
Progress (3): 70/216 kB | 0/2.2 MB | 17/28 kB
Progress (3): 70/216 kB | 0/2.2 MB | 18/28 kB
Progress (3): 70/216 kB | 0/2.2 MB | 18/28 kB
Progress (3): 70/216 kB | 0/2.2 MB | 18/28 kB
Progress (3): 70/216 kB | 0/2.2 MB | 18/28 kB
Progress (3): 70/216 kB | 0/2.2 MB | 20/28 kB
Progress (3): 70/216 kB | 0/2.2 MB | 21/28 kB
Progress (3): 70/216 kB | 0.1/2.2 MB | 21/28 kB
Progress (3): 70/216 kB | 0.1/2.2 MB | 21/28 kB
Progress (3): 70/216 kB | 0.1/2.2 MB | 22/28 kB
Progress (3): 70/216 kB | 0.1/2.2 MB | 22/28 kB
Progress (3): 70/216 kB | 0.1/2.2 MB | 22/28 kB
Progress (3): 70/216 kB | 0.1/2.2 MB | 24/28 kB
Progress (3): 70/216 kB | 0.1/2.2 MB | 25/28 kB
Progress (3): 70/216 kB | 0.1/2.2 MB | 25/28 kB
Progress (3): 70/216 kB | 0.1/2.2 MB | 26/28 kB
Progress (3): 70/216 kB | 0.1/2.2 MB | 28 kB   
Progress (3): 70/216 kB | 0.1/2.2 MB | 28 kB
                                            
Downloaded from central: https://repo.maven.apache.org/maven2/org/sonatype/plexus/plexus-sec-dispatcher/1.4/plexus-sec-dispatcher-1.4.jar (28 kB at 45 kB/s)
Downloading from central: https://repo.maven.apache.org/maven2/com/google/code/findbugs/jsr305/2.0.1/jsr305-2.0.1.jar
Progress (2): 70/216 kB | 0.1/2.2 MB
Progress (2): 70/216 kB | 0.1/2.2 MB
Progress (2): 70/216 kB | 0.1/2.2 MB
Progress (2): 74/216 kB | 0.1/2.2 MB
Progress (2): 78/216 kB | 0.1/2.2 MB
Progress (2): 82/216 kB | 0.1/2.2 MB
Progress (2): 87/216 kB | 0.1/2.2 MB
Progress (2): 91/216 kB | 0.1/2.2 MB
Progress (2): 95/216 kB | 0.1/2.2 MB
Progress (3): 95/216 kB | 0.1/2.2 MB | 0.9/164 kB
Progress (3): 95/216 kB | 0.1/2.2 MB | 2.3/164 kB
Progress (3): 95/216 kB | 0.1/2.2 MB | 3.6/164 kB
Progress (3): 99/216 kB | 0.1/2.2 MB | 3.6/164 kB
Progress (3): 99/216 kB | 0.1/2.2 MB | 5.0/164 kB
Progress (3): 99/216 kB | 0.1/2.2 MB | 6.4/164 kB
Progress (3): 99/216 kB | 0.1/2.2 MB | 7.7/164 kB
Progress (3): 99/216 kB | 0.1/2.2 MB | 9.1/164 kB
Progress (3): 104/216 kB | 0.1/2.2 MB | 9.1/164 kB
Progress (3): 108/216 kB | 0.1/2.2 MB | 9.1/164 kB
Progress (3): 108/216 kB | 0.1/2.2 MB | 10/164 kB 
Progress (3): 108/216 kB | 0.1/2.2 MB | 12/164 kB
Progress (3): 108/216 kB | 0.1/2.2 MB | 13/164 kB
Progress (3): 108/216 kB | 0.1/2.2 MB | 14/164 kB
Progress (3): 112/216 kB | 0.1/2.2 MB | 14/164 kB
Progress (3): 112/216 kB | 0.1/2.2 MB | 16/164 kB
Progress (3): 112/216 kB | 0.1/2.2 MB | 17/164 kB
Progress (3): 116/216 kB | 0.1/2.2 MB | 17/164 kB
Progress (3): 116/216 kB | 0.1/2.2 MB | 19/164 kB
Progress (3): 116/216 kB | 0.1/2.2 MB | 20/164 kB
Progress (3): 116/216 kB | 0.1/2.2 MB | 21/164 kB
Progress (3): 116/216 kB | 0.1/2.2 MB | 23/164 kB
Progress (3): 121/216 kB | 0.1/2.2 MB | 23/164 kB
Progress (3): 121/216 kB | 0.1/2.2 MB | 24/164 kB
Progress (3): 121/216 kB | 0.1/2.2 MB | 25/164 kB
Progress (3): 125/216 kB | 0.1/2.2 MB | 25/164 kB
Progress (3): 125/216 kB | 0.1/2.2 MB | 25/164 kB
Progress (3): 125/216 kB | 0.1/2.2 MB | 27/164 kB
Progress (3): 125/216 kB | 0.1/2.2 MB | 28/164 kB
Progress (3): 125/216 kB | 0.1/2.2 MB | 28/164 kB
Progress (3): 125/216 kB | 0.1/2.2 MB | 29/164 kB
Progress (3): 125/216 kB | 0.1/2.2 MB | 31/164 kB
Progress (3): 129/216 kB | 0.1/2.2 MB | 31/164 kB
Progress (3): 129/216 kB | 0.1/2.2 MB | 32/164 kB
Progress (3): 129/216 kB | 0.1/2.2 MB | 34/164 kB
Progress (3): 129/216 kB | 0.1/2.2 MB | 34/164 kB
Progress (3): 133/216 kB | 0.1/2.2 MB | 34/164 kB
Progress (3): 133/216 kB | 0.1/2.2 MB | 35/164 kB
Progress (3): 133/216 kB | 0.1/2.2 MB | 36/164 kB
Progress (3): 133/216 kB | 0.1/2.2 MB | 38/164 kB
Progress (3): 133/216 kB | 0.1/2.2 MB | 39/164 kB
Progress (3): 133/216 kB | 0.1/2.2 MB | 39/164 kB
Progress (3): 137/216 kB | 0.1/2.2 MB | 39/164 kB
Progress (3): 137/216 kB | 0.1/2.2 MB | 40/164 kB
Progress (3): 137/216 kB | 0.1/2.2 MB | 40/164 kB
Progress (3): 142/216 kB | 0.1/2.2 MB | 40/164 kB
Progress (3): 142/216 kB | 0.1/2.2 MB | 45/164 kB
Progress (3): 142/216 kB | 0.1/2.2 MB | 45/164 kB
Progress (3): 146/216 kB | 0.1/2.2 MB | 45/164 kB
Progress (3): 146/216 kB | 0.1/2.2 MB | 49/164 kB
Progress (3): 146/216 kB | 0.1/2.2 MB | 49/164 kB
Progress (3): 150/216 kB | 0.1/2.2 MB | 49/164 kB
Progress (3): 150/216 kB | 0.1/2.2 MB | 53/164 kB
Progress (3): 150/216 kB | 0.1/2.2 MB | 53/164 kB
Progress (3): 150/216 kB | 0.1/2.2 MB | 53/164 kB
Progress (3): 150/216 kB | 0.1/2.2 MB | 53/164 kB
Progress (3): 150/216 kB | 0.1/2.2 MB | 53/164 kB
Progress (3): 150/216 kB | 0.1/2.2 MB | 53/164 kB
Progress (3): 150/216 kB | 0.1/2.2 MB | 53/164 kB
Progress (3): 150/216 kB | 0.1/2.2 MB | 53/164 kB
Progress (3): 150/216 kB | 0.1/2.2 MB | 53/164 kB
Progress (3): 150/216 kB | 0.1/2.2 MB | 53/164 kB
Progress (3): 150/216 kB | 0.1/2.2 MB | 53/164 kB
Progress (3): 150/216 kB | 0.1/2.2 MB | 53/164 kB
Progress (3): 150/216 kB | 0.1/2.2 MB | 53/164 kB
Progress (4): 150/216 kB | 0.1/2.2 MB | 53/164 kB | 7.7/29 kB
Progress (4): 150/216 kB | 0.1/2.2 MB | 53/164 kB | 16/29 kB 
Progress (4): 150/216 kB | 0.1/2.2 MB | 53/164 kB | 29 kB   
                                                         
Downloaded from central: https://repo.maven.apache.org/maven2/org/slf4j/slf4j-api/1.7.7/slf4j-api-1.7.7.jar (29 kB at 36 kB/s)
Downloading from central: https://repo.maven.apache.org/maven2/com/intellij/annotations/9.0.4/annotations-9.0.4.jar
Progress (4): 150/216 kB | 0.1/2.2 MB | 53/164 kB | 0.9/32 kB
Progress (4): 150/216 kB | 0.1/2.2 MB | 53/164 kB | 2.3/32 kB
Progress (4): 150/216 kB | 0.1/2.2 MB | 53/164 kB | 3.6/32 kB
Progress (4): 150/216 kB | 0.1/2.2 MB | 53/164 kB | 5.0/32 kB
Progress (4): 150/216 kB | 0.1/2.2 MB | 53/164 kB | 6.4/32 kB
Progress (4): 150/216 kB | 0.1/2.2 MB | 53/164 kB | 7.7/32 kB
Progress (4): 150/216 kB | 0.1/2.2 MB | 53/164 kB | 9.1/32 kB
Progress (4): 150/216 kB | 0.1/2.2 MB | 53/164 kB | 10/32 kB 
Progress (4): 150/216 kB | 0.1/2.2 MB | 53/164 kB | 12/32 kB
Progress (4): 150/216 kB | 0.1/2.2 MB | 53/164 kB | 13/32 kB
Progress (4): 150/216 kB | 0.1/2.2 MB | 53/164 kB | 15/32 kB
Progress (4): 150/216 kB | 0.1/2.2 MB | 53/164 kB | 16/32 kB
Progress (4): 150/216 kB | 0.1/2.2 MB | 53/164 kB | 17/32 kB
Progress (4): 150/216 kB | 0.1/2.2 MB | 53/164 kB | 19/32 kB
Progress (4): 150/216 kB | 0.1/2.2 MB | 53/164 kB | 20/32 kB
Progress (4): 150/216 kB | 0.1/2.2 MB | 53/164 kB | 21/32 kB
Progress (4): 150/216 kB | 0.1/2.2 MB | 53/164 kB | 23/32 kB
Progress (4): 150/216 kB | 0.1/2.2 MB | 53/164 kB | 24/32 kB
Progress (4): 150/216 kB | 0.1/2.2 MB | 53/164 kB | 26/32 kB
Progress (4): 150/216 kB | 0.1/2.2 MB | 53/164 kB | 27/32 kB
Progress (4): 150/216 kB | 0.1/2.2 MB | 53/164 kB | 29/32 kB
Progress (4): 154/216 kB | 0.1/2.2 MB | 53/164 kB | 29/32 kB
Progress (4): 159/216 kB | 0.1/2.2 MB | 53/164 kB | 29/32 kB
Progress (4): 159/216 kB | 0.1/2.2 MB | 53/164 kB | 32 kB   
                                                         
Downloaded from central: https://repo.maven.apache.org/maven2/com/google/code/findbugs/jsr305/2.0.1/jsr305-2.0.1.jar (32 kB at 37 kB/s)
Downloading from central: https://repo.maven.apache.org/maven2/commons-io/commons-io/2.4/commons-io-2.4.jar
Progress (3): 163/216 kB | 0.1/2.2 MB | 53/164 kB
Progress (3): 167/216 kB | 0.1/2.2 MB | 53/164 kB
Progress (3): 171/216 kB | 0.1/2.2 MB | 53/164 kB
Progress (3): 175/216 kB | 0.1/2.2 MB | 53/164 kB
Progress (3): 180/216 kB | 0.1/2.2 MB | 53/164 kB
Progress (3): 180/216 kB | 0.1/2.2 MB | 57/164 kB
Progress (3): 184/216 kB | 0.1/2.2 MB | 57/164 kB
Progress (3): 188/216 kB | 0.1/2.2 MB | 57/164 kB
Progress (3): 188/216 kB | 0.1/2.2 MB | 62/164 kB
Progress (3): 192/216 kB | 0.1/2.2 MB | 62/164 kB
Progress (3): 192/216 kB | 0.1/2.2 MB | 66/164 kB
Progress (3): 197/216 kB | 0.1/2.2 MB | 66/164 kB
Progress (3): 197/216 kB | 0.1/2.2 MB | 70/164 kB
Progress (3): 201/216 kB | 0.1/2.2 MB | 70/164 kB
Progress (3): 201/216 kB | 0.1/2.2 MB | 74/164 kB
Progress (3): 205/216 kB | 0.1/2.2 MB | 74/164 kB
Progress (3): 205/216 kB | 0.1/2.2 MB | 79/164 kB
Progress (3): 209/216 kB | 0.1/2.2 MB | 79/164 kB
Progress (3): 209/216 kB | 0.1/2.2 MB | 82/164 kB
Progress (3): 214/216 kB | 0.1/2.2 MB | 82/164 kB
Progress (3): 216 kB | 0.1/2.2 MB | 82/164 kB    
Progress (3): 216 kB | 0.1/2.2 MB | 86/164 kB
                                             
Downloaded from central: https://repo.maven.apache.org/maven2/org/sonatype/nexus/nexus-client-core/2.14.3-02/nexus-client-core-2.14.3-02.jar (216 kB at 240 kB/s)
Downloading from central: https://repo.maven.apache.org/maven2/com/thoughtworks/xstream/xstream/1.4.7/xstream-1.4.7.jar
Progress (2): 0.2/2.2 MB | 86/164 kB
Progress (2): 0.2/2.2 MB | 90/164 kB
Progress (2): 0.2/2.2 MB | 90/164 kB
Progress (2): 0.2/2.2 MB | 95/164 kB
Progress (2): 0.2/2.2 MB | 99/164 kB
Progress (2): 0.2/2.2 MB | 99/164 kB
Progress (2): 0.2/2.2 MB | 99/164 kB
Progress (2): 0.2/2.2 MB | 99/164 kB
Progress (2): 0.2/2.2 MB | 103/164 kB
Progress (2): 0.2/2.2 MB | 107/164 kB
Progress (2): 0.2/2.2 MB | 107/164 kB
Progress (2): 0.2/2.2 MB | 107/164 kB
Progress (2): 0.2/2.2 MB | 107/164 kB
Progress (2): 0.2/2.2 MB | 107/164 kB
Progress (2): 0.2/2.2 MB | 107/164 kB
Progress (2): 0.2/2.2 MB | 107/164 kB
Progress (2): 0.2/2.2 MB | 107/164 kB
Progress (2): 0.2/2.2 MB | 107/164 kB
Progress (2): 0.2/2.2 MB | 107/164 kB
Progress (2): 0.2/2.2 MB | 107/164 kB
Progress (2): 0.2/2.2 MB | 107/164 kB
Progress (2): 0.2/2.2 MB | 107/164 kB
Progress (2): 0.2/2.2 MB | 107/164 kB
Progress (2): 0.2/2.2 MB | 107/164 kB
Progress (2): 0.3/2.2 MB | 107/164 kB
Progress (2): 0.3/2.2 MB | 107/164 kB
Progress (2): 0.3/2.2 MB | 107/164 kB
Progress (2): 0.3/2.2 MB | 107/164 kB
Progress (2): 0.3/2.2 MB | 107/164 kB
Progress (2): 0.3/2.2 MB | 112/164 kB
Progress (2): 0.3/2.2 MB | 115/164 kB
Progress (2): 0.3/2.2 MB | 119/164 kB
Progress (2): 0.3/2.2 MB | 123/164 kB
Progress (2): 0.3/2.2 MB | 123/164 kB
Progress (3): 0.3/2.2 MB | 123/164 kB | 7.7/10.0 kB
Progress (3): 0.3/2.2 MB | 123/164 kB | 10.0 kB    
Progress (3): 0.3/2.2 MB | 127/164 kB | 10.0 kB
                                               
Downloaded from central: https://repo.maven.apache.org/maven2/com/intellij/annotations/9.0.4/annotations-9.0.4.jar (10.0 kB at 9.6 kB/s)
Downloading from central: https://repo.maven.apache.org/maven2/xmlpull/xmlpull/1.1.3.1/xmlpull-1.1.3.1.jar
Progress (2): 0.3/2.2 MB | 132/164 kB
Progress (2): 0.3/2.2 MB | 136/164 kB
Progress (2): 0.3/2.2 MB | 139/164 kB
Progress (2): 0.3/2.2 MB | 139/164 kB
Progress (2): 0.3/2.2 MB | 143/164 kB
Progress (2): 0.3/2.2 MB | 148/164 kB
Progress (2): 0.3/2.2 MB | 152/164 kB
Progress (3): 0.3/2.2 MB | 152/164 kB | 3.2/185 kB
Progress (3): 0.3/2.2 MB | 156/164 kB | 3.2/185 kB
Progress (3): 0.3/2.2 MB | 156/164 kB | 7.4/185 kB
Progress (3): 0.3/2.2 MB | 156/164 kB | 12/185 kB 
Progress (3): 0.3/2.2 MB | 160/164 kB | 12/185 kB
Progress (3): 0.4/2.2 MB | 160/164 kB | 12/185 kB
Progress (3): 0.4/2.2 MB | 164 kB | 12/185 kB    
                                             
Downloaded from central: https://repo.maven.apache.org/maven2/org/apache/maven/maven-model/3.0.4/maven-model-3.0.4.jar (164 kB at 153 kB/s)
Downloading from central: https://repo.maven.apache.org/maven2/xpp3/xpp3_min/1.1.4c/xpp3_min-1.1.4c.jar
Progress (2): 0.4/2.2 MB | 16/185 kB
Progress (2): 0.4/2.2 MB | 20/185 kB
Progress (2): 0.4/2.2 MB | 24/185 kB
Progress (2): 0.4/2.2 MB | 24/185 kB
Progress (2): 0.4/2.2 MB | 29/185 kB
Progress (2): 0.4/2.2 MB | 33/185 kB
Progress (2): 0.4/2.2 MB | 37/185 kB
Progress (2): 0.4/2.2 MB | 37/185 kB
Progress (2): 0.4/2.2 MB | 41/185 kB
Progress (3): 0.4/2.2 MB | 41/185 kB | 3.8/532 kB
Progress (3): 0.4/2.2 MB | 45/185 kB | 3.8/532 kB
Progress (3): 0.4/2.2 MB | 50/185 kB | 3.8/532 kB
Progress (3): 0.4/2.2 MB | 50/185 kB | 3.8/532 kB
Progress (3): 0.4/2.2 MB | 54/185 kB | 3.8/532 kB
Progress (3): 0.4/2.2 MB | 54/185 kB | 20/532 kB 
Progress (3): 0.4/2.2 MB | 58/185 kB | 20/532 kB
Progress (3): 0.4/2.2 MB | 61/185 kB | 20/532 kB
Progress (3): 0.4/2.2 MB | 65/185 kB | 20/532 kB
Progress (3): 0.4/2.2 MB | 65/185 kB | 20/532 kB
Progress (3): 0.4/2.2 MB | 65/185 kB | 37/532 kB
Progress (3): 0.4/2.2 MB | 69/185 kB | 37/532 kB
Progress (3): 0.4/2.2 MB | 73/185 kB | 37/532 kB
Progress (3): 0.4/2.2 MB | 77/185 kB | 37/532 kB
Progress (3): 0.4/2.2 MB | 77/185 kB | 53/532 kB
Progress (3): 0.4/2.2 MB | 77/185 kB | 53/532 kB
Progress (3): 0.4/2.2 MB | 77/185 kB | 69/532 kB
Progress (3): 0.5/2.2 MB | 77/185 kB | 69/532 kB
Progress (3): 0.5/2.2 MB | 77/185 kB | 86/532 kB
Progress (3): 0.5/2.2 MB | 77/185 kB | 86/532 kB
Progress (3): 0.5/2.2 MB | 77/185 kB | 102/532 kB
Progress (3): 0.5/2.2 MB | 77/185 kB | 102/532 kB
Progress (3): 0.5/2.2 MB | 77/185 kB | 118/532 kB
Progress (3): 0.5/2.2 MB | 77/185 kB | 118/532 kB
Progress (3): 0.5/2.2 MB | 77/185 kB | 122/532 kB
Progress (3): 0.5/2.2 MB | 77/185 kB | 122/532 kB
Progress (3): 0.5/2.2 MB | 77/185 kB | 139/532 kB
Progress (3): 0.5/2.2 MB | 77/185 kB | 139/532 kB
Progress (3): 0.5/2.2 MB | 77/185 kB | 155/532 kB
Progress (3): 0.6/2.2 MB | 77/185 kB | 155/532 kB
Progress (3): 0.6/2.2 MB | 77/185 kB | 172/532 kB
Progress (3): 0.6/2.2 MB | 77/185 kB | 172/532 kB
Progress (3): 0.6/2.2 MB | 77/185 kB | 188/532 kB
Progress (3): 0.6/2.2 MB | 77/185 kB | 188/532 kB
Progress (3): 0.6/2.2 MB | 77/185 kB | 188/532 kB
Progress (3): 0.6/2.2 MB | 77/185 kB | 204/532 kB
Progress (3): 0.6/2.2 MB | 77/185 kB | 204/532 kB
Progress (3): 0.6/2.2 MB | 77/185 kB | 221/532 kB
Progress (3): 0.6/2.2 MB | 77/185 kB | 221/532 kB
Progress (3): 0.6/2.2 MB | 82/185 kB | 221/532 kB
Progress (3): 0.7/2.2 MB | 82/185 kB | 221/532 kB
Progress (3): 0.7/2.2 MB | 82/185 kB | 237/532 kB
Progress (3): 0.7/2.2 MB | 86/185 kB | 237/532 kB
Progress (3): 0.7/2.2 MB | 90/185 kB | 237/532 kB
Progress (3): 0.7/2.2 MB | 90/185 kB | 237/532 kB
Progress (3): 0.7/2.2 MB | 94/185 kB | 237/532 kB
Progress (3): 0.7/2.2 MB | 94/185 kB | 237/532 kB
Progress (3): 0.7/2.2 MB | 94/185 kB | 253/532 kB
Progress (3): 0.7/2.2 MB | 99/185 kB | 253/532 kB
Progress (3): 0.7/2.2 MB | 99/185 kB | 253/532 kB
Progress (4): 0.7/2.2 MB | 99/185 kB | 253/532 kB | 3.8/25 kB
Progress (4): 0.7/2.2 MB | 103/185 kB | 253/532 kB | 3.8/25 kB
Progress (4): 0.7/2.2 MB | 103/185 kB | 253/532 kB | 7.3/25 kB
Progress (4): 0.7/2.2 MB | 107/185 kB | 253/532 kB | 7.3/25 kB
Progress (4): 0.7/2.2 MB | 107/185 kB | 253/532 kB | 7.3/25 kB
Progress (4): 0.7/2.2 MB | 107/185 kB | 253/532 kB | 11/25 kB 
Progress (4): 0.7/2.2 MB | 111/185 kB | 253/532 kB | 11/25 kB
Progress (4): 0.7/2.2 MB | 111/185 kB | 270/532 kB | 11/25 kB
Progress (4): 0.7/2.2 MB | 111/185 kB | 270/532 kB | 11/25 kB
Progress (4): 0.7/2.2 MB | 111/185 kB | 270/532 kB | 16/25 kB
Progress (4): 0.7/2.2 MB | 115/185 kB | 270/532 kB | 16/25 kB
Progress (5): 0.7/2.2 MB | 115/185 kB | 270/532 kB | 16/25 kB | 7.2 kB
Progress (5): 0.8/2.2 MB | 115/185 kB | 270/532 kB | 16/25 kB | 7.2 kB
                                                                      
Downloaded from central: https://repo.maven.apache.org/maven2/xmlpull/xmlpull/1.1.3.1/xmlpull-1.1.3.1.jar (7.2 kB at 5.7 kB/s)
Downloading from central: https://repo.maven.apache.org/maven2/joda-time/joda-time/2.2/joda-time-2.2.jar
Progress (4): 0.8/2.2 MB | 115/185 kB | 270/532 kB | 20/25 kB
Progress (4): 0.8/2.2 MB | 120/185 kB | 270/532 kB | 20/25 kB
Progress (4): 0.8/2.2 MB | 120/185 kB | 286/532 kB | 20/25 kB
Progress (4): 0.8/2.2 MB | 120/185 kB | 286/532 kB | 24/25 kB
Progress (4): 0.8/2.2 MB | 120/185 kB | 286/532 kB | 25 kB   
Progress (4): 0.8/2.2 MB | 120/185 kB | 286/532 kB | 25 kB
                                                          
Downloaded from central: https://repo.maven.apache.org/maven2/xpp3/xpp3_min/1.1.4c/xpp3_min-1.1.4c.jar (25 kB at 20 kB/s)
Downloading from central: https://repo.maven.apache.org/maven2/commons-beanutils/commons-beanutils-core/1.8.3/commons-beanutils-core-1.8.3.jar
Progress (3): 0.8/2.2 MB | 124/185 kB | 286/532 kB
Progress (3): 0.8/2.2 MB | 126/185 kB | 286/532 kB
Progress (3): 0.8/2.2 MB | 126/185 kB | 286/532 kB
Progress (3): 0.8/2.2 MB | 130/185 kB | 286/532 kB
Progress (3): 0.8/2.2 MB | 130/185 kB | 286/532 kB
Progress (3): 0.8/2.2 MB | 130/185 kB | 303/532 kB
Progress (3): 0.8/2.2 MB | 135/185 kB | 303/532 kB
Progress (3): 0.8/2.2 MB | 135/185 kB | 303/532 kB
Progress (3): 0.8/2.2 MB | 139/185 kB | 303/532 kB
Progress (3): 0.8/2.2 MB | 143/185 kB | 303/532 kB
Progress (3): 0.8/2.2 MB | 143/185 kB | 303/532 kB
Progress (3): 0.8/2.2 MB | 143/185 kB | 319/532 kB
Progress (3): 0.8/2.2 MB | 147/185 kB | 319/532 kB
Progress (3): 0.9/2.2 MB | 147/185 kB | 319/532 kB
Progress (3): 0.9/2.2 MB | 151/185 kB | 319/532 kB
Progress (3): 0.9/2.2 MB | 151/185 kB | 319/532 kB
Progress (3): 0.9/2.2 MB | 156/185 kB | 319/532 kB
Progress (3): 0.9/2.2 MB | 156/185 kB | 335/532 kB
Progress (3): 0.9/2.2 MB | 156/185 kB | 335/532 kB
Progress (3): 0.9/2.2 MB | 156/185 kB | 335/532 kB
Progress (3): 0.9/2.2 MB | 156/185 kB | 352/532 kB
Progress (3): 0.9/2.2 MB | 156/185 kB | 352/532 kB
Progress (3): 0.9/2.2 MB | 156/185 kB | 352/532 kB
Progress (3): 0.9/2.2 MB | 172/185 kB | 352/532 kB
Progress (3): 1.0/2.2 MB | 172/185 kB | 352/532 kB
Progress (3): 1.0/2.2 MB | 172/185 kB | 368/532 kB
Progress (3): 1.0/2.2 MB | 172/185 kB | 368/532 kB
Progress (3): 1.0/2.2 MB | 185 kB | 368/532 kB    
                                              
Downloaded from central: https://repo.maven.apache.org/maven2/commons-io/commons-io/2.4/commons-io-2.4.jar (185 kB at 140 kB/s)
Downloading from central: https://repo.maven.apache.org/maven2/org/sonatype/sisu/siesta/siesta-client/1.7/siesta-client-1.7.jar
Progress (2): 1.0/2.2 MB | 368/532 kB
Progress (2): 1.0/2.2 MB | 385/532 kB
Progress (2): 1.0/2.2 MB | 385/532 kB
Progress (2): 1.0/2.2 MB | 385/532 kB
Progress (2): 1.0/2.2 MB | 385/532 kB
Progress (2): 1.0/2.2 MB | 401/532 kB
Progress (2): 1.0/2.2 MB | 401/532 kB
Progress (2): 1.1/2.2 MB | 401/532 kB
Progress (2): 1.1/2.2 MB | 417/532 kB
Progress (2): 1.1/2.2 MB | 417/532 kB
Progress (2): 1.1/2.2 MB | 417/532 kB
Progress (2): 1.1/2.2 MB | 434/532 kB
Progress (2): 1.1/2.2 MB | 434/532 kB
Progress (2): 1.1/2.2 MB | 434/532 kB
Progress (2): 1.1/2.2 MB | 450/532 kB
Progress (2): 1.1/2.2 MB | 450/532 kB
Progress (2): 1.2/2.2 MB | 450/532 kB
Progress (2): 1.2/2.2 MB | 450/532 kB
Progress (2): 1.2/2.2 MB | 466/532 kB
Progress (2): 1.2/2.2 MB | 466/532 kB
Progress (2): 1.2/2.2 MB | 483/532 kB
Progress (2): 1.2/2.2 MB | 483/532 kB
Progress (2): 1.2/2.2 MB | 483/532 kB
Progress (2): 1.2/2.2 MB | 483/532 kB
Progress (2): 1.2/2.2 MB | 499/532 kB
Progress (2): 1.3/2.2 MB | 499/532 kB
Progress (2): 1.3/2.2 MB | 499/532 kB
Progress (2): 1.3/2.2 MB | 516/532 kB
Progress (2): 1.3/2.2 MB | 516/532 kB
Progress (2): 1.3/2.2 MB | 516/532 kB
Progress (2): 1.3/2.2 MB | 532 kB    
                                 
Downloaded from central: https://repo.maven.apache.org/maven2/com/thoughtworks/xstream/xstream/1.4.7/xstream-1.4.7.jar (532 kB at 379 kB/s)
Downloading from central: https://repo.maven.apache.org/maven2/org/sonatype/sisu/siesta/siesta-common/1.7/siesta-common-1.7.jar
Progress (1): 1.3/2.2 MB
Progress (1): 1.3/2.2 MB
Progress (1): 1.4/2.2 MB
Progress (1): 1.4/2.2 MB
Progress (1): 1.4/2.2 MB
Progress (1): 1.4/2.2 MB
Progress (1): 1.4/2.2 MB
Progress (1): 1.4/2.2 MB
Progress (1): 1.5/2.2 MB
Progress (1): 1.5/2.2 MB
Progress (1): 1.5/2.2 MB
Progress (1): 1.5/2.2 MB
Progress (1): 1.5/2.2 MB
Progress (1): 1.5/2.2 MB
Progress (1): 1.6/2.2 MB
Progress (1): 1.6/2.2 MB
Progress (1): 1.6/2.2 MB
Progress (1): 1.6/2.2 MB
Progress (1): 1.6/2.2 MB
Progress (1): 1.6/2.2 MB
Progress (1): 1.7/2.2 MB
Progress (1): 1.7/2.2 MB
Progress (1): 1.7/2.2 MB
Progress (1): 1.7/2.2 MB
Progress (1): 1.7/2.2 MB
Progress (1): 1.7/2.2 MB
Progress (2): 1.7/2.2 MB | 3.8/207 kB
Progress (2): 1.8/2.2 MB | 3.8/207 kB
Progress (2): 1.8/2.2 MB | 8.0/207 kB
Progress (2): 1.8/2.2 MB | 8.0/207 kB
Progress (2): 1.8/2.2 MB | 8.0/207 kB
Progress (2): 1.8/2.2 MB | 12/207 kB 
Progress (2): 1.8/2.2 MB | 12/207 kB
Progress (2): 1.8/2.2 MB | 12/207 kB
Progress (2): 1.8/2.2 MB | 12/207 kB
Progress (3): 1.8/2.2 MB | 12/207 kB | 7.7/574 kB
Progress (3): 1.8/2.2 MB | 12/207 kB | 7.7/574 kB
Progress (3): 1.9/2.2 MB | 12/207 kB | 7.7/574 kB
Progress (3): 1.9/2.2 MB | 12/207 kB | 7.7/574 kB
Progress (3): 1.9/2.2 MB | 24/207 kB | 7.7/574 kB
Progress (3): 1.9/2.2 MB | 24/207 kB | 7.7/574 kB
Progress (3): 1.9/2.2 MB | 24/207 kB | 7.7/574 kB
Progress (3): 1.9/2.2 MB | 24/207 kB | 7.7/574 kB
Progress (3): 1.9/2.2 MB | 33/207 kB | 7.7/574 kB
Progress (3): 1.9/2.2 MB | 33/207 kB | 7.7/574 kB
Progress (3): 1.9/2.2 MB | 33/207 kB | 24/574 kB 
Progress (3): 1.9/2.2 MB | 33/207 kB | 24/574 kB
Progress (3): 2.0/2.2 MB | 33/207 kB | 24/574 kB
Progress (3): 2.0/2.2 MB | 33/207 kB | 24/574 kB
Progress (3): 2.0/2.2 MB | 33/207 kB | 24/574 kB
Progress (3): 2.0/2.2 MB | 33/207 kB | 24/574 kB
Progress (3): 2.0/2.2 MB | 33/207 kB | 24/574 kB
Progress (3): 2.0/2.2 MB | 49/207 kB | 24/574 kB
Progress (3): 2.0/2.2 MB | 49/207 kB | 40/574 kB
Progress (3): 2.0/2.2 MB | 49/207 kB | 40/574 kB
Progress (3): 2.1/2.2 MB | 49/207 kB | 40/574 kB
Progress (3): 2.1/2.2 MB | 49/207 kB | 40/574 kB
Progress (3): 2.1/2.2 MB | 49/207 kB | 40/574 kB
Progress (3): 2.1/2.2 MB | 49/207 kB | 40/574 kB
Progress (3): 2.1/2.2 MB | 49/207 kB | 57/574 kB
Progress (3): 2.1/2.2 MB | 49/207 kB | 57/574 kB
Progress (3): 2.1/2.2 MB | 49/207 kB | 57/574 kB
Progress (3): 2.1/2.2 MB | 66/207 kB | 57/574 kB
Progress (3): 2.2/2.2 MB | 66/207 kB | 57/574 kB
Progress (3): 2.2/2.2 MB | 66/207 kB | 57/574 kB
Progress (3): 2.2 MB | 66/207 kB | 57/574 kB    
                                            
Downloaded from central: https://repo.maven.apache.org/maven2/com/google/guava/guava/14.0.1/guava-14.0.1.jar (2.2 MB at 1.4 MB/s)
Downloading from central: https://repo.maven.apache.org/maven2/javax/ws/rs/jsr311-api/1.1.1/jsr311-api-1.1.1.jar
Progress (2): 66/207 kB | 73/574 kB
Progress (2): 82/207 kB | 73/574 kB
Progress (2): 82/207 kB | 90/574 kB
Progress (2): 98/207 kB | 90/574 kB
Progress (2): 98/207 kB | 106/574 kB
Progress (2): 115/207 kB | 106/574 kB
Progress (2): 115/207 kB | 122/574 kB
Progress (2): 115/207 kB | 139/574 kB
Progress (2): 131/207 kB | 139/574 kB
Progress (3): 131/207 kB | 139/574 kB | 7.7/20 kB
Progress (3): 131/207 kB | 139/574 kB | 16/20 kB 
Progress (3): 131/207 kB | 139/574 kB | 20 kB   
                                             
Downloaded from central: https://repo.maven.apache.org/maven2/org/sonatype/sisu/siesta/siesta-client/1.7/siesta-client-1.7.jar (20 kB at 13 kB/s)
Downloading from central: https://repo.maven.apache.org/maven2/com/sun/jersey/jersey-core/1.17.1/jersey-core-1.17.1.jar
Progress (2): 131/207 kB | 155/574 kB
Progress (2): 147/207 kB | 155/574 kB
Progress (2): 147/207 kB | 172/574 kB
Progress (2): 164/207 kB | 172/574 kB
Progress (2): 164/207 kB | 188/574 kB
Progress (3): 164/207 kB | 188/574 kB | 7.7/11 kB
Progress (3): 164/207 kB | 188/574 kB | 7.7/11 kB
Progress (3): 164/207 kB | 188/574 kB | 11 kB    
                                             
Downloaded from central: https://repo.maven.apache.org/maven2/org/sonatype/sisu/siesta/siesta-common/1.7/siesta-common-1.7.jar (11 kB at 6.6 kB/s)
Downloading from central: https://repo.maven.apache.org/maven2/javax/validation/validation-api/1.1.0.Final/validation-api-1.1.0.Final.jar
Progress (2): 180/207 kB | 188/574 kB
Progress (2): 180/207 kB | 204/574 kB
Progress (2): 197/207 kB | 204/574 kB
Progress (2): 197/207 kB | 221/574 kB
Progress (2): 197/207 kB | 237/574 kB
Progress (2): 207 kB | 237/574 kB    
                                 
Downloaded from central: https://repo.maven.apache.org/maven2/commons-beanutils/commons-beanutils-core/1.8.3/commons-beanutils-core-1.8.3.jar (207 kB at 127 kB/s)
Downloading from central: https://repo.maven.apache.org/maven2/com/sun/jersey/jersey-client/1.17.1/jersey-client-1.17.1.jar
Progress (1): 253/574 kB
Progress (1): 270/574 kB
Progress (1): 286/574 kB
Progress (1): 303/574 kB
Progress (1): 319/574 kB
Progress (1): 335/574 kB
Progress (1): 352/574 kB
Progress (1): 368/574 kB
Progress (2): 368/574 kB | 7.7/46 kB
Progress (2): 368/574 kB | 7.7/46 kB
Progress (2): 368/574 kB | 24/46 kB 
Progress (2): 368/574 kB | 40/46 kB
Progress (2): 368/574 kB | 46 kB   
                                
Downloaded from central: https://repo.maven.apache.org/maven2/javax/ws/rs/jsr311-api/1.1.1/jsr311-api-1.1.1.jar (46 kB at 27 kB/s)
Downloading from central: https://repo.maven.apache.org/maven2/com/sun/jersey/contribs/jersey-apache-client4/1.17.1/jersey-apache-client4-1.17.1.jar
Progress (1): 385/574 kB
Progress (1): 401/574 kB
Progress (1): 417/574 kB
Progress (1): 434/574 kB
Progress (1): 450/574 kB
Progress (1): 466/574 kB
Progress (1): 483/574 kB
Progress (1): 499/574 kB
Progress (1): 516/574 kB
Progress (1): 532/574 kB
Progress (2): 532/574 kB | 3.2/131 kB
Progress (2): 548/574 kB | 3.2/131 kB
Progress (2): 548/574 kB | 20/131 kB 
Progress (2): 548/574 kB | 36/131 kB
Progress (2): 565/574 kB | 36/131 kB
Progress (2): 565/574 kB | 52/131 kB
Progress (2): 574 kB | 52/131 kB    
                                
Downloaded from central: https://repo.maven.apache.org/maven2/joda-time/joda-time/2.2/joda-time-2.2.jar (574 kB at 314 kB/s)
Downloading from central: https://repo.maven.apache.org/maven2/org/sonatype/sisu/siesta/siesta-jackson/1.7/siesta-jackson-1.7.jar
Progress (1): 69/131 kB
Progress (2): 69/131 kB | 16/467 kB
Progress (2): 85/131 kB | 16/467 kB
Progress (2): 101/131 kB | 16/467 kB
Progress (2): 101/131 kB | 33/467 kB
Progress (2): 118/131 kB | 33/467 kB
Progress (2): 131 kB | 33/467 kB    
                                
Downloaded from central: https://repo.maven.apache.org/maven2/com/sun/jersey/jersey-client/1.17.1/jersey-client-1.17.1.jar (131 kB at 71 kB/s)
Downloading from central: https://repo.maven.apache.org/maven2/com/fasterxml/jackson/core/jackson-annotations/2.3.1/jackson-annotations-2.3.1.jar
Progress (2): 33/467 kB | 7.7/64 kB
Progress (2): 33/467 kB | 16/64 kB 
Progress (2): 49/467 kB | 16/64 kB
Progress (2): 49/467 kB | 32/64 kB
Progress (2): 49/467 kB | 49/64 kB
Progress (2): 49/467 kB | 64 kB   
                               
Downloaded from central: https://repo.maven.apache.org/maven2/javax/validation/validation-api/1.1.0.Final/validation-api-1.1.0.Final.jar (64 kB at 34 kB/s)
Downloading from central: https://repo.maven.apache.org/maven2/com/fasterxml/jackson/core/jackson-core/2.3.1/jackson-core-2.3.1.jar
Progress (1): 66/467 kB
Progress (1): 82/467 kB
Progress (1): 98/467 kB
Progress (1): 115/467 kB
Progress (1): 131/467 kB
Progress (2): 131/467 kB | 16 kB
                                
Downloaded from central: https://repo.maven.apache.org/maven2/com/sun/jersey/contribs/jersey-apache-client4/1.17.1/jersey-apache-client4-1.17.1.jar (16 kB at 8.3 kB/s)
Downloading from central: https://repo.maven.apache.org/maven2/com/fasterxml/jackson/core/jackson-databind/2.3.1/jackson-databind-2.3.1.jar
Progress (1): 147/467 kB
Progress (1): 164/467 kB
Progress (1): 180/467 kB
Progress (1): 197/467 kB
Progress (1): 213/467 kB
Progress (1): 229/467 kB
Progress (1): 246/467 kB
Progress (1): 262/467 kB
Progress (1): 279/467 kB
Progress (1): 295/467 kB
Progress (1): 311/467 kB
Progress (1): 328/467 kB
Progress (2): 328/467 kB | 7.7/37 kB
Progress (2): 328/467 kB | 7.7/37 kB
Progress (2): 328/467 kB | 24/37 kB 
Progress (3): 328/467 kB | 24/37 kB | 6.3 kB
Progress (3): 328/467 kB | 37 kB | 6.3 kB   
                                         
Downloaded from central: https://repo.maven.apache.org/maven2/org/sonatype/sisu/siesta/siesta-jackson/1.7/siesta-jackson-1.7.jar (6.3 kB at 3.1 kB/s)
Downloading from central: https://repo.maven.apache.org/maven2/com/fasterxml/jackson/jaxrs/jackson-jaxrs-json-provider/2.3.1/jackson-jaxrs-json-provider-2.3.1.jar
Downloaded from central: https://repo.maven.apache.org/maven2/com/fasterxml/jackson/core/jackson-annotations/2.3.1/jackson-annotations-2.3.1.jar (37 kB at 18 kB/s)
Downloading from central: https://repo.maven.apache.org/maven2/com/fasterxml/jackson/jaxrs/jackson-jaxrs-base/2.3.1/jackson-jaxrs-base-2.3.1.jar
Progress (1): 344/467 kB
Progress (2): 344/467 kB | 7.7/198 kB
Progress (2): 344/467 kB | 16/198 kB 
Progress (2): 344/467 kB | 24/198 kB
Progress (2): 344/467 kB | 40/198 kB
Progress (2): 360/467 kB | 40/198 kB
Progress (2): 360/467 kB | 57/198 kB
Progress (2): 360/467 kB | 73/198 kB
Progress (2): 360/467 kB | 90/198 kB
Progress (2): 377/467 kB | 90/198 kB
Progress (2): 377/467 kB | 106/198 kB
Progress (2): 377/467 kB | 122/198 kB
Progress (2): 377/467 kB | 139/198 kB
Progress (2): 393/467 kB | 139/198 kB
Progress (2): 393/467 kB | 155/198 kB
Progress (2): 393/467 kB | 172/198 kB
Progress (2): 393/467 kB | 188/198 kB
Progress (2): 393/467 kB | 198 kB    
                                 
Downloaded from central: https://repo.maven.apache.org/maven2/com/fasterxml/jackson/core/jackson-core/2.3.1/jackson-core-2.3.1.jar (198 kB at 95 kB/s)
Downloading from central: https://repo.maven.apache.org/maven2/com/fasterxml/jackson/module/jackson-module-jaxb-annotations/2.3.1/jackson-module-jaxb-annotations-2.3.1.jar
Progress (1): 410/467 kB
Progress (1): 426/467 kB
Progress (2): 426/467 kB | 7.7/914 kB
Progress (2): 426/467 kB | 16/914 kB 
Progress (2): 426/467 kB | 32/914 kB
Progress (2): 442/467 kB | 32/914 kB
Progress (2): 442/467 kB | 49/914 kB
Progress (2): 442/467 kB | 65/914 kB
Progress (2): 442/467 kB | 81/914 kB
Progress (2): 450/467 kB | 81/914 kB
Progress (2): 450/467 kB | 98/914 kB
Progress (2): 450/467 kB | 114/914 kB
Progress (2): 450/467 kB | 131/914 kB
Progress (2): 450/467 kB | 147/914 kB
Progress (2): 450/467 kB | 163/914 kB
Progress (2): 466/467 kB | 163/914 kB
Progress (2): 467 kB | 163/914 kB    
Progress (2): 467 kB | 180/914 kB
                                 
Downloaded from central: https://repo.maven.apache.org/maven2/com/sun/jersey/jersey-core/1.17.1/jersey-core-1.17.1.jar (467 kB at 220 kB/s)
Downloading from central: https://repo.maven.apache.org/maven2/org/apache/httpcomponents/httpclient/4.3.5/httpclient-4.3.5.jar
Progress (1): 196/914 kB
Progress (1): 212/914 kB
Progress (1): 217/914 kB
Progress (1): 229/914 kB
Progress (1): 245/914 kB
Progress (1): 262/914 kB
Progress (1): 278/914 kB
Progress (1): 294/914 kB
Progress (1): 311/914 kB
Progress (1): 327/914 kB
Progress (1): 344/914 kB
Progress (1): 348/914 kB
Progress (1): 364/914 kB
Progress (1): 381/914 kB
Progress (1): 397/914 kB
Progress (1): 413/914 kB
Progress (1): 430/914 kB
Progress (1): 446/914 kB
Progress (1): 463/914 kB
Progress (1): 479/914 kB
Progress (1): 495/914 kB
Progress (1): 512/914 kB
Progress (1): 528/914 kB
Progress (1): 544/914 kB
Progress (1): 561/914 kB
Progress (1): 577/914 kB
Progress (1): 594/914 kB
Progress (1): 610/914 kB
Progress (1): 626/914 kB
Progress (1): 643/914 kB
Progress (1): 659/914 kB
Progress (1): 676/914 kB
Progress (1): 692/914 kB
Progress (1): 708/914 kB
Progress (1): 725/914 kB
Progress (1): 741/914 kB
Progress (1): 757/914 kB
Progress (1): 774/914 kB
Progress (1): 790/914 kB
Progress (1): 807/914 kB
Progress (1): 823/914 kB
Progress (1): 839/914 kB
Progress (1): 856/914 kB
Progress (1): 872/914 kB
Progress (1): 889/914 kB
Progress (1): 905/914 kB
Progress (1): 914 kB    
                    
Downloaded from central: https://repo.maven.apache.org/maven2/com/fasterxml/jackson/core/jackson-databind/2.3.1/jackson-databind-2.3.1.jar (914 kB at 421 kB/s)
Downloading from central: https://repo.maven.apache.org/maven2/commons-codec/commons-codec/1.6/commons-codec-1.6.jar
Progress (1): 7.7/16 kB
Progress (1): 16/16 kB 
Progress (1): 16 kB   
                   
Downloaded from central: https://repo.maven.apache.org/maven2/com/fasterxml/jackson/jaxrs/jackson-jaxrs-json-provider/2.3.1/jackson-jaxrs-json-provider-2.3.1.jar (16 kB at 7.3 kB/s)
Downloading from central: https://repo.maven.apache.org/maven2/org/apache/httpcomponents/httpcore/4.3.2/httpcore-4.3.2.jar
Progress (1): 7.7/28 kB
Progress (1): 7.7/28 kB
Progress (1): 24/28 kB 
Progress (1): 28 kB   
                   
Downloaded from central: https://repo.maven.apache.org/maven2/com/fasterxml/jackson/jaxrs/jackson-jaxrs-base/2.3.1/jackson-jaxrs-base-2.3.1.jar (28 kB at 12 kB/s)
Downloading from central: https://repo.maven.apache.org/maven2/org/slf4j/jcl-over-slf4j/1.7.7/jcl-over-slf4j-1.7.7.jar
Progress (1): 7.7/32 kB
Progress (1): 16/32 kB 
Progress (1): 32 kB   
                   
Downloaded from central: https://repo.maven.apache.org/maven2/com/fasterxml/jackson/module/jackson-module-jaxb-annotations/2.3.1/jackson-module-jaxb-annotations-2.3.1.jar (32 kB at 14 kB/s)
Downloading from central: https://repo.maven.apache.org/maven2/org/sonatype/spice/zapper/spice-zapper/1.3/spice-zapper-1.3.jar
Progress (1): 7.7/591 kB
Progress (1): 16/591 kB 
Progress (1): 24/591 kB
Progress (1): 40/591 kB
Progress (2): 40/591 kB | 7.7/233 kB
Progress (2): 40/591 kB | 16/233 kB 
Progress (2): 57/591 kB | 16/233 kB
Progress (2): 57/591 kB | 24/233 kB
Progress (2): 57/591 kB | 40/233 kB
Progress (2): 57/591 kB | 57/233 kB
Progress (2): 57/591 kB | 73/233 kB
Progress (2): 57/591 kB | 90/233 kB
Progress (2): 57/591 kB | 106/233 kB
Progress (2): 73/591 kB | 106/233 kB
Progress (2): 73/591 kB | 122/233 kB
Progress (2): 73/591 kB | 139/233 kB
Progress (2): 73/591 kB | 155/233 kB
Progress (2): 90/591 kB | 155/233 kB
Progress (2): 90/591 kB | 172/233 kB
Progress (2): 90/591 kB | 188/233 kB
Progress (2): 90/591 kB | 204/233 kB
Progress (2): 90/591 kB | 221/233 kB
Progress (2): 106/591 kB | 221/233 kB
Progress (2): 106/591 kB | 233 kB    
                                 
Downloaded from central: https://repo.maven.apache.org/maven2/commons-codec/commons-codec/1.6/commons-codec-1.6.jar (233 kB at 98 kB/s)
Downloading from central: https://repo.maven.apache.org/maven2/org/fusesource/hawtbuf/hawtbuf-proto/1.9/hawtbuf-proto-1.9.jar
Progress (1): 122/591 kB
Progress (1): 139/591 kB
Progress (1): 155/591 kB
Progress (1): 172/591 kB
Progress (1): 188/591 kB
Progress (1): 204/591 kB
Progress (1): 221/591 kB
Progress (1): 237/591 kB
Progress (1): 253/591 kB
Progress (1): 270/591 kB
Progress (1): 286/591 kB
Progress (1): 303/591 kB
Progress (1): 319/591 kB
Progress (1): 335/591 kB
Progress (1): 352/591 kB
Progress (1): 368/591 kB
Progress (1): 385/591 kB
Progress (1): 401/591 kB
Progress (1): 417/591 kB
Progress (1): 434/591 kB
Progress (1): 450/591 kB
Progress (1): 466/591 kB
Progress (2): 466/591 kB | 7.2/282 kB
Progress (2): 483/591 kB | 7.2/282 kB
Progress (2): 483/591 kB | 15/282 kB 
Progress (2): 499/591 kB | 15/282 kB
Progress (2): 499/591 kB | 32/282 kB
Progress (2): 516/591 kB | 32/282 kB
Progress (2): 516/591 kB | 48/282 kB
Progress (2): 532/591 kB | 48/282 kB
Progress (2): 532/591 kB | 65/282 kB
Progress (2): 548/591 kB | 65/282 kB
Progress (2): 565/591 kB | 65/282 kB
Progress (2): 565/591 kB | 81/282 kB
Progress (2): 581/591 kB | 81/282 kB
Progress (2): 581/591 kB | 97/282 kB
Progress (2): 591 kB | 97/282 kB    
                                
Downloaded from central: https://repo.maven.apache.org/maven2/org/apache/httpcomponents/httpclient/4.3.5/httpclient-4.3.5.jar (591 kB at 238 kB/s)
Downloading from central: https://repo.maven.apache.org/maven2/org/fusesource/hawtbuf/hawtbuf/1.9/hawtbuf-1.9.jar
Progress (1): 114/282 kB
Progress (1): 130/282 kB
Progress (2): 130/282 kB | 7.7/17 kB
Progress (2): 130/282 kB | 16/17 kB 
Progress (2): 130/282 kB | 17 kB   
                                
Downloaded from central: https://repo.maven.apache.org/maven2/org/slf4j/jcl-over-slf4j/1.7.7/jcl-over-slf4j-1.7.7.jar (17 kB at 6.6 kB/s)
Downloading from central: https://repo.maven.apache.org/maven2/org/codehaus/plexus/plexus-utils/3.0.8/plexus-utils-3.0.8.jar
Progress (1): 147/282 kB
Progress (1): 163/282 kB
Progress (1): 179/282 kB
Progress (1): 196/282 kB
Progress (1): 212/282 kB
Progress (1): 228/282 kB
Progress (2): 228/282 kB | 7.7/121 kB
Progress (2): 228/282 kB | 8.2/121 kB
Progress (2): 228/282 kB | 25/121 kB 
Progress (2): 245/282 kB | 25/121 kB
Progress (2): 245/282 kB | 41/121 kB
Progress (2): 261/282 kB | 41/121 kB
Progress (2): 261/282 kB | 57/121 kB
Progress (2): 261/282 kB | 74/121 kB
Progress (2): 278/282 kB | 74/121 kB
Progress (2): 282 kB | 74/121 kB    
                                
Downloaded from central: https://repo.maven.apache.org/maven2/org/apache/httpcomponents/httpcore/4.3.2/httpcore-4.3.2.jar (282 kB at 112 kB/s)
Downloading from central: https://repo.maven.apache.org/maven2/org/codehaus/plexus/plexus-interpolation/1.15/plexus-interpolation-1.15.jar
Progress (1): 90/121 kB
Progress (1): 106/121 kB
Progress (1): 121 kB    
                    
Downloaded from central: https://repo.maven.apache.org/maven2/org/sonatype/spice/zapper/spice-zapper/1.3/spice-zapper-1.3.jar (121 kB at 48 kB/s)
Downloading from central: https://repo.maven.apache.org/maven2/org/sonatype/aether/aether-api/1.13.1/aether-api-1.13.1.jar
Progress (1): 7.7/27 kB
Progress (1): 16/27 kB 
Progress (1): 24/27 kB
Progress (1): 27 kB   
                   
Downloaded from central: https://repo.maven.apache.org/maven2/org/fusesource/hawtbuf/hawtbuf-proto/1.9/hawtbuf-proto-1.9.jar (27 kB at 11 kB/s)
Downloading from central: https://repo.maven.apache.org/maven2/ch/qos/logback/logback-core/1.1.2/logback-core-1.1.2.jar
Progress (1): 7.7/50 kB
Progress (1): 16/50 kB 
Progress (1): 32/50 kB
Progress (2): 32/50 kB | 7.7/232 kB
Progress (2): 32/50 kB | 16/232 kB 
Progress (3): 32/50 kB | 16/232 kB | 4.1/60 kB
Progress (3): 49/50 kB | 16/232 kB | 4.1/60 kB
Progress (3): 50 kB | 16/232 kB | 4.1/60 kB   
                                           
Downloaded from central: https://repo.maven.apache.org/maven2/org/fusesource/hawtbuf/hawtbuf/1.9/hawtbuf-1.9.jar (50 kB at 19 kB/s)
Downloading from central: https://repo.maven.apache.org/maven2/ch/qos/logback/logback-classic/1.1.2/logback-classic-1.1.2.jar
Progress (2): 32/232 kB | 4.1/60 kB
Progress (2): 32/232 kB | 20/60 kB 
Progress (2): 49/232 kB | 20/60 kB
Progress (2): 49/232 kB | 29/60 kB
Progress (2): 65/232 kB | 29/60 kB
Progress (2): 65/232 kB | 45/60 kB
Progress (2): 81/232 kB | 45/60 kB
Progress (2): 81/232 kB | 60 kB   
Progress (2): 98/232 kB | 60 kB
                               
Downloaded from central: https://repo.maven.apache.org/maven2/org/codehaus/plexus/plexus-interpolation/1.15/plexus-interpolation-1.15.jar (60 kB at 22 kB/s)
Progress (1): 114/232 kB
Progress (1): 131/232 kB
Progress (1): 147/232 kB
Progress (2): 147/232 kB | 7.7/90 kB
Progress (2): 147/232 kB | 7.7/90 kB
Progress (2): 163/232 kB | 7.7/90 kB
Progress (2): 163/232 kB | 24/90 kB 
Progress (2): 180/232 kB | 24/90 kB
Progress (2): 180/232 kB | 40/90 kB
Progress (2): 196/232 kB | 40/90 kB
Progress (2): 196/232 kB | 57/90 kB
Progress (2): 212/232 kB | 57/90 kB
Progress (2): 212/232 kB | 73/90 kB
Progress (2): 229/232 kB | 73/90 kB
Progress (2): 232 kB | 73/90 kB    
Progress (2): 232 kB | 90/90 kB
Progress (2): 232 kB | 90 kB   
                            
Downloaded from central: https://repo.maven.apache.org/maven2/org/codehaus/plexus/plexus-utils/3.0.8/plexus-utils-3.0.8.jar (232 kB at 84 kB/s)
Downloaded from central: https://repo.maven.apache.org/maven2/org/sonatype/aether/aether-api/1.13.1/aether-api-1.13.1.jar (90 kB at 33 kB/s)
Progress (1): 7.7/428 kB
Progress (1): 16/428 kB 
Progress (1): 32/428 kB
Progress (1): 49/428 kB
Progress (1): 65/428 kB
Progress (1): 81/428 kB
Progress (1): 98/428 kB
Progress (1): 114/428 kB
Progress (1): 131/428 kB
Progress (1): 147/428 kB
Progress (1): 163/428 kB
Progress (1): 180/428 kB
Progress (1): 196/428 kB
Progress (1): 212/428 kB
Progress (1): 229/428 kB
Progress (1): 245/428 kB
Progress (1): 262/428 kB
Progress (1): 278/428 kB
Progress (1): 294/428 kB
Progress (1): 311/428 kB
Progress (1): 327/428 kB
Progress (1): 344/428 kB
Progress (1): 360/428 kB
Progress (1): 376/428 kB
Progress (1): 393/428 kB
Progress (1): 409/428 kB
Progress (1): 425/428 kB
Progress (1): 428 kB    
                    
Downloaded from central: https://repo.maven.apache.org/maven2/ch/qos/logback/logback-core/1.1.2/logback-core-1.1.2.jar (428 kB at 152 kB/s)
Progress (1): 8.2/271 kB
Progress (1): 25/271 kB 
Progress (1): 41/271 kB
Progress (1): 57/271 kB
Progress (1): 66/271 kB
Progress (1): 82/271 kB
Progress (1): 98/271 kB
Progress (1): 115/271 kB
Progress (1): 131/271 kB
Progress (1): 147/271 kB
Progress (1): 164/271 kB
Progress (1): 180/271 kB
Progress (1): 197/271 kB
Progress (1): 213/271 kB
Progress (1): 229/271 kB
Progress (1): 246/271 kB
Progress (1): 262/271 kB
Progress (1): 271 kB    
                    
Downloaded from central: https://repo.maven.apache.org/maven2/ch/qos/logback/logback-classic/1.1.2/logback-classic-1.1.2.jar (271 kB at 91 kB/s)
Downloading from central: https://repo.maven.apache.org/maven2/org/junit/junit-bom/5.7.0/junit-bom-5.7.0.pom
Progress (1): 914 B
Progress (1): 4.1 kB
Progress (1): 5.1 kB
                    
Downloaded from central: https://repo.maven.apache.org/maven2/org/junit/junit-bom/5.7.0/junit-bom-5.7.0.pom (5.1 kB at 23 kB/s)
[INFO] Inspecting build with total of 1 modules...
[INFO] Installing Nexus Staging features:
[INFO]   ... total of 1 executions of maven-deploy-plugin replaced with nexus-staging-maven-plugin
Downloading from central: https://repo.maven.apache.org/maven2/org/apache/maven/plugins/maven-install-plugin/3.1.3/maven-install-plugin-3.1.3.pom
Progress (1): 792 B
Progress (1): 2.2 kB
Progress (1): 5.0 kB
Progress (1): 8.1 kB
Progress (1): 8.1 kB
                    
Downloaded from central: https://repo.maven.apache.org/maven2/org/apache/maven/plugins/maven-install-plugin/3.1.3/maven-install-plugin-3.1.3.pom (8.1 kB at 35 kB/s)
Downloading from central: https://repo.maven.apache.org/maven2/org/apache/maven/plugins/maven-plugins/43/maven-plugins-43.pom
Progress (1): 773 B
Progress (1): 2.3 kB
Progress (1): 5.1 kB
Progress (1): 7.5 kB
                    
Downloaded from central: https://repo.maven.apache.org/maven2/org/apache/maven/plugins/maven-plugins/43/maven-plugins-43.pom (7.5 kB at 35 kB/s)
Downloading from central: https://repo.maven.apache.org/maven2/org/apache/maven/maven-parent/43/maven-parent-43.pom
Progress (1): 720 B
Progress (1): 1.9 kB
Progress (1): 5.5 kB
Progress (1): 9.9 kB
Progress (1): 14 kB 
Progress (1): 19 kB
Progress (1): 23 kB
Progress (1): 26 kB
Progress (1): 28 kB
Progress (1): 31 kB
Progress (1): 34 kB
Progress (1): 38 kB
Progress (1): 41 kB
Progress (1): 43 kB
Progress (1): 48 kB
Progress (1): 48 kB
Progress (1): 50 kB
                   
Downloaded from central: https://repo.maven.apache.org/maven2/org/apache/maven/maven-parent/43/maven-parent-43.pom (50 kB at 229 kB/s)
Downloading from central: https://repo.maven.apache.org/maven2/org/apache/apache/33/apache-33.pom
Progress (1): 741 B
Progress (1): 2.1 kB
Progress (1): 4.0 kB
Progress (1): 6.0 kB
Progress (1): 10 kB 
Progress (1): 16 kB
Progress (1): 19 kB
Progress (1): 22 kB
Progress (1): 24 kB
                   
Downloaded from central: https://repo.maven.apache.org/maven2/org/apache/apache/33/apache-33.pom (24 kB at 114 kB/s)
Downloading from central: https://repo.maven.apache.org/maven2/org/junit/junit-bom/5.10.3/junit-bom-5.10.3.pom
Progress (1): 908 B
Progress (1): 4.1 kB
Progress (1): 5.6 kB
                    
Downloaded from central: https://repo.maven.apache.org/maven2/org/junit/junit-bom/5.10.3/junit-bom-5.10.3.pom (5.6 kB at 28 kB/s)
Downloading from central: https://repo.maven.apache.org/maven2/org/apache/maven/plugins/maven-install-plugin/3.1.3/maven-install-plugin-3.1.3.jar
Progress (1): 7.7/33 kB
Progress (1): 15/33 kB 
Progress (1): 32/33 kB
Progress (1): 33 kB   
                   
Downloaded from central: https://repo.maven.apache.org/maven2/org/apache/maven/plugins/maven-install-plugin/3.1.3/maven-install-plugin-3.1.3.jar (33 kB at 153 kB/s)
[INFO] 
[INFO] ----------------------< org.assertj:assertj-core >----------------------
[INFO] Building AssertJ fluent assertions 3.18.1
[INFO]   from pom.xml
[INFO] --------------------------------[ jar ]---------------------------------
[INFO] 
[INFO] --- install:3.1.3:install-file (default-cli) @ assertj-core ---
Downloading from central: https://repo.maven.apache.org/maven2/org/apache/maven/resolver/maven-resolver-util/1.9.18/maven-resolver-util-1.9.18.pom
Progress (1): 830 B
Progress (1): 2.7 kB
Progress (1): 2.9 kB
                    
Downloaded from central: https://repo.maven.apache.org/maven2/org/apache/maven/resolver/maven-resolver-util/1.9.18/maven-resolver-util-1.9.18.pom (2.9 kB at 12 kB/s)
Downloading from central: https://repo.maven.apache.org/maven2/org/apache/maven/resolver/maven-resolver/1.9.18/maven-resolver-1.9.18.pom
Progress (1): 755 B
Progress (1): 2.3 kB
Progress (1): 4.0 kB
Progress (1): 9.2 kB
Progress (1): 13 kB 
Progress (1): 17 kB
Progress (1): 20 kB
Progress (1): 22 kB
                   
Downloaded from central: https://repo.maven.apache.org/maven2/org/apache/maven/resolver/maven-resolver/1.9.18/maven-resolver-1.9.18.pom (22 kB at 102 kB/s)
Downloading from central: https://repo.maven.apache.org/maven2/org/apache/maven/resolver/maven-resolver-api/1.9.18/maven-resolver-api-1.9.18.pom
Progress (1): 831 B
Progress (1): 2.6 kB
Progress (1): 2.7 kB
                    
Downloaded from central: https://repo.maven.apache.org/maven2/org/apache/maven/resolver/maven-resolver-api/1.9.18/maven-resolver-api-1.9.18.pom (2.7 kB at 12 kB/s)
Downloading from central: https://repo.maven.apache.org/maven2/org/codehaus/plexus/plexus-xml/3.0.1/plexus-xml-3.0.1.pom
Progress (1): 814 B
Progress (1): 2.6 kB
Progress (1): 3.7 kB
                    
Downloaded from central: https://repo.maven.apache.org/maven2/org/codehaus/plexus/plexus-xml/3.0.1/plexus-xml-3.0.1.pom (3.7 kB at 15 kB/s)
Downloading from central: https://repo.maven.apache.org/maven2/org/codehaus/plexus/plexus/18/plexus-18.pom
Progress (1): 692 B
Progress (1): 2.5 kB
Progress (1): 6.4 kB
Progress (1): 8.9 kB
Progress (1): 10 kB 
Progress (1): 14 kB
Progress (1): 18 kB
Progress (1): 21 kB
Progress (1): 25 kB
Progress (1): 29 kB
Progress (1): 29 kB
                   
Downloaded from central: https://repo.maven.apache.org/maven2/org/codehaus/plexus/plexus/18/plexus-18.pom (29 kB at 128 kB/s)
Downloading from central: https://repo.maven.apache.org/maven2/org/apache/maven/resolver/maven-resolver-util/1.9.18/maven-resolver-util-1.9.18.jar
Progress (1): 7.7/196 kB
Progress (1): 16/196 kB 
Progress (1): 32/196 kB
Progress (1): 48/196 kB
Progress (1): 65/196 kB
Progress (1): 81/196 kB
Progress (1): 97/196 kB
Progress (1): 114/196 kB
Progress (1): 130/196 kB
Progress (1): 147/196 kB
Progress (1): 163/196 kB
Progress (1): 179/196 kB
Progress (1): 196/196 kB
Progress (1): 196 kB    
                    
Downloaded from central: https://repo.maven.apache.org/maven2/org/apache/maven/resolver/maven-resolver-util/1.9.18/maven-resolver-util-1.9.18.jar (196 kB at 797 kB/s)
Downloading from central: https://repo.maven.apache.org/maven2/org/apache/maven/resolver/maven-resolver-api/1.9.18/maven-resolver-api-1.9.18.jar
Downloading from central: https://repo.maven.apache.org/maven2/org/codehaus/plexus/plexus-xml/3.0.1/plexus-xml-3.0.1.jar
Progress (1): 7.7/94 kB
Progress (1): 16/94 kB 
Progress (1): 32/94 kB
Progress (1): 49/94 kB
Progress (1): 65/94 kB
Progress (1): 81/94 kB
Progress (1): 94 kB   
                   
Downloaded from central: https://repo.maven.apache.org/maven2/org/codehaus/plexus/plexus-xml/3.0.1/plexus-xml-3.0.1.jar (94 kB at 486 kB/s)
Progress (1): 7.7/157 kB
Progress (1): 16/157 kB 
Progress (1): 32/157 kB
Progress (1): 49/157 kB
Progress (1): 57/157 kB
Progress (1): 73/157 kB
Progress (1): 90/157 kB
Progress (1): 106/157 kB
Progress (1): 122/157 kB
Progress (1): 139/157 kB
Progress (1): 155/157 kB
Progress (1): 157 kB    
                    
Downloaded from central: https://repo.maven.apache.org/maven2/org/apache/maven/resolver/maven-resolver-api/1.9.18/maven-resolver-api-1.9.18.jar (157 kB at 636 kB/s)
[INFO] Installing /home/zhihao/hdd/marshal/benchmarks/cross-repo-pr-impact/results/single-case-pipeline-assertj-brave-v3-2026-08-27/replay-work/formal-github-assertj-comparisonfailure--target-brave-1385/source-a1/target/assertj-core-3.18.1.jar to /home/zhihao/hdd/marshal/benchmarks/cross-repo-pr-impact/results/single-case-pipeline-assertj-brave-v3-2026-08-27/replay-work/formal-github-assertj-comparisonfailure--target-brave-1385/m2-a2/org/assertj/assertj-core/3.18.1/assertj-core-3.18.1.jar
[INFO] Installing /home/zhihao/hdd/marshal/benchmarks/cross-repo-pr-impact/results/single-case-pipeline-assertj-brave-v3-2026-08-27/replay-work/formal-github-assertj-comparisonfailure--target-brave-1385/source-a2/pom.xml to /home/zhihao/hdd/marshal/benchmarks/cross-repo-pr-impact/results/single-case-pipeline-assertj-brave-v3-2026-08-27/replay-work/formal-github-assertj-comparisonfailure--target-brave-1385/m2-a2/org/assertj/assertj-core/3.18.1/assertj-core-3.18.1.pom
[INFO] ------------------------------------------------------------------------
[INFO] BUILD SUCCESS
[INFO] ------------------------------------------------------------------------
[INFO] Total time:  37.354 s
[INFO] Finished at: 2026-08-27T06:15:35+08:00
[INFO] ------------------------------------------------------------------------
