2026-08-26 21:38:54.683 600225 INFO oslo_service.periodic_task [None req-ea89913f-e412-425b-9ef4-fcc7378e385a - - - - - -] Skipping periodic task _discover_hosts_in_cells because its interval is negative
2026-08-26 21:38:54.687 600229 INFO oslo_service.periodic_task [None req-e3d73f62-6d71-4c06-8024-bcb3663a21dc - - - - - -] Skipping periodic task _discover_hosts_in_cells because its interval is negative
2026-08-26 21:38:54.689 600226 INFO oslo_service.periodic_task [None req-7f0ac467-b9d3-454b-ac26-b4221f5c1eb0 - - - - - -] Skipping periodic task _discover_hosts_in_cells because its interval is negative
2026-08-26 21:38:54.708 600235 INFO oslo_service.periodic_task [None req-2a0fc419-c80e-4748-8622-f1800d492896 - - - - - -] Skipping periodic task _discover_hosts_in_cells because its interval is negative
2026-08-26 21:38:54.713 600227 INFO oslo_service.periodic_task [None req-af01455a-3594-4736-85b3-f7d510e0f68f - - - - - -] Skipping periodic task _discover_hosts_in_cells because its interval is negative
2026-08-26 21:38:54.717 600232 INFO oslo_service.periodic_task [None req-901362ce-a742-481a-9e27-c65b7b9dbda5 - - - - - -] Skipping periodic task _discover_hosts_in_cells because its interval is negative
2026-08-26 21:38:54.725 600228 INFO oslo_service.periodic_task [None req-a060071b-3fe9-4687-8417-e05e28650308 - - - - - -] Skipping periodic task _discover_hosts_in_cells because its interval is negative
2026-08-26 21:38:54.732 600236 INFO oslo_service.periodic_task [None req-e475957c-f123-4d15-878a-102dc8a63ca1 - - - - - -] Skipping periodic task _discover_hosts_in_cells because its interval is negative
2026-08-26 21:38:54.733 600238 INFO oslo_service.periodic_task [None req-06d52be1-d354-4359-b329-06ee964427bc - - - - - -] Skipping periodic task _discover_hosts_in_cells because its interval is negative
2026-08-26 21:38:54.733 600240 INFO oslo_service.periodic_task [None req-a6d81287-7425-4634-be49-934113e2060e - - - - - -] Skipping periodic task _discover_hosts_in_cells because its interval is negative
2026-08-26 21:38:54.735 600231 INFO oslo_service.periodic_task [None req-49d2d793-d0c4-4e9c-8760-1160d078e896 - - - - - -] Skipping periodic task _discover_hosts_in_cells because its interval is negative
2026-08-26 21:38:54.737 600233 INFO oslo_service.periodic_task [None req-8a024c41-e42b-47df-8bfa-d9f5bf2a512f - - - - - -] Skipping periodic task _discover_hosts_in_cells because its interval is negative
2026-08-26 21:38:54.750 600234 INFO oslo_service.periodic_task [None req-571113e5-b799-462b-a2ae-cce1548a01c4 - - - - - -] Skipping periodic task _discover_hosts_in_cells because its interval is negative
2026-08-26 21:38:54.754 600239 INFO oslo_service.periodic_task [None req-d0e72833-6ed8-439a-8cc6-93b763251ec5 - - - - - -] Skipping periodic task _discover_hosts_in_cells because its interval is negative
2026-08-26 21:38:54.762 600242 INFO oslo_service.periodic_task [None req-9bd1d1b8-28f5-458e-9ef6-761c9d769e74 - - - - - -] Skipping periodic task _discover_hosts_in_cells because its interval is negative
2026-08-26 21:38:54.768 600237 INFO oslo_service.periodic_task [None req-586f43c0-46b7-41fc-b135-b0110d5a1f8a - - - - - -] Skipping periodic task _discover_hosts_in_cells because its interval is negative
2026-08-26 21:38:54.779 600230 INFO oslo_service.periodic_task [None req-92c8b048-331e-471c-8239-784867cfd3db - - - - - -] Skipping periodic task _discover_hosts_in_cells because its interval is negative
2026-08-26 21:38:54.783 600241 INFO oslo_service.periodic_task [None req-625418d9-129f-46ab-b9a9-44939809feee - - - - - -] Skipping periodic task _discover_hosts_in_cells because its interval is negative
{7} nova.tests.functional.test_report_client.SchedulerReportClientTests.test__set_inventory_reserved_eq_total [0.679269s] ... ok
{17} nova.tests.functional.test_report_client.SchedulerReportClientTests.test_non_tree_aggregate_membership [0.735620s] ... ok
{12} nova.tests.functional.test_report_client.SchedulerReportClientTests.test_alloc_cands_smoke [0.733814s] ... ok
{5} nova.tests.functional.test_report_client.SchedulerReportClientTests.test_global_request_id [0.746700s] ... ok
{11} nova.tests.functional.test_report_client.SchedulerReportClientTests.test_client_report_smoke [0.809891s] ... ok
{10} nova.tests.functional.test_report_client.SchedulerReportClientTests.test_allocation_candidates_root_traits_2 [0.913294s] ... ok
{6} nova.tests.functional.test_report_client.SchedulerReportClientTests.test_allocation_candidates_root_traits_1 [0.896994s] ... ok
{15} nova.tests.functional.test_report_client.SchedulerReportClientTests.test_allocation_candidates_root_traits_3 [0.905440s] ... ok
{14} nova.tests.functional.test_report_client.SchedulerReportClientTests.test_allocation_candidates_mappings [0.890655s] ... ok
{0} nova.tests.functional.test_report_client.SchedulerReportClientTests.test_set_inventory_for_provider [0.979276s] ... ok
{9} nova.tests.functional.test_report_client.SchedulerReportClientTests.test_allocation_candidates_root_traits_5 [0.937896s] ... ok
{8} nova.tests.functional.test_report_client.SchedulerReportClientTests.test_allocation_candidates_root_traits_4 [0.982606s] ... ok
{3} nova.tests.functional.test_report_client.SchedulerReportClientTests.test_get_allocations_for_provider_tree [1.079156s] ... ok
{2} nova.tests.functional.test_report_client.SchedulerReportClientTests.test_update_from_provider_tree_reshape_conflict_retry [1.128896s] ... ok
{1} nova.tests.functional.test_report_client.SchedulerReportClientTests.test_reshape [1.252737s] ... ok
{4} nova.tests.functional.test_report_client.SchedulerReportClientTests.test_update_from_provider_tree [1.254992s] ... ok
{16} nova.tests.functional.test_report_client.SchedulerReportClientTests.test_get_provider_tree_with_nested_and_aggregates [1.231943s] ... ok
{13} nova.tests.functional.test_report_client.SchedulerReportClientTests.test_update_from_provider_tree_reshape [1.916513s] ... ok

======
Totals
======
Ran: 18 tests in 1.9625 sec.
 - Passed: 18
 - Skipped: 0
 - Expected Fail: 0
 - Unexpected Success: 0
 - Failed: 0
Sum of execute time for each test: 18.0757 sec.

==============
Worker Balance
==============
 - Worker 0 (1 tests) => 0:00:00.979276
 - Worker 1 (1 tests) => 0:00:01.252737
 - Worker 2 (1 tests) => 0:00:01.128896
 - Worker 3 (1 tests) => 0:00:01.079156
 - Worker 4 (1 tests) => 0:00:01.254992
 - Worker 5 (1 tests) => 0:00:00.746700
 - Worker 6 (1 tests) => 0:00:00.896994
 - Worker 7 (1 tests) => 0:00:00.679269
 - Worker 8 (1 tests) => 0:00:00.982606
 - Worker 9 (1 tests) => 0:00:00.937896
 - Worker 10 (1 tests) => 0:00:00.913294
 - Worker 11 (1 tests) => 0:00:00.809891
 - Worker 12 (1 tests) => 0:00:00.733814
 - Worker 13 (1 tests) => 0:00:01.916513
 - Worker 14 (1 tests) => 0:00:00.890655
 - Worker 15 (1 tests) => 0:00:00.905440
 - Worker 16 (1 tests) => 0:00:01.231943
 - Worker 17 (1 tests) => 0:00:00.735620
