{25} masakari.tests.unit.test_api_validation.BooleanTestCase.test_validate_boolean_fails [0.014424s] ... ok
{24} masakari.tests.unit.test_api_validation.StringTestCase.test_validate_string [0.014508s] ... ok
{20} masakari.tests.unit.test_api_validation.RequiredEnableTestCase.test_validate_required_enable_fails [0.012783s] ... ok
{23} masakari.tests.unit.test_api_validation.StringTestCase.test_validate_string_fails [0.015265s] ... ok
{21} masakari.tests.unit.test_api_validation.RequiredDisableTestCase.test_validate_required_disable [0.013647s] ... ok
{3} masakari.tests.unit.test_api_validation.StringLengthTestCase.test_validate_string_length [0.013615s] ... ok
{16} masakari.tests.unit.test_api_validation.PatternPropertiesTestCase.test_validate_patternProperties [0.012887s] ... ok
{19} masakari.tests.unit.test_api_validation.FormatCheckerTestCase.test_format_checker_failed [0.017754s] ... ok
{17} masakari.tests.unit.test_api_validation.IntegerRangeTestCase.test_validate_integer_range_fails [0.016267s] ... ok
{18} masakari.tests.unit.test_api_validation.BooleanTestCase.test_validate_boolean [0.017363s] ... ok
{14} masakari.tests.unit.test_api_validation.AdditionalPropertiesEnableTestCase.test_validate_additionalProperties_enable [0.013777s] ... ok
{1} masakari.tests.unit.test_api_validation.AdditionalPropertiesDisableTestCase.test_validate_additionalProperties_disable_fails [0.013274s] ... ok
{15} masakari.tests.unit.test_api_validation.FormatCheckerTestCase.test_format_checker_failed_with_non_string [0.017928s] ... ok
{13} masakari.tests.unit.test_api_validation.VersionedApiValidationTestCase.test_validate_with_proper_microversions [0.015679s] ... ok
{22} masakari.tests.unit.test_api_validation.NameTestCase.test_validate_name_fails [0.023656s] ... ok
{7} masakari.tests.unit.test_api_validation.IntegerTestCase.test_validate_integer [0.014972s] ... ok
{4} masakari.tests.unit.test_api_validation.RequiredEnableTestCase.test_validate_required_enable [0.013136s] ... ok
{10} masakari.tests.unit.test_api_validation.StringLengthTestCase.test_validate_string_length_fails [0.014188s] ... ok
{8} masakari.tests.unit.test_api_validation.DatetimeTestCase.test_validate_datetime [0.013070s] ... ok
{11} masakari.tests.unit.test_api_validation.IntegerTestCase.test_validate_integer_fails [0.017723s] ... ok
{12} masakari.tests.unit.test_api_validation.VersionedApiValidationTestCase.test_validate_with_improper_microversions [0.016547s] ... ok
{2} masakari.tests.unit.test_api_validation.AdditionalPropertiesDisableTestCase.test_validate_additionalProperties_disable [0.013055s] ... ok
{0} masakari.tests.unit.test_api_validation.IntegerRangeTestCase.test_validate_integer_range [0.015289s] ... ok
{6} masakari.tests.unit.test_api_validation.ValidationRegex.test_build_regex_range [0.012430s] ... ok
{5} masakari.tests.unit.test_api_validation.PatternPropertiesTestCase.test_validate_patternProperties_fails [0.016080s] ... ok
{9} masakari.tests.unit.test_api_validation.NameTestCase.test_validate_name [0.022805s] ... ok

======
Totals
======
Ran: 26 tests in 0.0377 sec.
 - Passed: 26
 - Skipped: 0
 - Expected Fail: 0
 - Unexpected Success: 0
 - Failed: 0
Sum of execute time for each test: 0.4021 sec.

==============
Worker Balance
==============
 - Worker 0 (1 tests) => 0:00:00.015289
 - Worker 1 (1 tests) => 0:00:00.013274
 - Worker 2 (1 tests) => 0:00:00.013055
 - Worker 3 (1 tests) => 0:00:00.013615
 - Worker 4 (1 tests) => 0:00:00.013136
 - Worker 5 (1 tests) => 0:00:00.016080
 - Worker 6 (1 tests) => 0:00:00.012430
 - Worker 7 (1 tests) => 0:00:00.014972
 - Worker 8 (1 tests) => 0:00:00.013070
 - Worker 9 (1 tests) => 0:00:00.022805
 - Worker 10 (1 tests) => 0:00:00.014188
 - Worker 11 (1 tests) => 0:00:00.017723
 - Worker 12 (1 tests) => 0:00:00.016547
 - Worker 13 (1 tests) => 0:00:00.015679
 - Worker 14 (1 tests) => 0:00:00.013777
 - Worker 15 (1 tests) => 0:00:00.017928
 - Worker 16 (1 tests) => 0:00:00.012887
 - Worker 17 (1 tests) => 0:00:00.016267
 - Worker 18 (1 tests) => 0:00:00.017363
 - Worker 19 (1 tests) => 0:00:00.017754
 - Worker 20 (1 tests) => 0:00:00.012783
 - Worker 21 (1 tests) => 0:00:00.013647
 - Worker 22 (1 tests) => 0:00:00.023656
 - Worker 23 (1 tests) => 0:00:00.015265
 - Worker 24 (1 tests) => 0:00:00.014508
 - Worker 25 (1 tests) => 0:00:00.014424
