/home/zhihao/hdd/marshal/.work/rebuild_936100_936159/case-output-v2/replay-work/formal-opendev-936100--target-936159/target-a2/.tox/py3/lib/python3.10/site-packages/oslo_i18n/_message.py:173: UserWarning: Failed to insert replacement values into translated message Invalid input for operation: %(error_message)s. (Original: 'Invalid input for operation: %(error_message)s.'): 'error_message'
  warnings.warn(msg % (translated_message, self.msgid, err))
/home/zhihao/hdd/marshal/.work/rebuild_936100_936159/case-output-v2/replay-work/formal-opendev-936100--target-936159/target-a2/.tox/py3/lib/python3.10/site-packages/oslo_i18n/_message.py:173: UserWarning: Failed to insert replacement values into translated message Invalid input for operation: %(error_message)s. (Original: 'Invalid input for operation: %(error_message)s.'): 'error_message'
  warnings.warn(msg % (translated_message, self.msgid, err))
{42} heat.tests.constraints.test_common_constraints.JsonStringConstraintTest.test_validation_none [0.353414s] ... ok
{20} heat.tests.constraints.test_common_constraints.DNSNameConstraintTest.test_validation_error_special_char [0.351612s] ... ok
{31} heat.tests.constraints.test_common_constraints.TestIPCIDRConstraint.test_validate [0.305788s] ... ok
{27} heat.tests.constraints.test_common_constraints.DNSNameConstraintTest.test_validation_error_hyphen [0.430858s] ... ok
{5} heat.tests.constraints.test_common_constraints.TestMACConstraint.test_invalid_mac_format [0.543348s] ... ok
{41} heat.tests.constraints.test_common_constraints.TestMACConstraint.test_valid_mac_format [0.376458s] ... ok
{33} heat.tests.constraints.test_common_constraints.TimezoneConstraintTest.test_validation [0.399955s] ... ok
{26} heat.tests.constraints.test_common_constraints.DNSDomainConstraintTest.test_validation_none [0.412601s] ... ok
{30} heat.tests.constraints.test_common_constraints.FIPDNSNameConstraintTest.test_validation_error_end_period [0.315753s] ... ok
{13} heat.tests.constraints.test_common_constraints.TestIPConstraint.test_invalidate_ipv4_format [0.507502s] ... ok
{23} heat.tests.constraints.test_common_constraints.DNSNameConstraintTest.test_validation_none [0.355362s] ... ok
{3} heat.tests.constraints.test_common_constraints.FIPDNSNameConstraintTest.test_validation [0.564343s] ... ok
{2} heat.tests.constraints.test_common_constraints.CRONExpressionConstraint.test_validation_none [0.552132s] ... ok
{40} heat.tests.constraints.test_common_constraints.TestCIDRConstraint.test_validate [0.366820s] ... ok
{19} heat.tests.constraints.test_common_constraints.TestIPConstraint.test_validate_ipv4_format [0.480650s] ... ok
{37} heat.tests.constraints.test_common_constraints.CRONExpressionConstraint.test_validation_out_of_range_error [0.386820s] ... ok
{9} heat.tests.constraints.test_common_constraints.TestCIDRConstraint.test_invalid_cidr_format [0.409209s] ... ok
{39} heat.tests.constraints.test_common_constraints.ExpirationConstraintTest.test_validation_none [0.321432s] ... ok
{15} heat.tests.constraints.test_common_constraints.ExpirationConstraintTest.test_validation_error [0.494068s] ... ok
{21} heat.tests.constraints.test_common_constraints.TestCIDRConstraint.test_valid_cidr_format [0.487191s] ... ok
{11} heat.tests.constraints.test_common_constraints.DNSNameConstraintTest.test_validation [0.407712s] ... ok
{17} heat.tests.constraints.test_common_constraints.ExpirationConstraintTest.test_validation_before_current_time [0.512761s] ... ok
{12} heat.tests.constraints.test_common_constraints.TestIPConstraint.test_invalidate_ipv6_format [0.503778s] ... ok
{8} heat.tests.constraints.test_common_constraints.DNSDomainConstraintTest.test_validation_error_no_end_period [0.389001s] ... ok
{4} heat.tests.constraints.test_common_constraints.DNSNameConstraintTest.test_validation_error_tld_allnumeric [0.532236s] ... ok
{6} heat.tests.constraints.test_common_constraints.JsonStringConstraintTest.test_validate_json [0.422831s] ... ok
{22} heat.tests.constraints.test_common_constraints.CRONExpressionConstraint.test_validation_columns_length_error [0.460374s] ... ok
{36} heat.tests.constraints.test_common_constraints.JsonStringConstraintTest.test_validation_error [0.299082s] ... ok
{34} heat.tests.constraints.test_common_constraints.CRONExpressionConstraint.test_validation [0.376423s] ... ok
{32} heat.tests.constraints.test_common_constraints.TestISO8601Constraint.test_validate_refuses_other_formats [0.393359s] ... ok
{28} heat.tests.constraints.test_common_constraints.TestISO8601Constraint.test_validate_datetime_format_with_utc_offset [0.389946s] ... ok
{25} heat.tests.constraints.test_common_constraints.TimezoneConstraintTest.test_validation_error [0.420033s] ... ok
{35} heat.tests.constraints.test_common_constraints.TestISO8601Constraint.test_validate_datetime_format_with_utc_offset_alternate [0.255195s] ... ok
{18} heat.tests.constraints.test_common_constraints.ExpirationConstraintTest.test_validate_date_format [0.438991s] ... ok
{29} heat.tests.constraints.test_common_constraints.FIPDNSNameConstraintTest.test_validation_none [0.394618s] ... ok
{14} heat.tests.constraints.test_common_constraints.TestISO8601Constraint.test_validate_date_format [0.507724s] ... ok
{16} heat.tests.constraints.test_common_constraints.TestISO8601Constraint.test_validate_datetime_format [0.499879s] ... ok
{24} heat.tests.constraints.test_common_constraints.TestIPCIDRConstraint.test_invalid_format [0.470487s] ... ok
{7} heat.tests.constraints.test_common_constraints.TestIPCIDRConstraint.test_valid_format [0.534225s] ... ok
{10} heat.tests.constraints.test_common_constraints.TimezoneConstraintTest.test_validation_none [0.532878s] ... ok
{1} heat.tests.constraints.test_common_constraints.DNSDomainConstraintTest.test_validation [0.574431s] ... ok
{0} heat.tests.constraints.test_common_constraints.TestIPConstraint.test_validate_ipv6_format [0.581633s] ... ok
{38} heat.tests.constraints.test_common_constraints.DNSNameConstraintTest.test_validation_error_empty_component [0.370011s] ... ok

======
Totals
======
Ran: 43 tests in 0.5818 sec.
 - Passed: 43
 - Skipped: 0
 - Expected Fail: 0
 - Unexpected Success: 0
 - Failed: 0
Sum of execute time for each test: 18.6829 sec.

==============
Worker Balance
==============
 - Worker 0 (1 tests) => 0:00:00.581633
 - Worker 1 (1 tests) => 0:00:00.574431
 - Worker 2 (1 tests) => 0:00:00.552132
 - Worker 3 (1 tests) => 0:00:00.564343
 - Worker 4 (1 tests) => 0:00:00.532236
 - Worker 5 (1 tests) => 0:00:00.543348
 - Worker 6 (1 tests) => 0:00:00.422831
 - Worker 7 (1 tests) => 0:00:00.534225
 - Worker 8 (1 tests) => 0:00:00.389001
 - Worker 9 (1 tests) => 0:00:00.409209
 - Worker 10 (1 tests) => 0:00:00.532878
 - Worker 11 (1 tests) => 0:00:00.407712
 - Worker 12 (1 tests) => 0:00:00.503778
 - Worker 13 (1 tests) => 0:00:00.507502
 - Worker 14 (1 tests) => 0:00:00.507724
 - Worker 15 (1 tests) => 0:00:00.494068
 - Worker 16 (1 tests) => 0:00:00.499879
 - Worker 17 (1 tests) => 0:00:00.512761
 - Worker 18 (1 tests) => 0:00:00.438991
 - Worker 19 (1 tests) => 0:00:00.480650
 - Worker 20 (1 tests) => 0:00:00.351612
 - Worker 21 (1 tests) => 0:00:00.487191
 - Worker 22 (1 tests) => 0:00:00.460374
 - Worker 23 (1 tests) => 0:00:00.355362
 - Worker 24 (1 tests) => 0:00:00.470487
 - Worker 25 (1 tests) => 0:00:00.420033
 - Worker 26 (1 tests) => 0:00:00.412601
 - Worker 27 (1 tests) => 0:00:00.430858
 - Worker 28 (1 tests) => 0:00:00.389946
 - Worker 29 (1 tests) => 0:00:00.394618
 - Worker 30 (1 tests) => 0:00:00.315753
 - Worker 31 (1 tests) => 0:00:00.305788
 - Worker 32 (1 tests) => 0:00:00.393359
 - Worker 33 (1 tests) => 0:00:00.399955
 - Worker 34 (1 tests) => 0:00:00.376423
 - Worker 35 (1 tests) => 0:00:00.255195
 - Worker 36 (1 tests) => 0:00:00.299082
 - Worker 37 (1 tests) => 0:00:00.386820
 - Worker 38 (1 tests) => 0:00:00.370011
 - Worker 39 (1 tests) => 0:00:00.321432
 - Worker 40 (1 tests) => 0:00:00.366820
 - Worker 41 (1 tests) => 0:00:00.376458
 - Worker 42 (1 tests) => 0:00:00.353414
