{12} heat.tests.engine.service.test_service_engine.ServiceEngineTest.test_service_manage_report_cleanup [0.293489s] ... ok
{4} heat.tests.engine.service.test_service_engine.ServiceEngineTest.test_engine_service_start_in_convergence_mode [0.292236s] ... ok
{2} heat.tests.engine.service.test_service_engine.ServiceEngineTest.test_make_sure_rpc_version [0.261679s] ... ok
{3} heat.tests.engine.service.test_service_engine.ServiceEngineTest.test_engine_service_start_in_non_convergence_mode [0.274166s] ... ok
{11} heat.tests.engine.service.test_service_engine.ServiceEngineTest.test_service_manage_report_start [0.295091s] ... ok
{5} heat.tests.engine.service.test_service_engine.ServiceEngineTest.test_service_manage_report_update_fail [0.277426s] ... ok
{9} heat.tests.engine.service.test_service_engine.ServiceEngineTest.test_stop_rpc_server [0.290707s] ... ok
{1} heat.tests.engine.service.test_service_engine.ServiceEngineTest.test_engine_service_configures_connection_pool [0.278815s] ... ok
{8} heat.tests.engine.service.test_service_engine.ServiceEngineTest.test_service_get_all [0.298646s] ... ok
{0} heat.tests.engine.service.test_service_engine.ServiceEngineTest.test_engine_service_reset [0.265898s] ... ok
{10} heat.tests.engine.service.test_service_engine.ServiceEngineTest.test_service_manage_report_update [0.282760s] ... ok
{7} heat.tests.engine.service.test_service_engine.ServiceEngineTest.test_engine_service_stop_in_non_convergence_mode [0.433629s] ... ok
{6} heat.tests.engine.service.test_service_engine.ServiceEngineTest.test_engine_service_stop_in_convergence_mode [0.443924s] ... ok

======
Totals
======
Ran: 13 tests in 0.4547 sec.
 - Passed: 13
 - Skipped: 0
 - Expected Fail: 0
 - Unexpected Success: 0
 - Failed: 0
Sum of execute time for each test: 3.9885 sec.

==============
Worker Balance
==============
 - Worker 0 (1 tests) => 0:00:00.265898
 - Worker 1 (1 tests) => 0:00:00.278815
 - Worker 2 (1 tests) => 0:00:00.261679
 - Worker 3 (1 tests) => 0:00:00.274166
 - Worker 4 (1 tests) => 0:00:00.292236
 - Worker 5 (1 tests) => 0:00:00.277426
 - Worker 6 (1 tests) => 0:00:00.443924
 - Worker 7 (1 tests) => 0:00:00.433629
 - Worker 8 (1 tests) => 0:00:00.298646
 - Worker 9 (1 tests) => 0:00:00.290707
 - Worker 10 (1 tests) => 0:00:00.282760
 - Worker 11 (1 tests) => 0:00:00.295091
 - Worker 12 (1 tests) => 0:00:00.293489
