Picked up JAVA_TOOL_OPTIONS: -Duser.home=/tmp/test-home
To honour the JVM settings for this build a single-use Daemon process will be forked. See https://docs.gradle.org/7.5.1/userguide/gradle_daemon.html#sec:disabling_the_daemon.
Daemon will be stopped at the end of the build 

> Configure project :plugin-gradle
Signing plugin detected. Will automatically sign the published artifacts.

> Task :lib:compileJava
Note: Some input files use unchecked or unsafe operations.
Note: Recompile with -Xlint:unchecked for details.

> Task :lib:processResources
> Task :lib:classes
> Task :lib:compileDiktatJava
> Task :lib:processDiktatResources NO-SOURCE
> Task :lib:diktatClasses
> Task :lib:compileFlexmarkJava
> Task :lib:processFlexmarkResources NO-SOURCE
> Task :lib:flexmarkClasses
> Task :lib:compileKtfmtJava
> Task :lib:processKtfmtResources NO-SOURCE
> Task :lib:ktfmtClasses
> Task :lib:compileKtlintJava
> Task :lib:processKtlintResources NO-SOURCE
> Task :lib:ktlintClasses
> Task :lib:compilePalantirJavaFormatJava
> Task :lib:processPalantirJavaFormatResources NO-SOURCE
> Task :lib:palantirJavaFormatClasses
> Task :lib:compileScalafmtJava
> Task :lib:processScalafmtResources NO-SOURCE
> Task :lib:scalafmtClasses
> Task :lib:compileSortPomJava
> Task :lib:processSortPomResources NO-SOURCE
> Task :lib:sortPomClasses
> Task :lib:jar
> Task :testlib:compileJava
> Task :testlib:processResources
> Task :testlib:classes
> Task :testlib:compileTestJava
> Task :testlib:processTestResources NO-SOURCE
> Task :testlib:testClasses

> Task :testlib:test

[0K[1mcom.diffplug.spotless.markdown.FreshMarkStepTest[m

[0K[1m  Test [22mequality()[32m PASSED[m
[0K[1m  Test [22mbehavior()[32m PASSED[m

[0K[1mcom.diffplug.spotless.pom.SortPomTest[m
Picked up JAVA_TOOL_OPTIONS: -Duser.home=/tmp/test-home

[0K[1m  Test [22mtestSortPomWithDefaultConfig()[32m PASSED[m

[0K[1;32mSUCCESS: [39mExecuted 3 tests in 1.8s[m


BUILD SUCCESSFUL in 27s
14 actionable tasks: 14 executed
