[INFO] Scanning for projects...
[INFO] 
[INFO] -------------------------< com.h2database:h2 >--------------------------
[INFO] Building H2 Database Engine 1.4.200-SNAPSHOT
[INFO]   from pom.xml
[INFO] --------------------------------[ jar ]---------------------------------
[INFO] 
[INFO] --- resources:3.3.1:resources (default-resources) @ h2 ---
[INFO] Copying 96 resources from src/main to target/classes
[INFO] Copying 2 resources from src/java9/precompiled to target/classes/META-INF/versions/9
[INFO] 
[INFO] --- compiler:3.13.0:compile (default-compile) @ h2 ---
[INFO] Nothing to compile - all classes are up to date.
[INFO] 
[INFO] --- build-helper:3.0.0:add-test-source (default) @ h2 ---
[INFO] Test Source directory: /home/zhihao/hdd/h2-source-patch-check.Ky8gzi/h2/src/tools added.
[INFO] 
[INFO] --- resources:3.3.1:testResources (default-testResources) @ h2 ---
[INFO] Copying 250 resources from src/test to target/test-classes
[INFO] 
[INFO] --- compiler:3.13.0:testCompile (default-testCompile) @ h2 ---
[INFO] Nothing to compile - all classes are up to date.
[INFO] 
[INFO] --- surefire:2.22.0:test (default-test) @ h2 ---
[INFO] Tests are skipped.
[INFO] 
[INFO] --- jar:3.1.0:jar (default-jar) @ h2 ---
[INFO] ------------------------------------------------------------------------
[INFO] BUILD SUCCESS
[INFO] ------------------------------------------------------------------------
[INFO] Total time:  2.410 s
[INFO] Finished at: 2026-08-24T23:35:18+08:00
[INFO] ------------------------------------------------------------------------
