[INFO] Scanning for projects...
[INFO] 
[INFO] --------------< org.apache.wss4j:wss4j-ws-security-stax >---------------
[INFO] Building Apache WSS4J Streaming WS-Security 3.0.2-SNAPSHOT
[INFO]   from pom.xml
[INFO] --------------------------------[ jar ]---------------------------------
[WARNING] Parameter 'encoding' is unknown for plugin 'maven-checkstyle-plugin:3.3.0:check (default-cli)'
[INFO] 
[INFO] --- clean:3.2.0:clean (default-clean) @ wss4j-ws-security-stax ---
[INFO] Deleting /tmp/marshal-checkstyle-wss4j-20260824/ws-security-stax/target
[INFO] 
[INFO] --- checkstyle:3.3.0:check (default-cli) @ wss4j-ws-security-stax ---
[INFO] There are 2 errors reported by Checkstyle 10.12.2 with /tmp/marshal-checkstyle-wss4j-20260824/ws-security-stax/../build-tools/wss4j-checkstyle.xml ruleset.
[ERROR] src/main/java/org/apache/wss4j/stax/impl/InboundWSSecurityContextImpl.java:[649,5] (design) FinalClass: Class MessageTokens should be declared as final.
[ERROR] src/main/java/org/apache/wss4j/stax/setup/OutboundWSSec.java:[769,5] (design) FinalClass: Class ConfiguredAction should be declared as final.
[INFO] ------------------------------------------------------------------------
[INFO] BUILD FAILURE
[INFO] ------------------------------------------------------------------------
[INFO] Total time:  4.907 s
[INFO] Finished at: 2026-08-24T21:13:17+08:00
[INFO] ------------------------------------------------------------------------
[ERROR] Failed to execute goal org.apache.maven.plugins:maven-checkstyle-plugin:3.3.0:check (default-cli) on project wss4j-ws-security-stax: You have 2 Checkstyle violations. -> [Help 1]
[ERROR] 
[ERROR] To see the full stack trace of the errors, re-run Maven with the -e switch.
[ERROR] Re-run Maven using the -X switch to enable full debug logging.
[ERROR] 
[ERROR] For more information about the errors and possible solutions, please read the following articles:
[ERROR] [Help 1] http://cwiki.apache.org/confluence/display/MAVEN/MojoFailureException
