[INFO] Scanning for projects...
[INFO] 
[INFO] -------------------< com.visenze:visearch-java-sdk >--------------------
[INFO] Building ViSearch Java SDK 1.4.1
[INFO]   from pom.xml
[INFO] --------------------------------[ jar ]---------------------------------
[INFO] ------------------------------------------------------------------------
[INFO] BUILD FAILURE
[INFO] ------------------------------------------------------------------------
[INFO] Total time:  0.322 s
[INFO] Finished at: 2026-08-24T23:31:14+08:00
[INFO] ------------------------------------------------------------------------
[ERROR] Failed to execute goal on project visearch-java-sdk: Could not resolve dependencies for project com.visenze:visearch-java-sdk:jar:1.4.1
[ERROR] dependency: org.powermock:powermock-api:jar:1.6.4 (test)
[ERROR] 	org.powermock:powermock-api:jar:1.6.4 was not found in https://repo.maven.apache.org/maven2 during a previous attempt. This failure was cached in the local repository and resolution is not reattempted until the update interval of central has elapsed or updates are forced
[ERROR] -> [Help 1]
[ERROR] 
[ERROR] To see the full stack trace of the errors, re-run Maven with the -e switch.
[ERROR] Re-run Maven using the -X switch to enable full debug logging.
[ERROR] 
[ERROR] For more information about the errors and possible solutions, please read the following articles:
[ERROR] [Help 1] http://cwiki.apache.org/confluence/display/MAVEN/DependencyResolutionException
