[INFO] Scanning for projects...
[INFO] 
[INFO] -------------------< com.visenze:visearch-java-sdk >--------------------
[INFO] Building ViSearch Java SDK 1.4.1
[INFO]   from pom.xml
[INFO] --------------------------------[ jar ]---------------------------------
[INFO] 
[INFO] --- dependency:3.6.1:tree (default-cli) @ visearch-java-sdk ---
[INFO] com.visenze:visearch-java-sdk:jar:1.4.1
[INFO] +- org.powermock:powermock-api:jar:1.6.4:test
[INFO] +- org.powermock:powermock-module-junit4:jar:1.6.4:test
[INFO] |  \- org.powermock:powermock-module-junit4-common:jar:1.6.4:test
[INFO] |     +- org.powermock:powermock-core:jar:1.6.4:test
[INFO] |     \- org.powermock:powermock-reflect:jar:1.6.4:test
[INFO] \- org.powermock:powermock-api-mockito:jar:1.6.4:test
[INFO]    \- org.powermock:powermock-api-support:jar:1.6.4:test
[INFO] ------------------------------------------------------------------------
[INFO] BUILD SUCCESS
[INFO] ------------------------------------------------------------------------
[INFO] Total time:  1.118 s
[INFO] Finished at: 2026-08-24T23:31:28+08:00
[INFO] ------------------------------------------------------------------------
