2026-08-26 21:55:19.997 783401 INFO oslo_service.periodic_task [-] Skipping periodic task _heal_instance_info_cache because its interval is negative
2026-08-26 21:55:19.998 783400 INFO oslo_service.periodic_task [-] Skipping periodic task _heal_instance_info_cache because its interval is negative
2026-08-26 21:55:20.002 783399 INFO oslo_service.periodic_task [-] Skipping periodic task _heal_instance_info_cache because its interval is negative
2026-08-26 21:55:20.012 783403 INFO oslo_service.periodic_task [-] Skipping periodic task _heal_instance_info_cache because its interval is negative
2026-08-26 21:55:20.023 783398 INFO oslo_service.periodic_task [-] Skipping periodic task _heal_instance_info_cache because its interval is negative
2026-08-26 21:55:20.024 783404 INFO oslo_service.periodic_task [-] Skipping periodic task _heal_instance_info_cache because its interval is negative
2026-08-26 21:55:20.052 783402 INFO oslo_service.periodic_task [-] Skipping periodic task _heal_instance_info_cache because its interval is negative
2026-08-26 21:55:20.103 783401 INFO oslo_service.periodic_task [None req-333a724b-694d-4539-837d-b806ed34388d - - - - - -] Skipping periodic task _discover_hosts_in_cells because its interval is negative
2026-08-26 21:55:20.104 783400 INFO oslo_service.periodic_task [None req-6133904a-3800-4a2d-b212-27d8207bbc9f - - - - - -] Skipping periodic task _discover_hosts_in_cells because its interval is negative
2026-08-26 21:55:20.107 783399 INFO oslo_service.periodic_task [None req-0246358f-88ea-4c8e-a249-92f79a8fa5d0 - - - - - -] Skipping periodic task _discover_hosts_in_cells because its interval is negative
2026-08-26 21:55:20.117 783403 INFO oslo_service.periodic_task [None req-1117e050-00d4-426e-86ce-3bc9c3f9ac4e - - - - - -] Skipping periodic task _discover_hosts_in_cells because its interval is negative
2026-08-26 21:55:20.129 783398 INFO oslo_service.periodic_task [None req-6c6491c3-c8cf-4436-9d75-4b099d695eea - - - - - -] Skipping periodic task _discover_hosts_in_cells because its interval is negative
2026-08-26 21:55:20.131 783404 INFO oslo_service.periodic_task [None req-fece25ab-e038-40cb-b44c-c98e42e3c0b5 - - - - - -] Skipping periodic task _discover_hosts_in_cells because its interval is negative
2026-08-26 21:55:20.158 783402 INFO oslo_service.periodic_task [None req-020069da-99de-4281-835f-5b83e5269349 - - - - - -] Skipping periodic task _discover_hosts_in_cells because its interval is negative
{3} nova.tests.functional.test_middleware.TestCORSMiddleware.test_valid_cors_get_versions_request(v2) [1.714106s] ... ok
{5} nova.tests.functional.test_middleware.TestCORSMiddleware.test_invalid_cors_get_versions_request(v2) [1.743279s] ... ok
{6} nova.tests.functional.test_middleware.TestCORSMiddleware.test_valid_cors_options_request(v2) [1.741101s] ... ok
{0} nova.tests.functional.test_middleware.TestCORSMiddleware.test_api_version_request_headers(v2) [1.751234s] ... ok
{2} nova.tests.functional.test_middleware.TestCORSMiddleware.test_invalid_cors_get_request(v2) [1.790390s] ... ok
{1} nova.tests.functional.test_middleware.TestCORSMiddleware.test_valid_cors_get_request(v2) [1.817766s] ... ok
{4} nova.tests.functional.test_middleware.TestCORSMiddleware.test_invalid_cors_options_request(v2) [1.783237s] ... ok
{3} nova.tests.functional.test_middleware.TestCORSMiddleware.test_valid_cors_get_versions_request(v2_1) [0.701751s] ... ok
{5} nova.tests.functional.test_middleware.TestCORSMiddleware.test_invalid_cors_get_versions_request(v2_1) [0.691898s] ... ok
{6} nova.tests.functional.test_middleware.TestCORSMiddleware.test_valid_cors_options_request(v2_1) [0.701504s] ... ok
{0} nova.tests.functional.test_middleware.TestCORSMiddleware.test_api_version_request_headers(v2_1) [0.696269s] ... ok
{2} nova.tests.functional.test_middleware.TestCORSMiddleware.test_invalid_cors_get_request(v2_1) [0.704930s] ... ok
{1} nova.tests.functional.test_middleware.TestCORSMiddleware.test_valid_cors_get_request(v2_1) [0.697501s] ... ok
{4} nova.tests.functional.test_middleware.TestCORSMiddleware.test_invalid_cors_options_request(v2_1) [0.697530s] ... ok
{3} nova.tests.functional.test_middleware.TestCORSMiddleware.test_valid_cors_get_versions_request(v2_1_noproject_id) [0.704555s] ... ok
{5} nova.tests.functional.test_middleware.TestCORSMiddleware.test_invalid_cors_get_versions_request(v2_1_noproject_id) [0.702616s] ... ok
{6} nova.tests.functional.test_middleware.TestCORSMiddleware.test_valid_cors_options_request(v2_1_noproject_id) [0.713224s] ... ok
{0} nova.tests.functional.test_middleware.TestCORSMiddleware.test_api_version_request_headers(v2_1_noproject_id) [0.703531s] ... ok
{1} nova.tests.functional.test_middleware.TestCORSMiddleware.test_valid_cors_get_request(v2_1_noproject_id) [0.705220s] ... ok
{2} nova.tests.functional.test_middleware.TestCORSMiddleware.test_invalid_cors_get_request(v2_1_noproject_id) [0.720574s] ... ok
{4} nova.tests.functional.test_middleware.TestCORSMiddleware.test_invalid_cors_options_request(v2_1_noproject_id) [0.713016s] ... ok

======
Totals
======
Ran: 21 tests in 3.2809 sec.
 - Passed: 21
 - Skipped: 0
 - Expected Fail: 0
 - Unexpected Success: 0
 - Failed: 0
Sum of execute time for each test: 22.1952 sec.

==============
Worker Balance
==============
 - Worker 0 (3 tests) => 0:00:03.155768
 - Worker 1 (3 tests) => 0:00:03.225144
 - Worker 2 (3 tests) => 0:00:03.220635
 - Worker 3 (3 tests) => 0:00:03.125151
 - Worker 4 (3 tests) => 0:00:03.198537
 - Worker 5 (3 tests) => 0:00:03.142497
 - Worker 6 (3 tests) => 0:00:03.160443
