[INFO] Scanning for projects...
[INFO] 
[INFO] ---------------------< org.pac4j:dropwizard-pac4j >---------------------
[INFO] Building Dropwizard pac4j Support 5.0.1-SNAPSHOT
[INFO]   from pom.xml
[INFO] --------------------------------[ jar ]---------------------------------
[INFO] 
[INFO] --- jacoco:0.8.12:prepare-agent (default-cli) @ dropwizard-pac4j ---
[INFO] argLine set to -javaagent:/home/zhihao/.m2/repository/org/jacoco/org.jacoco.agent/0.8.12/org.jacoco.agent-0.8.12-runtime.jar=destfile=/tmp/jackson-coverage/dropwizard-after/jacoco.exec,append=true
[INFO] 
[INFO] --- enforcer:3.0.0-M3:enforce (enforce-maven) @ dropwizard-pac4j ---
[INFO] 
[INFO] --- enforcer:3.0.0-M3:enforce (dependency-convergence) @ dropwizard-pac4j ---
[INFO] 
[INFO] --- resources:3.3.1:resources (default-resources) @ dropwizard-pac4j ---
[INFO] skip non existing resourceDirectory /tmp/jackson-coverage/dropwizard-after/src/main/resources
[INFO] 
[INFO] --- compiler:3.10.1:compile (default-compile) @ dropwizard-pac4j ---
[INFO] Changes detected - recompiling the module!
[INFO] Compiling 7 source files to /tmp/jackson-coverage/dropwizard-after/target/classes
[INFO] 
[INFO] >>> pmd:3.14.0:check (run-pmd) > :pmd @ dropwizard-pac4j >>>
[INFO] 
[INFO] --- pmd:3.14.0:pmd (pmd) @ dropwizard-pac4j ---
[WARNING] Unable to locate Source XRef to link to - DISABLED
[WARNING] Unable to locate Source XRef to link to - DISABLED
[WARNING] Unable to locate Source XRef to link to - DISABLED
[INFO] 
[INFO] <<< pmd:3.14.0:check (run-pmd) < :pmd @ dropwizard-pac4j <<<
[INFO] 
[INFO] 
[INFO] --- pmd:3.14.0:check (run-pmd) @ dropwizard-pac4j ---
[INFO] PMD version: 6.29.0
[INFO] 
[INFO] 
[INFO] --- resources:3.3.1:testResources (default-testResources) @ dropwizard-pac4j ---
[INFO] Copying 10 resources from src/test/resources to target/test-classes
[INFO] 
[INFO] --- compiler:3.10.1:testCompile (default-testCompile) @ dropwizard-pac4j ---
[INFO] Changes detected - recompiling the module!
[INFO] Compiling 9 source files to /tmp/jackson-coverage/dropwizard-after/target/test-classes
[INFO] /tmp/jackson-coverage/dropwizard-after/src/test/java/org/pac4j/dropwizard/factory/FakeConfigFactory.java: /tmp/jackson-coverage/dropwizard-after/src/test/java/org/pac4j/dropwizard/factory/FakeConfigFactory.java uses unchecked or unsafe operations.
[INFO] /tmp/jackson-coverage/dropwizard-after/src/test/java/org/pac4j/dropwizard/factory/FakeConfigFactory.java: Recompile with -Xlint:unchecked for details.
[INFO] 
[INFO] --- surefire:3.2.5:test (default-test) @ dropwizard-pac4j ---
[INFO] Using auto detected provider org.apache.maven.surefire.junit4.JUnit4Provider
[INFO] 
[INFO] -------------------------------------------------------
[INFO]  T E S T S
[INFO] -------------------------------------------------------
[INFO] Running org.pac4j.dropwizard.e2e.EndToEndServletTest
INFO  [2026-08-24 11:49:03,462] io.dropwizard.server.DefaultServerFactory: Registering jersey handler with root path prefix: /
INFO  [2026-08-24 11:49:03,467] io.dropwizard.server.DefaultServerFactory: Registering admin handler with root path prefix: /
INFO  [2026-08-24 11:49:03,571] io.dropwizard.server.ServerFactory: Starting App
INFO  [2026-08-24 11:49:03,682] org.eclipse.jetty.setuid.SetUIDListener: Opened application@2434f548{HTTP/1.1, (http/1.1)}{0.0.0.0:46301}
INFO  [2026-08-24 11:49:03,682] org.eclipse.jetty.setuid.SetUIDListener: Opened admin@474f8a2b{HTTP/1.1, (http/1.1)}{0.0.0.0:34023}
INFO  [2026-08-24 11:49:03,685] org.eclipse.jetty.server.Server: jetty-9.4.35.v20201120; built: 2020-11-20T21:17:03.964Z; git: bdc54f03a5e0a7e280fab27f55c3c75ee8da89fb; jvm 11.0.31+11-post-1ubuntu1-24.04.2-Ubuntu
INFO  [2026-08-24 11:49:03,707] org.eclipse.jetty.server.session: DefaultSessionIdManager workerName=node0
INFO  [2026-08-24 11:49:03,707] org.eclipse.jetty.server.session: No SessionScavenger set, using defaults
INFO  [2026-08-24 11:49:03,710] org.eclipse.jetty.server.session: node0 Scavenging every 600000ms
INFO  [2026-08-24 11:49:04,364] io.dropwizard.jersey.DropwizardResourceConfig: The following paths were found for the configured resources:

    GET     /dogs/{name} (org.pac4j.dropwizard.e2e.DogsResource)
    POST    /dogs/{name} (org.pac4j.dropwizard.e2e.DogsResource)

INFO  [2026-08-24 11:49:04,366] org.eclipse.jetty.server.handler.ContextHandler: Started i.d.j.MutableServletContextHandler@597417a3{/,null,AVAILABLE}
INFO  [2026-08-24 11:49:04,369] io.dropwizard.setup.AdminEnvironment: tasks = 

    POST    /tasks/log-level (io.dropwizard.servlets.tasks.LogConfigurationTask)
    POST    /tasks/gc (io.dropwizard.servlets.tasks.GarbageCollectionTask)

WARN  [2026-08-24 11:49:04,369] io.dropwizard.setup.AdminEnvironment: 
!!!!!!!!!!!!!!!!!!!!!!!!!!!!!!!!!!!!!!!!!!!!!!!!!!!!!!!!!!!!!!!!!!!!!!!!!!!!!!!!
!!!!!!!!!!!!!!!!!!!!!!!!!!!!!!!!!!!!!!!!!!!!!!!!!!!!!!!!!!!!!!!!!!!!!!!!!!!!!!!!
!    THIS APPLICATION HAS NO HEALTHCHECKS. THIS MEANS YOU WILL NEVER KNOW      !
!     IF IT DIES IN PRODUCTION, WHICH MEANS YOU WILL NEVER KNOW IF YOU'RE      !
!    LETTING YOUR USERS DOWN. YOU SHOULD ADD A HEALTHCHECK FOR EACH OF YOUR    !
!         APPLICATION'S DEPENDENCIES WHICH FULLY (BUT LIGHTLY) TESTS IT.       !
!!!!!!!!!!!!!!!!!!!!!!!!!!!!!!!!!!!!!!!!!!!!!!!!!!!!!!!!!!!!!!!!!!!!!!!!!!!!!!!!
!!!!!!!!!!!!!!!!!!!!!!!!!!!!!!!!!!!!!!!!!!!!!!!!!!!!!!!!!!!!!!!!!!!!!!!!!!!!!!!!
INFO  [2026-08-24 11:49:04,370] org.eclipse.jetty.server.handler.ContextHandler: Started i.d.j.MutableServletContextHandler@7ceffb96{/,null,AVAILABLE}
INFO  [2026-08-24 11:49:04,433] org.eclipse.jetty.server.AbstractConnector: Started application@2434f548{HTTP/1.1, (http/1.1)}{0.0.0.0:46301}
INFO  [2026-08-24 11:49:04,436] org.eclipse.jetty.server.AbstractConnector: Started admin@474f8a2b{HTTP/1.1, (http/1.1)}{0.0.0.0:34023}
INFO  [2026-08-24 11:49:04,436] org.eclipse.jetty.server.Server: Started @3673ms
127.0.0.1 - - [24/Aug/2026:11:49:04 +0000] "GET /dogs/pierre HTTP/1.1" 200 6 "-" "Jersey/2.32 (HttpUrlConnection 11.0.31)" 137
INFO  [2026-08-24 11:49:05,051] org.eclipse.jetty.server.AbstractConnector: Stopped application@2434f548{HTTP/1.1, (http/1.1)}{0.0.0.0:0}
INFO  [2026-08-24 11:49:05,052] org.eclipse.jetty.server.AbstractConnector: Stopped admin@474f8a2b{HTTP/1.1, (http/1.1)}{0.0.0.0:0}
INFO  [2026-08-24 11:49:05,053] org.eclipse.jetty.server.session: node0 Stopped scavenging
INFO  [2026-08-24 11:49:05,055] org.eclipse.jetty.server.handler.ContextHandler: Stopped i.d.j.MutableServletContextHandler@7ceffb96{/,null,STOPPED}
INFO  [2026-08-24 11:49:05,066] org.eclipse.jetty.server.handler.ContextHandler: Stopped i.d.j.MutableServletContextHandler@597417a3{/,null,STOPPED}
INFO  [2026-08-24 11:49:05,224] io.dropwizard.server.DefaultServerFactory: Registering jersey handler with root path prefix: /
INFO  [2026-08-24 11:49:05,224] io.dropwizard.server.DefaultServerFactory: Registering admin handler with root path prefix: /
INFO  [2026-08-24 11:49:05,226] io.dropwizard.server.ServerFactory: Starting App
INFO  [2026-08-24 11:49:05,229] org.eclipse.jetty.setuid.SetUIDListener: Opened application@3eb5bb1b{HTTP/1.1, (http/1.1)}{0.0.0.0:44635}
INFO  [2026-08-24 11:49:05,230] org.eclipse.jetty.setuid.SetUIDListener: Opened admin@1f5b66de{HTTP/1.1, (http/1.1)}{0.0.0.0:33005}
INFO  [2026-08-24 11:49:05,230] org.eclipse.jetty.server.Server: jetty-9.4.35.v20201120; built: 2020-11-20T21:17:03.964Z; git: bdc54f03a5e0a7e280fab27f55c3c75ee8da89fb; jvm 11.0.31+11-post-1ubuntu1-24.04.2-Ubuntu
INFO  [2026-08-24 11:49:05,230] org.eclipse.jetty.server.session: DefaultSessionIdManager workerName=node0
INFO  [2026-08-24 11:49:05,230] org.eclipse.jetty.server.session: No SessionScavenger set, using defaults
INFO  [2026-08-24 11:49:05,230] org.eclipse.jetty.server.session: node0 Scavenging every 660000ms
INFO  [2026-08-24 11:49:05,312] io.dropwizard.jersey.DropwizardResourceConfig: The following paths were found for the configured resources:

    GET     /dogs/{name} (org.pac4j.dropwizard.e2e.DogsResource)
    POST    /dogs/{name} (org.pac4j.dropwizard.e2e.DogsResource)

INFO  [2026-08-24 11:49:05,313] org.eclipse.jetty.server.handler.ContextHandler: Started i.d.j.MutableServletContextHandler@f32f46{/,null,AVAILABLE}
INFO  [2026-08-24 11:49:05,314] io.dropwizard.setup.AdminEnvironment: tasks = 

    POST    /tasks/log-level (io.dropwizard.servlets.tasks.LogConfigurationTask)
    POST    /tasks/gc (io.dropwizard.servlets.tasks.GarbageCollectionTask)

WARN  [2026-08-24 11:49:05,314] io.dropwizard.setup.AdminEnvironment: 
!!!!!!!!!!!!!!!!!!!!!!!!!!!!!!!!!!!!!!!!!!!!!!!!!!!!!!!!!!!!!!!!!!!!!!!!!!!!!!!!
!!!!!!!!!!!!!!!!!!!!!!!!!!!!!!!!!!!!!!!!!!!!!!!!!!!!!!!!!!!!!!!!!!!!!!!!!!!!!!!!
!    THIS APPLICATION HAS NO HEALTHCHECKS. THIS MEANS YOU WILL NEVER KNOW      !
!     IF IT DIES IN PRODUCTION, WHICH MEANS YOU WILL NEVER KNOW IF YOU'RE      !
!    LETTING YOUR USERS DOWN. YOU SHOULD ADD A HEALTHCHECK FOR EACH OF YOUR    !
!         APPLICATION'S DEPENDENCIES WHICH FULLY (BUT LIGHTLY) TESTS IT.       !
!!!!!!!!!!!!!!!!!!!!!!!!!!!!!!!!!!!!!!!!!!!!!!!!!!!!!!!!!!!!!!!!!!!!!!!!!!!!!!!!
!!!!!!!!!!!!!!!!!!!!!!!!!!!!!!!!!!!!!!!!!!!!!!!!!!!!!!!!!!!!!!!!!!!!!!!!!!!!!!!!
INFO  [2026-08-24 11:49:05,315] org.eclipse.jetty.server.handler.ContextHandler: Started i.d.j.MutableServletContextHandler@58a0dd52{/,null,AVAILABLE}
INFO  [2026-08-24 11:49:05,334] org.eclipse.jetty.server.AbstractConnector: Started application@3eb5bb1b{HTTP/1.1, (http/1.1)}{0.0.0.0:44635}
INFO  [2026-08-24 11:49:05,335] org.eclipse.jetty.server.AbstractConnector: Started admin@1f5b66de{HTTP/1.1, (http/1.1)}{0.0.0.0:33005}
INFO  [2026-08-24 11:49:05,335] org.eclipse.jetty.server.Server: Started @4572ms
WARN  [2026-08-24 11:49:05,378] org.glassfish.jersey.servlet.WebComponent: A servlet request to the URI http://localhost:44635/dogs/pierre contains form parameters in the request body but the request body has been consumed by the servlet or a servlet filter accessing the request parameters. Only resource methods using @FormParam will work as expected. Resource methods consuming the request body by other means will not work as expected.
127.0.0.1 - - [24/Aug/2026:11:49:05 +0000] "POST /dogs/pierre HTTP/1.1" 200 6 "-" "Jersey/2.32 (HttpUrlConnection 11.0.31)" 19
INFO  [2026-08-24 11:49:05,400] org.eclipse.jetty.server.AbstractConnector: Stopped application@3eb5bb1b{HTTP/1.1, (http/1.1)}{0.0.0.0:0}
INFO  [2026-08-24 11:49:05,401] org.eclipse.jetty.server.AbstractConnector: Stopped admin@1f5b66de{HTTP/1.1, (http/1.1)}{0.0.0.0:0}
INFO  [2026-08-24 11:49:05,401] org.eclipse.jetty.server.session: node0 Stopped scavenging
INFO  [2026-08-24 11:49:05,401] org.eclipse.jetty.server.handler.ContextHandler: Stopped i.d.j.MutableServletContextHandler@58a0dd52{/,null,STOPPED}
INFO  [2026-08-24 11:49:05,403] org.eclipse.jetty.server.handler.ContextHandler: Stopped i.d.j.MutableServletContextHandler@f32f46{/,null,STOPPED}
INFO  [2026-08-24 11:49:05,507] io.dropwizard.server.DefaultServerFactory: Registering jersey handler with root path prefix: /
INFO  [2026-08-24 11:49:05,507] io.dropwizard.server.DefaultServerFactory: Registering admin handler with root path prefix: /
INFO  [2026-08-24 11:49:05,508] io.dropwizard.server.ServerFactory: Starting App
INFO  [2026-08-24 11:49:05,512] org.eclipse.jetty.setuid.SetUIDListener: Opened application@552124f8{HTTP/1.1, (http/1.1)}{0.0.0.0:45713}
INFO  [2026-08-24 11:49:05,512] org.eclipse.jetty.setuid.SetUIDListener: Opened admin@30094d11{HTTP/1.1, (http/1.1)}{0.0.0.0:38121}
INFO  [2026-08-24 11:49:05,512] org.eclipse.jetty.server.Server: jetty-9.4.35.v20201120; built: 2020-11-20T21:17:03.964Z; git: bdc54f03a5e0a7e280fab27f55c3c75ee8da89fb; jvm 11.0.31+11-post-1ubuntu1-24.04.2-Ubuntu
INFO  [2026-08-24 11:49:05,513] org.eclipse.jetty.server.session: DefaultSessionIdManager workerName=node0
INFO  [2026-08-24 11:49:05,513] org.eclipse.jetty.server.session: No SessionScavenger set, using defaults
INFO  [2026-08-24 11:49:05,513] org.eclipse.jetty.server.session: node0 Scavenging every 600000ms
INFO  [2026-08-24 11:49:05,604] io.dropwizard.jersey.DropwizardResourceConfig: The following paths were found for the configured resources:

    GET     /dogs/{name} (org.pac4j.dropwizard.e2e.DogsResource)
    POST    /dogs/{name} (org.pac4j.dropwizard.e2e.DogsResource)

INFO  [2026-08-24 11:49:05,605] org.eclipse.jetty.server.handler.ContextHandler: Started i.d.j.MutableServletContextHandler@6d088a74{/,null,AVAILABLE}
INFO  [2026-08-24 11:49:05,605] io.dropwizard.setup.AdminEnvironment: tasks = 

    POST    /tasks/log-level (io.dropwizard.servlets.tasks.LogConfigurationTask)
    POST    /tasks/gc (io.dropwizard.servlets.tasks.GarbageCollectionTask)

WARN  [2026-08-24 11:49:05,605] io.dropwizard.setup.AdminEnvironment: 
!!!!!!!!!!!!!!!!!!!!!!!!!!!!!!!!!!!!!!!!!!!!!!!!!!!!!!!!!!!!!!!!!!!!!!!!!!!!!!!!
!!!!!!!!!!!!!!!!!!!!!!!!!!!!!!!!!!!!!!!!!!!!!!!!!!!!!!!!!!!!!!!!!!!!!!!!!!!!!!!!
!    THIS APPLICATION HAS NO HEALTHCHECKS. THIS MEANS YOU WILL NEVER KNOW      !
!     IF IT DIES IN PRODUCTION, WHICH MEANS YOU WILL NEVER KNOW IF YOU'RE      !
!    LETTING YOUR USERS DOWN. YOU SHOULD ADD A HEALTHCHECK FOR EACH OF YOUR    !
!         APPLICATION'S DEPENDENCIES WHICH FULLY (BUT LIGHTLY) TESTS IT.       !
!!!!!!!!!!!!!!!!!!!!!!!!!!!!!!!!!!!!!!!!!!!!!!!!!!!!!!!!!!!!!!!!!!!!!!!!!!!!!!!!
!!!!!!!!!!!!!!!!!!!!!!!!!!!!!!!!!!!!!!!!!!!!!!!!!!!!!!!!!!!!!!!!!!!!!!!!!!!!!!!!
INFO  [2026-08-24 11:49:05,606] org.eclipse.jetty.server.handler.ContextHandler: Started i.d.j.MutableServletContextHandler@7bbc180e{/,null,AVAILABLE}
INFO  [2026-08-24 11:49:05,622] org.eclipse.jetty.server.AbstractConnector: Started application@552124f8{HTTP/1.1, (http/1.1)}{0.0.0.0:45713}
INFO  [2026-08-24 11:49:05,624] org.eclipse.jetty.server.AbstractConnector: Started admin@30094d11{HTTP/1.1, (http/1.1)}{0.0.0.0:38121}
INFO  [2026-08-24 11:49:05,624] org.eclipse.jetty.server.Server: Started @4861ms
INFO  [2026-08-24 11:49:05,646] org.pac4j.http.client.direct.DirectBasicAuthClient: Failed to retrieve or validate credentials: Username : 'boy' does not match password
127.0.0.1 - - [24/Aug/2026:11:49:05 +0000] "GET /dogs/pierre HTTP/1.1" 401 0 "-" "Jersey/2.32 (HttpUrlConnection 11.0.31)" 7
INFO  [2026-08-24 11:49:05,661] org.eclipse.jetty.server.AbstractConnector: Stopped application@552124f8{HTTP/1.1, (http/1.1)}{0.0.0.0:0}
INFO  [2026-08-24 11:49:05,662] org.eclipse.jetty.server.AbstractConnector: Stopped admin@30094d11{HTTP/1.1, (http/1.1)}{0.0.0.0:0}
INFO  [2026-08-24 11:49:05,662] org.eclipse.jetty.server.session: node0 Stopped scavenging
INFO  [2026-08-24 11:49:05,662] org.eclipse.jetty.server.handler.ContextHandler: Stopped i.d.j.MutableServletContextHandler@7bbc180e{/,null,STOPPED}
INFO  [2026-08-24 11:49:05,664] org.eclipse.jetty.server.handler.ContextHandler: Stopped i.d.j.MutableServletContextHandler@6d088a74{/,null,STOPPED}
[INFO] Tests run: 3, Failures: 0, Errors: 0, Skipped: 0, Time elapsed: 4.342 s -- in org.pac4j.dropwizard.e2e.EndToEndServletTest
[INFO] Running org.pac4j.dropwizard.e2e.EndToEndTest
INFO  [2026-08-24 11:49:05,761] io.dropwizard.server.DefaultServerFactory: Registering jersey handler with root path prefix: /
INFO  [2026-08-24 11:49:05,761] io.dropwizard.server.DefaultServerFactory: Registering admin handler with root path prefix: /
INFO  [2026-08-24 11:49:05,763] io.dropwizard.server.ServerFactory: Starting App
INFO  [2026-08-24 11:49:05,766] org.eclipse.jetty.setuid.SetUIDListener: Opened application@29c76aad{HTTP/1.1, (http/1.1)}{0.0.0.0:42485}
INFO  [2026-08-24 11:49:05,766] org.eclipse.jetty.setuid.SetUIDListener: Opened admin@20381e51{HTTP/1.1, (http/1.1)}{0.0.0.0:44375}
INFO  [2026-08-24 11:49:05,767] org.eclipse.jetty.server.Server: jetty-9.4.35.v20201120; built: 2020-11-20T21:17:03.964Z; git: bdc54f03a5e0a7e280fab27f55c3c75ee8da89fb; jvm 11.0.31+11-post-1ubuntu1-24.04.2-Ubuntu
INFO  [2026-08-24 11:49:05,767] org.eclipse.jetty.server.session: DefaultSessionIdManager workerName=node0
INFO  [2026-08-24 11:49:05,767] org.eclipse.jetty.server.session: No SessionScavenger set, using defaults
INFO  [2026-08-24 11:49:05,767] org.eclipse.jetty.server.session: node0 Scavenging every 600000ms
INFO  [2026-08-24 11:49:05,829] io.dropwizard.jersey.DropwizardResourceConfig: The following paths were found for the configured resources:

    GET     /dogs/{name} (org.pac4j.dropwizard.e2e.DogsResource)
    POST    /dogs/{name} (org.pac4j.dropwizard.e2e.DogsResource)

INFO  [2026-08-24 11:49:05,830] org.eclipse.jetty.server.handler.ContextHandler: Started i.d.j.MutableServletContextHandler@5f133735{/,null,AVAILABLE}
INFO  [2026-08-24 11:49:05,830] io.dropwizard.setup.AdminEnvironment: tasks = 

    POST    /tasks/log-level (io.dropwizard.servlets.tasks.LogConfigurationTask)
    POST    /tasks/gc (io.dropwizard.servlets.tasks.GarbageCollectionTask)

WARN  [2026-08-24 11:49:05,830] io.dropwizard.setup.AdminEnvironment: 
!!!!!!!!!!!!!!!!!!!!!!!!!!!!!!!!!!!!!!!!!!!!!!!!!!!!!!!!!!!!!!!!!!!!!!!!!!!!!!!!
!!!!!!!!!!!!!!!!!!!!!!!!!!!!!!!!!!!!!!!!!!!!!!!!!!!!!!!!!!!!!!!!!!!!!!!!!!!!!!!!
!    THIS APPLICATION HAS NO HEALTHCHECKS. THIS MEANS YOU WILL NEVER KNOW      !
!     IF IT DIES IN PRODUCTION, WHICH MEANS YOU WILL NEVER KNOW IF YOU'RE      !
!    LETTING YOUR USERS DOWN. YOU SHOULD ADD A HEALTHCHECK FOR EACH OF YOUR    !
!         APPLICATION'S DEPENDENCIES WHICH FULLY (BUT LIGHTLY) TESTS IT.       !
!!!!!!!!!!!!!!!!!!!!!!!!!!!!!!!!!!!!!!!!!!!!!!!!!!!!!!!!!!!!!!!!!!!!!!!!!!!!!!!!
!!!!!!!!!!!!!!!!!!!!!!!!!!!!!!!!!!!!!!!!!!!!!!!!!!!!!!!!!!!!!!!!!!!!!!!!!!!!!!!!
INFO  [2026-08-24 11:49:05,831] org.eclipse.jetty.server.handler.ContextHandler: Started i.d.j.MutableServletContextHandler@1f34fada{/,null,AVAILABLE}
INFO  [2026-08-24 11:49:05,845] org.eclipse.jetty.server.AbstractConnector: Started application@29c76aad{HTTP/1.1, (http/1.1)}{0.0.0.0:42485}
INFO  [2026-08-24 11:49:05,847] org.eclipse.jetty.server.AbstractConnector: Started admin@20381e51{HTTP/1.1, (http/1.1)}{0.0.0.0:44375}
INFO  [2026-08-24 11:49:05,847] org.eclipse.jetty.server.Server: Started @5084ms
127.0.0.1 - - [24/Aug/2026:11:49:05 +0000] "GET /dogs/pierre HTTP/1.1" 200 6 "-" "Jersey/2.32 (HttpUrlConnection 11.0.31)" 37
INFO  [2026-08-24 11:49:05,910] org.eclipse.jetty.server.AbstractConnector: Stopped application@29c76aad{HTTP/1.1, (http/1.1)}{0.0.0.0:0}
INFO  [2026-08-24 11:49:05,910] org.eclipse.jetty.server.AbstractConnector: Stopped admin@20381e51{HTTP/1.1, (http/1.1)}{0.0.0.0:0}
INFO  [2026-08-24 11:49:05,910] org.eclipse.jetty.server.session: node0 Stopped scavenging
INFO  [2026-08-24 11:49:05,911] org.eclipse.jetty.server.handler.ContextHandler: Stopped i.d.j.MutableServletContextHandler@1f34fada{/,null,STOPPED}
INFO  [2026-08-24 11:49:05,913] org.eclipse.jetty.server.handler.ContextHandler: Stopped i.d.j.MutableServletContextHandler@5f133735{/,null,STOPPED}
INFO  [2026-08-24 11:49:05,991] io.dropwizard.server.DefaultServerFactory: Registering jersey handler with root path prefix: /
INFO  [2026-08-24 11:49:05,992] io.dropwizard.server.DefaultServerFactory: Registering admin handler with root path prefix: /
INFO  [2026-08-24 11:49:05,993] io.dropwizard.server.ServerFactory: Starting App
INFO  [2026-08-24 11:49:05,996] org.eclipse.jetty.setuid.SetUIDListener: Opened application@55b567c0{HTTP/1.1, (http/1.1)}{0.0.0.0:34207}
INFO  [2026-08-24 11:49:05,996] org.eclipse.jetty.setuid.SetUIDListener: Opened admin@282ded42{HTTP/1.1, (http/1.1)}{0.0.0.0:41683}
INFO  [2026-08-24 11:49:05,996] org.eclipse.jetty.server.Server: jetty-9.4.35.v20201120; built: 2020-11-20T21:17:03.964Z; git: bdc54f03a5e0a7e280fab27f55c3c75ee8da89fb; jvm 11.0.31+11-post-1ubuntu1-24.04.2-Ubuntu
INFO  [2026-08-24 11:49:05,996] org.eclipse.jetty.server.session: DefaultSessionIdManager workerName=node0
INFO  [2026-08-24 11:49:05,996] org.eclipse.jetty.server.session: No SessionScavenger set, using defaults
INFO  [2026-08-24 11:49:05,997] org.eclipse.jetty.server.session: node0 Scavenging every 660000ms
INFO  [2026-08-24 11:49:06,052] io.dropwizard.jersey.DropwizardResourceConfig: The following paths were found for the configured resources:

    GET     /dogs/{name} (org.pac4j.dropwizard.e2e.DogsResource)
    POST    /dogs/{name} (org.pac4j.dropwizard.e2e.DogsResource)

INFO  [2026-08-24 11:49:06,053] org.eclipse.jetty.server.handler.ContextHandler: Started i.d.j.MutableServletContextHandler@7f25741f{/,null,AVAILABLE}
INFO  [2026-08-24 11:49:06,053] io.dropwizard.setup.AdminEnvironment: tasks = 

    POST    /tasks/log-level (io.dropwizard.servlets.tasks.LogConfigurationTask)
    POST    /tasks/gc (io.dropwizard.servlets.tasks.GarbageCollectionTask)

WARN  [2026-08-24 11:49:06,053] io.dropwizard.setup.AdminEnvironment: 
!!!!!!!!!!!!!!!!!!!!!!!!!!!!!!!!!!!!!!!!!!!!!!!!!!!!!!!!!!!!!!!!!!!!!!!!!!!!!!!!
!!!!!!!!!!!!!!!!!!!!!!!!!!!!!!!!!!!!!!!!!!!!!!!!!!!!!!!!!!!!!!!!!!!!!!!!!!!!!!!!
!    THIS APPLICATION HAS NO HEALTHCHECKS. THIS MEANS YOU WILL NEVER KNOW      !
!     IF IT DIES IN PRODUCTION, WHICH MEANS YOU WILL NEVER KNOW IF YOU'RE      !
!    LETTING YOUR USERS DOWN. YOU SHOULD ADD A HEALTHCHECK FOR EACH OF YOUR    !
!         APPLICATION'S DEPENDENCIES WHICH FULLY (BUT LIGHTLY) TESTS IT.       !
!!!!!!!!!!!!!!!!!!!!!!!!!!!!!!!!!!!!!!!!!!!!!!!!!!!!!!!!!!!!!!!!!!!!!!!!!!!!!!!!
!!!!!!!!!!!!!!!!!!!!!!!!!!!!!!!!!!!!!!!!!!!!!!!!!!!!!!!!!!!!!!!!!!!!!!!!!!!!!!!!
INFO  [2026-08-24 11:49:06,054] org.eclipse.jetty.server.handler.ContextHandler: Started i.d.j.MutableServletContextHandler@5ca63fd8{/,null,AVAILABLE}
INFO  [2026-08-24 11:49:06,063] org.eclipse.jetty.server.AbstractConnector: Started application@55b567c0{HTTP/1.1, (http/1.1)}{0.0.0.0:34207}
INFO  [2026-08-24 11:49:06,065] org.eclipse.jetty.server.AbstractConnector: Started admin@282ded42{HTTP/1.1, (http/1.1)}{0.0.0.0:41683}
INFO  [2026-08-24 11:49:06,065] org.eclipse.jetty.server.Server: Started @5302ms
127.0.0.1 - - [24/Aug/2026:11:49:06 +0000] "POST /dogs/pierre HTTP/1.1" 200 6 "-" "Jersey/2.32 (HttpUrlConnection 11.0.31)" 18
INFO  [2026-08-24 11:49:06,107] org.eclipse.jetty.server.AbstractConnector: Stopped application@55b567c0{HTTP/1.1, (http/1.1)}{0.0.0.0:0}
INFO  [2026-08-24 11:49:06,107] org.eclipse.jetty.server.AbstractConnector: Stopped admin@282ded42{HTTP/1.1, (http/1.1)}{0.0.0.0:0}
INFO  [2026-08-24 11:49:06,107] org.eclipse.jetty.server.session: node0 Stopped scavenging
INFO  [2026-08-24 11:49:06,108] org.eclipse.jetty.server.handler.ContextHandler: Stopped i.d.j.MutableServletContextHandler@5ca63fd8{/,null,STOPPED}
INFO  [2026-08-24 11:49:06,110] org.eclipse.jetty.server.handler.ContextHandler: Stopped i.d.j.MutableServletContextHandler@7f25741f{/,null,STOPPED}
INFO  [2026-08-24 11:49:06,197] io.dropwizard.server.DefaultServerFactory: Registering jersey handler with root path prefix: /
INFO  [2026-08-24 11:49:06,197] io.dropwizard.server.DefaultServerFactory: Registering admin handler with root path prefix: /
INFO  [2026-08-24 11:49:06,198] io.dropwizard.server.ServerFactory: Starting App
INFO  [2026-08-24 11:49:06,201] org.eclipse.jetty.setuid.SetUIDListener: Opened application@609ba4a9{HTTP/1.1, (http/1.1)}{0.0.0.0:34277}
INFO  [2026-08-24 11:49:06,201] org.eclipse.jetty.setuid.SetUIDListener: Opened admin@790c07cc{HTTP/1.1, (http/1.1)}{0.0.0.0:38033}
INFO  [2026-08-24 11:49:06,202] org.eclipse.jetty.server.Server: jetty-9.4.35.v20201120; built: 2020-11-20T21:17:03.964Z; git: bdc54f03a5e0a7e280fab27f55c3c75ee8da89fb; jvm 11.0.31+11-post-1ubuntu1-24.04.2-Ubuntu
INFO  [2026-08-24 11:49:06,202] org.eclipse.jetty.server.session: DefaultSessionIdManager workerName=node0
INFO  [2026-08-24 11:49:06,202] org.eclipse.jetty.server.session: No SessionScavenger set, using defaults
INFO  [2026-08-24 11:49:06,202] org.eclipse.jetty.server.session: node0 Scavenging every 660000ms
INFO  [2026-08-24 11:49:06,252] io.dropwizard.jersey.DropwizardResourceConfig: The following paths were found for the configured resources:

    GET     /dogs/{name} (org.pac4j.dropwizard.e2e.DogsResource)
    POST    /dogs/{name} (org.pac4j.dropwizard.e2e.DogsResource)

INFO  [2026-08-24 11:49:06,253] org.eclipse.jetty.server.handler.ContextHandler: Started i.d.j.MutableServletContextHandler@64b752c4{/,null,AVAILABLE}
INFO  [2026-08-24 11:49:06,253] io.dropwizard.setup.AdminEnvironment: tasks = 

    POST    /tasks/log-level (io.dropwizard.servlets.tasks.LogConfigurationTask)
    POST    /tasks/gc (io.dropwizard.servlets.tasks.GarbageCollectionTask)

WARN  [2026-08-24 11:49:06,253] io.dropwizard.setup.AdminEnvironment: 
!!!!!!!!!!!!!!!!!!!!!!!!!!!!!!!!!!!!!!!!!!!!!!!!!!!!!!!!!!!!!!!!!!!!!!!!!!!!!!!!
!!!!!!!!!!!!!!!!!!!!!!!!!!!!!!!!!!!!!!!!!!!!!!!!!!!!!!!!!!!!!!!!!!!!!!!!!!!!!!!!
!    THIS APPLICATION HAS NO HEALTHCHECKS. THIS MEANS YOU WILL NEVER KNOW      !
!     IF IT DIES IN PRODUCTION, WHICH MEANS YOU WILL NEVER KNOW IF YOU'RE      !
!    LETTING YOUR USERS DOWN. YOU SHOULD ADD A HEALTHCHECK FOR EACH OF YOUR    !
!         APPLICATION'S DEPENDENCIES WHICH FULLY (BUT LIGHTLY) TESTS IT.       !
!!!!!!!!!!!!!!!!!!!!!!!!!!!!!!!!!!!!!!!!!!!!!!!!!!!!!!!!!!!!!!!!!!!!!!!!!!!!!!!!
!!!!!!!!!!!!!!!!!!!!!!!!!!!!!!!!!!!!!!!!!!!!!!!!!!!!!!!!!!!!!!!!!!!!!!!!!!!!!!!!
INFO  [2026-08-24 11:49:06,254] org.eclipse.jetty.server.handler.ContextHandler: Started i.d.j.MutableServletContextHandler@273c7993{/,null,AVAILABLE}
INFO  [2026-08-24 11:49:06,267] org.eclipse.jetty.server.AbstractConnector: Started application@609ba4a9{HTTP/1.1, (http/1.1)}{0.0.0.0:34277}
INFO  [2026-08-24 11:49:06,268] org.eclipse.jetty.server.AbstractConnector: Started admin@790c07cc{HTTP/1.1, (http/1.1)}{0.0.0.0:38033}
INFO  [2026-08-24 11:49:06,268] org.eclipse.jetty.server.Server: Started @5505ms
INFO  [2026-08-24 11:49:06,300] org.pac4j.http.client.direct.DirectBasicAuthClient: Failed to retrieve or validate credentials: Username : 'boy' does not match password
127.0.0.1 - - [24/Aug/2026:11:49:06 +0000] "GET /dogs/pierre HTTP/1.1" 401 0 "-" "Jersey/2.32 (HttpUrlConnection 11.0.31)" 16
INFO  [2026-08-24 11:49:06,310] org.eclipse.jetty.server.AbstractConnector: Stopped application@609ba4a9{HTTP/1.1, (http/1.1)}{0.0.0.0:0}
INFO  [2026-08-24 11:49:06,311] org.eclipse.jetty.server.AbstractConnector: Stopped admin@790c07cc{HTTP/1.1, (http/1.1)}{0.0.0.0:0}
INFO  [2026-08-24 11:49:06,311] org.eclipse.jetty.server.session: node0 Stopped scavenging
INFO  [2026-08-24 11:49:06,311] org.eclipse.jetty.server.handler.ContextHandler: Stopped i.d.j.MutableServletContextHandler@273c7993{/,null,STOPPED}
INFO  [2026-08-24 11:49:06,313] org.eclipse.jetty.server.handler.ContextHandler: Stopped i.d.j.MutableServletContextHandler@64b752c4{/,null,STOPPED}
[INFO] Tests run: 3, Failures: 0, Errors: 0, Skipped: 0, Time elapsed: 0.624 s -- in org.pac4j.dropwizard.e2e.EndToEndTest
[INFO] Running org.pac4j.dropwizard.bundle.BundleFactoryTest
INFO  [2026-08-24 11:49:06,394] io.dropwizard.server.DefaultServerFactory: Registering jersey handler with root path prefix: /
INFO  [2026-08-24 11:49:06,394] io.dropwizard.server.DefaultServerFactory: Registering admin handler with root path prefix: /
INFO  [2026-08-24 11:49:06,395] io.dropwizard.server.ServerFactory: Starting App
INFO  [2026-08-24 11:49:06,398] org.eclipse.jetty.setuid.SetUIDListener: Opened application@64309b10{HTTP/1.1, (http/1.1)}{0.0.0.0:41775}
INFO  [2026-08-24 11:49:06,398] org.eclipse.jetty.setuid.SetUIDListener: Opened admin@2fa3d956{HTTP/1.1, (http/1.1)}{0.0.0.0:32989}
INFO  [2026-08-24 11:49:06,398] org.eclipse.jetty.server.Server: jetty-9.4.35.v20201120; built: 2020-11-20T21:17:03.964Z; git: bdc54f03a5e0a7e280fab27f55c3c75ee8da89fb; jvm 11.0.31+11-post-1ubuntu1-24.04.2-Ubuntu
INFO  [2026-08-24 11:49:06,398] org.eclipse.jetty.server.session: DefaultSessionIdManager workerName=node0
INFO  [2026-08-24 11:49:06,398] org.eclipse.jetty.server.session: No SessionScavenger set, using defaults
INFO  [2026-08-24 11:49:06,399] org.eclipse.jetty.server.session: node0 Scavenging every 660000ms
INFO  [2026-08-24 11:49:06,442] io.dropwizard.jersey.DropwizardResourceConfig: The following paths were found for the configured resources:

    NONE

INFO  [2026-08-24 11:49:06,443] org.eclipse.jetty.server.handler.ContextHandler: Started i.d.j.MutableServletContextHandler@1918af74{/,null,AVAILABLE}
INFO  [2026-08-24 11:49:06,443] io.dropwizard.setup.AdminEnvironment: tasks = 

    POST    /tasks/log-level (io.dropwizard.servlets.tasks.LogConfigurationTask)
    POST    /tasks/gc (io.dropwizard.servlets.tasks.GarbageCollectionTask)

WARN  [2026-08-24 11:49:06,443] io.dropwizard.setup.AdminEnvironment: 
!!!!!!!!!!!!!!!!!!!!!!!!!!!!!!!!!!!!!!!!!!!!!!!!!!!!!!!!!!!!!!!!!!!!!!!!!!!!!!!!
!!!!!!!!!!!!!!!!!!!!!!!!!!!!!!!!!!!!!!!!!!!!!!!!!!!!!!!!!!!!!!!!!!!!!!!!!!!!!!!!
!    THIS APPLICATION HAS NO HEALTHCHECKS. THIS MEANS YOU WILL NEVER KNOW      !
!     IF IT DIES IN PRODUCTION, WHICH MEANS YOU WILL NEVER KNOW IF YOU'RE      !
!    LETTING YOUR USERS DOWN. YOU SHOULD ADD A HEALTHCHECK FOR EACH OF YOUR    !
!         APPLICATION'S DEPENDENCIES WHICH FULLY (BUT LIGHTLY) TESTS IT.       !
!!!!!!!!!!!!!!!!!!!!!!!!!!!!!!!!!!!!!!!!!!!!!!!!!!!!!!!!!!!!!!!!!!!!!!!!!!!!!!!!
!!!!!!!!!!!!!!!!!!!!!!!!!!!!!!!!!!!!!!!!!!!!!!!!!!!!!!!!!!!!!!!!!!!!!!!!!!!!!!!!
INFO  [2026-08-24 11:49:06,444] org.eclipse.jetty.server.handler.ContextHandler: Started i.d.j.MutableServletContextHandler@25fb9e01{/,null,AVAILABLE}
INFO  [2026-08-24 11:49:06,454] org.eclipse.jetty.server.AbstractConnector: Started application@64309b10{HTTP/1.1, (http/1.1)}{0.0.0.0:41775}
INFO  [2026-08-24 11:49:06,455] org.eclipse.jetty.server.AbstractConnector: Started admin@2fa3d956{HTTP/1.1, (http/1.1)}{0.0.0.0:32989}
INFO  [2026-08-24 11:49:06,455] org.eclipse.jetty.server.Server: Started @5692ms
INFO  [2026-08-24 11:49:06,474] org.eclipse.jetty.server.AbstractConnector: Stopped application@64309b10{HTTP/1.1, (http/1.1)}{0.0.0.0:0}
INFO  [2026-08-24 11:49:06,474] org.eclipse.jetty.server.AbstractConnector: Stopped admin@2fa3d956{HTTP/1.1, (http/1.1)}{0.0.0.0:0}
INFO  [2026-08-24 11:49:06,474] org.eclipse.jetty.server.session: node0 Stopped scavenging
INFO  [2026-08-24 11:49:06,475] org.eclipse.jetty.server.handler.ContextHandler: Stopped i.d.j.MutableServletContextHandler@25fb9e01{/,null,STOPPED}
INFO  [2026-08-24 11:49:06,476] org.eclipse.jetty.server.handler.ContextHandler: Stopped i.d.j.MutableServletContextHandler@1918af74{/,null,STOPPED}
INFO  [2026-08-24 11:49:06,587] io.dropwizard.server.DefaultServerFactory: Registering jersey handler with root path prefix: /
INFO  [2026-08-24 11:49:06,587] io.dropwizard.server.DefaultServerFactory: Registering admin handler with root path prefix: /
INFO  [2026-08-24 11:49:06,587] io.dropwizard.server.ServerFactory: Starting App
INFO  [2026-08-24 11:49:06,591] org.eclipse.jetty.setuid.SetUIDListener: Opened application@79c421c{HTTP/1.1, (http/1.1)}{0.0.0.0:36883}
INFO  [2026-08-24 11:49:06,591] org.eclipse.jetty.setuid.SetUIDListener: Opened admin@7d59edbc{HTTP/1.1, (http/1.1)}{0.0.0.0:43957}
INFO  [2026-08-24 11:49:06,591] org.eclipse.jetty.server.Server: jetty-9.4.35.v20201120; built: 2020-11-20T21:17:03.964Z; git: bdc54f03a5e0a7e280fab27f55c3c75ee8da89fb; jvm 11.0.31+11-post-1ubuntu1-24.04.2-Ubuntu
INFO  [2026-08-24 11:49:06,628] io.dropwizard.jersey.DropwizardResourceConfig: The following paths were found for the configured resources:

    NONE

INFO  [2026-08-24 11:49:06,629] org.eclipse.jetty.server.handler.ContextHandler: Started i.d.j.MutableServletContextHandler@67830628{/,null,AVAILABLE}
INFO  [2026-08-24 11:49:06,629] io.dropwizard.setup.AdminEnvironment: tasks = 

    POST    /tasks/log-level (io.dropwizard.servlets.tasks.LogConfigurationTask)
    POST    /tasks/gc (io.dropwizard.servlets.tasks.GarbageCollectionTask)

WARN  [2026-08-24 11:49:06,629] io.dropwizard.setup.AdminEnvironment: 
!!!!!!!!!!!!!!!!!!!!!!!!!!!!!!!!!!!!!!!!!!!!!!!!!!!!!!!!!!!!!!!!!!!!!!!!!!!!!!!!
!!!!!!!!!!!!!!!!!!!!!!!!!!!!!!!!!!!!!!!!!!!!!!!!!!!!!!!!!!!!!!!!!!!!!!!!!!!!!!!!
!    THIS APPLICATION HAS NO HEALTHCHECKS. THIS MEANS YOU WILL NEVER KNOW      !
!     IF IT DIES IN PRODUCTION, WHICH MEANS YOU WILL NEVER KNOW IF YOU'RE      !
!    LETTING YOUR USERS DOWN. YOU SHOULD ADD A HEALTHCHECK FOR EACH OF YOUR    !
!         APPLICATION'S DEPENDENCIES WHICH FULLY (BUT LIGHTLY) TESTS IT.       !
!!!!!!!!!!!!!!!!!!!!!!!!!!!!!!!!!!!!!!!!!!!!!!!!!!!!!!!!!!!!!!!!!!!!!!!!!!!!!!!!
!!!!!!!!!!!!!!!!!!!!!!!!!!!!!!!!!!!!!!!!!!!!!!!!!!!!!!!!!!!!!!!!!!!!!!!!!!!!!!!!
INFO  [2026-08-24 11:49:06,630] org.eclipse.jetty.server.handler.ContextHandler: Started i.d.j.MutableServletContextHandler@ba21a5b{/,null,AVAILABLE}
INFO  [2026-08-24 11:49:06,640] org.eclipse.jetty.server.AbstractConnector: Started application@79c421c{HTTP/1.1, (http/1.1)}{0.0.0.0:36883}
INFO  [2026-08-24 11:49:06,641] org.eclipse.jetty.server.AbstractConnector: Started admin@7d59edbc{HTTP/1.1, (http/1.1)}{0.0.0.0:43957}
INFO  [2026-08-24 11:49:06,641] org.eclipse.jetty.server.Server: Started @5878ms
INFO  [2026-08-24 11:49:06,645] org.eclipse.jetty.server.AbstractConnector: Stopped application@79c421c{HTTP/1.1, (http/1.1)}{0.0.0.0:0}
INFO  [2026-08-24 11:49:06,645] org.eclipse.jetty.server.AbstractConnector: Stopped admin@7d59edbc{HTTP/1.1, (http/1.1)}{0.0.0.0:0}
INFO  [2026-08-24 11:49:06,646] org.eclipse.jetty.server.handler.ContextHandler: Stopped i.d.j.MutableServletContextHandler@ba21a5b{/,null,STOPPED}
INFO  [2026-08-24 11:49:06,647] org.eclipse.jetty.server.handler.ContextHandler: Stopped i.d.j.MutableServletContextHandler@67830628{/,null,STOPPED}
INFO  [2026-08-24 11:49:06,698] io.dropwizard.server.DefaultServerFactory: Registering jersey handler with root path prefix: /
INFO  [2026-08-24 11:49:06,698] io.dropwizard.server.DefaultServerFactory: Registering admin handler with root path prefix: /
INFO  [2026-08-24 11:49:06,698] io.dropwizard.server.ServerFactory: Starting App
INFO  [2026-08-24 11:49:06,701] org.eclipse.jetty.setuid.SetUIDListener: Opened application@3297978b{HTTP/1.1, (http/1.1)}{0.0.0.0:33783}
INFO  [2026-08-24 11:49:06,701] org.eclipse.jetty.setuid.SetUIDListener: Opened admin@7cc6683{HTTP/1.1, (http/1.1)}{0.0.0.0:38319}
INFO  [2026-08-24 11:49:06,701] org.eclipse.jetty.server.Server: jetty-9.4.35.v20201120; built: 2020-11-20T21:17:03.964Z; git: bdc54f03a5e0a7e280fab27f55c3c75ee8da89fb; jvm 11.0.31+11-post-1ubuntu1-24.04.2-Ubuntu
INFO  [2026-08-24 11:49:06,733] io.dropwizard.jersey.DropwizardResourceConfig: The following paths were found for the configured resources:

    NONE

INFO  [2026-08-24 11:49:06,734] org.eclipse.jetty.server.handler.ContextHandler: Started i.d.j.MutableServletContextHandler@19a6ffe1{/,null,AVAILABLE}
INFO  [2026-08-24 11:49:06,734] io.dropwizard.setup.AdminEnvironment: tasks = 

    POST    /tasks/log-level (io.dropwizard.servlets.tasks.LogConfigurationTask)
    POST    /tasks/gc (io.dropwizard.servlets.tasks.GarbageCollectionTask)

WARN  [2026-08-24 11:49:06,734] io.dropwizard.setup.AdminEnvironment: 
!!!!!!!!!!!!!!!!!!!!!!!!!!!!!!!!!!!!!!!!!!!!!!!!!!!!!!!!!!!!!!!!!!!!!!!!!!!!!!!!
!!!!!!!!!!!!!!!!!!!!!!!!!!!!!!!!!!!!!!!!!!!!!!!!!!!!!!!!!!!!!!!!!!!!!!!!!!!!!!!!
!    THIS APPLICATION HAS NO HEALTHCHECKS. THIS MEANS YOU WILL NEVER KNOW      !
!     IF IT DIES IN PRODUCTION, WHICH MEANS YOU WILL NEVER KNOW IF YOU'RE      !
!    LETTING YOUR USERS DOWN. YOU SHOULD ADD A HEALTHCHECK FOR EACH OF YOUR    !
!         APPLICATION'S DEPENDENCIES WHICH FULLY (BUT LIGHTLY) TESTS IT.       !
!!!!!!!!!!!!!!!!!!!!!!!!!!!!!!!!!!!!!!!!!!!!!!!!!!!!!!!!!!!!!!!!!!!!!!!!!!!!!!!!
!!!!!!!!!!!!!!!!!!!!!!!!!!!!!!!!!!!!!!!!!!!!!!!!!!!!!!!!!!!!!!!!!!!!!!!!!!!!!!!!
INFO  [2026-08-24 11:49:06,734] org.eclipse.jetty.server.handler.ContextHandler: Started i.d.j.MutableServletContextHandler@7ba06fd6{/,null,AVAILABLE}
INFO  [2026-08-24 11:49:06,743] org.eclipse.jetty.server.AbstractConnector: Started application@3297978b{HTTP/1.1, (http/1.1)}{0.0.0.0:33783}
INFO  [2026-08-24 11:49:06,744] org.eclipse.jetty.server.AbstractConnector: Started admin@7cc6683{HTTP/1.1, (http/1.1)}{0.0.0.0:38319}
INFO  [2026-08-24 11:49:06,744] org.eclipse.jetty.server.Server: Started @5981ms
INFO  [2026-08-24 11:49:06,748] org.eclipse.jetty.server.AbstractConnector: Stopped application@3297978b{HTTP/1.1, (http/1.1)}{0.0.0.0:0}
INFO  [2026-08-24 11:49:06,748] org.eclipse.jetty.server.AbstractConnector: Stopped admin@7cc6683{HTTP/1.1, (http/1.1)}{0.0.0.0:0}
INFO  [2026-08-24 11:49:06,748] org.eclipse.jetty.server.handler.ContextHandler: Stopped i.d.j.MutableServletContextHandler@7ba06fd6{/,null,STOPPED}
INFO  [2026-08-24 11:49:06,749] org.eclipse.jetty.server.handler.ContextHandler: Stopped i.d.j.MutableServletContextHandler@19a6ffe1{/,null,STOPPED}
INFO  [2026-08-24 11:49:06,804] io.dropwizard.server.DefaultServerFactory: Registering jersey handler with root path prefix: /
INFO  [2026-08-24 11:49:06,804] io.dropwizard.server.DefaultServerFactory: Registering admin handler with root path prefix: /
INFO  [2026-08-24 11:49:06,805] io.dropwizard.server.ServerFactory: Starting App
INFO  [2026-08-24 11:49:06,807] org.eclipse.jetty.setuid.SetUIDListener: Opened application@5e4235f0{HTTP/1.1, (http/1.1)}{0.0.0.0:39185}
INFO  [2026-08-24 11:49:06,808] org.eclipse.jetty.setuid.SetUIDListener: Opened admin@24e129c0{HTTP/1.1, (http/1.1)}{0.0.0.0:33225}
INFO  [2026-08-24 11:49:06,808] org.eclipse.jetty.server.Server: jetty-9.4.35.v20201120; built: 2020-11-20T21:17:03.964Z; git: bdc54f03a5e0a7e280fab27f55c3c75ee8da89fb; jvm 11.0.31+11-post-1ubuntu1-24.04.2-Ubuntu
INFO  [2026-08-24 11:49:06,808] org.eclipse.jetty.server.session: DefaultSessionIdManager workerName=node0
INFO  [2026-08-24 11:49:06,808] org.eclipse.jetty.server.session: No SessionScavenger set, using defaults
INFO  [2026-08-24 11:49:06,808] org.eclipse.jetty.server.session: node0 Scavenging every 660000ms
INFO  [2026-08-24 11:49:06,856] io.dropwizard.jersey.DropwizardResourceConfig: The following paths were found for the configured resources:

    NONE

INFO  [2026-08-24 11:49:06,857] org.eclipse.jetty.server.handler.ContextHandler: Started i.d.j.MutableServletContextHandler@30abe186{/,null,AVAILABLE}
INFO  [2026-08-24 11:49:06,857] io.dropwizard.setup.AdminEnvironment: tasks = 

    POST    /tasks/log-level (io.dropwizard.servlets.tasks.LogConfigurationTask)
    POST    /tasks/gc (io.dropwizard.servlets.tasks.GarbageCollectionTask)

WARN  [2026-08-24 11:49:06,857] io.dropwizard.setup.AdminEnvironment: 
!!!!!!!!!!!!!!!!!!!!!!!!!!!!!!!!!!!!!!!!!!!!!!!!!!!!!!!!!!!!!!!!!!!!!!!!!!!!!!!!
!!!!!!!!!!!!!!!!!!!!!!!!!!!!!!!!!!!!!!!!!!!!!!!!!!!!!!!!!!!!!!!!!!!!!!!!!!!!!!!!
!    THIS APPLICATION HAS NO HEALTHCHECKS. THIS MEANS YOU WILL NEVER KNOW      !
!     IF IT DIES IN PRODUCTION, WHICH MEANS YOU WILL NEVER KNOW IF YOU'RE      !
!    LETTING YOUR USERS DOWN. YOU SHOULD ADD A HEALTHCHECK FOR EACH OF YOUR    !
!         APPLICATION'S DEPENDENCIES WHICH FULLY (BUT LIGHTLY) TESTS IT.       !
!!!!!!!!!!!!!!!!!!!!!!!!!!!!!!!!!!!!!!!!!!!!!!!!!!!!!!!!!!!!!!!!!!!!!!!!!!!!!!!!
!!!!!!!!!!!!!!!!!!!!!!!!!!!!!!!!!!!!!!!!!!!!!!!!!!!!!!!!!!!!!!!!!!!!!!!!!!!!!!!!
INFO  [2026-08-24 11:49:06,858] org.eclipse.jetty.server.handler.ContextHandler: Started i.d.j.MutableServletContextHandler@5307d746{/,null,AVAILABLE}
INFO  [2026-08-24 11:49:06,871] org.eclipse.jetty.server.AbstractConnector: Started application@5e4235f0{HTTP/1.1, (http/1.1)}{0.0.0.0:39185}
INFO  [2026-08-24 11:49:06,872] org.eclipse.jetty.server.AbstractConnector: Started admin@24e129c0{HTTP/1.1, (http/1.1)}{0.0.0.0:33225}
INFO  [2026-08-24 11:49:06,872] org.eclipse.jetty.server.Server: Started @6109ms
INFO  [2026-08-24 11:49:06,876] org.eclipse.jetty.server.AbstractConnector: Stopped application@5e4235f0{HTTP/1.1, (http/1.1)}{0.0.0.0:0}
INFO  [2026-08-24 11:49:06,877] org.eclipse.jetty.server.AbstractConnector: Stopped admin@24e129c0{HTTP/1.1, (http/1.1)}{0.0.0.0:0}
INFO  [2026-08-24 11:49:06,877] org.eclipse.jetty.server.session: node0 Stopped scavenging
INFO  [2026-08-24 11:49:06,877] org.eclipse.jetty.server.handler.ContextHandler: Stopped i.d.j.MutableServletContextHandler@5307d746{/,null,STOPPED}
INFO  [2026-08-24 11:49:06,879] org.eclipse.jetty.server.handler.ContextHandler: Stopped i.d.j.MutableServletContextHandler@30abe186{/,null,STOPPED}
[INFO] Tests run: 4, Failures: 0, Errors: 0, Skipped: 0, Time elapsed: 0.556 s -- in org.pac4j.dropwizard.bundle.BundleFactoryTest
[INFO] Running org.pac4j.dropwizard.factory.DefaultConfigurationTest
WARN  [2026-08-24 19:49:07,459] org.pac4j.core.matching.matcher.PathMatcher: Be careful when using the 'excludeBranch' or 'excludeRegex' methods. They use regular expressions and their definitions may be error prone. You could exclude more URLs than expected.
INFO  [2026-08-24 19:49:07,493] org.pac4j.core.config.ConfigBuilder: Build the configuration from factory: org.pac4j.dropwizard.factory.FakeConfigFactory
[INFO] Tests run: 6, Failures: 0, Errors: 0, Skipped: 0, Time elapsed: 0.669 s -- in org.pac4j.dropwizard.factory.DefaultConfigurationTest
[INFO] 
[INFO] Results:
[INFO] 
[INFO] Tests run: 16, Failures: 0, Errors: 0, Skipped: 0
[INFO] 
[INFO] ------------------------------------------------------------------------
[INFO] BUILD SUCCESS
[INFO] ------------------------------------------------------------------------
[INFO] Total time:  12.761 s
[INFO] Finished at: 2026-08-24T19:49:07+08:00
[INFO] ------------------------------------------------------------------------
