[INFO] Scanning for projects...
[INFO] 
[INFO] ---------------------< org.pac4j:dropwizard-pac4j >---------------------
[INFO] Building Dropwizard pac4j Support 5.0.1-SNAPSHOT
[INFO]   from pom.xml
[INFO] --------------------------------[ jar ]---------------------------------
[INFO] 
[INFO] --- enforcer:3.0.0-M3:enforce (enforce-maven) @ dropwizard-pac4j ---
[INFO] 
[INFO] --- enforcer:3.0.0-M3:enforce (dependency-convergence) @ dropwizard-pac4j ---
[INFO] 
[INFO] --- resources:3.3.1:resources (default-resources) @ dropwizard-pac4j ---
[INFO] skip non existing resourceDirectory /tmp/jackson-coverage/dropwizard-before/src/main/resources
[INFO] 
[INFO] --- compiler:3.10.1:compile (default-compile) @ dropwizard-pac4j ---
[INFO] Changes detected - recompiling the module!
[INFO] Compiling 7 source files to /tmp/jackson-coverage/dropwizard-before/target/classes
[INFO] 
[INFO] >>> pmd:3.14.0:check (run-pmd) > :pmd @ dropwizard-pac4j >>>
[INFO] 
[INFO] --- pmd:3.14.0:pmd (pmd) @ dropwizard-pac4j ---
[WARNING] Unable to locate Source XRef to link to - DISABLED
[WARNING] Unable to locate Source XRef to link to - DISABLED
[WARNING] Unable to locate Source XRef to link to - DISABLED
[INFO] 
[INFO] <<< pmd:3.14.0:check (run-pmd) < :pmd @ dropwizard-pac4j <<<
[INFO] 
[INFO] 
[INFO] --- pmd:3.14.0:check (run-pmd) @ dropwizard-pac4j ---
[INFO] PMD version: 6.29.0
[INFO] 
[INFO] 
[INFO] --- resources:3.3.1:testResources (default-testResources) @ dropwizard-pac4j ---
[INFO] Copying 10 resources from src/test/resources to target/test-classes
[INFO] 
[INFO] --- compiler:3.10.1:testCompile (default-testCompile) @ dropwizard-pac4j ---
[INFO] Changes detected - recompiling the module!
[INFO] Compiling 9 source files to /tmp/jackson-coverage/dropwizard-before/target/test-classes
[INFO] /tmp/jackson-coverage/dropwizard-before/src/test/java/org/pac4j/dropwizard/factory/FakeConfigFactory.java: /tmp/jackson-coverage/dropwizard-before/src/test/java/org/pac4j/dropwizard/factory/FakeConfigFactory.java uses unchecked or unsafe operations.
[INFO] /tmp/jackson-coverage/dropwizard-before/src/test/java/org/pac4j/dropwizard/factory/FakeConfigFactory.java: Recompile with -Xlint:unchecked for details.
[INFO] 
[INFO] --- surefire:3.2.5:test (default-test) @ dropwizard-pac4j ---
[INFO] Using auto detected provider org.apache.maven.surefire.junit4.JUnit4Provider
[INFO] 
[INFO] -------------------------------------------------------
[INFO]  T E S T S
[INFO] -------------------------------------------------------
[INFO] Running org.pac4j.dropwizard.e2e.EndToEndServletTest
INFO  [2026-08-24 11:48:17,739] io.dropwizard.server.DefaultServerFactory: Registering jersey handler with root path prefix: /
INFO  [2026-08-24 11:48:17,745] io.dropwizard.server.DefaultServerFactory: Registering admin handler with root path prefix: /
INFO  [2026-08-24 11:48:17,808] io.dropwizard.server.ServerFactory: Starting App
INFO  [2026-08-24 11:48:17,873] org.eclipse.jetty.setuid.SetUIDListener: Opened application@6dfcffb5{HTTP/1.1, (http/1.1)}{0.0.0.0:38021}
INFO  [2026-08-24 11:48:17,874] org.eclipse.jetty.setuid.SetUIDListener: Opened admin@184fb68d{HTTP/1.1, (http/1.1)}{0.0.0.0:36329}
INFO  [2026-08-24 11:48:17,875] org.eclipse.jetty.server.Server: jetty-9.4.35.v20201120; built: 2020-11-20T21:17:03.964Z; git: bdc54f03a5e0a7e280fab27f55c3c75ee8da89fb; jvm 11.0.31+11-post-1ubuntu1-24.04.2-Ubuntu
INFO  [2026-08-24 11:48:17,886] org.eclipse.jetty.server.session: DefaultSessionIdManager workerName=node0
INFO  [2026-08-24 11:48:17,886] org.eclipse.jetty.server.session: No SessionScavenger set, using defaults
INFO  [2026-08-24 11:48:17,887] org.eclipse.jetty.server.session: node0 Scavenging every 660000ms
INFO  [2026-08-24 11:48:18,317] io.dropwizard.jersey.DropwizardResourceConfig: The following paths were found for the configured resources:

    GET     /dogs/{name} (org.pac4j.dropwizard.e2e.DogsResource)
    POST    /dogs/{name} (org.pac4j.dropwizard.e2e.DogsResource)

INFO  [2026-08-24 11:48:18,319] org.eclipse.jetty.server.handler.ContextHandler: Started i.d.j.MutableServletContextHandler@47248a48{/,null,AVAILABLE}
INFO  [2026-08-24 11:48:18,320] io.dropwizard.setup.AdminEnvironment: tasks = 

    POST    /tasks/log-level (io.dropwizard.servlets.tasks.LogConfigurationTask)
    POST    /tasks/gc (io.dropwizard.servlets.tasks.GarbageCollectionTask)

WARN  [2026-08-24 11:48:18,320] io.dropwizard.setup.AdminEnvironment: 
!!!!!!!!!!!!!!!!!!!!!!!!!!!!!!!!!!!!!!!!!!!!!!!!!!!!!!!!!!!!!!!!!!!!!!!!!!!!!!!!
!!!!!!!!!!!!!!!!!!!!!!!!!!!!!!!!!!!!!!!!!!!!!!!!!!!!!!!!!!!!!!!!!!!!!!!!!!!!!!!!
!    THIS APPLICATION HAS NO HEALTHCHECKS. THIS MEANS YOU WILL NEVER KNOW      !
!     IF IT DIES IN PRODUCTION, WHICH MEANS YOU WILL NEVER KNOW IF YOU'RE      !
!    LETTING YOUR USERS DOWN. YOU SHOULD ADD A HEALTHCHECK FOR EACH OF YOUR    !
!         APPLICATION'S DEPENDENCIES WHICH FULLY (BUT LIGHTLY) TESTS IT.       !
!!!!!!!!!!!!!!!!!!!!!!!!!!!!!!!!!!!!!!!!!!!!!!!!!!!!!!!!!!!!!!!!!!!!!!!!!!!!!!!!
!!!!!!!!!!!!!!!!!!!!!!!!!!!!!!!!!!!!!!!!!!!!!!!!!!!!!!!!!!!!!!!!!!!!!!!!!!!!!!!!
INFO  [2026-08-24 11:48:18,321] org.eclipse.jetty.server.handler.ContextHandler: Started i.d.j.MutableServletContextHandler@77429040{/,null,AVAILABLE}
INFO  [2026-08-24 11:48:18,379] org.eclipse.jetty.server.AbstractConnector: Started application@6dfcffb5{HTTP/1.1, (http/1.1)}{0.0.0.0:38021}
INFO  [2026-08-24 11:48:18,381] org.eclipse.jetty.server.AbstractConnector: Started admin@184fb68d{HTTP/1.1, (http/1.1)}{0.0.0.0:36329}
INFO  [2026-08-24 11:48:18,381] org.eclipse.jetty.server.Server: Started @2000ms
127.0.0.1 - - [24/Aug/2026:11:48:18 +0000] "GET /dogs/pierre HTTP/1.1" 200 6 "-" "Jersey/2.32 (HttpUrlConnection 11.0.31)" 79
INFO  [2026-08-24 11:48:18,712] org.eclipse.jetty.server.AbstractConnector: Stopped application@6dfcffb5{HTTP/1.1, (http/1.1)}{0.0.0.0:0}
INFO  [2026-08-24 11:48:18,713] org.eclipse.jetty.server.AbstractConnector: Stopped admin@184fb68d{HTTP/1.1, (http/1.1)}{0.0.0.0:0}
INFO  [2026-08-24 11:48:18,713] org.eclipse.jetty.server.session: node0 Stopped scavenging
INFO  [2026-08-24 11:48:18,715] org.eclipse.jetty.server.handler.ContextHandler: Stopped i.d.j.MutableServletContextHandler@77429040{/,null,STOPPED}
INFO  [2026-08-24 11:48:18,722] org.eclipse.jetty.server.handler.ContextHandler: Stopped i.d.j.MutableServletContextHandler@47248a48{/,null,STOPPED}
INFO  [2026-08-24 11:48:18,840] io.dropwizard.server.DefaultServerFactory: Registering jersey handler with root path prefix: /
INFO  [2026-08-24 11:48:18,840] io.dropwizard.server.DefaultServerFactory: Registering admin handler with root path prefix: /
INFO  [2026-08-24 11:48:18,841] io.dropwizard.server.ServerFactory: Starting App
INFO  [2026-08-24 11:48:18,844] org.eclipse.jetty.setuid.SetUIDListener: Opened application@7f5fcfe9{HTTP/1.1, (http/1.1)}{0.0.0.0:39745}
INFO  [2026-08-24 11:48:18,844] org.eclipse.jetty.setuid.SetUIDListener: Opened admin@707865bd{HTTP/1.1, (http/1.1)}{0.0.0.0:43623}
INFO  [2026-08-24 11:48:18,845] org.eclipse.jetty.server.Server: jetty-9.4.35.v20201120; built: 2020-11-20T21:17:03.964Z; git: bdc54f03a5e0a7e280fab27f55c3c75ee8da89fb; jvm 11.0.31+11-post-1ubuntu1-24.04.2-Ubuntu
INFO  [2026-08-24 11:48:18,845] org.eclipse.jetty.server.session: DefaultSessionIdManager workerName=node0
INFO  [2026-08-24 11:48:18,845] org.eclipse.jetty.server.session: No SessionScavenger set, using defaults
INFO  [2026-08-24 11:48:18,845] org.eclipse.jetty.server.session: node0 Scavenging every 600000ms
INFO  [2026-08-24 11:48:18,917] io.dropwizard.jersey.DropwizardResourceConfig: The following paths were found for the configured resources:

    GET     /dogs/{name} (org.pac4j.dropwizard.e2e.DogsResource)
    POST    /dogs/{name} (org.pac4j.dropwizard.e2e.DogsResource)

INFO  [2026-08-24 11:48:18,917] org.eclipse.jetty.server.handler.ContextHandler: Started i.d.j.MutableServletContextHandler@5a4dda2{/,null,AVAILABLE}
INFO  [2026-08-24 11:48:18,918] io.dropwizard.setup.AdminEnvironment: tasks = 

    POST    /tasks/log-level (io.dropwizard.servlets.tasks.LogConfigurationTask)
    POST    /tasks/gc (io.dropwizard.servlets.tasks.GarbageCollectionTask)

WARN  [2026-08-24 11:48:18,918] io.dropwizard.setup.AdminEnvironment: 
!!!!!!!!!!!!!!!!!!!!!!!!!!!!!!!!!!!!!!!!!!!!!!!!!!!!!!!!!!!!!!!!!!!!!!!!!!!!!!!!
!!!!!!!!!!!!!!!!!!!!!!!!!!!!!!!!!!!!!!!!!!!!!!!!!!!!!!!!!!!!!!!!!!!!!!!!!!!!!!!!
!    THIS APPLICATION HAS NO HEALTHCHECKS. THIS MEANS YOU WILL NEVER KNOW      !
!     IF IT DIES IN PRODUCTION, WHICH MEANS YOU WILL NEVER KNOW IF YOU'RE      !
!    LETTING YOUR USERS DOWN. YOU SHOULD ADD A HEALTHCHECK FOR EACH OF YOUR    !
!         APPLICATION'S DEPENDENCIES WHICH FULLY (BUT LIGHTLY) TESTS IT.       !
!!!!!!!!!!!!!!!!!!!!!!!!!!!!!!!!!!!!!!!!!!!!!!!!!!!!!!!!!!!!!!!!!!!!!!!!!!!!!!!!
!!!!!!!!!!!!!!!!!!!!!!!!!!!!!!!!!!!!!!!!!!!!!!!!!!!!!!!!!!!!!!!!!!!!!!!!!!!!!!!!
INFO  [2026-08-24 11:48:18,918] org.eclipse.jetty.server.handler.ContextHandler: Started i.d.j.MutableServletContextHandler@34045582{/,null,AVAILABLE}
INFO  [2026-08-24 11:48:18,935] org.eclipse.jetty.server.AbstractConnector: Started application@7f5fcfe9{HTTP/1.1, (http/1.1)}{0.0.0.0:39745}
INFO  [2026-08-24 11:48:18,937] org.eclipse.jetty.server.AbstractConnector: Started admin@707865bd{HTTP/1.1, (http/1.1)}{0.0.0.0:43623}
INFO  [2026-08-24 11:48:18,937] org.eclipse.jetty.server.Server: Started @2555ms
WARN  [2026-08-24 11:48:18,976] org.glassfish.jersey.servlet.WebComponent: A servlet request to the URI http://localhost:39745/dogs/pierre contains form parameters in the request body but the request body has been consumed by the servlet or a servlet filter accessing the request parameters. Only resource methods using @FormParam will work as expected. Resource methods consuming the request body by other means will not work as expected.
127.0.0.1 - - [24/Aug/2026:11:48:18 +0000] "POST /dogs/pierre HTTP/1.1" 200 6 "-" "Jersey/2.32 (HttpUrlConnection 11.0.31)" 13
INFO  [2026-08-24 11:48:18,991] org.eclipse.jetty.server.AbstractConnector: Stopped application@7f5fcfe9{HTTP/1.1, (http/1.1)}{0.0.0.0:0}
INFO  [2026-08-24 11:48:18,991] org.eclipse.jetty.server.AbstractConnector: Stopped admin@707865bd{HTTP/1.1, (http/1.1)}{0.0.0.0:0}
INFO  [2026-08-24 11:48:18,991] org.eclipse.jetty.server.session: node0 Stopped scavenging
INFO  [2026-08-24 11:48:18,991] org.eclipse.jetty.server.handler.ContextHandler: Stopped i.d.j.MutableServletContextHandler@34045582{/,null,STOPPED}
INFO  [2026-08-24 11:48:18,993] org.eclipse.jetty.server.handler.ContextHandler: Stopped i.d.j.MutableServletContextHandler@5a4dda2{/,null,STOPPED}
INFO  [2026-08-24 11:48:19,111] io.dropwizard.server.DefaultServerFactory: Registering jersey handler with root path prefix: /
INFO  [2026-08-24 11:48:19,111] io.dropwizard.server.DefaultServerFactory: Registering admin handler with root path prefix: /
INFO  [2026-08-24 11:48:19,113] io.dropwizard.server.ServerFactory: Starting App
INFO  [2026-08-24 11:48:19,117] org.eclipse.jetty.setuid.SetUIDListener: Opened application@71d55b7e{HTTP/1.1, (http/1.1)}{0.0.0.0:35163}
INFO  [2026-08-24 11:48:19,117] org.eclipse.jetty.setuid.SetUIDListener: Opened admin@2997ddfc{HTTP/1.1, (http/1.1)}{0.0.0.0:33483}
INFO  [2026-08-24 11:48:19,117] org.eclipse.jetty.server.Server: jetty-9.4.35.v20201120; built: 2020-11-20T21:17:03.964Z; git: bdc54f03a5e0a7e280fab27f55c3c75ee8da89fb; jvm 11.0.31+11-post-1ubuntu1-24.04.2-Ubuntu
INFO  [2026-08-24 11:48:19,117] org.eclipse.jetty.server.session: DefaultSessionIdManager workerName=node0
INFO  [2026-08-24 11:48:19,117] org.eclipse.jetty.server.session: No SessionScavenger set, using defaults
INFO  [2026-08-24 11:48:19,118] org.eclipse.jetty.server.session: node0 Scavenging every 600000ms
INFO  [2026-08-24 11:48:19,193] io.dropwizard.jersey.DropwizardResourceConfig: The following paths were found for the configured resources:

    GET     /dogs/{name} (org.pac4j.dropwizard.e2e.DogsResource)
    POST    /dogs/{name} (org.pac4j.dropwizard.e2e.DogsResource)

INFO  [2026-08-24 11:48:19,194] org.eclipse.jetty.server.handler.ContextHandler: Started i.d.j.MutableServletContextHandler@5520f675{/,null,AVAILABLE}
INFO  [2026-08-24 11:48:19,194] io.dropwizard.setup.AdminEnvironment: tasks = 

    POST    /tasks/log-level (io.dropwizard.servlets.tasks.LogConfigurationTask)
    POST    /tasks/gc (io.dropwizard.servlets.tasks.GarbageCollectionTask)

WARN  [2026-08-24 11:48:19,194] io.dropwizard.setup.AdminEnvironment: 
!!!!!!!!!!!!!!!!!!!!!!!!!!!!!!!!!!!!!!!!!!!!!!!!!!!!!!!!!!!!!!!!!!!!!!!!!!!!!!!!
!!!!!!!!!!!!!!!!!!!!!!!!!!!!!!!!!!!!!!!!!!!!!!!!!!!!!!!!!!!!!!!!!!!!!!!!!!!!!!!!
!    THIS APPLICATION HAS NO HEALTHCHECKS. THIS MEANS YOU WILL NEVER KNOW      !
!     IF IT DIES IN PRODUCTION, WHICH MEANS YOU WILL NEVER KNOW IF YOU'RE      !
!    LETTING YOUR USERS DOWN. YOU SHOULD ADD A HEALTHCHECK FOR EACH OF YOUR    !
!         APPLICATION'S DEPENDENCIES WHICH FULLY (BUT LIGHTLY) TESTS IT.       !
!!!!!!!!!!!!!!!!!!!!!!!!!!!!!!!!!!!!!!!!!!!!!!!!!!!!!!!!!!!!!!!!!!!!!!!!!!!!!!!!
!!!!!!!!!!!!!!!!!!!!!!!!!!!!!!!!!!!!!!!!!!!!!!!!!!!!!!!!!!!!!!!!!!!!!!!!!!!!!!!!
INFO  [2026-08-24 11:48:19,195] org.eclipse.jetty.server.handler.ContextHandler: Started i.d.j.MutableServletContextHandler@48f2054d{/,null,AVAILABLE}
INFO  [2026-08-24 11:48:19,225] org.eclipse.jetty.server.AbstractConnector: Started application@71d55b7e{HTTP/1.1, (http/1.1)}{0.0.0.0:35163}
INFO  [2026-08-24 11:48:19,226] org.eclipse.jetty.server.AbstractConnector: Started admin@2997ddfc{HTTP/1.1, (http/1.1)}{0.0.0.0:33483}
INFO  [2026-08-24 11:48:19,226] org.eclipse.jetty.server.Server: Started @2845ms
INFO  [2026-08-24 11:48:19,243] org.pac4j.http.client.direct.DirectBasicAuthClient: Failed to retrieve or validate credentials: Username : 'boy' does not match password
127.0.0.1 - - [24/Aug/2026:11:48:19 +0000] "GET /dogs/pierre HTTP/1.1" 401 0 "-" "Jersey/2.32 (HttpUrlConnection 11.0.31)" 4
INFO  [2026-08-24 11:48:19,255] org.eclipse.jetty.server.AbstractConnector: Stopped application@71d55b7e{HTTP/1.1, (http/1.1)}{0.0.0.0:0}
INFO  [2026-08-24 11:48:19,256] org.eclipse.jetty.server.AbstractConnector: Stopped admin@2997ddfc{HTTP/1.1, (http/1.1)}{0.0.0.0:0}
INFO  [2026-08-24 11:48:19,256] org.eclipse.jetty.server.session: node0 Stopped scavenging
INFO  [2026-08-24 11:48:19,256] org.eclipse.jetty.server.handler.ContextHandler: Stopped i.d.j.MutableServletContextHandler@48f2054d{/,null,STOPPED}
INFO  [2026-08-24 11:48:19,257] org.eclipse.jetty.server.handler.ContextHandler: Stopped i.d.j.MutableServletContextHandler@5520f675{/,null,STOPPED}
[INFO] Tests run: 3, Failures: 0, Errors: 0, Skipped: 0, Time elapsed: 2.646 s -- in org.pac4j.dropwizard.e2e.EndToEndServletTest
[INFO] Running org.pac4j.dropwizard.e2e.EndToEndTest
INFO  [2026-08-24 11:48:19,325] io.dropwizard.server.DefaultServerFactory: Registering jersey handler with root path prefix: /
INFO  [2026-08-24 11:48:19,325] io.dropwizard.server.DefaultServerFactory: Registering admin handler with root path prefix: /
INFO  [2026-08-24 11:48:19,326] io.dropwizard.server.ServerFactory: Starting App
INFO  [2026-08-24 11:48:19,329] org.eclipse.jetty.setuid.SetUIDListener: Opened application@60807fd9{HTTP/1.1, (http/1.1)}{0.0.0.0:38991}
INFO  [2026-08-24 11:48:19,329] org.eclipse.jetty.setuid.SetUIDListener: Opened admin@6bcdd6e4{HTTP/1.1, (http/1.1)}{0.0.0.0:42903}
INFO  [2026-08-24 11:48:19,329] org.eclipse.jetty.server.Server: jetty-9.4.35.v20201120; built: 2020-11-20T21:17:03.964Z; git: bdc54f03a5e0a7e280fab27f55c3c75ee8da89fb; jvm 11.0.31+11-post-1ubuntu1-24.04.2-Ubuntu
INFO  [2026-08-24 11:48:19,330] org.eclipse.jetty.server.session: DefaultSessionIdManager workerName=node0
INFO  [2026-08-24 11:48:19,330] org.eclipse.jetty.server.session: No SessionScavenger set, using defaults
INFO  [2026-08-24 11:48:19,330] org.eclipse.jetty.server.session: node0 Scavenging every 660000ms
INFO  [2026-08-24 11:48:19,379] io.dropwizard.jersey.DropwizardResourceConfig: The following paths were found for the configured resources:

    GET     /dogs/{name} (org.pac4j.dropwizard.e2e.DogsResource)
    POST    /dogs/{name} (org.pac4j.dropwizard.e2e.DogsResource)

INFO  [2026-08-24 11:48:19,379] org.eclipse.jetty.server.handler.ContextHandler: Started i.d.j.MutableServletContextHandler@55adcf9e{/,null,AVAILABLE}
INFO  [2026-08-24 11:48:19,379] io.dropwizard.setup.AdminEnvironment: tasks = 

    POST    /tasks/log-level (io.dropwizard.servlets.tasks.LogConfigurationTask)
    POST    /tasks/gc (io.dropwizard.servlets.tasks.GarbageCollectionTask)

WARN  [2026-08-24 11:48:19,379] io.dropwizard.setup.AdminEnvironment: 
!!!!!!!!!!!!!!!!!!!!!!!!!!!!!!!!!!!!!!!!!!!!!!!!!!!!!!!!!!!!!!!!!!!!!!!!!!!!!!!!
!!!!!!!!!!!!!!!!!!!!!!!!!!!!!!!!!!!!!!!!!!!!!!!!!!!!!!!!!!!!!!!!!!!!!!!!!!!!!!!!
!    THIS APPLICATION HAS NO HEALTHCHECKS. THIS MEANS YOU WILL NEVER KNOW      !
!     IF IT DIES IN PRODUCTION, WHICH MEANS YOU WILL NEVER KNOW IF YOU'RE      !
!    LETTING YOUR USERS DOWN. YOU SHOULD ADD A HEALTHCHECK FOR EACH OF YOUR    !
!         APPLICATION'S DEPENDENCIES WHICH FULLY (BUT LIGHTLY) TESTS IT.       !
!!!!!!!!!!!!!!!!!!!!!!!!!!!!!!!!!!!!!!!!!!!!!!!!!!!!!!!!!!!!!!!!!!!!!!!!!!!!!!!!
!!!!!!!!!!!!!!!!!!!!!!!!!!!!!!!!!!!!!!!!!!!!!!!!!!!!!!!!!!!!!!!!!!!!!!!!!!!!!!!!
INFO  [2026-08-24 11:48:19,380] org.eclipse.jetty.server.handler.ContextHandler: Started i.d.j.MutableServletContextHandler@7f5ce33e{/,null,AVAILABLE}
INFO  [2026-08-24 11:48:19,394] org.eclipse.jetty.server.AbstractConnector: Started application@60807fd9{HTTP/1.1, (http/1.1)}{0.0.0.0:38991}
INFO  [2026-08-24 11:48:19,395] org.eclipse.jetty.server.AbstractConnector: Started admin@6bcdd6e4{HTTP/1.1, (http/1.1)}{0.0.0.0:42903}
INFO  [2026-08-24 11:48:19,395] org.eclipse.jetty.server.Server: Started @3013ms
127.0.0.1 - - [24/Aug/2026:11:48:19 +0000] "GET /dogs/pierre HTTP/1.1" 200 6 "-" "Jersey/2.32 (HttpUrlConnection 11.0.31)" 20
INFO  [2026-08-24 11:48:19,435] org.eclipse.jetty.server.AbstractConnector: Stopped application@60807fd9{HTTP/1.1, (http/1.1)}{0.0.0.0:0}
INFO  [2026-08-24 11:48:19,436] org.eclipse.jetty.server.AbstractConnector: Stopped admin@6bcdd6e4{HTTP/1.1, (http/1.1)}{0.0.0.0:0}
INFO  [2026-08-24 11:48:19,436] org.eclipse.jetty.server.session: node0 Stopped scavenging
INFO  [2026-08-24 11:48:19,436] org.eclipse.jetty.server.handler.ContextHandler: Stopped i.d.j.MutableServletContextHandler@7f5ce33e{/,null,STOPPED}
INFO  [2026-08-24 11:48:19,439] org.eclipse.jetty.server.handler.ContextHandler: Stopped i.d.j.MutableServletContextHandler@55adcf9e{/,null,STOPPED}
INFO  [2026-08-24 11:48:19,497] io.dropwizard.server.DefaultServerFactory: Registering jersey handler with root path prefix: /
INFO  [2026-08-24 11:48:19,497] io.dropwizard.server.DefaultServerFactory: Registering admin handler with root path prefix: /
INFO  [2026-08-24 11:48:19,498] io.dropwizard.server.ServerFactory: Starting App
INFO  [2026-08-24 11:48:19,500] org.eclipse.jetty.setuid.SetUIDListener: Opened application@63f2e0b{HTTP/1.1, (http/1.1)}{0.0.0.0:44117}
INFO  [2026-08-24 11:48:19,500] org.eclipse.jetty.setuid.SetUIDListener: Opened admin@5a06904{HTTP/1.1, (http/1.1)}{0.0.0.0:34903}
INFO  [2026-08-24 11:48:19,500] org.eclipse.jetty.server.Server: jetty-9.4.35.v20201120; built: 2020-11-20T21:17:03.964Z; git: bdc54f03a5e0a7e280fab27f55c3c75ee8da89fb; jvm 11.0.31+11-post-1ubuntu1-24.04.2-Ubuntu
INFO  [2026-08-24 11:48:19,501] org.eclipse.jetty.server.session: DefaultSessionIdManager workerName=node0
INFO  [2026-08-24 11:48:19,501] org.eclipse.jetty.server.session: No SessionScavenger set, using defaults
INFO  [2026-08-24 11:48:19,501] org.eclipse.jetty.server.session: node0 Scavenging every 600000ms
INFO  [2026-08-24 11:48:19,545] io.dropwizard.jersey.DropwizardResourceConfig: The following paths were found for the configured resources:

    GET     /dogs/{name} (org.pac4j.dropwizard.e2e.DogsResource)
    POST    /dogs/{name} (org.pac4j.dropwizard.e2e.DogsResource)

INFO  [2026-08-24 11:48:19,545] org.eclipse.jetty.server.handler.ContextHandler: Started i.d.j.MutableServletContextHandler@27d73d22{/,null,AVAILABLE}
INFO  [2026-08-24 11:48:19,545] io.dropwizard.setup.AdminEnvironment: tasks = 

    POST    /tasks/log-level (io.dropwizard.servlets.tasks.LogConfigurationTask)
    POST    /tasks/gc (io.dropwizard.servlets.tasks.GarbageCollectionTask)

WARN  [2026-08-24 11:48:19,545] io.dropwizard.setup.AdminEnvironment: 
!!!!!!!!!!!!!!!!!!!!!!!!!!!!!!!!!!!!!!!!!!!!!!!!!!!!!!!!!!!!!!!!!!!!!!!!!!!!!!!!
!!!!!!!!!!!!!!!!!!!!!!!!!!!!!!!!!!!!!!!!!!!!!!!!!!!!!!!!!!!!!!!!!!!!!!!!!!!!!!!!
!    THIS APPLICATION HAS NO HEALTHCHECKS. THIS MEANS YOU WILL NEVER KNOW      !
!     IF IT DIES IN PRODUCTION, WHICH MEANS YOU WILL NEVER KNOW IF YOU'RE      !
!    LETTING YOUR USERS DOWN. YOU SHOULD ADD A HEALTHCHECK FOR EACH OF YOUR    !
!         APPLICATION'S DEPENDENCIES WHICH FULLY (BUT LIGHTLY) TESTS IT.       !
!!!!!!!!!!!!!!!!!!!!!!!!!!!!!!!!!!!!!!!!!!!!!!!!!!!!!!!!!!!!!!!!!!!!!!!!!!!!!!!!
!!!!!!!!!!!!!!!!!!!!!!!!!!!!!!!!!!!!!!!!!!!!!!!!!!!!!!!!!!!!!!!!!!!!!!!!!!!!!!!!
INFO  [2026-08-24 11:48:19,546] org.eclipse.jetty.server.handler.ContextHandler: Started i.d.j.MutableServletContextHandler@e162a35{/,null,AVAILABLE}
INFO  [2026-08-24 11:48:19,575] org.eclipse.jetty.server.AbstractConnector: Started application@63f2e0b{HTTP/1.1, (http/1.1)}{0.0.0.0:44117}
INFO  [2026-08-24 11:48:19,580] org.eclipse.jetty.server.AbstractConnector: Started admin@5a06904{HTTP/1.1, (http/1.1)}{0.0.0.0:34903}
INFO  [2026-08-24 11:48:19,580] org.eclipse.jetty.server.Server: Started @3198ms
127.0.0.1 - - [24/Aug/2026:11:48:19 +0000] "POST /dogs/pierre HTTP/1.1" 200 6 "-" "Jersey/2.32 (HttpUrlConnection 11.0.31)" 17
INFO  [2026-08-24 11:48:19,616] org.eclipse.jetty.server.AbstractConnector: Stopped application@63f2e0b{HTTP/1.1, (http/1.1)}{0.0.0.0:0}
INFO  [2026-08-24 11:48:19,616] org.eclipse.jetty.server.AbstractConnector: Stopped admin@5a06904{HTTP/1.1, (http/1.1)}{0.0.0.0:0}
INFO  [2026-08-24 11:48:19,616] org.eclipse.jetty.server.session: node0 Stopped scavenging
INFO  [2026-08-24 11:48:19,616] org.eclipse.jetty.server.handler.ContextHandler: Stopped i.d.j.MutableServletContextHandler@e162a35{/,null,STOPPED}
INFO  [2026-08-24 11:48:19,618] org.eclipse.jetty.server.handler.ContextHandler: Stopped i.d.j.MutableServletContextHandler@27d73d22{/,null,STOPPED}
INFO  [2026-08-24 11:48:19,679] io.dropwizard.server.DefaultServerFactory: Registering jersey handler with root path prefix: /
INFO  [2026-08-24 11:48:19,679] io.dropwizard.server.DefaultServerFactory: Registering admin handler with root path prefix: /
INFO  [2026-08-24 11:48:19,680] io.dropwizard.server.ServerFactory: Starting App
INFO  [2026-08-24 11:48:19,682] org.eclipse.jetty.setuid.SetUIDListener: Opened application@48632f69{HTTP/1.1, (http/1.1)}{0.0.0.0:41467}
INFO  [2026-08-24 11:48:19,682] org.eclipse.jetty.setuid.SetUIDListener: Opened admin@5fde1d64{HTTP/1.1, (http/1.1)}{0.0.0.0:45227}
INFO  [2026-08-24 11:48:19,682] org.eclipse.jetty.server.Server: jetty-9.4.35.v20201120; built: 2020-11-20T21:17:03.964Z; git: bdc54f03a5e0a7e280fab27f55c3c75ee8da89fb; jvm 11.0.31+11-post-1ubuntu1-24.04.2-Ubuntu
INFO  [2026-08-24 11:48:19,682] org.eclipse.jetty.server.session: DefaultSessionIdManager workerName=node0
INFO  [2026-08-24 11:48:19,682] org.eclipse.jetty.server.session: No SessionScavenger set, using defaults
INFO  [2026-08-24 11:48:19,683] org.eclipse.jetty.server.session: node0 Scavenging every 660000ms
INFO  [2026-08-24 11:48:19,721] io.dropwizard.jersey.DropwizardResourceConfig: The following paths were found for the configured resources:

    GET     /dogs/{name} (org.pac4j.dropwizard.e2e.DogsResource)
    POST    /dogs/{name} (org.pac4j.dropwizard.e2e.DogsResource)

INFO  [2026-08-24 11:48:19,721] org.eclipse.jetty.server.handler.ContextHandler: Started i.d.j.MutableServletContextHandler@12aa519b{/,null,AVAILABLE}
INFO  [2026-08-24 11:48:19,721] io.dropwizard.setup.AdminEnvironment: tasks = 

    POST    /tasks/log-level (io.dropwizard.servlets.tasks.LogConfigurationTask)
    POST    /tasks/gc (io.dropwizard.servlets.tasks.GarbageCollectionTask)

WARN  [2026-08-24 11:48:19,721] io.dropwizard.setup.AdminEnvironment: 
!!!!!!!!!!!!!!!!!!!!!!!!!!!!!!!!!!!!!!!!!!!!!!!!!!!!!!!!!!!!!!!!!!!!!!!!!!!!!!!!
!!!!!!!!!!!!!!!!!!!!!!!!!!!!!!!!!!!!!!!!!!!!!!!!!!!!!!!!!!!!!!!!!!!!!!!!!!!!!!!!
!    THIS APPLICATION HAS NO HEALTHCHECKS. THIS MEANS YOU WILL NEVER KNOW      !
!     IF IT DIES IN PRODUCTION, WHICH MEANS YOU WILL NEVER KNOW IF YOU'RE      !
!    LETTING YOUR USERS DOWN. YOU SHOULD ADD A HEALTHCHECK FOR EACH OF YOUR    !
!         APPLICATION'S DEPENDENCIES WHICH FULLY (BUT LIGHTLY) TESTS IT.       !
!!!!!!!!!!!!!!!!!!!!!!!!!!!!!!!!!!!!!!!!!!!!!!!!!!!!!!!!!!!!!!!!!!!!!!!!!!!!!!!!
!!!!!!!!!!!!!!!!!!!!!!!!!!!!!!!!!!!!!!!!!!!!!!!!!!!!!!!!!!!!!!!!!!!!!!!!!!!!!!!!
INFO  [2026-08-24 11:48:19,722] org.eclipse.jetty.server.handler.ContextHandler: Started i.d.j.MutableServletContextHandler@6113a26f{/,null,AVAILABLE}
INFO  [2026-08-24 11:48:19,733] org.eclipse.jetty.server.AbstractConnector: Started application@48632f69{HTTP/1.1, (http/1.1)}{0.0.0.0:41467}
INFO  [2026-08-24 11:48:19,734] org.eclipse.jetty.server.AbstractConnector: Started admin@5fde1d64{HTTP/1.1, (http/1.1)}{0.0.0.0:45227}
INFO  [2026-08-24 11:48:19,734] org.eclipse.jetty.server.Server: Started @3353ms
INFO  [2026-08-24 11:48:19,760] org.pac4j.http.client.direct.DirectBasicAuthClient: Failed to retrieve or validate credentials: Username : 'boy' does not match password
127.0.0.1 - - [24/Aug/2026:11:48:19 +0000] "GET /dogs/pierre HTTP/1.1" 401 0 "-" "Jersey/2.32 (HttpUrlConnection 11.0.31)" 15
INFO  [2026-08-24 11:48:19,767] org.eclipse.jetty.server.AbstractConnector: Stopped application@48632f69{HTTP/1.1, (http/1.1)}{0.0.0.0:0}
INFO  [2026-08-24 11:48:19,768] org.eclipse.jetty.server.AbstractConnector: Stopped admin@5fde1d64{HTTP/1.1, (http/1.1)}{0.0.0.0:0}
INFO  [2026-08-24 11:48:19,768] org.eclipse.jetty.server.session: node0 Stopped scavenging
INFO  [2026-08-24 11:48:19,768] org.eclipse.jetty.server.handler.ContextHandler: Stopped i.d.j.MutableServletContextHandler@6113a26f{/,null,STOPPED}
INFO  [2026-08-24 11:48:19,770] org.eclipse.jetty.server.handler.ContextHandler: Stopped i.d.j.MutableServletContextHandler@12aa519b{/,null,STOPPED}
[INFO] Tests run: 3, Failures: 0, Errors: 0, Skipped: 0, Time elapsed: 0.482 s -- in org.pac4j.dropwizard.e2e.EndToEndTest
[INFO] Running org.pac4j.dropwizard.bundle.BundleFactoryTest
INFO  [2026-08-24 11:48:19,821] io.dropwizard.server.DefaultServerFactory: Registering jersey handler with root path prefix: /
INFO  [2026-08-24 11:48:19,821] io.dropwizard.server.DefaultServerFactory: Registering admin handler with root path prefix: /
INFO  [2026-08-24 11:48:19,821] io.dropwizard.server.ServerFactory: Starting App
INFO  [2026-08-24 11:48:19,824] org.eclipse.jetty.setuid.SetUIDListener: Opened application@596afb2f{HTTP/1.1, (http/1.1)}{0.0.0.0:41341}
INFO  [2026-08-24 11:48:19,824] org.eclipse.jetty.setuid.SetUIDListener: Opened admin@79ba0285{HTTP/1.1, (http/1.1)}{0.0.0.0:35427}
INFO  [2026-08-24 11:48:19,824] org.eclipse.jetty.server.Server: jetty-9.4.35.v20201120; built: 2020-11-20T21:17:03.964Z; git: bdc54f03a5e0a7e280fab27f55c3c75ee8da89fb; jvm 11.0.31+11-post-1ubuntu1-24.04.2-Ubuntu
INFO  [2026-08-24 11:48:19,825] org.eclipse.jetty.server.session: DefaultSessionIdManager workerName=node0
INFO  [2026-08-24 11:48:19,825] org.eclipse.jetty.server.session: No SessionScavenger set, using defaults
INFO  [2026-08-24 11:48:19,825] org.eclipse.jetty.server.session: node0 Scavenging every 600000ms
INFO  [2026-08-24 11:48:19,857] io.dropwizard.jersey.DropwizardResourceConfig: The following paths were found for the configured resources:

    NONE

INFO  [2026-08-24 11:48:19,858] org.eclipse.jetty.server.handler.ContextHandler: Started i.d.j.MutableServletContextHandler@4387d2f4{/,null,AVAILABLE}
INFO  [2026-08-24 11:48:19,858] io.dropwizard.setup.AdminEnvironment: tasks = 

    POST    /tasks/log-level (io.dropwizard.servlets.tasks.LogConfigurationTask)
    POST    /tasks/gc (io.dropwizard.servlets.tasks.GarbageCollectionTask)

WARN  [2026-08-24 11:48:19,858] io.dropwizard.setup.AdminEnvironment: 
!!!!!!!!!!!!!!!!!!!!!!!!!!!!!!!!!!!!!!!!!!!!!!!!!!!!!!!!!!!!!!!!!!!!!!!!!!!!!!!!
!!!!!!!!!!!!!!!!!!!!!!!!!!!!!!!!!!!!!!!!!!!!!!!!!!!!!!!!!!!!!!!!!!!!!!!!!!!!!!!!
!    THIS APPLICATION HAS NO HEALTHCHECKS. THIS MEANS YOU WILL NEVER KNOW      !
!     IF IT DIES IN PRODUCTION, WHICH MEANS YOU WILL NEVER KNOW IF YOU'RE      !
!    LETTING YOUR USERS DOWN. YOU SHOULD ADD A HEALTHCHECK FOR EACH OF YOUR    !
!         APPLICATION'S DEPENDENCIES WHICH FULLY (BUT LIGHTLY) TESTS IT.       !
!!!!!!!!!!!!!!!!!!!!!!!!!!!!!!!!!!!!!!!!!!!!!!!!!!!!!!!!!!!!!!!!!!!!!!!!!!!!!!!!
!!!!!!!!!!!!!!!!!!!!!!!!!!!!!!!!!!!!!!!!!!!!!!!!!!!!!!!!!!!!!!!!!!!!!!!!!!!!!!!!
INFO  [2026-08-24 11:48:19,858] org.eclipse.jetty.server.handler.ContextHandler: Started i.d.j.MutableServletContextHandler@93ce24d{/,null,AVAILABLE}
INFO  [2026-08-24 11:48:19,867] org.eclipse.jetty.server.AbstractConnector: Started application@596afb2f{HTTP/1.1, (http/1.1)}{0.0.0.0:41341}
INFO  [2026-08-24 11:48:19,868] org.eclipse.jetty.server.AbstractConnector: Started admin@79ba0285{HTTP/1.1, (http/1.1)}{0.0.0.0:35427}
INFO  [2026-08-24 11:48:19,868] org.eclipse.jetty.server.Server: Started @3487ms
INFO  [2026-08-24 11:48:19,879] org.eclipse.jetty.server.AbstractConnector: Stopped application@596afb2f{HTTP/1.1, (http/1.1)}{0.0.0.0:0}
INFO  [2026-08-24 11:48:19,880] org.eclipse.jetty.server.AbstractConnector: Stopped admin@79ba0285{HTTP/1.1, (http/1.1)}{0.0.0.0:0}
INFO  [2026-08-24 11:48:19,880] org.eclipse.jetty.server.session: node0 Stopped scavenging
INFO  [2026-08-24 11:48:19,880] org.eclipse.jetty.server.handler.ContextHandler: Stopped i.d.j.MutableServletContextHandler@93ce24d{/,null,STOPPED}
INFO  [2026-08-24 11:48:19,881] org.eclipse.jetty.server.handler.ContextHandler: Stopped i.d.j.MutableServletContextHandler@4387d2f4{/,null,STOPPED}
INFO  [2026-08-24 11:48:19,931] io.dropwizard.server.DefaultServerFactory: Registering jersey handler with root path prefix: /
INFO  [2026-08-24 11:48:19,931] io.dropwizard.server.DefaultServerFactory: Registering admin handler with root path prefix: /
INFO  [2026-08-24 11:48:19,931] io.dropwizard.server.ServerFactory: Starting App
INFO  [2026-08-24 11:48:19,934] org.eclipse.jetty.setuid.SetUIDListener: Opened application@4cf230bf{HTTP/1.1, (http/1.1)}{0.0.0.0:36443}
INFO  [2026-08-24 11:48:19,934] org.eclipse.jetty.setuid.SetUIDListener: Opened admin@3dc55719{HTTP/1.1, (http/1.1)}{0.0.0.0:41015}
INFO  [2026-08-24 11:48:19,934] org.eclipse.jetty.server.Server: jetty-9.4.35.v20201120; built: 2020-11-20T21:17:03.964Z; git: bdc54f03a5e0a7e280fab27f55c3c75ee8da89fb; jvm 11.0.31+11-post-1ubuntu1-24.04.2-Ubuntu
INFO  [2026-08-24 11:48:19,969] io.dropwizard.jersey.DropwizardResourceConfig: The following paths were found for the configured resources:

    NONE

INFO  [2026-08-24 11:48:19,969] org.eclipse.jetty.server.handler.ContextHandler: Started i.d.j.MutableServletContextHandler@2e0516a3{/,null,AVAILABLE}
INFO  [2026-08-24 11:48:19,970] io.dropwizard.setup.AdminEnvironment: tasks = 

    POST    /tasks/log-level (io.dropwizard.servlets.tasks.LogConfigurationTask)
    POST    /tasks/gc (io.dropwizard.servlets.tasks.GarbageCollectionTask)

WARN  [2026-08-24 11:48:19,970] io.dropwizard.setup.AdminEnvironment: 
!!!!!!!!!!!!!!!!!!!!!!!!!!!!!!!!!!!!!!!!!!!!!!!!!!!!!!!!!!!!!!!!!!!!!!!!!!!!!!!!
!!!!!!!!!!!!!!!!!!!!!!!!!!!!!!!!!!!!!!!!!!!!!!!!!!!!!!!!!!!!!!!!!!!!!!!!!!!!!!!!
!    THIS APPLICATION HAS NO HEALTHCHECKS. THIS MEANS YOU WILL NEVER KNOW      !
!     IF IT DIES IN PRODUCTION, WHICH MEANS YOU WILL NEVER KNOW IF YOU'RE      !
!    LETTING YOUR USERS DOWN. YOU SHOULD ADD A HEALTHCHECK FOR EACH OF YOUR    !
!         APPLICATION'S DEPENDENCIES WHICH FULLY (BUT LIGHTLY) TESTS IT.       !
!!!!!!!!!!!!!!!!!!!!!!!!!!!!!!!!!!!!!!!!!!!!!!!!!!!!!!!!!!!!!!!!!!!!!!!!!!!!!!!!
!!!!!!!!!!!!!!!!!!!!!!!!!!!!!!!!!!!!!!!!!!!!!!!!!!!!!!!!!!!!!!!!!!!!!!!!!!!!!!!!
INFO  [2026-08-24 11:48:19,970] org.eclipse.jetty.server.handler.ContextHandler: Started i.d.j.MutableServletContextHandler@20184ade{/,null,AVAILABLE}
INFO  [2026-08-24 11:48:19,979] org.eclipse.jetty.server.AbstractConnector: Started application@4cf230bf{HTTP/1.1, (http/1.1)}{0.0.0.0:36443}
INFO  [2026-08-24 11:48:19,981] org.eclipse.jetty.server.AbstractConnector: Started admin@3dc55719{HTTP/1.1, (http/1.1)}{0.0.0.0:41015}
INFO  [2026-08-24 11:48:19,981] org.eclipse.jetty.server.Server: Started @3599ms
INFO  [2026-08-24 11:48:19,984] org.eclipse.jetty.server.AbstractConnector: Stopped application@4cf230bf{HTTP/1.1, (http/1.1)}{0.0.0.0:0}
INFO  [2026-08-24 11:48:19,984] org.eclipse.jetty.server.AbstractConnector: Stopped admin@3dc55719{HTTP/1.1, (http/1.1)}{0.0.0.0:0}
INFO  [2026-08-24 11:48:19,985] org.eclipse.jetty.server.handler.ContextHandler: Stopped i.d.j.MutableServletContextHandler@20184ade{/,null,STOPPED}
INFO  [2026-08-24 11:48:19,985] org.eclipse.jetty.server.handler.ContextHandler: Stopped i.d.j.MutableServletContextHandler@2e0516a3{/,null,STOPPED}
INFO  [2026-08-24 11:48:20,031] io.dropwizard.server.DefaultServerFactory: Registering jersey handler with root path prefix: /
INFO  [2026-08-24 11:48:20,031] io.dropwizard.server.DefaultServerFactory: Registering admin handler with root path prefix: /
INFO  [2026-08-24 11:48:20,031] io.dropwizard.server.ServerFactory: Starting App
INFO  [2026-08-24 11:48:20,033] org.eclipse.jetty.setuid.SetUIDListener: Opened application@1f6f0fe2{HTTP/1.1, (http/1.1)}{0.0.0.0:39595}
INFO  [2026-08-24 11:48:20,033] org.eclipse.jetty.setuid.SetUIDListener: Opened admin@22604c7e{HTTP/1.1, (http/1.1)}{0.0.0.0:41491}
INFO  [2026-08-24 11:48:20,034] org.eclipse.jetty.server.Server: jetty-9.4.35.v20201120; built: 2020-11-20T21:17:03.964Z; git: bdc54f03a5e0a7e280fab27f55c3c75ee8da89fb; jvm 11.0.31+11-post-1ubuntu1-24.04.2-Ubuntu
INFO  [2026-08-24 11:48:20,065] io.dropwizard.jersey.DropwizardResourceConfig: The following paths were found for the configured resources:

    NONE

INFO  [2026-08-24 11:48:20,065] org.eclipse.jetty.server.handler.ContextHandler: Started i.d.j.MutableServletContextHandler@2ef913a4{/,null,AVAILABLE}
INFO  [2026-08-24 11:48:20,065] io.dropwizard.setup.AdminEnvironment: tasks = 

    POST    /tasks/log-level (io.dropwizard.servlets.tasks.LogConfigurationTask)
    POST    /tasks/gc (io.dropwizard.servlets.tasks.GarbageCollectionTask)

WARN  [2026-08-24 11:48:20,065] io.dropwizard.setup.AdminEnvironment: 
!!!!!!!!!!!!!!!!!!!!!!!!!!!!!!!!!!!!!!!!!!!!!!!!!!!!!!!!!!!!!!!!!!!!!!!!!!!!!!!!
!!!!!!!!!!!!!!!!!!!!!!!!!!!!!!!!!!!!!!!!!!!!!!!!!!!!!!!!!!!!!!!!!!!!!!!!!!!!!!!!
!    THIS APPLICATION HAS NO HEALTHCHECKS. THIS MEANS YOU WILL NEVER KNOW      !
!     IF IT DIES IN PRODUCTION, WHICH MEANS YOU WILL NEVER KNOW IF YOU'RE      !
!    LETTING YOUR USERS DOWN. YOU SHOULD ADD A HEALTHCHECK FOR EACH OF YOUR    !
!         APPLICATION'S DEPENDENCIES WHICH FULLY (BUT LIGHTLY) TESTS IT.       !
!!!!!!!!!!!!!!!!!!!!!!!!!!!!!!!!!!!!!!!!!!!!!!!!!!!!!!!!!!!!!!!!!!!!!!!!!!!!!!!!
!!!!!!!!!!!!!!!!!!!!!!!!!!!!!!!!!!!!!!!!!!!!!!!!!!!!!!!!!!!!!!!!!!!!!!!!!!!!!!!!
INFO  [2026-08-24 11:48:20,066] org.eclipse.jetty.server.handler.ContextHandler: Started i.d.j.MutableServletContextHandler@145fe8ab{/,null,AVAILABLE}
INFO  [2026-08-24 11:48:20,074] org.eclipse.jetty.server.AbstractConnector: Started application@1f6f0fe2{HTTP/1.1, (http/1.1)}{0.0.0.0:39595}
INFO  [2026-08-24 11:48:20,076] org.eclipse.jetty.server.AbstractConnector: Started admin@22604c7e{HTTP/1.1, (http/1.1)}{0.0.0.0:41491}
INFO  [2026-08-24 11:48:20,076] org.eclipse.jetty.server.Server: Started @3694ms
INFO  [2026-08-24 11:48:20,080] org.eclipse.jetty.server.AbstractConnector: Stopped application@1f6f0fe2{HTTP/1.1, (http/1.1)}{0.0.0.0:0}
INFO  [2026-08-24 11:48:20,080] org.eclipse.jetty.server.AbstractConnector: Stopped admin@22604c7e{HTTP/1.1, (http/1.1)}{0.0.0.0:0}
INFO  [2026-08-24 11:48:20,080] org.eclipse.jetty.server.handler.ContextHandler: Stopped i.d.j.MutableServletContextHandler@145fe8ab{/,null,STOPPED}
INFO  [2026-08-24 11:48:20,081] org.eclipse.jetty.server.handler.ContextHandler: Stopped i.d.j.MutableServletContextHandler@2ef913a4{/,null,STOPPED}
INFO  [2026-08-24 11:48:20,141] io.dropwizard.server.DefaultServerFactory: Registering jersey handler with root path prefix: /
INFO  [2026-08-24 11:48:20,141] io.dropwizard.server.DefaultServerFactory: Registering admin handler with root path prefix: /
INFO  [2026-08-24 11:48:20,141] io.dropwizard.server.ServerFactory: Starting App
INFO  [2026-08-24 11:48:20,144] org.eclipse.jetty.setuid.SetUIDListener: Opened application@65503a26{HTTP/1.1, (http/1.1)}{0.0.0.0:36647}
INFO  [2026-08-24 11:48:20,144] org.eclipse.jetty.setuid.SetUIDListener: Opened admin@13aa54f1{HTTP/1.1, (http/1.1)}{0.0.0.0:36277}
INFO  [2026-08-24 11:48:20,144] org.eclipse.jetty.server.Server: jetty-9.4.35.v20201120; built: 2020-11-20T21:17:03.964Z; git: bdc54f03a5e0a7e280fab27f55c3c75ee8da89fb; jvm 11.0.31+11-post-1ubuntu1-24.04.2-Ubuntu
INFO  [2026-08-24 11:48:20,144] org.eclipse.jetty.server.session: DefaultSessionIdManager workerName=node0
INFO  [2026-08-24 11:48:20,144] org.eclipse.jetty.server.session: No SessionScavenger set, using defaults
INFO  [2026-08-24 11:48:20,145] org.eclipse.jetty.server.session: node0 Scavenging every 660000ms
INFO  [2026-08-24 11:48:20,184] io.dropwizard.jersey.DropwizardResourceConfig: The following paths were found for the configured resources:

    NONE

INFO  [2026-08-24 11:48:20,185] org.eclipse.jetty.server.handler.ContextHandler: Started i.d.j.MutableServletContextHandler@773c7147{/,null,AVAILABLE}
INFO  [2026-08-24 11:48:20,185] io.dropwizard.setup.AdminEnvironment: tasks = 

    POST    /tasks/log-level (io.dropwizard.servlets.tasks.LogConfigurationTask)
    POST    /tasks/gc (io.dropwizard.servlets.tasks.GarbageCollectionTask)

WARN  [2026-08-24 11:48:20,185] io.dropwizard.setup.AdminEnvironment: 
!!!!!!!!!!!!!!!!!!!!!!!!!!!!!!!!!!!!!!!!!!!!!!!!!!!!!!!!!!!!!!!!!!!!!!!!!!!!!!!!
!!!!!!!!!!!!!!!!!!!!!!!!!!!!!!!!!!!!!!!!!!!!!!!!!!!!!!!!!!!!!!!!!!!!!!!!!!!!!!!!
!    THIS APPLICATION HAS NO HEALTHCHECKS. THIS MEANS YOU WILL NEVER KNOW      !
!     IF IT DIES IN PRODUCTION, WHICH MEANS YOU WILL NEVER KNOW IF YOU'RE      !
!    LETTING YOUR USERS DOWN. YOU SHOULD ADD A HEALTHCHECK FOR EACH OF YOUR    !
!         APPLICATION'S DEPENDENCIES WHICH FULLY (BUT LIGHTLY) TESTS IT.       !
!!!!!!!!!!!!!!!!!!!!!!!!!!!!!!!!!!!!!!!!!!!!!!!!!!!!!!!!!!!!!!!!!!!!!!!!!!!!!!!!
!!!!!!!!!!!!!!!!!!!!!!!!!!!!!!!!!!!!!!!!!!!!!!!!!!!!!!!!!!!!!!!!!!!!!!!!!!!!!!!!
INFO  [2026-08-24 11:48:20,186] org.eclipse.jetty.server.handler.ContextHandler: Started i.d.j.MutableServletContextHandler@5c3007d{/,null,AVAILABLE}
INFO  [2026-08-24 11:48:20,196] org.eclipse.jetty.server.AbstractConnector: Started application@65503a26{HTTP/1.1, (http/1.1)}{0.0.0.0:36647}
INFO  [2026-08-24 11:48:20,197] org.eclipse.jetty.server.AbstractConnector: Started admin@13aa54f1{HTTP/1.1, (http/1.1)}{0.0.0.0:36277}
INFO  [2026-08-24 11:48:20,197] org.eclipse.jetty.server.Server: Started @3816ms
INFO  [2026-08-24 11:48:20,201] org.eclipse.jetty.server.AbstractConnector: Stopped application@65503a26{HTTP/1.1, (http/1.1)}{0.0.0.0:0}
INFO  [2026-08-24 11:48:20,201] org.eclipse.jetty.server.AbstractConnector: Stopped admin@13aa54f1{HTTP/1.1, (http/1.1)}{0.0.0.0:0}
INFO  [2026-08-24 11:48:20,201] org.eclipse.jetty.server.session: node0 Stopped scavenging
INFO  [2026-08-24 11:48:20,201] org.eclipse.jetty.server.handler.ContextHandler: Stopped i.d.j.MutableServletContextHandler@5c3007d{/,null,STOPPED}
INFO  [2026-08-24 11:48:20,203] org.eclipse.jetty.server.handler.ContextHandler: Stopped i.d.j.MutableServletContextHandler@773c7147{/,null,STOPPED}
[INFO] Tests run: 4, Failures: 0, Errors: 0, Skipped: 0, Time elapsed: 0.425 s -- in org.pac4j.dropwizard.bundle.BundleFactoryTest
[INFO] Running org.pac4j.dropwizard.factory.DefaultConfigurationTest
WARN  [2026-08-24 19:48:20,614] org.pac4j.core.matching.matcher.PathMatcher: Be careful when using the 'excludeBranch' or 'excludeRegex' methods. They use regular expressions and their definitions may be error prone. You could exclude more URLs than expected.
INFO  [2026-08-24 19:48:20,638] org.pac4j.core.config.ConfigBuilder: Build the configuration from factory: org.pac4j.dropwizard.factory.FakeConfigFactory
[INFO] Tests run: 6, Failures: 0, Errors: 0, Skipped: 0, Time elapsed: 0.480 s -- in org.pac4j.dropwizard.factory.DefaultConfigurationTest
[INFO] 
[INFO] Results:
[INFO] 
[INFO] Tests run: 16, Failures: 0, Errors: 0, Skipped: 0
[INFO] 
[INFO] ------------------------------------------------------------------------
[INFO] BUILD SUCCESS
[INFO] ------------------------------------------------------------------------
[INFO] Total time:  18.162 s
[INFO] Finished at: 2026-08-24T19:48:20+08:00
[INFO] ------------------------------------------------------------------------
