[INFO] Scanning for projects...
Downloading from oss.sonatype.org: https://oss.sonatype.org/content/groups/public/org/apache/maven/plugins/maven-install-plugin/3.1.3/maven-install-plugin-3.1.3.pom
Progress (1): 792 B
Progress (1): 1.8 kB
Progress (1): 3.7 kB
Progress (1): 7.5 kB
Progress (1): 8.1 kB
                    
Downloaded from oss.sonatype.org: https://oss.sonatype.org/content/groups/public/org/apache/maven/plugins/maven-install-plugin/3.1.3/maven-install-plugin-3.1.3.pom (8.1 kB at 5.1 kB/s)
Downloading from oss.sonatype.org: https://oss.sonatype.org/content/groups/public/org/apache/maven/plugins/maven-plugins/43/maven-plugins-43.pom
Progress (1): 812 B
Progress (1): 1.9 kB
Progress (1): 4.1 kB
Progress (1): 6.7 kB
Progress (1): 7.5 kB
                    
Downloaded from oss.sonatype.org: https://oss.sonatype.org/content/groups/public/org/apache/maven/plugins/maven-plugins/43/maven-plugins-43.pom (7.5 kB at 11 kB/s)
Downloading from oss.sonatype.org: https://oss.sonatype.org/content/groups/public/org/apache/maven/maven-parent/43/maven-parent-43.pom
Progress (1): 780 B
Progress (1): 1.7 kB
Progress (1): 4.9 kB
Progress (1): 7.7 kB
Progress (1): 12 kB 
Progress (1): 16 kB
Progress (1): 19 kB
Progress (1): 23 kB
Progress (1): 26 kB
Progress (1): 27 kB
Progress (1): 30 kB
Progress (1): 33 kB
Progress (1): 36 kB
Progress (1): 39 kB
Progress (1): 42 kB
Progress (1): 44 kB
Progress (1): 48 kB
Progress (1): 50 kB
                   
Downloaded from oss.sonatype.org: https://oss.sonatype.org/content/groups/public/org/apache/maven/maven-parent/43/maven-parent-43.pom (50 kB at 77 kB/s)
Downloading from oss.sonatype.org: https://oss.sonatype.org/content/groups/public/org/apache/apache/33/apache-33.pom
Progress (1): 763 B
Progress (1): 1.7 kB
Progress (1): 3.5 kB
Progress (1): 5.4 kB
Progress (1): 7.4 kB
Progress (1): 7.7 kB
Progress (1): 13 kB 
Progress (1): 18 kB
Progress (1): 19 kB
Progress (1): 22 kB
Progress (1): 24 kB
                   
Downloaded from oss.sonatype.org: https://oss.sonatype.org/content/groups/public/org/apache/apache/33/apache-33.pom (24 kB at 36 kB/s)
Downloading from oss.sonatype.org: https://oss.sonatype.org/content/groups/public/org/junit/junit-bom/5.10.3/junit-bom-5.10.3.pom
Progress (1): 908 B
Progress (1): 2.2 kB
Progress (1): 5.6 kB
                    
Downloaded from oss.sonatype.org: https://oss.sonatype.org/content/groups/public/org/junit/junit-bom/5.10.3/junit-bom-5.10.3.pom (5.6 kB at 8.6 kB/s)
Downloading from oss.sonatype.org: https://oss.sonatype.org/content/groups/public/org/apache/maven/plugins/maven-install-plugin/3.1.3/maven-install-plugin-3.1.3.jar
Progress (1): 0.9/33 kB
Progress (1): 2.3/33 kB
Progress (1): 3.6/33 kB
Progress (1): 5.0/33 kB
Progress (1): 6.4/33 kB
Progress (1): 7.7/33 kB
Progress (1): 12/33 kB 
Progress (1): 16/33 kB
Progress (1): 20/33 kB
Progress (1): 25/33 kB
Progress (1): 29/33 kB
Progress (1): 33 kB   
                   
Downloaded from oss.sonatype.org: https://oss.sonatype.org/content/groups/public/org/apache/maven/plugins/maven-install-plugin/3.1.3/maven-install-plugin-3.1.3.jar (33 kB at 47 kB/s)
[INFO] 
[INFO] ----------------------< com.jcabi:jcabi-aspects >-----------------------
[INFO] Building jcabi-aspects 0.24.1
[INFO]   from pom.xml
[INFO] -------------------------------[ bundle ]-------------------------------
[WARNING] Parameter 'createChecksum' is unknown for plugin 'maven-install-plugin:3.1.3:install-file (default-cli)'
[INFO] 
[INFO] --- install:3.1.3:install-file (default-cli) @ jcabi-aspects ---
Downloading from oss.sonatype.org: https://oss.sonatype.org/content/groups/public/org/apache/maven/resolver/maven-resolver-util/1.9.18/maven-resolver-util-1.9.18.pom
Progress (1): 830 B
Progress (1): 2.7 kB
Progress (1): 2.9 kB
                    
Downloaded from oss.sonatype.org: https://oss.sonatype.org/content/groups/public/org/apache/maven/resolver/maven-resolver-util/1.9.18/maven-resolver-util-1.9.18.pom (2.9 kB at 4.4 kB/s)
Downloading from oss.sonatype.org: https://oss.sonatype.org/content/groups/public/org/apache/maven/resolver/maven-resolver/1.9.18/maven-resolver-1.9.18.pom
Progress (1): 755 B
Progress (1): 2.3 kB
Progress (1): 4.0 kB
Progress (1): 9.2 kB
Progress (1): 13 kB 
Progress (1): 17 kB
Progress (1): 20 kB
Progress (1): 21 kB
Progress (1): 22 kB
                   
Downloaded from oss.sonatype.org: https://oss.sonatype.org/content/groups/public/org/apache/maven/resolver/maven-resolver/1.9.18/maven-resolver-1.9.18.pom (22 kB at 34 kB/s)
Downloading from oss.sonatype.org: https://oss.sonatype.org/content/groups/public/org/apache/maven/resolver/maven-resolver-api/1.9.18/maven-resolver-api-1.9.18.pom
Progress (1): 831 B
Progress (1): 2.6 kB
Progress (1): 2.7 kB
                    
Downloaded from oss.sonatype.org: https://oss.sonatype.org/content/groups/public/org/apache/maven/resolver/maven-resolver-api/1.9.18/maven-resolver-api-1.9.18.pom (2.7 kB at 4.1 kB/s)
Downloading from oss.sonatype.org: https://oss.sonatype.org/content/groups/public/org/codehaus/plexus/plexus-xml/3.0.1/plexus-xml-3.0.1.pom
Progress (1): 814 B
Progress (1): 2.6 kB
Progress (1): 3.7 kB
                    
Downloaded from oss.sonatype.org: https://oss.sonatype.org/content/groups/public/org/codehaus/plexus/plexus-xml/3.0.1/plexus-xml-3.0.1.pom (3.7 kB at 5.6 kB/s)
Downloading from oss.sonatype.org: https://oss.sonatype.org/content/groups/public/org/codehaus/plexus/plexus/18/plexus-18.pom
Progress (1): 692 B
Progress (1): 2.5 kB
Progress (1): 6.4 kB
Progress (1): 8.9 kB
Progress (1): 10 kB 
Progress (1): 14 kB
Progress (1): 18 kB
Progress (1): 19 kB
Progress (1): 22 kB
Progress (1): 26 kB
Progress (1): 29 kB
                   
Downloaded from oss.sonatype.org: https://oss.sonatype.org/content/groups/public/org/codehaus/plexus/plexus/18/plexus-18.pom (29 kB at 45 kB/s)
Downloading from oss.sonatype.org: https://oss.sonatype.org/content/groups/public/org/apache/maven/resolver/maven-resolver-util/1.9.18/maven-resolver-util-1.9.18.jar
Progress (1): 3.8/196 kB
Progress (1): 8.0/196 kB
Progress (1): 12/196 kB 
Progress (1): 16/196 kB
Progress (1): 21/196 kB
Progress (1): 25/196 kB
Progress (1): 29/196 kB
Progress (1): 33/196 kB
Progress (1): 38/196 kB
Progress (1): 42/196 kB
Progress (1): 58/196 kB
Progress (1): 75/196 kB
Progress (1): 91/196 kB
Progress (1): 107/196 kB
Progress (1): 124/196 kB
Progress (1): 131/196 kB
Progress (1): 147/196 kB
Progress (1): 163/196 kB
Progress (1): 180/196 kB
Progress (1): 196 kB    
                    
Downloaded from oss.sonatype.org: https://oss.sonatype.org/content/groups/public/org/apache/maven/resolver/maven-resolver-util/1.9.18/maven-resolver-util-1.9.18.jar (196 kB at 214 kB/s)
Downloading from oss.sonatype.org: https://oss.sonatype.org/content/groups/public/org/apache/maven/resolver/maven-resolver-api/1.9.18/maven-resolver-api-1.9.18.jar
Downloading from oss.sonatype.org: https://oss.sonatype.org/content/groups/public/org/codehaus/plexus/plexus-xml/3.0.1/plexus-xml-3.0.1.jar
Progress (1): 7.7/94 kB
Progress (1): 16/94 kB 
Progress (1): 32/94 kB
Progress (1): 49/94 kB
Progress (1): 65/94 kB
Progress (1): 81/94 kB
Progress (1): 94 kB   
                   
Downloaded from oss.sonatype.org: https://oss.sonatype.org/content/groups/public/org/codehaus/plexus/plexus-xml/3.0.1/plexus-xml-3.0.1.jar (94 kB at 130 kB/s)
Progress (1): 0.9/157 kB
Progress (1): 2.3/157 kB
Progress (1): 3.6/157 kB
Progress (1): 5.0/157 kB
Progress (1): 6.4/157 kB
Progress (1): 7.7/157 kB
Progress (1): 9.1/157 kB
Progress (1): 10/157 kB 
Progress (1): 12/157 kB
Progress (1): 13/157 kB
Progress (1): 15/157 kB
Progress (1): 16/157 kB
Progress (1): 17/157 kB
Progress (1): 19/157 kB
Progress (1): 20/157 kB
Progress (1): 21/157 kB
Progress (1): 23/157 kB
Progress (1): 24/157 kB
Progress (1): 25/157 kB
Progress (1): 27/157 kB
Progress (1): 28/157 kB
Progress (1): 30/157 kB
Progress (1): 31/157 kB
Progress (1): 32/157 kB
Progress (1): 34/157 kB
Progress (1): 35/157 kB
Progress (1): 36/157 kB
Progress (1): 38/157 kB
Progress (1): 39/157 kB
Progress (1): 41/157 kB
Progress (1): 42/157 kB
Progress (1): 43/157 kB
Progress (1): 45/157 kB
Progress (1): 46/157 kB
Progress (1): 47/157 kB
Progress (1): 49/157 kB
Progress (1): 50/157 kB
Progress (1): 51/157 kB
Progress (1): 53/157 kB
Progress (1): 57/157 kB
Progress (1): 61/157 kB
Progress (1): 65/157 kB
Progress (1): 70/157 kB
Progress (1): 74/157 kB
Progress (1): 78/157 kB
Progress (1): 82/157 kB
Progress (1): 86/157 kB
Progress (1): 91/157 kB
Progress (1): 95/157 kB
Progress (1): 99/157 kB
Progress (1): 103/157 kB
Progress (1): 108/157 kB
Progress (1): 112/157 kB
Progress (1): 116/157 kB
Progress (1): 120/157 kB
Progress (1): 122/157 kB
Progress (1): 127/157 kB
Progress (1): 131/157 kB
Progress (1): 135/157 kB
Progress (1): 139/157 kB
Progress (1): 144/157 kB
Progress (1): 148/157 kB
Progress (1): 152/157 kB
Progress (1): 156/157 kB
Progress (1): 157 kB    
                    
Downloaded from oss.sonatype.org: https://oss.sonatype.org/content/groups/public/org/apache/maven/resolver/maven-resolver-api/1.9.18/maven-resolver-api-1.9.18.jar (157 kB at 90 kB/s)
[INFO] Installing /home/zhihao/hdd/marshal/benchmarks/cross-repo-pr-impact/results/single-case-pipeline-jcabi-s3-v2-2026-08-27/replay-work/formal-github-jcabi-aspects-336--target-jcabi-s3-tv-removal/source-a0/target/jcabi-aspects-0.24.1.jar to /home/zhihao/hdd/marshal/benchmarks/cross-repo-pr-impact/results/single-case-pipeline-jcabi-s3-v2-2026-08-27/replay-work/formal-github-jcabi-aspects-336--target-jcabi-s3-tv-removal/m2-a0/com/jcabi/jcabi-aspects/0.24.1/jcabi-aspects-0.24.1.jar
[INFO] Installing /home/zhihao/hdd/marshal/benchmarks/cross-repo-pr-impact/results/single-case-pipeline-jcabi-s3-v2-2026-08-27/replay-work/formal-github-jcabi-aspects-336--target-jcabi-s3-tv-removal/source-a0/pom.xml to /home/zhihao/hdd/marshal/benchmarks/cross-repo-pr-impact/results/single-case-pipeline-jcabi-s3-v2-2026-08-27/replay-work/formal-github-jcabi-aspects-336--target-jcabi-s3-tv-removal/m2-a0/com/jcabi/jcabi-aspects/0.24.1/jcabi-aspects-0.24.1.pom
[INFO] ------------------------------------------------------------------------
[INFO] BUILD SUCCESS
[INFO] ------------------------------------------------------------------------
[INFO] Total time:  12.504 s
[INFO] Finished at: 2026-08-27T05:05:50+08:00
[INFO] ------------------------------------------------------------------------
