[INFO] Scanning for projects...
Downloading from oss.sonatype.org: https://oss.sonatype.org/content/groups/public/org/apache/maven/plugins/maven-install-plugin/3.1.3/maven-install-plugin-3.1.3.pom
Progress (1): 792 B
Progress (1): 1.8 kB
Progress (1): 3.7 kB
Progress (1): 7.5 kB
Progress (1): 8.1 kB
                    
Downloaded from oss.sonatype.org: https://oss.sonatype.org/content/groups/public/org/apache/maven/plugins/maven-install-plugin/3.1.3/maven-install-plugin-3.1.3.pom (8.1 kB at 5.2 kB/s)
Downloading from oss.sonatype.org: https://oss.sonatype.org/content/groups/public/org/apache/maven/plugins/maven-plugins/43/maven-plugins-43.pom
Progress (1): 773 B
Progress (1): 1.8 kB
Progress (1): 4.3 kB
Progress (1): 6.8 kB
Progress (1): 7.5 kB
                    
Downloaded from oss.sonatype.org: https://oss.sonatype.org/content/groups/public/org/apache/maven/plugins/maven-plugins/43/maven-plugins-43.pom (7.5 kB at 12 kB/s)
Downloading from oss.sonatype.org: https://oss.sonatype.org/content/groups/public/org/apache/maven/maven-parent/43/maven-parent-43.pom
Progress (1): 805 B
Progress (1): 1.8 kB
Progress (1): 4.1 kB
Progress (1): 8.4 kB
Progress (1): 11 kB 
Progress (1): 16 kB
Progress (1): 21 kB
Progress (1): 23 kB
Progress (1): 26 kB
Progress (1): 28 kB
Progress (1): 30 kB
Progress (1): 33 kB
Progress (1): 37 kB
Progress (1): 39 kB
Progress (1): 42 kB
Progress (1): 45 kB
Progress (1): 48 kB
Progress (1): 50 kB
                   
Downloaded from oss.sonatype.org: https://oss.sonatype.org/content/groups/public/org/apache/maven/maven-parent/43/maven-parent-43.pom (50 kB at 78 kB/s)
Downloading from oss.sonatype.org: https://oss.sonatype.org/content/groups/public/org/apache/apache/33/apache-33.pom
Progress (1): 809 B
Progress (1): 1.7 kB
Progress (1): 3.4 kB
Progress (1): 5.2 kB
Progress (1): 7.3 kB
Progress (1): 12 kB 
Progress (1): 15 kB
Progress (1): 18 kB
Progress (1): 21 kB
Progress (1): 23 kB
Progress (1): 24 kB
                   
Downloaded from oss.sonatype.org: https://oss.sonatype.org/content/groups/public/org/apache/apache/33/apache-33.pom (24 kB at 37 kB/s)
Downloading from oss.sonatype.org: https://oss.sonatype.org/content/groups/public/org/junit/junit-bom/5.10.3/junit-bom-5.10.3.pom
Progress (1): 908 B
Progress (1): 2.2 kB
Progress (1): 5.6 kB
                    
Downloaded from oss.sonatype.org: https://oss.sonatype.org/content/groups/public/org/junit/junit-bom/5.10.3/junit-bom-5.10.3.pom (5.6 kB at 9.1 kB/s)
Downloading from oss.sonatype.org: https://oss.sonatype.org/content/groups/public/org/apache/maven/plugins/maven-install-plugin/3.1.3/maven-install-plugin-3.1.3.jar
Progress (1): 0.9/33 kB
Progress (1): 2.3/33 kB
Progress (1): 3.6/33 kB
Progress (1): 5.0/33 kB
Progress (1): 6.4/33 kB
Progress (1): 11/33 kB 
Progress (1): 12/33 kB
Progress (1): 17/33 kB
Progress (1): 21/33 kB
Progress (1): 25/33 kB
Progress (1): 29/33 kB
Progress (1): 33 kB   
                   
Downloaded from oss.sonatype.org: https://oss.sonatype.org/content/groups/public/org/apache/maven/plugins/maven-install-plugin/3.1.3/maven-install-plugin-3.1.3.jar (33 kB at 50 kB/s)
[INFO] 
[INFO] ----------------------< com.jcabi:jcabi-aspects >-----------------------
[INFO] Building jcabi-aspects 0.24.1
[INFO]   from pom.xml
[INFO] -------------------------------[ bundle ]-------------------------------
[WARNING] Parameter 'createChecksum' is unknown for plugin 'maven-install-plugin:3.1.3:install-file (default-cli)'
[INFO] 
[INFO] --- install:3.1.3:install-file (default-cli) @ jcabi-aspects ---
Downloading from oss.sonatype.org: https://oss.sonatype.org/content/groups/public/org/apache/maven/resolver/maven-resolver-util/1.9.18/maven-resolver-util-1.9.18.pom
Progress (1): 830 B
Progress (1): 2.7 kB
Progress (1): 2.9 kB
                    
Downloaded from oss.sonatype.org: https://oss.sonatype.org/content/groups/public/org/apache/maven/resolver/maven-resolver-util/1.9.18/maven-resolver-util-1.9.18.pom (2.9 kB at 4.5 kB/s)
Downloading from oss.sonatype.org: https://oss.sonatype.org/content/groups/public/org/apache/maven/resolver/maven-resolver/1.9.18/maven-resolver-1.9.18.pom
Progress (1): 755 B
Progress (1): 2.3 kB
Progress (1): 4.0 kB
Progress (1): 9.2 kB
Progress (1): 13 kB 
Progress (1): 17 kB
Progress (1): 20 kB
Progress (1): 21 kB
Progress (1): 22 kB
                   
Downloaded from oss.sonatype.org: https://oss.sonatype.org/content/groups/public/org/apache/maven/resolver/maven-resolver/1.9.18/maven-resolver-1.9.18.pom (22 kB at 32 kB/s)
Downloading from oss.sonatype.org: https://oss.sonatype.org/content/groups/public/org/apache/maven/resolver/maven-resolver-api/1.9.18/maven-resolver-api-1.9.18.pom
Progress (1): 831 B
Progress (1): 2.6 kB
Progress (1): 2.7 kB
                    
Downloaded from oss.sonatype.org: https://oss.sonatype.org/content/groups/public/org/apache/maven/resolver/maven-resolver-api/1.9.18/maven-resolver-api-1.9.18.pom (2.7 kB at 4.1 kB/s)
Downloading from oss.sonatype.org: https://oss.sonatype.org/content/groups/public/org/codehaus/plexus/plexus-xml/3.0.1/plexus-xml-3.0.1.pom
Progress (1): 814 B
Progress (1): 2.6 kB
Progress (1): 3.7 kB
                    
Downloaded from oss.sonatype.org: https://oss.sonatype.org/content/groups/public/org/codehaus/plexus/plexus-xml/3.0.1/plexus-xml-3.0.1.pom (3.7 kB at 5.5 kB/s)
Downloading from oss.sonatype.org: https://oss.sonatype.org/content/groups/public/org/codehaus/plexus/plexus/18/plexus-18.pom
Progress (1): 692 B
Progress (1): 2.5 kB
Progress (1): 6.4 kB
Progress (1): 8.9 kB
Progress (1): 10 kB 
Progress (1): 14 kB
Progress (1): 18 kB
Progress (1): 19 kB
Progress (1): 22 kB
Progress (1): 26 kB
Progress (1): 29 kB
                   
Downloaded from oss.sonatype.org: https://oss.sonatype.org/content/groups/public/org/codehaus/plexus/plexus/18/plexus-18.pom (29 kB at 45 kB/s)
Downloading from oss.sonatype.org: https://oss.sonatype.org/content/groups/public/org/apache/maven/resolver/maven-resolver-util/1.9.18/maven-resolver-util-1.9.18.jar
Progress (1): 3.8/196 kB
Progress (1): 8.0/196 kB
Progress (1): 12/196 kB 
Progress (1): 16/196 kB
Progress (1): 21/196 kB
Progress (1): 25/196 kB
Progress (1): 29/196 kB
Progress (1): 33/196 kB
Progress (1): 38/196 kB
Progress (1): 54/196 kB
Progress (1): 57/196 kB
Progress (1): 73/196 kB
Progress (1): 90/196 kB
Progress (1): 106/196 kB
Progress (1): 122/196 kB
Progress (1): 139/196 kB
Progress (1): 155/196 kB
Progress (1): 172/196 kB
Progress (1): 188/196 kB
Progress (1): 196 kB    
                    
Downloaded from oss.sonatype.org: https://oss.sonatype.org/content/groups/public/org/apache/maven/resolver/maven-resolver-util/1.9.18/maven-resolver-util-1.9.18.jar (196 kB at 230 kB/s)
Downloading from oss.sonatype.org: https://oss.sonatype.org/content/groups/public/org/apache/maven/resolver/maven-resolver-api/1.9.18/maven-resolver-api-1.9.18.jar
Downloading from oss.sonatype.org: https://oss.sonatype.org/content/groups/public/org/codehaus/plexus/plexus-xml/3.0.1/plexus-xml-3.0.1.jar
Progress (1): 8.2/94 kB
Progress (1): 25/94 kB 
Progress (1): 41/94 kB
Progress (1): 49/94 kB
Progress (1): 66/94 kB
Progress (1): 82/94 kB
Progress (1): 94 kB   
                   
Downloaded from oss.sonatype.org: https://oss.sonatype.org/content/groups/public/org/codehaus/plexus/plexus-xml/3.0.1/plexus-xml-3.0.1.jar (94 kB at 138 kB/s)
Progress (1): 1.4/157 kB
Progress (1): 2.7/157 kB
Progress (1): 4.1/157 kB
Progress (1): 5.5/157 kB
Progress (1): 6.8/157 kB
Progress (1): 8.2/157 kB
Progress (1): 9.6/157 kB
Progress (1): 11/157 kB 
Progress (1): 12/157 kB
Progress (1): 14/157 kB
Progress (1): 15/157 kB
Progress (1): 16/157 kB
Progress (1): 18/157 kB
Progress (1): 19/157 kB
Progress (1): 20/157 kB
Progress (1): 22/157 kB
Progress (1): 23/157 kB
Progress (1): 25/157 kB
Progress (1): 26/157 kB
Progress (1): 27/157 kB
Progress (1): 29/157 kB
Progress (1): 30/157 kB
Progress (1): 31/157 kB
Progress (1): 33/157 kB
Progress (1): 34/157 kB
Progress (1): 36/157 kB
Progress (1): 37/157 kB
Progress (1): 38/157 kB
Progress (1): 40/157 kB
Progress (1): 41/157 kB
Progress (1): 42/157 kB
Progress (1): 44/157 kB
Progress (1): 45/157 kB
Progress (1): 46/157 kB
Progress (1): 48/157 kB
Progress (1): 49/157 kB
Progress (1): 51/157 kB
Progress (1): 52/157 kB
Progress (1): 56/157 kB
Progress (1): 60/157 kB
Progress (1): 65/157 kB
Progress (1): 66/157 kB
Progress (1): 70/157 kB
Progress (1): 74/157 kB
Progress (1): 78/157 kB
Progress (1): 82/157 kB
Progress (1): 86/157 kB
Progress (1): 90/157 kB
Progress (1): 95/157 kB
Progress (1): 98/157 kB
Progress (1): 103/157 kB
Progress (1): 107/157 kB
Progress (1): 111/157 kB
Progress (1): 115/157 kB
Progress (1): 119/157 kB
Progress (1): 123/157 kB
Progress (1): 127/157 kB
Progress (1): 131/157 kB
Progress (1): 135/157 kB
Progress (1): 140/157 kB
Progress (1): 144/157 kB
Progress (1): 148/157 kB
Progress (1): 152/157 kB
Progress (1): 156/157 kB
Progress (1): 157 kB    
                    
Downloaded from oss.sonatype.org: https://oss.sonatype.org/content/groups/public/org/apache/maven/resolver/maven-resolver-api/1.9.18/maven-resolver-api-1.9.18.jar (157 kB at 96 kB/s)
[INFO] Installing /home/zhihao/hdd/marshal/benchmarks/cross-repo-pr-impact/results/single-case-pipeline-jcabi-s3-v2-2026-08-27/replay-work/formal-github-jcabi-aspects-336--target-jcabi-s3-tv-removal/source-a1/target/jcabi-aspects-0.24.1.jar to /home/zhihao/hdd/marshal/benchmarks/cross-repo-pr-impact/results/single-case-pipeline-jcabi-s3-v2-2026-08-27/replay-work/formal-github-jcabi-aspects-336--target-jcabi-s3-tv-removal/m2-a1/com/jcabi/jcabi-aspects/0.24.1/jcabi-aspects-0.24.1.jar
[INFO] Installing /home/zhihao/hdd/marshal/benchmarks/cross-repo-pr-impact/results/single-case-pipeline-jcabi-s3-v2-2026-08-27/replay-work/formal-github-jcabi-aspects-336--target-jcabi-s3-tv-removal/source-a1/pom.xml to /home/zhihao/hdd/marshal/benchmarks/cross-repo-pr-impact/results/single-case-pipeline-jcabi-s3-v2-2026-08-27/replay-work/formal-github-jcabi-aspects-336--target-jcabi-s3-tv-removal/m2-a1/com/jcabi/jcabi-aspects/0.24.1/jcabi-aspects-0.24.1.pom
[INFO] ------------------------------------------------------------------------
[INFO] BUILD SUCCESS
[INFO] ------------------------------------------------------------------------
[INFO] Total time:  12.132 s
[INFO] Finished at: 2026-08-27T05:12:16+08:00
[INFO] ------------------------------------------------------------------------
