[INFO] Scanning for projects...
[INFO] 
[INFO] ---------------------< org.pac4j:dropwizard-pac4j >---------------------
[INFO] Building Dropwizard pac4j Support 5.0.1-SNAPSHOT
[INFO]   from pom.xml
[INFO] --------------------------------[ jar ]---------------------------------
[INFO] 
[INFO] --- jacoco:0.8.12:prepare-agent (default-cli) @ dropwizard-pac4j ---
[INFO] argLine set to -javaagent:/home/zhihao/.m2/repository/org/jacoco/org.jacoco.agent/0.8.12/org.jacoco.agent-0.8.12-runtime.jar=destfile=/tmp/jackson-a3-2120/dropwizard/jacoco.exec,append=true
[INFO] 
[INFO] --- enforcer:3.0.0-M3:enforce (enforce-maven) @ dropwizard-pac4j ---
[INFO] 
[INFO] --- enforcer:3.0.0-M3:enforce (dependency-convergence) @ dropwizard-pac4j ---
[INFO] 
[INFO] --- resources:3.3.1:resources (default-resources) @ dropwizard-pac4j ---
[INFO] skip non existing resourceDirectory /tmp/jackson-a3-2120/dropwizard/src/main/resources
[INFO] 
[INFO] --- compiler:3.10.1:compile (default-compile) @ dropwizard-pac4j ---
[INFO] Changes detected - recompiling the module!
[INFO] Compiling 7 source files to /tmp/jackson-a3-2120/dropwizard/target/classes
[INFO] 
[INFO] >>> pmd:3.14.0:check (run-pmd) > :pmd @ dropwizard-pac4j >>>
[INFO] 
[INFO] --- pmd:3.14.0:pmd (pmd) @ dropwizard-pac4j ---
[WARNING] Unable to locate Source XRef to link to - DISABLED
[WARNING] Unable to locate Source XRef to link to - DISABLED
[WARNING] Unable to locate Source XRef to link to - DISABLED
[INFO] 
[INFO] <<< pmd:3.14.0:check (run-pmd) < :pmd @ dropwizard-pac4j <<<
[INFO] 
[INFO] 
[INFO] --- pmd:3.14.0:check (run-pmd) @ dropwizard-pac4j ---
[INFO] PMD version: 6.29.0
[INFO] 
[INFO] 
[INFO] --- resources:3.3.1:testResources (default-testResources) @ dropwizard-pac4j ---
[INFO] Copying 10 resources from src/test/resources to target/test-classes
[INFO] 
[INFO] --- compiler:3.10.1:testCompile (default-testCompile) @ dropwizard-pac4j ---
[INFO] Changes detected - recompiling the module!
[INFO] Compiling 9 source files to /tmp/jackson-a3-2120/dropwizard/target/test-classes
[INFO] /tmp/jackson-a3-2120/dropwizard/src/test/java/org/pac4j/dropwizard/factory/FakeConfigFactory.java: /tmp/jackson-a3-2120/dropwizard/src/test/java/org/pac4j/dropwizard/factory/FakeConfigFactory.java uses unchecked or unsafe operations.
[INFO] /tmp/jackson-a3-2120/dropwizard/src/test/java/org/pac4j/dropwizard/factory/FakeConfigFactory.java: Recompile with -Xlint:unchecked for details.
[INFO] 
[INFO] --- surefire:3.2.5:test (default-test) @ dropwizard-pac4j ---
[INFO] Using auto detected provider org.apache.maven.surefire.junit4.JUnit4Provider
[INFO] 
[INFO] -------------------------------------------------------
[INFO]  T E S T S
[INFO] -------------------------------------------------------
[INFO] Running org.pac4j.dropwizard.e2e.EndToEndServletTest
INFO  [2026-08-24 12:23:34,954] io.dropwizard.server.DefaultServerFactory: Registering jersey handler with root path prefix: /
INFO  [2026-08-24 12:23:34,959] io.dropwizard.server.DefaultServerFactory: Registering admin handler with root path prefix: /
INFO  [2026-08-24 12:23:35,058] io.dropwizard.server.ServerFactory: Starting App
INFO  [2026-08-24 12:23:35,166] org.eclipse.jetty.setuid.SetUIDListener: Opened application@315c13b4{HTTP/1.1, (http/1.1)}{0.0.0.0:44305}
INFO  [2026-08-24 12:23:35,167] org.eclipse.jetty.setuid.SetUIDListener: Opened admin@1cb95256{HTTP/1.1, (http/1.1)}{0.0.0.0:37833}
INFO  [2026-08-24 12:23:35,169] org.eclipse.jetty.server.Server: jetty-9.4.35.v20201120; built: 2020-11-20T21:17:03.964Z; git: bdc54f03a5e0a7e280fab27f55c3c75ee8da89fb; jvm 11.0.31+11-post-1ubuntu1-24.04.2-Ubuntu
INFO  [2026-08-24 12:23:35,191] org.eclipse.jetty.server.session: DefaultSessionIdManager workerName=node0
INFO  [2026-08-24 12:23:35,191] org.eclipse.jetty.server.session: No SessionScavenger set, using defaults
INFO  [2026-08-24 12:23:35,194] org.eclipse.jetty.server.session: node0 Scavenging every 600000ms
INFO  [2026-08-24 12:23:35,805] io.dropwizard.jersey.DropwizardResourceConfig: The following paths were found for the configured resources:

    GET     /dogs/{name} (org.pac4j.dropwizard.e2e.DogsResource)
    POST    /dogs/{name} (org.pac4j.dropwizard.e2e.DogsResource)

INFO  [2026-08-24 12:23:35,807] org.eclipse.jetty.server.handler.ContextHandler: Started i.d.j.MutableServletContextHandler@42294ce4{/,null,AVAILABLE}
INFO  [2026-08-24 12:23:35,810] io.dropwizard.setup.AdminEnvironment: tasks = 

    POST    /tasks/log-level (io.dropwizard.servlets.tasks.LogConfigurationTask)
    POST    /tasks/gc (io.dropwizard.servlets.tasks.GarbageCollectionTask)

WARN  [2026-08-24 12:23:35,810] io.dropwizard.setup.AdminEnvironment: 
!!!!!!!!!!!!!!!!!!!!!!!!!!!!!!!!!!!!!!!!!!!!!!!!!!!!!!!!!!!!!!!!!!!!!!!!!!!!!!!!
!!!!!!!!!!!!!!!!!!!!!!!!!!!!!!!!!!!!!!!!!!!!!!!!!!!!!!!!!!!!!!!!!!!!!!!!!!!!!!!!
!    THIS APPLICATION HAS NO HEALTHCHECKS. THIS MEANS YOU WILL NEVER KNOW      !
!     IF IT DIES IN PRODUCTION, WHICH MEANS YOU WILL NEVER KNOW IF YOU'RE      !
!    LETTING YOUR USERS DOWN. YOU SHOULD ADD A HEALTHCHECK FOR EACH OF YOUR    !
!         APPLICATION'S DEPENDENCIES WHICH FULLY (BUT LIGHTLY) TESTS IT.       !
!!!!!!!!!!!!!!!!!!!!!!!!!!!!!!!!!!!!!!!!!!!!!!!!!!!!!!!!!!!!!!!!!!!!!!!!!!!!!!!!
!!!!!!!!!!!!!!!!!!!!!!!!!!!!!!!!!!!!!!!!!!!!!!!!!!!!!!!!!!!!!!!!!!!!!!!!!!!!!!!!
INFO  [2026-08-24 12:23:35,811] org.eclipse.jetty.server.handler.ContextHandler: Started i.d.j.MutableServletContextHandler@2e6254fc{/,null,AVAILABLE}
INFO  [2026-08-24 12:23:35,882] org.eclipse.jetty.server.AbstractConnector: Started application@315c13b4{HTTP/1.1, (http/1.1)}{0.0.0.0:44305}
INFO  [2026-08-24 12:23:35,884] org.eclipse.jetty.server.AbstractConnector: Started admin@1cb95256{HTTP/1.1, (http/1.1)}{0.0.0.0:37833}
INFO  [2026-08-24 12:23:35,884] org.eclipse.jetty.server.Server: Started @3415ms
127.0.0.1 - - [24/Aug/2026:12:23:36 +0000] "GET /dogs/pierre HTTP/1.1" 200 6 "-" "Jersey/2.32 (HttpUrlConnection 11.0.31)" 129
INFO  [2026-08-24 12:23:36,467] org.eclipse.jetty.server.AbstractConnector: Stopped application@315c13b4{HTTP/1.1, (http/1.1)}{0.0.0.0:0}
INFO  [2026-08-24 12:23:36,468] org.eclipse.jetty.server.AbstractConnector: Stopped admin@1cb95256{HTTP/1.1, (http/1.1)}{0.0.0.0:0}
INFO  [2026-08-24 12:23:36,468] org.eclipse.jetty.server.session: node0 Stopped scavenging
INFO  [2026-08-24 12:23:36,469] org.eclipse.jetty.server.handler.ContextHandler: Stopped i.d.j.MutableServletContextHandler@2e6254fc{/,null,STOPPED}
INFO  [2026-08-24 12:23:36,477] org.eclipse.jetty.server.handler.ContextHandler: Stopped i.d.j.MutableServletContextHandler@42294ce4{/,null,STOPPED}
INFO  [2026-08-24 12:23:36,615] io.dropwizard.server.DefaultServerFactory: Registering jersey handler with root path prefix: /
INFO  [2026-08-24 12:23:36,615] io.dropwizard.server.DefaultServerFactory: Registering admin handler with root path prefix: /
INFO  [2026-08-24 12:23:36,616] io.dropwizard.server.ServerFactory: Starting App
INFO  [2026-08-24 12:23:36,620] org.eclipse.jetty.setuid.SetUIDListener: Opened application@7d213ae5{HTTP/1.1, (http/1.1)}{0.0.0.0:34611}
INFO  [2026-08-24 12:23:36,620] org.eclipse.jetty.setuid.SetUIDListener: Opened admin@49844b14{HTTP/1.1, (http/1.1)}{0.0.0.0:39261}
INFO  [2026-08-24 12:23:36,620] org.eclipse.jetty.server.Server: jetty-9.4.35.v20201120; built: 2020-11-20T21:17:03.964Z; git: bdc54f03a5e0a7e280fab27f55c3c75ee8da89fb; jvm 11.0.31+11-post-1ubuntu1-24.04.2-Ubuntu
INFO  [2026-08-24 12:23:36,621] org.eclipse.jetty.server.session: DefaultSessionIdManager workerName=node0
INFO  [2026-08-24 12:23:36,621] org.eclipse.jetty.server.session: No SessionScavenger set, using defaults
INFO  [2026-08-24 12:23:36,621] org.eclipse.jetty.server.session: node0 Scavenging every 600000ms
INFO  [2026-08-24 12:23:36,707] io.dropwizard.jersey.DropwizardResourceConfig: The following paths were found for the configured resources:

    GET     /dogs/{name} (org.pac4j.dropwizard.e2e.DogsResource)
    POST    /dogs/{name} (org.pac4j.dropwizard.e2e.DogsResource)

INFO  [2026-08-24 12:23:36,708] org.eclipse.jetty.server.handler.ContextHandler: Started i.d.j.MutableServletContextHandler@79374f2d{/,null,AVAILABLE}
INFO  [2026-08-24 12:23:36,709] io.dropwizard.setup.AdminEnvironment: tasks = 

    POST    /tasks/log-level (io.dropwizard.servlets.tasks.LogConfigurationTask)
    POST    /tasks/gc (io.dropwizard.servlets.tasks.GarbageCollectionTask)

WARN  [2026-08-24 12:23:36,709] io.dropwizard.setup.AdminEnvironment: 
!!!!!!!!!!!!!!!!!!!!!!!!!!!!!!!!!!!!!!!!!!!!!!!!!!!!!!!!!!!!!!!!!!!!!!!!!!!!!!!!
!!!!!!!!!!!!!!!!!!!!!!!!!!!!!!!!!!!!!!!!!!!!!!!!!!!!!!!!!!!!!!!!!!!!!!!!!!!!!!!!
!    THIS APPLICATION HAS NO HEALTHCHECKS. THIS MEANS YOU WILL NEVER KNOW      !
!     IF IT DIES IN PRODUCTION, WHICH MEANS YOU WILL NEVER KNOW IF YOU'RE      !
!    LETTING YOUR USERS DOWN. YOU SHOULD ADD A HEALTHCHECK FOR EACH OF YOUR    !
!         APPLICATION'S DEPENDENCIES WHICH FULLY (BUT LIGHTLY) TESTS IT.       !
!!!!!!!!!!!!!!!!!!!!!!!!!!!!!!!!!!!!!!!!!!!!!!!!!!!!!!!!!!!!!!!!!!!!!!!!!!!!!!!!
!!!!!!!!!!!!!!!!!!!!!!!!!!!!!!!!!!!!!!!!!!!!!!!!!!!!!!!!!!!!!!!!!!!!!!!!!!!!!!!!
INFO  [2026-08-24 12:23:36,710] org.eclipse.jetty.server.handler.ContextHandler: Started i.d.j.MutableServletContextHandler@727c22b1{/,null,AVAILABLE}
INFO  [2026-08-24 12:23:36,729] org.eclipse.jetty.server.AbstractConnector: Started application@7d213ae5{HTTP/1.1, (http/1.1)}{0.0.0.0:34611}
INFO  [2026-08-24 12:23:36,731] org.eclipse.jetty.server.AbstractConnector: Started admin@49844b14{HTTP/1.1, (http/1.1)}{0.0.0.0:39261}
INFO  [2026-08-24 12:23:36,731] org.eclipse.jetty.server.Server: Started @4262ms
WARN  [2026-08-24 12:23:36,776] org.glassfish.jersey.servlet.WebComponent: A servlet request to the URI http://localhost:34611/dogs/pierre contains form parameters in the request body but the request body has been consumed by the servlet or a servlet filter accessing the request parameters. Only resource methods using @FormParam will work as expected. Resource methods consuming the request body by other means will not work as expected.
127.0.0.1 - - [24/Aug/2026:12:23:36 +0000] "POST /dogs/pierre HTTP/1.1" 200 6 "-" "Jersey/2.32 (HttpUrlConnection 11.0.31)" 17
INFO  [2026-08-24 12:23:36,794] org.eclipse.jetty.server.AbstractConnector: Stopped application@7d213ae5{HTTP/1.1, (http/1.1)}{0.0.0.0:0}
INFO  [2026-08-24 12:23:36,795] org.eclipse.jetty.server.AbstractConnector: Stopped admin@49844b14{HTTP/1.1, (http/1.1)}{0.0.0.0:0}
INFO  [2026-08-24 12:23:36,795] org.eclipse.jetty.server.session: node0 Stopped scavenging
INFO  [2026-08-24 12:23:36,795] org.eclipse.jetty.server.handler.ContextHandler: Stopped i.d.j.MutableServletContextHandler@727c22b1{/,null,STOPPED}
INFO  [2026-08-24 12:23:36,797] org.eclipse.jetty.server.handler.ContextHandler: Stopped i.d.j.MutableServletContextHandler@79374f2d{/,null,STOPPED}
INFO  [2026-08-24 12:23:36,899] io.dropwizard.server.DefaultServerFactory: Registering jersey handler with root path prefix: /
INFO  [2026-08-24 12:23:36,899] io.dropwizard.server.DefaultServerFactory: Registering admin handler with root path prefix: /
INFO  [2026-08-24 12:23:36,900] io.dropwizard.server.ServerFactory: Starting App
INFO  [2026-08-24 12:23:36,903] org.eclipse.jetty.setuid.SetUIDListener: Opened application@4fcaa4a0{HTTP/1.1, (http/1.1)}{0.0.0.0:39987}
INFO  [2026-08-24 12:23:36,904] org.eclipse.jetty.setuid.SetUIDListener: Opened admin@12ef80b3{HTTP/1.1, (http/1.1)}{0.0.0.0:37817}
INFO  [2026-08-24 12:23:36,904] org.eclipse.jetty.server.Server: jetty-9.4.35.v20201120; built: 2020-11-20T21:17:03.964Z; git: bdc54f03a5e0a7e280fab27f55c3c75ee8da89fb; jvm 11.0.31+11-post-1ubuntu1-24.04.2-Ubuntu
INFO  [2026-08-24 12:23:36,904] org.eclipse.jetty.server.session: DefaultSessionIdManager workerName=node0
INFO  [2026-08-24 12:23:36,904] org.eclipse.jetty.server.session: No SessionScavenger set, using defaults
INFO  [2026-08-24 12:23:36,904] org.eclipse.jetty.server.session: node0 Scavenging every 660000ms
INFO  [2026-08-24 12:23:36,966] io.dropwizard.jersey.DropwizardResourceConfig: The following paths were found for the configured resources:

    GET     /dogs/{name} (org.pac4j.dropwizard.e2e.DogsResource)
    POST    /dogs/{name} (org.pac4j.dropwizard.e2e.DogsResource)

INFO  [2026-08-24 12:23:36,967] org.eclipse.jetty.server.handler.ContextHandler: Started i.d.j.MutableServletContextHandler@290f0429{/,null,AVAILABLE}
INFO  [2026-08-24 12:23:36,967] io.dropwizard.setup.AdminEnvironment: tasks = 

    POST    /tasks/log-level (io.dropwizard.servlets.tasks.LogConfigurationTask)
    POST    /tasks/gc (io.dropwizard.servlets.tasks.GarbageCollectionTask)

WARN  [2026-08-24 12:23:36,967] io.dropwizard.setup.AdminEnvironment: 
!!!!!!!!!!!!!!!!!!!!!!!!!!!!!!!!!!!!!!!!!!!!!!!!!!!!!!!!!!!!!!!!!!!!!!!!!!!!!!!!
!!!!!!!!!!!!!!!!!!!!!!!!!!!!!!!!!!!!!!!!!!!!!!!!!!!!!!!!!!!!!!!!!!!!!!!!!!!!!!!!
!    THIS APPLICATION HAS NO HEALTHCHECKS. THIS MEANS YOU WILL NEVER KNOW      !
!     IF IT DIES IN PRODUCTION, WHICH MEANS YOU WILL NEVER KNOW IF YOU'RE      !
!    LETTING YOUR USERS DOWN. YOU SHOULD ADD A HEALTHCHECK FOR EACH OF YOUR    !
!         APPLICATION'S DEPENDENCIES WHICH FULLY (BUT LIGHTLY) TESTS IT.       !
!!!!!!!!!!!!!!!!!!!!!!!!!!!!!!!!!!!!!!!!!!!!!!!!!!!!!!!!!!!!!!!!!!!!!!!!!!!!!!!!
!!!!!!!!!!!!!!!!!!!!!!!!!!!!!!!!!!!!!!!!!!!!!!!!!!!!!!!!!!!!!!!!!!!!!!!!!!!!!!!!
INFO  [2026-08-24 12:23:36,968] org.eclipse.jetty.server.handler.ContextHandler: Started i.d.j.MutableServletContextHandler@331ea1fe{/,null,AVAILABLE}
INFO  [2026-08-24 12:23:36,982] org.eclipse.jetty.server.AbstractConnector: Started application@4fcaa4a0{HTTP/1.1, (http/1.1)}{0.0.0.0:39987}
INFO  [2026-08-24 12:23:36,983] org.eclipse.jetty.server.AbstractConnector: Started admin@12ef80b3{HTTP/1.1, (http/1.1)}{0.0.0.0:37817}
INFO  [2026-08-24 12:23:36,983] org.eclipse.jetty.server.Server: Started @4515ms
INFO  [2026-08-24 12:23:37,005] org.pac4j.http.client.direct.DirectBasicAuthClient: Failed to retrieve or validate credentials: Username : 'boy' does not match password
127.0.0.1 - - [24/Aug/2026:12:23:37 +0000] "GET /dogs/pierre HTTP/1.1" 401 0 "-" "Jersey/2.32 (HttpUrlConnection 11.0.31)" 7
INFO  [2026-08-24 12:23:37,020] org.eclipse.jetty.server.AbstractConnector: Stopped application@4fcaa4a0{HTTP/1.1, (http/1.1)}{0.0.0.0:0}
INFO  [2026-08-24 12:23:37,020] org.eclipse.jetty.server.AbstractConnector: Stopped admin@12ef80b3{HTTP/1.1, (http/1.1)}{0.0.0.0:0}
INFO  [2026-08-24 12:23:37,020] org.eclipse.jetty.server.session: node0 Stopped scavenging
INFO  [2026-08-24 12:23:37,021] org.eclipse.jetty.server.handler.ContextHandler: Stopped i.d.j.MutableServletContextHandler@331ea1fe{/,null,STOPPED}
INFO  [2026-08-24 12:23:37,022] org.eclipse.jetty.server.handler.ContextHandler: Stopped i.d.j.MutableServletContextHandler@290f0429{/,null,STOPPED}
[INFO] Tests run: 3, Failures: 0, Errors: 0, Skipped: 0, Time elapsed: 4.102 s -- in org.pac4j.dropwizard.e2e.EndToEndServletTest
[INFO] Running org.pac4j.dropwizard.e2e.EndToEndTest
INFO  [2026-08-24 12:23:37,115] io.dropwizard.server.DefaultServerFactory: Registering jersey handler with root path prefix: /
INFO  [2026-08-24 12:23:37,115] io.dropwizard.server.DefaultServerFactory: Registering admin handler with root path prefix: /
INFO  [2026-08-24 12:23:37,117] io.dropwizard.server.ServerFactory: Starting App
INFO  [2026-08-24 12:23:37,121] org.eclipse.jetty.setuid.SetUIDListener: Opened application@64c2543{HTTP/1.1, (http/1.1)}{0.0.0.0:43401}
INFO  [2026-08-24 12:23:37,121] org.eclipse.jetty.setuid.SetUIDListener: Opened admin@6e605c34{HTTP/1.1, (http/1.1)}{0.0.0.0:35291}
INFO  [2026-08-24 12:23:37,121] org.eclipse.jetty.server.Server: jetty-9.4.35.v20201120; built: 2020-11-20T21:17:03.964Z; git: bdc54f03a5e0a7e280fab27f55c3c75ee8da89fb; jvm 11.0.31+11-post-1ubuntu1-24.04.2-Ubuntu
INFO  [2026-08-24 12:23:37,121] org.eclipse.jetty.server.session: DefaultSessionIdManager workerName=node0
INFO  [2026-08-24 12:23:37,121] org.eclipse.jetty.server.session: No SessionScavenger set, using defaults
INFO  [2026-08-24 12:23:37,122] org.eclipse.jetty.server.session: node0 Scavenging every 600000ms
INFO  [2026-08-24 12:23:37,184] io.dropwizard.jersey.DropwizardResourceConfig: The following paths were found for the configured resources:

    GET     /dogs/{name} (org.pac4j.dropwizard.e2e.DogsResource)
    POST    /dogs/{name} (org.pac4j.dropwizard.e2e.DogsResource)

INFO  [2026-08-24 12:23:37,185] org.eclipse.jetty.server.handler.ContextHandler: Started i.d.j.MutableServletContextHandler@74bc9781{/,null,AVAILABLE}
INFO  [2026-08-24 12:23:37,185] io.dropwizard.setup.AdminEnvironment: tasks = 

    POST    /tasks/log-level (io.dropwizard.servlets.tasks.LogConfigurationTask)
    POST    /tasks/gc (io.dropwizard.servlets.tasks.GarbageCollectionTask)

WARN  [2026-08-24 12:23:37,185] io.dropwizard.setup.AdminEnvironment: 
!!!!!!!!!!!!!!!!!!!!!!!!!!!!!!!!!!!!!!!!!!!!!!!!!!!!!!!!!!!!!!!!!!!!!!!!!!!!!!!!
!!!!!!!!!!!!!!!!!!!!!!!!!!!!!!!!!!!!!!!!!!!!!!!!!!!!!!!!!!!!!!!!!!!!!!!!!!!!!!!!
!    THIS APPLICATION HAS NO HEALTHCHECKS. THIS MEANS YOU WILL NEVER KNOW      !
!     IF IT DIES IN PRODUCTION, WHICH MEANS YOU WILL NEVER KNOW IF YOU'RE      !
!    LETTING YOUR USERS DOWN. YOU SHOULD ADD A HEALTHCHECK FOR EACH OF YOUR    !
!         APPLICATION'S DEPENDENCIES WHICH FULLY (BUT LIGHTLY) TESTS IT.       !
!!!!!!!!!!!!!!!!!!!!!!!!!!!!!!!!!!!!!!!!!!!!!!!!!!!!!!!!!!!!!!!!!!!!!!!!!!!!!!!!
!!!!!!!!!!!!!!!!!!!!!!!!!!!!!!!!!!!!!!!!!!!!!!!!!!!!!!!!!!!!!!!!!!!!!!!!!!!!!!!!
INFO  [2026-08-24 12:23:37,186] org.eclipse.jetty.server.handler.ContextHandler: Started i.d.j.MutableServletContextHandler@d9bac0b{/,null,AVAILABLE}
INFO  [2026-08-24 12:23:37,201] org.eclipse.jetty.server.AbstractConnector: Started application@64c2543{HTTP/1.1, (http/1.1)}{0.0.0.0:43401}
INFO  [2026-08-24 12:23:37,202] org.eclipse.jetty.server.AbstractConnector: Started admin@6e605c34{HTTP/1.1, (http/1.1)}{0.0.0.0:35291}
INFO  [2026-08-24 12:23:37,202] org.eclipse.jetty.server.Server: Started @4734ms
127.0.0.1 - - [24/Aug/2026:12:23:37 +0000] "GET /dogs/pierre HTTP/1.1" 200 6 "-" "Jersey/2.32 (HttpUrlConnection 11.0.31)" 32
INFO  [2026-08-24 12:23:37,260] org.eclipse.jetty.server.AbstractConnector: Stopped application@64c2543{HTTP/1.1, (http/1.1)}{0.0.0.0:0}
INFO  [2026-08-24 12:23:37,261] org.eclipse.jetty.server.AbstractConnector: Stopped admin@6e605c34{HTTP/1.1, (http/1.1)}{0.0.0.0:0}
INFO  [2026-08-24 12:23:37,261] org.eclipse.jetty.server.session: node0 Stopped scavenging
INFO  [2026-08-24 12:23:37,261] org.eclipse.jetty.server.handler.ContextHandler: Stopped i.d.j.MutableServletContextHandler@d9bac0b{/,null,STOPPED}
INFO  [2026-08-24 12:23:37,265] org.eclipse.jetty.server.handler.ContextHandler: Stopped i.d.j.MutableServletContextHandler@74bc9781{/,null,STOPPED}
INFO  [2026-08-24 12:23:37,360] io.dropwizard.server.DefaultServerFactory: Registering jersey handler with root path prefix: /
INFO  [2026-08-24 12:23:37,360] io.dropwizard.server.DefaultServerFactory: Registering admin handler with root path prefix: /
INFO  [2026-08-24 12:23:37,362] io.dropwizard.server.ServerFactory: Starting App
INFO  [2026-08-24 12:23:37,366] org.eclipse.jetty.setuid.SetUIDListener: Opened application@71bc94fa{HTTP/1.1, (http/1.1)}{0.0.0.0:42375}
INFO  [2026-08-24 12:23:37,366] org.eclipse.jetty.setuid.SetUIDListener: Opened admin@79cff8ab{HTTP/1.1, (http/1.1)}{0.0.0.0:46227}
INFO  [2026-08-24 12:23:37,367] org.eclipse.jetty.server.Server: jetty-9.4.35.v20201120; built: 2020-11-20T21:17:03.964Z; git: bdc54f03a5e0a7e280fab27f55c3c75ee8da89fb; jvm 11.0.31+11-post-1ubuntu1-24.04.2-Ubuntu
INFO  [2026-08-24 12:23:37,367] org.eclipse.jetty.server.session: DefaultSessionIdManager workerName=node0
INFO  [2026-08-24 12:23:37,367] org.eclipse.jetty.server.session: No SessionScavenger set, using defaults
INFO  [2026-08-24 12:23:37,367] org.eclipse.jetty.server.session: node0 Scavenging every 600000ms
INFO  [2026-08-24 12:23:37,435] io.dropwizard.jersey.DropwizardResourceConfig: The following paths were found for the configured resources:

    GET     /dogs/{name} (org.pac4j.dropwizard.e2e.DogsResource)
    POST    /dogs/{name} (org.pac4j.dropwizard.e2e.DogsResource)

INFO  [2026-08-24 12:23:37,436] org.eclipse.jetty.server.handler.ContextHandler: Started i.d.j.MutableServletContextHandler@7f415ae0{/,null,AVAILABLE}
INFO  [2026-08-24 12:23:37,436] io.dropwizard.setup.AdminEnvironment: tasks = 

    POST    /tasks/log-level (io.dropwizard.servlets.tasks.LogConfigurationTask)
    POST    /tasks/gc (io.dropwizard.servlets.tasks.GarbageCollectionTask)

WARN  [2026-08-24 12:23:37,436] io.dropwizard.setup.AdminEnvironment: 
!!!!!!!!!!!!!!!!!!!!!!!!!!!!!!!!!!!!!!!!!!!!!!!!!!!!!!!!!!!!!!!!!!!!!!!!!!!!!!!!
!!!!!!!!!!!!!!!!!!!!!!!!!!!!!!!!!!!!!!!!!!!!!!!!!!!!!!!!!!!!!!!!!!!!!!!!!!!!!!!!
!    THIS APPLICATION HAS NO HEALTHCHECKS. THIS MEANS YOU WILL NEVER KNOW      !
!     IF IT DIES IN PRODUCTION, WHICH MEANS YOU WILL NEVER KNOW IF YOU'RE      !
!    LETTING YOUR USERS DOWN. YOU SHOULD ADD A HEALTHCHECK FOR EACH OF YOUR    !
!         APPLICATION'S DEPENDENCIES WHICH FULLY (BUT LIGHTLY) TESTS IT.       !
!!!!!!!!!!!!!!!!!!!!!!!!!!!!!!!!!!!!!!!!!!!!!!!!!!!!!!!!!!!!!!!!!!!!!!!!!!!!!!!!
!!!!!!!!!!!!!!!!!!!!!!!!!!!!!!!!!!!!!!!!!!!!!!!!!!!!!!!!!!!!!!!!!!!!!!!!!!!!!!!!
INFO  [2026-08-24 12:23:37,437] org.eclipse.jetty.server.handler.ContextHandler: Started i.d.j.MutableServletContextHandler@413eb0a6{/,null,AVAILABLE}
INFO  [2026-08-24 12:23:37,447] org.eclipse.jetty.server.AbstractConnector: Started application@71bc94fa{HTTP/1.1, (http/1.1)}{0.0.0.0:42375}
INFO  [2026-08-24 12:23:37,448] org.eclipse.jetty.server.AbstractConnector: Started admin@79cff8ab{HTTP/1.1, (http/1.1)}{0.0.0.0:46227}
INFO  [2026-08-24 12:23:37,448] org.eclipse.jetty.server.Server: Started @4980ms
127.0.0.1 - - [24/Aug/2026:12:23:37 +0000] "POST /dogs/pierre HTTP/1.1" 200 6 "-" "Jersey/2.32 (HttpUrlConnection 11.0.31)" 23
INFO  [2026-08-24 12:23:37,493] org.eclipse.jetty.server.AbstractConnector: Stopped application@71bc94fa{HTTP/1.1, (http/1.1)}{0.0.0.0:0}
INFO  [2026-08-24 12:23:37,493] org.eclipse.jetty.server.AbstractConnector: Stopped admin@79cff8ab{HTTP/1.1, (http/1.1)}{0.0.0.0:0}
INFO  [2026-08-24 12:23:37,494] org.eclipse.jetty.server.session: node0 Stopped scavenging
INFO  [2026-08-24 12:23:37,494] org.eclipse.jetty.server.handler.ContextHandler: Stopped i.d.j.MutableServletContextHandler@413eb0a6{/,null,STOPPED}
INFO  [2026-08-24 12:23:37,495] org.eclipse.jetty.server.handler.ContextHandler: Stopped i.d.j.MutableServletContextHandler@7f415ae0{/,null,STOPPED}
INFO  [2026-08-24 12:23:37,598] io.dropwizard.server.DefaultServerFactory: Registering jersey handler with root path prefix: /
INFO  [2026-08-24 12:23:37,598] io.dropwizard.server.DefaultServerFactory: Registering admin handler with root path prefix: /
INFO  [2026-08-24 12:23:37,599] io.dropwizard.server.ServerFactory: Starting App
INFO  [2026-08-24 12:23:37,602] org.eclipse.jetty.setuid.SetUIDListener: Opened application@748500f3{HTTP/1.1, (http/1.1)}{0.0.0.0:35975}
INFO  [2026-08-24 12:23:37,602] org.eclipse.jetty.setuid.SetUIDListener: Opened admin@192f1739{HTTP/1.1, (http/1.1)}{0.0.0.0:34051}
INFO  [2026-08-24 12:23:37,602] org.eclipse.jetty.server.Server: jetty-9.4.35.v20201120; built: 2020-11-20T21:17:03.964Z; git: bdc54f03a5e0a7e280fab27f55c3c75ee8da89fb; jvm 11.0.31+11-post-1ubuntu1-24.04.2-Ubuntu
INFO  [2026-08-24 12:23:37,603] org.eclipse.jetty.server.session: DefaultSessionIdManager workerName=node0
INFO  [2026-08-24 12:23:37,603] org.eclipse.jetty.server.session: No SessionScavenger set, using defaults
INFO  [2026-08-24 12:23:37,603] org.eclipse.jetty.server.session: node0 Scavenging every 600000ms
INFO  [2026-08-24 12:23:37,653] io.dropwizard.jersey.DropwizardResourceConfig: The following paths were found for the configured resources:

    GET     /dogs/{name} (org.pac4j.dropwizard.e2e.DogsResource)
    POST    /dogs/{name} (org.pac4j.dropwizard.e2e.DogsResource)

INFO  [2026-08-24 12:23:37,653] org.eclipse.jetty.server.handler.ContextHandler: Started i.d.j.MutableServletContextHandler@903646c{/,null,AVAILABLE}
INFO  [2026-08-24 12:23:37,654] io.dropwizard.setup.AdminEnvironment: tasks = 

    POST    /tasks/log-level (io.dropwizard.servlets.tasks.LogConfigurationTask)
    POST    /tasks/gc (io.dropwizard.servlets.tasks.GarbageCollectionTask)

WARN  [2026-08-24 12:23:37,654] io.dropwizard.setup.AdminEnvironment: 
!!!!!!!!!!!!!!!!!!!!!!!!!!!!!!!!!!!!!!!!!!!!!!!!!!!!!!!!!!!!!!!!!!!!!!!!!!!!!!!!
!!!!!!!!!!!!!!!!!!!!!!!!!!!!!!!!!!!!!!!!!!!!!!!!!!!!!!!!!!!!!!!!!!!!!!!!!!!!!!!!
!    THIS APPLICATION HAS NO HEALTHCHECKS. THIS MEANS YOU WILL NEVER KNOW      !
!     IF IT DIES IN PRODUCTION, WHICH MEANS YOU WILL NEVER KNOW IF YOU'RE      !
!    LETTING YOUR USERS DOWN. YOU SHOULD ADD A HEALTHCHECK FOR EACH OF YOUR    !
!         APPLICATION'S DEPENDENCIES WHICH FULLY (BUT LIGHTLY) TESTS IT.       !
!!!!!!!!!!!!!!!!!!!!!!!!!!!!!!!!!!!!!!!!!!!!!!!!!!!!!!!!!!!!!!!!!!!!!!!!!!!!!!!!
!!!!!!!!!!!!!!!!!!!!!!!!!!!!!!!!!!!!!!!!!!!!!!!!!!!!!!!!!!!!!!!!!!!!!!!!!!!!!!!!
INFO  [2026-08-24 12:23:37,654] org.eclipse.jetty.server.handler.ContextHandler: Started i.d.j.MutableServletContextHandler@3c086429{/,null,AVAILABLE}
INFO  [2026-08-24 12:23:37,664] org.eclipse.jetty.server.AbstractConnector: Started application@748500f3{HTTP/1.1, (http/1.1)}{0.0.0.0:35975}
INFO  [2026-08-24 12:23:37,665] org.eclipse.jetty.server.AbstractConnector: Started admin@192f1739{HTTP/1.1, (http/1.1)}{0.0.0.0:34051}
INFO  [2026-08-24 12:23:37,665] org.eclipse.jetty.server.Server: Started @5197ms
INFO  [2026-08-24 12:23:37,692] org.pac4j.http.client.direct.DirectBasicAuthClient: Failed to retrieve or validate credentials: Username : 'boy' does not match password
127.0.0.1 - - [24/Aug/2026:12:23:37 +0000] "GET /dogs/pierre HTTP/1.1" 401 0 "-" "Jersey/2.32 (HttpUrlConnection 11.0.31)" 14
INFO  [2026-08-24 12:23:37,699] org.eclipse.jetty.server.AbstractConnector: Stopped application@748500f3{HTTP/1.1, (http/1.1)}{0.0.0.0:0}
INFO  [2026-08-24 12:23:37,699] org.eclipse.jetty.server.AbstractConnector: Stopped admin@192f1739{HTTP/1.1, (http/1.1)}{0.0.0.0:0}
INFO  [2026-08-24 12:23:37,699] org.eclipse.jetty.server.session: node0 Stopped scavenging
INFO  [2026-08-24 12:23:37,699] org.eclipse.jetty.server.handler.ContextHandler: Stopped i.d.j.MutableServletContextHandler@3c086429{/,null,STOPPED}
INFO  [2026-08-24 12:23:37,701] org.eclipse.jetty.server.handler.ContextHandler: Stopped i.d.j.MutableServletContextHandler@903646c{/,null,STOPPED}
[INFO] Tests run: 3, Failures: 0, Errors: 0, Skipped: 0, Time elapsed: 0.657 s -- in org.pac4j.dropwizard.e2e.EndToEndTest
[INFO] Running org.pac4j.dropwizard.bundle.BundleFactoryTest
INFO  [2026-08-24 12:23:37,768] io.dropwizard.server.DefaultServerFactory: Registering jersey handler with root path prefix: /
INFO  [2026-08-24 12:23:37,768] io.dropwizard.server.DefaultServerFactory: Registering admin handler with root path prefix: /
INFO  [2026-08-24 12:23:37,768] io.dropwizard.server.ServerFactory: Starting App
INFO  [2026-08-24 12:23:37,771] org.eclipse.jetty.setuid.SetUIDListener: Opened application@6bd0cd96{HTTP/1.1, (http/1.1)}{0.0.0.0:34793}
INFO  [2026-08-24 12:23:37,772] org.eclipse.jetty.setuid.SetUIDListener: Opened admin@4fb3caaf{HTTP/1.1, (http/1.1)}{0.0.0.0:44181}
INFO  [2026-08-24 12:23:37,772] org.eclipse.jetty.server.Server: jetty-9.4.35.v20201120; built: 2020-11-20T21:17:03.964Z; git: bdc54f03a5e0a7e280fab27f55c3c75ee8da89fb; jvm 11.0.31+11-post-1ubuntu1-24.04.2-Ubuntu
INFO  [2026-08-24 12:23:37,772] org.eclipse.jetty.server.session: DefaultSessionIdManager workerName=node0
INFO  [2026-08-24 12:23:37,772] org.eclipse.jetty.server.session: No SessionScavenger set, using defaults
INFO  [2026-08-24 12:23:37,772] org.eclipse.jetty.server.session: node0 Scavenging every 660000ms
INFO  [2026-08-24 12:23:37,811] io.dropwizard.jersey.DropwizardResourceConfig: The following paths were found for the configured resources:

    NONE

INFO  [2026-08-24 12:23:37,812] org.eclipse.jetty.server.handler.ContextHandler: Started i.d.j.MutableServletContextHandler@18948e04{/,null,AVAILABLE}
INFO  [2026-08-24 12:23:37,812] io.dropwizard.setup.AdminEnvironment: tasks = 

    POST    /tasks/log-level (io.dropwizard.servlets.tasks.LogConfigurationTask)
    POST    /tasks/gc (io.dropwizard.servlets.tasks.GarbageCollectionTask)

WARN  [2026-08-24 12:23:37,812] io.dropwizard.setup.AdminEnvironment: 
!!!!!!!!!!!!!!!!!!!!!!!!!!!!!!!!!!!!!!!!!!!!!!!!!!!!!!!!!!!!!!!!!!!!!!!!!!!!!!!!
!!!!!!!!!!!!!!!!!!!!!!!!!!!!!!!!!!!!!!!!!!!!!!!!!!!!!!!!!!!!!!!!!!!!!!!!!!!!!!!!
!    THIS APPLICATION HAS NO HEALTHCHECKS. THIS MEANS YOU WILL NEVER KNOW      !
!     IF IT DIES IN PRODUCTION, WHICH MEANS YOU WILL NEVER KNOW IF YOU'RE      !
!    LETTING YOUR USERS DOWN. YOU SHOULD ADD A HEALTHCHECK FOR EACH OF YOUR    !
!         APPLICATION'S DEPENDENCIES WHICH FULLY (BUT LIGHTLY) TESTS IT.       !
!!!!!!!!!!!!!!!!!!!!!!!!!!!!!!!!!!!!!!!!!!!!!!!!!!!!!!!!!!!!!!!!!!!!!!!!!!!!!!!!
!!!!!!!!!!!!!!!!!!!!!!!!!!!!!!!!!!!!!!!!!!!!!!!!!!!!!!!!!!!!!!!!!!!!!!!!!!!!!!!!
INFO  [2026-08-24 12:23:37,813] org.eclipse.jetty.server.handler.ContextHandler: Started i.d.j.MutableServletContextHandler@4372faa3{/,null,AVAILABLE}
INFO  [2026-08-24 12:23:37,822] org.eclipse.jetty.server.AbstractConnector: Started application@6bd0cd96{HTTP/1.1, (http/1.1)}{0.0.0.0:34793}
INFO  [2026-08-24 12:23:37,823] org.eclipse.jetty.server.AbstractConnector: Started admin@4fb3caaf{HTTP/1.1, (http/1.1)}{0.0.0.0:44181}
INFO  [2026-08-24 12:23:37,823] org.eclipse.jetty.server.Server: Started @5355ms
INFO  [2026-08-24 12:23:37,841] org.eclipse.jetty.server.AbstractConnector: Stopped application@6bd0cd96{HTTP/1.1, (http/1.1)}{0.0.0.0:0}
INFO  [2026-08-24 12:23:37,842] org.eclipse.jetty.server.AbstractConnector: Stopped admin@4fb3caaf{HTTP/1.1, (http/1.1)}{0.0.0.0:0}
INFO  [2026-08-24 12:23:37,842] org.eclipse.jetty.server.session: node0 Stopped scavenging
INFO  [2026-08-24 12:23:37,842] org.eclipse.jetty.server.handler.ContextHandler: Stopped i.d.j.MutableServletContextHandler@4372faa3{/,null,STOPPED}
INFO  [2026-08-24 12:23:37,843] org.eclipse.jetty.server.handler.ContextHandler: Stopped i.d.j.MutableServletContextHandler@18948e04{/,null,STOPPED}
INFO  [2026-08-24 12:23:37,936] io.dropwizard.server.DefaultServerFactory: Registering jersey handler with root path prefix: /
INFO  [2026-08-24 12:23:37,936] io.dropwizard.server.DefaultServerFactory: Registering admin handler with root path prefix: /
INFO  [2026-08-24 12:23:37,936] io.dropwizard.server.ServerFactory: Starting App
INFO  [2026-08-24 12:23:37,941] org.eclipse.jetty.setuid.SetUIDListener: Opened application@63804977{HTTP/1.1, (http/1.1)}{0.0.0.0:35589}
INFO  [2026-08-24 12:23:37,941] org.eclipse.jetty.setuid.SetUIDListener: Opened admin@1df8663b{HTTP/1.1, (http/1.1)}{0.0.0.0:37245}
INFO  [2026-08-24 12:23:37,941] org.eclipse.jetty.server.Server: jetty-9.4.35.v20201120; built: 2020-11-20T21:17:03.964Z; git: bdc54f03a5e0a7e280fab27f55c3c75ee8da89fb; jvm 11.0.31+11-post-1ubuntu1-24.04.2-Ubuntu
INFO  [2026-08-24 12:23:38,000] io.dropwizard.jersey.DropwizardResourceConfig: The following paths were found for the configured resources:

    NONE

INFO  [2026-08-24 12:23:38,001] org.eclipse.jetty.server.handler.ContextHandler: Started i.d.j.MutableServletContextHandler@59350677{/,null,AVAILABLE}
INFO  [2026-08-24 12:23:38,002] io.dropwizard.setup.AdminEnvironment: tasks = 

    POST    /tasks/log-level (io.dropwizard.servlets.tasks.LogConfigurationTask)
    POST    /tasks/gc (io.dropwizard.servlets.tasks.GarbageCollectionTask)

WARN  [2026-08-24 12:23:38,002] io.dropwizard.setup.AdminEnvironment: 
!!!!!!!!!!!!!!!!!!!!!!!!!!!!!!!!!!!!!!!!!!!!!!!!!!!!!!!!!!!!!!!!!!!!!!!!!!!!!!!!
!!!!!!!!!!!!!!!!!!!!!!!!!!!!!!!!!!!!!!!!!!!!!!!!!!!!!!!!!!!!!!!!!!!!!!!!!!!!!!!!
!    THIS APPLICATION HAS NO HEALTHCHECKS. THIS MEANS YOU WILL NEVER KNOW      !
!     IF IT DIES IN PRODUCTION, WHICH MEANS YOU WILL NEVER KNOW IF YOU'RE      !
!    LETTING YOUR USERS DOWN. YOU SHOULD ADD A HEALTHCHECK FOR EACH OF YOUR    !
!         APPLICATION'S DEPENDENCIES WHICH FULLY (BUT LIGHTLY) TESTS IT.       !
!!!!!!!!!!!!!!!!!!!!!!!!!!!!!!!!!!!!!!!!!!!!!!!!!!!!!!!!!!!!!!!!!!!!!!!!!!!!!!!!
!!!!!!!!!!!!!!!!!!!!!!!!!!!!!!!!!!!!!!!!!!!!!!!!!!!!!!!!!!!!!!!!!!!!!!!!!!!!!!!!
INFO  [2026-08-24 12:23:38,003] org.eclipse.jetty.server.handler.ContextHandler: Started i.d.j.MutableServletContextHandler@68854409{/,null,AVAILABLE}
INFO  [2026-08-24 12:23:38,015] org.eclipse.jetty.server.AbstractConnector: Started application@63804977{HTTP/1.1, (http/1.1)}{0.0.0.0:35589}
INFO  [2026-08-24 12:23:38,017] org.eclipse.jetty.server.AbstractConnector: Started admin@1df8663b{HTTP/1.1, (http/1.1)}{0.0.0.0:37245}
INFO  [2026-08-24 12:23:38,017] org.eclipse.jetty.server.Server: Started @5548ms
INFO  [2026-08-24 12:23:38,021] org.eclipse.jetty.server.AbstractConnector: Stopped application@63804977{HTTP/1.1, (http/1.1)}{0.0.0.0:0}
INFO  [2026-08-24 12:23:38,021] org.eclipse.jetty.server.AbstractConnector: Stopped admin@1df8663b{HTTP/1.1, (http/1.1)}{0.0.0.0:0}
INFO  [2026-08-24 12:23:38,022] org.eclipse.jetty.server.handler.ContextHandler: Stopped i.d.j.MutableServletContextHandler@68854409{/,null,STOPPED}
INFO  [2026-08-24 12:23:38,023] org.eclipse.jetty.server.handler.ContextHandler: Stopped i.d.j.MutableServletContextHandler@59350677{/,null,STOPPED}
INFO  [2026-08-24 12:23:38,073] io.dropwizard.server.DefaultServerFactory: Registering jersey handler with root path prefix: /
INFO  [2026-08-24 12:23:38,073] io.dropwizard.server.DefaultServerFactory: Registering admin handler with root path prefix: /
INFO  [2026-08-24 12:23:38,073] io.dropwizard.server.ServerFactory: Starting App
INFO  [2026-08-24 12:23:38,075] org.eclipse.jetty.setuid.SetUIDListener: Opened application@148ee7e0{HTTP/1.1, (http/1.1)}{0.0.0.0:35695}
INFO  [2026-08-24 12:23:38,076] org.eclipse.jetty.setuid.SetUIDListener: Opened admin@d52ab92{HTTP/1.1, (http/1.1)}{0.0.0.0:45115}
INFO  [2026-08-24 12:23:38,076] org.eclipse.jetty.server.Server: jetty-9.4.35.v20201120; built: 2020-11-20T21:17:03.964Z; git: bdc54f03a5e0a7e280fab27f55c3c75ee8da89fb; jvm 11.0.31+11-post-1ubuntu1-24.04.2-Ubuntu
INFO  [2026-08-24 12:23:38,108] io.dropwizard.jersey.DropwizardResourceConfig: The following paths were found for the configured resources:

    NONE

INFO  [2026-08-24 12:23:38,109] org.eclipse.jetty.server.handler.ContextHandler: Started i.d.j.MutableServletContextHandler@158e1548{/,null,AVAILABLE}
INFO  [2026-08-24 12:23:38,109] io.dropwizard.setup.AdminEnvironment: tasks = 

    POST    /tasks/log-level (io.dropwizard.servlets.tasks.LogConfigurationTask)
    POST    /tasks/gc (io.dropwizard.servlets.tasks.GarbageCollectionTask)

WARN  [2026-08-24 12:23:38,109] io.dropwizard.setup.AdminEnvironment: 
!!!!!!!!!!!!!!!!!!!!!!!!!!!!!!!!!!!!!!!!!!!!!!!!!!!!!!!!!!!!!!!!!!!!!!!!!!!!!!!!
!!!!!!!!!!!!!!!!!!!!!!!!!!!!!!!!!!!!!!!!!!!!!!!!!!!!!!!!!!!!!!!!!!!!!!!!!!!!!!!!
!    THIS APPLICATION HAS NO HEALTHCHECKS. THIS MEANS YOU WILL NEVER KNOW      !
!     IF IT DIES IN PRODUCTION, WHICH MEANS YOU WILL NEVER KNOW IF YOU'RE      !
!    LETTING YOUR USERS DOWN. YOU SHOULD ADD A HEALTHCHECK FOR EACH OF YOUR    !
!         APPLICATION'S DEPENDENCIES WHICH FULLY (BUT LIGHTLY) TESTS IT.       !
!!!!!!!!!!!!!!!!!!!!!!!!!!!!!!!!!!!!!!!!!!!!!!!!!!!!!!!!!!!!!!!!!!!!!!!!!!!!!!!!
!!!!!!!!!!!!!!!!!!!!!!!!!!!!!!!!!!!!!!!!!!!!!!!!!!!!!!!!!!!!!!!!!!!!!!!!!!!!!!!!
INFO  [2026-08-24 12:23:38,109] org.eclipse.jetty.server.handler.ContextHandler: Started i.d.j.MutableServletContextHandler@4b42f207{/,null,AVAILABLE}
INFO  [2026-08-24 12:23:38,118] org.eclipse.jetty.server.AbstractConnector: Started application@148ee7e0{HTTP/1.1, (http/1.1)}{0.0.0.0:35695}
INFO  [2026-08-24 12:23:38,119] org.eclipse.jetty.server.AbstractConnector: Started admin@d52ab92{HTTP/1.1, (http/1.1)}{0.0.0.0:45115}
INFO  [2026-08-24 12:23:38,119] org.eclipse.jetty.server.Server: Started @5650ms
INFO  [2026-08-24 12:23:38,122] org.eclipse.jetty.server.AbstractConnector: Stopped application@148ee7e0{HTTP/1.1, (http/1.1)}{0.0.0.0:0}
INFO  [2026-08-24 12:23:38,123] org.eclipse.jetty.server.AbstractConnector: Stopped admin@d52ab92{HTTP/1.1, (http/1.1)}{0.0.0.0:0}
INFO  [2026-08-24 12:23:38,123] org.eclipse.jetty.server.handler.ContextHandler: Stopped i.d.j.MutableServletContextHandler@4b42f207{/,null,STOPPED}
INFO  [2026-08-24 12:23:38,124] org.eclipse.jetty.server.handler.ContextHandler: Stopped i.d.j.MutableServletContextHandler@158e1548{/,null,STOPPED}
INFO  [2026-08-24 12:23:38,187] io.dropwizard.server.DefaultServerFactory: Registering jersey handler with root path prefix: /
INFO  [2026-08-24 12:23:38,188] io.dropwizard.server.DefaultServerFactory: Registering admin handler with root path prefix: /
INFO  [2026-08-24 12:23:38,188] io.dropwizard.server.ServerFactory: Starting App
INFO  [2026-08-24 12:23:38,191] org.eclipse.jetty.setuid.SetUIDListener: Opened application@2941a47d{HTTP/1.1, (http/1.1)}{0.0.0.0:36601}
INFO  [2026-08-24 12:23:38,191] org.eclipse.jetty.setuid.SetUIDListener: Opened admin@7e8abafc{HTTP/1.1, (http/1.1)}{0.0.0.0:38343}
INFO  [2026-08-24 12:23:38,191] org.eclipse.jetty.server.Server: jetty-9.4.35.v20201120; built: 2020-11-20T21:17:03.964Z; git: bdc54f03a5e0a7e280fab27f55c3c75ee8da89fb; jvm 11.0.31+11-post-1ubuntu1-24.04.2-Ubuntu
INFO  [2026-08-24 12:23:38,191] org.eclipse.jetty.server.session: DefaultSessionIdManager workerName=node0
INFO  [2026-08-24 12:23:38,192] org.eclipse.jetty.server.session: No SessionScavenger set, using defaults
INFO  [2026-08-24 12:23:38,192] org.eclipse.jetty.server.session: node0 Scavenging every 660000ms
INFO  [2026-08-24 12:23:38,243] io.dropwizard.jersey.DropwizardResourceConfig: The following paths were found for the configured resources:

    NONE

INFO  [2026-08-24 12:23:38,243] org.eclipse.jetty.server.handler.ContextHandler: Started i.d.j.MutableServletContextHandler@2b73e956{/,null,AVAILABLE}
INFO  [2026-08-24 12:23:38,244] io.dropwizard.setup.AdminEnvironment: tasks = 

    POST    /tasks/log-level (io.dropwizard.servlets.tasks.LogConfigurationTask)
    POST    /tasks/gc (io.dropwizard.servlets.tasks.GarbageCollectionTask)

WARN  [2026-08-24 12:23:38,244] io.dropwizard.setup.AdminEnvironment: 
!!!!!!!!!!!!!!!!!!!!!!!!!!!!!!!!!!!!!!!!!!!!!!!!!!!!!!!!!!!!!!!!!!!!!!!!!!!!!!!!
!!!!!!!!!!!!!!!!!!!!!!!!!!!!!!!!!!!!!!!!!!!!!!!!!!!!!!!!!!!!!!!!!!!!!!!!!!!!!!!!
!    THIS APPLICATION HAS NO HEALTHCHECKS. THIS MEANS YOU WILL NEVER KNOW      !
!     IF IT DIES IN PRODUCTION, WHICH MEANS YOU WILL NEVER KNOW IF YOU'RE      !
!    LETTING YOUR USERS DOWN. YOU SHOULD ADD A HEALTHCHECK FOR EACH OF YOUR    !
!         APPLICATION'S DEPENDENCIES WHICH FULLY (BUT LIGHTLY) TESTS IT.       !
!!!!!!!!!!!!!!!!!!!!!!!!!!!!!!!!!!!!!!!!!!!!!!!!!!!!!!!!!!!!!!!!!!!!!!!!!!!!!!!!
!!!!!!!!!!!!!!!!!!!!!!!!!!!!!!!!!!!!!!!!!!!!!!!!!!!!!!!!!!!!!!!!!!!!!!!!!!!!!!!!
INFO  [2026-08-24 12:23:38,244] org.eclipse.jetty.server.handler.ContextHandler: Started i.d.j.MutableServletContextHandler@5e31df0a{/,null,AVAILABLE}
INFO  [2026-08-24 12:23:38,253] org.eclipse.jetty.server.AbstractConnector: Started application@2941a47d{HTTP/1.1, (http/1.1)}{0.0.0.0:36601}
INFO  [2026-08-24 12:23:38,255] org.eclipse.jetty.server.AbstractConnector: Started admin@7e8abafc{HTTP/1.1, (http/1.1)}{0.0.0.0:38343}
INFO  [2026-08-24 12:23:38,255] org.eclipse.jetty.server.Server: Started @5786ms
INFO  [2026-08-24 12:23:38,259] org.eclipse.jetty.server.AbstractConnector: Stopped application@2941a47d{HTTP/1.1, (http/1.1)}{0.0.0.0:0}
INFO  [2026-08-24 12:23:38,259] org.eclipse.jetty.server.AbstractConnector: Stopped admin@7e8abafc{HTTP/1.1, (http/1.1)}{0.0.0.0:0}
INFO  [2026-08-24 12:23:38,260] org.eclipse.jetty.server.session: node0 Stopped scavenging
INFO  [2026-08-24 12:23:38,260] org.eclipse.jetty.server.handler.ContextHandler: Stopped i.d.j.MutableServletContextHandler@5e31df0a{/,null,STOPPED}
INFO  [2026-08-24 12:23:38,261] org.eclipse.jetty.server.handler.ContextHandler: Stopped i.d.j.MutableServletContextHandler@2b73e956{/,null,STOPPED}
[INFO] Tests run: 4, Failures: 0, Errors: 0, Skipped: 0, Time elapsed: 0.554 s -- in org.pac4j.dropwizard.bundle.BundleFactoryTest
[INFO] Running org.pac4j.dropwizard.factory.DefaultConfigurationTest
WARN  [2026-08-24 20:23:38,846] org.pac4j.core.matching.matcher.PathMatcher: Be careful when using the 'excludeBranch' or 'excludeRegex' methods. They use regular expressions and their definitions may be error prone. You could exclude more URLs than expected.
INFO  [2026-08-24 20:23:38,879] org.pac4j.core.config.ConfigBuilder: Build the configuration from factory: org.pac4j.dropwizard.factory.FakeConfigFactory
[INFO] Tests run: 6, Failures: 0, Errors: 0, Skipped: 0, Time elapsed: 0.675 s -- in org.pac4j.dropwizard.factory.DefaultConfigurationTest
[INFO] 
[INFO] Results:
[INFO] 
[INFO] Tests run: 16, Failures: 0, Errors: 0, Skipped: 0
[INFO] 
[INFO] ------------------------------------------------------------------------
[INFO] BUILD SUCCESS
[INFO] ------------------------------------------------------------------------
[INFO] Total time:  18.483 s
[INFO] Finished at: 2026-08-24T20:23:39+08:00
[INFO] ------------------------------------------------------------------------
