[INFO] Scanning for projects...
[INFO] 
[INFO] ---------------------< org.pac4j:dropwizard-pac4j >---------------------
[INFO] Building Dropwizard pac4j Support 5.0.1-SNAPSHOT
[INFO]   from pom.xml
[INFO] --------------------------------[ jar ]---------------------------------
[INFO] 
[INFO] --- enforcer:3.0.0-M3:enforce (enforce-maven) @ dropwizard-pac4j ---
[INFO] 
[INFO] --- enforcer:3.0.0-M3:enforce (dependency-convergence) @ dropwizard-pac4j ---
[INFO] 
[INFO] --- resources:3.3.1:resources (default-resources) @ dropwizard-pac4j ---
[INFO] skip non existing resourceDirectory /tmp/jackson-a3-2114/dropwizard/src/main/resources
[INFO] 
[INFO] --- compiler:3.10.1:compile (default-compile) @ dropwizard-pac4j ---
[INFO] Changes detected - recompiling the module!
[INFO] Compiling 7 source files to /tmp/jackson-a3-2114/dropwizard/target/classes
[INFO] 
[INFO] >>> pmd:3.14.0:check (run-pmd) > :pmd @ dropwizard-pac4j >>>
[INFO] 
[INFO] --- pmd:3.14.0:pmd (pmd) @ dropwizard-pac4j ---
[WARNING] Unable to locate Source XRef to link to - DISABLED
[WARNING] Unable to locate Source XRef to link to - DISABLED
[WARNING] Unable to locate Source XRef to link to - DISABLED
[INFO] 
[INFO] <<< pmd:3.14.0:check (run-pmd) < :pmd @ dropwizard-pac4j <<<
[INFO] 
[INFO] 
[INFO] --- pmd:3.14.0:check (run-pmd) @ dropwizard-pac4j ---
[INFO] PMD version: 6.29.0
[INFO] 
[INFO] 
[INFO] --- resources:3.3.1:testResources (default-testResources) @ dropwizard-pac4j ---
[INFO] Copying 10 resources from src/test/resources to target/test-classes
[INFO] 
[INFO] --- compiler:3.10.1:testCompile (default-testCompile) @ dropwizard-pac4j ---
[INFO] Changes detected - recompiling the module!
[INFO] Compiling 9 source files to /tmp/jackson-a3-2114/dropwizard/target/test-classes
[INFO] /tmp/jackson-a3-2114/dropwizard/src/test/java/org/pac4j/dropwizard/factory/FakeConfigFactory.java: /tmp/jackson-a3-2114/dropwizard/src/test/java/org/pac4j/dropwizard/factory/FakeConfigFactory.java uses unchecked or unsafe operations.
[INFO] /tmp/jackson-a3-2114/dropwizard/src/test/java/org/pac4j/dropwizard/factory/FakeConfigFactory.java: Recompile with -Xlint:unchecked for details.
[INFO] 
[INFO] --- surefire:3.2.5:test (default-test) @ dropwizard-pac4j ---
[INFO] Using auto detected provider org.apache.maven.surefire.junit4.JUnit4Provider
[INFO] 
[INFO] -------------------------------------------------------
[INFO]  T E S T S
[INFO] -------------------------------------------------------
[INFO] Running org.pac4j.dropwizard.e2e.EndToEndServletTest
INFO  [2026-08-24 12:27:19,963] io.dropwizard.server.DefaultServerFactory: Registering jersey handler with root path prefix: /
INFO  [2026-08-24 12:27:19,973] io.dropwizard.server.DefaultServerFactory: Registering admin handler with root path prefix: /
INFO  [2026-08-24 12:27:20,054] io.dropwizard.server.ServerFactory: Starting App
INFO  [2026-08-24 12:27:20,120] org.eclipse.jetty.setuid.SetUIDListener: Opened application@43da41e{HTTP/1.1, (http/1.1)}{0.0.0.0:45361}
INFO  [2026-08-24 12:27:20,120] org.eclipse.jetty.setuid.SetUIDListener: Opened admin@148c7c4b{HTTP/1.1, (http/1.1)}{0.0.0.0:32995}
INFO  [2026-08-24 12:27:20,122] org.eclipse.jetty.server.Server: jetty-9.4.35.v20201120; built: 2020-11-20T21:17:03.964Z; git: bdc54f03a5e0a7e280fab27f55c3c75ee8da89fb; jvm 11.0.31+11-post-1ubuntu1-24.04.2-Ubuntu
INFO  [2026-08-24 12:27:20,132] org.eclipse.jetty.server.session: DefaultSessionIdManager workerName=node0
INFO  [2026-08-24 12:27:20,132] org.eclipse.jetty.server.session: No SessionScavenger set, using defaults
INFO  [2026-08-24 12:27:20,134] org.eclipse.jetty.server.session: node0 Scavenging every 600000ms
INFO  [2026-08-24 12:27:20,542] io.dropwizard.jersey.DropwizardResourceConfig: The following paths were found for the configured resources:

    GET     /dogs/{name} (org.pac4j.dropwizard.e2e.DogsResource)
    POST    /dogs/{name} (org.pac4j.dropwizard.e2e.DogsResource)

INFO  [2026-08-24 12:27:20,544] org.eclipse.jetty.server.handler.ContextHandler: Started i.d.j.MutableServletContextHandler@d88f893{/,null,AVAILABLE}
INFO  [2026-08-24 12:27:20,545] io.dropwizard.setup.AdminEnvironment: tasks = 

    POST    /tasks/log-level (io.dropwizard.servlets.tasks.LogConfigurationTask)
    POST    /tasks/gc (io.dropwizard.servlets.tasks.GarbageCollectionTask)

WARN  [2026-08-24 12:27:20,546] io.dropwizard.setup.AdminEnvironment: 
!!!!!!!!!!!!!!!!!!!!!!!!!!!!!!!!!!!!!!!!!!!!!!!!!!!!!!!!!!!!!!!!!!!!!!!!!!!!!!!!
!!!!!!!!!!!!!!!!!!!!!!!!!!!!!!!!!!!!!!!!!!!!!!!!!!!!!!!!!!!!!!!!!!!!!!!!!!!!!!!!
!    THIS APPLICATION HAS NO HEALTHCHECKS. THIS MEANS YOU WILL NEVER KNOW      !
!     IF IT DIES IN PRODUCTION, WHICH MEANS YOU WILL NEVER KNOW IF YOU'RE      !
!    LETTING YOUR USERS DOWN. YOU SHOULD ADD A HEALTHCHECK FOR EACH OF YOUR    !
!         APPLICATION'S DEPENDENCIES WHICH FULLY (BUT LIGHTLY) TESTS IT.       !
!!!!!!!!!!!!!!!!!!!!!!!!!!!!!!!!!!!!!!!!!!!!!!!!!!!!!!!!!!!!!!!!!!!!!!!!!!!!!!!!
!!!!!!!!!!!!!!!!!!!!!!!!!!!!!!!!!!!!!!!!!!!!!!!!!!!!!!!!!!!!!!!!!!!!!!!!!!!!!!!!
INFO  [2026-08-24 12:27:20,546] org.eclipse.jetty.server.handler.ContextHandler: Started i.d.j.MutableServletContextHandler@ca8ef3a{/,null,AVAILABLE}
INFO  [2026-08-24 12:27:20,602] org.eclipse.jetty.server.AbstractConnector: Started application@43da41e{HTTP/1.1, (http/1.1)}{0.0.0.0:45361}
INFO  [2026-08-24 12:27:20,604] org.eclipse.jetty.server.AbstractConnector: Started admin@148c7c4b{HTTP/1.1, (http/1.1)}{0.0.0.0:32995}
INFO  [2026-08-24 12:27:20,604] org.eclipse.jetty.server.Server: Started @1936ms
127.0.0.1 - - [24/Aug/2026:12:27:20 +0000] "GET /dogs/pierre HTTP/1.1" 200 6 "-" "Jersey/2.32 (HttpUrlConnection 11.0.31)" 85
INFO  [2026-08-24 12:27:20,960] org.eclipse.jetty.server.AbstractConnector: Stopped application@43da41e{HTTP/1.1, (http/1.1)}{0.0.0.0:0}
INFO  [2026-08-24 12:27:20,961] org.eclipse.jetty.server.AbstractConnector: Stopped admin@148c7c4b{HTTP/1.1, (http/1.1)}{0.0.0.0:0}
INFO  [2026-08-24 12:27:20,961] org.eclipse.jetty.server.session: node0 Stopped scavenging
INFO  [2026-08-24 12:27:20,962] org.eclipse.jetty.server.handler.ContextHandler: Stopped i.d.j.MutableServletContextHandler@ca8ef3a{/,null,STOPPED}
INFO  [2026-08-24 12:27:20,969] org.eclipse.jetty.server.handler.ContextHandler: Stopped i.d.j.MutableServletContextHandler@d88f893{/,null,STOPPED}
INFO  [2026-08-24 12:27:21,085] io.dropwizard.server.DefaultServerFactory: Registering jersey handler with root path prefix: /
INFO  [2026-08-24 12:27:21,085] io.dropwizard.server.DefaultServerFactory: Registering admin handler with root path prefix: /
INFO  [2026-08-24 12:27:21,086] io.dropwizard.server.ServerFactory: Starting App
INFO  [2026-08-24 12:27:21,089] org.eclipse.jetty.setuid.SetUIDListener: Opened application@cbd40c1{HTTP/1.1, (http/1.1)}{0.0.0.0:33017}
INFO  [2026-08-24 12:27:21,089] org.eclipse.jetty.setuid.SetUIDListener: Opened admin@4fa86cb8{HTTP/1.1, (http/1.1)}{0.0.0.0:43731}
INFO  [2026-08-24 12:27:21,089] org.eclipse.jetty.server.Server: jetty-9.4.35.v20201120; built: 2020-11-20T21:17:03.964Z; git: bdc54f03a5e0a7e280fab27f55c3c75ee8da89fb; jvm 11.0.31+11-post-1ubuntu1-24.04.2-Ubuntu
INFO  [2026-08-24 12:27:21,090] org.eclipse.jetty.server.session: DefaultSessionIdManager workerName=node0
INFO  [2026-08-24 12:27:21,090] org.eclipse.jetty.server.session: No SessionScavenger set, using defaults
INFO  [2026-08-24 12:27:21,090] org.eclipse.jetty.server.session: node0 Scavenging every 660000ms
INFO  [2026-08-24 12:27:21,159] io.dropwizard.jersey.DropwizardResourceConfig: The following paths were found for the configured resources:

    GET     /dogs/{name} (org.pac4j.dropwizard.e2e.DogsResource)
    POST    /dogs/{name} (org.pac4j.dropwizard.e2e.DogsResource)

INFO  [2026-08-24 12:27:21,159] org.eclipse.jetty.server.handler.ContextHandler: Started i.d.j.MutableServletContextHandler@40d848f9{/,null,AVAILABLE}
INFO  [2026-08-24 12:27:21,160] io.dropwizard.setup.AdminEnvironment: tasks = 

    POST    /tasks/log-level (io.dropwizard.servlets.tasks.LogConfigurationTask)
    POST    /tasks/gc (io.dropwizard.servlets.tasks.GarbageCollectionTask)

WARN  [2026-08-24 12:27:21,160] io.dropwizard.setup.AdminEnvironment: 
!!!!!!!!!!!!!!!!!!!!!!!!!!!!!!!!!!!!!!!!!!!!!!!!!!!!!!!!!!!!!!!!!!!!!!!!!!!!!!!!
!!!!!!!!!!!!!!!!!!!!!!!!!!!!!!!!!!!!!!!!!!!!!!!!!!!!!!!!!!!!!!!!!!!!!!!!!!!!!!!!
!    THIS APPLICATION HAS NO HEALTHCHECKS. THIS MEANS YOU WILL NEVER KNOW      !
!     IF IT DIES IN PRODUCTION, WHICH MEANS YOU WILL NEVER KNOW IF YOU'RE      !
!    LETTING YOUR USERS DOWN. YOU SHOULD ADD A HEALTHCHECK FOR EACH OF YOUR    !
!         APPLICATION'S DEPENDENCIES WHICH FULLY (BUT LIGHTLY) TESTS IT.       !
!!!!!!!!!!!!!!!!!!!!!!!!!!!!!!!!!!!!!!!!!!!!!!!!!!!!!!!!!!!!!!!!!!!!!!!!!!!!!!!!
!!!!!!!!!!!!!!!!!!!!!!!!!!!!!!!!!!!!!!!!!!!!!!!!!!!!!!!!!!!!!!!!!!!!!!!!!!!!!!!!
INFO  [2026-08-24 12:27:21,160] org.eclipse.jetty.server.handler.ContextHandler: Started i.d.j.MutableServletContextHandler@7d3691e1{/,null,AVAILABLE}
INFO  [2026-08-24 12:27:21,177] org.eclipse.jetty.server.AbstractConnector: Started application@cbd40c1{HTTP/1.1, (http/1.1)}{0.0.0.0:33017}
INFO  [2026-08-24 12:27:21,178] org.eclipse.jetty.server.AbstractConnector: Started admin@4fa86cb8{HTTP/1.1, (http/1.1)}{0.0.0.0:43731}
INFO  [2026-08-24 12:27:21,178] org.eclipse.jetty.server.Server: Started @2510ms
WARN  [2026-08-24 12:27:21,214] org.glassfish.jersey.servlet.WebComponent: A servlet request to the URI http://localhost:33017/dogs/pierre contains form parameters in the request body but the request body has been consumed by the servlet or a servlet filter accessing the request parameters. Only resource methods using @FormParam will work as expected. Resource methods consuming the request body by other means will not work as expected.
127.0.0.1 - - [24/Aug/2026:12:27:21 +0000] "POST /dogs/pierre HTTP/1.1" 200 6 "-" "Jersey/2.32 (HttpUrlConnection 11.0.31)" 13
INFO  [2026-08-24 12:27:21,228] org.eclipse.jetty.server.AbstractConnector: Stopped application@cbd40c1{HTTP/1.1, (http/1.1)}{0.0.0.0:0}
INFO  [2026-08-24 12:27:21,229] org.eclipse.jetty.server.AbstractConnector: Stopped admin@4fa86cb8{HTTP/1.1, (http/1.1)}{0.0.0.0:0}
INFO  [2026-08-24 12:27:21,229] org.eclipse.jetty.server.session: node0 Stopped scavenging
INFO  [2026-08-24 12:27:21,229] org.eclipse.jetty.server.handler.ContextHandler: Stopped i.d.j.MutableServletContextHandler@7d3691e1{/,null,STOPPED}
INFO  [2026-08-24 12:27:21,230] org.eclipse.jetty.server.handler.ContextHandler: Stopped i.d.j.MutableServletContextHandler@40d848f9{/,null,STOPPED}
INFO  [2026-08-24 12:27:21,314] io.dropwizard.server.DefaultServerFactory: Registering jersey handler with root path prefix: /
INFO  [2026-08-24 12:27:21,314] io.dropwizard.server.DefaultServerFactory: Registering admin handler with root path prefix: /
INFO  [2026-08-24 12:27:21,316] io.dropwizard.server.ServerFactory: Starting App
INFO  [2026-08-24 12:27:21,318] org.eclipse.jetty.setuid.SetUIDListener: Opened application@5b8853{HTTP/1.1, (http/1.1)}{0.0.0.0:45745}
INFO  [2026-08-24 12:27:21,318] org.eclipse.jetty.setuid.SetUIDListener: Opened admin@1b8aaeab{HTTP/1.1, (http/1.1)}{0.0.0.0:44749}
INFO  [2026-08-24 12:27:21,318] org.eclipse.jetty.server.Server: jetty-9.4.35.v20201120; built: 2020-11-20T21:17:03.964Z; git: bdc54f03a5e0a7e280fab27f55c3c75ee8da89fb; jvm 11.0.31+11-post-1ubuntu1-24.04.2-Ubuntu
INFO  [2026-08-24 12:27:21,319] org.eclipse.jetty.server.session: DefaultSessionIdManager workerName=node0
INFO  [2026-08-24 12:27:21,319] org.eclipse.jetty.server.session: No SessionScavenger set, using defaults
INFO  [2026-08-24 12:27:21,319] org.eclipse.jetty.server.session: node0 Scavenging every 600000ms
INFO  [2026-08-24 12:27:21,376] io.dropwizard.jersey.DropwizardResourceConfig: The following paths were found for the configured resources:

    GET     /dogs/{name} (org.pac4j.dropwizard.e2e.DogsResource)
    POST    /dogs/{name} (org.pac4j.dropwizard.e2e.DogsResource)

INFO  [2026-08-24 12:27:21,376] org.eclipse.jetty.server.handler.ContextHandler: Started i.d.j.MutableServletContextHandler@13f40d71{/,null,AVAILABLE}
INFO  [2026-08-24 12:27:21,377] io.dropwizard.setup.AdminEnvironment: tasks = 

    POST    /tasks/log-level (io.dropwizard.servlets.tasks.LogConfigurationTask)
    POST    /tasks/gc (io.dropwizard.servlets.tasks.GarbageCollectionTask)

WARN  [2026-08-24 12:27:21,377] io.dropwizard.setup.AdminEnvironment: 
!!!!!!!!!!!!!!!!!!!!!!!!!!!!!!!!!!!!!!!!!!!!!!!!!!!!!!!!!!!!!!!!!!!!!!!!!!!!!!!!
!!!!!!!!!!!!!!!!!!!!!!!!!!!!!!!!!!!!!!!!!!!!!!!!!!!!!!!!!!!!!!!!!!!!!!!!!!!!!!!!
!    THIS APPLICATION HAS NO HEALTHCHECKS. THIS MEANS YOU WILL NEVER KNOW      !
!     IF IT DIES IN PRODUCTION, WHICH MEANS YOU WILL NEVER KNOW IF YOU'RE      !
!    LETTING YOUR USERS DOWN. YOU SHOULD ADD A HEALTHCHECK FOR EACH OF YOUR    !
!         APPLICATION'S DEPENDENCIES WHICH FULLY (BUT LIGHTLY) TESTS IT.       !
!!!!!!!!!!!!!!!!!!!!!!!!!!!!!!!!!!!!!!!!!!!!!!!!!!!!!!!!!!!!!!!!!!!!!!!!!!!!!!!!
!!!!!!!!!!!!!!!!!!!!!!!!!!!!!!!!!!!!!!!!!!!!!!!!!!!!!!!!!!!!!!!!!!!!!!!!!!!!!!!!
INFO  [2026-08-24 12:27:21,377] org.eclipse.jetty.server.handler.ContextHandler: Started i.d.j.MutableServletContextHandler@18a98913{/,null,AVAILABLE}
INFO  [2026-08-24 12:27:21,392] org.eclipse.jetty.server.AbstractConnector: Started application@5b8853{HTTP/1.1, (http/1.1)}{0.0.0.0:45745}
INFO  [2026-08-24 12:27:21,393] org.eclipse.jetty.server.AbstractConnector: Started admin@1b8aaeab{HTTP/1.1, (http/1.1)}{0.0.0.0:44749}
INFO  [2026-08-24 12:27:21,394] org.eclipse.jetty.server.Server: Started @2725ms
INFO  [2026-08-24 12:27:21,413] org.pac4j.http.client.direct.DirectBasicAuthClient: Failed to retrieve or validate credentials: Username : 'boy' does not match password
127.0.0.1 - - [24/Aug/2026:12:27:21 +0000] "GET /dogs/pierre HTTP/1.1" 401 0 "-" "Jersey/2.32 (HttpUrlConnection 11.0.31)" 5
INFO  [2026-08-24 12:27:21,425] org.eclipse.jetty.server.AbstractConnector: Stopped application@5b8853{HTTP/1.1, (http/1.1)}{0.0.0.0:0}
INFO  [2026-08-24 12:27:21,425] org.eclipse.jetty.server.AbstractConnector: Stopped admin@1b8aaeab{HTTP/1.1, (http/1.1)}{0.0.0.0:0}
INFO  [2026-08-24 12:27:21,425] org.eclipse.jetty.server.session: node0 Stopped scavenging
INFO  [2026-08-24 12:27:21,425] org.eclipse.jetty.server.handler.ContextHandler: Stopped i.d.j.MutableServletContextHandler@18a98913{/,null,STOPPED}
INFO  [2026-08-24 12:27:21,427] org.eclipse.jetty.server.handler.ContextHandler: Stopped i.d.j.MutableServletContextHandler@13f40d71{/,null,STOPPED}
[INFO] Tests run: 3, Failures: 0, Errors: 0, Skipped: 0, Time elapsed: 2.539 s -- in org.pac4j.dropwizard.e2e.EndToEndServletTest
[INFO] Running org.pac4j.dropwizard.e2e.EndToEndTest
INFO  [2026-08-24 12:27:21,538] io.dropwizard.server.DefaultServerFactory: Registering jersey handler with root path prefix: /
INFO  [2026-08-24 12:27:21,538] io.dropwizard.server.DefaultServerFactory: Registering admin handler with root path prefix: /
INFO  [2026-08-24 12:27:21,540] io.dropwizard.server.ServerFactory: Starting App
INFO  [2026-08-24 12:27:21,543] org.eclipse.jetty.setuid.SetUIDListener: Opened application@55421b8d{HTTP/1.1, (http/1.1)}{0.0.0.0:34779}
INFO  [2026-08-24 12:27:21,543] org.eclipse.jetty.setuid.SetUIDListener: Opened admin@24a04257{HTTP/1.1, (http/1.1)}{0.0.0.0:42261}
INFO  [2026-08-24 12:27:21,543] org.eclipse.jetty.server.Server: jetty-9.4.35.v20201120; built: 2020-11-20T21:17:03.964Z; git: bdc54f03a5e0a7e280fab27f55c3c75ee8da89fb; jvm 11.0.31+11-post-1ubuntu1-24.04.2-Ubuntu
INFO  [2026-08-24 12:27:21,544] org.eclipse.jetty.server.session: DefaultSessionIdManager workerName=node0
INFO  [2026-08-24 12:27:21,544] org.eclipse.jetty.server.session: No SessionScavenger set, using defaults
INFO  [2026-08-24 12:27:21,544] org.eclipse.jetty.server.session: node0 Scavenging every 660000ms
INFO  [2026-08-24 12:27:21,591] io.dropwizard.jersey.DropwizardResourceConfig: The following paths were found for the configured resources:

    GET     /dogs/{name} (org.pac4j.dropwizard.e2e.DogsResource)
    POST    /dogs/{name} (org.pac4j.dropwizard.e2e.DogsResource)

INFO  [2026-08-24 12:27:21,592] org.eclipse.jetty.server.handler.ContextHandler: Started i.d.j.MutableServletContextHandler@1de5cc88{/,null,AVAILABLE}
INFO  [2026-08-24 12:27:21,592] io.dropwizard.setup.AdminEnvironment: tasks = 

    POST    /tasks/log-level (io.dropwizard.servlets.tasks.LogConfigurationTask)
    POST    /tasks/gc (io.dropwizard.servlets.tasks.GarbageCollectionTask)

WARN  [2026-08-24 12:27:21,592] io.dropwizard.setup.AdminEnvironment: 
!!!!!!!!!!!!!!!!!!!!!!!!!!!!!!!!!!!!!!!!!!!!!!!!!!!!!!!!!!!!!!!!!!!!!!!!!!!!!!!!
!!!!!!!!!!!!!!!!!!!!!!!!!!!!!!!!!!!!!!!!!!!!!!!!!!!!!!!!!!!!!!!!!!!!!!!!!!!!!!!!
!    THIS APPLICATION HAS NO HEALTHCHECKS. THIS MEANS YOU WILL NEVER KNOW      !
!     IF IT DIES IN PRODUCTION, WHICH MEANS YOU WILL NEVER KNOW IF YOU'RE      !
!    LETTING YOUR USERS DOWN. YOU SHOULD ADD A HEALTHCHECK FOR EACH OF YOUR    !
!         APPLICATION'S DEPENDENCIES WHICH FULLY (BUT LIGHTLY) TESTS IT.       !
!!!!!!!!!!!!!!!!!!!!!!!!!!!!!!!!!!!!!!!!!!!!!!!!!!!!!!!!!!!!!!!!!!!!!!!!!!!!!!!!
!!!!!!!!!!!!!!!!!!!!!!!!!!!!!!!!!!!!!!!!!!!!!!!!!!!!!!!!!!!!!!!!!!!!!!!!!!!!!!!!
INFO  [2026-08-24 12:27:21,593] org.eclipse.jetty.server.handler.ContextHandler: Started i.d.j.MutableServletContextHandler@2d4fb0d8{/,null,AVAILABLE}
INFO  [2026-08-24 12:27:21,606] org.eclipse.jetty.server.AbstractConnector: Started application@55421b8d{HTTP/1.1, (http/1.1)}{0.0.0.0:34779}
INFO  [2026-08-24 12:27:21,608] org.eclipse.jetty.server.AbstractConnector: Started admin@24a04257{HTTP/1.1, (http/1.1)}{0.0.0.0:42261}
INFO  [2026-08-24 12:27:21,608] org.eclipse.jetty.server.Server: Started @2940ms
127.0.0.1 - - [24/Aug/2026:12:27:21 +0000] "GET /dogs/pierre HTTP/1.1" 200 6 "-" "Jersey/2.32 (HttpUrlConnection 11.0.31)" 23
INFO  [2026-08-24 12:27:21,652] org.eclipse.jetty.server.AbstractConnector: Stopped application@55421b8d{HTTP/1.1, (http/1.1)}{0.0.0.0:0}
INFO  [2026-08-24 12:27:21,652] org.eclipse.jetty.server.AbstractConnector: Stopped admin@24a04257{HTTP/1.1, (http/1.1)}{0.0.0.0:0}
INFO  [2026-08-24 12:27:21,652] org.eclipse.jetty.server.session: node0 Stopped scavenging
INFO  [2026-08-24 12:27:21,652] org.eclipse.jetty.server.handler.ContextHandler: Stopped i.d.j.MutableServletContextHandler@2d4fb0d8{/,null,STOPPED}
INFO  [2026-08-24 12:27:21,654] org.eclipse.jetty.server.handler.ContextHandler: Stopped i.d.j.MutableServletContextHandler@1de5cc88{/,null,STOPPED}
INFO  [2026-08-24 12:27:21,715] io.dropwizard.server.DefaultServerFactory: Registering jersey handler with root path prefix: /
INFO  [2026-08-24 12:27:21,715] io.dropwizard.server.DefaultServerFactory: Registering admin handler with root path prefix: /
INFO  [2026-08-24 12:27:21,716] io.dropwizard.server.ServerFactory: Starting App
INFO  [2026-08-24 12:27:21,719] org.eclipse.jetty.setuid.SetUIDListener: Opened application@2154652c{HTTP/1.1, (http/1.1)}{0.0.0.0:35911}
INFO  [2026-08-24 12:27:21,719] org.eclipse.jetty.setuid.SetUIDListener: Opened admin@8b670c0{HTTP/1.1, (http/1.1)}{0.0.0.0:34183}
INFO  [2026-08-24 12:27:21,719] org.eclipse.jetty.server.Server: jetty-9.4.35.v20201120; built: 2020-11-20T21:17:03.964Z; git: bdc54f03a5e0a7e280fab27f55c3c75ee8da89fb; jvm 11.0.31+11-post-1ubuntu1-24.04.2-Ubuntu
INFO  [2026-08-24 12:27:21,719] org.eclipse.jetty.server.session: DefaultSessionIdManager workerName=node0
INFO  [2026-08-24 12:27:21,719] org.eclipse.jetty.server.session: No SessionScavenger set, using defaults
INFO  [2026-08-24 12:27:21,720] org.eclipse.jetty.server.session: node0 Scavenging every 600000ms
INFO  [2026-08-24 12:27:21,764] io.dropwizard.jersey.DropwizardResourceConfig: The following paths were found for the configured resources:

    GET     /dogs/{name} (org.pac4j.dropwizard.e2e.DogsResource)
    POST    /dogs/{name} (org.pac4j.dropwizard.e2e.DogsResource)

INFO  [2026-08-24 12:27:21,765] org.eclipse.jetty.server.handler.ContextHandler: Started i.d.j.MutableServletContextHandler@7f8c48f3{/,null,AVAILABLE}
INFO  [2026-08-24 12:27:21,765] io.dropwizard.setup.AdminEnvironment: tasks = 

    POST    /tasks/log-level (io.dropwizard.servlets.tasks.LogConfigurationTask)
    POST    /tasks/gc (io.dropwizard.servlets.tasks.GarbageCollectionTask)

WARN  [2026-08-24 12:27:21,765] io.dropwizard.setup.AdminEnvironment: 
!!!!!!!!!!!!!!!!!!!!!!!!!!!!!!!!!!!!!!!!!!!!!!!!!!!!!!!!!!!!!!!!!!!!!!!!!!!!!!!!
!!!!!!!!!!!!!!!!!!!!!!!!!!!!!!!!!!!!!!!!!!!!!!!!!!!!!!!!!!!!!!!!!!!!!!!!!!!!!!!!
!    THIS APPLICATION HAS NO HEALTHCHECKS. THIS MEANS YOU WILL NEVER KNOW      !
!     IF IT DIES IN PRODUCTION, WHICH MEANS YOU WILL NEVER KNOW IF YOU'RE      !
!    LETTING YOUR USERS DOWN. YOU SHOULD ADD A HEALTHCHECK FOR EACH OF YOUR    !
!         APPLICATION'S DEPENDENCIES WHICH FULLY (BUT LIGHTLY) TESTS IT.       !
!!!!!!!!!!!!!!!!!!!!!!!!!!!!!!!!!!!!!!!!!!!!!!!!!!!!!!!!!!!!!!!!!!!!!!!!!!!!!!!!
!!!!!!!!!!!!!!!!!!!!!!!!!!!!!!!!!!!!!!!!!!!!!!!!!!!!!!!!!!!!!!!!!!!!!!!!!!!!!!!!
INFO  [2026-08-24 12:27:21,765] org.eclipse.jetty.server.handler.ContextHandler: Started i.d.j.MutableServletContextHandler@6cceb281{/,null,AVAILABLE}
INFO  [2026-08-24 12:27:21,774] org.eclipse.jetty.server.AbstractConnector: Started application@2154652c{HTTP/1.1, (http/1.1)}{0.0.0.0:35911}
INFO  [2026-08-24 12:27:21,775] org.eclipse.jetty.server.AbstractConnector: Started admin@8b670c0{HTTP/1.1, (http/1.1)}{0.0.0.0:34183}
INFO  [2026-08-24 12:27:21,775] org.eclipse.jetty.server.Server: Started @3107ms
127.0.0.1 - - [24/Aug/2026:12:27:21 +0000] "POST /dogs/pierre HTTP/1.1" 200 6 "-" "Jersey/2.32 (HttpUrlConnection 11.0.31)" 14
INFO  [2026-08-24 12:27:21,810] org.eclipse.jetty.server.AbstractConnector: Stopped application@2154652c{HTTP/1.1, (http/1.1)}{0.0.0.0:0}
INFO  [2026-08-24 12:27:21,810] org.eclipse.jetty.server.AbstractConnector: Stopped admin@8b670c0{HTTP/1.1, (http/1.1)}{0.0.0.0:0}
INFO  [2026-08-24 12:27:21,810] org.eclipse.jetty.server.session: node0 Stopped scavenging
INFO  [2026-08-24 12:27:21,811] org.eclipse.jetty.server.handler.ContextHandler: Stopped i.d.j.MutableServletContextHandler@6cceb281{/,null,STOPPED}
INFO  [2026-08-24 12:27:21,812] org.eclipse.jetty.server.handler.ContextHandler: Stopped i.d.j.MutableServletContextHandler@7f8c48f3{/,null,STOPPED}
INFO  [2026-08-24 12:27:21,888] io.dropwizard.server.DefaultServerFactory: Registering jersey handler with root path prefix: /
INFO  [2026-08-24 12:27:21,888] io.dropwizard.server.DefaultServerFactory: Registering admin handler with root path prefix: /
INFO  [2026-08-24 12:27:21,889] io.dropwizard.server.ServerFactory: Starting App
INFO  [2026-08-24 12:27:21,891] org.eclipse.jetty.setuid.SetUIDListener: Opened application@745926c3{HTTP/1.1, (http/1.1)}{0.0.0.0:39463}
INFO  [2026-08-24 12:27:21,892] org.eclipse.jetty.setuid.SetUIDListener: Opened admin@75dd0f94{HTTP/1.1, (http/1.1)}{0.0.0.0:34103}
INFO  [2026-08-24 12:27:21,892] org.eclipse.jetty.server.Server: jetty-9.4.35.v20201120; built: 2020-11-20T21:17:03.964Z; git: bdc54f03a5e0a7e280fab27f55c3c75ee8da89fb; jvm 11.0.31+11-post-1ubuntu1-24.04.2-Ubuntu
INFO  [2026-08-24 12:27:21,892] org.eclipse.jetty.server.session: DefaultSessionIdManager workerName=node0
INFO  [2026-08-24 12:27:21,892] org.eclipse.jetty.server.session: No SessionScavenger set, using defaults
INFO  [2026-08-24 12:27:21,892] org.eclipse.jetty.server.session: node0 Scavenging every 660000ms
INFO  [2026-08-24 12:27:21,933] io.dropwizard.jersey.DropwizardResourceConfig: The following paths were found for the configured resources:

    GET     /dogs/{name} (org.pac4j.dropwizard.e2e.DogsResource)
    POST    /dogs/{name} (org.pac4j.dropwizard.e2e.DogsResource)

INFO  [2026-08-24 12:27:21,934] org.eclipse.jetty.server.handler.ContextHandler: Started i.d.j.MutableServletContextHandler@7019d619{/,null,AVAILABLE}
INFO  [2026-08-24 12:27:21,934] io.dropwizard.setup.AdminEnvironment: tasks = 

    POST    /tasks/log-level (io.dropwizard.servlets.tasks.LogConfigurationTask)
    POST    /tasks/gc (io.dropwizard.servlets.tasks.GarbageCollectionTask)

WARN  [2026-08-24 12:27:21,934] io.dropwizard.setup.AdminEnvironment: 
!!!!!!!!!!!!!!!!!!!!!!!!!!!!!!!!!!!!!!!!!!!!!!!!!!!!!!!!!!!!!!!!!!!!!!!!!!!!!!!!
!!!!!!!!!!!!!!!!!!!!!!!!!!!!!!!!!!!!!!!!!!!!!!!!!!!!!!!!!!!!!!!!!!!!!!!!!!!!!!!!
!    THIS APPLICATION HAS NO HEALTHCHECKS. THIS MEANS YOU WILL NEVER KNOW      !
!     IF IT DIES IN PRODUCTION, WHICH MEANS YOU WILL NEVER KNOW IF YOU'RE      !
!    LETTING YOUR USERS DOWN. YOU SHOULD ADD A HEALTHCHECK FOR EACH OF YOUR    !
!         APPLICATION'S DEPENDENCIES WHICH FULLY (BUT LIGHTLY) TESTS IT.       !
!!!!!!!!!!!!!!!!!!!!!!!!!!!!!!!!!!!!!!!!!!!!!!!!!!!!!!!!!!!!!!!!!!!!!!!!!!!!!!!!
!!!!!!!!!!!!!!!!!!!!!!!!!!!!!!!!!!!!!!!!!!!!!!!!!!!!!!!!!!!!!!!!!!!!!!!!!!!!!!!!
INFO  [2026-08-24 12:27:21,935] org.eclipse.jetty.server.handler.ContextHandler: Started i.d.j.MutableServletContextHandler@ff1f465{/,null,AVAILABLE}
INFO  [2026-08-24 12:27:21,943] org.eclipse.jetty.server.AbstractConnector: Started application@745926c3{HTTP/1.1, (http/1.1)}{0.0.0.0:39463}
INFO  [2026-08-24 12:27:21,944] org.eclipse.jetty.server.AbstractConnector: Started admin@75dd0f94{HTTP/1.1, (http/1.1)}{0.0.0.0:34103}
INFO  [2026-08-24 12:27:21,944] org.eclipse.jetty.server.Server: Started @3276ms
INFO  [2026-08-24 12:27:21,966] org.pac4j.http.client.direct.DirectBasicAuthClient: Failed to retrieve or validate credentials: Username : 'boy' does not match password
127.0.0.1 - - [24/Aug/2026:12:27:21 +0000] "GET /dogs/pierre HTTP/1.1" 401 0 "-" "Jersey/2.32 (HttpUrlConnection 11.0.31)" 11
INFO  [2026-08-24 12:27:21,972] org.eclipse.jetty.server.AbstractConnector: Stopped application@745926c3{HTTP/1.1, (http/1.1)}{0.0.0.0:0}
INFO  [2026-08-24 12:27:21,972] org.eclipse.jetty.server.AbstractConnector: Stopped admin@75dd0f94{HTTP/1.1, (http/1.1)}{0.0.0.0:0}
INFO  [2026-08-24 12:27:21,972] org.eclipse.jetty.server.session: node0 Stopped scavenging
INFO  [2026-08-24 12:27:21,973] org.eclipse.jetty.server.handler.ContextHandler: Stopped i.d.j.MutableServletContextHandler@ff1f465{/,null,STOPPED}
INFO  [2026-08-24 12:27:21,974] org.eclipse.jetty.server.handler.ContextHandler: Stopped i.d.j.MutableServletContextHandler@7019d619{/,null,STOPPED}
[INFO] Tests run: 3, Failures: 0, Errors: 0, Skipped: 0, Time elapsed: 0.513 s -- in org.pac4j.dropwizard.e2e.EndToEndTest
[INFO] Running org.pac4j.dropwizard.bundle.BundleFactoryTest
INFO  [2026-08-24 12:27:22,036] io.dropwizard.server.DefaultServerFactory: Registering jersey handler with root path prefix: /
INFO  [2026-08-24 12:27:22,036] io.dropwizard.server.DefaultServerFactory: Registering admin handler with root path prefix: /
INFO  [2026-08-24 12:27:22,037] io.dropwizard.server.ServerFactory: Starting App
INFO  [2026-08-24 12:27:22,040] org.eclipse.jetty.setuid.SetUIDListener: Opened application@52856ff9{HTTP/1.1, (http/1.1)}{0.0.0.0:42975}
INFO  [2026-08-24 12:27:22,040] org.eclipse.jetty.setuid.SetUIDListener: Opened admin@5aa7cfdf{HTTP/1.1, (http/1.1)}{0.0.0.0:42559}
INFO  [2026-08-24 12:27:22,040] org.eclipse.jetty.server.Server: jetty-9.4.35.v20201120; built: 2020-11-20T21:17:03.964Z; git: bdc54f03a5e0a7e280fab27f55c3c75ee8da89fb; jvm 11.0.31+11-post-1ubuntu1-24.04.2-Ubuntu
INFO  [2026-08-24 12:27:22,041] org.eclipse.jetty.server.session: DefaultSessionIdManager workerName=node0
INFO  [2026-08-24 12:27:22,041] org.eclipse.jetty.server.session: No SessionScavenger set, using defaults
INFO  [2026-08-24 12:27:22,041] org.eclipse.jetty.server.session: node0 Scavenging every 600000ms
INFO  [2026-08-24 12:27:22,077] io.dropwizard.jersey.DropwizardResourceConfig: The following paths were found for the configured resources:

    NONE

INFO  [2026-08-24 12:27:22,077] org.eclipse.jetty.server.handler.ContextHandler: Started i.d.j.MutableServletContextHandler@10a0d93a{/,null,AVAILABLE}
INFO  [2026-08-24 12:27:22,077] io.dropwizard.setup.AdminEnvironment: tasks = 

    POST    /tasks/log-level (io.dropwizard.servlets.tasks.LogConfigurationTask)
    POST    /tasks/gc (io.dropwizard.servlets.tasks.GarbageCollectionTask)

WARN  [2026-08-24 12:27:22,078] io.dropwizard.setup.AdminEnvironment: 
!!!!!!!!!!!!!!!!!!!!!!!!!!!!!!!!!!!!!!!!!!!!!!!!!!!!!!!!!!!!!!!!!!!!!!!!!!!!!!!!
!!!!!!!!!!!!!!!!!!!!!!!!!!!!!!!!!!!!!!!!!!!!!!!!!!!!!!!!!!!!!!!!!!!!!!!!!!!!!!!!
!    THIS APPLICATION HAS NO HEALTHCHECKS. THIS MEANS YOU WILL NEVER KNOW      !
!     IF IT DIES IN PRODUCTION, WHICH MEANS YOU WILL NEVER KNOW IF YOU'RE      !
!    LETTING YOUR USERS DOWN. YOU SHOULD ADD A HEALTHCHECK FOR EACH OF YOUR    !
!         APPLICATION'S DEPENDENCIES WHICH FULLY (BUT LIGHTLY) TESTS IT.       !
!!!!!!!!!!!!!!!!!!!!!!!!!!!!!!!!!!!!!!!!!!!!!!!!!!!!!!!!!!!!!!!!!!!!!!!!!!!!!!!!
!!!!!!!!!!!!!!!!!!!!!!!!!!!!!!!!!!!!!!!!!!!!!!!!!!!!!!!!!!!!!!!!!!!!!!!!!!!!!!!!
INFO  [2026-08-24 12:27:22,078] org.eclipse.jetty.server.handler.ContextHandler: Started i.d.j.MutableServletContextHandler@66b31d46{/,null,AVAILABLE}
INFO  [2026-08-24 12:27:22,086] org.eclipse.jetty.server.AbstractConnector: Started application@52856ff9{HTTP/1.1, (http/1.1)}{0.0.0.0:42975}
INFO  [2026-08-24 12:27:22,087] org.eclipse.jetty.server.AbstractConnector: Started admin@5aa7cfdf{HTTP/1.1, (http/1.1)}{0.0.0.0:42559}
INFO  [2026-08-24 12:27:22,087] org.eclipse.jetty.server.Server: Started @3419ms
INFO  [2026-08-24 12:27:22,099] org.eclipse.jetty.server.AbstractConnector: Stopped application@52856ff9{HTTP/1.1, (http/1.1)}{0.0.0.0:0}
INFO  [2026-08-24 12:27:22,099] org.eclipse.jetty.server.AbstractConnector: Stopped admin@5aa7cfdf{HTTP/1.1, (http/1.1)}{0.0.0.0:0}
INFO  [2026-08-24 12:27:22,099] org.eclipse.jetty.server.session: node0 Stopped scavenging
INFO  [2026-08-24 12:27:22,099] org.eclipse.jetty.server.handler.ContextHandler: Stopped i.d.j.MutableServletContextHandler@66b31d46{/,null,STOPPED}
INFO  [2026-08-24 12:27:22,100] org.eclipse.jetty.server.handler.ContextHandler: Stopped i.d.j.MutableServletContextHandler@10a0d93a{/,null,STOPPED}
INFO  [2026-08-24 12:27:22,171] io.dropwizard.server.DefaultServerFactory: Registering jersey handler with root path prefix: /
INFO  [2026-08-24 12:27:22,171] io.dropwizard.server.DefaultServerFactory: Registering admin handler with root path prefix: /
INFO  [2026-08-24 12:27:22,171] io.dropwizard.server.ServerFactory: Starting App
INFO  [2026-08-24 12:27:22,175] org.eclipse.jetty.setuid.SetUIDListener: Opened application@60a6840c{HTTP/1.1, (http/1.1)}{0.0.0.0:45403}
INFO  [2026-08-24 12:27:22,175] org.eclipse.jetty.setuid.SetUIDListener: Opened admin@53525379{HTTP/1.1, (http/1.1)}{0.0.0.0:44361}
INFO  [2026-08-24 12:27:22,175] org.eclipse.jetty.server.Server: jetty-9.4.35.v20201120; built: 2020-11-20T21:17:03.964Z; git: bdc54f03a5e0a7e280fab27f55c3c75ee8da89fb; jvm 11.0.31+11-post-1ubuntu1-24.04.2-Ubuntu
INFO  [2026-08-24 12:27:22,210] io.dropwizard.jersey.DropwizardResourceConfig: The following paths were found for the configured resources:

    NONE

INFO  [2026-08-24 12:27:22,211] org.eclipse.jetty.server.handler.ContextHandler: Started i.d.j.MutableServletContextHandler@3a80c534{/,null,AVAILABLE}
INFO  [2026-08-24 12:27:22,211] io.dropwizard.setup.AdminEnvironment: tasks = 

    POST    /tasks/log-level (io.dropwizard.servlets.tasks.LogConfigurationTask)
    POST    /tasks/gc (io.dropwizard.servlets.tasks.GarbageCollectionTask)

WARN  [2026-08-24 12:27:22,212] io.dropwizard.setup.AdminEnvironment: 
!!!!!!!!!!!!!!!!!!!!!!!!!!!!!!!!!!!!!!!!!!!!!!!!!!!!!!!!!!!!!!!!!!!!!!!!!!!!!!!!
!!!!!!!!!!!!!!!!!!!!!!!!!!!!!!!!!!!!!!!!!!!!!!!!!!!!!!!!!!!!!!!!!!!!!!!!!!!!!!!!
!    THIS APPLICATION HAS NO HEALTHCHECKS. THIS MEANS YOU WILL NEVER KNOW      !
!     IF IT DIES IN PRODUCTION, WHICH MEANS YOU WILL NEVER KNOW IF YOU'RE      !
!    LETTING YOUR USERS DOWN. YOU SHOULD ADD A HEALTHCHECK FOR EACH OF YOUR    !
!         APPLICATION'S DEPENDENCIES WHICH FULLY (BUT LIGHTLY) TESTS IT.       !
!!!!!!!!!!!!!!!!!!!!!!!!!!!!!!!!!!!!!!!!!!!!!!!!!!!!!!!!!!!!!!!!!!!!!!!!!!!!!!!!
!!!!!!!!!!!!!!!!!!!!!!!!!!!!!!!!!!!!!!!!!!!!!!!!!!!!!!!!!!!!!!!!!!!!!!!!!!!!!!!!
INFO  [2026-08-24 12:27:22,212] org.eclipse.jetty.server.handler.ContextHandler: Started i.d.j.MutableServletContextHandler@1d9af731{/,null,AVAILABLE}
INFO  [2026-08-24 12:27:22,234] org.eclipse.jetty.server.AbstractConnector: Started application@60a6840c{HTTP/1.1, (http/1.1)}{0.0.0.0:45403}
INFO  [2026-08-24 12:27:22,235] org.eclipse.jetty.server.AbstractConnector: Started admin@53525379{HTTP/1.1, (http/1.1)}{0.0.0.0:44361}
INFO  [2026-08-24 12:27:22,235] org.eclipse.jetty.server.Server: Started @3567ms
INFO  [2026-08-24 12:27:22,239] org.eclipse.jetty.server.AbstractConnector: Stopped application@60a6840c{HTTP/1.1, (http/1.1)}{0.0.0.0:0}
INFO  [2026-08-24 12:27:22,239] org.eclipse.jetty.server.AbstractConnector: Stopped admin@53525379{HTTP/1.1, (http/1.1)}{0.0.0.0:0}
INFO  [2026-08-24 12:27:22,239] org.eclipse.jetty.server.handler.ContextHandler: Stopped i.d.j.MutableServletContextHandler@1d9af731{/,null,STOPPED}
INFO  [2026-08-24 12:27:22,240] org.eclipse.jetty.server.handler.ContextHandler: Stopped i.d.j.MutableServletContextHandler@3a80c534{/,null,STOPPED}
INFO  [2026-08-24 12:27:22,279] io.dropwizard.server.DefaultServerFactory: Registering jersey handler with root path prefix: /
INFO  [2026-08-24 12:27:22,279] io.dropwizard.server.DefaultServerFactory: Registering admin handler with root path prefix: /
INFO  [2026-08-24 12:27:22,279] io.dropwizard.server.ServerFactory: Starting App
INFO  [2026-08-24 12:27:22,282] org.eclipse.jetty.setuid.SetUIDListener: Opened application@35f760a4{HTTP/1.1, (http/1.1)}{0.0.0.0:37143}
INFO  [2026-08-24 12:27:22,282] org.eclipse.jetty.setuid.SetUIDListener: Opened admin@2ac05a33{HTTP/1.1, (http/1.1)}{0.0.0.0:40271}
INFO  [2026-08-24 12:27:22,282] org.eclipse.jetty.server.Server: jetty-9.4.35.v20201120; built: 2020-11-20T21:17:03.964Z; git: bdc54f03a5e0a7e280fab27f55c3c75ee8da89fb; jvm 11.0.31+11-post-1ubuntu1-24.04.2-Ubuntu
INFO  [2026-08-24 12:27:22,310] io.dropwizard.jersey.DropwizardResourceConfig: The following paths were found for the configured resources:

    NONE

INFO  [2026-08-24 12:27:22,311] org.eclipse.jetty.server.handler.ContextHandler: Started i.d.j.MutableServletContextHandler@6ffc6ea7{/,null,AVAILABLE}
INFO  [2026-08-24 12:27:22,311] io.dropwizard.setup.AdminEnvironment: tasks = 

    POST    /tasks/log-level (io.dropwizard.servlets.tasks.LogConfigurationTask)
    POST    /tasks/gc (io.dropwizard.servlets.tasks.GarbageCollectionTask)

WARN  [2026-08-24 12:27:22,311] io.dropwizard.setup.AdminEnvironment: 
!!!!!!!!!!!!!!!!!!!!!!!!!!!!!!!!!!!!!!!!!!!!!!!!!!!!!!!!!!!!!!!!!!!!!!!!!!!!!!!!
!!!!!!!!!!!!!!!!!!!!!!!!!!!!!!!!!!!!!!!!!!!!!!!!!!!!!!!!!!!!!!!!!!!!!!!!!!!!!!!!
!    THIS APPLICATION HAS NO HEALTHCHECKS. THIS MEANS YOU WILL NEVER KNOW      !
!     IF IT DIES IN PRODUCTION, WHICH MEANS YOU WILL NEVER KNOW IF YOU'RE      !
!    LETTING YOUR USERS DOWN. YOU SHOULD ADD A HEALTHCHECK FOR EACH OF YOUR    !
!         APPLICATION'S DEPENDENCIES WHICH FULLY (BUT LIGHTLY) TESTS IT.       !
!!!!!!!!!!!!!!!!!!!!!!!!!!!!!!!!!!!!!!!!!!!!!!!!!!!!!!!!!!!!!!!!!!!!!!!!!!!!!!!!
!!!!!!!!!!!!!!!!!!!!!!!!!!!!!!!!!!!!!!!!!!!!!!!!!!!!!!!!!!!!!!!!!!!!!!!!!!!!!!!!
INFO  [2026-08-24 12:27:22,311] org.eclipse.jetty.server.handler.ContextHandler: Started i.d.j.MutableServletContextHandler@4ffa078d{/,null,AVAILABLE}
INFO  [2026-08-24 12:27:22,323] org.eclipse.jetty.server.AbstractConnector: Started application@35f760a4{HTTP/1.1, (http/1.1)}{0.0.0.0:37143}
INFO  [2026-08-24 12:27:22,324] org.eclipse.jetty.server.AbstractConnector: Started admin@2ac05a33{HTTP/1.1, (http/1.1)}{0.0.0.0:40271}
INFO  [2026-08-24 12:27:22,324] org.eclipse.jetty.server.Server: Started @3655ms
INFO  [2026-08-24 12:27:22,327] org.eclipse.jetty.server.AbstractConnector: Stopped application@35f760a4{HTTP/1.1, (http/1.1)}{0.0.0.0:0}
INFO  [2026-08-24 12:27:22,327] org.eclipse.jetty.server.AbstractConnector: Stopped admin@2ac05a33{HTTP/1.1, (http/1.1)}{0.0.0.0:0}
INFO  [2026-08-24 12:27:22,328] org.eclipse.jetty.server.handler.ContextHandler: Stopped i.d.j.MutableServletContextHandler@4ffa078d{/,null,STOPPED}
INFO  [2026-08-24 12:27:22,329] org.eclipse.jetty.server.handler.ContextHandler: Stopped i.d.j.MutableServletContextHandler@6ffc6ea7{/,null,STOPPED}
INFO  [2026-08-24 12:27:22,372] io.dropwizard.server.DefaultServerFactory: Registering jersey handler with root path prefix: /
INFO  [2026-08-24 12:27:22,372] io.dropwizard.server.DefaultServerFactory: Registering admin handler with root path prefix: /
INFO  [2026-08-24 12:27:22,372] io.dropwizard.server.ServerFactory: Starting App
INFO  [2026-08-24 12:27:22,374] org.eclipse.jetty.setuid.SetUIDListener: Opened application@450d10cb{HTTP/1.1, (http/1.1)}{0.0.0.0:41651}
INFO  [2026-08-24 12:27:22,375] org.eclipse.jetty.setuid.SetUIDListener: Opened admin@1bd59b82{HTTP/1.1, (http/1.1)}{0.0.0.0:33191}
INFO  [2026-08-24 12:27:22,375] org.eclipse.jetty.server.Server: jetty-9.4.35.v20201120; built: 2020-11-20T21:17:03.964Z; git: bdc54f03a5e0a7e280fab27f55c3c75ee8da89fb; jvm 11.0.31+11-post-1ubuntu1-24.04.2-Ubuntu
INFO  [2026-08-24 12:27:22,375] org.eclipse.jetty.server.session: DefaultSessionIdManager workerName=node0
INFO  [2026-08-24 12:27:22,375] org.eclipse.jetty.server.session: No SessionScavenger set, using defaults
INFO  [2026-08-24 12:27:22,375] org.eclipse.jetty.server.session: node0 Scavenging every 600000ms
INFO  [2026-08-24 12:27:22,415] io.dropwizard.jersey.DropwizardResourceConfig: The following paths were found for the configured resources:

    NONE

INFO  [2026-08-24 12:27:22,416] org.eclipse.jetty.server.handler.ContextHandler: Started i.d.j.MutableServletContextHandler@484b5a21{/,null,AVAILABLE}
INFO  [2026-08-24 12:27:22,416] io.dropwizard.setup.AdminEnvironment: tasks = 

    POST    /tasks/log-level (io.dropwizard.servlets.tasks.LogConfigurationTask)
    POST    /tasks/gc (io.dropwizard.servlets.tasks.GarbageCollectionTask)

WARN  [2026-08-24 12:27:22,416] io.dropwizard.setup.AdminEnvironment: 
!!!!!!!!!!!!!!!!!!!!!!!!!!!!!!!!!!!!!!!!!!!!!!!!!!!!!!!!!!!!!!!!!!!!!!!!!!!!!!!!
!!!!!!!!!!!!!!!!!!!!!!!!!!!!!!!!!!!!!!!!!!!!!!!!!!!!!!!!!!!!!!!!!!!!!!!!!!!!!!!!
!    THIS APPLICATION HAS NO HEALTHCHECKS. THIS MEANS YOU WILL NEVER KNOW      !
!     IF IT DIES IN PRODUCTION, WHICH MEANS YOU WILL NEVER KNOW IF YOU'RE      !
!    LETTING YOUR USERS DOWN. YOU SHOULD ADD A HEALTHCHECK FOR EACH OF YOUR    !
!         APPLICATION'S DEPENDENCIES WHICH FULLY (BUT LIGHTLY) TESTS IT.       !
!!!!!!!!!!!!!!!!!!!!!!!!!!!!!!!!!!!!!!!!!!!!!!!!!!!!!!!!!!!!!!!!!!!!!!!!!!!!!!!!
!!!!!!!!!!!!!!!!!!!!!!!!!!!!!!!!!!!!!!!!!!!!!!!!!!!!!!!!!!!!!!!!!!!!!!!!!!!!!!!!
INFO  [2026-08-24 12:27:22,417] org.eclipse.jetty.server.handler.ContextHandler: Started i.d.j.MutableServletContextHandler@3ba5c4dd{/,null,AVAILABLE}
INFO  [2026-08-24 12:27:22,425] org.eclipse.jetty.server.AbstractConnector: Started application@450d10cb{HTTP/1.1, (http/1.1)}{0.0.0.0:41651}
INFO  [2026-08-24 12:27:22,426] org.eclipse.jetty.server.AbstractConnector: Started admin@1bd59b82{HTTP/1.1, (http/1.1)}{0.0.0.0:33191}
INFO  [2026-08-24 12:27:22,426] org.eclipse.jetty.server.Server: Started @3758ms
INFO  [2026-08-24 12:27:22,429] org.eclipse.jetty.server.AbstractConnector: Stopped application@450d10cb{HTTP/1.1, (http/1.1)}{0.0.0.0:0}
INFO  [2026-08-24 12:27:22,430] org.eclipse.jetty.server.AbstractConnector: Stopped admin@1bd59b82{HTTP/1.1, (http/1.1)}{0.0.0.0:0}
INFO  [2026-08-24 12:27:22,430] org.eclipse.jetty.server.session: node0 Stopped scavenging
INFO  [2026-08-24 12:27:22,430] org.eclipse.jetty.server.handler.ContextHandler: Stopped i.d.j.MutableServletContextHandler@3ba5c4dd{/,null,STOPPED}
INFO  [2026-08-24 12:27:22,431] org.eclipse.jetty.server.handler.ContextHandler: Stopped i.d.j.MutableServletContextHandler@484b5a21{/,null,STOPPED}
[INFO] Tests run: 4, Failures: 0, Errors: 0, Skipped: 0, Time elapsed: 0.448 s -- in org.pac4j.dropwizard.bundle.BundleFactoryTest
[INFO] Running org.pac4j.dropwizard.factory.DefaultConfigurationTest
WARN  [2026-08-24 20:27:22,815] org.pac4j.core.matching.matcher.PathMatcher: Be careful when using the 'excludeBranch' or 'excludeRegex' methods. They use regular expressions and their definitions may be error prone. You could exclude more URLs than expected.
INFO  [2026-08-24 20:27:22,840] org.pac4j.core.config.ConfigBuilder: Build the configuration from factory: org.pac4j.dropwizard.factory.FakeConfigFactory
[INFO] Tests run: 6, Failures: 0, Errors: 0, Skipped: 0, Time elapsed: 0.453 s -- in org.pac4j.dropwizard.factory.DefaultConfigurationTest
[INFO] 
[INFO] Results:
[INFO] 
[INFO] Tests run: 16, Failures: 0, Errors: 0, Skipped: 0
[INFO] 
[INFO] ------------------------------------------------------------------------
[INFO] BUILD SUCCESS
[INFO] ------------------------------------------------------------------------
[INFO] Total time:  17.272 s
[INFO] Finished at: 2026-08-24T20:27:23+08:00
[INFO] ------------------------------------------------------------------------
