[INFO] Scanning for projects...
[INFO] 
[INFO] ---------------------< com.password4j:password4j >----------------------
[INFO] Building Password4j 1.6.1-SNAPSHOT
[INFO]   from pom.xml
[INFO] --------------------------------[ jar ]---------------------------------
[INFO] 
[INFO] --- clean:3.2.0:clean (default-clean) @ password4j ---
[INFO] 
[INFO] --- animal-sniffer:1.22:check (default-cli) @ password4j ---
[INFO] Checking unresolved references to net.sf.androidscents.signature:android-api-level-21:5.0.1_r2
[INFO] 
[INFO] --- jacoco:0.8.8:prepare-agent (default) @ password4j ---
[INFO] argLine set to -javaagent:/tmp/marshal-slf4j-m2-password-a0-20260824/org/jacoco/org.jacoco.agent/0.8.8/org.jacoco.agent-0.8.8-runtime.jar=destfile=/tmp/marshal-slf4j-screen-password-a0-20260824/target/jacoco.exec
[INFO] 
[INFO] --- resources:3.3.1:resources (default-resources) @ password4j ---
[INFO] skip non existing resourceDirectory /tmp/marshal-slf4j-screen-password-a0-20260824/src/main/resources
[INFO] 
[INFO] --- compiler:3.10.1:compile (default-compile) @ password4j ---
[INFO] Changes detected - recompiling the module!
[INFO] Compiling 28 source files to /tmp/marshal-slf4j-screen-password-a0-20260824/target/classes
[INFO] 
[INFO] --- resources:3.3.1:testResources (default-testResources) @ password4j ---
[INFO] Copying 1 resource from src/test/resources to target/test-classes
[INFO] 
[INFO] --- compiler:3.10.1:testCompile (default-testCompile) @ password4j ---
[INFO] Changes detected - recompiling the module!
[INFO] Compiling 15 source files to /tmp/marshal-slf4j-screen-password-a0-20260824/target/test-classes
[INFO] 
[INFO] --- surefire:3.2.5:test (default-test) @ password4j ---
[INFO] Using auto detected provider org.apache.maven.surefire.junit4.JUnit4Provider
[INFO] 
[INFO] -------------------------------------------------------
[INFO]  T E S T S
[INFO] -------------------------------------------------------
[INFO] Running com.password4j.PropertyReaderTest
SLF4J: Failed to load class "org.slf4j.impl.StaticLoggerBinder".
SLF4J: Defaulting to no-operation (NOP) logger implementation
SLF4J: See http://www.slf4j.org/codes.html#StaticLoggerBinder for further details.
[INFO] Tests run: 9, Failures: 0, Errors: 0, Skipped: 0, Time elapsed: 0.132 s -- in com.password4j.PropertyReaderTest
[INFO] Running com.password4j.HashTest
[INFO] Tests run: 4, Failures: 0, Errors: 0, Skipped: 0, Time elapsed: 0.335 s -- in com.password4j.HashTest
[INFO] Running com.password4j.SaltGeneratorTest
[INFO] Tests run: 6, Failures: 0, Errors: 0, Skipped: 0, Time elapsed: 0.002 s -- in com.password4j.SaltGeneratorTest
[INFO] Running com.password4j.MessageDigestFunctionTest
[INFO] Tests run: 16, Failures: 0, Errors: 0, Skipped: 0, Time elapsed: 1.910 s -- in com.password4j.MessageDigestFunctionTest
[INFO] Running com.password4j.SystemCheckTest
[INFO] Tests run: 12, Failures: 0, Errors: 0, Skipped: 0, Time elapsed: 2.840 s -- in com.password4j.SystemCheckTest
[INFO] Running com.password4j.PasswordTest
true
[INFO] Tests run: 52, Failures: 0, Errors: 0, Skipped: 0, Time elapsed: 51.06 s -- in com.password4j.PasswordTest
[INFO] Running com.password4j.StringTest
[INFO] Tests run: 12, Failures: 0, Errors: 0, Skipped: 0, Time elapsed: 0.001 s -- in com.password4j.StringTest
[INFO] Running com.password4j.HashBuilderTest
[INFO] Tests run: 3, Failures: 0, Errors: 0, Skipped: 0, Time elapsed: 0.725 s -- in com.password4j.HashBuilderTest
[INFO] Running com.password4j.Argon2FunctionTest
[INFO] Tests run: 5, Failures: 0, Errors: 0, Skipped: 0, Time elapsed: 2.716 s -- in com.password4j.Argon2FunctionTest
[INFO] Running com.password4j.PBKDF2FunctionTest
[INFO] Tests run: 17, Failures: 0, Errors: 0, Skipped: 0, Time elapsed: 0.337 s -- in com.password4j.PBKDF2FunctionTest
[INFO] Running com.password4j.BcryptFunctionTest
[INFO] Tests run: 41, Failures: 0, Errors: 0, Skipped: 0, Time elapsed: 33.37 s -- in com.password4j.BcryptFunctionTest
[INFO] Running com.password4j.Blake2bTest
[INFO] Tests run: 4, Failures: 0, Errors: 0, Skipped: 0, Time elapsed: 0.001 s -- in com.password4j.Blake2bTest
[INFO] Running com.password4j.PepperGeneratorTest
[INFO] Tests run: 5, Failures: 0, Errors: 0, Skipped: 0, Time elapsed: 0 s -- in com.password4j.PepperGeneratorTest
[INFO] Running com.password4j.ScryptFunctionTest
[INFO] Tests run: 17, Failures: 0, Errors: 0, Skipped: 0, Time elapsed: 0.905 s -- in com.password4j.ScryptFunctionTest
[INFO] Running org.example.project.PublicPasswordTest
[INFO] Tests run: 3, Failures: 0, Errors: 0, Skipped: 0, Time elapsed: 12.46 s -- in org.example.project.PublicPasswordTest
[INFO] 
[INFO] Results:
[INFO] 
[INFO] Tests run: 206, Failures: 0, Errors: 0, Skipped: 0
[INFO] 
[INFO] 
[INFO] --- jacoco:0.8.8:report (report) @ password4j ---
[INFO] Loading execution data file /tmp/marshal-slf4j-screen-password-a0-20260824/target/jacoco.exec
[INFO] Analyzed bundle 'Password4j' with 29 classes
[INFO] 
[INFO] --- jar:3.4.1:jar (default-jar) @ password4j ---
[INFO] Building jar: /tmp/marshal-slf4j-screen-password-a0-20260824/target/password4j-1.6.1-SNAPSHOT.jar
[INFO] 
[INFO] --- install:3.1.2:install (default-install) @ password4j ---
[INFO] Installing /tmp/marshal-slf4j-screen-password-a0-20260824/pom.xml to /tmp/marshal-slf4j-m2-password-a0-20260824/com/password4j/password4j/1.6.1-SNAPSHOT/password4j-1.6.1-SNAPSHOT.pom
[INFO] Installing /tmp/marshal-slf4j-screen-password-a0-20260824/target/password4j-1.6.1-SNAPSHOT.jar to /tmp/marshal-slf4j-m2-password-a0-20260824/com/password4j/password4j/1.6.1-SNAPSHOT/password4j-1.6.1-SNAPSHOT.jar
[INFO] 
[INFO] --- jacoco:0.8.8:prepare-agent (default) @ password4j ---
[INFO] argLine set to -javaagent:/tmp/marshal-slf4j-m2-password-a0-20260824/org/jacoco/org.jacoco.agent/0.8.8/org.jacoco.agent-0.8.8-runtime.jar=destfile=/tmp/marshal-slf4j-screen-password-a0-20260824/target/jacoco.exec
[INFO] 
[INFO] --- resources:3.3.1:resources (default-resources) @ password4j ---
[INFO] skip non existing resourceDirectory /tmp/marshal-slf4j-screen-password-a0-20260824/src/main/resources
[INFO] 
[INFO] --- compiler:3.10.1:compile (default-compile) @ password4j ---
[INFO] Changes detected - recompiling the module!
[INFO] Compiling 28 source files to /tmp/marshal-slf4j-screen-password-a0-20260824/target/classes
[INFO] 
[INFO] --- resources:3.3.1:testResources (default-testResources) @ password4j ---
[INFO] Copying 1 resource from src/test/resources to target/test-classes
[INFO] 
[INFO] --- compiler:3.10.1:testCompile (default-testCompile) @ password4j ---
[INFO] Changes detected - recompiling the module!
[INFO] Compiling 15 source files to /tmp/marshal-slf4j-screen-password-a0-20260824/target/test-classes
[INFO] 
[INFO] --- surefire:3.2.5:test (default-test) @ password4j ---
[INFO] Skipping execution of surefire because it has already been run for this configuration
[INFO] 
[INFO] --- jacoco:0.8.8:report (report) @ password4j ---
[INFO] Loading execution data file /tmp/marshal-slf4j-screen-password-a0-20260824/target/jacoco.exec
[INFO] Analyzed bundle 'Password4j' with 29 classes
[INFO] ------------------------------------------------------------------------
[INFO] BUILD SUCCESS
[INFO] ------------------------------------------------------------------------
[INFO] Total time:  03:05 min
[INFO] Finished at: 2026-08-24T06:32:38+08:00
[INFO] ------------------------------------------------------------------------
