mkdir: cannot create directory ‘/root’: Permission denied
Can not write to /root/.m2/copy_reference_file.log. Wrong volume permissions? Carrying on ...
[INFO] Scanning for projects...
[INFO] Inspecting build with total of 1 modules...
[INFO] Installing Nexus Staging features:
[INFO]   ... total of 1 executions of maven-deploy-plugin replaced with nexus-staging-maven-plugin
[INFO] 
[INFO] ----------------------< org.jboss.pnc:pnc-common >----------------------
[INFO] Building pnc-common 2.2.1-SNAPSHOT
[INFO] --------------------------------[ jar ]---------------------------------
[INFO] 
[INFO] --- maven-clean-plugin:3.1.0:clean (default-clean) @ pnc-common ---
[INFO] 
[INFO] --- maven-enforcer-plugin:3.0.0-M2:enforce (enforce-java-version) @ pnc-common ---
[INFO] 
[INFO] --- maven-enforcer-plugin:3.0.0-M2:enforce (enforce-maven-version) @ pnc-common ---
[INFO] 
[INFO] --- buildnumber-maven-plugin:1.4:create (get-scm-revision) @ pnc-common ---
[INFO] Executing: /bin/sh -c cd '/workspace' && 'git' 'rev-parse' '--verify' 'HEAD'
[INFO] Working directory: /workspace
[INFO] Storing buildNumber: UNKNOWN at timestamp: 1787525469481
[WARNING] Cannot get the branch information from the git repository: 
Detecting the current branch failed: fatal: not a git repository: /tmp/marshal-slf4j-pnc-common-20260824/.git/worktrees/marshal-slf4j-pnc-a0-evidence-20260824

[INFO] Executing: /bin/sh -c cd '/workspace' && 'git' 'rev-parse' '--verify' 'HEAD'
[INFO] Working directory: /workspace
[INFO] Storing buildScmBranch: UNKNOWN_BRANCH
[INFO] 
[INFO] --- formatter-maven-plugin:2.20.0:format (java-format) @ pnc-common ---
[INFO] Processed 16 files in 1s99ms (Formatted: 0, Unchanged: 16, Failed: 0, Readonly: 0)
[INFO] 
[INFO] --- maven-resources-plugin:3.1.0:resources (default-resources) @ pnc-common ---
[INFO] Downloading from jboss-public-repository: https://repository.jboss.org/nexus/content/groups/public/org/apache/maven/shared/maven-filtering/3.1.1/maven-filtering-3.1.1.pom
[INFO] Downloading from central: https://repo.maven.apache.org/maven2/org/apache/maven/shared/maven-filtering/3.1.1/maven-filtering-3.1.1.pom
[INFO] Downloaded from central: https://repo.maven.apache.org/maven2/org/apache/maven/shared/maven-filtering/3.1.1/maven-filtering-3.1.1.pom (5.7 kB at 6.3 kB/s)
[INFO] Downloading from jboss-public-repository: https://repository.jboss.org/nexus/content/groups/public/org/apache/maven/shared/maven-shared-utils/3.0.0/maven-shared-utils-3.0.0.pom
[INFO] Downloading from central: https://repo.maven.apache.org/maven2/org/apache/maven/shared/maven-shared-utils/3.0.0/maven-shared-utils-3.0.0.pom
[INFO] Downloaded from central: https://repo.maven.apache.org/maven2/org/apache/maven/shared/maven-shared-utils/3.0.0/maven-shared-utils-3.0.0.pom (5.6 kB at 12 kB/s)
[INFO] Downloading from jboss-public-repository: https://repository.jboss.org/nexus/content/groups/public/org/apache/maven/shared/maven-shared-components/21/maven-shared-components-21.pom
[INFO] Downloading from central: https://repo.maven.apache.org/maven2/org/apache/maven/shared/maven-shared-components/21/maven-shared-components-21.pom
[INFO] Downloaded from central: https://repo.maven.apache.org/maven2/org/apache/maven/shared/maven-shared-components/21/maven-shared-components-21.pom (5.1 kB at 11 kB/s)
[INFO] Downloading from jboss-public-repository: https://repository.jboss.org/nexus/content/groups/public/org/apache/maven/maven-parent/25/maven-parent-25.pom
[INFO] Downloading from central: https://repo.maven.apache.org/maven2/org/apache/maven/maven-parent/25/maven-parent-25.pom
[INFO] Downloaded from central: https://repo.maven.apache.org/maven2/org/apache/maven/maven-parent/25/maven-parent-25.pom (37 kB at 88 kB/s)
[INFO] Downloading from jboss-public-repository: https://repository.jboss.org/nexus/content/groups/public/org/apache/apache/15/apache-15.pom
[INFO] Downloading from central: https://repo.maven.apache.org/maven2/org/apache/apache/15/apache-15.pom
[INFO] Downloaded from central: https://repo.maven.apache.org/maven2/org/apache/apache/15/apache-15.pom (15 kB at 38 kB/s)
[INFO] Downloading from jboss-public-repository: https://repository.jboss.org/nexus/content/groups/public/commons-io/commons-io/2.4/commons-io-2.4.pom
[INFO] Downloading from central: https://repo.maven.apache.org/maven2/commons-io/commons-io/2.4/commons-io-2.4.pom
[INFO] Downloaded from central: https://repo.maven.apache.org/maven2/commons-io/commons-io/2.4/commons-io-2.4.pom (10 kB at 25 kB/s)
[INFO] Downloading from jboss-public-repository: https://repository.jboss.org/nexus/content/groups/public/org/apache/commons/commons-parent/25/commons-parent-25.pom
[INFO] Downloading from central: https://repo.maven.apache.org/maven2/org/apache/commons/commons-parent/25/commons-parent-25.pom
[INFO] Downloaded from central: https://repo.maven.apache.org/maven2/org/apache/commons/commons-parent/25/commons-parent-25.pom (48 kB at 109 kB/s)
[INFO] Downloading from jboss-public-repository: https://repository.jboss.org/nexus/content/groups/public/org/codehaus/plexus/plexus-interpolation/1.22/plexus-interpolation-1.22.pom
[INFO] Downloading from central: https://repo.maven.apache.org/maven2/org/codehaus/plexus/plexus-interpolation/1.22/plexus-interpolation-1.22.pom
[INFO] Downloaded from central: https://repo.maven.apache.org/maven2/org/codehaus/plexus/plexus-interpolation/1.22/plexus-interpolation-1.22.pom (1.5 kB at 3.3 kB/s)
[INFO] Downloading from jboss-public-repository: https://repository.jboss.org/nexus/content/groups/public/org/codehaus/plexus/plexus-components/1.3.1/plexus-components-1.3.1.pom
[INFO] Downloading from central: https://repo.maven.apache.org/maven2/org/codehaus/plexus/plexus-components/1.3.1/plexus-components-1.3.1.pom
[INFO] Downloaded from central: https://repo.maven.apache.org/maven2/org/codehaus/plexus/plexus-components/1.3.1/plexus-components-1.3.1.pom (3.1 kB at 6.7 kB/s)
[INFO] Downloading from jboss-public-repository: https://repository.jboss.org/nexus/content/groups/public/org/sonatype/plexus/plexus-build-api/0.0.7/plexus-build-api-0.0.7.pom
[INFO] Downloading from central: https://repo.maven.apache.org/maven2/org/sonatype/plexus/plexus-build-api/0.0.7/plexus-build-api-0.0.7.pom
[INFO] Downloaded from central: https://repo.maven.apache.org/maven2/org/sonatype/plexus/plexus-build-api/0.0.7/plexus-build-api-0.0.7.pom (3.2 kB at 6.7 kB/s)
[INFO] Downloading from jboss-public-repository: https://repository.jboss.org/nexus/content/groups/public/org/codehaus/plexus/plexus-utils/1.5.8/plexus-utils-1.5.8.pom
[INFO] Downloading from central: https://repo.maven.apache.org/maven2/org/codehaus/plexus/plexus-utils/1.5.8/plexus-utils-1.5.8.pom
[INFO] Downloaded from central: https://repo.maven.apache.org/maven2/org/codehaus/plexus/plexus-utils/1.5.8/plexus-utils-1.5.8.pom (8.1 kB at 18 kB/s)
[INFO] Downloading from jboss-public-repository: https://repository.jboss.org/nexus/content/groups/public/org/codehaus/plexus/plexus-interpolation/1.24/plexus-interpolation-1.24.pom
[INFO] Downloading from central: https://repo.maven.apache.org/maven2/org/codehaus/plexus/plexus-interpolation/1.24/plexus-interpolation-1.24.pom
[INFO] Downloaded from central: https://repo.maven.apache.org/maven2/org/codehaus/plexus/plexus-interpolation/1.24/plexus-interpolation-1.24.pom (2.6 kB at 5.9 kB/s)
[INFO] Downloading from jboss-public-repository: https://repository.jboss.org/nexus/content/groups/public/org/apache/maven/shared/maven-filtering/3.1.1/maven-filtering-3.1.1.jar
[INFO] Downloading from jboss-public-repository: https://repository.jboss.org/nexus/content/groups/public/org/apache/maven/shared/maven-shared-utils/3.0.0/maven-shared-utils-3.0.0.jar
[INFO] Downloading from jboss-public-repository: https://repository.jboss.org/nexus/content/groups/public/org/sonatype/plexus/plexus-build-api/0.0.7/plexus-build-api-0.0.7.jar
[INFO] Downloading from jboss-public-repository: https://repository.jboss.org/nexus/content/groups/public/org/codehaus/plexus/plexus-interpolation/1.24/plexus-interpolation-1.24.jar
[INFO] Downloading from central: https://repo.maven.apache.org/maven2/org/apache/maven/shared/maven-filtering/3.1.1/maven-filtering-3.1.1.jar
[INFO] Downloading from central: https://repo.maven.apache.org/maven2/org/apache/maven/shared/maven-shared-utils/3.0.0/maven-shared-utils-3.0.0.jar
[INFO] Downloading from central: https://repo.maven.apache.org/maven2/org/sonatype/plexus/plexus-build-api/0.0.7/plexus-build-api-0.0.7.jar
[INFO] Downloading from central: https://repo.maven.apache.org/maven2/org/codehaus/plexus/plexus-interpolation/1.24/plexus-interpolation-1.24.jar
[INFO] Downloaded from central: https://repo.maven.apache.org/maven2/org/apache/maven/shared/maven-filtering/3.1.1/maven-filtering-3.1.1.jar (51 kB at 113 kB/s)
[INFO] Downloaded from central: https://repo.maven.apache.org/maven2/org/sonatype/plexus/plexus-build-api/0.0.7/plexus-build-api-0.0.7.jar (8.5 kB at 12 kB/s)
[INFO] Downloaded from central: https://repo.maven.apache.org/maven2/org/codehaus/plexus/plexus-interpolation/1.24/plexus-interpolation-1.24.jar (79 kB at 84 kB/s)
[INFO] Downloaded from central: https://repo.maven.apache.org/maven2/org/apache/maven/shared/maven-shared-utils/3.0.0/maven-shared-utils-3.0.0.jar (155 kB at 152 kB/s)
[INFO] Using 'UTF-8' encoding to copy filtered resources.
[INFO] skip non existing resourceDirectory /workspace/src/main/resources
[INFO] 
[INFO] --- maven-compiler-plugin:3.8.0-jboss-2:compile (default-compile) @ pnc-common ---
[INFO] Downloading from jboss-public-repository: https://repository.jboss.org/nexus/content/groups/public/org/apache/maven/shared/maven-shared-incremental/1.1/maven-shared-incremental-1.1.pom
[INFO] Downloading from central: https://repo.maven.apache.org/maven2/org/apache/maven/shared/maven-shared-incremental/1.1/maven-shared-incremental-1.1.pom
[INFO] Downloaded from central: https://repo.maven.apache.org/maven2/org/apache/maven/shared/maven-shared-incremental/1.1/maven-shared-incremental-1.1.pom (4.7 kB at 13 kB/s)
[INFO] Downloading from jboss-public-repository: https://repository.jboss.org/nexus/content/groups/public/org/apache/maven/shared/maven-shared-components/19/maven-shared-components-19.pom
[INFO] Downloading from central: https://repo.maven.apache.org/maven2/org/apache/maven/shared/maven-shared-components/19/maven-shared-components-19.pom
[INFO] Downloaded from central: https://repo.maven.apache.org/maven2/org/apache/maven/shared/maven-shared-components/19/maven-shared-components-19.pom (6.4 kB at 17 kB/s)
[INFO] Downloading from jboss-public-repository: https://repository.jboss.org/nexus/content/groups/public/org/apache/maven/maven-parent/23/maven-parent-23.pom
[INFO] Downloading from central: https://repo.maven.apache.org/maven2/org/apache/maven/maven-parent/23/maven-parent-23.pom
[INFO] Downloaded from central: https://repo.maven.apache.org/maven2/org/apache/maven/maven-parent/23/maven-parent-23.pom (33 kB at 87 kB/s)
[INFO] Downloading from jboss-public-repository: https://repository.jboss.org/nexus/content/groups/public/org/apache/maven/shared/maven-shared-utils/0.1/maven-shared-utils-0.1.pom
[INFO] Downloading from central: https://repo.maven.apache.org/maven2/org/apache/maven/shared/maven-shared-utils/0.1/maven-shared-utils-0.1.pom
[INFO] Downloaded from central: https://repo.maven.apache.org/maven2/org/apache/maven/shared/maven-shared-utils/0.1/maven-shared-utils-0.1.pom (4.0 kB at 11 kB/s)
[INFO] Downloading from jboss-public-repository: https://repository.jboss.org/nexus/content/groups/public/org/apache/maven/shared/maven-shared-components/18/maven-shared-components-18.pom
[INFO] Downloading from central: https://repo.maven.apache.org/maven2/org/apache/maven/shared/maven-shared-components/18/maven-shared-components-18.pom
[INFO] Downloaded from central: https://repo.maven.apache.org/maven2/org/apache/maven/shared/maven-shared-components/18/maven-shared-components-18.pom (4.9 kB at 14 kB/s)
[INFO] Downloading from jboss-public-repository: https://repository.jboss.org/nexus/content/groups/public/org/codehaus/plexus/plexus-java/0.9.10/plexus-java-0.9.10.pom
[INFO] Downloading from central: https://repo.maven.apache.org/maven2/org/codehaus/plexus/plexus-java/0.9.10/plexus-java-0.9.10.pom
[INFO] Downloaded from central: https://repo.maven.apache.org/maven2/org/codehaus/plexus/plexus-java/0.9.10/plexus-java-0.9.10.pom (5.1 kB at 14 kB/s)
[INFO] Downloading from jboss-public-repository: https://repository.jboss.org/nexus/content/groups/public/org/codehaus/plexus/plexus-languages/0.9.10/plexus-languages-0.9.10.pom
[INFO] Downloading from central: https://repo.maven.apache.org/maven2/org/codehaus/plexus/plexus-languages/0.9.10/plexus-languages-0.9.10.pom
[INFO] Downloaded from central: https://repo.maven.apache.org/maven2/org/codehaus/plexus/plexus-languages/0.9.10/plexus-languages-0.9.10.pom (4.1 kB at 11 kB/s)
[INFO] Downloading from jboss-public-repository: https://repository.jboss.org/nexus/content/groups/public/org/ow2/asm/asm/6.2/asm-6.2.pom
[INFO] Downloading from central: https://repo.maven.apache.org/maven2/org/ow2/asm/asm/6.2/asm-6.2.pom
[INFO] Downloaded from central: https://repo.maven.apache.org/maven2/org/ow2/asm/asm/6.2/asm-6.2.pom (2.9 kB at 8.1 kB/s)
[INFO] Downloading from jboss-public-repository: https://repository.jboss.org/nexus/content/groups/public/org/ow2/ow2/1.5/ow2-1.5.pom
[INFO] Downloading from central: https://repo.maven.apache.org/maven2/org/ow2/ow2/1.5/ow2-1.5.pom
[INFO] Downloaded from central: https://repo.maven.apache.org/maven2/org/ow2/ow2/1.5/ow2-1.5.pom (11 kB at 30 kB/s)
[INFO] Downloading from jboss-public-repository: https://repository.jboss.org/nexus/content/groups/public/com/thoughtworks/qdox/qdox/2.0-M9/qdox-2.0-M9.pom
[INFO] Downloading from central: https://repo.maven.apache.org/maven2/com/thoughtworks/qdox/qdox/2.0-M9/qdox-2.0-M9.pom
[INFO] Downloaded from central: https://repo.maven.apache.org/maven2/com/thoughtworks/qdox/qdox/2.0-M9/qdox-2.0-M9.pom (16 kB at 41 kB/s)
[INFO] Downloading from jboss-public-repository: https://repository.jboss.org/nexus/content/groups/public/org/codehaus/plexus/plexus-compiler-api/2.8.4/plexus-compiler-api-2.8.4.pom
[INFO] Downloading from central: https://repo.maven.apache.org/maven2/org/codehaus/plexus/plexus-compiler-api/2.8.4/plexus-compiler-api-2.8.4.pom
[INFO] Downloaded from central: https://repo.maven.apache.org/maven2/org/codehaus/plexus/plexus-compiler-api/2.8.4/plexus-compiler-api-2.8.4.pom (867 B at 2.3 kB/s)
[INFO] Downloading from jboss-public-repository: https://repository.jboss.org/nexus/content/groups/public/org/codehaus/plexus/plexus-compiler/2.8.4/plexus-compiler-2.8.4.pom
[INFO] Downloading from central: https://repo.maven.apache.org/maven2/org/codehaus/plexus/plexus-compiler/2.8.4/plexus-compiler-2.8.4.pom
[INFO] Downloaded from central: https://repo.maven.apache.org/maven2/org/codehaus/plexus/plexus-compiler/2.8.4/plexus-compiler-2.8.4.pom (6.0 kB at 16 kB/s)
[INFO] Downloading from jboss-public-repository: https://repository.jboss.org/nexus/content/groups/public/org/codehaus/plexus/plexus-components/4.0/plexus-components-4.0.pom
[INFO] Downloading from central: https://repo.maven.apache.org/maven2/org/codehaus/plexus/plexus-components/4.0/plexus-components-4.0.pom
[INFO] Downloaded from central: https://repo.maven.apache.org/maven2/org/codehaus/plexus/plexus-components/4.0/plexus-components-4.0.pom (2.7 kB at 7.2 kB/s)
[INFO] Downloading from jboss-public-repository: https://repository.jboss.org/nexus/content/groups/public/org/codehaus/plexus/plexus-utils/3.0.22/plexus-utils-3.0.22.pom
[INFO] Downloading from central: https://repo.maven.apache.org/maven2/org/codehaus/plexus/plexus-utils/3.0.22/plexus-utils-3.0.22.pom
[INFO] Downloaded from central: https://repo.maven.apache.org/maven2/org/codehaus/plexus/plexus-utils/3.0.22/plexus-utils-3.0.22.pom (3.8 kB at 11 kB/s)
[INFO] Downloading from jboss-public-repository: https://repository.jboss.org/nexus/content/groups/public/org/codehaus/plexus/plexus-compiler-manager/2.8.4/plexus-compiler-manager-2.8.4.pom
[INFO] Downloading from central: https://repo.maven.apache.org/maven2/org/codehaus/plexus/plexus-compiler-manager/2.8.4/plexus-compiler-manager-2.8.4.pom
[INFO] Downloaded from central: https://repo.maven.apache.org/maven2/org/codehaus/plexus/plexus-compiler-manager/2.8.4/plexus-compiler-manager-2.8.4.pom (692 B at 1.9 kB/s)
[INFO] Downloading from jboss-public-repository: https://repository.jboss.org/nexus/content/groups/public/org/codehaus/plexus/plexus-compiler-javac/2.8.4/plexus-compiler-javac-2.8.4.pom
[INFO] Downloading from central: https://repo.maven.apache.org/maven2/org/codehaus/plexus/plexus-compiler-javac/2.8.4/plexus-compiler-javac-2.8.4.pom
[INFO] Downloaded from central: https://repo.maven.apache.org/maven2/org/codehaus/plexus/plexus-compiler-javac/2.8.4/plexus-compiler-javac-2.8.4.pom (771 B at 2.1 kB/s)
[INFO] Downloading from jboss-public-repository: https://repository.jboss.org/nexus/content/groups/public/org/codehaus/plexus/plexus-compilers/2.8.4/plexus-compilers-2.8.4.pom
[INFO] Downloading from central: https://repo.maven.apache.org/maven2/org/codehaus/plexus/plexus-compilers/2.8.4/plexus-compilers-2.8.4.pom
[INFO] Downloaded from central: https://repo.maven.apache.org/maven2/org/codehaus/plexus/plexus-compilers/2.8.4/plexus-compilers-2.8.4.pom (1.3 kB at 3.5 kB/s)
[INFO] Downloading from jboss-public-repository: https://repository.jboss.org/nexus/content/groups/public/org/apache/maven/shared/maven-shared-incremental/1.1/maven-shared-incremental-1.1.jar
[INFO] Downloading from jboss-public-repository: https://repository.jboss.org/nexus/content/groups/public/org/codehaus/plexus/plexus-java/0.9.10/plexus-java-0.9.10.jar
[INFO] Downloading from jboss-public-repository: https://repository.jboss.org/nexus/content/groups/public/org/ow2/asm/asm/6.2/asm-6.2.jar
[INFO] Downloading from jboss-public-repository: https://repository.jboss.org/nexus/content/groups/public/com/thoughtworks/qdox/qdox/2.0-M9/qdox-2.0-M9.jar
[INFO] Downloading from jboss-public-repository: https://repository.jboss.org/nexus/content/groups/public/org/codehaus/plexus/plexus-compiler-api/2.8.4/plexus-compiler-api-2.8.4.jar
[INFO] Downloading from jboss-public-repository: https://repository.jboss.org/nexus/content/groups/public/org/codehaus/plexus/plexus-compiler-manager/2.8.4/plexus-compiler-manager-2.8.4.jar
[INFO] Downloading from jboss-public-repository: https://repository.jboss.org/nexus/content/groups/public/org/codehaus/plexus/plexus-compiler-javac/2.8.4/plexus-compiler-javac-2.8.4.jar
[INFO] Downloading from central: https://repo.maven.apache.org/maven2/org/apache/maven/shared/maven-shared-incremental/1.1/maven-shared-incremental-1.1.jar
[INFO] Downloading from central: https://repo.maven.apache.org/maven2/org/codehaus/plexus/plexus-java/0.9.10/plexus-java-0.9.10.jar
[INFO] Downloading from central: https://repo.maven.apache.org/maven2/org/ow2/asm/asm/6.2/asm-6.2.jar
[INFO] Downloading from central: https://repo.maven.apache.org/maven2/com/thoughtworks/qdox/qdox/2.0-M9/qdox-2.0-M9.jar
[INFO] Downloading from central: https://repo.maven.apache.org/maven2/org/codehaus/plexus/plexus-compiler-api/2.8.4/plexus-compiler-api-2.8.4.jar
[INFO] Downloaded from central: https://repo.maven.apache.org/maven2/org/apache/maven/shared/maven-shared-incremental/1.1/maven-shared-incremental-1.1.jar (14 kB at 36 kB/s)
[INFO] Downloading from central: https://repo.maven.apache.org/maven2/org/codehaus/plexus/plexus-compiler-manager/2.8.4/plexus-compiler-manager-2.8.4.jar
[INFO] Downloaded from central: https://repo.maven.apache.org/maven2/org/codehaus/plexus/plexus-java/0.9.10/plexus-java-0.9.10.jar (39 kB at 85 kB/s)
[INFO] Downloading from central: https://repo.maven.apache.org/maven2/org/codehaus/plexus/plexus-compiler-javac/2.8.4/plexus-compiler-javac-2.8.4.jar
[INFO] Downloaded from central: https://repo.maven.apache.org/maven2/org/ow2/asm/asm/6.2/asm-6.2.jar (111 kB at 209 kB/s)
[INFO] Downloaded from central: https://repo.maven.apache.org/maven2/org/codehaus/plexus/plexus-compiler-manager/2.8.4/plexus-compiler-manager-2.8.4.jar (4.7 kB at 6.4 kB/s)
[INFO] Downloaded from central: https://repo.maven.apache.org/maven2/com/thoughtworks/qdox/qdox/2.0-M9/qdox-2.0-M9.jar (317 kB at 420 kB/s)
[INFO] Downloaded from central: https://repo.maven.apache.org/maven2/org/codehaus/plexus/plexus-compiler-api/2.8.4/plexus-compiler-api-2.8.4.jar (27 kB at 35 kB/s)
[INFO] Downloaded from central: https://repo.maven.apache.org/maven2/org/codehaus/plexus/plexus-compiler-javac/2.8.4/plexus-compiler-javac-2.8.4.jar (21 kB at 25 kB/s)
[INFO] Changes detected - recompiling the module!
[INFO] Compiling 12 source files to /workspace/target/classes
[WARNING] bootstrap class path not set in conjunction with -source 8
[WARNING] /workspace/src/main/java/org/jboss/pnc/common/Json.java:[18,60] unchecked cast
  required: T
  found:    java.lang.Number
[WARNING] /workspace/src/main/java/org/jboss/pnc/common/Json.java:[22,52] unchecked cast
  required: T
  found:    java.lang.Long
[INFO] 
[INFO] --- maven-resources-plugin:3.1.0:testResources (default-testResources) @ pnc-common ---
[INFO] Using 'UTF-8' encoding to copy filtered resources.
[INFO] skip non existing resourceDirectory /workspace/src/test/resources
[INFO] 
[INFO] --- maven-compiler-plugin:3.8.0-jboss-2:testCompile (default-testCompile) @ pnc-common ---
[INFO] Changes detected - recompiling the module!
[INFO] Compiling 4 source files to /workspace/target/test-classes
[WARNING] bootstrap class path not set in conjunction with -source 8
[INFO] 
[INFO] --- maven-surefire-plugin:2.22.0:test (default-test) @ pnc-common ---
[INFO] Downloading from jboss-public-repository: https://repository.jboss.org/nexus/content/groups/public/org/apache/maven/surefire/maven-surefire-common/2.22.0/maven-surefire-common-2.22.0.pom
[INFO] Downloading from central: https://repo.maven.apache.org/maven2/org/apache/maven/surefire/maven-surefire-common/2.22.0/maven-surefire-common-2.22.0.pom
[INFO] Downloaded from central: https://repo.maven.apache.org/maven2/org/apache/maven/surefire/maven-surefire-common/2.22.0/maven-surefire-common-2.22.0.pom (11 kB at 30 kB/s)
[INFO] Downloading from jboss-public-repository: https://repository.jboss.org/nexus/content/groups/public/org/apache/maven/plugin-tools/maven-plugin-annotations/3.5/maven-plugin-annotations-3.5.pom
[INFO] Downloading from central: https://repo.maven.apache.org/maven2/org/apache/maven/plugin-tools/maven-plugin-annotations/3.5/maven-plugin-annotations-3.5.pom
[INFO] Downloaded from central: https://repo.maven.apache.org/maven2/org/apache/maven/plugin-tools/maven-plugin-annotations/3.5/maven-plugin-annotations-3.5.pom (1.7 kB at 4.3 kB/s)
[INFO] Downloading from jboss-public-repository: https://repository.jboss.org/nexus/content/groups/public/org/apache/maven/plugin-tools/maven-plugin-tools/3.5/maven-plugin-tools-3.5.pom
[INFO] Downloading from central: https://repo.maven.apache.org/maven2/org/apache/maven/plugin-tools/maven-plugin-tools/3.5/maven-plugin-tools-3.5.pom
[INFO] Downloaded from central: https://repo.maven.apache.org/maven2/org/apache/maven/plugin-tools/maven-plugin-tools/3.5/maven-plugin-tools-3.5.pom (16 kB at 42 kB/s)
[INFO] Downloading from jboss-public-repository: https://repository.jboss.org/nexus/content/groups/public/org/apache/maven/surefire/surefire-api/2.22.0/surefire-api-2.22.0.pom
[INFO] Downloading from central: https://repo.maven.apache.org/maven2/org/apache/maven/surefire/surefire-api/2.22.0/surefire-api-2.22.0.pom
[INFO] Downloaded from central: https://repo.maven.apache.org/maven2/org/apache/maven/surefire/surefire-api/2.22.0/surefire-api-2.22.0.pom (3.5 kB at 9.2 kB/s)
[INFO] Downloading from jboss-public-repository: https://repository.jboss.org/nexus/content/groups/public/org/apache/maven/surefire/surefire-logger-api/2.22.0/surefire-logger-api-2.22.0.pom
[INFO] Downloading from central: https://repo.maven.apache.org/maven2/org/apache/maven/surefire/surefire-logger-api/2.22.0/surefire-logger-api-2.22.0.pom
[INFO] Downloaded from central: https://repo.maven.apache.org/maven2/org/apache/maven/surefire/surefire-logger-api/2.22.0/surefire-logger-api-2.22.0.pom (2.0 kB at 5.1 kB/s)
[INFO] Downloading from jboss-public-repository: https://repository.jboss.org/nexus/content/groups/public/org/apache/maven/surefire/surefire-booter/2.22.0/surefire-booter-2.22.0.pom
[INFO] Downloading from central: https://repo.maven.apache.org/maven2/org/apache/maven/surefire/surefire-booter/2.22.0/surefire-booter-2.22.0.pom
[INFO] Downloaded from central: https://repo.maven.apache.org/maven2/org/apache/maven/surefire/surefire-booter/2.22.0/surefire-booter-2.22.0.pom (7.4 kB at 18 kB/s)
[INFO] Downloading from jboss-public-repository: https://repository.jboss.org/nexus/content/groups/public/org/apache/maven/reporting/maven-reporting-api/3.0/maven-reporting-api-3.0.pom
[INFO] Downloading from central: https://repo.maven.apache.org/maven2/org/apache/maven/reporting/maven-reporting-api/3.0/maven-reporting-api-3.0.pom
[INFO] Downloaded from central: https://repo.maven.apache.org/maven2/org/apache/maven/reporting/maven-reporting-api/3.0/maven-reporting-api-3.0.pom (2.4 kB at 6.2 kB/s)
[INFO] Downloading from jboss-public-repository: https://repository.jboss.org/nexus/content/groups/public/org/apache/maven/shared/maven-shared-components/15/maven-shared-components-15.pom
[INFO] Downloading from central: https://repo.maven.apache.org/maven2/org/apache/maven/shared/maven-shared-components/15/maven-shared-components-15.pom
[INFO] Downloaded from central: https://repo.maven.apache.org/maven2/org/apache/maven/shared/maven-shared-components/15/maven-shared-components-15.pom (9.3 kB at 24 kB/s)
[INFO] Downloading from jboss-public-repository: https://repository.jboss.org/nexus/content/groups/public/org/apache/maven/maven-parent/16/maven-parent-16.pom
[INFO] Downloading from central: https://repo.maven.apache.org/maven2/org/apache/maven/maven-parent/16/maven-parent-16.pom
[INFO] Downloaded from central: https://repo.maven.apache.org/maven2/org/apache/maven/maven-parent/16/maven-parent-16.pom (23 kB at 61 kB/s)
[INFO] Downloading from jboss-public-repository: https://repository.jboss.org/nexus/content/groups/public/org/apache/maven/maven-toolchain/2.2.1/maven-toolchain-2.2.1.pom
[INFO] Downloading from central: https://repo.maven.apache.org/maven2/org/apache/maven/maven-toolchain/2.2.1/maven-toolchain-2.2.1.pom
[INFO] Downloaded from central: https://repo.maven.apache.org/maven2/org/apache/maven/maven-toolchain/2.2.1/maven-toolchain-2.2.1.pom (3.3 kB at 8.8 kB/s)
[INFO] Downloading from jboss-public-repository: https://repository.jboss.org/nexus/content/groups/public/org/codehaus/plexus/plexus-java/0.9.8/plexus-java-0.9.8.pom
[INFO] Downloading from central: https://repo.maven.apache.org/maven2/org/codehaus/plexus/plexus-java/0.9.8/plexus-java-0.9.8.pom
[INFO] Downloaded from central: https://repo.maven.apache.org/maven2/org/codehaus/plexus/plexus-java/0.9.8/plexus-java-0.9.8.pom (2.4 kB at 6.1 kB/s)
[INFO] Downloading from jboss-public-repository: https://repository.jboss.org/nexus/content/groups/public/org/codehaus/plexus/plexus-languages/0.9.8/plexus-languages-0.9.8.pom
[INFO] Downloading from central: https://repo.maven.apache.org/maven2/org/codehaus/plexus/plexus-languages/0.9.8/plexus-languages-0.9.8.pom
[INFO] Downloaded from central: https://repo.maven.apache.org/maven2/org/codehaus/plexus/plexus-languages/0.9.8/plexus-languages-0.9.8.pom (2.2 kB at 5.7 kB/s)
[INFO] Downloading from jboss-public-repository: https://repository.jboss.org/nexus/content/groups/public/org/ow2/asm/asm/6.1.1/asm-6.1.1.pom
[INFO] Downloading from central: https://repo.maven.apache.org/maven2/org/ow2/asm/asm/6.1.1/asm-6.1.1.pom
[INFO] Downloaded from central: https://repo.maven.apache.org/maven2/org/ow2/asm/asm/6.1.1/asm-6.1.1.pom (2.9 kB at 7.7 kB/s)
[INFO] Downloading from jboss-public-repository: https://repository.jboss.org/nexus/content/groups/public/com/thoughtworks/qdox/qdox/2.0-M7/qdox-2.0-M7.pom
[INFO] Downloading from central: https://repo.maven.apache.org/maven2/com/thoughtworks/qdox/qdox/2.0-M7/qdox-2.0-M7.pom
[INFO] Downloaded from central: https://repo.maven.apache.org/maven2/com/thoughtworks/qdox/qdox/2.0-M7/qdox-2.0-M7.pom (16 kB at 41 kB/s)
[INFO] Downloading from jboss-public-repository: https://repository.jboss.org/nexus/content/groups/public/org/apache/maven/surefire/maven-surefire-common/2.22.0/maven-surefire-common-2.22.0.jar
[INFO] Downloading from jboss-public-repository: https://repository.jboss.org/nexus/content/groups/public/org/apache/maven/plugin-tools/maven-plugin-annotations/3.5/maven-plugin-annotations-3.5.jar
[INFO] Downloading from jboss-public-repository: https://repository.jboss.org/nexus/content/groups/public/org/apache/maven/surefire/surefire-api/2.22.0/surefire-api-2.22.0.jar
[INFO] Downloading from jboss-public-repository: https://repository.jboss.org/nexus/content/groups/public/org/apache/maven/surefire/surefire-logger-api/2.22.0/surefire-logger-api-2.22.0.jar
[INFO] Downloading from jboss-public-repository: https://repository.jboss.org/nexus/content/groups/public/org/apache/maven/surefire/surefire-booter/2.22.0/surefire-booter-2.22.0.jar
[INFO] Downloading from jboss-public-repository: https://repository.jboss.org/nexus/content/groups/public/org/codehaus/plexus/plexus-utils/1.5.15/plexus-utils-1.5.15.jar
[INFO] Downloading from jboss-public-repository: https://repository.jboss.org/nexus/content/groups/public/junit/junit/4.12/junit-4.12.jar
[INFO] Downloading from jboss-public-repository: https://repository.jboss.org/nexus/content/groups/public/org/apache/maven/reporting/maven-reporting-api/3.0/maven-reporting-api-3.0.jar
[INFO] Downloading from jboss-public-repository: https://repository.jboss.org/nexus/content/groups/public/org/apache/maven/maven-toolchain/2.2.1/maven-toolchain-2.2.1.jar
[INFO] Downloading from jboss-public-repository: https://repository.jboss.org/nexus/content/groups/public/org/codehaus/plexus/plexus-java/0.9.8/plexus-java-0.9.8.jar
[INFO] Downloading from jboss-public-repository: https://repository.jboss.org/nexus/content/groups/public/org/ow2/asm/asm/6.1.1/asm-6.1.1.jar
[INFO] Downloading from jboss-public-repository: https://repository.jboss.org/nexus/content/groups/public/com/thoughtworks/qdox/qdox/2.0-M7/qdox-2.0-M7.jar
[INFO] Downloading from central: https://repo.maven.apache.org/maven2/org/apache/maven/surefire/maven-surefire-common/2.22.0/maven-surefire-common-2.22.0.jar
[INFO] Downloading from central: https://repo.maven.apache.org/maven2/org/apache/maven/plugin-tools/maven-plugin-annotations/3.5/maven-plugin-annotations-3.5.jar
[INFO] Downloading from central: https://repo.maven.apache.org/maven2/org/apache/maven/surefire/surefire-api/2.22.0/surefire-api-2.22.0.jar
[INFO] Downloading from central: https://repo.maven.apache.org/maven2/org/apache/maven/surefire/surefire-logger-api/2.22.0/surefire-logger-api-2.22.0.jar
[INFO] Downloading from central: https://repo.maven.apache.org/maven2/org/apache/maven/surefire/surefire-booter/2.22.0/surefire-booter-2.22.0.jar
[INFO] Downloaded from central: https://repo.maven.apache.org/maven2/org/apache/maven/plugin-tools/maven-plugin-annotations/3.5/maven-plugin-annotations-3.5.jar (14 kB at 37 kB/s)
[INFO] Downloading from central: https://repo.maven.apache.org/maven2/org/codehaus/plexus/plexus-utils/1.5.15/plexus-utils-1.5.15.jar
[INFO] Downloaded from central: https://repo.maven.apache.org/maven2/org/apache/maven/surefire/surefire-logger-api/2.22.0/surefire-logger-api-2.22.0.jar (13 kB at 32 kB/s)
[INFO] Downloading from central: https://repo.maven.apache.org/maven2/junit/junit/4.12/junit-4.12.jar
[INFO] Downloaded from central: https://repo.maven.apache.org/maven2/org/apache/maven/surefire/surefire-booter/2.22.0/surefire-booter-2.22.0.jar (273 kB at 573 kB/s)
[INFO] Downloading from central: https://repo.maven.apache.org/maven2/org/apache/maven/reporting/maven-reporting-api/3.0/maven-reporting-api-3.0.jar
[INFO] Downloaded from central: https://repo.maven.apache.org/maven2/org/apache/maven/surefire/surefire-api/2.22.0/surefire-api-2.22.0.jar (186 kB at 364 kB/s)
[INFO] Downloading from central: https://repo.maven.apache.org/maven2/org/apache/maven/maven-toolchain/2.2.1/maven-toolchain-2.2.1.jar
[INFO] Downloaded from central: https://repo.maven.apache.org/maven2/org/apache/maven/surefire/maven-surefire-common/2.22.0/maven-surefire-common-2.22.0.jar (524 kB at 684 kB/s)
[INFO] Downloading from central: https://repo.maven.apache.org/maven2/org/codehaus/plexus/plexus-java/0.9.8/plexus-java-0.9.8.jar
[INFO] Downloaded from central: https://repo.maven.apache.org/maven2/org/apache/maven/maven-toolchain/2.2.1/maven-toolchain-2.2.1.jar (38 kB at 43 kB/s)
[INFO] Downloading from central: https://repo.maven.apache.org/maven2/org/ow2/asm/asm/6.1.1/asm-6.1.1.jar
[INFO] Downloaded from central: https://repo.maven.apache.org/maven2/org/apache/maven/reporting/maven-reporting-api/3.0/maven-reporting-api-3.0.jar (11 kB at 12 kB/s)
[INFO] Downloading from central: https://repo.maven.apache.org/maven2/com/thoughtworks/qdox/qdox/2.0-M7/qdox-2.0-M7.jar
[INFO] Downloaded from central: https://repo.maven.apache.org/maven2/org/codehaus/plexus/plexus-utils/1.5.15/plexus-utils-1.5.15.jar (228 kB at 255 kB/s)
[INFO] Downloaded from central: https://repo.maven.apache.org/maven2/org/codehaus/plexus/plexus-java/0.9.8/plexus-java-0.9.8.jar (35 kB at 30 kB/s)
[INFO] Downloaded from central: https://repo.maven.apache.org/maven2/junit/junit/4.12/junit-4.12.jar (315 kB at 258 kB/s)
[INFO] Downloaded from central: https://repo.maven.apache.org/maven2/org/ow2/asm/asm/6.1.1/asm-6.1.1.jar (108 kB at 87 kB/s)
[INFO] Downloaded from central: https://repo.maven.apache.org/maven2/com/thoughtworks/qdox/qdox/2.0-M7/qdox-2.0-M7.jar (315 kB at 224 kB/s)
[INFO] Downloading from jboss-public-repository: https://repository.jboss.org/nexus/content/groups/public/org/apache/maven/surefire/surefire-junit-platform/2.22.0/surefire-junit-platform-2.22.0.pom
[INFO] Downloading from central: https://repo.maven.apache.org/maven2/org/apache/maven/surefire/surefire-junit-platform/2.22.0/surefire-junit-platform-2.22.0.pom
[INFO] Downloaded from central: https://repo.maven.apache.org/maven2/org/apache/maven/surefire/surefire-junit-platform/2.22.0/surefire-junit-platform-2.22.0.pom (7.0 kB at 15 kB/s)
[INFO] Downloading from jboss-public-repository: https://repository.jboss.org/nexus/content/groups/public/org/apache/maven/surefire/surefire-providers/2.22.0/surefire-providers-2.22.0.pom
[INFO] Downloading from central: https://repo.maven.apache.org/maven2/org/apache/maven/surefire/surefire-providers/2.22.0/surefire-providers-2.22.0.pom
[INFO] Downloaded from central: https://repo.maven.apache.org/maven2/org/apache/maven/surefire/surefire-providers/2.22.0/surefire-providers-2.22.0.pom (2.5 kB at 5.6 kB/s)
[INFO] Downloading from jboss-public-repository: https://repository.jboss.org/nexus/content/groups/public/org/junit/platform/junit-platform-launcher/1.2.0/junit-platform-launcher-1.2.0.pom
[INFO] Downloading from central: https://repo.maven.apache.org/maven2/org/junit/platform/junit-platform-launcher/1.2.0/junit-platform-launcher-1.2.0.pom
[INFO] Downloaded from central: https://repo.maven.apache.org/maven2/org/junit/platform/junit-platform-launcher/1.2.0/junit-platform-launcher-1.2.0.pom (2.2 kB at 4.7 kB/s)
[INFO] Downloading from jboss-public-repository: https://repository.jboss.org/nexus/content/groups/public/org/apiguardian/apiguardian-api/1.0.0/apiguardian-api-1.0.0.pom
[INFO] Downloading from central: https://repo.maven.apache.org/maven2/org/apiguardian/apiguardian-api/1.0.0/apiguardian-api-1.0.0.pom
[INFO] Downloaded from central: https://repo.maven.apache.org/maven2/org/apiguardian/apiguardian-api/1.0.0/apiguardian-api-1.0.0.pom (1.2 kB at 2.8 kB/s)
[INFO] Downloading from jboss-public-repository: https://repository.jboss.org/nexus/content/groups/public/org/junit/platform/junit-platform-engine/1.2.0/junit-platform-engine-1.2.0.pom
[INFO] Downloading from central: https://repo.maven.apache.org/maven2/org/junit/platform/junit-platform-engine/1.2.0/junit-platform-engine-1.2.0.pom
[INFO] Downloaded from central: https://repo.maven.apache.org/maven2/org/junit/platform/junit-platform-engine/1.2.0/junit-platform-engine-1.2.0.pom (2.4 kB at 5.3 kB/s)
[INFO] Downloading from jboss-public-repository: https://repository.jboss.org/nexus/content/groups/public/org/junit/platform/junit-platform-commons/1.2.0/junit-platform-commons-1.2.0.pom
[INFO] Downloading from central: https://repo.maven.apache.org/maven2/org/junit/platform/junit-platform-commons/1.2.0/junit-platform-commons-1.2.0.pom
[INFO] Downloaded from central: https://repo.maven.apache.org/maven2/org/junit/platform/junit-platform-commons/1.2.0/junit-platform-commons-1.2.0.pom (2.0 kB at 4.4 kB/s)
[INFO] Downloading from jboss-public-repository: https://repository.jboss.org/nexus/content/groups/public/org/opentest4j/opentest4j/1.1.0/opentest4j-1.1.0.pom
[INFO] Downloading from central: https://repo.maven.apache.org/maven2/org/opentest4j/opentest4j/1.1.0/opentest4j-1.1.0.pom
[INFO] Downloaded from central: https://repo.maven.apache.org/maven2/org/opentest4j/opentest4j/1.1.0/opentest4j-1.1.0.pom (1.7 kB at 3.8 kB/s)
[INFO] Downloading from jboss-public-repository: https://repository.jboss.org/nexus/content/groups/public/org/apache/maven/surefire/surefire-junit-platform/2.22.0/surefire-junit-platform-2.22.0.jar
[INFO] Downloading from jboss-public-repository: https://repository.jboss.org/nexus/content/groups/public/org/junit/platform/junit-platform-launcher/1.2.0/junit-platform-launcher-1.2.0.jar
[INFO] Downloading from jboss-public-repository: https://repository.jboss.org/nexus/content/groups/public/org/junit/platform/junit-platform-engine/1.2.0/junit-platform-engine-1.2.0.jar
[INFO] Downloading from jboss-public-repository: https://repository.jboss.org/nexus/content/groups/public/org/apiguardian/apiguardian-api/1.0.0/apiguardian-api-1.0.0.jar
[INFO] Downloading from jboss-public-repository: https://repository.jboss.org/nexus/content/groups/public/org/junit/platform/junit-platform-commons/1.2.0/junit-platform-commons-1.2.0.jar
[INFO] Downloading from central: https://repo.maven.apache.org/maven2/org/apache/maven/surefire/surefire-junit-platform/2.22.0/surefire-junit-platform-2.22.0.jar
[INFO] Downloading from central: https://repo.maven.apache.org/maven2/org/junit/platform/junit-platform-launcher/1.2.0/junit-platform-launcher-1.2.0.jar
[INFO] Downloading from central: https://repo.maven.apache.org/maven2/org/junit/platform/junit-platform-commons/1.2.0/junit-platform-commons-1.2.0.jar
[INFO] Downloading from central: https://repo.maven.apache.org/maven2/org/junit/platform/junit-platform-engine/1.2.0/junit-platform-engine-1.2.0.jar
[INFO] Downloading from central: https://repo.maven.apache.org/maven2/org/apiguardian/apiguardian-api/1.0.0/apiguardian-api-1.0.0.jar
[INFO] Downloaded from central: https://repo.maven.apache.org/maven2/org/apache/maven/surefire/surefire-junit-platform/2.22.0/surefire-junit-platform-2.22.0.jar (66 kB at 154 kB/s)
[INFO] Downloading from jboss-public-repository: https://repository.jboss.org/nexus/content/groups/public/org/opentest4j/opentest4j/1.1.0/opentest4j-1.1.0.jar
[INFO] Downloaded from central: https://repo.maven.apache.org/maven2/org/junit/platform/junit-platform-launcher/1.2.0/junit-platform-launcher-1.2.0.jar (80 kB at 219 kB/s)
[INFO] Downloaded from central: https://repo.maven.apache.org/maven2/org/apiguardian/apiguardian-api/1.0.0/apiguardian-api-1.0.0.jar (2.2 kB at 5.8 kB/s)
[INFO] Downloaded from central: https://repo.maven.apache.org/maven2/org/junit/platform/junit-platform-engine/1.2.0/junit-platform-engine-1.2.0.jar (90 kB at 225 kB/s)
[INFO] Downloaded from central: https://repo.maven.apache.org/maven2/org/junit/platform/junit-platform-commons/1.2.0/junit-platform-commons-1.2.0.jar (78 kB at 177 kB/s)
[INFO] Downloading from central: https://repo.maven.apache.org/maven2/org/opentest4j/opentest4j/1.1.0/opentest4j-1.1.0.jar
[INFO] Downloaded from central: https://repo.maven.apache.org/maven2/org/opentest4j/opentest4j/1.1.0/opentest4j-1.1.0.jar (6.8 kB at 18 kB/s)
[INFO] 
[INFO] -------------------------------------------------------
[INFO]  T E S T S
[INFO] -------------------------------------------------------
[INFO] Running org.jboss.pnc.common.StringsTest
[INFO] Tests run: 4, Failures: 0, Errors: 0, Skipped: 0, Time elapsed: 0.024 s - in org.jboss.pnc.common.StringsTest
[INFO] Running org.jboss.pnc.common.security.Md5Test
[INFO] Tests run: 3, Failures: 0, Errors: 0, Skipped: 0, Time elapsed: 0 s - in org.jboss.pnc.common.security.Md5Test
[INFO] Running org.jboss.pnc.common.security.Sha256Test
[INFO] Tests run: 3, Failures: 0, Errors: 0, Skipped: 0, Time elapsed: 0 s - in org.jboss.pnc.common.security.Sha256Test
[INFO] Running org.jboss.pnc.common.NumbersTest
AAAAAAAAEJI
CERBB5D55GARK
AAAAAAAAAAIJE
P777777777776
QAAAAAAAAAAAA
AAAAAAAAAAAAA
7777777777776
2222222222222
[INFO] Tests run: 5, Failures: 0, Errors: 0, Skipped: 0, Time elapsed: 0.001 s - in org.jboss.pnc.common.NumbersTest
[INFO] 
[INFO] Results:
[INFO] 
[INFO] Tests run: 15, Failures: 0, Errors: 0, Skipped: 0
[INFO] 
[INFO] ------------------------------------------------------------------------
[INFO] BUILD SUCCESS
[INFO] ------------------------------------------------------------------------
[INFO] Total time:  52.101 s
[INFO] Finished at: 2026-08-23T22:52:00Z
[INFO] ------------------------------------------------------------------------
