[INFO] Scanning for projects...
[INFO] Downloading from central: https://repo.maven.apache.org/maven2/io/packagecloud/maven/wagon/maven-packagecloud-wagon/0.0.6/maven-packagecloud-wagon-0.0.6.pom
[INFO] Downloaded from central: https://repo.maven.apache.org/maven2/io/packagecloud/maven/wagon/maven-packagecloud-wagon/0.0.6/maven-packagecloud-wagon-0.0.6.pom (4.6 kB at 6.2 kB/s)
[INFO] Downloading from central: https://repo.maven.apache.org/maven2/org/apache/httpcomponents/httpmime/4.3.5/httpmime-4.3.5.pom
[INFO] Downloaded from central: https://repo.maven.apache.org/maven2/org/apache/httpcomponents/httpmime/4.3.5/httpmime-4.3.5.pom (4.8 kB at 20 kB/s)
[INFO] Downloading from central: https://repo.maven.apache.org/maven2/io/packagecloud/maven/wagon/maven-packagecloud-wagon/0.0.6/maven-packagecloud-wagon-0.0.6.jar
[INFO] Downloaded from central: https://repo.maven.apache.org/maven2/io/packagecloud/maven/wagon/maven-packagecloud-wagon/0.0.6/maven-packagecloud-wagon-0.0.6.jar (12 kB at 56 kB/s)
[INFO] Downloading from central: https://repo.maven.apache.org/maven2/org/apache/httpcomponents/httpmime/4.3.5/httpmime-4.3.5.jar
[INFO] Downloaded from central: https://repo.maven.apache.org/maven2/org/apache/httpcomponents/httpmime/4.3.5/httpmime-4.3.5.jar (37 kB at 163 kB/s)
[INFO] 
[INFO] -------------------< com.rabbitmq.jms:rabbitmq-jms >--------------------
[INFO] Building rabbitmq-jms 2.6.0-SNAPSHOT
[INFO]   from pom.xml
[INFO] --------------------------------[ jar ]---------------------------------
[INFO] Downloading from central: https://repo.maven.apache.org/maven2/org/apache/maven/plugins/maven-javadoc-plugin/3.4.1/maven-javadoc-plugin-3.4.1.pom
[INFO] Downloaded from central: https://repo.maven.apache.org/maven2/org/apache/maven/plugins/maven-javadoc-plugin/3.4.1/maven-javadoc-plugin-3.4.1.pom (21 kB at 72 kB/s)
[INFO] Downloading from central: https://repo.maven.apache.org/maven2/org/apache/maven/plugins/maven-javadoc-plugin/3.4.1/maven-javadoc-plugin-3.4.1.jar
[INFO] Downloaded from central: https://repo.maven.apache.org/maven2/org/apache/maven/plugins/maven-javadoc-plugin/3.4.1/maven-javadoc-plugin-3.4.1.jar (523 kB at 727 kB/s)
[INFO] Downloading from ossrh: https://oss.sonatype.org/content/repositories/releases/javax/jms/jms/1.1/jms-1.1.pom
[INFO] Downloaded from ossrh: https://oss.sonatype.org/content/repositories/releases/javax/jms/jms/1.1/jms-1.1.pom (677 B at 491 B/s)
[INFO] Downloading from ossrh: https://oss.sonatype.org/content/repositories/releases/com/rabbitmq/amqp-client/5.15.0/amqp-client-5.15.0.pom
[INFO] Downloaded from ossrh: https://oss.sonatype.org/content/repositories/releases/com/rabbitmq/amqp-client/5.15.0/amqp-client-5.15.0.pom (37 kB at 57 kB/s)
[INFO] Downloading from ossrh: https://oss.sonatype.org/content/repositories/releases/org/slf4j/slf4j-api/2.0.0/slf4j-api-2.0.0.pom
[INFO] Downloaded from ossrh: https://oss.sonatype.org/content/repositories/releases/org/slf4j/slf4j-api/2.0.0/slf4j-api-2.0.0.pom (1.6 kB at 2.5 kB/s)
[INFO] Downloading from ossrh: https://oss.sonatype.org/content/repositories/releases/org/slf4j/slf4j-parent/2.0.0/slf4j-parent-2.0.0.pom
[INFO] Downloaded from ossrh: https://oss.sonatype.org/content/repositories/releases/org/slf4j/slf4j-parent/2.0.0/slf4j-parent-2.0.0.pom (16 kB at 25 kB/s)
[INFO] Downloading from ossrh: https://oss.sonatype.org/content/repositories/releases/net/bytebuddy/byte-buddy-parent/1.12.13/byte-buddy-parent-1.12.13.pom
[INFO] Downloaded from ossrh: https://oss.sonatype.org/content/repositories/releases/net/bytebuddy/byte-buddy-parent/1.12.13/byte-buddy-parent-1.12.13.pom (52 kB at 79 kB/s)
[INFO] Downloading from ossrh: https://oss.sonatype.org/content/repositories/releases/net/bytebuddy/byte-buddy-agent/1.12.13/byte-buddy-agent-1.12.13.pom
[INFO] Downloaded from ossrh: https://oss.sonatype.org/content/repositories/releases/net/bytebuddy/byte-buddy-agent/1.12.13/byte-buddy-agent-1.12.13.pom (11 kB at 18 kB/s)
[INFO] Downloading from ossrh: https://oss.sonatype.org/content/repositories/releases/org/springframework/spring-jms/5.3.22/spring-jms-5.3.22.pom
[INFO] Downloaded from ossrh: https://oss.sonatype.org/content/repositories/releases/org/springframework/spring-jms/5.3.22/spring-jms-5.3.22.pom (2.6 kB at 4.0 kB/s)
[INFO] Downloading from ossrh: https://oss.sonatype.org/content/repositories/releases/org/springframework/spring-beans/5.3.22/spring-beans-5.3.22.pom
[INFO] Downloaded from ossrh: https://oss.sonatype.org/content/repositories/releases/org/springframework/spring-beans/5.3.22/spring-beans-5.3.22.pom (2.0 kB at 3.2 kB/s)
[INFO] Downloading from ossrh: https://oss.sonatype.org/content/repositories/releases/org/springframework/spring-core/5.3.22/spring-core-5.3.22.pom
[INFO] Downloaded from ossrh: https://oss.sonatype.org/content/repositories/releases/org/springframework/spring-core/5.3.22/spring-core-5.3.22.pom (2.0 kB at 3.1 kB/s)
[INFO] Downloading from ossrh: https://oss.sonatype.org/content/repositories/releases/org/springframework/spring-jcl/5.3.22/spring-jcl-5.3.22.pom
[INFO] Downloaded from ossrh: https://oss.sonatype.org/content/repositories/releases/org/springframework/spring-jcl/5.3.22/spring-jcl-5.3.22.pom (1.8 kB at 2.9 kB/s)
[INFO] Downloading from ossrh: https://oss.sonatype.org/content/repositories/releases/org/springframework/spring-messaging/5.3.22/spring-messaging-5.3.22.pom
[INFO] Downloaded from ossrh: https://oss.sonatype.org/content/repositories/releases/org/springframework/spring-messaging/5.3.22/spring-messaging-5.3.22.pom (2.2 kB at 3.4 kB/s)
[INFO] Downloading from ossrh: https://oss.sonatype.org/content/repositories/releases/org/springframework/spring-tx/5.3.22/spring-tx-5.3.22.pom
[INFO] Downloaded from ossrh: https://oss.sonatype.org/content/repositories/releases/org/springframework/spring-tx/5.3.22/spring-tx-5.3.22.pom (2.2 kB at 3.4 kB/s)
[INFO] Downloading from ossrh: https://oss.sonatype.org/content/repositories/releases/org/springframework/spring-context/5.3.22/spring-context-5.3.22.pom
[INFO] Downloaded from ossrh: https://oss.sonatype.org/content/repositories/releases/org/springframework/spring-context/5.3.22/spring-context-5.3.22.pom (2.6 kB at 4.0 kB/s)
[INFO] Downloading from ossrh: https://oss.sonatype.org/content/repositories/releases/org/springframework/spring-aop/5.3.22/spring-aop-5.3.22.pom
[INFO] Downloaded from ossrh: https://oss.sonatype.org/content/repositories/releases/org/springframework/spring-aop/5.3.22/spring-aop-5.3.22.pom (2.2 kB at 3.4 kB/s)
[INFO] Downloading from ossrh: https://oss.sonatype.org/content/repositories/releases/org/springframework/spring-expression/5.3.22/spring-expression-5.3.22.pom
[INFO] Downloaded from ossrh: https://oss.sonatype.org/content/repositories/releases/org/springframework/spring-expression/5.3.22/spring-expression-5.3.22.pom (2.1 kB at 3.2 kB/s)
[INFO] Downloading from ossrh: https://oss.sonatype.org/content/repositories/releases/javax/jms/jms/1.1/jms-1.1.jar
[INFO] Downloading from ossrh: https://oss.sonatype.org/content/repositories/releases/com/rabbitmq/amqp-client/5.15.0/amqp-client-5.15.0.jar
[INFO] Downloading from ossrh: https://oss.sonatype.org/content/repositories/releases/org/slf4j/slf4j-api/2.0.0/slf4j-api-2.0.0.jar
[INFO] Downloading from ossrh: https://oss.sonatype.org/content/repositories/releases/org/mockito/mockito-core/4.7.0/mockito-core-4.7.0.jar
[INFO] Downloading from ossrh: https://oss.sonatype.org/content/repositories/releases/net/bytebuddy/byte-buddy/1.12.13/byte-buddy-1.12.13.jar
[INFO] Downloading from ossrh: https://oss.sonatype.org/content/repositories/releases/net/bytebuddy/byte-buddy-agent/1.12.13/byte-buddy-agent-1.12.13.jar
[INFO] Downloaded from ossrh: https://oss.sonatype.org/content/repositories/releases/org/slf4j/slf4j-api/2.0.0/slf4j-api-2.0.0.jar (61 kB at 87 kB/s)
[INFO] Downloading from ossrh: https://oss.sonatype.org/content/repositories/releases/org/springframework/spring-jms/5.3.22/spring-jms-5.3.22.jar
[INFO] Downloaded from ossrh: https://oss.sonatype.org/content/repositories/releases/com/rabbitmq/amqp-client/5.15.0/amqp-client-5.15.0.jar (654 kB at 393 kB/s)
[INFO] Downloading from ossrh: https://oss.sonatype.org/content/repositories/releases/org/springframework/spring-beans/5.3.22/spring-beans-5.3.22.jar
[INFO] Downloaded from ossrh: https://oss.sonatype.org/content/repositories/releases/net/bytebuddy/byte-buddy-agent/1.12.13/byte-buddy-agent-1.12.13.jar (256 kB at 141 kB/s)
[INFO] Downloading from ossrh: https://oss.sonatype.org/content/repositories/releases/org/springframework/spring-core/5.3.22/spring-core-5.3.22.jar
[INFO] Downloaded from ossrh: https://oss.sonatype.org/content/repositories/releases/org/mockito/mockito-core/4.7.0/mockito-core-4.7.0.jar (669 kB at 329 kB/s)
[INFO] Downloading from ossrh: https://oss.sonatype.org/content/repositories/releases/org/springframework/spring-jcl/5.3.22/spring-jcl-5.3.22.jar
[INFO] Downloaded from ossrh: https://oss.sonatype.org/content/repositories/releases/org/springframework/spring-jms/5.3.22/spring-jms-5.3.22.jar (268 kB at 119 kB/s)
[INFO] Downloading from ossrh: https://oss.sonatype.org/content/repositories/releases/org/springframework/spring-messaging/5.3.22/spring-messaging-5.3.22.jar
[INFO] Downloaded from ossrh: https://oss.sonatype.org/content/repositories/releases/net/bytebuddy/byte-buddy/1.12.13/byte-buddy-1.12.13.jar (3.9 MB at 1.4 MB/s)
[INFO] Downloading from ossrh: https://oss.sonatype.org/content/repositories/releases/org/springframework/spring-tx/5.3.22/spring-tx-5.3.22.jar
[INFO] Downloaded from ossrh: https://oss.sonatype.org/content/repositories/releases/org/springframework/spring-beans/5.3.22/spring-beans-5.3.22.jar (699 kB at 260 kB/s)
[INFO] Downloading from ossrh: https://oss.sonatype.org/content/repositories/releases/org/springframework/spring-context/5.3.22/spring-context-5.3.22.jar
[INFO] Downloaded from ossrh: https://oss.sonatype.org/content/repositories/releases/org/springframework/spring-jcl/5.3.22/spring-jcl-5.3.22.jar (24 kB at 9.1 kB/s)
[INFO] Downloading from ossrh: https://oss.sonatype.org/content/repositories/releases/org/springframework/spring-aop/5.3.22/spring-aop-5.3.22.jar
[INFO] Downloaded from ossrh: https://oss.sonatype.org/content/repositories/releases/org/springframework/spring-core/5.3.22/spring-core-5.3.22.jar (1.5 MB at 539 kB/s)
[INFO] Downloading from ossrh: https://oss.sonatype.org/content/repositories/releases/org/springframework/spring-expression/5.3.22/spring-expression-5.3.22.jar
[INFO] Downloaded from ossrh: https://oss.sonatype.org/content/repositories/releases/org/springframework/spring-messaging/5.3.22/spring-messaging-5.3.22.jar (568 kB at 188 kB/s)
[INFO] Downloaded from ossrh: https://oss.sonatype.org/content/repositories/releases/org/springframework/spring-context/5.3.22/spring-context-5.3.22.jar (1.3 MB at 379 kB/s)
[INFO] Downloaded from ossrh: https://oss.sonatype.org/content/repositories/releases/org/springframework/spring-tx/5.3.22/spring-tx-5.3.22.jar (333 kB at 99 kB/s)
[INFO] Downloaded from ossrh: https://oss.sonatype.org/content/repositories/releases/org/springframework/spring-expression/5.3.22/spring-expression-5.3.22.jar (289 kB at 84 kB/s)
[INFO] Downloaded from ossrh: https://oss.sonatype.org/content/repositories/releases/org/springframework/spring-aop/5.3.22/spring-aop-5.3.22.jar (383 kB at 106 kB/s)
[INFO] Downloading from jboss.org: https://repository.jboss.org/nexus/content/groups/public-jboss/javax/jms/jms/1.1/jms-1.1.jar
[INFO] Downloaded from jboss.org: https://repository.jboss.org/nexus/content/groups/public-jboss/javax/jms/jms/1.1/jms-1.1.jar (26 kB at 31 kB/s)
[INFO] 
[INFO] --- clean:3.2.0:clean (default-clean) @ rabbitmq-jms ---
[INFO] 
[INFO] --- resources:3.3.1:resources (default-resources) @ rabbitmq-jms ---
[INFO] skip non existing resourceDirectory /tmp/marshal-slf4j-screen-rabbit-a1-20260824/src/main/resources
[INFO] 
[INFO] --- compiler:3.10.1:compile (default-compile) @ rabbitmq-jms ---
[INFO] Changes detected - recompiling the module!
[INFO] Compiling 76 source files to /tmp/marshal-slf4j-screen-rabbit-a1-20260824/target/classes
[INFO] /tmp/marshal-slf4j-screen-rabbit-a1-20260824/src/main/java/com/rabbitmq/jms/admin/RMQConnectionFactory.java: /tmp/marshal-slf4j-screen-rabbit-a1-20260824/src/main/java/com/rabbitmq/jms/admin/RMQConnectionFactory.java uses unchecked or unsafe operations.
[INFO] /tmp/marshal-slf4j-screen-rabbit-a1-20260824/src/main/java/com/rabbitmq/jms/admin/RMQConnectionFactory.java: Recompile with -Xlint:unchecked for details.
[INFO] 
[INFO] --- resources:3.3.1:testResources (default-testResources) @ rabbitmq-jms ---
[INFO] Copying 1 resource from src/test/resources to target/test-classes
[INFO] 
[INFO] --- compiler:3.10.1:testCompile (default-testCompile) @ rabbitmq-jms ---
[INFO] Changes detected - recompiling the module!
[INFO] Compiling 82 source files to /tmp/marshal-slf4j-screen-rabbit-a1-20260824/target/test-classes
[INFO] /tmp/marshal-slf4j-screen-rabbit-a1-20260824/src/test/java/com/rabbitmq/jms/parse/sql/SqlTypeSetterVisitorTest.java: /tmp/marshal-slf4j-screen-rabbit-a1-20260824/src/test/java/com/rabbitmq/jms/parse/sql/SqlTypeSetterVisitorTest.java uses unchecked or unsafe operations.
[INFO] /tmp/marshal-slf4j-screen-rabbit-a1-20260824/src/test/java/com/rabbitmq/jms/parse/sql/SqlTypeSetterVisitorTest.java: Recompile with -Xlint:unchecked for details.
[INFO] 
[INFO] --- surefire:2.22.2:test (default-test) @ rabbitmq-jms ---
[INFO] 
[INFO] -------------------------------------------------------
[INFO]  T E S T S
[INFO] -------------------------------------------------------
[INFO] Running com.rabbitmq.jms.admin.RMQConnectionFactoryTest
SLF4J: No SLF4J providers were found.
SLF4J: Defaulting to no-operation (NOP) logger implementation
SLF4J: See http://www.slf4j.org/codes.html#noProviders for further details.
SLF4J: Class path contains SLF4J bindings targeting slf4j-api versions prior to 1.8.
SLF4J: Ignoring binding found at [jar:file:/home/zhihao/.m2/repository/ch/qos/logback/logback-classic/1.2.11/logback-classic-1.2.11.jar!/org/slf4j/impl/StaticLoggerBinder.class]
SLF4J: See http://www.slf4j.org/codes.html#ignoredBindings for an explanation.
[INFO] Tests run: 12, Failures: 0, Errors: 0, Skipped: 0, Time elapsed: 0.588 s - in com.rabbitmq.jms.admin.RMQConnectionFactoryTest
[INFO] Running com.rabbitmq.jms.admin.RMQDestinationTest
[INFO] Tests run: 5, Failures: 0, Errors: 0, Skipped: 0, Time elapsed: 0 s - in com.rabbitmq.jms.admin.RMQDestinationTest
[INFO] Running com.rabbitmq.jms.admin.RMQObjectFactoryTest
[INFO] Tests run: 14, Failures: 0, Errors: 0, Skipped: 0, Time elapsed: 0.01 s - in com.rabbitmq.jms.admin.RMQObjectFactoryTest
[INFO] Running com.rabbitmq.jms.util.TestAbortableHolder
[INFO] Tests run: 6, Failures: 0, Errors: 0, Skipped: 0, Time elapsed: 0.003 s - in com.rabbitmq.jms.util.TestAbortableHolder
[INFO] Running com.rabbitmq.jms.util.TestHexDisplay
[INFO] Tests run: 4, Failures: 0, Errors: 0, Skipped: 0, Time elapsed: 0.002 s - in com.rabbitmq.jms.util.TestHexDisplay
[INFO] Running com.rabbitmq.jms.util.TestTimeTracker
[INFO] Tests run: 2, Failures: 0, Errors: 0, Skipped: 0, Time elapsed: 0.601 s - in com.rabbitmq.jms.util.TestTimeTracker
[INFO] Running com.rabbitmq.jms.util.TestUriCodec
[INFO] Tests run: 10, Failures: 0, Errors: 0, Skipped: 0, Time elapsed: 0.005 s - in com.rabbitmq.jms.util.TestUriCodec
[INFO] Running com.rabbitmq.jms.util.TestWhiteListObjectSerialization
[INFO] Tests run: 5, Failures: 0, Errors: 0, Skipped: 0, Time elapsed: 0.007 s - in com.rabbitmq.jms.util.TestWhiteListObjectSerialization
[INFO] Running com.rabbitmq.jms.util.TestUtil
[INFO] Tests run: 2, Failures: 0, Errors: 0, Skipped: 0, Time elapsed: 0.008 s - in com.rabbitmq.jms.util.TestUtil
[INFO] Running com.rabbitmq.jms.parse.sql.SqlTypeSetterVisitorTest
[INFO] Tests run: 4, Failures: 0, Errors: 0, Skipped: 0, Time elapsed: 0.11 s - in com.rabbitmq.jms.parse.sql.SqlTypeSetterVisitorTest
[INFO] Running com.rabbitmq.jms.parse.sql.SqlProductionTest
[INFO] Tests run: 13, Failures: 0, Errors: 0, Skipped: 0, Time elapsed: 0.028 s - in com.rabbitmq.jms.parse.sql.SqlProductionTest
[INFO] Running com.rabbitmq.jms.parse.sql.SqlCompilerTest
[INFO] Tests run: 1, Failures: 0, Errors: 0, Skipped: 0, Time elapsed: 0.001 s - in com.rabbitmq.jms.parse.sql.SqlCompilerTest
[INFO] Running com.rabbitmq.jms.parse.sql.SqlCompilerVisitorTest
[INFO] Tests run: 4, Failures: 0, Errors: 0, Skipped: 0, Time elapsed: 0 s - in com.rabbitmq.jms.parse.sql.SqlCompilerVisitorTest
[INFO] Running com.rabbitmq.jms.parse.sql.SqlParserTest
[INFO] Tests run: 5, Failures: 0, Errors: 0, Skipped: 0, Time elapsed: 0.001 s - in com.rabbitmq.jms.parse.sql.SqlParserTest
[INFO] Running com.rabbitmq.jms.parse.sql.SqlTypeCheckerTest
[INFO] Tests run: 5, Failures: 0, Errors: 0, Skipped: 0, Time elapsed: 0.001 s - in com.rabbitmq.jms.parse.sql.SqlTypeCheckerTest
[INFO] Running com.rabbitmq.jms.parse.sql.SqlTokenStreamTest
[INFO] Tests run: 7, Failures: 0, Errors: 0, Skipped: 0, Time elapsed: 0.002 s - in com.rabbitmq.jms.parse.sql.SqlTokenStreamTest
[INFO] Running com.rabbitmq.jms.client.ForeignBytesMessageTest
[INFO] Tests run: 2, Failures: 0, Errors: 0, Skipped: 0, Time elapsed: 0.001 s - in com.rabbitmq.jms.client.ForeignBytesMessageTest
[INFO] Running com.rabbitmq.jms.client.message.TestMessages
[INFO] Tests run: 7, Failures: 0, Errors: 0, Skipped: 0, Time elapsed: 0.065 s - in com.rabbitmq.jms.client.message.TestMessages
[INFO] Running com.rabbitmq.jms.client.RMQMessageTest
[INFO] Tests run: 1, Failures: 0, Errors: 0, Skipped: 0, Time elapsed: 0 s - in com.rabbitmq.jms.client.RMQMessageTest
[INFO] Running com.rabbitmq.jms.client.PublisherConfirmsUtilsTest
[INFO] Tests run: 1, Failures: 0, Errors: 0, Skipped: 0, Time elapsed: 0.135 s - in com.rabbitmq.jms.client.PublisherConfirmsUtilsTest
[INFO] Running com.rabbitmq.jms.client.RMQMessageProducerTest
WARNING: Running test version of RJMS Client with no version information.
[INFO] Tests run: 4, Failures: 0, Errors: 0, Skipped: 0, Time elapsed: 0.113 s - in com.rabbitmq.jms.client.RMQMessageProducerTest
[INFO] 
[INFO] Results:
[INFO] 
[INFO] Tests run: 114, Failures: 0, Errors: 0, Skipped: 0
[INFO] 
[INFO] ------------------------------------------------------------------------
[INFO] BUILD SUCCESS
[INFO] ------------------------------------------------------------------------
[INFO] Total time:  23.941 s
[INFO] Finished at: 2026-08-24T07:24:14+08:00
[INFO] ------------------------------------------------------------------------
