[INFO] Scanning for projects...
Downloading from oss.sonatype.org: https://oss.sonatype.org/content/groups/public/org/apache/maven/plugins/maven-install-plugin/3.1.3/maven-install-plugin-3.1.3.pom
Progress (1): 819 B
Progress (1): 1.8 kB
Progress (1): 3.7 kB
Progress (1): 4.1 kB
Progress (1): 7.6 kB
Progress (1): 8.1 kB
                    
Downloaded from oss.sonatype.org: https://oss.sonatype.org/content/groups/public/org/apache/maven/plugins/maven-install-plugin/3.1.3/maven-install-plugin-3.1.3.pom (8.1 kB at 5.5 kB/s)
Downloading from oss.sonatype.org: https://oss.sonatype.org/content/groups/public/org/apache/maven/plugins/maven-plugins/43/maven-plugins-43.pom
Progress (1): 773 B
Progress (1): 1.8 kB
Progress (1): 4.3 kB
Progress (1): 6.8 kB
Progress (1): 7.5 kB
                    
Downloaded from oss.sonatype.org: https://oss.sonatype.org/content/groups/public/org/apache/maven/plugins/maven-plugins/43/maven-plugins-43.pom (7.5 kB at 13 kB/s)
Downloading from oss.sonatype.org: https://oss.sonatype.org/content/groups/public/org/apache/maven/maven-parent/43/maven-parent-43.pom
Progress (1): 720 B
Progress (1): 1.9 kB
Progress (1): 3.7 kB
Progress (1): 8.2 kB
Progress (1): 13 kB 
Progress (1): 16 kB
Progress (1): 21 kB
Progress (1): 25 kB
Progress (1): 26 kB
Progress (1): 28 kB
Progress (1): 31 kB
Progress (1): 33 kB
Progress (1): 36 kB
Progress (1): 40 kB
Progress (1): 42 kB
Progress (1): 44 kB
Progress (1): 50 kB
Progress (1): 50 kB
                   
Downloaded from oss.sonatype.org: https://oss.sonatype.org/content/groups/public/org/apache/maven/maven-parent/43/maven-parent-43.pom (50 kB at 84 kB/s)
Downloading from oss.sonatype.org: https://oss.sonatype.org/content/groups/public/org/apache/apache/33/apache-33.pom
Progress (1): 741 B
Progress (1): 2.1 kB
Progress (1): 3.2 kB
Progress (1): 5.0 kB
Progress (1): 8.0 kB
Progress (1): 12 kB 
Progress (1): 17 kB
Progress (1): 20 kB
Progress (1): 22 kB
Progress (1): 24 kB
                   
Downloaded from oss.sonatype.org: https://oss.sonatype.org/content/groups/public/org/apache/apache/33/apache-33.pom (24 kB at 40 kB/s)
Downloading from oss.sonatype.org: https://oss.sonatype.org/content/groups/public/org/junit/junit-bom/5.10.3/junit-bom-5.10.3.pom
Progress (1): 908 B
Progress (1): 2.2 kB
Progress (1): 5.6 kB
                    
Downloaded from oss.sonatype.org: https://oss.sonatype.org/content/groups/public/org/junit/junit-bom/5.10.3/junit-bom-5.10.3.pom (5.6 kB at 9.7 kB/s)
Downloading from oss.sonatype.org: https://oss.sonatype.org/content/groups/public/org/apache/maven/plugins/maven-install-plugin/3.1.3/maven-install-plugin-3.1.3.jar
Progress (1): 0.9/33 kB
Progress (1): 2.3/33 kB
Progress (1): 3.6/33 kB
Progress (1): 5.0/33 kB
Progress (1): 6.4/33 kB
Progress (1): 11/33 kB 
Progress (1): 15/33 kB
Progress (1): 19/33 kB
Progress (1): 23/33 kB
Progress (1): 24/33 kB
Progress (1): 28/33 kB
Progress (1): 33/33 kB
Progress (1): 33 kB   
                   
Downloaded from oss.sonatype.org: https://oss.sonatype.org/content/groups/public/org/apache/maven/plugins/maven-install-plugin/3.1.3/maven-install-plugin-3.1.3.jar (33 kB at 53 kB/s)
[INFO] 
[INFO] ----------------------< com.jcabi:jcabi-aspects >-----------------------
[INFO] Building jcabi-aspects 0.24.1
[INFO]   from pom.xml
[INFO] -------------------------------[ bundle ]-------------------------------
[WARNING] Parameter 'createChecksum' is unknown for plugin 'maven-install-plugin:3.1.3:install-file (default-cli)'
[INFO] 
[INFO] --- install:3.1.3:install-file (default-cli) @ jcabi-aspects ---
Downloading from oss.sonatype.org: https://oss.sonatype.org/content/groups/public/org/apache/maven/resolver/maven-resolver-util/1.9.18/maven-resolver-util-1.9.18.pom
Progress (1): 830 B
Progress (1): 2.7 kB
Progress (1): 2.9 kB
                    
Downloaded from oss.sonatype.org: https://oss.sonatype.org/content/groups/public/org/apache/maven/resolver/maven-resolver-util/1.9.18/maven-resolver-util-1.9.18.pom (2.9 kB at 4.8 kB/s)
Downloading from oss.sonatype.org: https://oss.sonatype.org/content/groups/public/org/apache/maven/resolver/maven-resolver/1.9.18/maven-resolver-1.9.18.pom
Progress (1): 755 B
Progress (1): 2.3 kB
Progress (1): 4.0 kB
Progress (1): 9.2 kB
Progress (1): 13 kB 
Progress (1): 17 kB
Progress (1): 20 kB
Progress (1): 21 kB
Progress (1): 22 kB
                   
Downloaded from oss.sonatype.org: https://oss.sonatype.org/content/groups/public/org/apache/maven/resolver/maven-resolver/1.9.18/maven-resolver-1.9.18.pom (22 kB at 38 kB/s)
Downloading from oss.sonatype.org: https://oss.sonatype.org/content/groups/public/org/apache/maven/resolver/maven-resolver-api/1.9.18/maven-resolver-api-1.9.18.pom
Progress (1): 831 B
Progress (1): 2.6 kB
Progress (1): 2.7 kB
                    
Downloaded from oss.sonatype.org: https://oss.sonatype.org/content/groups/public/org/apache/maven/resolver/maven-resolver-api/1.9.18/maven-resolver-api-1.9.18.pom (2.7 kB at 4.6 kB/s)
Downloading from oss.sonatype.org: https://oss.sonatype.org/content/groups/public/org/codehaus/plexus/plexus-xml/3.0.1/plexus-xml-3.0.1.pom
Progress (1): 814 B
Progress (1): 2.6 kB
Progress (1): 3.7 kB
                    
Downloaded from oss.sonatype.org: https://oss.sonatype.org/content/groups/public/org/codehaus/plexus/plexus-xml/3.0.1/plexus-xml-3.0.1.pom (3.7 kB at 6.4 kB/s)
Downloading from oss.sonatype.org: https://oss.sonatype.org/content/groups/public/org/codehaus/plexus/plexus/18/plexus-18.pom
Progress (1): 692 B
Progress (1): 2.5 kB
Progress (1): 6.4 kB
Progress (1): 8.9 kB
Progress (1): 10 kB 
Progress (1): 14 kB
Progress (1): 18 kB
Progress (1): 19 kB
Progress (1): 22 kB
Progress (1): 26 kB
Progress (1): 29 kB
                   
Downloaded from oss.sonatype.org: https://oss.sonatype.org/content/groups/public/org/codehaus/plexus/plexus/18/plexus-18.pom (29 kB at 50 kB/s)
Downloading from oss.sonatype.org: https://oss.sonatype.org/content/groups/public/org/apache/maven/resolver/maven-resolver-util/1.9.18/maven-resolver-util-1.9.18.jar
Progress (1): 3.8/196 kB
Progress (1): 8.0/196 kB
Progress (1): 12/196 kB 
Progress (1): 15/196 kB
Progress (1): 20/196 kB
Progress (1): 24/196 kB
Progress (1): 28/196 kB
Progress (1): 32/196 kB
Progress (1): 49/196 kB
Progress (1): 65/196 kB
Progress (1): 82/196 kB
Progress (1): 98/196 kB
Progress (1): 101/196 kB
Progress (1): 118/196 kB
Progress (1): 131/196 kB
Progress (1): 147/196 kB
Progress (1): 164/196 kB
Progress (1): 180/196 kB
Progress (1): 196 kB    
                    
Downloaded from oss.sonatype.org: https://oss.sonatype.org/content/groups/public/org/apache/maven/resolver/maven-resolver-util/1.9.18/maven-resolver-util-1.9.18.jar (196 kB at 241 kB/s)
Downloading from oss.sonatype.org: https://oss.sonatype.org/content/groups/public/org/apache/maven/resolver/maven-resolver-api/1.9.18/maven-resolver-api-1.9.18.jar
Downloading from oss.sonatype.org: https://oss.sonatype.org/content/groups/public/org/codehaus/plexus/plexus-xml/3.0.1/plexus-xml-3.0.1.jar
Progress (1): 7.7/157 kB
Progress (1): 16/157 kB 
Progress (1): 32/157 kB
Progress (1): 49/157 kB
Progress (1): 57/157 kB
Progress (1): 73/157 kB
Progress (1): 90/157 kB
Progress (1): 106/157 kB
Progress (1): 122/157 kB
Progress (1): 131/157 kB
Progress (1): 147/157 kB
Progress (1): 157 kB    
                    
Downloaded from oss.sonatype.org: https://oss.sonatype.org/content/groups/public/org/apache/maven/resolver/maven-resolver-api/1.9.18/maven-resolver-api-1.9.18.jar (157 kB at 234 kB/s)
Progress (1): 0.9/94 kB
Progress (1): 2.3/94 kB
Progress (1): 3.6/94 kB
Progress (1): 5.0/94 kB
Progress (1): 6.4/94 kB
Progress (1): 7.7/94 kB
Progress (1): 9.1/94 kB
Progress (1): 10/94 kB 
Progress (1): 12/94 kB
Progress (1): 13/94 kB
Progress (1): 15/94 kB
Progress (1): 16/94 kB
Progress (1): 17/94 kB
Progress (1): 19/94 kB
Progress (1): 20/94 kB
Progress (1): 21/94 kB
Progress (1): 23/94 kB
Progress (1): 24/94 kB
Progress (1): 26/94 kB
Progress (1): 27/94 kB
Progress (1): 28/94 kB
Progress (1): 30/94 kB
Progress (1): 31/94 kB
Progress (1): 32/94 kB
Progress (1): 34/94 kB
Progress (1): 35/94 kB
Progress (1): 36/94 kB
Progress (1): 38/94 kB
Progress (1): 39/94 kB
Progress (1): 41/94 kB
Progress (1): 42/94 kB
Progress (1): 43/94 kB
Progress (1): 45/94 kB
Progress (1): 46/94 kB
Progress (1): 47/94 kB
Progress (1): 49/94 kB
Progress (1): 50/94 kB
Progress (1): 52/94 kB
Progress (1): 53/94 kB
Progress (1): 57/94 kB
Progress (1): 61/94 kB
Progress (1): 66/94 kB
Progress (1): 70/94 kB
Progress (1): 74/94 kB
Progress (1): 78/94 kB
Progress (1): 83/94 kB
Progress (1): 87/94 kB
Progress (1): 91/94 kB
Progress (1): 94 kB   
                   
Downloaded from oss.sonatype.org: https://oss.sonatype.org/content/groups/public/org/codehaus/plexus/plexus-xml/3.0.1/plexus-xml-3.0.1.jar (94 kB at 54 kB/s)
[INFO] Installing /home/zhihao/hdd/marshal/benchmarks/cross-repo-pr-impact/results/single-case-pipeline-jcabi-simpledb-v1-2026-08-27/replay-work/formal-github-jcabi-aspects-336--target-jcabi-simpledb-155/source-a0/target/jcabi-aspects-0.24.1.jar to /home/zhihao/hdd/marshal/benchmarks/cross-repo-pr-impact/results/single-case-pipeline-jcabi-simpledb-v1-2026-08-27/replay-work/formal-github-jcabi-aspects-336--target-jcabi-simpledb-155/m2-a0/com/jcabi/jcabi-aspects/0.24.1/jcabi-aspects-0.24.1.jar
[INFO] Installing /home/zhihao/hdd/marshal/benchmarks/cross-repo-pr-impact/results/single-case-pipeline-jcabi-simpledb-v1-2026-08-27/replay-work/formal-github-jcabi-aspects-336--target-jcabi-simpledb-155/source-a0/pom.xml to /home/zhihao/hdd/marshal/benchmarks/cross-repo-pr-impact/results/single-case-pipeline-jcabi-simpledb-v1-2026-08-27/replay-work/formal-github-jcabi-aspects-336--target-jcabi-simpledb-155/m2-a0/com/jcabi/jcabi-aspects/0.24.1/jcabi-aspects-0.24.1.pom
[INFO] ------------------------------------------------------------------------
[INFO] BUILD SUCCESS
[INFO] ------------------------------------------------------------------------
[INFO] Total time:  11.582 s
[INFO] Finished at: 2026-08-27T05:07:11+08:00
[INFO] ------------------------------------------------------------------------
