{1} openstackclient.tests.unit.network.v2.test_ip_availability.TestListIPAvailability.test_list_ip_version [0.103356s] ... ok
{0} openstackclient.tests.unit.network.v2.test_ip_availability.TestShowIPAvailability.test_show_all_options [0.104420s] ... ok
{1} openstackclient.tests.unit.network.v2.test_ip_availability.TestListIPAvailability.test_list_no_options [0.004257s] ... ok
{0} openstackclient.tests.unit.network.v2.test_ip_availability.TestShowIPAvailability.test_show_no_option [0.004271s] ... ok
{1} openstackclient.tests.unit.network.v2.test_ip_availability.TestListIPAvailability.test_list_pagination [0.003965s] ... ok
{1} openstackclient.tests.unit.network.v2.test_ip_availability.TestListIPAvailability.test_list_project [0.003976s] ... ok

======
Totals
======
Ran: 6 tests in 0.1162 sec.
 - Passed: 6
 - Skipped: 0
 - Expected Fail: 0
 - Unexpected Success: 0
 - Failed: 0
Sum of execute time for each test: 0.2242 sec.

==============
Worker Balance
==============
 - Worker 0 (2 tests) => 0:00:00.108868
 - Worker 1 (4 tests) => 0:00:00.115987
