{0} placement.tests.functional.cmd.test_status.UpgradeCheckIncompleteConsumersTestCase.test_check_root_provider_ids [0.116419s] ... ok
sys:1: ResourceWarning: unclosed file <_io.FileIO name=1 mode='wb' closefd=True>
ResourceWarning: Enable tracemalloc to get the object allocation traceback
[93mReadline features including tab completion have been disabled because
no supported version of readline was found. To resolve this, install
pyreadline on Windows or gnureadline on Mac.

[39m
======
Totals
======
Ran: 1 tests in 0.1164 sec.
 - Passed: 1
 - Skipped: 0
 - Expected Fail: 0
 - Unexpected Success: 0
 - Failed: 0
Sum of execute time for each test: 0.1164 sec.

==============
Worker Balance
==============
 - Worker 0 (1 tests) => 0:00:00.116419
