[INFO] Scanning for projects...
Downloading from central: https://repo.maven.apache.org/maven2/org/apache/maven/plugins/maven-install-plugin/3.1.3/maven-install-plugin-3.1.3.pom
Progress (1): 792 B
Progress (1): 1.8 kB
Progress (1): 3.7 kB
Progress (1): 7.5 kB
Progress (1): 8.1 kB
                    
Downloaded from central: https://repo.maven.apache.org/maven2/org/apache/maven/plugins/maven-install-plugin/3.1.3/maven-install-plugin-3.1.3.pom (8.1 kB at 11 kB/s)
Downloading from central: https://repo.maven.apache.org/maven2/org/apache/maven/plugins/maven-install-plugin/3.1.3/maven-install-plugin-3.1.3.jar
Progress (1): 0.9/33 kB
Progress (1): 2.3/33 kB
Progress (1): 3.6/33 kB
Progress (1): 5.0/33 kB
Progress (1): 6.4/33 kB
Progress (1): 7.7/33 kB
Progress (1): 9.1/33 kB
Progress (1): 10/33 kB 
Progress (1): 12/33 kB
Progress (1): 13/33 kB
Progress (1): 15/33 kB
Progress (1): 16/33 kB
Progress (1): 17/33 kB
Progress (1): 19/33 kB
Progress (1): 20/33 kB
Progress (1): 21/33 kB
Progress (1): 23/33 kB
Progress (1): 24/33 kB
Progress (1): 26/33 kB
Progress (1): 27/33 kB
Progress (1): 28/33 kB
Progress (1): 30/33 kB
Progress (1): 31/33 kB
Progress (1): 32/33 kB
Progress (1): 33 kB   
                   
Downloaded from central: https://repo.maven.apache.org/maven2/org/apache/maven/plugins/maven-install-plugin/3.1.3/maven-install-plugin-3.1.3.jar (33 kB at 149 kB/s)
[INFO] 
[INFO] ------------------< org.codehaus.plexus:plexus-utils >------------------
[INFO] Building Plexus Common Utilities 4.0.0
[INFO]   from pom.xml
[INFO] --------------------------------[ jar ]---------------------------------
[INFO] 
[INFO] --- install:3.1.3:install-file (default-cli) @ plexus-utils ---
[INFO] Installing /home/zhihao/hdd/marshal/benchmarks/cross-repo-pr-impact/results/single-case-pipeline-plexus-utils-license-v1-2026-08-27/replay-work/formal-github-plexus-utils-xml-removal--target-license-maven-plugin/source-a1/target/plexus-utils-3.5.1.jar to /home/zhihao/hdd/marshal/benchmarks/cross-repo-pr-impact/results/single-case-pipeline-plexus-utils-license-v1-2026-08-27/replay-work/formal-github-plexus-utils-xml-removal--target-license-maven-plugin/m2-a2/org/codehaus/plexus/plexus-utils/4.0.0/plexus-utils-4.0.0.jar
[INFO] Installing /home/zhihao/hdd/marshal/benchmarks/cross-repo-pr-impact/results/single-case-pipeline-plexus-utils-license-v1-2026-08-27/replay-work/formal-github-plexus-utils-xml-removal--target-license-maven-plugin/source-a2/pom.xml to /home/zhihao/hdd/marshal/benchmarks/cross-repo-pr-impact/results/single-case-pipeline-plexus-utils-license-v1-2026-08-27/replay-work/formal-github-plexus-utils-xml-removal--target-license-maven-plugin/m2-a2/org/codehaus/plexus/plexus-utils/4.0.0/plexus-utils-4.0.0.pom
[INFO] ------------------------------------------------------------------------
[INFO] BUILD SUCCESS
[INFO] ------------------------------------------------------------------------
[INFO] Total time:  1.533 s
[INFO] Finished at: 2026-08-27T10:11:31+08:00
[INFO] ------------------------------------------------------------------------
