[INFO] Scanning for projects...
[INFO] 
[INFO] ------------------< org.codehaus.plexus:plexus-utils >------------------
[INFO] Building Plexus Common Utilities 3.5.1
[INFO]   from pom.xml
[INFO] --------------------------------[ jar ]---------------------------------
[INFO] 
[INFO] --- enforcer:3.0.0:enforce (enforce-maven) @ plexus-utils ---
[INFO] 
[INFO] --- resources:3.3.1:resources (default-resources) @ plexus-utils ---
[INFO] Copying 5 resources from src/main/resources to target/classes
[INFO] 
[INFO] --- compiler:3.10.1:compile (default-compile) @ plexus-utils ---
[INFO] Changes detected - recompiling the module!
[INFO] Compiling 65 source files to /home/zhihao/hdd/marshal/benchmarks/cross-repo-pr-impact/results/single-case-pipeline-plexus-utils-license-v1-2026-08-27/replay-work/formal-github-plexus-utils-xml-removal--target-license-maven-plugin/source-a1/target/classes
[INFO] /home/zhihao/hdd/marshal/benchmarks/cross-repo-pr-impact/results/single-case-pipeline-plexus-utils-license-v1-2026-08-27/replay-work/formal-github-plexus-utils-xml-removal--target-license-maven-plugin/source-a1/src/main/java/org/codehaus/plexus/util/PathTool.java: Some input files use or override a deprecated API.
[INFO] /home/zhihao/hdd/marshal/benchmarks/cross-repo-pr-impact/results/single-case-pipeline-plexus-utils-license-v1-2026-08-27/replay-work/formal-github-plexus-utils-xml-removal--target-license-maven-plugin/source-a1/src/main/java/org/codehaus/plexus/util/PathTool.java: Recompile with -Xlint:deprecation for details.
[INFO] /home/zhihao/hdd/marshal/benchmarks/cross-repo-pr-impact/results/single-case-pipeline-plexus-utils-license-v1-2026-08-27/replay-work/formal-github-plexus-utils-xml-removal--target-license-maven-plugin/source-a1/src/main/java/org/codehaus/plexus/util/introspection/ClassMap.java: Some input files use unchecked or unsafe operations.
[INFO] /home/zhihao/hdd/marshal/benchmarks/cross-repo-pr-impact/results/single-case-pipeline-plexus-utils-license-v1-2026-08-27/replay-work/formal-github-plexus-utils-xml-removal--target-license-maven-plugin/source-a1/src/main/java/org/codehaus/plexus/util/introspection/ClassMap.java: Recompile with -Xlint:unchecked for details.
[INFO] 
[INFO] --- compiler:3.10.1:compile (compile-java-9) @ plexus-utils ---
[WARNING]  Parameter 'compileSourceRoots' is read-only, must not be used in configuration
[INFO] Changes detected - recompiling the module!
[INFO] Compiling 1 source file to /home/zhihao/hdd/marshal/benchmarks/cross-repo-pr-impact/results/single-case-pipeline-plexus-utils-license-v1-2026-08-27/replay-work/formal-github-plexus-utils-xml-removal--target-license-maven-plugin/source-a1/target/classes/META-INF/versions/9
[INFO] 
[INFO] --- compiler:3.10.1:compile (compile-java-10) @ plexus-utils ---
[WARNING]  Parameter 'compileSourceRoots' is read-only, must not be used in configuration
[INFO] Changes detected - recompiling the module!
[INFO] Compiling 1 source file to /home/zhihao/hdd/marshal/benchmarks/cross-repo-pr-impact/results/single-case-pipeline-plexus-utils-license-v1-2026-08-27/replay-work/formal-github-plexus-utils-xml-removal--target-license-maven-plugin/source-a1/target/classes/META-INF/versions/10
[INFO] 
[INFO] --- compiler:3.10.1:compile (compile-java-11) @ plexus-utils ---
[WARNING]  Parameter 'compileSourceRoots' is read-only, must not be used in configuration
[INFO] Changes detected - recompiling the module!
[INFO] Compiling 1 source file to /home/zhihao/hdd/marshal/benchmarks/cross-repo-pr-impact/results/single-case-pipeline-plexus-utils-license-v1-2026-08-27/replay-work/formal-github-plexus-utils-xml-removal--target-license-maven-plugin/source-a1/target/classes/META-INF/versions/11
[INFO] 
[INFO] --- resources:3.3.1:testResources (default-testResources) @ plexus-utils ---
[INFO] Not copying test resources
[INFO] 
[INFO] --- compiler:3.10.1:testCompile (default-testCompile) @ plexus-utils ---
[INFO] Not compiling test sources
[INFO] 
[INFO] --- surefire:2.22.2:test (default-test) @ plexus-utils ---
[WARNING]  Parameter 'systemProperties' is deprecated: Use systemPropertyVariables instead.
[INFO] Tests are skipped.
[INFO] 
[INFO] --- jar:3.2.2:jar (default-jar) @ plexus-utils ---
[INFO] Building jar: /home/zhihao/hdd/marshal/benchmarks/cross-repo-pr-impact/results/single-case-pipeline-plexus-utils-license-v1-2026-08-27/replay-work/formal-github-plexus-utils-xml-removal--target-license-maven-plugin/source-a1/target/plexus-utils-3.5.1.jar
[INFO] 
[INFO] --- site:3.12.0:attach-descriptor (attach-descriptor) @ plexus-utils ---
Downloading from central: https://repo.maven.apache.org/maven2/org/apache/maven/reporting/maven-reporting-exec/1.6.0/maven-reporting-exec-1.6.0.pom
Progress (1): 1.1 kB
Progress (1): 2.7 kB
Progress (1): 5.3 kB
Progress (1): 11 kB 
Progress (1): 14 kB
Progress (1): 14 kB
                   
Downloaded from central: https://repo.maven.apache.org/maven2/org/apache/maven/reporting/maven-reporting-exec/1.6.0/maven-reporting-exec-1.6.0.pom (14 kB at 18 kB/s)
Downloading from central: https://repo.maven.apache.org/maven2/org/codehaus/plexus/plexus-archiver/4.2.5/plexus-archiver-4.2.5.pom
Progress (1): 1.2 kB
Progress (1): 3.1 kB
Progress (1): 4.8 kB
                    
Downloaded from central: https://repo.maven.apache.org/maven2/org/codehaus/plexus/plexus-archiver/4.2.5/plexus-archiver-4.2.5.pom (4.8 kB at 25 kB/s)
Downloading from central: https://repo.maven.apache.org/maven2/org/codehaus/plexus/plexus/7/plexus-7.pom
Progress (1): 696 B
Progress (1): 1.8 kB
Progress (1): 5.4 kB
Progress (1): 8.7 kB
Progress (1): 9.9 kB
Progress (1): 13 kB 
Progress (1): 17 kB
Progress (1): 20 kB
Progress (1): 25 kB
Progress (1): 26 kB
                   
Downloaded from central: https://repo.maven.apache.org/maven2/org/codehaus/plexus/plexus/7/plexus-7.pom (26 kB at 129 kB/s)
Downloading from central: https://repo.maven.apache.org/maven2/org/apache/maven/doxia/doxia-module-apt/1.11.1/doxia-module-apt-1.11.1.pom
Progress (1): 821 B
Progress (1): 1.8 kB
Progress (1): 2.1 kB
                    
Downloaded from central: https://repo.maven.apache.org/maven2/org/apache/maven/doxia/doxia-module-apt/1.11.1/doxia-module-apt-1.11.1.pom (2.1 kB at 11 kB/s)
Downloading from central: https://repo.maven.apache.org/maven2/org/apache/maven/doxia/doxia-module-xdoc/1.11.1/doxia-module-xdoc-1.11.1.pom
Progress (1): 788 B
Progress (1): 1.8 kB
Progress (1): 4.2 kB
Progress (1): 4.5 kB
                    
Downloaded from central: https://repo.maven.apache.org/maven2/org/apache/maven/doxia/doxia-module-xdoc/1.11.1/doxia-module-xdoc-1.11.1.pom (4.5 kB at 23 kB/s)
Downloading from central: https://repo.maven.apache.org/maven2/org/apache/maven/doxia/doxia-module-fml/1.11.1/doxia-module-fml-1.11.1.pom
Progress (1): 785 B
Progress (1): 1.9 kB
Progress (1): 4.3 kB
Progress (1): 4.4 kB
                    
Downloaded from central: https://repo.maven.apache.org/maven2/org/apache/maven/doxia/doxia-module-fml/1.11.1/doxia-module-fml-1.11.1.pom (4.4 kB at 22 kB/s)
Downloading from central: https://repo.maven.apache.org/maven2/org/apache/maven/doxia/doxia-module-markdown/1.11.1/doxia-module-markdown-1.11.1.pom
Progress (1): 781 B
Progress (1): 1.8 kB
Progress (1): 3.6 kB
Progress (1): 5.4 kB
                    
Downloaded from central: https://repo.maven.apache.org/maven2/org/apache/maven/doxia/doxia-module-markdown/1.11.1/doxia-module-markdown-1.11.1.pom (5.4 kB at 27 kB/s)
Downloading from central: https://repo.maven.apache.org/maven2/com/vladsch/flexmark/flexmark-all/0.42.14/flexmark-all-0.42.14.pom
Progress (1): 2.9 kB
Progress (1): 8.8 kB
Progress (1): 9.0 kB
                    
Downloaded from central: https://repo.maven.apache.org/maven2/com/vladsch/flexmark/flexmark-all/0.42.14/flexmark-all-0.42.14.pom (9.0 kB at 45 kB/s)
Downloading from central: https://repo.maven.apache.org/maven2/com/vladsch/flexmark/flexmark-java/0.42.14/flexmark-java-0.42.14.pom
Progress (1): 1.1 kB
Progress (1): 3.3 kB
Progress (1): 5.8 kB
Progress (1): 16 kB 
Progress (1): 20 kB
Progress (1): 20 kB
                   
Downloaded from central: https://repo.maven.apache.org/maven2/com/vladsch/flexmark/flexmark-java/0.42.14/flexmark-java-0.42.14.pom (20 kB at 99 kB/s)
Downloading from central: https://repo.maven.apache.org/maven2/com/vladsch/flexmark/flexmark/0.42.14/flexmark-0.42.14.pom
Progress (1): 1.7 kB
Progress (1): 2.5 kB
                    
Downloaded from central: https://repo.maven.apache.org/maven2/com/vladsch/flexmark/flexmark/0.42.14/flexmark-0.42.14.pom (2.5 kB at 13 kB/s)
Downloading from central: https://repo.maven.apache.org/maven2/com/vladsch/flexmark/flexmark-util/0.42.14/flexmark-util-0.42.14.pom
Progress (1): 792 B
                   
Downloaded from central: https://repo.maven.apache.org/maven2/com/vladsch/flexmark/flexmark-util/0.42.14/flexmark-util-0.42.14.pom (792 B at 4.0 kB/s)
Downloading from central: https://repo.maven.apache.org/maven2/com/vladsch/flexmark/flexmark-ext-abbreviation/0.42.14/flexmark-ext-abbreviation-0.42.14.pom
Progress (1): 2.5 kB
                    
Downloaded from central: https://repo.maven.apache.org/maven2/com/vladsch/flexmark/flexmark-ext-abbreviation/0.42.14/flexmark-ext-abbreviation-0.42.14.pom (2.5 kB at 13 kB/s)
Downloading from central: https://repo.maven.apache.org/maven2/com/vladsch/flexmark/flexmark-ext-autolink/0.42.14/flexmark-ext-autolink-0.42.14.pom
Progress (1): 1.8 kB
                    
Downloaded from central: https://repo.maven.apache.org/maven2/com/vladsch/flexmark/flexmark-ext-autolink/0.42.14/flexmark-ext-autolink-0.42.14.pom (1.8 kB at 9.3 kB/s)
Downloading from central: https://repo.maven.apache.org/maven2/org/nibor/autolink/autolink/0.6.0/autolink-0.6.0.pom
Progress (1): 1.1 kB
Progress (1): 3.1 kB
Progress (1): 7.0 kB
Progress (1): 9.2 kB
                    
Downloaded from central: https://repo.maven.apache.org/maven2/org/nibor/autolink/autolink/0.6.0/autolink-0.6.0.pom (9.2 kB at 47 kB/s)
Downloading from central: https://repo.maven.apache.org/maven2/com/vladsch/flexmark/flexmark-formatter/0.42.14/flexmark-formatter-0.42.14.pom
Progress (1): 1.1 kB
                    
Downloaded from central: https://repo.maven.apache.org/maven2/com/vladsch/flexmark/flexmark-formatter/0.42.14/flexmark-formatter-0.42.14.pom (1.1 kB at 5.8 kB/s)
Downloading from central: https://repo.maven.apache.org/maven2/com/vladsch/flexmark/flexmark-ext-admonition/0.42.14/flexmark-ext-admonition-0.42.14.pom
Progress (1): 1.5 kB
                    
Downloaded from central: https://repo.maven.apache.org/maven2/com/vladsch/flexmark/flexmark-ext-admonition/0.42.14/flexmark-ext-admonition-0.42.14.pom (1.5 kB at 7.6 kB/s)
Downloading from central: https://repo.maven.apache.org/maven2/com/vladsch/flexmark/flexmark-ext-anchorlink/0.42.14/flexmark-ext-anchorlink-0.42.14.pom
Progress (1): 1.6 kB
                    
Downloaded from central: https://repo.maven.apache.org/maven2/com/vladsch/flexmark/flexmark-ext-anchorlink/0.42.14/flexmark-ext-anchorlink-0.42.14.pom (1.6 kB at 8.0 kB/s)
Downloading from central: https://repo.maven.apache.org/maven2/com/vladsch/flexmark/flexmark-ext-aside/0.42.14/flexmark-ext-aside-0.42.14.pom
Progress (1): 1.5 kB
                    
Downloaded from central: https://repo.maven.apache.org/maven2/com/vladsch/flexmark/flexmark-ext-aside/0.42.14/flexmark-ext-aside-0.42.14.pom (1.5 kB at 7.4 kB/s)
Downloading from central: https://repo.maven.apache.org/maven2/com/vladsch/flexmark/flexmark-jira-converter/0.42.14/flexmark-jira-converter-0.42.14.pom
Progress (1): 2.1 kB
                    
Downloaded from central: https://repo.maven.apache.org/maven2/com/vladsch/flexmark/flexmark-jira-converter/0.42.14/flexmark-jira-converter-0.42.14.pom (2.1 kB at 11 kB/s)
Downloading from central: https://repo.maven.apache.org/maven2/com/vladsch/flexmark/flexmark-ext-gfm-strikethrough/0.42.14/flexmark-ext-gfm-strikethrough-0.42.14.pom
Progress (1): 1.3 kB
                    
Downloaded from central: https://repo.maven.apache.org/maven2/com/vladsch/flexmark/flexmark-ext-gfm-strikethrough/0.42.14/flexmark-ext-gfm-strikethrough-0.42.14.pom (1.3 kB at 6.7 kB/s)
Downloading from central: https://repo.maven.apache.org/maven2/com/vladsch/flexmark/flexmark-ext-tables/0.42.14/flexmark-ext-tables-0.42.14.pom
Progress (1): 1.5 kB
                    
Downloaded from central: https://repo.maven.apache.org/maven2/com/vladsch/flexmark/flexmark-ext-tables/0.42.14/flexmark-ext-tables-0.42.14.pom (1.5 kB at 7.8 kB/s)
Downloading from central: https://repo.maven.apache.org/maven2/com/vladsch/flexmark/flexmark-ext-wikilink/0.42.14/flexmark-ext-wikilink-0.42.14.pom
Progress (1): 1.5 kB
                    
Downloaded from central: https://repo.maven.apache.org/maven2/com/vladsch/flexmark/flexmark-ext-wikilink/0.42.14/flexmark-ext-wikilink-0.42.14.pom (1.5 kB at 7.6 kB/s)
Downloading from central: https://repo.maven.apache.org/maven2/com/vladsch/flexmark/flexmark-ext-ins/0.42.14/flexmark-ext-ins-0.42.14.pom
Progress (1): 1.3 kB
                    
Downloaded from central: https://repo.maven.apache.org/maven2/com/vladsch/flexmark/flexmark-ext-ins/0.42.14/flexmark-ext-ins-0.42.14.pom (1.3 kB at 6.5 kB/s)
Downloading from central: https://repo.maven.apache.org/maven2/com/vladsch/flexmark/flexmark-ext-superscript/0.42.14/flexmark-ext-superscript-0.42.14.pom
Progress (1): 1.3 kB
                    
Downloaded from central: https://repo.maven.apache.org/maven2/com/vladsch/flexmark/flexmark-ext-superscript/0.42.14/flexmark-ext-superscript-0.42.14.pom (1.3 kB at 1.6 kB/s)
Downloading from central: https://repo.maven.apache.org/maven2/com/vladsch/flexmark/flexmark-ext-attributes/0.42.14/flexmark-ext-attributes-0.42.14.pom
Progress (1): 2.6 kB
                    
Downloaded from central: https://repo.maven.apache.org/maven2/com/vladsch/flexmark/flexmark-ext-attributes/0.42.14/flexmark-ext-attributes-0.42.14.pom (2.6 kB at 13 kB/s)
Downloading from central: https://repo.maven.apache.org/maven2/com/vladsch/flexmark/flexmark-ext-definition/0.42.14/flexmark-ext-definition-0.42.14.pom
Progress (1): 1.3 kB
                    
Downloaded from central: https://repo.maven.apache.org/maven2/com/vladsch/flexmark/flexmark-ext-definition/0.42.14/flexmark-ext-definition-0.42.14.pom (1.3 kB at 6.6 kB/s)
Downloading from central: https://repo.maven.apache.org/maven2/com/vladsch/flexmark/flexmark-ext-emoji/0.42.14/flexmark-ext-emoji-0.42.14.pom
Progress (1): 1.5 kB
                    
Downloaded from central: https://repo.maven.apache.org/maven2/com/vladsch/flexmark/flexmark-ext-emoji/0.42.14/flexmark-ext-emoji-0.42.14.pom (1.5 kB at 7.5 kB/s)
Downloading from central: https://repo.maven.apache.org/maven2/com/vladsch/flexmark/flexmark-ext-enumerated-reference/0.42.14/flexmark-ext-enumerated-reference-0.42.14.pom
Progress (1): 1.7 kB
                    
Downloaded from central: https://repo.maven.apache.org/maven2/com/vladsch/flexmark/flexmark-ext-enumerated-reference/0.42.14/flexmark-ext-enumerated-reference-0.42.14.pom (1.7 kB at 8.4 kB/s)
Downloading from central: https://repo.maven.apache.org/maven2/com/vladsch/flexmark/flexmark-ext-escaped-character/0.42.14/flexmark-ext-escaped-character-0.42.14.pom
Progress (1): 1.3 kB
                    
Downloaded from central: https://repo.maven.apache.org/maven2/com/vladsch/flexmark/flexmark-ext-escaped-character/0.42.14/flexmark-ext-escaped-character-0.42.14.pom (1.3 kB at 6.7 kB/s)
Downloading from central: https://repo.maven.apache.org/maven2/com/vladsch/flexmark/flexmark-ext-footnotes/0.42.14/flexmark-ext-footnotes-0.42.14.pom
Progress (1): 1.3 kB
                    
Downloaded from central: https://repo.maven.apache.org/maven2/com/vladsch/flexmark/flexmark-ext-footnotes/0.42.14/flexmark-ext-footnotes-0.42.14.pom (1.3 kB at 3.1 kB/s)
Downloading from central: https://repo.maven.apache.org/maven2/com/vladsch/flexmark/flexmark-ext-gfm-issues/0.42.14/flexmark-ext-gfm-issues-0.42.14.pom
Progress (1): 1.3 kB
                    
Downloaded from central: https://repo.maven.apache.org/maven2/com/vladsch/flexmark/flexmark-ext-gfm-issues/0.42.14/flexmark-ext-gfm-issues-0.42.14.pom (1.3 kB at 6.5 kB/s)
Downloading from central: https://repo.maven.apache.org/maven2/com/vladsch/flexmark/flexmark-ext-gfm-tables/0.42.14/flexmark-ext-gfm-tables-0.42.14.pom
Progress (1): 1.3 kB
                    
Downloaded from central: https://repo.maven.apache.org/maven2/com/vladsch/flexmark/flexmark-ext-gfm-tables/0.42.14/flexmark-ext-gfm-tables-0.42.14.pom (1.3 kB at 6.8 kB/s)
Downloading from central: https://repo.maven.apache.org/maven2/com/vladsch/flexmark/flexmark-ext-gfm-tasklist/0.42.14/flexmark-ext-gfm-tasklist-0.42.14.pom
Progress (1): 1.4 kB
                    
Downloaded from central: https://repo.maven.apache.org/maven2/com/vladsch/flexmark/flexmark-ext-gfm-tasklist/0.42.14/flexmark-ext-gfm-tasklist-0.42.14.pom (1.4 kB at 6.9 kB/s)
Downloading from central: https://repo.maven.apache.org/maven2/com/vladsch/flexmark/flexmark-ext-gfm-users/0.42.14/flexmark-ext-gfm-users-0.42.14.pom
Progress (1): 1.3 kB
                    
Downloaded from central: https://repo.maven.apache.org/maven2/com/vladsch/flexmark/flexmark-ext-gfm-users/0.42.14/flexmark-ext-gfm-users-0.42.14.pom (1.3 kB at 6.6 kB/s)
Downloading from central: https://repo.maven.apache.org/maven2/com/vladsch/flexmark/flexmark-ext-gitlab/0.42.14/flexmark-ext-gitlab-0.42.14.pom
Progress (1): 1.3 kB
                    
Downloaded from central: https://repo.maven.apache.org/maven2/com/vladsch/flexmark/flexmark-ext-gitlab/0.42.14/flexmark-ext-gitlab-0.42.14.pom (1.3 kB at 6.7 kB/s)
Downloading from central: https://repo.maven.apache.org/maven2/com/vladsch/flexmark/flexmark-ext-jekyll-front-matter/0.42.14/flexmark-ext-jekyll-front-matter-0.42.14.pom
Progress (1): 1.5 kB
                    
Downloaded from central: https://repo.maven.apache.org/maven2/com/vladsch/flexmark/flexmark-ext-jekyll-front-matter/0.42.14/flexmark-ext-jekyll-front-matter-0.42.14.pom (1.5 kB at 7.5 kB/s)
Downloading from central: https://repo.maven.apache.org/maven2/com/vladsch/flexmark/flexmark-ext-yaml-front-matter/0.42.14/flexmark-ext-yaml-front-matter-0.42.14.pom
Progress (1): 1.3 kB
                    
Downloaded from central: https://repo.maven.apache.org/maven2/com/vladsch/flexmark/flexmark-ext-yaml-front-matter/0.42.14/flexmark-ext-yaml-front-matter-0.42.14.pom (1.3 kB at 6.8 kB/s)
Downloading from central: https://repo.maven.apache.org/maven2/com/vladsch/flexmark/flexmark-ext-jekyll-tag/0.42.14/flexmark-ext-jekyll-tag-0.42.14.pom
Progress (1): 1.3 kB
                    
Downloaded from central: https://repo.maven.apache.org/maven2/com/vladsch/flexmark/flexmark-ext-jekyll-tag/0.42.14/flexmark-ext-jekyll-tag-0.42.14.pom (1.3 kB at 6.6 kB/s)
Downloading from central: https://repo.maven.apache.org/maven2/com/vladsch/flexmark/flexmark-ext-media-tags/0.42.14/flexmark-ext-media-tags-0.42.14.pom
Progress (1): 1.0 kB
                    
Downloaded from central: https://repo.maven.apache.org/maven2/com/vladsch/flexmark/flexmark-ext-media-tags/0.42.14/flexmark-ext-media-tags-0.42.14.pom (1.0 kB at 5.2 kB/s)
Downloading from central: https://repo.maven.apache.org/maven2/com/vladsch/flexmark/flexmark-ext-macros/0.42.14/flexmark-ext-macros-0.42.14.pom
Progress (1): 1.6 kB
                    
Downloaded from central: https://repo.maven.apache.org/maven2/com/vladsch/flexmark/flexmark-ext-macros/0.42.14/flexmark-ext-macros-0.42.14.pom (1.6 kB at 8.2 kB/s)
Downloading from central: https://repo.maven.apache.org/maven2/com/vladsch/flexmark/flexmark-ext-xwiki-macros/0.42.14/flexmark-ext-xwiki-macros-0.42.14.pom
Progress (1): 1.3 kB
                    
Downloaded from central: https://repo.maven.apache.org/maven2/com/vladsch/flexmark/flexmark-ext-xwiki-macros/0.42.14/flexmark-ext-xwiki-macros-0.42.14.pom (1.3 kB at 6.8 kB/s)
Downloading from central: https://repo.maven.apache.org/maven2/com/vladsch/flexmark/flexmark-ext-toc/0.42.14/flexmark-ext-toc-0.42.14.pom
Progress (1): 1.5 kB
                    
Downloaded from central: https://repo.maven.apache.org/maven2/com/vladsch/flexmark/flexmark-ext-toc/0.42.14/flexmark-ext-toc-0.42.14.pom (1.5 kB at 7.3 kB/s)
Downloading from central: https://repo.maven.apache.org/maven2/com/vladsch/flexmark/flexmark-ext-typographic/0.42.14/flexmark-ext-typographic-0.42.14.pom
Progress (1): 1.3 kB
                    
Downloaded from central: https://repo.maven.apache.org/maven2/com/vladsch/flexmark/flexmark-ext-typographic/0.42.14/flexmark-ext-typographic-0.42.14.pom (1.3 kB at 6.4 kB/s)
Downloading from central: https://repo.maven.apache.org/maven2/com/vladsch/flexmark/flexmark-ext-youtube-embedded/0.42.14/flexmark-ext-youtube-embedded-0.42.14.pom
Progress (1): 883 B
                   
Downloaded from central: https://repo.maven.apache.org/maven2/com/vladsch/flexmark/flexmark-ext-youtube-embedded/0.42.14/flexmark-ext-youtube-embedded-0.42.14.pom (883 B at 4.5 kB/s)
Downloading from central: https://repo.maven.apache.org/maven2/com/vladsch/flexmark/flexmark-html-parser/0.42.14/flexmark-html-parser-0.42.14.pom
Progress (1): 1.5 kB
                    
Downloaded from central: https://repo.maven.apache.org/maven2/com/vladsch/flexmark/flexmark-html-parser/0.42.14/flexmark-html-parser-0.42.14.pom (1.5 kB at 7.4 kB/s)
Downloading from central: https://repo.maven.apache.org/maven2/org/jsoup/jsoup/1.10.2/jsoup-1.10.2.pom
Progress (1): 832 B
Progress (1): 2.7 kB
Progress (1): 5.7 kB
Progress (1): 7.3 kB
                    
Downloaded from central: https://repo.maven.apache.org/maven2/org/jsoup/jsoup/1.10.2/jsoup-1.10.2.pom (7.3 kB at 36 kB/s)
Downloading from central: https://repo.maven.apache.org/maven2/com/vladsch/flexmark/flexmark-profile-pegdown/0.42.14/flexmark-profile-pegdown-0.42.14.pom
Progress (1): 3.8 kB
Progress (1): 4.0 kB
                    
Downloaded from central: https://repo.maven.apache.org/maven2/com/vladsch/flexmark/flexmark-profile-pegdown/0.42.14/flexmark-profile-pegdown-0.42.14.pom (4.0 kB at 19 kB/s)
Downloading from central: https://repo.maven.apache.org/maven2/com/vladsch/flexmark/flexmark-youtrack-converter/0.42.14/flexmark-youtrack-converter-0.42.14.pom
Progress (1): 1.7 kB
                    
Downloaded from central: https://repo.maven.apache.org/maven2/com/vladsch/flexmark/flexmark-youtrack-converter/0.42.14/flexmark-youtrack-converter-0.42.14.pom (1.7 kB at 8.2 kB/s)
Downloading from central: https://repo.maven.apache.org/maven2/org/apache/maven/doxia/doxia-module-confluence/1.11.1/doxia-module-confluence-1.11.1.pom
Progress (1): 831 B
Progress (1): 2.2 kB
                    
Downloaded from central: https://repo.maven.apache.org/maven2/org/apache/maven/doxia/doxia-module-confluence/1.11.1/doxia-module-confluence-1.11.1.pom (2.2 kB at 11 kB/s)
Downloading from central: https://repo.maven.apache.org/maven2/org/apache/maven/doxia/doxia-module-docbook-simple/1.11.1/doxia-module-docbook-simple-1.11.1.pom
Progress (1): 821 B
Progress (1): 2.0 kB
                    
Downloaded from central: https://repo.maven.apache.org/maven2/org/apache/maven/doxia/doxia-module-docbook-simple/1.11.1/doxia-module-docbook-simple-1.11.1.pom (2.0 kB at 10 kB/s)
Downloading from central: https://repo.maven.apache.org/maven2/org/apache/maven/doxia/doxia-module-twiki/1.11.1/doxia-module-twiki-1.11.1.pom
Progress (1): 819 B
Progress (1): 2.1 kB
                    
Downloaded from central: https://repo.maven.apache.org/maven2/org/apache/maven/doxia/doxia-module-twiki/1.11.1/doxia-module-twiki-1.11.1.pom (2.1 kB at 11 kB/s)
Downloading from central: https://repo.maven.apache.org/maven2/org/eclipse/jetty/jetty-webapp/9.4.46.v20220331/jetty-webapp-9.4.46.v20220331.pom
Progress (1): 1.2 kB
Progress (1): 3.2 kB
                    
Downloaded from central: https://repo.maven.apache.org/maven2/org/eclipse/jetty/jetty-webapp/9.4.46.v20220331/jetty-webapp-9.4.46.v20220331.pom (3.2 kB at 16 kB/s)
Downloading from central: https://repo.maven.apache.org/maven2/org/eclipse/jetty/jetty-xml/9.4.46.v20220331/jetty-xml-9.4.46.v20220331.pom
Progress (1): 1.1 kB
Progress (1): 1.7 kB
                    
Downloaded from central: https://repo.maven.apache.org/maven2/org/eclipse/jetty/jetty-xml/9.4.46.v20220331/jetty-xml-9.4.46.v20220331.pom (1.7 kB at 8.4 kB/s)
Downloading from central: https://repo.maven.apache.org/maven2/org/apache/maven/reporting/maven-reporting-exec/1.6.0/maven-reporting-exec-1.6.0.jar
Progress (1): 8.2/31 kB
Progress (1): 25/31 kB 
Progress (1): 31 kB   
                   
Downloaded from central: https://repo.maven.apache.org/maven2/org/apache/maven/reporting/maven-reporting-exec/1.6.0/maven-reporting-exec-1.6.0.jar (31 kB at 141 kB/s)
Downloading from central: https://repo.maven.apache.org/maven2/org/codehaus/plexus/plexus-archiver/4.2.5/plexus-archiver-4.2.5.jar
Downloading from central: https://repo.maven.apache.org/maven2/org/apache/maven/doxia/doxia-module-apt/1.11.1/doxia-module-apt-1.11.1.jar
Downloading from central: https://repo.maven.apache.org/maven2/org/apache/maven/doxia/doxia-module-xdoc/1.11.1/doxia-module-xdoc-1.11.1.jar
Downloading from central: https://repo.maven.apache.org/maven2/org/apache/maven/doxia/doxia-module-fml/1.11.1/doxia-module-fml-1.11.1.jar
Downloading from central: https://repo.maven.apache.org/maven2/org/apache/maven/doxia/doxia-module-markdown/1.11.1/doxia-module-markdown-1.11.1.jar
Progress (1): 7.7/55 kB
Progress (1): 16/55 kB 
Progress (1): 32/55 kB
Progress (1): 48/55 kB
Progress (1): 55 kB   
                   
Downloaded from central: https://repo.maven.apache.org/maven2/org/apache/maven/doxia/doxia-module-apt/1.11.1/doxia-module-apt-1.11.1.jar (55 kB at 130 kB/s)
Downloading from central: https://repo.maven.apache.org/maven2/com/vladsch/flexmark/flexmark-all/0.42.14/flexmark-all-0.42.14.jar
Progress (1): 0.9/195 kB
Progress (1): 2.3/195 kB
Progress (1): 3.6/195 kB
Progress (1): 5.0/195 kB
Progress (1): 6.4/195 kB
Progress (1): 7.7/195 kB
Progress (1): 9.1/195 kB
Progress (1): 10/195 kB 
Progress (1): 12/195 kB
Progress (2): 12/195 kB | 0.9/37 kB
Progress (2): 13/195 kB | 0.9/37 kB
Progress (2): 13/195 kB | 2.3/37 kB
Progress (2): 15/195 kB | 2.3/37 kB
Progress (2): 15/195 kB | 3.6/37 kB
Progress (2): 16/195 kB | 3.6/37 kB
Progress (2): 16/195 kB | 5.0/37 kB
Progress (2): 17/195 kB | 5.0/37 kB
Progress (2): 17/195 kB | 6.4/37 kB
Progress (2): 19/195 kB | 6.4/37 kB
Progress (2): 19/195 kB | 7.7/37 kB
Progress (2): 20/195 kB | 7.7/37 kB
Progress (2): 20/195 kB | 9.1/37 kB
Progress (2): 21/195 kB | 9.1/37 kB
Progress (2): 21/195 kB | 10/37 kB 
Progress (2): 21/195 kB | 11/37 kB
Progress (2): 21/195 kB | 13/37 kB
Progress (2): 23/195 kB | 13/37 kB
Progress (2): 23/195 kB | 14/37 kB
Progress (2): 24/195 kB | 14/37 kB
Progress (2): 24/195 kB | 15/37 kB
Progress (2): 24/195 kB | 17/37 kB
Progress (2): 26/195 kB | 17/37 kB
Progress (2): 27/195 kB | 17/37 kB
Progress (2): 27/195 kB | 18/37 kB
Progress (2): 27/195 kB | 20/37 kB
Progress (2): 28/195 kB | 20/37 kB
Progress (2): 29/195 kB | 20/37 kB
Progress (2): 29/195 kB | 21/37 kB
Progress (2): 29/195 kB | 22/37 kB
Progress (2): 30/195 kB | 22/37 kB
Progress (2): 32/195 kB | 22/37 kB
Progress (2): 32/195 kB | 24/37 kB
Progress (2): 32/195 kB | 25/37 kB
Progress (2): 33/195 kB | 25/37 kB
Progress (2): 35/195 kB | 25/37 kB
Progress (2): 35/195 kB | 26/37 kB
Progress (2): 35/195 kB | 28/37 kB
Progress (2): 35/195 kB | 29/37 kB
Progress (2): 36/195 kB | 29/37 kB
Progress (2): 37/195 kB | 29/37 kB
Progress (2): 37/195 kB | 31/37 kB
Progress (2): 37/195 kB | 32/37 kB
Progress (2): 39/195 kB | 32/37 kB
Progress (2): 40/195 kB | 32/37 kB
Progress (2): 41/195 kB | 32/37 kB
Progress (2): 41/195 kB | 33/37 kB
Progress (2): 41/195 kB | 35/37 kB
Progress (2): 43/195 kB | 35/37 kB
Progress (2): 44/195 kB | 35/37 kB
Progress (3): 44/195 kB | 35/37 kB | 2.2 kB
Progress (3): 44/195 kB | 36/37 kB | 2.2 kB
Progress (3): 44/195 kB | 37 kB | 2.2 kB   
Progress (3): 46/195 kB | 37 kB | 2.2 kB
                                        
Downloaded from central: https://repo.maven.apache.org/maven2/com/vladsch/flexmark/flexmark-all/0.42.14/flexmark-all-0.42.14.jar (2.2 kB at 3.6 kB/s)
Downloading from central: https://repo.maven.apache.org/maven2/com/vladsch/flexmark/flexmark/0.42.14/flexmark-0.42.14.jar
Progress (2): 47/195 kB | 37 kB
Progress (2): 48/195 kB | 37 kB
                               
Downloaded from central: https://repo.maven.apache.org/maven2/org/apache/maven/doxia/doxia-module-xdoc/1.11.1/doxia-module-xdoc-1.11.1.jar (37 kB at 61 kB/s)
Downloading from central: https://repo.maven.apache.org/maven2/com/vladsch/flexmark/flexmark-ext-abbreviation/0.42.14/flexmark-ext-abbreviation-0.42.14.jar
Progress (1): 50/195 kB
Progress (1): 51/195 kB
Progress (1): 52/195 kB
Progress (1): 54/195 kB
Progress (1): 55/195 kB
Progress (1): 59/195 kB
Progress (2): 59/195 kB | 0.9/18 kB
Progress (2): 59/195 kB | 2.3/18 kB
Progress (2): 64/195 kB | 2.3/18 kB
Progress (2): 68/195 kB | 2.3/18 kB
Progress (2): 72/195 kB | 2.3/18 kB
Progress (2): 76/195 kB | 2.3/18 kB
Progress (2): 80/195 kB | 2.3/18 kB
Progress (2): 85/195 kB | 2.3/18 kB
Progress (2): 89/195 kB | 2.3/18 kB
Progress (2): 93/195 kB | 2.3/18 kB
Progress (2): 97/195 kB | 2.3/18 kB
Progress (2): 102/195 kB | 2.3/18 kB
Progress (2): 106/195 kB | 2.3/18 kB
Progress (2): 110/195 kB | 2.3/18 kB
Progress (2): 114/195 kB | 2.3/18 kB
Progress (2): 119/195 kB | 2.3/18 kB
Progress (2): 123/195 kB | 2.3/18 kB
Progress (2): 127/195 kB | 2.3/18 kB
Progress (2): 131/195 kB | 2.3/18 kB
Progress (3): 131/195 kB | 2.3/18 kB | 3.2/35 kB
Progress (3): 135/195 kB | 2.3/18 kB | 3.2/35 kB
Progress (3): 140/195 kB | 2.3/18 kB | 3.2/35 kB
Progress (3): 140/195 kB | 3.6/18 kB | 3.2/35 kB
Progress (3): 140/195 kB | 5.0/18 kB | 3.2/35 kB
Progress (3): 140/195 kB | 6.4/18 kB | 3.2/35 kB
Progress (3): 140/195 kB | 7.7/18 kB | 3.2/35 kB
Progress (3): 140/195 kB | 9.1/18 kB | 3.2/35 kB
Progress (3): 140/195 kB | 10/18 kB | 3.2/35 kB 
Progress (3): 140/195 kB | 12/18 kB | 3.2/35 kB
Progress (3): 140/195 kB | 13/18 kB | 3.2/35 kB
Progress (3): 140/195 kB | 15/18 kB | 3.2/35 kB
Progress (3): 140/195 kB | 16/18 kB | 3.2/35 kB
Progress (3): 140/195 kB | 17/18 kB | 3.2/35 kB
Progress (3): 140/195 kB | 18 kB | 3.2/35 kB   
                                            
Downloaded from central: https://repo.maven.apache.org/maven2/org/apache/maven/doxia/doxia-module-markdown/1.11.1/doxia-module-markdown-1.11.1.jar (18 kB at 22 kB/s)
Downloading from central: https://repo.maven.apache.org/maven2/com/vladsch/flexmark/flexmark-ext-admonition/0.42.14/flexmark-ext-admonition-0.42.14.jar
Progress (3): 140/195 kB | 3.2/35 kB | 0.9/389 kB
Progress (3): 140/195 kB | 3.2/35 kB | 2.3/389 kB
Progress (3): 140/195 kB | 3.2/35 kB | 3.6/389 kB
Progress (3): 140/195 kB | 3.2/35 kB | 5.0/389 kB
Progress (3): 140/195 kB | 3.2/35 kB | 6.4/389 kB
Progress (3): 140/195 kB | 3.2/35 kB | 7.7/389 kB
Progress (3): 140/195 kB | 3.2/35 kB | 9.1/389 kB
Progress (3): 140/195 kB | 3.2/35 kB | 10/389 kB 
Progress (3): 140/195 kB | 3.2/35 kB | 12/389 kB
Progress (3): 140/195 kB | 3.2/35 kB | 13/389 kB
Progress (3): 140/195 kB | 3.2/35 kB | 15/389 kB
Progress (3): 140/195 kB | 3.2/35 kB | 16/389 kB
Progress (3): 140/195 kB | 3.2/35 kB | 17/389 kB
Progress (3): 144/195 kB | 3.2/35 kB | 17/389 kB
Progress (3): 148/195 kB | 3.2/35 kB | 17/389 kB
Progress (3): 148/195 kB | 20/35 kB | 17/389 kB 
Progress (3): 148/195 kB | 35 kB | 17/389 kB   
                                            
Downloaded from central: https://repo.maven.apache.org/maven2/com/vladsch/flexmark/flexmark-ext-abbreviation/0.42.14/flexmark-ext-abbreviation-0.42.14.jar (35 kB at 35 kB/s)
Downloading from central: https://repo.maven.apache.org/maven2/com/vladsch/flexmark/flexmark-ext-anchorlink/0.42.14/flexmark-ext-anchorlink-0.42.14.jar
Progress (2): 148/195 kB | 22/389 kB
Progress (2): 148/195 kB | 24/389 kB
Progress (2): 148/195 kB | 28/389 kB
Progress (2): 148/195 kB | 33/389 kB
Progress (2): 148/195 kB | 37/389 kB
Progress (2): 148/195 kB | 41/389 kB
Progress (3): 148/195 kB | 41/389 kB | 0.9/34 kB
Progress (3): 148/195 kB | 41/389 kB | 2.3/34 kB
Progress (3): 148/195 kB | 41/389 kB | 3.6/34 kB
Progress (3): 148/195 kB | 41/389 kB | 5.0/34 kB
Progress (3): 148/195 kB | 41/389 kB | 6.4/34 kB
Progress (3): 148/195 kB | 41/389 kB | 7.7/34 kB
Progress (3): 148/195 kB | 41/389 kB | 9.1/34 kB
Progress (3): 148/195 kB | 41/389 kB | 10/34 kB 
Progress (3): 148/195 kB | 41/389 kB | 12/34 kB
Progress (3): 148/195 kB | 41/389 kB | 13/34 kB
Progress (3): 148/195 kB | 45/389 kB | 13/34 kB
Progress (3): 148/195 kB | 49/389 kB | 13/34 kB
Progress (3): 148/195 kB | 54/389 kB | 13/34 kB
Progress (3): 148/195 kB | 57/389 kB | 13/34 kB
Progress (3): 148/195 kB | 57/389 kB | 15/34 kB
Progress (3): 148/195 kB | 61/389 kB | 15/34 kB
Progress (3): 148/195 kB | 61/389 kB | 16/34 kB
Progress (3): 148/195 kB | 65/389 kB | 16/34 kB
Progress (3): 148/195 kB | 70/389 kB | 16/34 kB
Progress (3): 148/195 kB | 74/389 kB | 16/34 kB
Progress (3): 148/195 kB | 78/389 kB | 16/34 kB
Progress (3): 148/195 kB | 82/389 kB | 16/34 kB
Progress (3): 148/195 kB | 86/389 kB | 16/34 kB
Progress (3): 148/195 kB | 86/389 kB | 17/34 kB
Progress (3): 148/195 kB | 91/389 kB | 17/34 kB
Progress (3): 148/195 kB | 91/389 kB | 19/34 kB
Progress (3): 148/195 kB | 95/389 kB | 19/34 kB
Progress (3): 148/195 kB | 99/389 kB | 19/34 kB
Progress (3): 148/195 kB | 103/389 kB | 19/34 kB
Progress (3): 148/195 kB | 108/389 kB | 19/34 kB
Progress (3): 148/195 kB | 112/389 kB | 19/34 kB
Progress (3): 148/195 kB | 116/389 kB | 19/34 kB
Progress (3): 148/195 kB | 120/389 kB | 19/34 kB
Progress (3): 148/195 kB | 120/389 kB | 20/34 kB
Progress (3): 148/195 kB | 122/389 kB | 20/34 kB
Progress (3): 148/195 kB | 122/389 kB | 21/34 kB
Progress (3): 148/195 kB | 127/389 kB | 21/34 kB
Progress (3): 148/195 kB | 131/389 kB | 21/34 kB
Progress (3): 148/195 kB | 135/389 kB | 21/34 kB
Progress (3): 148/195 kB | 139/389 kB | 21/34 kB
Progress (3): 148/195 kB | 139/389 kB | 23/34 kB
Progress (3): 148/195 kB | 144/389 kB | 23/34 kB
Progress (3): 148/195 kB | 144/389 kB | 24/34 kB
Progress (3): 148/195 kB | 144/389 kB | 26/34 kB
Progress (3): 148/195 kB | 144/389 kB | 27/34 kB
Progress (3): 148/195 kB | 144/389 kB | 28/34 kB
Progress (3): 148/195 kB | 144/389 kB | 30/34 kB
Progress (3): 148/195 kB | 144/389 kB | 31/34 kB
Progress (3): 148/195 kB | 144/389 kB | 32/34 kB
Progress (3): 148/195 kB | 148/389 kB | 32/34 kB
Progress (3): 148/195 kB | 152/389 kB | 32/34 kB
Progress (3): 148/195 kB | 152/389 kB | 34/34 kB
Progress (3): 148/195 kB | 152/389 kB | 34 kB   
                                             
Downloaded from central: https://repo.maven.apache.org/maven2/com/vladsch/flexmark/flexmark-ext-admonition/0.42.14/flexmark-ext-admonition-0.42.14.jar (34 kB at 32 kB/s)
Downloading from central: https://repo.maven.apache.org/maven2/com/vladsch/flexmark/flexmark-ext-aside/0.42.14/flexmark-ext-aside-0.42.14.jar
Progress (2): 148/195 kB | 156/389 kB
Progress (2): 148/195 kB | 160/389 kB
Progress (2): 148/195 kB | 165/389 kB
Progress (2): 152/195 kB | 165/389 kB
Progress (2): 157/195 kB | 165/389 kB
Progress (2): 159/195 kB | 165/389 kB
Progress (2): 163/195 kB | 165/389 kB
Progress (2): 167/195 kB | 165/389 kB
Progress (2): 171/195 kB | 165/389 kB
Progress (2): 176/195 kB | 165/389 kB
Progress (2): 180/195 kB | 165/389 kB
Progress (2): 184/195 kB | 165/389 kB
Progress (2): 188/195 kB | 165/389 kB
Progress (2): 193/195 kB | 165/389 kB
Progress (2): 195 kB | 165/389 kB    
                                 
Downloaded from central: https://repo.maven.apache.org/maven2/org/codehaus/plexus/plexus-archiver/4.2.5/plexus-archiver-4.2.5.jar (195 kB at 173 kB/s)
Downloading from central: https://repo.maven.apache.org/maven2/com/vladsch/flexmark/flexmark-ext-attributes/0.42.14/flexmark-ext-attributes-0.42.14.jar
Progress (1): 169/389 kB
Progress (1): 173/389 kB
Progress (1): 177/389 kB
Progress (1): 182/389 kB
Progress (1): 198/389 kB
Progress (1): 214/389 kB
Progress (2): 214/389 kB | 3.2/17 kB
Progress (2): 231/389 kB | 3.2/17 kB
Progress (2): 231/389 kB | 17 kB    
                                
Downloaded from central: https://repo.maven.apache.org/maven2/com/vladsch/flexmark/flexmark-ext-anchorlink/0.42.14/flexmark-ext-anchorlink-0.42.14.jar (17 kB at 14 kB/s)
Downloading from central: https://repo.maven.apache.org/maven2/com/vladsch/flexmark/flexmark-ext-autolink/0.42.14/flexmark-ext-autolink-0.42.14.jar
Progress (1): 247/389 kB
Progress (1): 253/389 kB
Progress (1): 270/389 kB
Progress (1): 286/389 kB
Progress (1): 303/389 kB
Progress (2): 303/389 kB | 0.9/16 kB
Progress (2): 303/389 kB | 5.1/16 kB
Progress (3): 303/389 kB | 5.1/16 kB | 3.8/36 kB
Progress (3): 303/389 kB | 5.1/16 kB | 8.0/36 kB
Progress (4): 303/389 kB | 5.1/16 kB | 8.0/36 kB | 0.9/38 kB
Progress (4): 303/389 kB | 5.1/16 kB | 8.0/36 kB | 2.3/38 kB
Progress (4): 303/389 kB | 5.1/16 kB | 8.0/36 kB | 3.6/38 kB
Progress (4): 303/389 kB | 5.1/16 kB | 8.0/36 kB | 5.0/38 kB
Progress (4): 303/389 kB | 5.1/16 kB | 8.0/36 kB | 6.4/38 kB
Progress (4): 303/389 kB | 5.1/16 kB | 8.0/36 kB | 7.7/38 kB
Progress (4): 303/389 kB | 5.1/16 kB | 8.0/36 kB | 9.1/38 kB
Progress (4): 303/389 kB | 5.1/16 kB | 12/36 kB | 9.1/38 kB 
Progress (4): 303/389 kB | 5.1/16 kB | 12/36 kB | 10/38 kB 
Progress (4): 303/389 kB | 5.1/16 kB | 12/36 kB | 12/38 kB
Progress (4): 303/389 kB | 5.1/16 kB | 12/36 kB | 13/38 kB
Progress (4): 303/389 kB | 5.1/16 kB | 16/36 kB | 13/38 kB
Progress (4): 303/389 kB | 5.1/16 kB | 16/36 kB | 15/38 kB
Progress (4): 319/389 kB | 5.1/16 kB | 16/36 kB | 15/38 kB
Progress (4): 319/389 kB | 5.1/16 kB | 21/36 kB | 15/38 kB
Progress (4): 319/389 kB | 5.1/16 kB | 21/36 kB | 16/38 kB
Progress (4): 319/389 kB | 5.1/16 kB | 21/36 kB | 17/38 kB
Progress (4): 319/389 kB | 5.1/16 kB | 21/36 kB | 19/38 kB
Progress (4): 319/389 kB | 5.1/16 kB | 21/36 kB | 20/38 kB
Progress (4): 319/389 kB | 5.1/16 kB | 24/36 kB | 20/38 kB
Progress (4): 319/389 kB | 5.1/16 kB | 24/36 kB | 21/38 kB
Progress (4): 319/389 kB | 5.1/16 kB | 24/36 kB | 23/38 kB
Progress (4): 319/389 kB | 5.1/16 kB | 24/36 kB | 24/38 kB
Progress (4): 319/389 kB | 5.1/16 kB | 24/36 kB | 26/38 kB
Progress (4): 319/389 kB | 5.1/16 kB | 24/36 kB | 27/38 kB
Progress (4): 319/389 kB | 5.1/16 kB | 24/36 kB | 28/38 kB
Progress (4): 319/389 kB | 5.1/16 kB | 24/36 kB | 30/38 kB
Progress (4): 319/389 kB | 5.1/16 kB | 24/36 kB | 31/38 kB
Progress (4): 319/389 kB | 5.1/16 kB | 36 kB | 31/38 kB   
                                                       
Downloaded from central: https://repo.maven.apache.org/maven2/com/vladsch/flexmark/flexmark-ext-attributes/0.42.14/flexmark-ext-attributes-0.42.14.jar (36 kB at 27 kB/s)
Downloading from central: https://repo.maven.apache.org/maven2/org/nibor/autolink/autolink/0.6.0/autolink-0.6.0.jar
Progress (3): 319/389 kB | 5.1/16 kB | 32/38 kB
Progress (3): 319/389 kB | 5.1/16 kB | 34/38 kB
Progress (3): 319/389 kB | 5.1/16 kB | 35/38 kB
Progress (3): 319/389 kB | 5.1/16 kB | 36/38 kB
Progress (3): 319/389 kB | 5.1/16 kB | 38/38 kB
Progress (3): 319/389 kB | 5.1/16 kB | 38 kB   
                                            
Downloaded from central: https://repo.maven.apache.org/maven2/org/apache/maven/doxia/doxia-module-fml/1.11.1/doxia-module-fml-1.11.1.jar (38 kB at 28 kB/s)
Downloading from central: https://repo.maven.apache.org/maven2/com/vladsch/flexmark/flexmark-ext-definition/0.42.14/flexmark-ext-definition-0.42.14.jar
Progress (2): 319/389 kB | 9.3/16 kB
Progress (2): 319/389 kB | 14/16 kB 
Progress (2): 319/389 kB | 16 kB   
                                
Downloaded from central: https://repo.maven.apache.org/maven2/com/vladsch/flexmark/flexmark-ext-aside/0.42.14/flexmark-ext-aside-0.42.14.jar (16 kB at 11 kB/s)
Downloading from central: https://repo.maven.apache.org/maven2/com/vladsch/flexmark/flexmark-ext-emoji/0.42.14/flexmark-ext-emoji-0.42.14.jar
Progress (1): 335/389 kB
Progress (1): 352/389 kB
Progress (1): 368/389 kB
Progress (1): 385/389 kB
Progress (1): 389 kB    
                    
Downloaded from central: https://repo.maven.apache.org/maven2/com/vladsch/flexmark/flexmark/0.42.14/flexmark-0.42.14.jar (389 kB at 254 kB/s)
Downloading from central: https://repo.maven.apache.org/maven2/com/vladsch/flexmark/flexmark-ext-enumerated-reference/0.42.14/flexmark-ext-enumerated-reference-0.42.14.jar
Progress (1): 7.7/16 kB
Progress (1): 16/16 kB 
Progress (1): 16 kB   
                   
Downloaded from central: https://repo.maven.apache.org/maven2/org/nibor/autolink/autolink/0.6.0/autolink-0.6.0.jar (16 kB at 10 kB/s)
Downloading from central: https://repo.maven.apache.org/maven2/com/vladsch/flexmark/flexmark-ext-escaped-character/0.42.14/flexmark-ext-escaped-character-0.42.14.jar
Progress (1): 0.9/40 kB
Progress (1): 2.3/40 kB
Progress (1): 3.6/40 kB
Progress (1): 5.0/40 kB
Progress (1): 6.4/40 kB
Progress (2): 6.4/40 kB | 3.8/73 kB
Progress (2): 6.4/40 kB | 8.0/73 kB
Progress (2): 6.4/40 kB | 12/73 kB 
Progress (2): 6.4/40 kB | 16/73 kB
Progress (2): 6.4/40 kB | 21/73 kB
Progress (2): 6.4/40 kB | 24/73 kB
Progress (2): 6.4/40 kB | 28/73 kB
Progress (2): 6.4/40 kB | 33/73 kB
Progress (2): 6.4/40 kB | 37/73 kB
Progress (2): 6.4/40 kB | 41/73 kB
Progress (2): 6.4/40 kB | 45/73 kB
Progress (2): 6.4/40 kB | 49/73 kB
Progress (2): 6.4/40 kB | 54/73 kB
Progress (2): 6.4/40 kB | 58/73 kB
Progress (2): 6.4/40 kB | 62/73 kB
Progress (2): 6.4/40 kB | 66/73 kB
Progress (2): 6.4/40 kB | 71/73 kB
Progress (2): 6.4/40 kB | 73 kB   
                               
Downloaded from central: https://repo.maven.apache.org/maven2/com/vladsch/flexmark/flexmark-ext-emoji/0.42.14/flexmark-ext-emoji-0.42.14.jar (73 kB at 43 kB/s)
Downloading from central: https://repo.maven.apache.org/maven2/com/vladsch/flexmark/flexmark-ext-footnotes/0.42.14/flexmark-ext-footnotes-0.42.14.jar
Progress (2): 6.4/40 kB | 7.7/66 kB
Progress (2): 6.4/40 kB | 16/66 kB 
Progress (2): 6.4/40 kB | 24/66 kB
Progress (2): 6.4/40 kB | 40/66 kB
Progress (2): 7.7/40 kB | 40/66 kB
Progress (2): 7.7/40 kB | 57/66 kB
Progress (2): 9.1/40 kB | 57/66 kB
Progress (2): 10/40 kB | 57/66 kB 
Progress (2): 12/40 kB | 57/66 kB
Progress (2): 13/40 kB | 57/66 kB
Progress (2): 15/40 kB | 57/66 kB
Progress (2): 16/40 kB | 57/66 kB
Progress (3): 16/40 kB | 57/66 kB | 3.2/13 kB
Progress (3): 20/40 kB | 57/66 kB | 3.2/13 kB
Progress (3): 20/40 kB | 66 kB | 3.2/13 kB   
                                          
Downloaded from central: https://repo.maven.apache.org/maven2/com/vladsch/flexmark/flexmark-ext-enumerated-reference/0.42.14/flexmark-ext-enumerated-reference-0.42.14.jar (66 kB at 38 kB/s)
Downloading from central: https://repo.maven.apache.org/maven2/com/vladsch/flexmark/flexmark-ext-gfm-issues/0.42.14/flexmark-ext-gfm-issues-0.42.14.jar
Progress (2): 20/40 kB | 13 kB
                              
Downloaded from central: https://repo.maven.apache.org/maven2/com/vladsch/flexmark/flexmark-ext-escaped-character/0.42.14/flexmark-ext-escaped-character-0.42.14.jar (13 kB at 7.3 kB/s)
Downloading from central: https://repo.maven.apache.org/maven2/com/vladsch/flexmark/flexmark-ext-gfm-strikethrough/0.42.14/flexmark-ext-gfm-strikethrough-0.42.14.jar
Progress (1): 24/40 kB
Progress (1): 28/40 kB
Progress (1): 33/40 kB
Progress (1): 37/40 kB
Progress (1): 40 kB   
Progress (2): 40 kB | 7.7/9.4 kB
Progress (2): 40 kB | 9.4 kB    
                            
Downloaded from central: https://repo.maven.apache.org/maven2/com/vladsch/flexmark/flexmark-ext-definition/0.42.14/flexmark-ext-definition-0.42.14.jar (40 kB at 22 kB/s)
Downloading from central: https://repo.maven.apache.org/maven2/com/vladsch/flexmark/flexmark-ext-gfm-tables/0.42.14/flexmark-ext-gfm-tables-0.42.14.jar
Downloaded from central: https://repo.maven.apache.org/maven2/com/vladsch/flexmark/flexmark-ext-autolink/0.42.14/flexmark-ext-autolink-0.42.14.jar (9.4 kB at 5.3 kB/s)
Downloading from central: https://repo.maven.apache.org/maven2/com/vladsch/flexmark/flexmark-ext-gfm-tasklist/0.42.14/flexmark-ext-gfm-tasklist-0.42.14.jar
Progress (1): 3.8/41 kB
Progress (1): 8.0/41 kB
Progress (1): 12/41 kB 
Progress (2): 12/41 kB | 8.2/16 kB
Progress (2): 12/41 kB | 16 kB    
                              
Downloaded from central: https://repo.maven.apache.org/maven2/com/vladsch/flexmark/flexmark-ext-gfm-issues/0.42.14/flexmark-ext-gfm-issues-0.42.14.jar (16 kB at 8.0 kB/s)
Downloading from central: https://repo.maven.apache.org/maven2/com/vladsch/flexmark/flexmark-ext-gfm-users/0.42.14/flexmark-ext-gfm-users-0.42.14.jar
Progress (2): 12/41 kB | 7.7/29 kB
Progress (2): 12/41 kB | 16/29 kB 
Progress (2): 12/41 kB | 24/29 kB
Progress (3): 12/41 kB | 24/29 kB | 3.8/28 kB
Progress (3): 12/41 kB | 29 kB | 3.8/28 kB   
Progress (3): 12/41 kB | 29 kB | 8.0/28 kB
                                          
Downloaded from central: https://repo.maven.apache.org/maven2/com/vladsch/flexmark/flexmark-ext-gfm-strikethrough/0.42.14/flexmark-ext-gfm-strikethrough-0.42.14.jar (29 kB at 14 kB/s)
Downloading from central: https://repo.maven.apache.org/maven2/com/vladsch/flexmark/flexmark-ext-gitlab/0.42.14/flexmark-ext-gitlab-0.42.14.jar
Progress (2): 12/41 kB | 12/28 kB
Progress (2): 12/41 kB | 16/28 kB
Progress (2): 12/41 kB | 21/28 kB
Progress (2): 12/41 kB | 25/28 kB
Progress (2): 12/41 kB | 28 kB   
                              
Downloaded from central: https://repo.maven.apache.org/maven2/com/vladsch/flexmark/flexmark-ext-gfm-tasklist/0.42.14/flexmark-ext-gfm-tasklist-0.42.14.jar (28 kB at 14 kB/s)
Downloading from central: https://repo.maven.apache.org/maven2/com/vladsch/flexmark/flexmark-ext-jekyll-front-matter/0.42.14/flexmark-ext-jekyll-front-matter-0.42.14.jar
Progress (1): 16/41 kB
Progress (1): 21/41 kB
Progress (1): 24/41 kB
Progress (1): 28/41 kB
Progress (1): 33/41 kB
Progress (1): 37/41 kB
Progress (1): 41/41 kB
Progress (1): 41 kB   
                   
Downloaded from central: https://repo.maven.apache.org/maven2/com/vladsch/flexmark/flexmark-ext-footnotes/0.42.14/flexmark-ext-footnotes-0.42.14.jar (41 kB at 19 kB/s)
Downloading from central: https://repo.maven.apache.org/maven2/com/vladsch/flexmark/flexmark-ext-jekyll-tag/0.42.14/flexmark-ext-jekyll-tag-0.42.14.jar
Progress (1): 7.7/33 kB
Progress (1): 11/33 kB 
Progress (2): 11/33 kB | 7.7/16 kB
Progress (2): 11/33 kB | 16 kB    
                              
Downloaded from central: https://repo.maven.apache.org/maven2/com/vladsch/flexmark/flexmark-ext-gfm-users/0.42.14/flexmark-ext-gfm-users-0.42.14.jar (16 kB at 7.3 kB/s)
Downloading from central: https://repo.maven.apache.org/maven2/com/vladsch/flexmark/flexmark-ext-media-tags/0.42.14/flexmark-ext-media-tags-0.42.14.jar
Progress (2): 11/33 kB | 3.8/18 kB
Progress (2): 28/33 kB | 3.8/18 kB
Progress (2): 33 kB | 3.8/18 kB   
                               
Downloaded from central: https://repo.maven.apache.org/maven2/com/vladsch/flexmark/flexmark-ext-gfm-tables/0.42.14/flexmark-ext-gfm-tables-0.42.14.jar (33 kB at 15 kB/s)
Downloading from central: https://repo.maven.apache.org/maven2/com/vladsch/flexmark/flexmark-ext-macros/0.42.14/flexmark-ext-macros-0.42.14.jar
Progress (2): 3.8/18 kB | 3.8/21 kB
Progress (2): 3.8/18 kB | 8.0/21 kB
Progress (2): 3.8/18 kB | 12/21 kB 
Progress (2): 3.8/18 kB | 16/21 kB
Progress (2): 3.8/18 kB | 21/21 kB
Progress (3): 3.8/18 kB | 21/21 kB | 7.7/42 kB
Progress (3): 3.8/18 kB | 21/21 kB | 16/42 kB 
Progress (3): 3.8/18 kB | 21 kB | 16/42 kB   
Progress (3): 3.8/18 kB | 21 kB | 32/42 kB
                                          
Downloaded from central: https://repo.maven.apache.org/maven2/com/vladsch/flexmark/flexmark-ext-jekyll-tag/0.42.14/flexmark-ext-jekyll-tag-0.42.14.jar (21 kB at 8.9 kB/s)
Downloading from central: https://repo.maven.apache.org/maven2/com/vladsch/flexmark/flexmark-ext-ins/0.42.14/flexmark-ext-ins-0.42.14.jar
Progress (2): 3.8/18 kB | 42 kB
                               
Downloaded from central: https://repo.maven.apache.org/maven2/com/vladsch/flexmark/flexmark-ext-gitlab/0.42.14/flexmark-ext-gitlab-0.42.14.jar (42 kB at 18 kB/s)
Downloading from central: https://repo.maven.apache.org/maven2/com/vladsch/flexmark/flexmark-ext-xwiki-macros/0.42.14/flexmark-ext-xwiki-macros-0.42.14.jar
Progress (2): 3.8/18 kB | 3.2/25 kB
Progress (2): 3.8/18 kB | 20/25 kB 
Progress (2): 3.8/18 kB | 25 kB   
                               
Downloaded from central: https://repo.maven.apache.org/maven2/com/vladsch/flexmark/flexmark-ext-media-tags/0.42.14/flexmark-ext-media-tags-0.42.14.jar (25 kB at 11 kB/s)
Downloading from central: https://repo.maven.apache.org/maven2/com/vladsch/flexmark/flexmark-ext-superscript/0.42.14/flexmark-ext-superscript-0.42.14.jar
Progress (1): 8.0/18 kB
Progress (1): 12/18 kB 
Progress (1): 14/18 kB
Progress (1): 18/18 kB
Progress (1): 18 kB   
                   
Downloaded from central: https://repo.maven.apache.org/maven2/com/vladsch/flexmark/flexmark-ext-jekyll-front-matter/0.42.14/flexmark-ext-jekyll-front-matter-0.42.14.jar (18 kB at 7.6 kB/s)
Downloading from central: https://repo.maven.apache.org/maven2/com/vladsch/flexmark/flexmark-ext-tables/0.42.14/flexmark-ext-tables-0.42.14.jar
Progress (1): 7.7/35 kB
Progress (1): 16/35 kB 
Progress (1): 32/35 kB
Progress (1): 35 kB   
                   
Downloaded from central: https://repo.maven.apache.org/maven2/com/vladsch/flexmark/flexmark-ext-macros/0.42.14/flexmark-ext-macros-0.42.14.jar (35 kB at 14 kB/s)
Downloading from central: https://repo.maven.apache.org/maven2/com/vladsch/flexmark/flexmark-ext-toc/0.42.14/flexmark-ext-toc-0.42.14.jar
Progress (1): 7.7/31 kB
Progress (1): 16/31 kB 
Progress (1): 25/31 kB
Progress (1): 31 kB   
                   
Downloaded from central: https://repo.maven.apache.org/maven2/com/vladsch/flexmark/flexmark-ext-xwiki-macros/0.42.14/flexmark-ext-xwiki-macros-0.42.14.jar (31 kB at 12 kB/s)
Downloading from central: https://repo.maven.apache.org/maven2/com/vladsch/flexmark/flexmark-ext-typographic/0.42.14/flexmark-ext-typographic-0.42.14.jar
Progress (1): 3.8/76 kB
Progress (1): 8.0/76 kB
Progress (1): 12/76 kB 
Progress (1): 16/76 kB
Progress (1): 21/76 kB
Progress (1): 24/76 kB
Progress (1): 28/76 kB
Progress (1): 33/76 kB
Progress (1): 37/76 kB
Progress (1): 41/76 kB
Progress (1): 45/76 kB
Progress (1): 49/76 kB
Progress (1): 54/76 kB
Progress (1): 58/76 kB
Progress (1): 62/76 kB
Progress (1): 66/76 kB
Progress (1): 71/76 kB
Progress (1): 75/76 kB
Progress (1): 76 kB   
                   
Downloaded from central: https://repo.maven.apache.org/maven2/com/vladsch/flexmark/flexmark-ext-tables/0.42.14/flexmark-ext-tables-0.42.14.jar (76 kB at 29 kB/s)
Downloading from central: https://repo.maven.apache.org/maven2/com/vladsch/flexmark/flexmark-ext-wikilink/0.42.14/flexmark-ext-wikilink-0.42.14.jar
Progress (1): 3.8/13 kB
Progress (1): 7.7/13 kB
Progress (2): 7.7/13 kB | 7.7/13 kB
Progress (2): 7.7/13 kB | 7.7/13 kB
Progress (2): 7.7/13 kB | 13 kB    
                               
Downloaded from central: https://repo.maven.apache.org/maven2/com/vladsch/flexmark/flexmark-ext-superscript/0.42.14/flexmark-ext-superscript-0.42.14.jar (13 kB at 4.8 kB/s)
Downloading from central: https://repo.maven.apache.org/maven2/com/vladsch/flexmark/flexmark-ext-yaml-front-matter/0.42.14/flexmark-ext-yaml-front-matter-0.42.14.jar
Progress (2): 7.7/13 kB | 8.2/91 kB
Progress (3): 7.7/13 kB | 8.2/91 kB | 7.7/22 kB
Progress (3): 7.7/13 kB | 8.2/91 kB | 15/22 kB 
Progress (3): 7.7/13 kB | 8.2/91 kB | 22 kB   
                                           
Downloaded from central: https://repo.maven.apache.org/maven2/com/vladsch/flexmark/flexmark-ext-typographic/0.42.14/flexmark-ext-typographic-0.42.14.jar (22 kB at 7.8 kB/s)
Downloading from central: https://repo.maven.apache.org/maven2/com/vladsch/flexmark/flexmark-ext-youtube-embedded/0.42.14/flexmark-ext-youtube-embedded-0.42.14.jar
Progress (2): 7.7/13 kB | 25/91 kB
Progress (3): 7.7/13 kB | 25/91 kB | 3.8/26 kB
Progress (3): 7.7/13 kB | 25/91 kB | 8.0/26 kB
Progress (3): 13 kB | 25/91 kB | 8.0/26 kB    
                                          
Downloaded from central: https://repo.maven.apache.org/maven2/com/vladsch/flexmark/flexmark-ext-ins/0.42.14/flexmark-ext-ins-0.42.14.jar (13 kB at 4.4 kB/s)
Downloading from central: https://repo.maven.apache.org/maven2/com/vladsch/flexmark/flexmark-formatter/0.42.14/flexmark-formatter-0.42.14.jar
Progress (2): 41/91 kB | 8.0/26 kB
Progress (3): 41/91 kB | 8.0/26 kB | 7.7/18 kB
Progress (3): 41/91 kB | 8.0/26 kB | 16/18 kB 
Progress (3): 41/91 kB | 8.0/26 kB | 18 kB   
                                          
Downloaded from central: https://repo.maven.apache.org/maven2/com/vladsch/flexmark/flexmark-ext-yaml-front-matter/0.42.14/flexmark-ext-yaml-front-matter-0.42.14.jar (18 kB at 6.1 kB/s)
Downloading from central: https://repo.maven.apache.org/maven2/com/vladsch/flexmark/flexmark-html-parser/0.42.14/flexmark-html-parser-0.42.14.jar
Progress (2): 57/91 kB | 8.0/26 kB
Progress (3): 57/91 kB | 8.0/26 kB | 7.7/13 kB
Progress (3): 57/91 kB | 8.0/26 kB | 11/13 kB 
Progress (3): 57/91 kB | 8.0/26 kB | 13 kB   
                                          
Downloaded from central: https://repo.maven.apache.org/maven2/com/vladsch/flexmark/flexmark-ext-youtube-embedded/0.42.14/flexmark-ext-youtube-embedded-0.42.14.jar (13 kB at 4.2 kB/s)
Downloading from central: https://repo.maven.apache.org/maven2/org/jsoup/jsoup/1.10.2/jsoup-1.10.2.jar
Progress (2): 74/91 kB | 8.0/26 kB
Progress (2): 90/91 kB | 8.0/26 kB
Progress (2): 91 kB | 8.0/26 kB   
                               
Downloaded from central: https://repo.maven.apache.org/maven2/com/vladsch/flexmark/flexmark-ext-toc/0.42.14/flexmark-ext-toc-0.42.14.jar (91 kB at 29 kB/s)
Downloading from central: https://repo.maven.apache.org/maven2/com/vladsch/flexmark/flexmark-jira-converter/0.42.14/flexmark-jira-converter-0.42.14.jar
Progress (1): 24/26 kB
Progress (1): 26 kB   
                   
Downloaded from central: https://repo.maven.apache.org/maven2/com/vladsch/flexmark/flexmark-ext-wikilink/0.42.14/flexmark-ext-wikilink-0.42.14.jar (26 kB at 8.2 kB/s)
Downloading from central: https://repo.maven.apache.org/maven2/com/vladsch/flexmark/flexmark-profile-pegdown/0.42.14/flexmark-profile-pegdown-0.42.14.jar
Progress (1): 7.7/351 kB
Progress (1): 8.2/351 kB
Progress (1): 25/351 kB 
Progress (1): 41/351 kB
Progress (1): 57/351 kB
Progress (2): 57/351 kB | 7.7/97 kB
Progress (2): 57/351 kB | 16/97 kB 
Progress (3): 57/351 kB | 16/97 kB | 6.3 kB
                                           
Downloaded from central: https://repo.maven.apache.org/maven2/com/vladsch/flexmark/flexmark-profile-pegdown/0.42.14/flexmark-profile-pegdown-0.42.14.jar (6.3 kB at 1.9 kB/s)
Downloading from central: https://repo.maven.apache.org/maven2/com/vladsch/flexmark/flexmark-util/0.42.14/flexmark-util-0.42.14.jar
Progress (2): 57/351 kB | 32/97 kB
Progress (2): 57/351 kB | 49/97 kB
Progress (3): 57/351 kB | 49/97 kB | 7.7/45 kB
Progress (3): 57/351 kB | 49/97 kB | 16/45 kB 
Progress (3): 57/351 kB | 49/97 kB | 32/45 kB
Progress (3): 57/351 kB | 65/97 kB | 32/45 kB
Progress (3): 57/351 kB | 65/97 kB | 45 kB   
                                          
Downloaded from central: https://repo.maven.apache.org/maven2/com/vladsch/flexmark/flexmark-html-parser/0.42.14/flexmark-html-parser-0.42.14.jar (45 kB at 13 kB/s)
Downloading from central: https://repo.maven.apache.org/maven2/com/vladsch/flexmark/flexmark-youtrack-converter/0.42.14/flexmark-youtrack-converter-0.42.14.jar
Progress (2): 57/351 kB | 81/97 kB
Progress (2): 57/351 kB | 97 kB   
                               
Downloaded from central: https://repo.maven.apache.org/maven2/com/vladsch/flexmark/flexmark-formatter/0.42.14/flexmark-formatter-0.42.14.jar (97 kB at 29 kB/s)
Downloading from central: https://repo.maven.apache.org/maven2/org/apache/maven/doxia/doxia-module-confluence/1.11.1/doxia-module-confluence-1.11.1.jar
Progress (1): 74/351 kB
Progress (1): 90/351 kB
Progress (1): 106/351 kB
Progress (1): 123/351 kB
Progress (1): 139/351 kB
Progress (1): 156/351 kB
Progress (1): 172/351 kB
Progress (1): 188/351 kB
Progress (1): 205/351 kB
Progress (2): 205/351 kB | 7.7/40 kB
Progress (3): 205/351 kB | 7.7/40 kB | 7.7/385 kB
Progress (3): 205/351 kB | 16/40 kB | 7.7/385 kB 
Progress (3): 205/351 kB | 16/40 kB | 16/385 kB 
Progress (3): 205/351 kB | 24/40 kB | 16/385 kB
Progress (3): 205/351 kB | 40 kB | 16/385 kB   
                                            
Downloaded from central: https://repo.maven.apache.org/maven2/com/vladsch/flexmark/flexmark-jira-converter/0.42.14/flexmark-jira-converter-0.42.14.jar (40 kB at 11 kB/s)
Downloading from central: https://repo.maven.apache.org/maven2/org/apache/maven/doxia/doxia-module-docbook-simple/1.11.1/doxia-module-docbook-simple-1.11.1.jar
Progress (2): 221/351 kB | 16/385 kB
Progress (2): 238/351 kB | 16/385 kB
Progress (2): 238/351 kB | 32/385 kB
Progress (2): 254/351 kB | 32/385 kB
Progress (3): 254/351 kB | 32/385 kB | 7.7/41 kB
Progress (3): 254/351 kB | 32/385 kB | 7.7/41 kB
Progress (3): 254/351 kB | 49/385 kB | 7.7/41 kB
Progress (3): 254/351 kB | 49/385 kB | 24/41 kB 
Progress (3): 270/351 kB | 49/385 kB | 24/41 kB
Progress (3): 287/351 kB | 49/385 kB | 24/41 kB
Progress (3): 287/351 kB | 49/385 kB | 40/41 kB
Progress (3): 287/351 kB | 49/385 kB | 41 kB   
Progress (3): 303/351 kB | 49/385 kB | 41 kB
                                            
Downloaded from central: https://repo.maven.apache.org/maven2/com/vladsch/flexmark/flexmark-youtrack-converter/0.42.14/flexmark-youtrack-converter-0.42.14.jar (41 kB at 11 kB/s)
Downloading from central: https://repo.maven.apache.org/maven2/org/apache/maven/doxia/doxia-module-twiki/1.11.1/doxia-module-twiki-1.11.1.jar
Progress (2): 303/351 kB | 65/385 kB
Progress (2): 303/351 kB | 81/385 kB
Progress (2): 303/351 kB | 98/385 kB
Progress (2): 319/351 kB | 98/385 kB
Progress (3): 319/351 kB | 98/385 kB | 7.7/58 kB
Progress (3): 319/351 kB | 98/385 kB | 16/58 kB 
Progress (3): 319/351 kB | 114/385 kB | 16/58 kB
Progress (3): 336/351 kB | 114/385 kB | 16/58 kB
Progress (3): 336/351 kB | 114/385 kB | 32/58 kB
Progress (3): 351 kB | 114/385 kB | 32/58 kB    
                                            
Downloaded from central: https://repo.maven.apache.org/maven2/org/jsoup/jsoup/1.10.2/jsoup-1.10.2.jar (351 kB at 96 kB/s)
Downloading from central: https://repo.maven.apache.org/maven2/org/eclipse/jetty/jetty-webapp/9.4.46.v20220331/jetty-webapp-9.4.46.v20220331.jar
Progress (2): 131/385 kB | 32/58 kB
Progress (2): 131/385 kB | 49/58 kB
Progress (2): 147/385 kB | 49/58 kB
Progress (2): 147/385 kB | 58 kB   
                                
Downloaded from central: https://repo.maven.apache.org/maven2/org/apache/maven/doxia/doxia-module-confluence/1.11.1/doxia-module-confluence-1.11.1.jar (58 kB at 16 kB/s)
Downloading from central: https://repo.maven.apache.org/maven2/org/eclipse/jetty/jetty-xml/9.4.46.v20220331/jetty-xml-9.4.46.v20220331.jar
Progress (1): 163/385 kB
Progress (1): 180/385 kB
Progress (1): 196/385 kB
Progress (1): 212/385 kB
Progress (1): 229/385 kB
Progress (1): 245/385 kB
Progress (2): 245/385 kB | 7.7/128 kB
Progress (2): 245/385 kB | 11/128 kB 
Progress (2): 262/385 kB | 11/128 kB
Progress (2): 278/385 kB | 11/128 kB
Progress (2): 294/385 kB | 11/128 kB
Progress (2): 311/385 kB | 11/128 kB
Progress (2): 311/385 kB | 28/128 kB
Progress (3): 311/385 kB | 28/128 kB | 7.7/141 kB
Progress (3): 311/385 kB | 28/128 kB | 11/141 kB 
Progress (3): 311/385 kB | 28/128 kB | 28/141 kB
Progress (3): 311/385 kB | 28/128 kB | 44/141 kB
Progress (3): 311/385 kB | 28/128 kB | 61/141 kB
Progress (4): 311/385 kB | 28/128 kB | 61/141 kB | 7.7/69 kB
Progress (4): 311/385 kB | 28/128 kB | 61/141 kB | 16/69 kB 
Progress (5): 311/385 kB | 28/128 kB | 61/141 kB | 16/69 kB | 7.7/73 kB
Progress (5): 311/385 kB | 28/128 kB | 61/141 kB | 16/69 kB | 16/73 kB 
Progress (5): 311/385 kB | 28/128 kB | 61/141 kB | 16/69 kB | 24/73 kB
Progress (5): 311/385 kB | 28/128 kB | 61/141 kB | 16/69 kB | 40/73 kB
Progress (5): 311/385 kB | 28/128 kB | 61/141 kB | 16/69 kB | 57/73 kB
Progress (5): 311/385 kB | 28/128 kB | 61/141 kB | 16/69 kB | 73 kB   
                                                                   
Downloaded from central: https://repo.maven.apache.org/maven2/org/apache/maven/doxia/doxia-module-twiki/1.11.1/doxia-module-twiki-1.11.1.jar (73 kB at 18 kB/s)
Progress (4): 327/385 kB | 28/128 kB | 61/141 kB | 16/69 kB
Progress (4): 344/385 kB | 28/128 kB | 61/141 kB | 16/69 kB
Progress (4): 344/385 kB | 28/128 kB | 77/141 kB | 16/69 kB
Progress (4): 344/385 kB | 28/128 kB | 93/141 kB | 16/69 kB
Progress (4): 360/385 kB | 28/128 kB | 93/141 kB | 16/69 kB
Progress (4): 360/385 kB | 28/128 kB | 110/141 kB | 16/69 kB
Progress (4): 360/385 kB | 28/128 kB | 126/141 kB | 16/69 kB
Progress (4): 360/385 kB | 28/128 kB | 141 kB | 16/69 kB    
                                                        
Downloaded from central: https://repo.maven.apache.org/maven2/org/eclipse/jetty/jetty-webapp/9.4.46.v20220331/jetty-webapp-9.4.46.v20220331.jar (141 kB at 35 kB/s)
Progress (3): 376/385 kB | 28/128 kB | 16/69 kB
Progress (3): 385 kB | 28/128 kB | 16/69 kB    
                                           
Downloaded from central: https://repo.maven.apache.org/maven2/com/vladsch/flexmark/flexmark-util/0.42.14/flexmark-util-0.42.14.jar (385 kB at 95 kB/s)
Progress (2): 28/128 kB | 32/69 kB
Progress (2): 28/128 kB | 49/69 kB
Progress (2): 28/128 kB | 65/69 kB
Progress (2): 28/128 kB | 69 kB   
                               
Downloaded from central: https://repo.maven.apache.org/maven2/org/eclipse/jetty/jetty-xml/9.4.46.v20220331/jetty-xml-9.4.46.v20220331.jar (69 kB at 17 kB/s)
Progress (1): 44/128 kB
Progress (1): 61/128 kB
Progress (1): 77/128 kB
Progress (1): 93/128 kB
Progress (1): 110/128 kB
Progress (1): 126/128 kB
Progress (1): 128 kB    
                    
Downloaded from central: https://repo.maven.apache.org/maven2/org/apache/maven/doxia/doxia-module-docbook-simple/1.11.1/doxia-module-docbook-simple-1.11.1.jar (128 kB at 31 kB/s)
[INFO] Skipping because packaging 'jar' is not pom.
[INFO] ------------------------------------------------------------------------
[INFO] BUILD SUCCESS
[INFO] ------------------------------------------------------------------------
[INFO] Total time:  20.099 s
[INFO] Finished at: 2026-08-27T10:11:26+08:00
[INFO] ------------------------------------------------------------------------
