[INFO] Scanning for projects...
[INFO] 
[INFO] ------------------< org.codehaus.plexus:plexus-utils >------------------
[INFO] Building Plexus Common Utilities 3.5.1
[INFO]   from pom.xml
[INFO] --------------------------------[ jar ]---------------------------------
Downloading from central: https://repo.maven.apache.org/maven2/org/openjdk/jmh/jmh-core/1.36/jmh-core-1.36.pom
Progress (1): 734 B
Progress (1): 1.5 kB
Progress (1): 3.4 kB
Progress (1): 6.7 kB
Progress (1): 9.3 kB
                    
Downloaded from central: https://repo.maven.apache.org/maven2/org/openjdk/jmh/jmh-core/1.36/jmh-core-1.36.pom (9.3 kB at 12 kB/s)
Downloading from central: https://repo.maven.apache.org/maven2/org/openjdk/jmh/jmh-parent/1.36/jmh-parent-1.36.pom
Progress (1): 733 B
Progress (1): 1.5 kB
Progress (1): 3.6 kB
Progress (1): 8.3 kB
Progress (1): 12 kB 
Progress (1): 12 kB
                   
Downloaded from central: https://repo.maven.apache.org/maven2/org/openjdk/jmh/jmh-parent/1.36/jmh-parent-1.36.pom (12 kB at 50 kB/s)
Downloading from central: https://repo.maven.apache.org/maven2/org/openjdk/jmh/jmh-generator-annprocess/1.36/jmh-generator-annprocess-1.36.pom
Progress (1): 792 B
Progress (1): 1.6 kB
Progress (1): 3.7 kB
                    
Downloaded from central: https://repo.maven.apache.org/maven2/org/openjdk/jmh/jmh-generator-annprocess/1.36/jmh-generator-annprocess-1.36.pom (3.7 kB at 17 kB/s)
Downloading from central: https://repo.maven.apache.org/maven2/org/openjdk/jmh/jmh-core/1.36/jmh-core-1.36.jar
Progress (1): 0.9/537 kB
Progress (1): 2.3/537 kB
Progress (1): 3.2/537 kB
Progress (1): 4.5/537 kB
Progress (1): 5.9/537 kB
Progress (1): 7.3/537 kB
Progress (1): 8.7/537 kB
Progress (1): 10/537 kB 
Progress (1): 11/537 kB
Progress (1): 13/537 kB
Progress (1): 14/537 kB
Progress (1): 15/537 kB
Progress (1): 17/537 kB
Progress (1): 18/537 kB
Progress (1): 20/537 kB
Progress (1): 21/537 kB
Progress (1): 22/537 kB
Progress (1): 24/537 kB
Progress (1): 25/537 kB
Progress (1): 26/537 kB
Progress (1): 28/537 kB
Progress (1): 29/537 kB
Progress (1): 30/537 kB
Progress (1): 32/537 kB
Progress (1): 33/537 kB
Progress (1): 35/537 kB
Progress (1): 36/537 kB
Progress (1): 37/537 kB
Progress (1): 39/537 kB
Progress (1): 40/537 kB
Progress (1): 41/537 kB
Progress (1): 46/537 kB
Progress (1): 49/537 kB
Progress (1): 53/537 kB
Progress (1): 58/537 kB
Progress (1): 61/537 kB
Progress (1): 65/537 kB
Progress (1): 69/537 kB
Progress (1): 73/537 kB
Progress (1): 77/537 kB
Progress (1): 82/537 kB
Progress (1): 86/537 kB
Progress (1): 90/537 kB
Progress (1): 94/537 kB
Progress (1): 99/537 kB
Progress (1): 103/537 kB
Progress (1): 107/537 kB
Progress (1): 111/537 kB
Progress (1): 115/537 kB
Progress (1): 120/537 kB
Progress (1): 124/537 kB
Progress (1): 126/537 kB
Progress (1): 130/537 kB
Progress (1): 135/537 kB
Progress (1): 139/537 kB
Progress (1): 143/537 kB
Progress (1): 147/537 kB
Progress (1): 151/537 kB
Progress (1): 156/537 kB
Progress (1): 160/537 kB
Progress (1): 164/537 kB
Progress (1): 168/537 kB
Progress (1): 173/537 kB
Progress (1): 177/537 kB
Progress (1): 181/537 kB
Progress (1): 185/537 kB
Progress (1): 189/537 kB
Progress (1): 194/537 kB
Progress (1): 198/537 kB
Progress (1): 202/537 kB
Progress (1): 206/537 kB
Progress (1): 223/537 kB
Progress (1): 239/537 kB
Progress (1): 256/537 kB
Progress (1): 257/537 kB
Progress (1): 274/537 kB
Progress (1): 290/537 kB
Progress (1): 306/537 kB
Progress (1): 323/537 kB
Progress (1): 339/537 kB
Progress (1): 355/537 kB
Progress (1): 372/537 kB
Progress (1): 388/537 kB
Progress (1): 405/537 kB
Progress (1): 421/537 kB
Progress (1): 437/537 kB
Progress (1): 454/537 kB
Progress (1): 470/537 kB
Progress (1): 487/537 kB
Progress (1): 503/537 kB
Progress (1): 519/537 kB
Progress (1): 536/537 kB
Progress (1): 537 kB    
                    
Downloaded from central: https://repo.maven.apache.org/maven2/org/openjdk/jmh/jmh-core/1.36/jmh-core-1.36.jar (537 kB at 404 kB/s)
Downloading from central: https://repo.maven.apache.org/maven2/org/openjdk/jmh/jmh-generator-annprocess/1.36/jmh-generator-annprocess-1.36.jar
Progress (1): 7.7/31 kB
Progress (1): 7.7/31 kB
Progress (1): 24/31 kB 
Progress (1): 31 kB   
                   
Downloaded from central: https://repo.maven.apache.org/maven2/org/openjdk/jmh/jmh-generator-annprocess/1.36/jmh-generator-annprocess-1.36.jar (31 kB at 52 kB/s)
[INFO] 
[INFO] --- enforcer:3.0.0:enforce (enforce-maven) @ plexus-utils ---
[INFO] 
[INFO] --- resources:3.3.1:resources (default-resources) @ plexus-utils ---
[INFO] Copying 5 resources from src/main/resources to target/classes
[INFO] 
[INFO] --- compiler:3.10.1:compile (default-compile) @ plexus-utils ---
[INFO] Changes detected - recompiling the module!
[INFO] Compiling 86 source files to /home/zhihao/hdd/marshal/benchmarks/cross-repo-pr-impact/results/single-case-pipeline-plexus-utils-license-v1-2026-08-27/replay-work/formal-github-plexus-utils-xml-removal--target-license-maven-plugin/source-a0/target/classes
[INFO] /home/zhihao/hdd/marshal/benchmarks/cross-repo-pr-impact/results/single-case-pipeline-plexus-utils-license-v1-2026-08-27/replay-work/formal-github-plexus-utils-xml-removal--target-license-maven-plugin/source-a0/src/main/java/org/codehaus/plexus/util/xml/pull/MXParser.java: Some input files use or override a deprecated API.
[INFO] /home/zhihao/hdd/marshal/benchmarks/cross-repo-pr-impact/results/single-case-pipeline-plexus-utils-license-v1-2026-08-27/replay-work/formal-github-plexus-utils-xml-removal--target-license-maven-plugin/source-a0/src/main/java/org/codehaus/plexus/util/xml/pull/MXParser.java: Recompile with -Xlint:deprecation for details.
[INFO] /home/zhihao/hdd/marshal/benchmarks/cross-repo-pr-impact/results/single-case-pipeline-plexus-utils-license-v1-2026-08-27/replay-work/formal-github-plexus-utils-xml-removal--target-license-maven-plugin/source-a0/src/main/java/org/codehaus/plexus/util/reflection/Reflector.java: Some input files use unchecked or unsafe operations.
[INFO] /home/zhihao/hdd/marshal/benchmarks/cross-repo-pr-impact/results/single-case-pipeline-plexus-utils-license-v1-2026-08-27/replay-work/formal-github-plexus-utils-xml-removal--target-license-maven-plugin/source-a0/src/main/java/org/codehaus/plexus/util/reflection/Reflector.java: Recompile with -Xlint:unchecked for details.
[INFO] 
[INFO] --- compiler:3.10.1:compile (compile-java-9) @ plexus-utils ---
[WARNING]  Parameter 'compileSourceRoots' is read-only, must not be used in configuration
[INFO] Changes detected - recompiling the module!
[INFO] Compiling 1 source file to /home/zhihao/hdd/marshal/benchmarks/cross-repo-pr-impact/results/single-case-pipeline-plexus-utils-license-v1-2026-08-27/replay-work/formal-github-plexus-utils-xml-removal--target-license-maven-plugin/source-a0/target/classes/META-INF/versions/9
[INFO] 
[INFO] --- compiler:3.10.1:compile (compile-java-10) @ plexus-utils ---
[WARNING]  Parameter 'compileSourceRoots' is read-only, must not be used in configuration
[INFO] Changes detected - recompiling the module!
[INFO] Compiling 1 source file to /home/zhihao/hdd/marshal/benchmarks/cross-repo-pr-impact/results/single-case-pipeline-plexus-utils-license-v1-2026-08-27/replay-work/formal-github-plexus-utils-xml-removal--target-license-maven-plugin/source-a0/target/classes/META-INF/versions/10
[INFO] 
[INFO] --- compiler:3.10.1:compile (compile-java-11) @ plexus-utils ---
[WARNING]  Parameter 'compileSourceRoots' is read-only, must not be used in configuration
[INFO] Changes detected - recompiling the module!
[INFO] Compiling 1 source file to /home/zhihao/hdd/marshal/benchmarks/cross-repo-pr-impact/results/single-case-pipeline-plexus-utils-license-v1-2026-08-27/replay-work/formal-github-plexus-utils-xml-removal--target-license-maven-plugin/source-a0/target/classes/META-INF/versions/11
[INFO] 
[INFO] --- resources:3.3.1:testResources (default-testResources) @ plexus-utils ---
[INFO] Not copying test resources
[INFO] 
[INFO] --- compiler:3.10.1:testCompile (default-testCompile) @ plexus-utils ---
[INFO] Not compiling test sources
[INFO] 
[INFO] --- surefire:2.22.2:test (default-test) @ plexus-utils ---
[WARNING]  Parameter 'systemProperties' is deprecated: Use systemPropertyVariables instead.
[INFO] Tests are skipped.
[INFO] 
[INFO] --- jar:3.2.2:jar (default-jar) @ plexus-utils ---
[INFO] Building jar: /home/zhihao/hdd/marshal/benchmarks/cross-repo-pr-impact/results/single-case-pipeline-plexus-utils-license-v1-2026-08-27/replay-work/formal-github-plexus-utils-xml-removal--target-license-maven-plugin/source-a0/target/plexus-utils-3.5.1.jar
[INFO] 
[INFO] --- site:3.12.0:attach-descriptor (attach-descriptor) @ plexus-utils ---
Downloading from central: https://repo.maven.apache.org/maven2/org/apache/maven/reporting/maven-reporting-exec/1.6.0/maven-reporting-exec-1.6.0.pom
Progress (1): 1.1 kB
Progress (1): 3.4 kB
Progress (1): 6.0 kB
Progress (1): 13 kB 
Progress (1): 14 kB
                   
Downloaded from central: https://repo.maven.apache.org/maven2/org/apache/maven/reporting/maven-reporting-exec/1.6.0/maven-reporting-exec-1.6.0.pom (14 kB at 65 kB/s)
Downloading from central: https://repo.maven.apache.org/maven2/org/codehaus/plexus/plexus-archiver/4.2.5/plexus-archiver-4.2.5.pom
Progress (1): 1.2 kB
Progress (1): 3.6 kB
Progress (1): 4.8 kB
                    
Downloaded from central: https://repo.maven.apache.org/maven2/org/codehaus/plexus/plexus-archiver/4.2.5/plexus-archiver-4.2.5.pom (4.8 kB at 19 kB/s)
Downloading from central: https://repo.maven.apache.org/maven2/org/codehaus/plexus/plexus/7/plexus-7.pom
Progress (1): 696 B
Progress (1): 2.7 kB
Progress (1): 6.4 kB
Progress (1): 9.2 kB
Progress (1): 11 kB 
Progress (1): 16 kB
Progress (1): 20 kB
Progress (1): 24 kB
Progress (1): 26 kB
                   
Downloaded from central: https://repo.maven.apache.org/maven2/org/codehaus/plexus/plexus/7/plexus-7.pom (26 kB at 59 kB/s)
Downloading from central: https://repo.maven.apache.org/maven2/org/apache/maven/doxia/doxia-module-apt/1.11.1/doxia-module-apt-1.11.1.pom
Progress (1): 821 B
Progress (1): 2.1 kB
                    
Downloaded from central: https://repo.maven.apache.org/maven2/org/apache/maven/doxia/doxia-module-apt/1.11.1/doxia-module-apt-1.11.1.pom (2.1 kB at 7.7 kB/s)
Downloading from central: https://repo.maven.apache.org/maven2/org/apache/maven/doxia/doxia-module-xdoc/1.11.1/doxia-module-xdoc-1.11.1.pom
Progress (1): 788 B
Progress (1): 2.5 kB
Progress (1): 4.5 kB
                    
Downloaded from central: https://repo.maven.apache.org/maven2/org/apache/maven/doxia/doxia-module-xdoc/1.11.1/doxia-module-xdoc-1.11.1.pom (4.5 kB at 17 kB/s)
Downloading from central: https://repo.maven.apache.org/maven2/org/apache/maven/doxia/doxia-module-fml/1.11.1/doxia-module-fml-1.11.1.pom
Progress (1): 785 B
Progress (1): 2.4 kB
Progress (1): 4.4 kB
                    
Downloaded from central: https://repo.maven.apache.org/maven2/org/apache/maven/doxia/doxia-module-fml/1.11.1/doxia-module-fml-1.11.1.pom (4.4 kB at 16 kB/s)
Downloading from central: https://repo.maven.apache.org/maven2/org/apache/maven/doxia/doxia-module-markdown/1.11.1/doxia-module-markdown-1.11.1.pom
Progress (1): 781 B
Progress (1): 2.3 kB
Progress (1): 4.7 kB
Progress (1): 5.4 kB
                    
Downloaded from central: https://repo.maven.apache.org/maven2/org/apache/maven/doxia/doxia-module-markdown/1.11.1/doxia-module-markdown-1.11.1.pom (5.4 kB at 22 kB/s)
Downloading from central: https://repo.maven.apache.org/maven2/com/vladsch/flexmark/flexmark-all/0.42.14/flexmark-all-0.42.14.pom
Progress (1): 3.0 kB
Progress (1): 9.0 kB
                    
Downloaded from central: https://repo.maven.apache.org/maven2/com/vladsch/flexmark/flexmark-all/0.42.14/flexmark-all-0.42.14.pom (9.0 kB at 36 kB/s)
Downloading from central: https://repo.maven.apache.org/maven2/com/vladsch/flexmark/flexmark-java/0.42.14/flexmark-java-0.42.14.pom
Progress (1): 1.4 kB
Progress (1): 3.5 kB
Progress (1): 6.9 kB
Progress (1): 19 kB 
Progress (1): 20 kB
                   
Downloaded from central: https://repo.maven.apache.org/maven2/com/vladsch/flexmark/flexmark-java/0.42.14/flexmark-java-0.42.14.pom (20 kB at 77 kB/s)
Downloading from central: https://repo.maven.apache.org/maven2/com/vladsch/flexmark/flexmark/0.42.14/flexmark-0.42.14.pom
Progress (1): 1.7 kB
Progress (1): 2.5 kB
                    
Downloaded from central: https://repo.maven.apache.org/maven2/com/vladsch/flexmark/flexmark/0.42.14/flexmark-0.42.14.pom (2.5 kB at 10 kB/s)
Downloading from central: https://repo.maven.apache.org/maven2/com/vladsch/flexmark/flexmark-util/0.42.14/flexmark-util-0.42.14.pom
Progress (1): 792 B
                   
Downloaded from central: https://repo.maven.apache.org/maven2/com/vladsch/flexmark/flexmark-util/0.42.14/flexmark-util-0.42.14.pom (792 B at 3.8 kB/s)
Downloading from central: https://repo.maven.apache.org/maven2/com/vladsch/flexmark/flexmark-ext-abbreviation/0.42.14/flexmark-ext-abbreviation-0.42.14.pom
Progress (1): 2.5 kB
                    
Downloaded from central: https://repo.maven.apache.org/maven2/com/vladsch/flexmark/flexmark-ext-abbreviation/0.42.14/flexmark-ext-abbreviation-0.42.14.pom (2.5 kB at 10 kB/s)
Downloading from central: https://repo.maven.apache.org/maven2/com/vladsch/flexmark/flexmark-ext-autolink/0.42.14/flexmark-ext-autolink-0.42.14.pom
Progress (1): 1.8 kB
                    
Downloaded from central: https://repo.maven.apache.org/maven2/com/vladsch/flexmark/flexmark-ext-autolink/0.42.14/flexmark-ext-autolink-0.42.14.pom (1.8 kB at 7.3 kB/s)
Downloading from central: https://repo.maven.apache.org/maven2/org/nibor/autolink/autolink/0.6.0/autolink-0.6.0.pom
Progress (1): 1.1 kB
Progress (1): 3.9 kB
Progress (1): 8.4 kB
Progress (1): 9.2 kB
                    
Downloaded from central: https://repo.maven.apache.org/maven2/org/nibor/autolink/autolink/0.6.0/autolink-0.6.0.pom (9.2 kB at 36 kB/s)
Downloading from central: https://repo.maven.apache.org/maven2/com/vladsch/flexmark/flexmark-formatter/0.42.14/flexmark-formatter-0.42.14.pom
Progress (1): 1.1 kB
                    
Downloaded from central: https://repo.maven.apache.org/maven2/com/vladsch/flexmark/flexmark-formatter/0.42.14/flexmark-formatter-0.42.14.pom (1.1 kB at 4.7 kB/s)
Downloading from central: https://repo.maven.apache.org/maven2/com/vladsch/flexmark/flexmark-ext-admonition/0.42.14/flexmark-ext-admonition-0.42.14.pom
Progress (1): 1.5 kB
                    
Downloaded from central: https://repo.maven.apache.org/maven2/com/vladsch/flexmark/flexmark-ext-admonition/0.42.14/flexmark-ext-admonition-0.42.14.pom (1.5 kB at 7.1 kB/s)
Downloading from central: https://repo.maven.apache.org/maven2/com/vladsch/flexmark/flexmark-ext-anchorlink/0.42.14/flexmark-ext-anchorlink-0.42.14.pom
Progress (1): 1.6 kB
                    
Downloaded from central: https://repo.maven.apache.org/maven2/com/vladsch/flexmark/flexmark-ext-anchorlink/0.42.14/flexmark-ext-anchorlink-0.42.14.pom (1.6 kB at 6.5 kB/s)
Downloading from central: https://repo.maven.apache.org/maven2/com/vladsch/flexmark/flexmark-ext-aside/0.42.14/flexmark-ext-aside-0.42.14.pom
Progress (1): 1.5 kB
                    
Downloaded from central: https://repo.maven.apache.org/maven2/com/vladsch/flexmark/flexmark-ext-aside/0.42.14/flexmark-ext-aside-0.42.14.pom (1.5 kB at 5.6 kB/s)
Downloading from central: https://repo.maven.apache.org/maven2/com/vladsch/flexmark/flexmark-jira-converter/0.42.14/flexmark-jira-converter-0.42.14.pom
Progress (1): 2.1 kB
                    
Downloaded from central: https://repo.maven.apache.org/maven2/com/vladsch/flexmark/flexmark-jira-converter/0.42.14/flexmark-jira-converter-0.42.14.pom (2.1 kB at 4.0 kB/s)
Downloading from central: https://repo.maven.apache.org/maven2/com/vladsch/flexmark/flexmark-ext-gfm-strikethrough/0.42.14/flexmark-ext-gfm-strikethrough-0.42.14.pom
Progress (1): 1.3 kB
                    
Downloaded from central: https://repo.maven.apache.org/maven2/com/vladsch/flexmark/flexmark-ext-gfm-strikethrough/0.42.14/flexmark-ext-gfm-strikethrough-0.42.14.pom (1.3 kB at 3.4 kB/s)
Downloading from central: https://repo.maven.apache.org/maven2/com/vladsch/flexmark/flexmark-ext-tables/0.42.14/flexmark-ext-tables-0.42.14.pom
Progress (1): 1.5 kB
                    
Downloaded from central: https://repo.maven.apache.org/maven2/com/vladsch/flexmark/flexmark-ext-tables/0.42.14/flexmark-ext-tables-0.42.14.pom (1.5 kB at 5.3 kB/s)
Downloading from central: https://repo.maven.apache.org/maven2/com/vladsch/flexmark/flexmark-ext-wikilink/0.42.14/flexmark-ext-wikilink-0.42.14.pom
Progress (1): 1.5 kB
                    
Downloaded from central: https://repo.maven.apache.org/maven2/com/vladsch/flexmark/flexmark-ext-wikilink/0.42.14/flexmark-ext-wikilink-0.42.14.pom (1.5 kB at 4.9 kB/s)
Downloading from central: https://repo.maven.apache.org/maven2/com/vladsch/flexmark/flexmark-ext-ins/0.42.14/flexmark-ext-ins-0.42.14.pom
Progress (1): 1.3 kB
                    
Downloaded from central: https://repo.maven.apache.org/maven2/com/vladsch/flexmark/flexmark-ext-ins/0.42.14/flexmark-ext-ins-0.42.14.pom (1.3 kB at 4.9 kB/s)
Downloading from central: https://repo.maven.apache.org/maven2/com/vladsch/flexmark/flexmark-ext-superscript/0.42.14/flexmark-ext-superscript-0.42.14.pom
Progress (1): 1.3 kB
                    
Downloaded from central: https://repo.maven.apache.org/maven2/com/vladsch/flexmark/flexmark-ext-superscript/0.42.14/flexmark-ext-superscript-0.42.14.pom (1.3 kB at 1.6 kB/s)
Downloading from central: https://repo.maven.apache.org/maven2/com/vladsch/flexmark/flexmark-ext-attributes/0.42.14/flexmark-ext-attributes-0.42.14.pom
Progress (1): 2.6 kB
                    
Downloaded from central: https://repo.maven.apache.org/maven2/com/vladsch/flexmark/flexmark-ext-attributes/0.42.14/flexmark-ext-attributes-0.42.14.pom (2.6 kB at 11 kB/s)
Downloading from central: https://repo.maven.apache.org/maven2/com/vladsch/flexmark/flexmark-ext-definition/0.42.14/flexmark-ext-definition-0.42.14.pom
Progress (1): 1.3 kB
                    
Downloaded from central: https://repo.maven.apache.org/maven2/com/vladsch/flexmark/flexmark-ext-definition/0.42.14/flexmark-ext-definition-0.42.14.pom (1.3 kB at 5.1 kB/s)
Downloading from central: https://repo.maven.apache.org/maven2/com/vladsch/flexmark/flexmark-ext-emoji/0.42.14/flexmark-ext-emoji-0.42.14.pom
Progress (1): 1.5 kB
                    
Downloaded from central: https://repo.maven.apache.org/maven2/com/vladsch/flexmark/flexmark-ext-emoji/0.42.14/flexmark-ext-emoji-0.42.14.pom (1.5 kB at 5.9 kB/s)
Downloading from central: https://repo.maven.apache.org/maven2/com/vladsch/flexmark/flexmark-ext-enumerated-reference/0.42.14/flexmark-ext-enumerated-reference-0.42.14.pom
Progress (1): 1.7 kB
                    
Downloaded from central: https://repo.maven.apache.org/maven2/com/vladsch/flexmark/flexmark-ext-enumerated-reference/0.42.14/flexmark-ext-enumerated-reference-0.42.14.pom (1.7 kB at 7.0 kB/s)
Downloading from central: https://repo.maven.apache.org/maven2/com/vladsch/flexmark/flexmark-ext-escaped-character/0.42.14/flexmark-ext-escaped-character-0.42.14.pom
Progress (1): 1.3 kB
                    
Downloaded from central: https://repo.maven.apache.org/maven2/com/vladsch/flexmark/flexmark-ext-escaped-character/0.42.14/flexmark-ext-escaped-character-0.42.14.pom (1.3 kB at 4.5 kB/s)
Downloading from central: https://repo.maven.apache.org/maven2/com/vladsch/flexmark/flexmark-ext-footnotes/0.42.14/flexmark-ext-footnotes-0.42.14.pom
Progress (1): 1.3 kB
                    
Downloaded from central: https://repo.maven.apache.org/maven2/com/vladsch/flexmark/flexmark-ext-footnotes/0.42.14/flexmark-ext-footnotes-0.42.14.pom (1.3 kB at 5.1 kB/s)
Downloading from central: https://repo.maven.apache.org/maven2/com/vladsch/flexmark/flexmark-ext-gfm-issues/0.42.14/flexmark-ext-gfm-issues-0.42.14.pom
Progress (1): 1.3 kB
                    
Downloaded from central: https://repo.maven.apache.org/maven2/com/vladsch/flexmark/flexmark-ext-gfm-issues/0.42.14/flexmark-ext-gfm-issues-0.42.14.pom (1.3 kB at 5.2 kB/s)
Downloading from central: https://repo.maven.apache.org/maven2/com/vladsch/flexmark/flexmark-ext-gfm-tables/0.42.14/flexmark-ext-gfm-tables-0.42.14.pom
Progress (1): 1.3 kB
                    
Downloaded from central: https://repo.maven.apache.org/maven2/com/vladsch/flexmark/flexmark-ext-gfm-tables/0.42.14/flexmark-ext-gfm-tables-0.42.14.pom (1.3 kB at 5.6 kB/s)
Downloading from central: https://repo.maven.apache.org/maven2/com/vladsch/flexmark/flexmark-ext-gfm-tasklist/0.42.14/flexmark-ext-gfm-tasklist-0.42.14.pom
Progress (1): 1.4 kB
                    
Downloaded from central: https://repo.maven.apache.org/maven2/com/vladsch/flexmark/flexmark-ext-gfm-tasklist/0.42.14/flexmark-ext-gfm-tasklist-0.42.14.pom (1.4 kB at 5.4 kB/s)
Downloading from central: https://repo.maven.apache.org/maven2/com/vladsch/flexmark/flexmark-ext-gfm-users/0.42.14/flexmark-ext-gfm-users-0.42.14.pom
Progress (1): 1.3 kB
                    
Downloaded from central: https://repo.maven.apache.org/maven2/com/vladsch/flexmark/flexmark-ext-gfm-users/0.42.14/flexmark-ext-gfm-users-0.42.14.pom (1.3 kB at 5.1 kB/s)
Downloading from central: https://repo.maven.apache.org/maven2/com/vladsch/flexmark/flexmark-ext-gitlab/0.42.14/flexmark-ext-gitlab-0.42.14.pom
Progress (1): 1.3 kB
                    
Downloaded from central: https://repo.maven.apache.org/maven2/com/vladsch/flexmark/flexmark-ext-gitlab/0.42.14/flexmark-ext-gitlab-0.42.14.pom (1.3 kB at 5.6 kB/s)
Downloading from central: https://repo.maven.apache.org/maven2/com/vladsch/flexmark/flexmark-ext-jekyll-front-matter/0.42.14/flexmark-ext-jekyll-front-matter-0.42.14.pom
Progress (1): 1.5 kB
                    
Downloaded from central: https://repo.maven.apache.org/maven2/com/vladsch/flexmark/flexmark-ext-jekyll-front-matter/0.42.14/flexmark-ext-jekyll-front-matter-0.42.14.pom (1.5 kB at 6.3 kB/s)
Downloading from central: https://repo.maven.apache.org/maven2/com/vladsch/flexmark/flexmark-ext-yaml-front-matter/0.42.14/flexmark-ext-yaml-front-matter-0.42.14.pom
Progress (1): 1.3 kB
                    
Downloaded from central: https://repo.maven.apache.org/maven2/com/vladsch/flexmark/flexmark-ext-yaml-front-matter/0.42.14/flexmark-ext-yaml-front-matter-0.42.14.pom (1.3 kB at 5.7 kB/s)
Downloading from central: https://repo.maven.apache.org/maven2/com/vladsch/flexmark/flexmark-ext-jekyll-tag/0.42.14/flexmark-ext-jekyll-tag-0.42.14.pom
Progress (1): 1.3 kB
                    
Downloaded from central: https://repo.maven.apache.org/maven2/com/vladsch/flexmark/flexmark-ext-jekyll-tag/0.42.14/flexmark-ext-jekyll-tag-0.42.14.pom (1.3 kB at 5.3 kB/s)
Downloading from central: https://repo.maven.apache.org/maven2/com/vladsch/flexmark/flexmark-ext-media-tags/0.42.14/flexmark-ext-media-tags-0.42.14.pom
Progress (1): 1.0 kB
                    
Downloaded from central: https://repo.maven.apache.org/maven2/com/vladsch/flexmark/flexmark-ext-media-tags/0.42.14/flexmark-ext-media-tags-0.42.14.pom (1.0 kB at 3.5 kB/s)
Downloading from central: https://repo.maven.apache.org/maven2/com/vladsch/flexmark/flexmark-ext-macros/0.42.14/flexmark-ext-macros-0.42.14.pom
Progress (1): 1.6 kB
                    
Downloaded from central: https://repo.maven.apache.org/maven2/com/vladsch/flexmark/flexmark-ext-macros/0.42.14/flexmark-ext-macros-0.42.14.pom (1.6 kB at 6.6 kB/s)
Downloading from central: https://repo.maven.apache.org/maven2/com/vladsch/flexmark/flexmark-ext-xwiki-macros/0.42.14/flexmark-ext-xwiki-macros-0.42.14.pom
Progress (1): 1.3 kB
                    
Downloaded from central: https://repo.maven.apache.org/maven2/com/vladsch/flexmark/flexmark-ext-xwiki-macros/0.42.14/flexmark-ext-xwiki-macros-0.42.14.pom (1.3 kB at 5.5 kB/s)
Downloading from central: https://repo.maven.apache.org/maven2/com/vladsch/flexmark/flexmark-ext-toc/0.42.14/flexmark-ext-toc-0.42.14.pom
Progress (1): 1.5 kB
                    
Downloaded from central: https://repo.maven.apache.org/maven2/com/vladsch/flexmark/flexmark-ext-toc/0.42.14/flexmark-ext-toc-0.42.14.pom (1.5 kB at 6.0 kB/s)
Downloading from central: https://repo.maven.apache.org/maven2/com/vladsch/flexmark/flexmark-ext-typographic/0.42.14/flexmark-ext-typographic-0.42.14.pom
Progress (1): 1.3 kB
                    
Downloaded from central: https://repo.maven.apache.org/maven2/com/vladsch/flexmark/flexmark-ext-typographic/0.42.14/flexmark-ext-typographic-0.42.14.pom (1.3 kB at 3.8 kB/s)
Downloading from central: https://repo.maven.apache.org/maven2/com/vladsch/flexmark/flexmark-ext-youtube-embedded/0.42.14/flexmark-ext-youtube-embedded-0.42.14.pom
Progress (1): 883 B
                   
Downloaded from central: https://repo.maven.apache.org/maven2/com/vladsch/flexmark/flexmark-ext-youtube-embedded/0.42.14/flexmark-ext-youtube-embedded-0.42.14.pom (883 B at 3.5 kB/s)
Downloading from central: https://repo.maven.apache.org/maven2/com/vladsch/flexmark/flexmark-html-parser/0.42.14/flexmark-html-parser-0.42.14.pom
Progress (1): 1.5 kB
                    
Downloaded from central: https://repo.maven.apache.org/maven2/com/vladsch/flexmark/flexmark-html-parser/0.42.14/flexmark-html-parser-0.42.14.pom (1.5 kB at 6.1 kB/s)
Downloading from central: https://repo.maven.apache.org/maven2/org/jsoup/jsoup/1.10.2/jsoup-1.10.2.pom
Progress (1): 832 B
Progress (1): 2.7 kB
Progress (1): 5.7 kB
Progress (1): 7.3 kB
                    
Downloaded from central: https://repo.maven.apache.org/maven2/org/jsoup/jsoup/1.10.2/jsoup-1.10.2.pom (7.3 kB at 22 kB/s)
Downloading from central: https://repo.maven.apache.org/maven2/com/vladsch/flexmark/flexmark-profile-pegdown/0.42.14/flexmark-profile-pegdown-0.42.14.pom
Progress (1): 3.8 kB
Progress (1): 4.0 kB
                    
Downloaded from central: https://repo.maven.apache.org/maven2/com/vladsch/flexmark/flexmark-profile-pegdown/0.42.14/flexmark-profile-pegdown-0.42.14.pom (4.0 kB at 13 kB/s)
Downloading from central: https://repo.maven.apache.org/maven2/com/vladsch/flexmark/flexmark-youtrack-converter/0.42.14/flexmark-youtrack-converter-0.42.14.pom
Progress (1): 1.7 kB
                    
Downloaded from central: https://repo.maven.apache.org/maven2/com/vladsch/flexmark/flexmark-youtrack-converter/0.42.14/flexmark-youtrack-converter-0.42.14.pom (1.7 kB at 6.6 kB/s)
Downloading from central: https://repo.maven.apache.org/maven2/org/apache/maven/doxia/doxia-module-confluence/1.11.1/doxia-module-confluence-1.11.1.pom
Progress (1): 831 B
Progress (1): 2.2 kB
                    
Downloaded from central: https://repo.maven.apache.org/maven2/org/apache/maven/doxia/doxia-module-confluence/1.11.1/doxia-module-confluence-1.11.1.pom (2.2 kB at 6.6 kB/s)
Downloading from central: https://repo.maven.apache.org/maven2/org/apache/maven/doxia/doxia-module-docbook-simple/1.11.1/doxia-module-docbook-simple-1.11.1.pom
Progress (1): 821 B
Progress (1): 2.0 kB
                    
Downloaded from central: https://repo.maven.apache.org/maven2/org/apache/maven/doxia/doxia-module-docbook-simple/1.11.1/doxia-module-docbook-simple-1.11.1.pom (2.0 kB at 7.3 kB/s)
Downloading from central: https://repo.maven.apache.org/maven2/org/apache/maven/doxia/doxia-module-twiki/1.11.1/doxia-module-twiki-1.11.1.pom
Progress (1): 819 B
Progress (1): 2.1 kB
                    
Downloaded from central: https://repo.maven.apache.org/maven2/org/apache/maven/doxia/doxia-module-twiki/1.11.1/doxia-module-twiki-1.11.1.pom (2.1 kB at 6.6 kB/s)
Downloading from central: https://repo.maven.apache.org/maven2/org/eclipse/jetty/jetty-webapp/9.4.46.v20220331/jetty-webapp-9.4.46.v20220331.pom
Progress (1): 1.2 kB
Progress (1): 3.2 kB
                    
Downloaded from central: https://repo.maven.apache.org/maven2/org/eclipse/jetty/jetty-webapp/9.4.46.v20220331/jetty-webapp-9.4.46.v20220331.pom (3.2 kB at 10 kB/s)
Downloading from central: https://repo.maven.apache.org/maven2/org/eclipse/jetty/jetty-xml/9.4.46.v20220331/jetty-xml-9.4.46.v20220331.pom
Progress (1): 1.1 kB
Progress (1): 1.7 kB
                    
Downloaded from central: https://repo.maven.apache.org/maven2/org/eclipse/jetty/jetty-xml/9.4.46.v20220331/jetty-xml-9.4.46.v20220331.pom (1.7 kB at 5.9 kB/s)
Downloading from central: https://repo.maven.apache.org/maven2/org/apache/maven/reporting/maven-reporting-exec/1.6.0/maven-reporting-exec-1.6.0.jar
Progress (1): 7.7/31 kB
Progress (1): 11/31 kB 
Progress (1): 28/31 kB
Progress (1): 31 kB   
                   
Downloaded from central: https://repo.maven.apache.org/maven2/org/apache/maven/reporting/maven-reporting-exec/1.6.0/maven-reporting-exec-1.6.0.jar (31 kB at 16 kB/s)
Downloading from central: https://repo.maven.apache.org/maven2/org/codehaus/plexus/plexus-archiver/4.2.5/plexus-archiver-4.2.5.jar
Downloading from central: https://repo.maven.apache.org/maven2/org/apache/maven/doxia/doxia-module-apt/1.11.1/doxia-module-apt-1.11.1.jar
Downloading from central: https://repo.maven.apache.org/maven2/org/apache/maven/doxia/doxia-module-xdoc/1.11.1/doxia-module-xdoc-1.11.1.jar
Downloading from central: https://repo.maven.apache.org/maven2/org/apache/maven/doxia/doxia-module-fml/1.11.1/doxia-module-fml-1.11.1.jar
Downloading from central: https://repo.maven.apache.org/maven2/org/apache/maven/doxia/doxia-module-markdown/1.11.1/doxia-module-markdown-1.11.1.jar
Progress (1): 0.9/37 kB
Progress (1): 2.3/37 kB
Progress (1): 3.6/37 kB
Progress (1): 5.0/37 kB
Progress (1): 6.4/37 kB
Progress (1): 7.7/37 kB
Progress (1): 9.1/37 kB
Progress (1): 10/37 kB 
Progress (1): 12/37 kB
Progress (1): 13/37 kB
Progress (1): 15/37 kB
Progress (1): 16/37 kB
Progress (1): 17/37 kB
Progress (1): 19/37 kB
Progress (1): 20/37 kB
Progress (1): 21/37 kB
Progress (1): 23/37 kB
Progress (1): 24/37 kB
Progress (1): 26/37 kB
Progress (1): 27/37 kB
Progress (1): 28/37 kB
Progress (1): 30/37 kB
Progress (1): 31/37 kB
Progress (1): 32/37 kB
Progress (1): 34/37 kB
Progress (1): 35/37 kB
Progress (1): 36/37 kB
Progress (1): 37 kB   
                   
Downloaded from central: https://repo.maven.apache.org/maven2/org/apache/maven/doxia/doxia-module-xdoc/1.11.1/doxia-module-xdoc-1.11.1.jar (37 kB at 67 kB/s)
Downloading from central: https://repo.maven.apache.org/maven2/com/vladsch/flexmark/flexmark-all/0.42.14/flexmark-all-0.42.14.jar
Progress (1): 7.7/195 kB
Progress (1): 7.7/195 kB
Progress (2): 7.7/195 kB | 0.9/38 kB
Progress (2): 7.7/195 kB | 2.3/38 kB
Progress (2): 7.7/195 kB | 3.6/38 kB
Progress (2): 7.7/195 kB | 5.0/38 kB
Progress (2): 7.7/195 kB | 6.4/38 kB
Progress (2): 7.7/195 kB | 7.7/38 kB
Progress (2): 7.7/195 kB | 9.1/38 kB
Progress (2): 7.7/195 kB | 10/38 kB 
Progress (2): 7.7/195 kB | 12/38 kB
Progress (2): 7.7/195 kB | 13/38 kB
Progress (2): 7.7/195 kB | 15/38 kB
Progress (2): 7.7/195 kB | 16/38 kB
Progress (2): 7.7/195 kB | 17/38 kB
Progress (2): 7.7/195 kB | 19/38 kB
Progress (2): 7.7/195 kB | 20/38 kB
Progress (2): 7.7/195 kB | 21/38 kB
Progress (2): 7.7/195 kB | 23/38 kB
Progress (2): 7.7/195 kB | 24/38 kB
Progress (2): 7.7/195 kB | 26/38 kB
Progress (2): 7.7/195 kB | 27/38 kB
Progress (2): 7.7/195 kB | 28/38 kB
Progress (2): 7.7/195 kB | 30/38 kB
Progress (2): 7.7/195 kB | 31/38 kB
Progress (2): 7.7/195 kB | 32/38 kB
Progress (2): 7.7/195 kB | 34/38 kB
Progress (2): 7.7/195 kB | 35/38 kB
Progress (2): 7.7/195 kB | 36/38 kB
Progress (2): 7.7/195 kB | 38/38 kB
Progress (2): 7.7/195 kB | 38 kB   
                                
Downloaded from central: https://repo.maven.apache.org/maven2/org/apache/maven/doxia/doxia-module-fml/1.11.1/doxia-module-fml-1.11.1.jar (38 kB at 58 kB/s)
Downloading from central: https://repo.maven.apache.org/maven2/com/vladsch/flexmark/flexmark/0.42.14/flexmark-0.42.14.jar
Progress (2): 7.7/195 kB | 0.9/55 kB
Progress (2): 7.7/195 kB | 2.3/55 kB
Progress (2): 7.7/195 kB | 3.6/55 kB
Progress (2): 7.7/195 kB | 5.0/55 kB
Progress (2): 7.7/195 kB | 6.4/55 kB
Progress (2): 7.7/195 kB | 7.7/55 kB
Progress (2): 7.7/195 kB | 9.1/55 kB
Progress (2): 7.7/195 kB | 10/55 kB 
Progress (2): 7.7/195 kB | 12/55 kB
Progress (2): 7.7/195 kB | 13/55 kB
Progress (2): 7.7/195 kB | 15/55 kB
Progress (3): 7.7/195 kB | 15/55 kB | 0.9/2.2 kB
Progress (3): 7.7/195 kB | 15/55 kB | 2.2 kB    
                                            
Downloaded from central: https://repo.maven.apache.org/maven2/com/vladsch/flexmark/flexmark-all/0.42.14/flexmark-all-0.42.14.jar (2.2 kB at 2.9 kB/s)
Downloading from central: https://repo.maven.apache.org/maven2/com/vladsch/flexmark/flexmark-ext-abbreviation/0.42.14/flexmark-ext-abbreviation-0.42.14.jar
Progress (3): 7.7/195 kB | 15/55 kB | 0.9/18 kB
Progress (3): 7.7/195 kB | 15/55 kB | 2.3/18 kB
Progress (3): 7.7/195 kB | 15/55 kB | 3.6/18 kB
Progress (3): 7.7/195 kB | 15/55 kB | 5.0/18 kB
Progress (3): 7.7/195 kB | 15/55 kB | 6.4/18 kB
Progress (3): 7.7/195 kB | 15/55 kB | 7.7/18 kB
Progress (3): 7.7/195 kB | 15/55 kB | 9.1/18 kB
Progress (3): 7.7/195 kB | 15/55 kB | 10/18 kB 
Progress (3): 7.7/195 kB | 15/55 kB | 12/18 kB
Progress (3): 7.7/195 kB | 15/55 kB | 13/18 kB
Progress (3): 7.7/195 kB | 15/55 kB | 15/18 kB
Progress (3): 7.7/195 kB | 15/55 kB | 16/18 kB
Progress (3): 7.7/195 kB | 15/55 kB | 17/18 kB
Progress (3): 7.7/195 kB | 15/55 kB | 18 kB   
                                           
Downloaded from central: https://repo.maven.apache.org/maven2/org/apache/maven/doxia/doxia-module-markdown/1.11.1/doxia-module-markdown-1.11.1.jar (18 kB at 21 kB/s)
Downloading from central: https://repo.maven.apache.org/maven2/com/vladsch/flexmark/flexmark-ext-admonition/0.42.14/flexmark-ext-admonition-0.42.14.jar
Progress (3): 7.7/195 kB | 15/55 kB | 0.9/389 kB
Progress (3): 7.7/195 kB | 15/55 kB | 2.3/389 kB
Progress (3): 7.7/195 kB | 15/55 kB | 3.6/389 kB
Progress (3): 7.7/195 kB | 15/55 kB | 5.0/389 kB
Progress (3): 7.7/195 kB | 15/55 kB | 6.4/389 kB
Progress (3): 7.7/195 kB | 15/55 kB | 7.7/389 kB
Progress (3): 7.7/195 kB | 15/55 kB | 9.1/389 kB
Progress (3): 7.7/195 kB | 15/55 kB | 10/389 kB 
Progress (3): 7.7/195 kB | 15/55 kB | 11/389 kB
Progress (3): 7.7/195 kB | 15/55 kB | 13/389 kB
Progress (3): 7.7/195 kB | 15/55 kB | 14/389 kB
Progress (3): 7.7/195 kB | 16/55 kB | 14/389 kB
Progress (3): 7.7/195 kB | 17/55 kB | 14/389 kB
Progress (3): 7.7/195 kB | 19/55 kB | 14/389 kB
Progress (3): 7.7/195 kB | 20/55 kB | 14/389 kB
Progress (3): 7.7/195 kB | 21/55 kB | 14/389 kB
Progress (3): 7.7/195 kB | 23/55 kB | 14/389 kB
Progress (3): 7.7/195 kB | 24/55 kB | 14/389 kB
Progress (3): 7.7/195 kB | 26/55 kB | 14/389 kB
Progress (3): 7.7/195 kB | 27/55 kB | 14/389 kB
Progress (3): 7.7/195 kB | 28/55 kB | 14/389 kB
Progress (3): 7.7/195 kB | 30/55 kB | 14/389 kB
Progress (3): 7.7/195 kB | 31/55 kB | 14/389 kB
Progress (3): 7.7/195 kB | 32/55 kB | 14/389 kB
Progress (3): 7.7/195 kB | 34/55 kB | 14/389 kB
Progress (3): 7.7/195 kB | 35/55 kB | 14/389 kB
Progress (3): 7.7/195 kB | 36/55 kB | 14/389 kB
Progress (3): 7.7/195 kB | 38/55 kB | 14/389 kB
Progress (3): 7.7/195 kB | 39/55 kB | 14/389 kB
Progress (3): 7.7/195 kB | 41/55 kB | 14/389 kB
Progress (3): 7.7/195 kB | 42/55 kB | 14/389 kB
Progress (3): 7.7/195 kB | 43/55 kB | 14/389 kB
Progress (3): 7.7/195 kB | 45/55 kB | 14/389 kB
Progress (3): 7.7/195 kB | 46/55 kB | 14/389 kB
Progress (3): 7.7/195 kB | 47/55 kB | 14/389 kB
Progress (3): 7.7/195 kB | 49/55 kB | 14/389 kB
Progress (3): 7.7/195 kB | 50/55 kB | 14/389 kB
Progress (3): 7.7/195 kB | 52/55 kB | 14/389 kB
Progress (4): 7.7/195 kB | 52/55 kB | 14/389 kB | 0.9/35 kB
Progress (4): 7.7/195 kB | 52/55 kB | 14/389 kB | 2.3/35 kB
Progress (4): 7.7/195 kB | 52/55 kB | 14/389 kB | 3.6/35 kB
Progress (4): 7.7/195 kB | 52/55 kB | 14/389 kB | 5.0/35 kB
Progress (4): 7.7/195 kB | 52/55 kB | 14/389 kB | 6.4/35 kB
Progress (4): 7.7/195 kB | 52/55 kB | 14/389 kB | 7.7/35 kB
Progress (4): 7.7/195 kB | 52/55 kB | 14/389 kB | 9.1/35 kB
Progress (4): 7.7/195 kB | 52/55 kB | 14/389 kB | 10/35 kB 
Progress (4): 7.7/195 kB | 52/55 kB | 14/389 kB | 12/35 kB
Progress (4): 7.7/195 kB | 52/55 kB | 14/389 kB | 13/35 kB
Progress (4): 7.7/195 kB | 52/55 kB | 14/389 kB | 15/35 kB
Progress (4): 7.7/195 kB | 52/55 kB | 14/389 kB | 19/35 kB
Progress (4): 7.7/195 kB | 52/55 kB | 14/389 kB | 23/35 kB
Progress (4): 7.7/195 kB | 52/55 kB | 14/389 kB | 27/35 kB
Progress (4): 7.7/195 kB | 52/55 kB | 14/389 kB | 31/35 kB
Progress (4): 7.7/195 kB | 52/55 kB | 14/389 kB | 35 kB   
                                                       
Downloaded from central: https://repo.maven.apache.org/maven2/com/vladsch/flexmark/flexmark-ext-abbreviation/0.42.14/flexmark-ext-abbreviation-0.42.14.jar (35 kB at 36 kB/s)
Downloading from central: https://repo.maven.apache.org/maven2/com/vladsch/flexmark/flexmark-ext-anchorlink/0.42.14/flexmark-ext-anchorlink-0.42.14.jar
Progress (4): 7.7/195 kB | 52/55 kB | 14/389 kB | 0.9/34 kB
Progress (4): 7.7/195 kB | 52/55 kB | 14/389 kB | 2.3/34 kB
Progress (4): 7.7/195 kB | 52/55 kB | 14/389 kB | 3.6/34 kB
Progress (4): 7.7/195 kB | 52/55 kB | 14/389 kB | 5.0/34 kB
Progress (4): 7.7/195 kB | 52/55 kB | 14/389 kB | 6.4/34 kB
Progress (4): 7.7/195 kB | 52/55 kB | 14/389 kB | 7.7/34 kB
Progress (4): 7.7/195 kB | 52/55 kB | 14/389 kB | 9.1/34 kB
Progress (4): 7.7/195 kB | 52/55 kB | 15/389 kB | 9.1/34 kB
Progress (4): 7.7/195 kB | 52/55 kB | 15/389 kB | 10/34 kB 
Progress (4): 7.7/195 kB | 52/55 kB | 20/389 kB | 10/34 kB
Progress (4): 7.7/195 kB | 52/55 kB | 20/389 kB | 12/34 kB
Progress (4): 7.7/195 kB | 52/55 kB | 24/389 kB | 12/34 kB
Progress (4): 7.7/195 kB | 52/55 kB | 28/389 kB | 12/34 kB
Progress (4): 7.7/195 kB | 52/55 kB | 28/389 kB | 13/34 kB
Progress (4): 7.7/195 kB | 52/55 kB | 28/389 kB | 15/34 kB
Progress (4): 7.7/195 kB | 52/55 kB | 28/389 kB | 15/34 kB
Progress (4): 7.7/195 kB | 52/55 kB | 28/389 kB | 17/34 kB
Progress (4): 7.7/195 kB | 52/55 kB | 28/389 kB | 18/34 kB
Progress (4): 7.7/195 kB | 52/55 kB | 32/389 kB | 18/34 kB
Progress (4): 7.7/195 kB | 52/55 kB | 37/389 kB | 18/34 kB
Progress (4): 7.7/195 kB | 52/55 kB | 41/389 kB | 18/34 kB
Progress (4): 7.7/195 kB | 52/55 kB | 45/389 kB | 18/34 kB
Progress (4): 7.7/195 kB | 52/55 kB | 49/389 kB | 18/34 kB
Progress (4): 7.7/195 kB | 53/55 kB | 49/389 kB | 18/34 kB
Progress (4): 7.7/195 kB | 54/55 kB | 49/389 kB | 18/34 kB
Progress (4): 7.7/195 kB | 55 kB | 49/389 kB | 18/34 kB   
                                                       
Downloaded from central: https://repo.maven.apache.org/maven2/org/apache/maven/doxia/doxia-module-apt/1.11.1/doxia-module-apt-1.11.1.jar (55 kB at 49 kB/s)
Downloading from central: https://repo.maven.apache.org/maven2/com/vladsch/flexmark/flexmark-ext-aside/0.42.14/flexmark-ext-aside-0.42.14.jar
Progress (3): 7.7/195 kB | 54/389 kB | 18/34 kB
Progress (3): 7.7/195 kB | 58/389 kB | 18/34 kB
Progress (3): 7.7/195 kB | 62/389 kB | 18/34 kB
Progress (3): 7.7/195 kB | 66/389 kB | 18/34 kB
Progress (3): 7.7/195 kB | 70/389 kB | 18/34 kB
Progress (3): 7.7/195 kB | 75/389 kB | 18/34 kB
Progress (3): 7.7/195 kB | 79/389 kB | 18/34 kB
Progress (3): 7.7/195 kB | 83/389 kB | 18/34 kB
Progress (3): 7.7/195 kB | 87/389 kB | 18/34 kB
Progress (3): 7.7/195 kB | 92/389 kB | 18/34 kB
Progress (3): 7.7/195 kB | 96/389 kB | 18/34 kB
Progress (3): 7.7/195 kB | 100/389 kB | 18/34 kB
Progress (3): 7.7/195 kB | 104/389 kB | 18/34 kB
Progress (3): 7.7/195 kB | 109/389 kB | 18/34 kB
Progress (3): 7.7/195 kB | 113/389 kB | 18/34 kB
Progress (3): 7.7/195 kB | 117/389 kB | 18/34 kB
Progress (3): 7.7/195 kB | 121/389 kB | 18/34 kB
Progress (3): 7.7/195 kB | 125/389 kB | 18/34 kB
Progress (3): 7.7/195 kB | 130/389 kB | 18/34 kB
Progress (3): 7.7/195 kB | 134/389 kB | 18/34 kB
Progress (3): 7.7/195 kB | 138/389 kB | 18/34 kB
Progress (4): 7.7/195 kB | 138/389 kB | 18/34 kB | 3.8/17 kB
Progress (4): 7.7/195 kB | 138/389 kB | 18/34 kB | 8.0/17 kB
Progress (4): 7.7/195 kB | 138/389 kB | 18/34 kB | 12/17 kB 
Progress (4): 7.7/195 kB | 138/389 kB | 18/34 kB | 16/17 kB
Progress (4): 7.7/195 kB | 138/389 kB | 18/34 kB | 17 kB   
                                                        
Downloaded from central: https://repo.maven.apache.org/maven2/com/vladsch/flexmark/flexmark-ext-anchorlink/0.42.14/flexmark-ext-anchorlink-0.42.14.jar (17 kB at 14 kB/s)
Downloading from central: https://repo.maven.apache.org/maven2/com/vladsch/flexmark/flexmark-ext-attributes/0.42.14/flexmark-ext-attributes-0.42.14.jar
Progress (3): 7.7/195 kB | 142/389 kB | 18/34 kB
Progress (3): 7.7/195 kB | 142/389 kB | 18/34 kB
Progress (3): 7.7/195 kB | 147/389 kB | 18/34 kB
Progress (3): 7.7/195 kB | 151/389 kB | 18/34 kB
Progress (3): 7.7/195 kB | 155/389 kB | 18/34 kB
Progress (3): 7.7/195 kB | 159/389 kB | 18/34 kB
Progress (3): 7.7/195 kB | 164/389 kB | 18/34 kB
Progress (3): 7.7/195 kB | 168/389 kB | 18/34 kB
Progress (3): 7.7/195 kB | 172/389 kB | 18/34 kB
Progress (3): 7.7/195 kB | 176/389 kB | 18/34 kB
Progress (3): 7.7/195 kB | 181/389 kB | 18/34 kB
Progress (3): 7.7/195 kB | 197/389 kB | 18/34 kB
Progress (3): 7.7/195 kB | 197/389 kB | 20/34 kB
Progress (3): 7.7/195 kB | 197/389 kB | 21/34 kB
Progress (3): 7.7/195 kB | 197/389 kB | 22/34 kB
Progress (3): 7.7/195 kB | 197/389 kB | 24/34 kB
Progress (3): 7.7/195 kB | 213/389 kB | 24/34 kB
Progress (3): 7.7/195 kB | 230/389 kB | 24/34 kB
Progress (3): 24/195 kB | 230/389 kB | 24/34 kB 
Progress (4): 24/195 kB | 230/389 kB | 24/34 kB | 3.8/16 kB
Progress (4): 24/195 kB | 230/389 kB | 24/34 kB | 8.0/16 kB
Progress (4): 24/195 kB | 230/389 kB | 24/34 kB | 12/16 kB 
Progress (4): 24/195 kB | 246/389 kB | 24/34 kB | 12/16 kB
Progress (4): 24/195 kB | 246/389 kB | 24/34 kB | 16 kB   
                                                       
Downloaded from central: https://repo.maven.apache.org/maven2/com/vladsch/flexmark/flexmark-ext-aside/0.42.14/flexmark-ext-aside-0.42.14.jar (16 kB at 12 kB/s)
Downloading from central: https://repo.maven.apache.org/maven2/com/vladsch/flexmark/flexmark-ext-autolink/0.42.14/flexmark-ext-autolink-0.42.14.jar
Progress (4): 24/195 kB | 246/389 kB | 24/34 kB | 3.8/36 kB
Progress (4): 24/195 kB | 246/389 kB | 24/34 kB | 8.0/36 kB
Progress (4): 24/195 kB | 246/389 kB | 24/34 kB | 12/36 kB 
Progress (4): 24/195 kB | 246/389 kB | 24/34 kB | 16/36 kB
Progress (4): 24/195 kB | 246/389 kB | 24/34 kB | 21/36 kB
Progress (4): 24/195 kB | 246/389 kB | 24/34 kB | 25/36 kB
Progress (4): 24/195 kB | 246/389 kB | 24/34 kB | 29/36 kB
Progress (4): 24/195 kB | 246/389 kB | 24/34 kB | 33/36 kB
Progress (4): 24/195 kB | 246/389 kB | 24/34 kB | 36 kB   
                                                       
Downloaded from central: https://repo.maven.apache.org/maven2/com/vladsch/flexmark/flexmark-ext-attributes/0.42.14/flexmark-ext-attributes-0.42.14.jar (36 kB at 25 kB/s)
Downloading from central: https://repo.maven.apache.org/maven2/org/nibor/autolink/autolink/0.6.0/autolink-0.6.0.jar
Progress (3): 24/195 kB | 262/389 kB | 24/34 kB
Progress (3): 24/195 kB | 274/389 kB | 24/34 kB
Progress (3): 24/195 kB | 290/389 kB | 24/34 kB
Progress (3): 24/195 kB | 290/389 kB | 25/34 kB
Progress (3): 24/195 kB | 290/389 kB | 26/34 kB
Progress (3): 24/195 kB | 290/389 kB | 28/34 kB
Progress (3): 24/195 kB | 290/389 kB | 29/34 kB
Progress (3): 24/195 kB | 290/389 kB | 31/34 kB
Progress (3): 24/195 kB | 290/389 kB | 32/34 kB
Progress (3): 24/195 kB | 290/389 kB | 33/34 kB
Progress (3): 24/195 kB | 290/389 kB | 34 kB   
                                            
Downloaded from central: https://repo.maven.apache.org/maven2/com/vladsch/flexmark/flexmark-ext-admonition/0.42.14/flexmark-ext-admonition-0.42.14.jar (34 kB at 23 kB/s)
Downloading from central: https://repo.maven.apache.org/maven2/com/vladsch/flexmark/flexmark-ext-definition/0.42.14/flexmark-ext-definition-0.42.14.jar
Progress (3): 24/195 kB | 290/389 kB | 3.8/16 kB
Progress (3): 24/195 kB | 290/389 kB | 8.0/16 kB
Progress (3): 24/195 kB | 290/389 kB | 12/16 kB 
Progress (3): 24/195 kB | 290/389 kB | 16 kB   
                                            
Downloaded from central: https://repo.maven.apache.org/maven2/org/nibor/autolink/autolink/0.6.0/autolink-0.6.0.jar (16 kB at 10 kB/s)
Downloading from central: https://repo.maven.apache.org/maven2/com/vladsch/flexmark/flexmark-ext-emoji/0.42.14/flexmark-ext-emoji-0.42.14.jar
Progress (2): 24/195 kB | 306/389 kB
Progress (2): 24/195 kB | 323/389 kB
Progress (2): 24/195 kB | 339/389 kB
Progress (2): 24/195 kB | 355/389 kB
Progress (2): 24/195 kB | 372/389 kB
Progress (2): 24/195 kB | 388/389 kB
Progress (2): 24/195 kB | 389 kB    
                                
Downloaded from central: https://repo.maven.apache.org/maven2/com/vladsch/flexmark/flexmark/0.42.14/flexmark-0.42.14.jar (389 kB at 224 kB/s)
Downloading from central: https://repo.maven.apache.org/maven2/com/vladsch/flexmark/flexmark-ext-enumerated-reference/0.42.14/flexmark-ext-enumerated-reference-0.42.14.jar
Progress (2): 24/195 kB | 0.9/40 kB
Progress (2): 24/195 kB | 3.2/40 kB
Progress (2): 24/195 kB | 7.4/40 kB
Progress (2): 24/195 kB | 12/40 kB 
Progress (2): 24/195 kB | 16/40 kB
Progress (2): 24/195 kB | 20/40 kB
Progress (2): 24/195 kB | 24/40 kB
Progress (2): 24/195 kB | 29/40 kB
Progress (2): 24/195 kB | 33/40 kB
Progress (2): 24/195 kB | 37/40 kB
Progress (2): 24/195 kB | 40 kB   
                               
Downloaded from central: https://repo.maven.apache.org/maven2/com/vladsch/flexmark/flexmark-ext-definition/0.42.14/flexmark-ext-definition-0.42.14.jar (40 kB at 23 kB/s)
Downloading from central: https://repo.maven.apache.org/maven2/com/vladsch/flexmark/flexmark-ext-escaped-character/0.42.14/flexmark-ext-escaped-character-0.42.14.jar
Progress (2): 24/195 kB | 3.8/9.4 kB
Progress (3): 24/195 kB | 3.8/9.4 kB | 3.8/73 kB
Progress (3): 24/195 kB | 3.8/9.4 kB | 8.0/73 kB
Progress (3): 24/195 kB | 3.8/9.4 kB | 12/73 kB 
Progress (3): 24/195 kB | 3.8/9.4 kB | 16/73 kB
Progress (3): 24/195 kB | 3.8/9.4 kB | 21/73 kB
Progress (3): 24/195 kB | 3.8/9.4 kB | 25/73 kB
Progress (3): 24/195 kB | 3.8/9.4 kB | 29/73 kB
Progress (3): 24/195 kB | 3.8/9.4 kB | 33/73 kB
Progress (3): 24/195 kB | 3.8/9.4 kB | 38/73 kB
Progress (3): 24/195 kB | 3.8/9.4 kB | 42/73 kB
Progress (3): 24/195 kB | 3.8/9.4 kB | 46/73 kB
Progress (3): 24/195 kB | 3.8/9.4 kB | 50/73 kB
Progress (3): 24/195 kB | 3.8/9.4 kB | 54/73 kB
Progress (3): 24/195 kB | 3.8/9.4 kB | 59/73 kB
Progress (3): 24/195 kB | 3.8/9.4 kB | 63/73 kB
Progress (3): 24/195 kB | 3.8/9.4 kB | 67/73 kB
Progress (3): 24/195 kB | 3.8/9.4 kB | 71/73 kB
Progress (3): 24/195 kB | 3.8/9.4 kB | 73 kB   
                                            
Downloaded from central: https://repo.maven.apache.org/maven2/com/vladsch/flexmark/flexmark-ext-emoji/0.42.14/flexmark-ext-emoji-0.42.14.jar (73 kB at 39 kB/s)
Downloading from central: https://repo.maven.apache.org/maven2/com/vladsch/flexmark/flexmark-ext-footnotes/0.42.14/flexmark-ext-footnotes-0.42.14.jar
Progress (2): 40/195 kB | 3.8/9.4 kB
Progress (3): 40/195 kB | 3.8/9.4 kB | 7.7/66 kB
Progress (3): 40/195 kB | 3.8/9.4 kB | 15/66 kB 
Progress (3): 40/195 kB | 3.8/9.4 kB | 32/66 kB
Progress (3): 40/195 kB | 3.8/9.4 kB | 48/66 kB
Progress (3): 40/195 kB | 3.8/9.4 kB | 65/66 kB
Progress (3): 40/195 kB | 3.8/9.4 kB | 66 kB   
                                            
Downloaded from central: https://repo.maven.apache.org/maven2/com/vladsch/flexmark/flexmark-ext-enumerated-reference/0.42.14/flexmark-ext-enumerated-reference-0.42.14.jar (66 kB at 34 kB/s)
Downloading from central: https://repo.maven.apache.org/maven2/com/vladsch/flexmark/flexmark-ext-gfm-issues/0.42.14/flexmark-ext-gfm-issues-0.42.14.jar
Progress (2): 40/195 kB | 7.7/9.4 kB
Progress (2): 40/195 kB | 9.4 kB    
                                
Downloaded from central: https://repo.maven.apache.org/maven2/com/vladsch/flexmark/flexmark-ext-autolink/0.42.14/flexmark-ext-autolink-0.42.14.jar (9.4 kB at 4.7 kB/s)
Downloading from central: https://repo.maven.apache.org/maven2/com/vladsch/flexmark/flexmark-ext-gfm-strikethrough/0.42.14/flexmark-ext-gfm-strikethrough-0.42.14.jar
Progress (2): 40/195 kB | 3.2/13 kB
Progress (2): 40/195 kB | 7.4/13 kB
Progress (2): 40/195 kB | 12/13 kB 
Progress (2): 40/195 kB | 13 kB   
                               
Downloaded from central: https://repo.maven.apache.org/maven2/com/vladsch/flexmark/flexmark-ext-escaped-character/0.42.14/flexmark-ext-escaped-character-0.42.14.jar (13 kB at 6.4 kB/s)
Downloading from central: https://repo.maven.apache.org/maven2/com/vladsch/flexmark/flexmark-ext-gfm-tables/0.42.14/flexmark-ext-gfm-tables-0.42.14.jar
Progress (2): 40/195 kB | 7.7/41 kB
Progress (2): 40/195 kB | 16/41 kB 
Progress (2): 40/195 kB | 32/41 kB
Progress (2): 40/195 kB | 41 kB   
                               
Downloaded from central: https://repo.maven.apache.org/maven2/com/vladsch/flexmark/flexmark-ext-footnotes/0.42.14/flexmark-ext-footnotes-0.42.14.jar (41 kB at 20 kB/s)
Downloading from central: https://repo.maven.apache.org/maven2/com/vladsch/flexmark/flexmark-ext-gfm-tasklist/0.42.14/flexmark-ext-gfm-tasklist-0.42.14.jar
Progress (2): 40/195 kB | 7.7/16 kB
Progress (2): 40/195 kB | 7.7/16 kB
Progress (3): 40/195 kB | 7.7/16 kB | 3.8/33 kB
Progress (3): 40/195 kB | 7.7/16 kB | 8.0/33 kB
Progress (3): 40/195 kB | 7.7/16 kB | 12/33 kB 
Progress (3): 40/195 kB | 7.7/16 kB | 16/33 kB
Progress (3): 40/195 kB | 7.7/16 kB | 21/33 kB
Progress (3): 40/195 kB | 7.7/16 kB | 24/33 kB
Progress (3): 40/195 kB | 7.7/16 kB | 28/33 kB
Progress (3): 40/195 kB | 7.7/16 kB | 33/33 kB
Progress (3): 40/195 kB | 7.7/16 kB | 33 kB   
                                           
Downloaded from central: https://repo.maven.apache.org/maven2/com/vladsch/flexmark/flexmark-ext-gfm-tables/0.42.14/flexmark-ext-gfm-tables-0.42.14.jar (33 kB at 15 kB/s)
Downloading from central: https://repo.maven.apache.org/maven2/com/vladsch/flexmark/flexmark-ext-gfm-users/0.42.14/flexmark-ext-gfm-users-0.42.14.jar
Progress (3): 40/195 kB | 7.7/16 kB | 7.7/28 kB
Progress (3): 40/195 kB | 7.7/16 kB | 11/28 kB 
Progress (3): 40/195 kB | 7.7/16 kB | 28/28 kB
Progress (3): 40/195 kB | 7.7/16 kB | 28 kB   
                                           
Downloaded from central: https://repo.maven.apache.org/maven2/com/vladsch/flexmark/flexmark-ext-gfm-tasklist/0.42.14/flexmark-ext-gfm-tasklist-0.42.14.jar (28 kB at 12 kB/s)
Downloading from central: https://repo.maven.apache.org/maven2/com/vladsch/flexmark/flexmark-ext-gitlab/0.42.14/flexmark-ext-gitlab-0.42.14.jar
Progress (2): 40/195 kB | 16 kB
                               
Downloaded from central: https://repo.maven.apache.org/maven2/com/vladsch/flexmark/flexmark-ext-gfm-issues/0.42.14/flexmark-ext-gfm-issues-0.42.14.jar (16 kB at 6.6 kB/s)
Downloading from central: https://repo.maven.apache.org/maven2/com/vladsch/flexmark/flexmark-ext-jekyll-front-matter/0.42.14/flexmark-ext-jekyll-front-matter-0.42.14.jar
Progress (2): 40/195 kB | 3.8/29 kB
Progress (2): 40/195 kB | 8.0/29 kB
Progress (2): 40/195 kB | 12/29 kB 
Progress (2): 40/195 kB | 16/29 kB
Progress (2): 40/195 kB | 21/29 kB
Progress (2): 40/195 kB | 25/29 kB
Progress (2): 40/195 kB | 29 kB   
                               
Downloaded from central: https://repo.maven.apache.org/maven2/com/vladsch/flexmark/flexmark-ext-gfm-strikethrough/0.42.14/flexmark-ext-gfm-strikethrough-0.42.14.jar (29 kB at 12 kB/s)
Downloading from central: https://repo.maven.apache.org/maven2/com/vladsch/flexmark/flexmark-ext-jekyll-tag/0.42.14/flexmark-ext-jekyll-tag-0.42.14.jar
Progress (2): 40/195 kB | 3.8/16 kB
Progress (3): 40/195 kB | 3.8/16 kB | 7.7/42 kB
Progress (3): 40/195 kB | 3.8/16 kB | 7.7/42 kB
Progress (3): 40/195 kB | 3.8/16 kB | 24/42 kB 
Progress (3): 40/195 kB | 3.8/16 kB | 40/42 kB
Progress (3): 40/195 kB | 3.8/16 kB | 42 kB   
                                           
Downloaded from central: https://repo.maven.apache.org/maven2/com/vladsch/flexmark/flexmark-ext-gitlab/0.42.14/flexmark-ext-gitlab-0.42.14.jar (42 kB at 17 kB/s)
Downloading from central: https://repo.maven.apache.org/maven2/com/vladsch/flexmark/flexmark-ext-media-tags/0.42.14/flexmark-ext-media-tags-0.42.14.jar
Progress (3): 40/195 kB | 3.8/16 kB | 7.7/18 kB
Progress (3): 40/195 kB | 3.8/16 kB | 12/18 kB 
Progress (3): 40/195 kB | 3.8/16 kB | 18 kB   
                                           
Downloaded from central: https://repo.maven.apache.org/maven2/com/vladsch/flexmark/flexmark-ext-jekyll-front-matter/0.42.14/flexmark-ext-jekyll-front-matter-0.42.14.jar (18 kB at 7.0 kB/s)
Downloading from central: https://repo.maven.apache.org/maven2/com/vladsch/flexmark/flexmark-ext-macros/0.42.14/flexmark-ext-macros-0.42.14.jar
Progress (2): 57/195 kB | 3.8/16 kB
Progress (2): 57/195 kB | 8.0/16 kB
Progress (2): 57/195 kB | 12/16 kB 
Progress (2): 57/195 kB | 16 kB   
                               
Downloaded from central: https://repo.maven.apache.org/maven2/com/vladsch/flexmark/flexmark-ext-gfm-users/0.42.14/flexmark-ext-gfm-users-0.42.14.jar (16 kB at 5.9 kB/s)
Downloading from central: https://repo.maven.apache.org/maven2/com/vladsch/flexmark/flexmark-ext-ins/0.42.14/flexmark-ext-ins-0.42.14.jar
Progress (2): 57/195 kB | 7.7/25 kB
Progress (2): 57/195 kB | 16/25 kB 
Progress (2): 57/195 kB | 25 kB   
                               
Downloaded from central: https://repo.maven.apache.org/maven2/com/vladsch/flexmark/flexmark-ext-media-tags/0.42.14/flexmark-ext-media-tags-0.42.14.jar (25 kB at 9.2 kB/s)
Downloading from central: https://repo.maven.apache.org/maven2/com/vladsch/flexmark/flexmark-ext-xwiki-macros/0.42.14/flexmark-ext-xwiki-macros-0.42.14.jar
Progress (2): 57/195 kB | 3.8/21 kB
Progress (2): 57/195 kB | 8.0/21 kB
Progress (3): 57/195 kB | 8.0/21 kB | 3.2/13 kB
Progress (3): 57/195 kB | 8.0/21 kB | 7.4/13 kB
Progress (4): 57/195 kB | 8.0/21 kB | 7.4/13 kB | 7.7/31 kB
Progress (4): 57/195 kB | 8.0/21 kB | 7.4/13 kB | 16/31 kB 
Progress (4): 57/195 kB | 8.0/21 kB | 12/13 kB | 16/31 kB 
Progress (4): 57/195 kB | 8.0/21 kB | 13 kB | 16/31 kB   
Progress (4): 57/195 kB | 12/21 kB | 13 kB | 16/31 kB 
Progress (4): 57/195 kB | 16/21 kB | 13 kB | 16/31 kB
Progress (4): 57/195 kB | 21/21 kB | 13 kB | 16/31 kB
Progress (4): 57/195 kB | 21 kB | 13 kB | 16/31 kB   
                                                  
Downloaded from central: https://repo.maven.apache.org/maven2/com/vladsch/flexmark/flexmark-ext-ins/0.42.14/flexmark-ext-ins-0.42.14.jar (13 kB at 4.5 kB/s)
Downloading from central: https://repo.maven.apache.org/maven2/com/vladsch/flexmark/flexmark-ext-superscript/0.42.14/flexmark-ext-superscript-0.42.14.jar
Downloaded from central: https://repo.maven.apache.org/maven2/com/vladsch/flexmark/flexmark-ext-jekyll-tag/0.42.14/flexmark-ext-jekyll-tag-0.42.14.jar (21 kB at 7.2 kB/s)
Downloading from central: https://repo.maven.apache.org/maven2/com/vladsch/flexmark/flexmark-ext-tables/0.42.14/flexmark-ext-tables-0.42.14.jar
Progress (2): 57/195 kB | 31 kB
                               
Downloaded from central: https://repo.maven.apache.org/maven2/com/vladsch/flexmark/flexmark-ext-xwiki-macros/0.42.14/flexmark-ext-xwiki-macros-0.42.14.jar (31 kB at 11 kB/s)
Downloading from central: https://repo.maven.apache.org/maven2/com/vladsch/flexmark/flexmark-ext-toc/0.42.14/flexmark-ext-toc-0.42.14.jar
Progress (2): 57/195 kB | 7.7/35 kB
Progress (2): 57/195 kB | 11/35 kB 
Progress (2): 57/195 kB | 28/35 kB
Progress (2): 57/195 kB | 35 kB   
                               
Downloaded from central: https://repo.maven.apache.org/maven2/com/vladsch/flexmark/flexmark-ext-macros/0.42.14/flexmark-ext-macros-0.42.14.jar (35 kB at 12 kB/s)
Downloading from central: https://repo.maven.apache.org/maven2/com/vladsch/flexmark/flexmark-ext-typographic/0.42.14/flexmark-ext-typographic-0.42.14.jar
Progress (2): 57/195 kB | 7.7/91 kB
Progress (2): 57/195 kB | 16/91 kB 
Progress (2): 57/195 kB | 32/91 kB
Progress (3): 57/195 kB | 32/91 kB | 3.8/76 kB
Progress (3): 57/195 kB | 32/91 kB | 8.0/76 kB
Progress (3): 57/195 kB | 49/91 kB | 8.0/76 kB
Progress (3): 57/195 kB | 49/91 kB | 12/76 kB 
Progress (4): 57/195 kB | 49/91 kB | 12/76 kB | 3.8/13 kB
Progress (4): 57/195 kB | 49/91 kB | 16/76 kB | 3.8/13 kB
Progress (4): 57/195 kB | 49/91 kB | 21/76 kB | 3.8/13 kB
Progress (4): 57/195 kB | 65/91 kB | 21/76 kB | 3.8/13 kB
Progress (4): 57/195 kB | 65/91 kB | 25/76 kB | 3.8/13 kB
Progress (4): 57/195 kB | 65/91 kB | 29/76 kB | 3.8/13 kB
Progress (4): 57/195 kB | 65/91 kB | 29/76 kB | 7.7/13 kB
Progress (4): 57/195 kB | 65/91 kB | 33/76 kB | 7.7/13 kB
Progress (4): 57/195 kB | 81/91 kB | 33/76 kB | 7.7/13 kB
Progress (4): 57/195 kB | 81/91 kB | 38/76 kB | 7.7/13 kB
Progress (4): 57/195 kB | 91 kB | 38/76 kB | 7.7/13 kB   
                                                      
Downloaded from central: https://repo.maven.apache.org/maven2/com/vladsch/flexmark/flexmark-ext-toc/0.42.14/flexmark-ext-toc-0.42.14.jar (91 kB at 29 kB/s)
Downloading from central: https://repo.maven.apache.org/maven2/com/vladsch/flexmark/flexmark-ext-wikilink/0.42.14/flexmark-ext-wikilink-0.42.14.jar
Progress (3): 57/195 kB | 38/76 kB | 12/13 kB
Progress (3): 57/195 kB | 54/76 kB | 12/13 kB
Progress (3): 57/195 kB | 54/76 kB | 13 kB   
                                          
Downloaded from central: https://repo.maven.apache.org/maven2/com/vladsch/flexmark/flexmark-ext-superscript/0.42.14/flexmark-ext-superscript-0.42.14.jar (13 kB at 4.2 kB/s)
Downloading from central: https://repo.maven.apache.org/maven2/com/vladsch/flexmark/flexmark-ext-yaml-front-matter/0.42.14/flexmark-ext-yaml-front-matter-0.42.14.jar
Progress (2): 57/195 kB | 70/76 kB
Progress (2): 57/195 kB | 76 kB   
                               
Downloaded from central: https://repo.maven.apache.org/maven2/com/vladsch/flexmark/flexmark-ext-tables/0.42.14/flexmark-ext-tables-0.42.14.jar (76 kB at 24 kB/s)
Downloading from central: https://repo.maven.apache.org/maven2/com/vladsch/flexmark/flexmark-ext-youtube-embedded/0.42.14/flexmark-ext-youtube-embedded-0.42.14.jar
Progress (2): 57/195 kB | 3.2/22 kB
Progress (2): 57/195 kB | 20/22 kB 
Progress (2): 57/195 kB | 22 kB   
                               
Downloaded from central: https://repo.maven.apache.org/maven2/com/vladsch/flexmark/flexmark-ext-typographic/0.42.14/flexmark-ext-typographic-0.42.14.jar (22 kB at 6.8 kB/s)
Downloading from central: https://repo.maven.apache.org/maven2/com/vladsch/flexmark/flexmark-formatter/0.42.14/flexmark-formatter-0.42.14.jar
Progress (1): 73/195 kB
Progress (2): 73/195 kB | 7.7/26 kB
Progress (2): 73/195 kB | 16/26 kB 
Progress (2): 73/195 kB | 26 kB   
                               
Downloaded from central: https://repo.maven.apache.org/maven2/com/vladsch/flexmark/flexmark-ext-wikilink/0.42.14/flexmark-ext-wikilink-0.42.14.jar (26 kB at 7.6 kB/s)
Downloading from central: https://repo.maven.apache.org/maven2/com/vladsch/flexmark/flexmark-html-parser/0.42.14/flexmark-html-parser-0.42.14.jar
Progress (2): 73/195 kB | 7.7/13 kB
Progress (2): 73/195 kB | 7.7/13 kB
Progress (2): 73/195 kB | 13 kB    
                               
Downloaded from central: https://repo.maven.apache.org/maven2/com/vladsch/flexmark/flexmark-ext-youtube-embedded/0.42.14/flexmark-ext-youtube-embedded-0.42.14.jar (13 kB at 3.7 kB/s)
Downloading from central: https://repo.maven.apache.org/maven2/org/jsoup/jsoup/1.10.2/jsoup-1.10.2.jar
Progress (2): 73/195 kB | 8.2/97 kB
Progress (3): 73/195 kB | 8.2/97 kB | 7.7/45 kB
Progress (3): 73/195 kB | 8.2/97 kB | 16/45 kB 
Progress (3): 73/195 kB | 8.2/97 kB | 24/45 kB
Progress (3): 73/195 kB | 8.2/97 kB | 40/45 kB
Progress (3): 73/195 kB | 8.2/97 kB | 45 kB   
                                           
Downloaded from central: https://repo.maven.apache.org/maven2/com/vladsch/flexmark/flexmark-html-parser/0.42.14/flexmark-html-parser-0.42.14.jar (45 kB at 12 kB/s)
Downloading from central: https://repo.maven.apache.org/maven2/com/vladsch/flexmark/flexmark-jira-converter/0.42.14/flexmark-jira-converter-0.42.14.jar
Progress (3): 73/195 kB | 8.2/97 kB | 3.8/18 kB
Progress (3): 73/195 kB | 8.2/97 kB | 4.1/18 kB
Progress (3): 73/195 kB | 8.2/97 kB | 8.3/18 kB
Progress (3): 73/195 kB | 8.2/97 kB | 13/18 kB 
Progress (3): 73/195 kB | 8.2/97 kB | 17/18 kB
Progress (3): 73/195 kB | 8.2/97 kB | 18 kB   
                                           
Downloaded from central: https://repo.maven.apache.org/maven2/com/vladsch/flexmark/flexmark-ext-yaml-front-matter/0.42.14/flexmark-ext-yaml-front-matter-0.42.14.jar (18 kB at 5.1 kB/s)
Downloading from central: https://repo.maven.apache.org/maven2/com/vladsch/flexmark/flexmark-profile-pegdown/0.42.14/flexmark-profile-pegdown-0.42.14.jar
Progress (3): 73/195 kB | 8.2/97 kB | 7.7/351 kB
Progress (3): 73/195 kB | 8.2/97 kB | 11/351 kB 
Progress (3): 73/195 kB | 25/97 kB | 11/351 kB 
Progress (3): 73/195 kB | 25/97 kB | 28/351 kB
Progress (3): 73/195 kB | 25/97 kB | 44/351 kB
Progress (3): 73/195 kB | 41/97 kB | 44/351 kB
Progress (3): 73/195 kB | 41/97 kB | 61/351 kB
Progress (3): 73/195 kB | 57/97 kB | 61/351 kB
Progress (3): 73/195 kB | 57/97 kB | 77/351 kB
Progress (3): 73/195 kB | 57/97 kB | 93/351 kB
Progress (3): 73/195 kB | 74/97 kB | 93/351 kB
Progress (3): 73/195 kB | 90/97 kB | 93/351 kB
Progress (3): 73/195 kB | 90/97 kB | 110/351 kB
Progress (3): 73/195 kB | 90/97 kB | 126/351 kB
Progress (4): 73/195 kB | 90/97 kB | 126/351 kB | 7.7/40 kB
Progress (4): 73/195 kB | 90/97 kB | 126/351 kB | 16/40 kB 
Progress (4): 73/195 kB | 90/97 kB | 142/351 kB | 16/40 kB
Progress (4): 73/195 kB | 97 kB | 142/351 kB | 16/40 kB   
                                                       
Downloaded from central: https://repo.maven.apache.org/maven2/com/vladsch/flexmark/flexmark-formatter/0.42.14/flexmark-formatter-0.42.14.jar (97 kB at 26 kB/s)
Downloading from central: https://repo.maven.apache.org/maven2/com/vladsch/flexmark/flexmark-util/0.42.14/flexmark-util-0.42.14.jar
Progress (3): 73/195 kB | 142/351 kB | 32/40 kB
Progress (3): 73/195 kB | 142/351 kB | 40 kB   
                                            
Downloaded from central: https://repo.maven.apache.org/maven2/com/vladsch/flexmark/flexmark-jira-converter/0.42.14/flexmark-jira-converter-0.42.14.jar (40 kB at 10 kB/s)
Downloading from central: https://repo.maven.apache.org/maven2/com/vladsch/flexmark/flexmark-youtrack-converter/0.42.14/flexmark-youtrack-converter-0.42.14.jar
Progress (2): 73/195 kB | 159/351 kB
Progress (2): 73/195 kB | 164/351 kB
Progress (3): 73/195 kB | 164/351 kB | 3.8/6.3 kB
Progress (3): 73/195 kB | 180/351 kB | 3.8/6.3 kB
Progress (3): 73/195 kB | 197/351 kB | 3.8/6.3 kB
Progress (3): 73/195 kB | 197/351 kB | 6.3 kB    
                                             
Downloaded from central: https://repo.maven.apache.org/maven2/com/vladsch/flexmark/flexmark-profile-pegdown/0.42.14/flexmark-profile-pegdown-0.42.14.jar (6.3 kB at 1.6 kB/s)
Downloading from central: https://repo.maven.apache.org/maven2/org/apache/maven/doxia/doxia-module-confluence/1.11.1/doxia-module-confluence-1.11.1.jar
Progress (2): 73/195 kB | 213/351 kB
Progress (2): 73/195 kB | 229/351 kB
Progress (2): 73/195 kB | 246/351 kB
Progress (2): 73/195 kB | 262/351 kB
Progress (2): 90/195 kB | 262/351 kB
Progress (2): 90/195 kB | 279/351 kB
Progress (2): 90/195 kB | 295/351 kB
Progress (2): 90/195 kB | 311/351 kB
Progress (3): 90/195 kB | 311/351 kB | 16/41 kB
Progress (3): 90/195 kB | 328/351 kB | 16/41 kB
Progress (3): 90/195 kB | 328/351 kB | 33/41 kB
Progress (3): 90/195 kB | 328/351 kB | 41 kB   
                                            
Downloaded from central: https://repo.maven.apache.org/maven2/com/vladsch/flexmark/flexmark-youtrack-converter/0.42.14/flexmark-youtrack-converter-0.42.14.jar (41 kB at 10 kB/s)
Downloading from central: https://repo.maven.apache.org/maven2/org/apache/maven/doxia/doxia-module-docbook-simple/1.11.1/doxia-module-docbook-simple-1.11.1.jar
Progress (2): 90/195 kB | 344/351 kB
Progress (2): 90/195 kB | 351 kB    
                                
Downloaded from central: https://repo.maven.apache.org/maven2/org/jsoup/jsoup/1.10.2/jsoup-1.10.2.jar (351 kB at 87 kB/s)
Downloading from central: https://repo.maven.apache.org/maven2/org/apache/maven/doxia/doxia-module-twiki/1.11.1/doxia-module-twiki-1.11.1.jar
Progress (2): 90/195 kB | 7.7/128 kB
Progress (2): 90/195 kB | 16/128 kB 
Progress (2): 90/195 kB | 32/128 kB
Progress (3): 90/195 kB | 32/128 kB | 7.7/385 kB
Progress (3): 90/195 kB | 32/128 kB | 16/385 kB 
Progress (3): 90/195 kB | 49/128 kB | 16/385 kB
Progress (3): 90/195 kB | 57/128 kB | 16/385 kB
Progress (4): 90/195 kB | 57/128 kB | 16/385 kB | 7.7/73 kB
Progress (4): 90/195 kB | 57/128 kB | 16/385 kB | 7.7/73 kB
Progress (4): 90/195 kB | 57/128 kB | 16/385 kB | 24/73 kB 
Progress (4): 90/195 kB | 74/128 kB | 16/385 kB | 24/73 kB
Progress (4): 90/195 kB | 74/128 kB | 32/385 kB | 24/73 kB
Progress (4): 90/195 kB | 90/128 kB | 32/385 kB | 24/73 kB
Progress (4): 90/195 kB | 106/128 kB | 32/385 kB | 24/73 kB
Progress (4): 90/195 kB | 123/128 kB | 32/385 kB | 24/73 kB
Progress (4): 90/195 kB | 128 kB | 32/385 kB | 24/73 kB    
                                                       
Downloaded from central: https://repo.maven.apache.org/maven2/org/apache/maven/doxia/doxia-module-docbook-simple/1.11.1/doxia-module-docbook-simple-1.11.1.jar (128 kB at 30 kB/s)
Downloading from central: https://repo.maven.apache.org/maven2/org/eclipse/jetty/jetty-webapp/9.4.46.v20220331/jetty-webapp-9.4.46.v20220331.jar
Progress (3): 90/195 kB | 48/385 kB | 24/73 kB
Progress (3): 90/195 kB | 65/385 kB | 24/73 kB
Progress (3): 90/195 kB | 66/385 kB | 24/73 kB
Progress (3): 90/195 kB | 82/385 kB | 24/73 kB
Progress (4): 90/195 kB | 82/385 kB | 24/73 kB | 3.8/58 kB
Progress (4): 90/195 kB | 82/385 kB | 24/73 kB | 8.0/58 kB
Progress (4): 90/195 kB | 82/385 kB | 24/73 kB | 11/58 kB 
Progress (4): 90/195 kB | 82/385 kB | 24/73 kB | 16/58 kB
Progress (4): 90/195 kB | 82/385 kB | 24/73 kB | 20/58 kB
Progress (4): 90/195 kB | 82/385 kB | 24/73 kB | 24/58 kB
Progress (4): 90/195 kB | 82/385 kB | 24/73 kB | 28/58 kB
Progress (4): 90/195 kB | 82/385 kB | 24/73 kB | 33/58 kB
Progress (4): 90/195 kB | 98/385 kB | 24/73 kB | 33/58 kB
Progress (4): 90/195 kB | 115/385 kB | 24/73 kB | 33/58 kB
Progress (4): 90/195 kB | 131/385 kB | 24/73 kB | 33/58 kB
Progress (4): 90/195 kB | 147/385 kB | 24/73 kB | 33/58 kB
Progress (4): 90/195 kB | 164/385 kB | 24/73 kB | 33/58 kB
Progress (4): 90/195 kB | 164/385 kB | 40/73 kB | 33/58 kB
Progress (4): 90/195 kB | 164/385 kB | 57/73 kB | 33/58 kB
Progress (5): 90/195 kB | 164/385 kB | 57/73 kB | 33/58 kB | 7.7/141 kB
Progress (5): 90/195 kB | 164/385 kB | 57/73 kB | 33/58 kB | 11/141 kB 
Progress (5): 90/195 kB | 180/385 kB | 57/73 kB | 33/58 kB | 11/141 kB
Progress (5): 106/195 kB | 180/385 kB | 57/73 kB | 33/58 kB | 11/141 kB
Progress (5): 106/195 kB | 180/385 kB | 57/73 kB | 33/58 kB | 28/141 kB
Progress (5): 106/195 kB | 180/385 kB | 57/73 kB | 33/58 kB | 44/141 kB
Progress (5): 106/195 kB | 180/385 kB | 57/73 kB | 33/58 kB | 61/141 kB
Progress (5): 106/195 kB | 197/385 kB | 57/73 kB | 33/58 kB | 61/141 kB
Progress (5): 106/195 kB | 197/385 kB | 57/73 kB | 33/58 kB | 77/141 kB
Progress (5): 106/195 kB | 197/385 kB | 57/73 kB | 33/58 kB | 93/141 kB
Progress (5): 106/195 kB | 197/385 kB | 57/73 kB | 33/58 kB | 110/141 kB
Progress (5): 106/195 kB | 213/385 kB | 57/73 kB | 33/58 kB | 110/141 kB
Progress (5): 106/195 kB | 213/385 kB | 57/73 kB | 49/58 kB | 110/141 kB
Progress (5): 106/195 kB | 213/385 kB | 57/73 kB | 49/58 kB | 126/141 kB
Progress (5): 106/195 kB | 213/385 kB | 57/73 kB | 49/58 kB | 141 kB    
                                                                    
Downloaded from central: https://repo.maven.apache.org/maven2/org/eclipse/jetty/jetty-webapp/9.4.46.v20220331/jetty-webapp-9.4.46.v20220331.jar (141 kB at 31 kB/s)
Downloading from central: https://repo.maven.apache.org/maven2/org/eclipse/jetty/jetty-xml/9.4.46.v20220331/jetty-xml-9.4.46.v20220331.jar
Progress (4): 106/195 kB | 229/385 kB | 57/73 kB | 49/58 kB
Progress (4): 106/195 kB | 246/385 kB | 57/73 kB | 49/58 kB
Progress (4): 106/195 kB | 246/385 kB | 57/73 kB | 58 kB   
                                                        
Downloaded from central: https://repo.maven.apache.org/maven2/org/apache/maven/doxia/doxia-module-confluence/1.11.1/doxia-module-confluence-1.11.1.jar (58 kB at 13 kB/s)
Progress (3): 106/195 kB | 246/385 kB | 73 kB
                                             
Downloaded from central: https://repo.maven.apache.org/maven2/org/apache/maven/doxia/doxia-module-twiki/1.11.1/doxia-module-twiki-1.11.1.jar (73 kB at 16 kB/s)
Progress (2): 106/195 kB | 262/385 kB
Progress (3): 106/195 kB | 262/385 kB | 3.2/69 kB
Progress (3): 106/195 kB | 262/385 kB | 20/69 kB 
Progress (3): 106/195 kB | 262/385 kB | 36/69 kB
Progress (3): 106/195 kB | 262/385 kB | 52/69 kB
Progress (3): 106/195 kB | 262/385 kB | 61/69 kB
Progress (3): 106/195 kB | 262/385 kB | 69 kB   
                                             
Downloaded from central: https://repo.maven.apache.org/maven2/org/eclipse/jetty/jetty-xml/9.4.46.v20220331/jetty-xml-9.4.46.v20220331.jar (69 kB at 14 kB/s)
Progress (2): 106/195 kB | 279/385 kB
Progress (2): 106/195 kB | 295/385 kB
Progress (2): 122/195 kB | 295/385 kB
Progress (2): 122/195 kB | 311/385 kB
Progress (2): 122/195 kB | 328/385 kB
Progress (2): 122/195 kB | 344/385 kB
Progress (2): 122/195 kB | 360/385 kB
Progress (2): 122/195 kB | 377/385 kB
Progress (2): 122/195 kB | 385 kB    
                                 
Downloaded from central: https://repo.maven.apache.org/maven2/com/vladsch/flexmark/flexmark-util/0.42.14/flexmark-util-0.42.14.jar (385 kB at 75 kB/s)
Progress (1): 139/195 kB
Progress (1): 155/195 kB
Progress (1): 172/195 kB
Progress (1): 188/195 kB
Progress (1): 195 kB    
                    
Downloaded from central: https://repo.maven.apache.org/maven2/org/codehaus/plexus/plexus-archiver/4.2.5/plexus-archiver-4.2.5.jar (195 kB at 29 kB/s)
[INFO] Skipping because packaging 'jar' is not pom.
[INFO] ------------------------------------------------------------------------
[INFO] BUILD SUCCESS
[INFO] ------------------------------------------------------------------------
[INFO] Total time:  30.815 s
[INFO] Finished at: 2026-08-27T10:11:02+08:00
[INFO] ------------------------------------------------------------------------
