1 RLock(s) were not greened, to fix this error make sure you run eventlet.monkey_patch() before importing any other modules.
1 RLock(s) were not greened, to fix this error make sure you run eventlet.monkey_patch() before importing any other modules.
1 RLock(s) were not greened, to fix this error make sure you run eventlet.monkey_patch() before importing any other modules.
1 RLock(s) were not greened, to fix this error make sure you run eventlet.monkey_patch() before importing any other modules.
1 RLock(s) were not greened, to fix this error make sure you run eventlet.monkey_patch() before importing any other modules.
1 RLock(s) were not greened, to fix this error make sure you run eventlet.monkey_patch() before importing any other modules.
1 RLock(s) were not greened, to fix this error make sure you run eventlet.monkey_patch() before importing any other modules.
1 RLock(s) were not greened, to fix this error make sure you run eventlet.monkey_patch() before importing any other modules.
1 RLock(s) were not greened, to fix this error make sure you run eventlet.monkey_patch() before importing any other modules.
1 RLock(s) were not greened, to fix this error make sure you run eventlet.monkey_patch() before importing any other modules.
1 RLock(s) were not greened, to fix this error make sure you run eventlet.monkey_patch() before importing any other modules.
1 RLock(s) were not greened, to fix this error make sure you run eventlet.monkey_patch() before importing any other modules.
1 RLock(s) were not greened, to fix this error make sure you run eventlet.monkey_patch() before importing any other modules.
1 RLock(s) were not greened, to fix this error make sure you run eventlet.monkey_patch() before importing any other modules.
1 RLock(s) were not greened, to fix this error make sure you run eventlet.monkey_patch() before importing any other modules.
1 RLock(s) were not greened, to fix this error make sure you run eventlet.monkey_patch() before importing any other modules.
1 RLock(s) were not greened, to fix this error make sure you run eventlet.monkey_patch() before importing any other modules.
1 RLock(s) were not greened, to fix this error make sure you run eventlet.monkey_patch() before importing any other modules.
1 RLock(s) were not greened, to fix this error make sure you run eventlet.monkey_patch() before importing any other modules.
1 RLock(s) were not greened, to fix this error make sure you run eventlet.monkey_patch() before importing any other modules.
1 RLock(s) were not greened, to fix this error make sure you run eventlet.monkey_patch() before importing any other modules.
1 RLock(s) were not greened, to fix this error make sure you run eventlet.monkey_patch() before importing any other modules.
1 RLock(s) were not greened, to fix this error make sure you run eventlet.monkey_patch() before importing any other modules.
1 RLock(s) were not greened, to fix this error make sure you run eventlet.monkey_patch() before importing any other modules.
1 RLock(s) were not greened, to fix this error make sure you run eventlet.monkey_patch() before importing any other modules.
1 RLock(s) were not greened, to fix this error make sure you run eventlet.monkey_patch() before importing any other modules.
1 RLock(s) were not greened, to fix this error make sure you run eventlet.monkey_patch() before importing any other modules.
1 RLock(s) were not greened, to fix this error make sure you run eventlet.monkey_patch() before importing any other modules.
1 RLock(s) were not greened, to fix this error make sure you run eventlet.monkey_patch() before importing any other modules.
1 RLock(s) were not greened, to fix this error make sure you run eventlet.monkey_patch() before importing any other modules.
1 RLock(s) were not greened, to fix this error make sure you run eventlet.monkey_patch() before importing any other modules.
1 RLock(s) were not greened, to fix this error make sure you run eventlet.monkey_patch() before importing any other modules.
1 RLock(s) were not greened, to fix this error make sure you run eventlet.monkey_patch() before importing any other modules.
1 RLock(s) were not greened, to fix this error make sure you run eventlet.monkey_patch() before importing any other modules.
1 RLock(s) were not greened, to fix this error make sure you run eventlet.monkey_patch() before importing any other modules.
1 RLock(s) were not greened, to fix this error make sure you run eventlet.monkey_patch() before importing any other modules.
1 RLock(s) were not greened, to fix this error make sure you run eventlet.monkey_patch() before importing any other modules.
1 RLock(s) were not greened, to fix this error make sure you run eventlet.monkey_patch() before importing any other modules.
1 RLock(s) were not greened, to fix this error make sure you run eventlet.monkey_patch() before importing any other modules.
1 RLock(s) were not greened, to fix this error make sure you run eventlet.monkey_patch() before importing any other modules.
1 RLock(s) were not greened, to fix this error make sure you run eventlet.monkey_patch() before importing any other modules.
1 RLock(s) were not greened, to fix this error make sure you run eventlet.monkey_patch() before importing any other modules.
1 RLock(s) were not greened, to fix this error make sure you run eventlet.monkey_patch() before importing any other modules.
1 RLock(s) were not greened, to fix this error make sure you run eventlet.monkey_patch() before importing any other modules.
1 RLock(s) were not greened, to fix this error make sure you run eventlet.monkey_patch() before importing any other modules.
1 RLock(s) were not greened, to fix this error make sure you run eventlet.monkey_patch() before importing any other modules.
1 RLock(s) were not greened, to fix this error make sure you run eventlet.monkey_patch() before importing any other modules.
1 RLock(s) were not greened, to fix this error make sure you run eventlet.monkey_patch() before importing any other modules.
1 RLock(s) were not greened, to fix this error make sure you run eventlet.monkey_patch() before importing any other modules.
1 RLock(s) were not greened, to fix this error make sure you run eventlet.monkey_patch() before importing any other modules.
1 RLock(s) were not greened, to fix this error make sure you run eventlet.monkey_patch() before importing any other modules.
1 RLock(s) were not greened, to fix this error make sure you run eventlet.monkey_patch() before importing any other modules.
1 RLock(s) were not greened, to fix this error make sure you run eventlet.monkey_patch() before importing any other modules.
1 RLock(s) were not greened, to fix this error make sure you run eventlet.monkey_patch() before importing any other modules.
1 RLock(s) were not greened, to fix this error make sure you run eventlet.monkey_patch() before importing any other modules.
1 RLock(s) were not greened, to fix this error make sure you run eventlet.monkey_patch() before importing any other modules.
1 RLock(s) were not greened, to fix this error make sure you run eventlet.monkey_patch() before importing any other modules.
1 RLock(s) were not greened, to fix this error make sure you run eventlet.monkey_patch() before importing any other modules.
1 RLock(s) were not greened, to fix this error make sure you run eventlet.monkey_patch() before importing any other modules.
1 RLock(s) were not greened, to fix this error make sure you run eventlet.monkey_patch() before importing any other modules.
1 RLock(s) were not greened, to fix this error make sure you run eventlet.monkey_patch() before importing any other modules.
1 RLock(s) were not greened, to fix this error make sure you run eventlet.monkey_patch() before importing any other modules.
1 RLock(s) were not greened, to fix this error make sure you run eventlet.monkey_patch() before importing any other modules.
1 RLock(s) were not greened, to fix this error make sure you run eventlet.monkey_patch() before importing any other modules.
1 RLock(s) were not greened, to fix this error make sure you run eventlet.monkey_patch() before importing any other modules.
1 RLock(s) were not greened, to fix this error make sure you run eventlet.monkey_patch() before importing any other modules.
1 RLock(s) were not greened, to fix this error make sure you run eventlet.monkey_patch() before importing any other modules.
1 RLock(s) were not greened, to fix this error make sure you run eventlet.monkey_patch() before importing any other modules.
1 RLock(s) were not greened, to fix this error make sure you run eventlet.monkey_patch() before importing any other modules.
1 RLock(s) were not greened, to fix this error make sure you run eventlet.monkey_patch() before importing any other modules.
1 RLock(s) were not greened, to fix this error make sure you run eventlet.monkey_patch() before importing any other modules.
1 RLock(s) were not greened, to fix this error make sure you run eventlet.monkey_patch() before importing any other modules.
1 RLock(s) were not greened, to fix this error make sure you run eventlet.monkey_patch() before importing any other modules.
1 RLock(s) were not greened, to fix this error make sure you run eventlet.monkey_patch() before importing any other modules.
1 RLock(s) were not greened, to fix this error make sure you run eventlet.monkey_patch() before importing any other modules.
1 RLock(s) were not greened, to fix this error make sure you run eventlet.monkey_patch() before importing any other modules.
1 RLock(s) were not greened, to fix this error make sure you run eventlet.monkey_patch() before importing any other modules.
1 RLock(s) were not greened, to fix this error make sure you run eventlet.monkey_patch() before importing any other modules.
1 RLock(s) were not greened, to fix this error make sure you run eventlet.monkey_patch() before importing any other modules.
1 RLock(s) were not greened, to fix this error make sure you run eventlet.monkey_patch() before importing any other modules.
1 RLock(s) were not greened, to fix this error make sure you run eventlet.monkey_patch() before importing any other modules.
1 RLock(s) were not greened, to fix this error make sure you run eventlet.monkey_patch() before importing any other modules.
1 RLock(s) were not greened, to fix this error make sure you run eventlet.monkey_patch() before importing any other modules.
1 RLock(s) were not greened, to fix this error make sure you run eventlet.monkey_patch() before importing any other modules.
1 RLock(s) were not greened, to fix this error make sure you run eventlet.monkey_patch() before importing any other modules.
1 RLock(s) were not greened, to fix this error make sure you run eventlet.monkey_patch() before importing any other modules.
1 RLock(s) were not greened, to fix this error make sure you run eventlet.monkey_patch() before importing any other modules.
1 RLock(s) were not greened, to fix this error make sure you run eventlet.monkey_patch() before importing any other modules.
1 RLock(s) were not greened, to fix this error make sure you run eventlet.monkey_patch() before importing any other modules.
1 RLock(s) were not greened, to fix this error make sure you run eventlet.monkey_patch() before importing any other modules.
1 RLock(s) were not greened, to fix this error make sure you run eventlet.monkey_patch() before importing any other modules.
1 RLock(s) were not greened, to fix this error make sure you run eventlet.monkey_patch() before importing any other modules.
1 RLock(s) were not greened, to fix this error make sure you run eventlet.monkey_patch() before importing any other modules.
1 RLock(s) were not greened, to fix this error make sure you run eventlet.monkey_patch() before importing any other modules.
1 RLock(s) were not greened, to fix this error make sure you run eventlet.monkey_patch() before importing any other modules.
1 RLock(s) were not greened, to fix this error make sure you run eventlet.monkey_patch() before importing any other modules.
1 RLock(s) were not greened, to fix this error make sure you run eventlet.monkey_patch() before importing any other modules.
1 RLock(s) were not greened, to fix this error make sure you run eventlet.monkey_patch() before importing any other modules.
1 RLock(s) were not greened, to fix this error make sure you run eventlet.monkey_patch() before importing any other modules.
1 RLock(s) were not greened, to fix this error make sure you run eventlet.monkey_patch() before importing any other modules.
1 RLock(s) were not greened, to fix this error make sure you run eventlet.monkey_patch() before importing any other modules.
1 RLock(s) were not greened, to fix this error make sure you run eventlet.monkey_patch() before importing any other modules.
1 RLock(s) were not greened, to fix this error make sure you run eventlet.monkey_patch() before importing any other modules.
1 RLock(s) were not greened, to fix this error make sure you run eventlet.monkey_patch() before importing any other modules.
1 RLock(s) were not greened, to fix this error make sure you run eventlet.monkey_patch() before importing any other modules.
1 RLock(s) were not greened, to fix this error make sure you run eventlet.monkey_patch() before importing any other modules.
1 RLock(s) were not greened, to fix this error make sure you run eventlet.monkey_patch() before importing any other modules.
1 RLock(s) were not greened, to fix this error make sure you run eventlet.monkey_patch() before importing any other modules.
1 RLock(s) were not greened, to fix this error make sure you run eventlet.monkey_patch() before importing any other modules.
1 RLock(s) were not greened, to fix this error make sure you run eventlet.monkey_patch() before importing any other modules.
1 RLock(s) were not greened, to fix this error make sure you run eventlet.monkey_patch() before importing any other modules.
1 RLock(s) were not greened, to fix this error make sure you run eventlet.monkey_patch() before importing any other modules.
1 RLock(s) were not greened, to fix this error make sure you run eventlet.monkey_patch() before importing any other modules.
1 RLock(s) were not greened, to fix this error make sure you run eventlet.monkey_patch() before importing any other modules.
1 RLock(s) were not greened, to fix this error make sure you run eventlet.monkey_patch() before importing any other modules.
1 RLock(s) were not greened, to fix this error make sure you run eventlet.monkey_patch() before importing any other modules.
1 RLock(s) were not greened, to fix this error make sure you run eventlet.monkey_patch() before importing any other modules.
1 RLock(s) were not greened, to fix this error make sure you run eventlet.monkey_patch() before importing any other modules.
1 RLock(s) were not greened, to fix this error make sure you run eventlet.monkey_patch() before importing any other modules.
1 RLock(s) were not greened, to fix this error make sure you run eventlet.monkey_patch() before importing any other modules.
1 RLock(s) were not greened, to fix this error make sure you run eventlet.monkey_patch() before importing any other modules.
1 RLock(s) were not greened, to fix this error make sure you run eventlet.monkey_patch() before importing any other modules.
1 RLock(s) were not greened, to fix this error make sure you run eventlet.monkey_patch() before importing any other modules.
1 RLock(s) were not greened, to fix this error make sure you run eventlet.monkey_patch() before importing any other modules.
1 RLock(s) were not greened, to fix this error make sure you run eventlet.monkey_patch() before importing any other modules.
1 RLock(s) were not greened, to fix this error make sure you run eventlet.monkey_patch() before importing any other modules.
1 RLock(s) were not greened, to fix this error make sure you run eventlet.monkey_patch() before importing any other modules.
1 RLock(s) were not greened, to fix this error make sure you run eventlet.monkey_patch() before importing any other modules.
1 RLock(s) were not greened, to fix this error make sure you run eventlet.monkey_patch() before importing any other modules.
1 RLock(s) were not greened, to fix this error make sure you run eventlet.monkey_patch() before importing any other modules.
1 RLock(s) were not greened, to fix this error make sure you run eventlet.monkey_patch() before importing any other modules.
1 RLock(s) were not greened, to fix this error make sure you run eventlet.monkey_patch() before importing any other modules.
1 RLock(s) were not greened, to fix this error make sure you run eventlet.monkey_patch() before importing any other modules.
1 RLock(s) were not greened, to fix this error make sure you run eventlet.monkey_patch() before importing any other modules.
1 RLock(s) were not greened, to fix this error make sure you run eventlet.monkey_patch() before importing any other modules.
1 RLock(s) were not greened, to fix this error make sure you run eventlet.monkey_patch() before importing any other modules.
1 RLock(s) were not greened, to fix this error make sure you run eventlet.monkey_patch() before importing any other modules.
1 RLock(s) were not greened, to fix this error make sure you run eventlet.monkey_patch() before importing any other modules.
1 RLock(s) were not greened, to fix this error make sure you run eventlet.monkey_patch() before importing any other modules.
1 RLock(s) were not greened, to fix this error make sure you run eventlet.monkey_patch() before importing any other modules.
1 RLock(s) were not greened, to fix this error make sure you run eventlet.monkey_patch() before importing any other modules.
1 RLock(s) were not greened, to fix this error make sure you run eventlet.monkey_patch() before importing any other modules.
1 RLock(s) were not greened, to fix this error make sure you run eventlet.monkey_patch() before importing any other modules.
1 RLock(s) were not greened, to fix this error make sure you run eventlet.monkey_patch() before importing any other modules.
1 RLock(s) were not greened, to fix this error make sure you run eventlet.monkey_patch() before importing any other modules.
{15} cinder.tests.unit.test_utils.AuditPeriodTest.test_year_with_offset_before_current [0.448244s] ... ok
{32} cinder.tests.unit.test_utils.AuditPeriodTest.test_month_with_offset_before_current [0.370410s] ... ok
{48} cinder.tests.unit.test_utils.GetBlkdevMajorMinorTestCase.test_get_blkdev_major_minor [0.426086s] ... ok
{51} cinder.tests.unit.test_utils.AuditPeriodTest.test_month_jan_day_not_first [0.581595s] ... ok
{0} cinder.tests.unit.test_utils.BrickUtils.test_brick_attach_volume_encryptor [0.422630s] ... ok
{0} cinder.tests.unit.test_utils.IsBlkDeviceTestCase.test_is_blk_device [0.023236s] ... ok
{110} cinder.tests.unit.test_utils.AuditPeriodTest.test_year [0.359070s] ... ok
{101} cinder.tests.unit.test_utils.TestComparableMixin.test_ge [0.369113s] ... ok
{128} cinder.tests.unit.test_utils.TestValidateInteger.test_validate_integer_raise_assert_1_2147483649 [0.478752s] ... ok
{126} cinder.tests.unit.test_utils.TestComparableMixin.test_compare [0.536860s] ... ok
{99} cinder.tests.unit.test_utils.TestLogLevels.test_set_log_levels_invalid_2_ [0.483723s] ... ok
{78} cinder.tests.unit.test_utils.GenericUtilsTestCase.test_hostname_sanitize_periods [0.389692s] ... ok
{121} cinder.tests.unit.test_utils.LimitOperationsTestCase.test_semaphore_factory_with_limit_and_workers [0.483969s] ... ok
{20} cinder.tests.unit.test_utils.TestComparableMixin.test_gt [0.340050s] ... ok
{64} cinder.tests.unit.test_utils.BrickUtils.test_brick_get_connector [0.500414s] ... ok
{34} cinder.tests.unit.test_utils.GenericUtilsTestCase.test_hostname_translate [0.326484s] ... ok
{109} cinder.tests.unit.test_utils.TestLogLevels.test_set_log_levels [0.483630s] ... ok
{111} cinder.tests.unit.test_utils.TestAutoMaxOversubscriptionRatio.test_calculate_max_over_subscription_ratio_06 [0.486124s] ... ok
{25} cinder.tests.unit.test_utils.TestAutoMaxOversubscriptionRatio.test_calculate_max_over_subscription_ratio_08 [0.494490s] ... ok
{103} cinder.tests.unit.test_utils.ExecuteTestCase.test_execute [0.498338s] ... ok
{141} cinder.tests.unit.test_utils.AuditPeriodTest.test_month [0.372279s] ... ok
{94} cinder.tests.unit.test_utils.TestAutoMaxOversubscriptionRatio.test_calculate_max_over_subscription_ratio_09 [0.474288s] ... ok
{2} cinder.tests.unit.test_utils.GenericUtilsTestCase.test_hostname_sanitize_characters [0.377450s] ... ok
{105} cinder.tests.unit.test_utils.TestLogLevels.test_get_log_method_4___wArNiNg___30_ [0.476887s] ... ok
{2} cinder.tests.unit.test_utils.TestAutoMaxOversubscriptionRatio.test_calculate_max_over_subscription_ratio_05 [0.038648s] ... ok
{96} cinder.tests.unit.test_utils.TestCalculateVirtualFree.test_utils_calculate_virtual_free_capacity_provision_type_2 [0.499993s] ... ok
{138} cinder.tests.unit.test_utils.TemporaryChownTestCase.test_get_uid [0.498746s] ... ok
{59} cinder.tests.unit.test_utils.GetDiskOfPartitionTestCase.test_stat_oserror [0.390747s] ... ok
{10} cinder.tests.unit.test_utils.TestValidateInteger.test_validate_integer_raise_assert_2__12 [0.427208s] ... ok
{89} cinder.tests.unit.test_utils.GenericUtilsTestCase.test_check_ssh_injection_on_error [0.499442s] ... ok
{44} cinder.tests.unit.test_utils.TestCalculateVirtualFree.test_utils_calculate_capacity_factors_3 [0.505483s] ... ok
{117} cinder.tests.unit.test_utils.TestValidateInteger.test_validate_integer_1_123 [1.489487s] ... ok
{14} cinder.tests.unit.test_utils.TemporaryChownTestCase.test_matching_uid [0.488470s] ... ok
{106} cinder.tests.unit.test_utils.TestNotificationShortCircuit.test_if_notification_enabled_when_enabled [1.017421s] ... ok
{26} cinder.tests.unit.test_utils.TestLogLevels.test_get_log_method_1___info___20_ [0.491272s] ... ok
{87} cinder.tests.unit.test_utils.ExecuteTestCase.test_execute_root [0.513087s] ... ok
{29} cinder.tests.unit.test_utils.TestLogLevels.test_set_log_levels_invalid_1_None [0.493320s] ... ok
{43} cinder.tests.unit.test_utils.AuditPeriodTest.test_hour_with_offset_after_current [0.516779s] ... ok
{130} cinder.tests.unit.test_utils.MonkeyPatchTestCase.test_monkey_patch [0.667113s] ... ok
{125} cinder.tests.unit.test_utils.TestCalculateVirtualFree.test_utils_calculate_capacity_factors_4 [0.334957s] ... ok
{60} cinder.tests.unit.test_utils.TestLogLevels.test_get_log_method_2___warning___30_ [0.366689s] ... ok
{115} cinder.tests.unit.test_utils.GetBlkdevMajorMinorTestCase.test_get_blkdev_failure [0.400397s] ... ok
{119} cinder.tests.unit.test_utils.AuditPeriodTest.test_day_with_offset_after_current [0.422746s] ... ok
{4} cinder.tests.unit.test_utils.TestCheckMetadataProperties.test_metadata_value_not_string_raise_1 [0.515210s] ... ok
{71} cinder.tests.unit.test_utils.TestValidateInteger.test_validate_integer_raise_assert_5_should_be_int [0.512168s] ... ok
{46} cinder.tests.unit.test_utils.TestValidateInteger.test_validate_integer_raise_assert_4_12_05 [0.514006s] ... ok
{6} cinder.tests.unit.test_utils.TestValidateInteger.test_validate_integer_raise_assert_6_test [0.485779s] ... ok
{93} cinder.tests.unit.test_utils.TestNotificationShortCircuit.test_do_nothing_getter [0.343543s] ... ok
{28} cinder.tests.unit.test_utils.TestLogLevels.test_get_log_method_invalid_3_wronglevel [0.520493s] ... ok
{54} cinder.tests.unit.test_utils.TestCleanFileLocks.test_api_clean_volume_file_locks [0.508455s] ... ok
{142} cinder.tests.unit.test_utils.GenericUtilsTestCase.test_as_int [0.485381s] ... ok
{13} cinder.tests.unit.test_utils.TestCheckMetadataProperties.test_metadata_value_not_string_raise_2 [0.561446s] ... ok
{47} cinder.tests.unit.test_utils.AuditPeriodTest.test_hour [0.511417s] ... ok
{90} cinder.tests.unit.test_utils.TestComparableMixin.test_lt [0.508832s] ... ok
{42} cinder.tests.unit.test_utils.TestComparableMixin.test_ne [0.399462s] ... ok
{137} cinder.tests.unit.test_utils.GetDiskOfPartitionTestCase.test_diskpath_is_block_device [0.370393s] ... ok
{24} cinder.tests.unit.test_utils.IsBlkDeviceTestCase.test_fail_is_blk_device [0.505962s] ... ok
{86} cinder.tests.unit.test_utils.GenericUtilsTestCase.test_get_file_mode [0.471408s] ... ok
{22} cinder.tests.unit.test_utils.GenericUtilsTestCase.test_check_ssh_injection [0.702080s] ... ok
{8} cinder.tests.unit.test_utils.GenericUtilsTestCase.test_get_root_helper [0.508361s] ... ok
{45} cinder.tests.unit.test_utils.TestRetryDecorator.test_no_retry_required [0.541627s] ... ok
{114} cinder.tests.unit.test_utils.TestKeystoneProjectGet.test_get_project_keystoneclient_v2 [0.532605s] ... ok
{23} cinder.tests.unit.test_utils.GetDiskOfPartitionTestCase.test_devpath_is_diskpath [0.513266s] ... ok
{80} cinder.tests.unit.test_utils.AuditPeriodTest.test_uses_conf_unit [0.670036s] ... ok
{62} cinder.tests.unit.test_utils.TestRetryDecorator.test_retries_once_random [0.556017s] ... ok
{74} cinder.tests.unit.test_utils.TestComparableMixin.test_le [0.442907s] ... ok
{7} cinder.tests.unit.test_utils.TestAutoMaxOversubscriptionRatio.test_calculate_max_over_subscription_ratio_02 [0.530370s] ... ok
{52} cinder.tests.unit.test_utils.TestLogLevels.test_get_log_method_3___INFO___20_ [0.535841s] ... ok
{40} cinder.tests.unit.test_utils.GenericUtilsTestCase.test_check_exclusive_options [0.511898s] ... ok
{36} cinder.tests.unit.test_utils.AuditPeriodTest.test_year_with_offset_after_current [0.383792s] ... ok
{1} cinder.tests.unit.test_utils.AddVisibleAdminMetadataTestCase.test_add_visible_admin_metadata_visible_key_only [0.504275s] ... ok
{120} cinder.tests.unit.test_utils.TestCheckMetadataProperties.test_metadata_value_not_string_raise_3 [0.715352s] ... ok
{66} cinder.tests.unit.test_utils.TestCheckMetadataProperties.test_metadata_value_not_dict_raise [0.404386s] ... ok
{1} cinder.tests.unit.test_utils.TempdirTestCase.test_tempdir [0.040902s] ... ok
{21} cinder.tests.unit.test_utils.TestRetryDecorator.test_limit_is_reached [0.625798s] ... ok
{18} cinder.tests.unit.test_utils.TestNotificationShortCircuit.test_if_notification_enabled_when_disabled_1___ [0.562442s] ... ok
{11} cinder.tests.unit.test_utils.InvalidFilterTestCase.test_admin_allows_all_options [0.353848s] ... ok
{41} cinder.tests.unit.test_utils.LimitOperationsTestCase.test_semaphore [0.372461s] ... ok
{76} cinder.tests.unit.test_utils.TestCheckMetadataProperties.test_metadata_value_not_string_raise_6 [0.510868s] ... ok
{92} cinder.tests.unit.test_utils.TestCleanFileLocks.test_clean_volume_file_locks [0.612144s] ... ok
{97} cinder.tests.unit.test_utils.TestNotificationShortCircuit.test_do_nothing_caller [0.591429s] ... ok
{55} cinder.tests.unit.test_utils.GenericUtilsTestCase.test_write_configfile [0.555507s] ... ok
{113} cinder.tests.unit.test_utils.TestCleanFileLocks.test_clean_snapshot_file_locks [0.458010s] ... ok
{56} cinder.tests.unit.test_utils.TestLogLevels.test_get_log_method_invalid_2_ [0.587066s] ... ok
{132} cinder.tests.unit.test_utils.TestCleanFileLocks.test_clean_snapshot_file_locks_failures [0.589710s] ... ok
{73} cinder.tests.unit.test_utils.AuditPeriodTest.test_month_with_offset_after_current [0.367148s] ... ok
{19} cinder.tests.unit.test_utils.ExecuteTestCase.test_execute_root_and_helper [0.466585s] ... ok
{31} cinder.tests.unit.test_utils.GenericUtilsTestCase.test_make_dev_path [0.615745s] ... ok
{118} cinder.tests.unit.test_utils.TestLogLevels.test_get_log_levels [0.524730s] ... ok
{37} cinder.tests.unit.test_utils.TestCleanFileLocks.test_clean_volume_file_locks_errors [0.562819s] ... ok
{9} cinder.tests.unit.test_utils.GenericUtilsTestCase.test_hostname_sanitize_dashes [0.398956s] ... ok
{58} cinder.tests.unit.test_utils.GetBlkdevMajorMinorTestCase.test_get_blkdev_is_chr [0.618659s] ... ok
{83} cinder.tests.unit.test_utils.GenericUtilsTestCase.test_get_file_gid [0.548664s] ... ok
{63} cinder.tests.unit.test_utils.TestCalculateVirtualFree.test_utils_calculate_virtual_free_capacity_provision_type_3 [0.545726s] ... ok
{38} cinder.tests.unit.test_utils.TestNotificationShortCircuit.test_if_notification_enabled_when_disabled_3___noop____noop__ [0.557222s] ... ok
{17} cinder.tests.unit.test_utils.LimitOperationsTestCase.test_semaphore_factory_no_limit_2_5 [0.592806s] ... ok
{85} cinder.tests.unit.test_utils.WalkClassHierarchyTestCase.test_walk_class_hierarchy [0.613562s] ... ok
{3} cinder.tests.unit.test_utils.AuditPeriodTest.test_invalid_unit [0.592160s] ... ok
{102} cinder.tests.unit.test_utils.TestLogLevels.test_set_log_levels_invalid_3_wronglevel [0.395256s] ... ok
{3} cinder.tests.unit.test_utils.TempdirTestCase.test_tempdir_error [0.052830s] ... ok
{30} cinder.tests.unit.test_utils.TemporaryChownTestCase.test_supplied_owner_uid [0.573960s] ... ok
{65} cinder.tests.unit.test_utils.IsBlkDeviceTestCase.test_not_is_blk_device [0.622258s] ... ok
{69} cinder.tests.unit.test_utils.StringLengthTestCase.test_check_string_length [0.373822s] ... ok
{68} cinder.tests.unit.test_utils.TestCheckMetadataProperties.test_metadata_value_not_string_raise_5 [0.529704s] ... ok
{100} cinder.tests.unit.test_utils.TestCalculateVirtualFree.test_utils_calculate_capacity_factors_2 [0.367475s] ... ok
{61} cinder.tests.unit.test_utils.TestAutoMaxOversubscriptionRatio.test_calculate_max_over_subscription_ratio_04 [0.399474s] ... ok
{57} cinder.tests.unit.test_utils.TestRetryDecorator.test_no_retry_required_random [0.576349s] ... ok
{67} cinder.tests.unit.test_utils.TestComparableMixin.test_eq [0.601814s] ... ok
{135} cinder.tests.unit.test_utils.TestAutoMaxOversubscriptionRatio.test_calculate_max_over_subscription_ratio_10 [0.583445s] ... ok
{107} cinder.tests.unit.test_utils.TestRetryDecorator.test_wrong_exception_no_retry [0.553569s] ... ok
{88} cinder.tests.unit.test_utils.AuditPeriodTest.test_hour_with_offset_before_current [0.440938s] ... ok
{50} cinder.tests.unit.test_utils.TestNotificationShortCircuit.test_if_notification_enabled_when_disabled_2___noop__ [0.601878s] ... ok
{16} cinder.tests.unit.test_utils.GenericUtilsTestCase.test_paths_normcase_equal_1 [0.600719s] ... ok
{140} cinder.tests.unit.test_utils.TestRetryDecorator.test_retry_exit_code [0.361058s] ... ok
{81} cinder.tests.unit.test_utils.AddVisibleAdminMetadataTestCase.test_add_visible_admin_metadata_no_existing_metadata [0.581008s] ... ok
{79} cinder.tests.unit.test_utils.BrickUtils.test_brick_detach_volume_encryptor [0.360329s] ... ok
{127} cinder.tests.unit.test_utils.TestAutoMaxOversubscriptionRatio.test_calculate_max_over_subscription_ratio_07 [0.634306s] ... ok
{143} cinder.tests.unit.test_utils.BrickUtils.test_brick_get_connector_properties [0.550759s] ... ok
{98} cinder.tests.unit.test_utils.LimitOperationsTestCase.test_semaphore_factory_no_limit_1_1 [0.596559s] ... ok
{136} cinder.tests.unit.test_utils.TestCalculateVirtualFree.test_utils_calculate_virtual_free_capacity_provision_type_4 [0.376333s] ... ok
{12} cinder.tests.unit.test_utils.TestCalculateVirtualFree.test_utils_calculate_virtual_free_capacity_provision_type_1 [0.536707s] ... ok
{124} cinder.tests.unit.test_utils.TestValidateInteger.test_validate_integer_raise_assert_3_2_05 [0.553466s] ... ok
{77} cinder.tests.unit.test_utils.TestValidateInteger.test_validate_integer_2_123 [0.607615s] ... ok
{49} cinder.tests.unit.test_utils.TestAutoMaxOversubscriptionRatio.test_calculate_max_over_subscription_ratio_03 [0.650630s] ... ok
{72} cinder.tests.unit.test_utils.GenericUtilsTestCase.test_hostname_unicode_sanitization [0.568868s] ... ok
{133} cinder.tests.unit.test_utils.GetDiskOfPartitionTestCase.test_diskpath_is_not_block_device [0.618942s] ... ok
{108} cinder.tests.unit.test_utils.TemporaryChownTestCase.test_temporary_chown_win32 [0.374791s] ... ok
{82} cinder.tests.unit.test_utils.TestLogLevels.test_get_log_method_6___debug___10_ [0.629617s] ... ok
{134} cinder.tests.unit.test_utils.GetBlkdevMajorMinorTestCase.test_get_blkdev_major_minor_file [0.351450s] ... ok
{95} cinder.tests.unit.test_utils.AuditPeriodTest.test_month_jan_day_first [0.564559s] ... ok
{35} cinder.tests.unit.test_utils.TestAutoMaxOversubscriptionRatio.test_calculate_max_over_subscription_ratio_01 [0.590147s] ... ok
{33} cinder.tests.unit.test_utils.AuditPeriodTest.test_day [0.357306s] ... ok
{122} cinder.tests.unit.test_utils.TestNotificationShortCircuit.test_do_nothing_json_serializable [0.321476s] ... ok
{116} cinder.tests.unit.test_utils.TestLogLevels.test_get_log_method_5___error___40_ [0.636266s] ... ok
{131} cinder.tests.unit.test_utils.TestCheckMetadataProperties.test_metadata_value_not_string_raise_7 [0.431316s] ... ok
{139} cinder.tests.unit.test_utils.LimitOperationsTestCase.test_semaphore_factory_with_limit [0.593223s] ... ok
{84} cinder.tests.unit.test_utils.TestRetryDecorator.test_retry_exit_code_non_retriable [0.593363s] ... ok
{5} cinder.tests.unit.test_utils.InvalidFilterTestCase.test_admin_allows_some_options [0.594326s] ... ok
{112} cinder.tests.unit.test_utils.TestRetryDecorator.test_retries_once [0.399541s] ... ok
{91} cinder.tests.unit.test_utils.TestKeystoneProjectGet.test_get_project_keystoneclient_v3 [0.652724s] ... ok
{75} cinder.tests.unit.test_utils.GetBlkdevMajorMinorTestCase.test_get_file_size [0.565062s] ... ok
{129} cinder.tests.unit.test_utils.AddVisibleAdminMetadataTestCase.test_add_visible_admin_metadata_no_visible_keys [0.585349s] ... ok
{53} cinder.tests.unit.test_utils.TestValidateInteger.test_validate_integer_3_123 [0.376667s] ... ok
{39} cinder.tests.unit.test_utils.AuditPeriodTest.test_day_with_offset_before_current [0.584647s] ... ok
{70} cinder.tests.unit.test_utils.TestCalculateVirtualFree.test_utils_calculate_capacity_factors_1 [0.540586s] ... ok
{27} cinder.tests.unit.test_utils.TestLogLevels.test_get_log_method_invalid_1_None [0.593423s] ... ok
{123} cinder.tests.unit.test_utils.TestCheckMetadataProperties.test_metadata_value_not_string_raise_4 [0.572661s] ... ok
{104} cinder.tests.unit.test_utils.GetBlkdevMajorMinorTestCase.test_get_blkdev_major_minor_file_nfs [0.534143s] ... ok

======
Totals
======
Ran: 148 tests in 8.6142 sec.
 - Passed: 148
 - Skipped: 0
 - Expected Fail: 0
 - Unexpected Success: 0
 - Failed: 0
Sum of execute time for each test: 74.1103 sec.

==============
Worker Balance
==============
 - Worker 0 (2 tests) => 0:00:00.446825
 - Worker 1 (2 tests) => 0:00:00.546789
 - Worker 2 (2 tests) => 0:00:00.417386
 - Worker 3 (2 tests) => 0:00:00.646963
 - Worker 4 (1 tests) => 0:00:00.515210
 - Worker 5 (1 tests) => 0:00:00.594326
 - Worker 6 (1 tests) => 0:00:00.485779
 - Worker 7 (1 tests) => 0:00:00.530370
 - Worker 8 (1 tests) => 0:00:00.508361
 - Worker 9 (1 tests) => 0:00:00.398956
 - Worker 10 (1 tests) => 0:00:00.427208
 - Worker 11 (1 tests) => 0:00:00.353848
 - Worker 12 (1 tests) => 0:00:00.536707
 - Worker 13 (1 tests) => 0:00:00.561446
 - Worker 14 (1 tests) => 0:00:00.488470
 - Worker 15 (1 tests) => 0:00:00.448244
 - Worker 16 (1 tests) => 0:00:00.600719
 - Worker 17 (1 tests) => 0:00:00.592806
 - Worker 18 (1 tests) => 0:00:00.562442
 - Worker 19 (1 tests) => 0:00:00.466585
 - Worker 20 (1 tests) => 0:00:00.340050
 - Worker 21 (1 tests) => 0:00:00.625798
 - Worker 22 (1 tests) => 0:00:00.702080
 - Worker 23 (1 tests) => 0:00:00.513266
 - Worker 24 (1 tests) => 0:00:00.505962
 - Worker 25 (1 tests) => 0:00:00.494490
 - Worker 26 (1 tests) => 0:00:00.491272
 - Worker 27 (1 tests) => 0:00:00.593423
 - Worker 28 (1 tests) => 0:00:00.520493
 - Worker 29 (1 tests) => 0:00:00.493320
 - Worker 30 (1 tests) => 0:00:00.573960
 - Worker 31 (1 tests) => 0:00:00.615745
 - Worker 32 (1 tests) => 0:00:00.370410
 - Worker 33 (1 tests) => 0:00:00.357306
 - Worker 34 (1 tests) => 0:00:00.326484
 - Worker 35 (1 tests) => 0:00:00.590147
 - Worker 36 (1 tests) => 0:00:00.383792
 - Worker 37 (1 tests) => 0:00:00.562819
 - Worker 38 (1 tests) => 0:00:00.557222
 - Worker 39 (1 tests) => 0:00:00.584647
 - Worker 40 (1 tests) => 0:00:00.511898
 - Worker 41 (1 tests) => 0:00:00.372461
 - Worker 42 (1 tests) => 0:00:00.399462
 - Worker 43 (1 tests) => 0:00:00.516779
 - Worker 44 (1 tests) => 0:00:00.505483
 - Worker 45 (1 tests) => 0:00:00.541627
 - Worker 46 (1 tests) => 0:00:00.514006
 - Worker 47 (1 tests) => 0:00:00.511417
 - Worker 48 (1 tests) => 0:00:00.426086
 - Worker 49 (1 tests) => 0:00:00.650630
 - Worker 50 (1 tests) => 0:00:00.601878
 - Worker 51 (1 tests) => 0:00:00.581595
 - Worker 52 (1 tests) => 0:00:00.535841
 - Worker 53 (1 tests) => 0:00:00.376667
 - Worker 54 (1 tests) => 0:00:00.508455
 - Worker 55 (1 tests) => 0:00:00.555507
 - Worker 56 (1 tests) => 0:00:00.587066
 - Worker 57 (1 tests) => 0:00:00.576349
 - Worker 58 (1 tests) => 0:00:00.618659
 - Worker 59 (1 tests) => 0:00:00.390747
 - Worker 60 (1 tests) => 0:00:00.366689
 - Worker 61 (1 tests) => 0:00:00.399474
 - Worker 62 (1 tests) => 0:00:00.556017
 - Worker 63 (1 tests) => 0:00:00.545726
 - Worker 64 (1 tests) => 0:00:00.500414
 - Worker 65 (1 tests) => 0:00:00.622258
 - Worker 66 (1 tests) => 0:00:00.404386
 - Worker 67 (1 tests) => 0:00:00.601814
 - Worker 68 (1 tests) => 0:00:00.529704
 - Worker 69 (1 tests) => 0:00:00.373822
 - Worker 70 (1 tests) => 0:00:00.540586
 - Worker 71 (1 tests) => 0:00:00.512168
 - Worker 72 (1 tests) => 0:00:00.568868
 - Worker 73 (1 tests) => 0:00:00.367148
 - Worker 74 (1 tests) => 0:00:00.442907
 - Worker 75 (1 tests) => 0:00:00.565062
 - Worker 76 (1 tests) => 0:00:00.510868
 - Worker 77 (1 tests) => 0:00:00.607615
 - Worker 78 (1 tests) => 0:00:00.389692
 - Worker 79 (1 tests) => 0:00:00.360329
 - Worker 80 (1 tests) => 0:00:00.670036
 - Worker 81 (1 tests) => 0:00:00.581008
 - Worker 82 (1 tests) => 0:00:00.629617
 - Worker 83 (1 tests) => 0:00:00.548664
 - Worker 84 (1 tests) => 0:00:00.593363
 - Worker 85 (1 tests) => 0:00:00.613562
 - Worker 86 (1 tests) => 0:00:00.471408
 - Worker 87 (1 tests) => 0:00:00.513087
 - Worker 88 (1 tests) => 0:00:00.440938
 - Worker 89 (1 tests) => 0:00:00.499442
 - Worker 90 (1 tests) => 0:00:00.508832
 - Worker 91 (1 tests) => 0:00:00.652724
 - Worker 92 (1 tests) => 0:00:00.612144
 - Worker 93 (1 tests) => 0:00:00.343543
 - Worker 94 (1 tests) => 0:00:00.474288
 - Worker 95 (1 tests) => 0:00:00.564559
 - Worker 96 (1 tests) => 0:00:00.499993
 - Worker 97 (1 tests) => 0:00:00.591429
 - Worker 98 (1 tests) => 0:00:00.596559
 - Worker 99 (1 tests) => 0:00:00.483723
 - Worker 100 (1 tests) => 0:00:00.367475
 - Worker 101 (1 tests) => 0:00:00.369113
 - Worker 102 (1 tests) => 0:00:00.395256
 - Worker 103 (1 tests) => 0:00:00.498338
 - Worker 104 (1 tests) => 0:00:00.534143
 - Worker 105 (1 tests) => 0:00:00.476887
 - Worker 106 (1 tests) => 0:00:01.017421
 - Worker 107 (1 tests) => 0:00:00.553569
 - Worker 108 (1 tests) => 0:00:00.374791
 - Worker 109 (1 tests) => 0:00:00.483630
 - Worker 110 (1 tests) => 0:00:00.359070
 - Worker 111 (1 tests) => 0:00:00.486124
 - Worker 112 (1 tests) => 0:00:00.399541
 - Worker 113 (1 tests) => 0:00:00.458010
 - Worker 114 (1 tests) => 0:00:00.532605
 - Worker 115 (1 tests) => 0:00:00.400397
 - Worker 116 (1 tests) => 0:00:00.636266
 - Worker 117 (1 tests) => 0:00:01.489487
 - Worker 118 (1 tests) => 0:00:00.524730
 - Worker 119 (1 tests) => 0:00:00.422746
 - Worker 120 (1 tests) => 0:00:00.715352
 - Worker 121 (1 tests) => 0:00:00.483969
 - Worker 122 (1 tests) => 0:00:00.321476
 - Worker 123 (1 tests) => 0:00:00.572661
 - Worker 124 (1 tests) => 0:00:00.553466
 - Worker 125 (1 tests) => 0:00:00.334957
 - Worker 126 (1 tests) => 0:00:00.536860
 - Worker 127 (1 tests) => 0:00:00.634306
 - Worker 128 (1 tests) => 0:00:00.478752
 - Worker 129 (1 tests) => 0:00:00.585349
 - Worker 130 (1 tests) => 0:00:00.667113
 - Worker 131 (1 tests) => 0:00:00.431316
 - Worker 132 (1 tests) => 0:00:00.589710
 - Worker 133 (1 tests) => 0:00:00.618942
 - Worker 134 (1 tests) => 0:00:00.351450
 - Worker 135 (1 tests) => 0:00:00.583445
 - Worker 136 (1 tests) => 0:00:00.376333
 - Worker 137 (1 tests) => 0:00:00.370393
 - Worker 138 (1 tests) => 0:00:00.498746
 - Worker 139 (1 tests) => 0:00:00.593223
 - Worker 140 (1 tests) => 0:00:00.361058
 - Worker 141 (1 tests) => 0:00:00.372279
 - Worker 142 (1 tests) => 0:00:00.485381
 - Worker 143 (1 tests) => 0:00:00.550759
