npm warn deprecated try-resolve@1.0.1: Package no longer supported. Contact Support at https://www.npmjs.com/support for more info.
npm warn deprecated inflight@1.0.6: This module is not supported, and leaks memory. Do not use it. Check out lru-cache if you want a good and tested way to coalesce async requests by a key value, which is much more comprehensive and powerful.
npm warn deprecated source-map-url@0.4.1: See https://github.com/lydell/source-map-url#deprecated
npm warn deprecated stable@0.1.8: Modern JS already guarantees Array#sort() is a stable sort, so this library is deprecated. See the compatibility table on MDN: https://developer.mozilla.org/en-US/docs/Web/JavaScript/Reference/Global_Objects/Array/sort#browser_compatibility
npm warn deprecated babel-plugin-undefined-to-void@1.1.6: Package no longer supported. Contact Support at https://www.npmjs.com/support for more info.
npm warn deprecated babel-plugin-remove-console@1.0.1: Package no longer supported. Contact Support at https://www.npmjs.com/support for more info.
npm warn deprecated babel-plugin-remove-debugger@1.0.1: Package no longer supported. Contact Support at https://www.npmjs.com/support for more info.
npm warn deprecated babel-plugin-proto-to-assign@1.0.4: Package no longer supported. Contact Support at https://www.npmjs.com/support for more info.
npm warn deprecated babel-plugin-react-constant-elements@1.0.3: Package no longer supported. Contact Support at https://www.npmjs.com/support for more info.
npm warn deprecated babel-plugin-react-display-name@1.0.3: Package no longer supported. Contact Support at https://www.npmjs.com/support for more info.
npm warn deprecated babel-plugin-property-literals@1.0.1: Package no longer supported. Contact Support at https://www.npmjs.com/support for more info.
npm warn deprecated babel-plugin-member-expression-literals@1.0.1: Package no longer supported. Contact Support at https://www.npmjs.com/support for more info.
npm warn deprecated babel-plugin-jscript@1.0.4: Package no longer supported. Contact Support at https://www.npmjs.com/support for more info.
npm warn deprecated babel-plugin-eval@1.0.1: Package no longer supported. Contact Support at https://www.npmjs.com/support for more info.
npm warn deprecated babel-plugin-inline-environment-variables@1.0.1: Package no longer supported. Contact Support at https://www.npmjs.com/support for more info.
npm warn deprecated babel-plugin-constant-folding@1.0.1: Package no longer supported. Contact Support at https://www.npmjs.com/support for more info.
npm warn deprecated babel-plugin-dead-code-elimination@1.0.2: Package no longer supported. Contact Support at https://www.npmjs.com/support for more info.
npm warn deprecated babel-plugin-runtime@1.0.7: Package no longer supported. Contact Support at https://www.npmjs.com/support for more info.
npm warn deprecated rimraf@2.7.1: Rimraf versions prior to v4 are no longer supported
npm warn deprecated urix@0.1.0: Please see https://github.com/lydell/urix#deprecated
npm warn deprecated har-validator@5.1.5: this library is no longer supported
npm warn deprecated abab@1.0.4: Use your platform's native atob() and btoa() methods instead
npm warn deprecated to-iso-string@0.0.2: to-iso-string has been deprecated, use @segment/to-iso-string instead.
npm warn deprecated minimatch@2.0.10: Please update to minimatch 3.0.2 or higher to avoid a RegExp DoS issue
npm warn deprecated resolve-url@0.2.1: https://github.com/lydell/resolve-url#deprecated
npm warn deprecated glob@5.0.15: Glob versions prior to v9 are no longer supported
npm warn deprecated glob@7.2.3: Glob versions prior to v9 are no longer supported
npm warn deprecated graceful-fs@2.0.3: please upgrade to graceful-fs 4 for compatibility with current and future versions of Node.js
npm warn deprecated source-map-resolve@0.5.3: See https://github.com/lydell/source-map-resolve#deprecated
npm warn deprecated q@1.5.1: You or someone you depend on is using Q, the JavaScript Promise library that gave JavaScript developers strong feelings about promises. They can almost certainly migrate to the native JavaScript promise now. Thank you literally everyone for joining me in this bet against the odds. Be excellent to each other.
npm warn deprecated
npm warn deprecated (For a CapTP with native promises, see @endo/eventual-send and @endo/captp)
npm warn deprecated q@1.0.1: You or someone you depend on is using Q, the JavaScript Promise library that gave JavaScript developers strong feelings about promises. They can almost certainly migrate to the native JavaScript promise now. Thank you literally everyone for joining me in this bet against the odds. Be excellent to each other.
npm warn deprecated
npm warn deprecated (For a CapTP with native promises, see @endo/eventual-send and @endo/captp)
npm warn deprecated minimatch@0.3.0: Please update to minimatch 3.0.2 or higher to avoid a RegExp DoS issue
npm warn deprecated minimatch@0.3.0: Please update to minimatch 3.0.2 or higher to avoid a RegExp DoS issue
npm warn deprecated mkdirp@0.3.0: Legacy versions of mkdirp are no longer supported. Please update to mkdirp 1.x. (Note that the API surface has changed to use Promises in 1.x.)
npm warn deprecated mkdirp@0.3.5: Legacy versions of mkdirp are no longer supported. Please update to mkdirp 1.x. (Note that the API surface has changed to use Promises in 1.x.)
npm warn deprecated uuid@3.4.0: Please upgrade  to version 7 or higher.  Older versions may use Math.random() in certain circumstances, which is known to be problematic.  See https://v8.dev/blog/math-random for details.
npm warn deprecated mkdirp@0.5.1: Legacy versions of mkdirp are no longer supported. Please update to mkdirp 1.x. (Note that the API surface has changed to use Promises in 1.x.)
npm warn deprecated glob@3.2.11: Glob versions prior to v9 are no longer supported
npm warn deprecated glob@3.2.11: Glob versions prior to v9 are no longer supported
npm warn deprecated request@2.88.2: request has been deprecated, see https://github.com/request/request/issues/3142
npm warn deprecated jade@0.26.3: Jade has been renamed to pug, please install the latest version of pug instead of jade
npm warn deprecated tough-cookie@1.2.0: ReDoS vulnerability parsing Set-Cookie https://nodesecurity.io/advisories/130
npm warn deprecated istanbul@0.3.22: This module is no longer maintained, try this instead:
npm warn deprecated   npm i nyc
npm warn deprecated Visit https://istanbul.js.org/integrations for other alternatives.
npm warn deprecated istanbul@0.4.5: This module is no longer maintained, try this instead:
npm warn deprecated   npm i nyc
npm warn deprecated Visit https://istanbul.js.org/integrations for other alternatives.
npm warn deprecated react-tools@0.10.0: react-tools is deprecated. For more information, visit https://fb.me/react-tools-deprecated
npm warn deprecated core-js@1.2.7: core-js@<3.23.3 is no longer maintained and not recommended for usage due to the number of issues. Because of the V8 engine whims, feature detection in old core-js versions could cause a slowdown up to 100x even if nothing is polyfilled. Some versions have web compatibility issues. Please, upgrade your dependencies to the actual version of core-js.

added 673 packages in 51s
