{0} designate.tests.unit.backend.test_infoblox.BasicInfobloxBackendTestCase.test_get_or_create_dns_view_no_network_provided [0.013244s] ... ok
{14} designate.tests.unit.backend.test_infoblox.BasicInfobloxBackendTestCase.test_parse_wapi_url [0.016474s] ... ok
{12} designate.tests.unit.backend.test_infoblox.BasicInfobloxBackendTestCase.test_get_or_create_network_view_already_found [0.015731s] ... ok
{3} designate.tests.unit.backend.test_infoblox.BasicInfobloxBackendTestCase.test_delete_zone [0.015498s] ... ok
{8} designate.tests.unit.backend.test_infoblox.BasicInfobloxBackendTestCase.test_backend_with_invalid_master_port [0.005872s] ... ok
{7} designate.tests.unit.backend.test_infoblox.BasicInfobloxBackendTestCase.test_get_or_create_network_view [0.005722s] ... ok
{1} designate.tests.unit.backend.test_infoblox.BasicInfobloxBackendTestCase.test_backend_with_host [0.006051s] ... ok
{4} designate.tests.unit.backend.test_infoblox.BasicInfobloxBackendTestCase.test_get_or_create_dns_view [0.014192s] ... ok
{6} designate.tests.unit.backend.test_infoblox.BasicInfobloxBackendTestCase.test_get_network_view_no_result [0.013875s] ... ok
{5} designate.tests.unit.backend.test_infoblox.BasicInfobloxBackendTestCase.test_restart_if_needed_unable_to_restart [0.014963s] ... ok
{2} designate.tests.unit.backend.test_infoblox.BasicInfobloxBackendTestCase.test_backend_with_wapi_url [0.016410s] ... ok
{11} designate.tests.unit.backend.test_infoblox.BasicInfobloxBackendTestCase.test_create_zone_ptr [0.029711s] ... ok
{10} designate.tests.unit.backend.test_infoblox.AdvancedInfobloxBackendTestCase.test_delete_zone [0.016561s] ... ok
{9} designate.tests.unit.backend.test_infoblox.AdvancedInfobloxBackendTestCase.test_create_zone [0.021433s] ... ok
{16} designate.tests.unit.backend.test_infoblox.BasicInfobloxBackendTestCase.test_create_zone_no_dns_view [0.005300s] ... ok
{19} designate.tests.unit.backend.test_infoblox.BasicInfobloxBackendTestCase.test_create_zone_handle_error [0.005683s] ... ok
{13} designate.tests.unit.backend.test_infoblox.BasicInfobloxBackendTestCase.test_is_multi_project [0.006821s] ... ok
{20} designate.tests.unit.backend.test_infoblox.BasicInfobloxBackendTestCase.test_delete_zone_no_dns_view [0.005825s] ... ok
{23} designate.tests.unit.backend.test_infoblox.BasicInfobloxBackendTestCase.test_get_options [0.025167s] ... ok
{15} designate.tests.unit.backend.test_infoblox.BasicInfobloxBackendTestCase.test_create_zone [0.006305s] ... ok
{17} designate.tests.unit.backend.test_infoblox.BasicInfobloxBackendTestCase.test_delete_zone_handle_error [0.006109s] ... ok
{18} designate.tests.unit.backend.test_infoblox.BasicInfobloxBackendTestCase.test_no_library_installed [0.006566s] ... ok
{21} designate.tests.unit.backend.test_infoblox.BasicInfobloxBackendTestCase.test_get_or_create_network_view_not_found [0.005565s] ... ok
{22} designate.tests.unit.backend.test_infoblox.BasicInfobloxBackendTestCase.test_get_or_create_dns_view_already_found [0.040492s] ... ok
{25} designate.tests.unit.backend.test_infoblox.BasicInfobloxBackendTestCase.test_create_zone_ipv6_ptr [0.006001s] ... ok
{24} designate.tests.unit.backend.test_infoblox.BasicInfobloxBackendTestCase.test_get_or_create_dns_view_not_found [0.005447s] ... ok
{26} designate.tests.unit.backend.test_infoblox.BasicInfobloxBackendTestCase.test_get_network_view [0.005489s] ... ok

======
Totals
======
Ran: 27 tests in 0.4016 sec.
 - Passed: 27
 - Skipped: 0
 - Expected Fail: 0
 - Unexpected Success: 0
 - Failed: 0
Sum of execute time for each test: 0.3365 sec.

==============
Worker Balance
==============
 - Worker 0 (1 tests) => 0:00:00.013244
 - Worker 1 (1 tests) => 0:00:00.006051
 - Worker 2 (1 tests) => 0:00:00.016410
 - Worker 3 (1 tests) => 0:00:00.015498
 - Worker 4 (1 tests) => 0:00:00.014192
 - Worker 5 (1 tests) => 0:00:00.014963
 - Worker 6 (1 tests) => 0:00:00.013875
 - Worker 7 (1 tests) => 0:00:00.005722
 - Worker 8 (1 tests) => 0:00:00.005872
 - Worker 9 (1 tests) => 0:00:00.021433
 - Worker 10 (1 tests) => 0:00:00.016561
 - Worker 11 (1 tests) => 0:00:00.029711
 - Worker 12 (1 tests) => 0:00:00.015731
 - Worker 13 (1 tests) => 0:00:00.006821
 - Worker 14 (1 tests) => 0:00:00.016474
 - Worker 15 (1 tests) => 0:00:00.006305
 - Worker 16 (1 tests) => 0:00:00.005300
 - Worker 17 (1 tests) => 0:00:00.006109
 - Worker 18 (1 tests) => 0:00:00.006566
 - Worker 19 (1 tests) => 0:00:00.005683
 - Worker 20 (1 tests) => 0:00:00.005825
 - Worker 21 (1 tests) => 0:00:00.005565
 - Worker 22 (1 tests) => 0:00:00.040492
 - Worker 23 (1 tests) => 0:00:00.025167
 - Worker 24 (1 tests) => 0:00:00.005447
 - Worker 25 (1 tests) => 0:00:00.006001
 - Worker 26 (1 tests) => 0:00:00.005489
