mkdir: cannot create directory ‘/root’: Permission denied
Can not write to /root/.m2/copy_reference_file.log. Wrong volume permissions? Carrying on ...
[INFO] Scanning for projects...
[INFO] 
[INFO] ---------------------< com.password4j:password4j >----------------------
[INFO] Building Password4j 1.6.1-SNAPSHOT
[INFO]   from pom.xml
[INFO] --------------------------------[ jar ]---------------------------------
[INFO] 
[INFO] --- clean:3.2.0:clean (default-clean) @ password4j ---
[INFO] 
[INFO] --- jacoco:0.8.8:prepare-agent (default) @ password4j ---
[INFO] argLine set to -javaagent:/tmp/m2/repository/org/jacoco/org.jacoco.agent/0.8.8/org.jacoco.agent-0.8.8-runtime.jar=destfile=/workspace/target/jacoco.exec
[INFO] 
[INFO] --- resources:3.3.1:resources (default-resources) @ password4j ---
[INFO] skip non existing resourceDirectory /workspace/src/main/resources
[INFO] 
[INFO] --- compiler:3.10.1:compile (default-compile) @ password4j ---
[INFO] Changes detected - recompiling the module!
[INFO] Compiling 28 source files to /workspace/target/classes
[INFO] 
[INFO] --- resources:3.3.1:testResources (default-testResources) @ password4j ---
[INFO] Copying 1 resource from src/test/resources to target/test-classes
[INFO] 
[INFO] --- compiler:3.10.1:testCompile (default-testCompile) @ password4j ---
[INFO] Changes detected - recompiling the module!
[INFO] Compiling 15 source files to /workspace/target/test-classes
[INFO] 
[INFO] --- surefire:3.2.5:test (default-test) @ password4j ---
[INFO] Using auto detected provider org.apache.maven.surefire.junit4.JUnit4Provider
[INFO] 
[INFO] -------------------------------------------------------
[INFO]  T E S T S
[INFO] -------------------------------------------------------
[INFO] Running com.password4j.PropertyReaderTest
SLF4J: Failed to load class "org.slf4j.impl.StaticLoggerBinder".
SLF4J: Defaulting to no-operation (NOP) logger implementation
SLF4J: See http://www.slf4j.org/codes.html#StaticLoggerBinder for further details.
[INFO] Tests run: 9, Failures: 0, Errors: 0, Skipped: 0, Time elapsed: 0.093 s -- in com.password4j.PropertyReaderTest
[INFO] Running com.password4j.HashTest
[INFO] Tests run: 4, Failures: 0, Errors: 0, Skipped: 0, Time elapsed: 1.055 s -- in com.password4j.HashTest
[INFO] Running com.password4j.SaltGeneratorTest
[INFO] Tests run: 6, Failures: 0, Errors: 0, Skipped: 0, Time elapsed: 0.002 s -- in com.password4j.SaltGeneratorTest
[INFO] Running com.password4j.MessageDigestFunctionTest
[INFO] Tests run: 16, Failures: 0, Errors: 0, Skipped: 0, Time elapsed: 3.307 s -- in com.password4j.MessageDigestFunctionTest
[INFO] Running com.password4j.SystemCheckTest
[INFO] Tests run: 12, Failures: 0, Errors: 0, Skipped: 0, Time elapsed: 1.657 s -- in com.password4j.SystemCheckTest
[INFO] Running com.password4j.PasswordTest
true
[INFO] Tests run: 52, Failures: 0, Errors: 0, Skipped: 0, Time elapsed: 62.53 s -- in com.password4j.PasswordTest
[INFO] Running com.password4j.StringTest
[INFO] Tests run: 12, Failures: 0, Errors: 0, Skipped: 0, Time elapsed: 0.001 s -- in com.password4j.StringTest
[INFO] Running com.password4j.HashBuilderTest
[INFO] Tests run: 3, Failures: 0, Errors: 0, Skipped: 0, Time elapsed: 0.928 s -- in com.password4j.HashBuilderTest
[INFO] Running com.password4j.Argon2FunctionTest
[INFO] Tests run: 5, Failures: 0, Errors: 0, Skipped: 0, Time elapsed: 3.969 s -- in com.password4j.Argon2FunctionTest
[INFO] Running com.password4j.PBKDF2FunctionTest
[INFO] Tests run: 17, Failures: 0, Errors: 0, Skipped: 0, Time elapsed: 0.708 s -- in com.password4j.PBKDF2FunctionTest
[INFO] Running com.password4j.BcryptFunctionTest
[INFO] Tests run: 41, Failures: 0, Errors: 0, Skipped: 0, Time elapsed: 32.98 s -- in com.password4j.BcryptFunctionTest
[INFO] Running com.password4j.Blake2bTest
[INFO] Tests run: 4, Failures: 0, Errors: 0, Skipped: 0, Time elapsed: 0 s -- in com.password4j.Blake2bTest
[INFO] Running com.password4j.PepperGeneratorTest
[INFO] Tests run: 5, Failures: 0, Errors: 0, Skipped: 0, Time elapsed: 0 s -- in com.password4j.PepperGeneratorTest
[INFO] Running com.password4j.ScryptFunctionTest
[INFO] Tests run: 17, Failures: 0, Errors: 0, Skipped: 0, Time elapsed: 1.081 s -- in com.password4j.ScryptFunctionTest
[INFO] Running org.example.project.PublicPasswordTest
[INFO] Tests run: 3, Failures: 0, Errors: 0, Skipped: 0, Time elapsed: 13.15 s -- in org.example.project.PublicPasswordTest
[INFO] 
[INFO] Results:
[INFO] 
[INFO] Tests run: 206, Failures: 0, Errors: 0, Skipped: 0
[INFO] 
[INFO] 
[INFO] --- jacoco:0.8.8:report (report) @ password4j ---
[INFO] Loading execution data file /workspace/target/jacoco.exec
[INFO] Analyzed bundle 'Password4j' with 29 classes
[INFO] ------------------------------------------------------------------------
[INFO] BUILD SUCCESS
[INFO] ------------------------------------------------------------------------
[INFO] Total time:  02:04 min
[INFO] Finished at: 2026-08-24T03:28:40Z
[INFO] ------------------------------------------------------------------------
