mkdir: cannot create directory ‘/root’: Permission denied
Can not write to /root/.m2/copy_reference_file.log. Wrong volume permissions? Carrying on ...
[INFO] Scanning for projects...
[INFO] 
[INFO] -------------------< com.rabbitmq.jms:rabbitmq-jms >--------------------
[INFO] Building rabbitmq-jms 2.6.0-SNAPSHOT
[INFO]   from pom.xml
[INFO] --------------------------------[ jar ]---------------------------------
[INFO] 
[INFO] --- clean:3.2.0:clean (default-clean) @ rabbitmq-jms ---
[INFO] 
[INFO] --- resources:3.3.1:resources (default-resources) @ rabbitmq-jms ---
[INFO] skip non existing resourceDirectory /workspace/src/main/resources
[INFO] 
[INFO] --- compiler:3.10.1:compile (default-compile) @ rabbitmq-jms ---
[INFO] Changes detected - recompiling the module!
[INFO] Compiling 76 source files to /workspace/target/classes
[INFO] /workspace/src/main/java/com/rabbitmq/jms/admin/RMQConnectionFactory.java: /workspace/src/main/java/com/rabbitmq/jms/admin/RMQConnectionFactory.java uses unchecked or unsafe operations.
[INFO] /workspace/src/main/java/com/rabbitmq/jms/admin/RMQConnectionFactory.java: Recompile with -Xlint:unchecked for details.
[INFO] 
[INFO] --- resources:3.3.1:testResources (default-testResources) @ rabbitmq-jms ---
[INFO] Copying 1 resource from src/test/resources to target/test-classes
[INFO] 
[INFO] --- compiler:3.10.1:testCompile (default-testCompile) @ rabbitmq-jms ---
[INFO] Changes detected - recompiling the module!
[INFO] Compiling 82 source files to /workspace/target/test-classes
[INFO] /workspace/src/test/java/com/rabbitmq/jms/parse/sql/SqlTypeSetterVisitorTest.java: /workspace/src/test/java/com/rabbitmq/jms/parse/sql/SqlTypeSetterVisitorTest.java uses unchecked or unsafe operations.
[INFO] /workspace/src/test/java/com/rabbitmq/jms/parse/sql/SqlTypeSetterVisitorTest.java: Recompile with -Xlint:unchecked for details.
[INFO] 
[INFO] --- surefire:2.22.2:test (default-test) @ rabbitmq-jms ---
[INFO] 
[INFO] -------------------------------------------------------
[INFO]  T E S T S
[INFO] -------------------------------------------------------
[INFO] Running com.rabbitmq.jms.admin.RMQConnectionFactoryTest
03:25:49.347 [main] WARN  c.r.c.TrustEverythingTrustManager - SECURITY ALERT: this trust manager trusts every certificate, effectively disabling peer verification. This is convenient for local development but offers no protection against man-in-the-middle attacks. Please see https://www.rabbitmq.com/ssl.html to learn more about peer certificate verification.
03:25:49.352 [main] WARN  c.r.c.TrustEverythingTrustManager - SECURITY ALERT: this trust manager trusts every certificate, effectively disabling peer verification. This is convenient for local development but offers no protection against man-in-the-middle attacks. Please see https://www.rabbitmq.com/ssl.html to learn more about peer certificate verification.
03:25:49.362 [main] WARN  c.r.c.TrustEverythingTrustManager - SECURITY ALERT: this trust manager trusts every certificate, effectively disabling peer verification. This is convenient for local development but offers no protection against man-in-the-middle attacks. Please see https://www.rabbitmq.com/ssl.html to learn more about peer certificate verification.
03:25:49.363 [main] WARN  c.r.c.TrustEverythingTrustManager - SECURITY ALERT: this trust manager trusts every certificate, effectively disabling peer verification. This is convenient for local development but offers no protection against man-in-the-middle attacks. Please see https://www.rabbitmq.com/ssl.html to learn more about peer certificate verification.
[INFO] Tests run: 12, Failures: 0, Errors: 0, Skipped: 0, Time elapsed: 0.709 s - in com.rabbitmq.jms.admin.RMQConnectionFactoryTest
[INFO] Running com.rabbitmq.jms.admin.RMQDestinationTest
[INFO] Tests run: 5, Failures: 0, Errors: 0, Skipped: 0, Time elapsed: 0 s - in com.rabbitmq.jms.admin.RMQDestinationTest
[INFO] Running com.rabbitmq.jms.admin.RMQObjectFactoryTest
03:25:49.406 [main] WARN  c.r.jms.admin.RMQObjectFactory - Queue declare arguments are ignored for AMQP destinations
[INFO] Tests run: 14, Failures: 0, Errors: 0, Skipped: 0, Time elapsed: 0.006 s - in com.rabbitmq.jms.admin.RMQObjectFactoryTest
[INFO] Running com.rabbitmq.jms.util.TestAbortableHolder
[INFO] Tests run: 6, Failures: 0, Errors: 0, Skipped: 0, Time elapsed: 0.001 s - in com.rabbitmq.jms.util.TestAbortableHolder
[INFO] Running com.rabbitmq.jms.util.TestHexDisplay
[INFO] Tests run: 4, Failures: 0, Errors: 0, Skipped: 0, Time elapsed: 0.002 s - in com.rabbitmq.jms.util.TestHexDisplay
[INFO] Running com.rabbitmq.jms.util.TestTimeTracker
[INFO] Tests run: 2, Failures: 0, Errors: 0, Skipped: 0, Time elapsed: 0.602 s - in com.rabbitmq.jms.util.TestTimeTracker
[INFO] Running com.rabbitmq.jms.util.TestUriCodec
[INFO] Tests run: 10, Failures: 0, Errors: 0, Skipped: 0, Time elapsed: 0.011 s - in com.rabbitmq.jms.util.TestUriCodec
[INFO] Running com.rabbitmq.jms.util.TestWhiteListObjectSerialization
[INFO] Tests run: 5, Failures: 0, Errors: 0, Skipped: 0, Time elapsed: 0.017 s - in com.rabbitmq.jms.util.TestWhiteListObjectSerialization
[INFO] Running com.rabbitmq.jms.util.TestUtil
[INFO] Tests run: 2, Failures: 0, Errors: 0, Skipped: 0, Time elapsed: 0.015 s - in com.rabbitmq.jms.util.TestUtil
[INFO] Running com.rabbitmq.jms.parse.sql.SqlTypeSetterVisitorTest
[INFO] Tests run: 4, Failures: 0, Errors: 0, Skipped: 0, Time elapsed: 0.105 s - in com.rabbitmq.jms.parse.sql.SqlTypeSetterVisitorTest
[INFO] Running com.rabbitmq.jms.parse.sql.SqlProductionTest
[INFO] Tests run: 13, Failures: 0, Errors: 0, Skipped: 0, Time elapsed: 0.049 s - in com.rabbitmq.jms.parse.sql.SqlProductionTest
[INFO] Running com.rabbitmq.jms.parse.sql.SqlCompilerTest
[INFO] Tests run: 1, Failures: 0, Errors: 0, Skipped: 0, Time elapsed: 0.002 s - in com.rabbitmq.jms.parse.sql.SqlCompilerTest
[INFO] Running com.rabbitmq.jms.parse.sql.SqlCompilerVisitorTest
[INFO] Tests run: 4, Failures: 0, Errors: 0, Skipped: 0, Time elapsed: 0.001 s - in com.rabbitmq.jms.parse.sql.SqlCompilerVisitorTest
[INFO] Running com.rabbitmq.jms.parse.sql.SqlParserTest
[INFO] Tests run: 5, Failures: 0, Errors: 0, Skipped: 0, Time elapsed: 0.001 s - in com.rabbitmq.jms.parse.sql.SqlParserTest
[INFO] Running com.rabbitmq.jms.parse.sql.SqlTypeCheckerTest
[INFO] Tests run: 5, Failures: 0, Errors: 0, Skipped: 0, Time elapsed: 0.001 s - in com.rabbitmq.jms.parse.sql.SqlTypeCheckerTest
[INFO] Running com.rabbitmq.jms.parse.sql.SqlTokenStreamTest
[INFO] Tests run: 7, Failures: 0, Errors: 0, Skipped: 0, Time elapsed: 0.001 s - in com.rabbitmq.jms.parse.sql.SqlTokenStreamTest
[INFO] Running com.rabbitmq.jms.client.ForeignBytesMessageTest
[INFO] Tests run: 2, Failures: 0, Errors: 0, Skipped: 0, Time elapsed: 0.001 s - in com.rabbitmq.jms.client.ForeignBytesMessageTest
[INFO] Running com.rabbitmq.jms.client.message.TestMessages
[INFO] Tests run: 7, Failures: 0, Errors: 0, Skipped: 0, Time elapsed: 0.057 s - in com.rabbitmq.jms.client.message.TestMessages
[INFO] Running com.rabbitmq.jms.client.RMQMessageTest
[INFO] Tests run: 1, Failures: 0, Errors: 0, Skipped: 0, Time elapsed: 0 s - in com.rabbitmq.jms.client.RMQMessageTest
[INFO] Running com.rabbitmq.jms.client.PublisherConfirmsUtilsTest
[INFO] Tests run: 1, Failures: 0, Errors: 0, Skipped: 0, Time elapsed: 0.145 s - in com.rabbitmq.jms.client.PublisherConfirmsUtilsTest
[INFO] Running com.rabbitmq.jms.client.RMQMessageProducerTest
WARNING: Running test version of RJMS Client with no version information.
[INFO] Tests run: 4, Failures: 0, Errors: 0, Skipped: 0, Time elapsed: 0.121 s - in com.rabbitmq.jms.client.RMQMessageProducerTest
[INFO] 
[INFO] Results:
[INFO] 
[INFO] Tests run: 114, Failures: 0, Errors: 0, Skipped: 0
[INFO] 
[INFO] ------------------------------------------------------------------------
[INFO] BUILD SUCCESS
[INFO] ------------------------------------------------------------------------
[INFO] Total time:  7.067 s
[INFO] Finished at: 2026-08-24T03:25:50Z
[INFO] ------------------------------------------------------------------------
