{0} heat.tests.constraints.test_common_constraints.DNSDomainConstraintTest.test_validation [0.372982s] ... ok
{9} heat.tests.constraints.test_common_constraints.DNSNameConstraintTest.test_validation_error_hyphen [0.330711s] ... ok
/home/zhihao/hdd/marshal/benchmarks/cross-repo-pr-impact/results/single-case-pipeline-936100-936159-v1-2026-08-26/replay-work/formal-opendev-936100--target-936159/target-a0/.tox/py3/lib/python3.10/site-packages/oslo_i18n/_message.py:173: UserWarning: Failed to insert replacement values into translated message Invalid input for operation: %(error_message)s. (Original: 'Invalid input for operation: %(error_message)s.'): 'error_message'
  warnings.warn(msg % (translated_message, self.msgid, err))
/home/zhihao/hdd/marshal/benchmarks/cross-repo-pr-impact/results/single-case-pipeline-936100-936159-v1-2026-08-26/replay-work/formal-opendev-936100--target-936159/target-a0/.tox/py3/lib/python3.10/site-packages/oslo_i18n/_message.py:173: UserWarning: Failed to insert replacement values into translated message Invalid input for operation: %(error_message)s. (Original: 'Invalid input for operation: %(error_message)s.'): 'error_message'
  warnings.warn(msg % (translated_message, self.msgid, err))
{31} heat.tests.constraints.test_common_constraints.CRONExpressionConstraint.test_validation [0.286524s] ... ok
{5} heat.tests.constraints.test_common_constraints.CRONExpressionConstraint.test_validation_none [0.398553s] ... ok
{26} heat.tests.constraints.test_common_constraints.TestIPConstraint.test_invalidate_ipv6_format [0.338591s] ... ok
{16} heat.tests.constraints.test_common_constraints.TimezoneConstraintTest.test_validation_error [0.373519s] ... ok
{35} heat.tests.constraints.test_common_constraints.DNSDomainConstraintTest.test_validation_error_no_end_period [0.334669s] ... ok
{32} heat.tests.constraints.test_common_constraints.DNSNameConstraintTest.test_validation_error_special_char [0.331489s] ... ok
{40} heat.tests.constraints.test_common_constraints.TestIPCIDRConstraint.test_invalid_format [0.313507s] ... ok
{22} heat.tests.constraints.test_common_constraints.FIPDNSNameConstraintTest.test_validation_error_end_period [0.343624s] ... ok
{39} heat.tests.constraints.test_common_constraints.FIPDNSNameConstraintTest.test_validation [0.307465s] ... ok
{7} heat.tests.constraints.test_common_constraints.FIPDNSNameConstraintTest.test_validation_none [0.404017s] ... ok
{20} heat.tests.constraints.test_common_constraints.CRONExpressionConstraint.test_validation_columns_length_error [0.383764s] ... ok
{23} heat.tests.constraints.test_common_constraints.TestIPConstraint.test_invalidate_ipv4_format [0.361402s] ... ok
{21} heat.tests.constraints.test_common_constraints.TestISO8601Constraint.test_validate_datetime_format [0.358867s] ... ok
{13} heat.tests.constraints.test_common_constraints.TestIPConstraint.test_validate_ipv4_format [0.418005s] ... ok
{28} heat.tests.constraints.test_common_constraints.TestCIDRConstraint.test_valid_cidr_format [0.323657s] ... ok
{1} heat.tests.constraints.test_common_constraints.DNSNameConstraintTest.test_validation_error_tld_allnumeric [0.472242s] ... ok
{8} heat.tests.constraints.test_common_constraints.TimezoneConstraintTest.test_validation_none [0.418747s] ... ok
{2} heat.tests.constraints.test_common_constraints.DNSDomainConstraintTest.test_validation_none [0.305221s] ... ok
{15} heat.tests.constraints.test_common_constraints.TestMACConstraint.test_invalid_mac_format [0.395253s] ... ok
{12} heat.tests.constraints.test_common_constraints.ExpirationConstraintTest.test_validate_date_format [0.396254s] ... ok
{30} heat.tests.constraints.test_common_constraints.TestISO8601Constraint.test_validate_refuses_other_formats [0.336387s] ... ok
{11} heat.tests.constraints.test_common_constraints.CRONExpressionConstraint.test_validation_out_of_range_error [0.415081s] ... ok
{42} heat.tests.constraints.test_common_constraints.TimezoneConstraintTest.test_validation [0.299028s] ... ok
{19} heat.tests.constraints.test_common_constraints.DNSNameConstraintTest.test_validation_error_empty_component [0.373143s] ... ok
{18} heat.tests.constraints.test_common_constraints.ExpirationConstraintTest.test_validation_before_current_time [0.379387s] ... ok
{36} heat.tests.constraints.test_common_constraints.TestMACConstraint.test_valid_mac_format [0.318912s] ... ok
{34} heat.tests.constraints.test_common_constraints.ExpirationConstraintTest.test_validation_error [0.322649s] ... ok
{17} heat.tests.constraints.test_common_constraints.TestCIDRConstraint.test_validate [0.375354s] ... ok
{10} heat.tests.constraints.test_common_constraints.DNSNameConstraintTest.test_validation_none [0.439794s] ... ok
{6} heat.tests.constraints.test_common_constraints.TestIPCIDRConstraint.test_valid_format [0.405282s] ... ok
{38} heat.tests.constraints.test_common_constraints.TestIPCIDRConstraint.test_validate [0.312335s] ... ok
{33} heat.tests.constraints.test_common_constraints.JsonStringConstraintTest.test_validation_none [0.311809s] ... ok
{25} heat.tests.constraints.test_common_constraints.ExpirationConstraintTest.test_validation_none [0.354282s] ... ok
{24} heat.tests.constraints.test_common_constraints.TestISO8601Constraint.test_validate_datetime_format_with_utc_offset [0.339369s] ... ok
{37} heat.tests.constraints.test_common_constraints.JsonStringConstraintTest.test_validate_json [0.310153s] ... ok
{27} heat.tests.constraints.test_common_constraints.TestISO8601Constraint.test_validate_datetime_format_with_utc_offset_alternate [0.333589s] ... ok
{41} heat.tests.constraints.test_common_constraints.TestCIDRConstraint.test_invalid_cidr_format [0.296721s] ... ok
{29} heat.tests.constraints.test_common_constraints.TestISO8601Constraint.test_validate_date_format [0.327726s] ... ok
{3} heat.tests.constraints.test_common_constraints.TestIPConstraint.test_validate_ipv6_format [0.451528s] ... ok
{4} heat.tests.constraints.test_common_constraints.DNSNameConstraintTest.test_validation [0.439326s] ... ok
{14} heat.tests.constraints.test_common_constraints.JsonStringConstraintTest.test_validation_error [0.371748s] ... ok

======
Totals
======
Ran: 43 tests in 0.4769 sec.
 - Passed: 43
 - Skipped: 0
 - Expected Fail: 0
 - Unexpected Success: 0
 - Failed: 0
Sum of execute time for each test: 15.4827 sec.

==============
Worker Balance
==============
 - Worker 0 (1 tests) => 0:00:00.372982
 - Worker 1 (1 tests) => 0:00:00.472242
 - Worker 2 (1 tests) => 0:00:00.305221
 - Worker 3 (1 tests) => 0:00:00.451528
 - Worker 4 (1 tests) => 0:00:00.439326
 - Worker 5 (1 tests) => 0:00:00.398553
 - Worker 6 (1 tests) => 0:00:00.405282
 - Worker 7 (1 tests) => 0:00:00.404017
 - Worker 8 (1 tests) => 0:00:00.418747
 - Worker 9 (1 tests) => 0:00:00.330711
 - Worker 10 (1 tests) => 0:00:00.439794
 - Worker 11 (1 tests) => 0:00:00.415081
 - Worker 12 (1 tests) => 0:00:00.396254
 - Worker 13 (1 tests) => 0:00:00.418005
 - Worker 14 (1 tests) => 0:00:00.371748
 - Worker 15 (1 tests) => 0:00:00.395253
 - Worker 16 (1 tests) => 0:00:00.373519
 - Worker 17 (1 tests) => 0:00:00.375354
 - Worker 18 (1 tests) => 0:00:00.379387
 - Worker 19 (1 tests) => 0:00:00.373143
 - Worker 20 (1 tests) => 0:00:00.383764
 - Worker 21 (1 tests) => 0:00:00.358867
 - Worker 22 (1 tests) => 0:00:00.343624
 - Worker 23 (1 tests) => 0:00:00.361402
 - Worker 24 (1 tests) => 0:00:00.339369
 - Worker 25 (1 tests) => 0:00:00.354282
 - Worker 26 (1 tests) => 0:00:00.338591
 - Worker 27 (1 tests) => 0:00:00.333589
 - Worker 28 (1 tests) => 0:00:00.323657
 - Worker 29 (1 tests) => 0:00:00.327726
 - Worker 30 (1 tests) => 0:00:00.336387
 - Worker 31 (1 tests) => 0:00:00.286524
 - Worker 32 (1 tests) => 0:00:00.331489
 - Worker 33 (1 tests) => 0:00:00.311809
 - Worker 34 (1 tests) => 0:00:00.322649
 - Worker 35 (1 tests) => 0:00:00.334669
 - Worker 36 (1 tests) => 0:00:00.318912
 - Worker 37 (1 tests) => 0:00:00.310153
 - Worker 38 (1 tests) => 0:00:00.312335
 - Worker 39 (1 tests) => 0:00:00.307465
 - Worker 40 (1 tests) => 0:00:00.313507
 - Worker 41 (1 tests) => 0:00:00.296721
 - Worker 42 (1 tests) => 0:00:00.299028
