[INFO] Scanning for projects...
[INFO] 
[INFO] --------------------------< ai.elimu:webapp >---------------------------
[INFO] Building webapp 2.2.133-SNAPSHOT
[INFO]   from pom.xml
[INFO] --------------------------------[ war ]---------------------------------
[INFO] Artifact com.google.errorprone:error_prone_annotations:pom:2.2.0 is present in the local repository, but cached from a remote repository ID that is unavailable in current build context, verifying that is downloadable from [jitpack.io (https://jitpack.io, default, releases+snapshots), nl.siegmann.epublib repo (https://github.com/psiegman/mvn-repo/raw/master/releases, default, releases+snapshots), central (https://repo.maven.apache.org/maven2, default, releases), sonatype-nexus-snapshots (https://oss.sonatype.org/content/repositories/snapshots, default, snapshots)]
[INFO] Artifact com.google.errorprone:error_prone_annotations:pom:2.2.0 is present in the local repository, but cached from a remote repository ID that is unavailable in current build context, verifying that is downloadable from [jitpack.io (https://jitpack.io, default, releases+snapshots), nl.siegmann.epublib repo (https://github.com/psiegman/mvn-repo/raw/master/releases, default, releases+snapshots), central (https://repo.maven.apache.org/maven2, default, releases), sonatype-nexus-snapshots (https://oss.sonatype.org/content/repositories/snapshots, default, snapshots)]
[INFO] Artifact com.google.errorprone:error_prone_parent:pom:2.2.0 is present in the local repository, but cached from a remote repository ID that is unavailable in current build context, verifying that is downloadable from [jitpack.io (https://jitpack.io, default, releases+snapshots), nl.siegmann.epublib repo (https://github.com/psiegman/mvn-repo/raw/master/releases, default, releases+snapshots), central (https://repo.maven.apache.org/maven2, default, releases), sonatype-nexus-snapshots (https://oss.sonatype.org/content/repositories/snapshots, default, snapshots)]
[INFO] Artifact com.google.errorprone:error_prone_parent:pom:2.2.0 is present in the local repository, but cached from a remote repository ID that is unavailable in current build context, verifying that is downloadable from [jitpack.io (https://jitpack.io, default, releases+snapshots), nl.siegmann.epublib repo (https://github.com/psiegman/mvn-repo/raw/master/releases, default, releases+snapshots), central (https://repo.maven.apache.org/maven2, default, releases), sonatype-nexus-snapshots (https://oss.sonatype.org/content/repositories/snapshots, default, snapshots)]
[INFO] Artifact org.codehaus.mojo:animal-sniffer-annotations:pom:1.17 is present in the local repository, but cached from a remote repository ID that is unavailable in current build context, verifying that is downloadable from [jitpack.io (https://jitpack.io, default, releases+snapshots), nl.siegmann.epublib repo (https://github.com/psiegman/mvn-repo/raw/master/releases, default, releases+snapshots), central (https://repo.maven.apache.org/maven2, default, releases), sonatype-nexus-snapshots (https://oss.sonatype.org/content/repositories/snapshots, default, snapshots)]
[INFO] Artifact org.codehaus.mojo:animal-sniffer-annotations:pom:1.17 is present in the local repository, but cached from a remote repository ID that is unavailable in current build context, verifying that is downloadable from [jitpack.io (https://jitpack.io, default, releases+snapshots), nl.siegmann.epublib repo (https://github.com/psiegman/mvn-repo/raw/master/releases, default, releases+snapshots), central (https://repo.maven.apache.org/maven2, default, releases), sonatype-nexus-snapshots (https://oss.sonatype.org/content/repositories/snapshots, default, snapshots)]
[INFO] Artifact org.codehaus.mojo:animal-sniffer-parent:pom:1.17 is present in the local repository, but cached from a remote repository ID that is unavailable in current build context, verifying that is downloadable from [jitpack.io (https://jitpack.io, default, releases+snapshots), nl.siegmann.epublib repo (https://github.com/psiegman/mvn-repo/raw/master/releases, default, releases+snapshots), central (https://repo.maven.apache.org/maven2, default, releases), sonatype-nexus-snapshots (https://oss.sonatype.org/content/repositories/snapshots, default, snapshots)]
[INFO] Artifact org.codehaus.mojo:animal-sniffer-parent:pom:1.17 is present in the local repository, but cached from a remote repository ID that is unavailable in current build context, verifying that is downloadable from [jitpack.io (https://jitpack.io, default, releases+snapshots), nl.siegmann.epublib repo (https://github.com/psiegman/mvn-repo/raw/master/releases, default, releases+snapshots), central (https://repo.maven.apache.org/maven2, default, releases), sonatype-nexus-snapshots (https://oss.sonatype.org/content/repositories/snapshots, default, snapshots)]
[WARNING] The artifact org.hibernate:hibernate-validator:jar:6.1.7.Final has been relocated to org.hibernate.validator:hibernate-validator:jar:6.1.7.Final
[INFO] 
[INFO] --- dependency:3.7.0:tree (default-cli) @ webapp ---
[WARNING] The artifact org.hibernate:hibernate-validator:jar:6.1.7.Final has been relocated to org.hibernate.validator:hibernate-validator:jar:6.1.7.Final
[INFO] ai.elimu:webapp:war:2.2.133-SNAPSHOT
[INFO] +- org.apache.logging.log4j:log4j-api:jar:2.16.0:compile
[INFO] \- org.apache.logging.log4j:log4j-core:jar:2.16.0:compile
[INFO] ------------------------------------------------------------------------
[INFO] BUILD SUCCESS
[INFO] ------------------------------------------------------------------------
[INFO] Total time:  01:46 min
[INFO] Finished at: 2026-08-25T01:20:23+08:00
[INFO] ------------------------------------------------------------------------
