===== A0 source install exit=0 =====
Obtaining file:///home/zhihao/hdd/marshal/.work/root-rebuild-1000682-1000685/case-output/replay-work/formal-opendev-1000682--target-1000685/source-a0
  Installing build dependencies: started
  Installing build dependencies: finished with status 'done'
  Checking if build backend supports build_editable: started
  Checking if build backend supports build_editable: finished with status 'done'
  Getting requirements to build editable: started
  Getting requirements to build editable: finished with status 'done'
  Preparing editable metadata (pyproject.toml): started
  Preparing editable metadata (pyproject.toml): finished with status 'done'
Building wheels for collected packages: openstacksdk
  Building editable for openstacksdk (pyproject.toml): started
  Building editable for openstacksdk (pyproject.toml): finished with status 'done'
  Created wheel for openstacksdk: filename=openstacksdk-4.18.1.dev8-0.editable-py3-none-any.whl size=11716 sha256=3530a18fcbb974a788dc7dca40c80378c77f01ac96cb7a643def708f403bc24e
  Stored in directory: /home/zhihao/hdd/marshal/.work/root-rebuild-1000682-1000685/tmp/pip-ephem-wheel-cache-g3fvyb3m/wheels/81/55/be/e42879946d6b1afdbceb7b6d415884e09b959733ee6b5fea53
Successfully built openstacksdk
Installing collected packages: openstacksdk
  Attempting uninstall: openstacksdk
    Found existing installation: openstacksdk 4.18.0
    Uninstalling openstacksdk-4.18.0:
      Successfully uninstalled openstacksdk-4.18.0
Successfully installed openstacksdk-4.18.1.dev8

===== A1 source install exit=0 =====
Obtaining file:///home/zhihao/hdd/marshal/.work/root-rebuild-1000682-1000685/case-output/replay-work/formal-opendev-1000682--target-1000685/source-a1
  Installing build dependencies: started
  Installing build dependencies: finished with status 'done'
  Checking if build backend supports build_editable: started
  Checking if build backend supports build_editable: finished with status 'done'
  Getting requirements to build editable: started
  Getting requirements to build editable: finished with status 'done'
  Preparing editable metadata (pyproject.toml): started
  Preparing editable metadata (pyproject.toml): finished with status 'done'
Building wheels for collected packages: openstacksdk
  Building editable for openstacksdk (pyproject.toml): started
  Building editable for openstacksdk (pyproject.toml): finished with status 'done'
  Created wheel for openstacksdk: filename=openstacksdk-4.18.1.dev9-0.editable-py3-none-any.whl size=11718 sha256=0424e5f0ee70eb6fbd803fabbbff274ddb89fbaffb7205c081b2aea797abbec3
  Stored in directory: /home/zhihao/hdd/marshal/.work/root-rebuild-1000682-1000685/tmp/pip-ephem-wheel-cache-hia8zcgw/wheels/b1/af/59/42de5bde0daa90eea38e960314b102cb7b2ffa2254c3df8522
Successfully built openstacksdk
Installing collected packages: openstacksdk
  Attempting uninstall: openstacksdk
    Found existing installation: openstacksdk 4.18.1.dev8
    Uninstalling openstacksdk-4.18.1.dev8:
      Successfully uninstalled openstacksdk-4.18.1.dev8
Successfully installed openstacksdk-4.18.1.dev9

===== A2 source install exit=0 =====
Obtaining file:///home/zhihao/hdd/marshal/.work/root-rebuild-1000682-1000685/case-output/replay-work/formal-opendev-1000682--target-1000685/source-a1
  Installing build dependencies: started
  Installing build dependencies: finished with status 'done'
  Checking if build backend supports build_editable: started
  Checking if build backend supports build_editable: finished with status 'done'
  Getting requirements to build editable: started
  Getting requirements to build editable: finished with status 'done'
  Preparing editable metadata (pyproject.toml): started
  Preparing editable metadata (pyproject.toml): finished with status 'done'
Building wheels for collected packages: openstacksdk
  Building editable for openstacksdk (pyproject.toml): started
  Building editable for openstacksdk (pyproject.toml): finished with status 'done'
  Created wheel for openstacksdk: filename=openstacksdk-4.18.1.dev9-0.editable-py3-none-any.whl size=11718 sha256=cfa7b1cae568d0654bcc2e7e600d66f2f625e2a1e1eadd3c5bcc823e0b76e4f7
  Stored in directory: /home/zhihao/hdd/marshal/.work/root-rebuild-1000682-1000685/tmp/pip-ephem-wheel-cache-8a0bvfq1/wheels/b1/af/59/42de5bde0daa90eea38e960314b102cb7b2ffa2254c3df8522
Successfully built openstacksdk
Installing collected packages: openstacksdk
  Attempting uninstall: openstacksdk
    Found existing installation: openstacksdk 4.18.1.dev9
    Uninstalling openstacksdk-4.18.1.dev9:
      Successfully uninstalled openstacksdk-4.18.1.dev9
Successfully installed openstacksdk-4.18.1.dev9
