2026-08-27 03:51:57.514 3603295 INFO migrate.versioning.api [-] 0 -> 1... [00m
2026-08-27 03:51:57.518 3603294 INFO migrate.versioning.api [-] 0 -> 1... [00m
2026-08-27 03:51:57.519 3603295 INFO migrate.versioning.api [-] done[00m
2026-08-27 03:51:57.519 3603295 INFO migrate.versioning.api [-] 1 -> 2... [00m
2026-08-27 03:51:57.522 3603294 INFO migrate.versioning.api [-] done[00m
2026-08-27 03:51:57.522 3603294 INFO migrate.versioning.api [-] 1 -> 2... [00m
2026-08-27 03:51:57.526 3603295 INFO migrate.versioning.api [-] done[00m
2026-08-27 03:51:57.526 3603295 INFO migrate.versioning.api [-] 2 -> 3... [00m
2026-08-27 03:51:57.529 3603294 INFO migrate.versioning.api [-] done[00m
2026-08-27 03:51:57.529 3603294 INFO migrate.versioning.api [-] 2 -> 3... [00m
2026-08-27 03:51:57.539 3603293 INFO migrate.versioning.api [-] 0 -> 1... [00m
2026-08-27 03:51:57.544 3603293 INFO migrate.versioning.api [-] done[00m
2026-08-27 03:51:57.544 3603293 INFO migrate.versioning.api [-] 1 -> 2... [00m
2026-08-27 03:51:57.550 3603293 INFO migrate.versioning.api [-] done[00m
2026-08-27 03:51:57.550 3603293 INFO migrate.versioning.api [-] 2 -> 3... [00m
2026-08-27 03:51:57.544 3603295 INFO migrate.versioning.api [-] done[00m
2026-08-27 03:51:57.544 3603295 INFO migrate.versioning.api [-] 3 -> 4... [00m
2026-08-27 03:51:57.547 3603295 INFO migrate.versioning.api [-] done[00m
2026-08-27 03:51:57.547 3603295 INFO migrate.versioning.api [-] 4 -> 5... [00m
2026-08-27 03:51:57.560 3603295 INFO migrate.versioning.api [-] done[00m
2026-08-27 03:51:57.560 3603295 INFO migrate.versioning.api [-] 5 -> 6... [00m
2026-08-27 03:51:57.561 3603295 INFO masakari.engine.driver [-] Loading masakari notification driver 'taskflow_driver'[00m
2026-08-27 03:51:57.562 3603295 INFO migrate.versioning.api [-] done[00m
2026-08-27 03:51:57.563 3603295 INFO migrate.versioning.api [-] 6 -> 7... [00m
2026-08-27 03:51:57.568 3603295 INFO migrate.versioning.api [-] done[00m
2026-08-27 03:51:57.593 3603295 INFO masakari.db.sqlalchemy.api [req-c0f05602-9393-4c71-aaec-cb285d3d53e0 - - - - -] Purging deleted rows older than 20 day(s) from table notifications[00m
2026-08-27 03:51:57.595 3603295 INFO masakari.db.sqlalchemy.api [req-c0f05602-9393-4c71-aaec-cb285d3d53e0 - - - - -] Deleted 4 row(s) from table notifications[00m
2026-08-27 03:51:57.595 3603295 INFO masakari.db.sqlalchemy.api [req-c0f05602-9393-4c71-aaec-cb285d3d53e0 - - - - -] Purging deleted rows older than 20 day(s) from table hosts[00m
2026-08-27 03:51:57.596 3603295 INFO masakari.db.sqlalchemy.api [req-c0f05602-9393-4c71-aaec-cb285d3d53e0 - - - - -] Deleted 4 row(s) from table hosts[00m
2026-08-27 03:51:57.596 3603295 INFO masakari.db.sqlalchemy.api [req-c0f05602-9393-4c71-aaec-cb285d3d53e0 - - - - -] Purging deleted rows older than 20 day(s) from table failover_segments[00m
2026-08-27 03:51:57.597 3603295 INFO masakari.db.sqlalchemy.api [req-c0f05602-9393-4c71-aaec-cb285d3d53e0 - - - - -] Deleted 4 row(s) from table failover_segments[00m
2026-08-27 03:51:57.597 3603295 INFO masakari.db.sqlalchemy.api [req-c0f05602-9393-4c71-aaec-cb285d3d53e0 - - - - -] Total deleted rows are 12[00m
{2} masakari.tests.unit.db.test_purge.PurgeDeletedTest.test_purge_all_deleted_rows [0.119454s] ... FAILED

Captured traceback:
~~~~~~~~~~~~~~~~~~~
    Traceback (most recent call last):

      File "/home/zhihao/hdd/marshal/benchmarks/cross-repo-pr-impact/results/single-case-pipeline-788339-790216-v1-2026-08-27/replay-work/formal-opendev-788339--target-790216/target-a1/masakari/tests/unit/db/test_purge.py", line 141, in test_purge_all_deleted_rows
    self.notifications.count()).scalar()

    AttributeError: 'Table' object has no attribute 'count'

2026-08-27 03:51:57.569 3603293 INFO migrate.versioning.api [-] done[00m
2026-08-27 03:51:57.569 3603293 INFO migrate.versioning.api [-] 3 -> 4... [00m
2026-08-27 03:51:57.572 3603293 INFO migrate.versioning.api [-] done[00m
2026-08-27 03:51:57.572 3603293 INFO migrate.versioning.api [-] 4 -> 5... [00m
2026-08-27 03:51:57.585 3603293 INFO migrate.versioning.api [-] done[00m
2026-08-27 03:51:57.585 3603293 INFO migrate.versioning.api [-] 5 -> 6... [00m
2026-08-27 03:51:57.585 3603293 INFO masakari.engine.driver [-] Loading masakari notification driver 'taskflow_driver'[00m
2026-08-27 03:51:57.587 3603293 INFO migrate.versioning.api [-] done[00m
2026-08-27 03:51:57.587 3603293 INFO migrate.versioning.api [-] 6 -> 7... [00m
2026-08-27 03:51:57.592 3603293 INFO migrate.versioning.api [-] done[00m
2026-08-27 03:51:57.618 3603293 INFO masakari.db.sqlalchemy.api [req-7ed592f1-a6b6-445b-b7aa-4fc777b62922 - - - - -] Purging deleted rows older than 60 day(s) from table notifications[00m
2026-08-27 03:51:57.619 3603293 INFO masakari.db.sqlalchemy.api [req-7ed592f1-a6b6-445b-b7aa-4fc777b62922 - - - - -] Deleted 2 row(s) from table notifications[00m
2026-08-27 03:51:57.619 3603293 INFO masakari.db.sqlalchemy.api [req-7ed592f1-a6b6-445b-b7aa-4fc777b62922 - - - - -] Purging deleted rows older than 60 day(s) from table hosts[00m
2026-08-27 03:51:57.620 3603293 INFO masakari.db.sqlalchemy.api [req-7ed592f1-a6b6-445b-b7aa-4fc777b62922 - - - - -] Deleted 1 row(s) from table hosts[00m
2026-08-27 03:51:57.620 3603293 INFO masakari.db.sqlalchemy.api [req-7ed592f1-a6b6-445b-b7aa-4fc777b62922 - - - - -] Total deleted rows are 3[00m
{0} masakari.tests.unit.db.test_purge.PurgeDeletedTest.test_purge_maximum_rows_partial_deleted_records [0.117677s] ... FAILED

Captured traceback:
~~~~~~~~~~~~~~~~~~~
    Traceback (most recent call last):

      File "/home/zhihao/hdd/marshal/benchmarks/cross-repo-pr-impact/results/single-case-pipeline-788339-790216-v1-2026-08-27/replay-work/formal-opendev-788339--target-790216/target-a1/masakari/tests/unit/db/test_purge.py", line 157, in test_purge_maximum_rows_partial_deleted_records
    self.notifications.count()).scalar()

    AttributeError: 'Table' object has no attribute 'count'

2026-08-27 03:51:57.547 3603294 INFO migrate.versioning.api [-] done[00m
2026-08-27 03:51:57.547 3603294 INFO migrate.versioning.api [-] 3 -> 4... [00m
2026-08-27 03:51:57.550 3603294 INFO migrate.versioning.api [-] done[00m
2026-08-27 03:51:57.550 3603294 INFO migrate.versioning.api [-] 4 -> 5... [00m
2026-08-27 03:51:57.563 3603294 INFO migrate.versioning.api [-] done[00m
2026-08-27 03:51:57.563 3603294 INFO migrate.versioning.api [-] 5 -> 6... [00m
2026-08-27 03:51:57.563 3603294 INFO masakari.engine.driver [-] Loading masakari notification driver 'taskflow_driver'[00m
2026-08-27 03:51:57.564 3603294 INFO migrate.versioning.api [-] done[00m
2026-08-27 03:51:57.565 3603294 INFO migrate.versioning.api [-] 6 -> 7... [00m
2026-08-27 03:51:57.570 3603294 INFO migrate.versioning.api [-] done[00m
2026-08-27 03:51:57.595 3603294 INFO masakari.db.sqlalchemy.api [req-42e8fddd-ceeb-49c0-a0bb-50baf9d901a0 - - - - -] Purging deleted rows older than 30 day(s) from table notifications[00m
2026-08-27 03:51:57.597 3603294 INFO masakari.db.sqlalchemy.api [req-42e8fddd-ceeb-49c0-a0bb-50baf9d901a0 - - - - -] Deleted 2 row(s) from table notifications[00m
2026-08-27 03:51:57.597 3603294 INFO masakari.db.sqlalchemy.api [req-42e8fddd-ceeb-49c0-a0bb-50baf9d901a0 - - - - -] Purging deleted rows older than 30 day(s) from table hosts[00m
2026-08-27 03:51:57.598 3603294 INFO masakari.db.sqlalchemy.api [req-42e8fddd-ceeb-49c0-a0bb-50baf9d901a0 - - - - -] Deleted 2 row(s) from table hosts[00m
2026-08-27 03:51:57.598 3603294 INFO masakari.db.sqlalchemy.api [req-42e8fddd-ceeb-49c0-a0bb-50baf9d901a0 - - - - -] Purging deleted rows older than 30 day(s) from table failover_segments[00m
2026-08-27 03:51:57.599 3603294 INFO masakari.db.sqlalchemy.api [req-42e8fddd-ceeb-49c0-a0bb-50baf9d901a0 - - - - -] Deleted 2 row(s) from table failover_segments[00m
2026-08-27 03:51:57.599 3603294 INFO masakari.db.sqlalchemy.api [req-42e8fddd-ceeb-49c0-a0bb-50baf9d901a0 - - - - -] Total deleted rows are 6[00m
{1} masakari.tests.unit.db.test_purge.PurgeDeletedTest.test_purge_deleted_rows_old [0.116676s] ... FAILED

Captured traceback:
~~~~~~~~~~~~~~~~~~~
    Traceback (most recent call last):

      File "/home/zhihao/hdd/marshal/benchmarks/cross-repo-pr-impact/results/single-case-pipeline-788339-790216-v1-2026-08-27/replay-work/formal-opendev-788339--target-790216/target-a1/masakari/tests/unit/db/test_purge.py", line 127, in test_purge_deleted_rows_old
    self.notifications.count()).scalar()

    AttributeError: 'Table' object has no attribute 'count'

[93mReadline features including tab completion have been disabled because
no supported version of readline was found. To resolve this, install
pyreadline on Windows or gnureadline on Mac.

[39m
==============================
Failed 3 tests - output below:
==============================

masakari.tests.unit.db.test_purge.PurgeDeletedTest.test_purge_all_deleted_rows
------------------------------------------------------------------------------

Captured traceback:
~~~~~~~~~~~~~~~~~~~
    Traceback (most recent call last):

      File "/home/zhihao/hdd/marshal/benchmarks/cross-repo-pr-impact/results/single-case-pipeline-788339-790216-v1-2026-08-27/replay-work/formal-opendev-788339--target-790216/target-a1/masakari/tests/unit/db/test_purge.py", line 141, in test_purge_all_deleted_rows
    self.notifications.count()).scalar()

    AttributeError: 'Table' object has no attribute 'count'


masakari.tests.unit.db.test_purge.PurgeDeletedTest.test_purge_maximum_rows_partial_deleted_records
--------------------------------------------------------------------------------------------------

Captured traceback:
~~~~~~~~~~~~~~~~~~~
    Traceback (most recent call last):

      File "/home/zhihao/hdd/marshal/benchmarks/cross-repo-pr-impact/results/single-case-pipeline-788339-790216-v1-2026-08-27/replay-work/formal-opendev-788339--target-790216/target-a1/masakari/tests/unit/db/test_purge.py", line 157, in test_purge_maximum_rows_partial_deleted_records
    self.notifications.count()).scalar()

    AttributeError: 'Table' object has no attribute 'count'


masakari.tests.unit.db.test_purge.PurgeDeletedTest.test_purge_deleted_rows_old
------------------------------------------------------------------------------

Captured traceback:
~~~~~~~~~~~~~~~~~~~
    Traceback (most recent call last):

      File "/home/zhihao/hdd/marshal/benchmarks/cross-repo-pr-impact/results/single-case-pipeline-788339-790216-v1-2026-08-27/replay-work/formal-opendev-788339--target-790216/target-a1/masakari/tests/unit/db/test_purge.py", line 127, in test_purge_deleted_rows_old
    self.notifications.count()).scalar()

    AttributeError: 'Table' object has no attribute 'count'



======
Totals
======
Ran: 3 tests in 0.1433 sec.
 - Passed: 0
 - Skipped: 0
 - Expected Fail: 0
 - Unexpected Success: 0
 - Failed: 3
Sum of execute time for each test: 0.3538 sec.

==============
Worker Balance
==============
 - Worker 0 (1 tests) => 0:00:00.117677
 - Worker 1 (1 tests) => 0:00:00.116676
 - Worker 2 (1 tests) => 0:00:00.119454
