[INFO] Scanning for projects...
[INFO] Inspecting build with total of 1 modules...
[INFO] Installing Nexus Staging features:
[INFO]   ... total of 1 executions of maven-deploy-plugin replaced with nexus-staging-maven-plugin
[INFO] 
[INFO] ---------------------< net.sf.cssbox:jstyleparser >---------------------
[INFO] Building jStyleParser 4.0.1-SNAPSHOT
[INFO]   from pom.xml
[INFO] --------------------------------[ jar ]---------------------------------
[INFO] Downloading from central: https://repo.maven.apache.org/maven2/org/antlr/antlr4-maven-plugin/4.5.3/antlr4-maven-plugin-4.5.3.pom
[INFO] Downloaded from central: https://repo.maven.apache.org/maven2/org/antlr/antlr4-maven-plugin/4.5.3/antlr4-maven-plugin-4.5.3.pom (5.7 kB at 6.1 kB/s)
[INFO] Downloading from central: https://repo.maven.apache.org/maven2/org/antlr/antlr4-maven-plugin/4.5.3/antlr4-maven-plugin-4.5.3.jar
[INFO] Downloaded from central: https://repo.maven.apache.org/maven2/org/antlr/antlr4-maven-plugin/4.5.3/antlr4-maven-plugin-4.5.3.jar (23 kB at 52 kB/s)
[INFO] Downloading from central: https://repo.maven.apache.org/maven2/org/antlr/antlr4-runtime/4.9.3/antlr4-runtime-4.9.3.pom
[INFO] Downloaded from central: https://repo.maven.apache.org/maven2/org/antlr/antlr4-runtime/4.9.3/antlr4-runtime-4.9.3.pom (3.6 kB at 15 kB/s)
[INFO] Downloading from central: https://repo.maven.apache.org/maven2/org/antlr/antlr4-master/4.9.3/antlr4-master-4.9.3.pom
[INFO] Downloaded from central: https://repo.maven.apache.org/maven2/org/antlr/antlr4-master/4.9.3/antlr4-master-4.9.3.pom (4.4 kB at 17 kB/s)
[INFO] Downloading from central: https://repo.maven.apache.org/maven2/net/sourceforge/nekohtml/nekohtml/1.9.22/nekohtml-1.9.22.pom
[INFO] Downloaded from central: https://repo.maven.apache.org/maven2/net/sourceforge/nekohtml/nekohtml/1.9.22/nekohtml-1.9.22.pom (1.4 kB at 5.9 kB/s)
[INFO] Downloading from central: https://repo.maven.apache.org/maven2/xerces/xercesImpl/2.11.0/xercesImpl-2.11.0.pom
[INFO] Downloaded from central: https://repo.maven.apache.org/maven2/xerces/xercesImpl/2.11.0/xercesImpl-2.11.0.pom (3.4 kB at 12 kB/s)
[INFO] Downloading from central: https://repo.maven.apache.org/maven2/xerces/xercesImpl/2.12.0/xercesImpl-2.12.0.pom
[INFO] Downloaded from central: https://repo.maven.apache.org/maven2/xerces/xercesImpl/2.12.0/xercesImpl-2.12.0.pom (3.4 kB at 15 kB/s)
[INFO] Downloading from central: https://repo.maven.apache.org/maven2/org/antlr/antlr4-runtime/4.9.3/antlr4-runtime-4.9.3.jar
[INFO] Downloaded from central: https://repo.maven.apache.org/maven2/org/antlr/antlr4-runtime/4.9.3/antlr4-runtime-4.9.3.jar (337 kB at 340 kB/s)
[INFO] Downloading from central: https://repo.maven.apache.org/maven2/net/sourceforge/nekohtml/nekohtml/1.9.22/nekohtml-1.9.22.jar
[INFO] Downloading from central: https://repo.maven.apache.org/maven2/xerces/xercesImpl/2.12.0/xercesImpl-2.12.0.jar
[INFO] Downloaded from central: https://repo.maven.apache.org/maven2/net/sourceforge/nekohtml/nekohtml/1.9.22/nekohtml-1.9.22.jar (125 kB at 392 kB/s)
[INFO] Downloaded from central: https://repo.maven.apache.org/maven2/xerces/xercesImpl/2.12.0/xercesImpl-2.12.0.jar (1.4 MB at 348 kB/s)
[INFO] 
[INFO] --- enforcer:3.0.0-M2:enforce (enforce-maven) @ jstyleparser ---
[INFO] 
[INFO] --- resources:3.1.0:copy-resources (default) @ jstyleparser ---
[INFO] Using 'UTF-8' encoding to copy filtered resources.
[INFO] Copying 0 resource
[INFO] 
[INFO] --- antlr4:4.5.3:antlr4 (default) @ jstyleparser ---
[INFO] Downloading from central: https://repo.maven.apache.org/maven2/org/antlr/antlr4/4.5.3/antlr4-4.5.3.jar
[INFO] Downloaded from central: https://repo.maven.apache.org/maven2/org/antlr/antlr4/4.5.3/antlr4-4.5.3.jar (1.5 MB at 559 kB/s)
[INFO] ANTLR 4: Processing source directory /home/zhihao/hdd/antlr410-jstyle-a0/src/main/antlr4
[INFO] Processing grammar: cz/vutbr/web/csskit/antlr4/CSSLexer.g4
[INFO] Processing grammar: cz/vutbr/web/csskit/antlr4/CSSParser.g4
[INFO] 
[INFO] --- resources:3.1.0:resources (default-resources) @ jstyleparser ---
[INFO] Using 'UTF-8' encoding to copy filtered resources.
[INFO] Copying 1 resource
[INFO] 
[INFO] --- compiler:3.8.1:compile (default-compile) @ jstyleparser ---
[INFO] Changes detected - recompiling the module!
[INFO] Compiling 227 source files to /home/zhihao/hdd/antlr410-jstyle-a0/target/classes
[INFO] /home/zhihao/hdd/antlr410-jstyle-a0/src/main/java/cz/vutbr/web/csskit/RuleFactoryImpl.java: Some input files use or override a deprecated API.
[INFO] /home/zhihao/hdd/antlr410-jstyle-a0/src/main/java/cz/vutbr/web/csskit/RuleFactoryImpl.java: Recompile with -Xlint:deprecation for details.
[INFO] 
[INFO] --- resources:3.1.0:testResources (default-testResources) @ jstyleparser ---
[INFO] Using 'UTF-8' encoding to copy filtered resources.
[INFO] Copying 60 resources
[INFO] 
[INFO] --- compiler:3.8.1:testCompile (default-testCompile) @ jstyleparser ---
[INFO] Changes detected - recompiling the module!
[INFO] Compiling 44 source files to /home/zhihao/hdd/antlr410-jstyle-a0/target/test-classes
[INFO] /home/zhihao/hdd/antlr410-jstyle-a0/src/test/java/test/PseudoClassTest.java: Some input files use or override a deprecated API.
[INFO] /home/zhihao/hdd/antlr410-jstyle-a0/src/test/java/test/PseudoClassTest.java: Recompile with -Xlint:deprecation for details.
[INFO] 
[INFO] --- surefire:2.22.2:test (default-test) @ jstyleparser ---
[INFO] Downloading from central: https://repo.maven.apache.org/maven2/org/apache/maven/surefire/surefire-grouper/2.22.2/surefire-grouper-2.22.2.pom
[INFO] Downloaded from central: https://repo.maven.apache.org/maven2/org/apache/maven/surefire/surefire-grouper/2.22.2/surefire-grouper-2.22.2.pom (2.6 kB at 12 kB/s)
[INFO] Downloading from central: https://repo.maven.apache.org/maven2/org/apache/maven/surefire/surefire-junit47/2.22.2/surefire-junit47-2.22.2.jar
[INFO] Downloaded from central: https://repo.maven.apache.org/maven2/org/apache/maven/surefire/surefire-junit47/2.22.2/surefire-junit47-2.22.2.jar (160 kB at 287 kB/s)
[INFO] Downloading from central: https://repo.maven.apache.org/maven2/org/apache/maven/surefire/common-junit48/2.22.2/common-junit48-2.22.2.jar
[INFO] Downloading from central: https://repo.maven.apache.org/maven2/org/apache/maven/surefire/common-junit4/2.22.2/common-junit4-2.22.2.jar
[INFO] Downloading from central: https://repo.maven.apache.org/maven2/org/apache/maven/surefire/common-junit3/2.22.2/common-junit3-2.22.2.jar
[INFO] Downloading from central: https://repo.maven.apache.org/maven2/org/apache/maven/surefire/common-java5/2.22.2/common-java5-2.22.2.jar
[INFO] Downloading from central: https://repo.maven.apache.org/maven2/org/apache/maven/shared/maven-shared-utils/0.9/maven-shared-utils-0.9.jar
[INFO] Downloaded from central: https://repo.maven.apache.org/maven2/org/apache/maven/surefire/common-junit4/2.22.2/common-junit4-2.22.2.jar (28 kB at 123 kB/s)
[INFO] Downloading from central: https://repo.maven.apache.org/maven2/org/apache/maven/surefire/surefire-grouper/2.22.2/surefire-grouper-2.22.2.jar
[INFO] Downloaded from central: https://repo.maven.apache.org/maven2/org/apache/maven/surefire/common-junit48/2.22.2/common-junit48-2.22.2.jar (22 kB at 54 kB/s)
[INFO] Downloaded from central: https://repo.maven.apache.org/maven2/org/apache/maven/surefire/common-junit3/2.22.2/common-junit3-2.22.2.jar (12 kB at 19 kB/s)
[INFO] Downloaded from central: https://repo.maven.apache.org/maven2/org/apache/maven/surefire/surefire-grouper/2.22.2/surefire-grouper-2.22.2.jar (40 kB at 61 kB/s)
[INFO] Downloaded from central: https://repo.maven.apache.org/maven2/org/apache/maven/surefire/common-java5/2.22.2/common-java5-2.22.2.jar (51 kB at 33 kB/s)
[INFO] Downloaded from central: https://repo.maven.apache.org/maven2/org/apache/maven/shared/maven-shared-utils/0.9/maven-shared-utils-0.9.jar (172 kB at 84 kB/s)
[INFO] 
[INFO] -------------------------------------------------------
[INFO]  T E S T S
[INFO] -------------------------------------------------------
SLF4J: Failed to load class "org.slf4j.impl.StaticLoggerBinder".
SLF4J: Defaulting to no-operation (NOP) logger implementation
SLF4J: See http://www.slf4j.org/codes.html#StaticLoggerBinder for further details.
ANTLR Tool version 4.5.3 used for code generation does not match the current runtime version 4.9.3
ANTLR Tool version 4.5.3 used for code generation does not match the current runtime version 4.9.3
[INFO] Running test.AdvancedCSSTest
[INFO] Tests run: 3, Failures: 0, Errors: 0, Skipped: 0, Time elapsed: 0.009 s - in test.AdvancedCSSTest
[INFO] 
[INFO] Results:
[INFO] 
[INFO] Tests run: 3, Failures: 0, Errors: 0, Skipped: 0
[INFO] 
[INFO] ------------------------------------------------------------------------
[INFO] BUILD SUCCESS
[INFO] ------------------------------------------------------------------------
[INFO] Total time:  19.956 s
[INFO] Finished at: 2026-08-25T01:02:12+08:00
[INFO] ------------------------------------------------------------------------
