[INFO] Scanning for projects...
[INFO] Inspecting build with total of 1 modules...
[INFO] Installing Nexus Staging features:
[INFO]   ... total of 1 executions of maven-deploy-plugin replaced with nexus-staging-maven-plugin
[INFO] 
[INFO] ---------------------< net.sf.cssbox:jstyleparser >---------------------
[INFO] Building jStyleParser 4.0.1-SNAPSHOT
[INFO]   from pom.xml
[INFO] --------------------------------[ jar ]---------------------------------
[INFO] Downloading from central: https://repo.maven.apache.org/maven2/org/antlr/antlr4-maven-plugin/4.5.3/antlr4-maven-plugin-4.5.3.pom
[INFO] Downloaded from central: https://repo.maven.apache.org/maven2/org/antlr/antlr4-maven-plugin/4.5.3/antlr4-maven-plugin-4.5.3.pom (5.7 kB at 6.2 kB/s)
[INFO] Downloading from central: https://repo.maven.apache.org/maven2/org/antlr/antlr4-maven-plugin/4.5.3/antlr4-maven-plugin-4.5.3.jar
[INFO] Downloaded from central: https://repo.maven.apache.org/maven2/org/antlr/antlr4-maven-plugin/4.5.3/antlr4-maven-plugin-4.5.3.jar (23 kB at 44 kB/s)
[INFO] Downloading from central: https://repo.maven.apache.org/maven2/org/antlr/antlr4-runtime/4.10/antlr4-runtime-4.10.pom
[INFO] Downloaded from central: https://repo.maven.apache.org/maven2/org/antlr/antlr4-runtime/4.10/antlr4-runtime-4.10.pom (3.5 kB at 19 kB/s)
[INFO] Downloading from central: https://repo.maven.apache.org/maven2/org/antlr/antlr4-master/4.10/antlr4-master-4.10.pom
[INFO] Downloaded from central: https://repo.maven.apache.org/maven2/org/antlr/antlr4-master/4.10/antlr4-master-4.10.pom (4.4 kB at 20 kB/s)
[INFO] Downloading from central: https://repo.maven.apache.org/maven2/net/sourceforge/nekohtml/nekohtml/1.9.22/nekohtml-1.9.22.pom
[INFO] Downloaded from central: https://repo.maven.apache.org/maven2/net/sourceforge/nekohtml/nekohtml/1.9.22/nekohtml-1.9.22.pom (1.4 kB at 7.0 kB/s)
[INFO] Downloading from central: https://repo.maven.apache.org/maven2/xerces/xercesImpl/2.11.0/xercesImpl-2.11.0.pom
[INFO] Downloaded from central: https://repo.maven.apache.org/maven2/xerces/xercesImpl/2.11.0/xercesImpl-2.11.0.pom (3.4 kB at 18 kB/s)
[INFO] Downloading from central: https://repo.maven.apache.org/maven2/xerces/xercesImpl/2.12.0/xercesImpl-2.12.0.pom
[INFO] Downloaded from central: https://repo.maven.apache.org/maven2/xerces/xercesImpl/2.12.0/xercesImpl-2.12.0.pom (3.4 kB at 17 kB/s)
[INFO] Downloading from central: https://repo.maven.apache.org/maven2/org/antlr/antlr4-runtime/4.10/antlr4-runtime-4.10.jar
[INFO] Downloaded from central: https://repo.maven.apache.org/maven2/org/antlr/antlr4-runtime/4.10/antlr4-runtime-4.10.jar (322 kB at 269 kB/s)
[INFO] Downloading from central: https://repo.maven.apache.org/maven2/net/sourceforge/nekohtml/nekohtml/1.9.22/nekohtml-1.9.22.jar
[INFO] Downloading from central: https://repo.maven.apache.org/maven2/xerces/xercesImpl/2.12.0/xercesImpl-2.12.0.jar
[INFO] Downloaded from central: https://repo.maven.apache.org/maven2/net/sourceforge/nekohtml/nekohtml/1.9.22/nekohtml-1.9.22.jar (125 kB at 158 kB/s)
[INFO] Downloaded from central: https://repo.maven.apache.org/maven2/xerces/xercesImpl/2.12.0/xercesImpl-2.12.0.jar (1.4 MB at 533 kB/s)
[INFO] 
[INFO] --- enforcer:3.0.0-M2:enforce (enforce-maven) @ jstyleparser ---
[INFO] 
[INFO] --- resources:3.1.0:copy-resources (default) @ jstyleparser ---
[INFO] Using 'UTF-8' encoding to copy filtered resources.
[INFO] Copying 0 resource
[INFO] 
[INFO] --- antlr4:4.5.3:antlr4 (default) @ jstyleparser ---
[INFO] Downloading from central: https://repo.maven.apache.org/maven2/org/antlr/antlr4/4.5.3/antlr4-4.5.3.pom
[INFO] Downloaded from central: https://repo.maven.apache.org/maven2/org/antlr/antlr4/4.5.3/antlr4-4.5.3.pom (4.7 kB at 26 kB/s)
[INFO] Downloading from central: https://repo.maven.apache.org/maven2/org/antlr/antlr4/4.5.3/antlr4-4.5.3.jar
[INFO] Downloaded from central: https://repo.maven.apache.org/maven2/org/antlr/antlr4/4.5.3/antlr4-4.5.3.jar (1.5 MB at 655 kB/s)
[INFO] ANTLR 4: Processing source directory /home/zhihao/hdd/antlr410-jstyle-a1/src/main/antlr4
[INFO] Processing grammar: cz/vutbr/web/csskit/antlr4/CSSLexer.g4
[INFO] Processing grammar: cz/vutbr/web/csskit/antlr4/CSSParser.g4
[INFO] 
[INFO] --- resources:3.1.0:resources (default-resources) @ jstyleparser ---
[INFO] Using 'UTF-8' encoding to copy filtered resources.
[INFO] Copying 1 resource
[INFO] 
[INFO] --- compiler:3.8.1:compile (default-compile) @ jstyleparser ---
[INFO] Changes detected - recompiling the module!
[INFO] Compiling 227 source files to /home/zhihao/hdd/antlr410-jstyle-a1/target/classes
[INFO] /home/zhihao/hdd/antlr410-jstyle-a1/src/main/java/cz/vutbr/web/csskit/RuleImportImpl.java: Some input files use or override a deprecated API.
[INFO] /home/zhihao/hdd/antlr410-jstyle-a1/src/main/java/cz/vutbr/web/csskit/RuleImportImpl.java: Recompile with -Xlint:deprecation for details.
[INFO] 
[INFO] --- resources:3.1.0:testResources (default-testResources) @ jstyleparser ---
[INFO] Using 'UTF-8' encoding to copy filtered resources.
[INFO] Copying 60 resources
[INFO] 
[INFO] --- compiler:3.8.1:testCompile (default-testCompile) @ jstyleparser ---
[INFO] Changes detected - recompiling the module!
[INFO] Compiling 44 source files to /home/zhihao/hdd/antlr410-jstyle-a1/target/test-classes
[INFO] /home/zhihao/hdd/antlr410-jstyle-a1/src/test/java/test/ImportTest1.java: Some input files use or override a deprecated API.
[INFO] /home/zhihao/hdd/antlr410-jstyle-a1/src/test/java/test/ImportTest1.java: Recompile with -Xlint:deprecation for details.
[INFO] 
[INFO] --- surefire:2.22.2:test (default-test) @ jstyleparser ---
[INFO] Downloading from central: https://repo.maven.apache.org/maven2/org/apache/maven/surefire/surefire-junit47/2.22.2/surefire-junit47-2.22.2.pom
[INFO] Downloaded from central: https://repo.maven.apache.org/maven2/org/apache/maven/surefire/surefire-junit47/2.22.2/surefire-junit47-2.22.2.pom (6.3 kB at 31 kB/s)
[INFO] Downloading from central: https://repo.maven.apache.org/maven2/org/apache/maven/surefire/common-junit48/2.22.2/common-junit48-2.22.2.pom
[INFO] Downloaded from central: https://repo.maven.apache.org/maven2/org/apache/maven/surefire/common-junit48/2.22.2/common-junit48-2.22.2.pom (3.2 kB at 16 kB/s)
[INFO] Downloading from central: https://repo.maven.apache.org/maven2/org/apache/maven/surefire/common-junit4/2.22.2/common-junit4-2.22.2.pom
[INFO] Downloaded from central: https://repo.maven.apache.org/maven2/org/apache/maven/surefire/common-junit4/2.22.2/common-junit4-2.22.2.pom (2.1 kB at 10 kB/s)
[INFO] Downloading from central: https://repo.maven.apache.org/maven2/org/apache/maven/surefire/common-junit3/2.22.2/common-junit3-2.22.2.pom
[INFO] Downloaded from central: https://repo.maven.apache.org/maven2/org/apache/maven/surefire/common-junit3/2.22.2/common-junit3-2.22.2.pom (1.6 kB at 8.2 kB/s)
[INFO] Downloading from central: https://repo.maven.apache.org/maven2/org/apache/maven/surefire/common-java5/2.22.2/common-java5-2.22.2.pom
[INFO] Downloaded from central: https://repo.maven.apache.org/maven2/org/apache/maven/surefire/common-java5/2.22.2/common-java5-2.22.2.pom (2.7 kB at 12 kB/s)
[INFO] Downloading from central: https://repo.maven.apache.org/maven2/org/apache/maven/shared/maven-shared-utils/0.9/maven-shared-utils-0.9.pom
[INFO] Downloaded from central: https://repo.maven.apache.org/maven2/org/apache/maven/shared/maven-shared-utils/0.9/maven-shared-utils-0.9.pom (6.2 kB at 31 kB/s)
[INFO] Downloading from central: https://repo.maven.apache.org/maven2/org/apache/maven/surefire/surefire-grouper/2.22.2/surefire-grouper-2.22.2.pom
[INFO] Downloaded from central: https://repo.maven.apache.org/maven2/org/apache/maven/surefire/surefire-grouper/2.22.2/surefire-grouper-2.22.2.pom (2.6 kB at 6.7 kB/s)
[INFO] Downloading from central: https://repo.maven.apache.org/maven2/org/apache/maven/surefire/surefire-junit47/2.22.2/surefire-junit47-2.22.2.jar
[INFO] Downloaded from central: https://repo.maven.apache.org/maven2/org/apache/maven/surefire/surefire-junit47/2.22.2/surefire-junit47-2.22.2.jar (160 kB at 152 kB/s)
[INFO] Downloading from central: https://repo.maven.apache.org/maven2/org/apache/maven/surefire/common-junit48/2.22.2/common-junit48-2.22.2.jar
[INFO] Downloading from central: https://repo.maven.apache.org/maven2/org/apache/maven/surefire/common-junit4/2.22.2/common-junit4-2.22.2.jar
[INFO] Downloading from central: https://repo.maven.apache.org/maven2/org/apache/maven/surefire/common-junit3/2.22.2/common-junit3-2.22.2.jar
[INFO] Downloading from central: https://repo.maven.apache.org/maven2/org/apache/maven/surefire/common-java5/2.22.2/common-java5-2.22.2.jar
[INFO] Downloading from central: https://repo.maven.apache.org/maven2/org/apache/maven/shared/maven-shared-utils/0.9/maven-shared-utils-0.9.jar
[INFO] Downloaded from central: https://repo.maven.apache.org/maven2/org/apache/maven/surefire/common-junit3/2.22.2/common-junit3-2.22.2.jar (12 kB at 56 kB/s)
[INFO] Downloading from central: https://repo.maven.apache.org/maven2/org/apache/maven/surefire/surefire-grouper/2.22.2/surefire-grouper-2.22.2.jar
[INFO] Downloaded from central: https://repo.maven.apache.org/maven2/org/apache/maven/surefire/common-java5/2.22.2/common-java5-2.22.2.jar (51 kB at 120 kB/s)
[INFO] Downloaded from central: https://repo.maven.apache.org/maven2/org/apache/maven/surefire/common-junit48/2.22.2/common-junit48-2.22.2.jar (22 kB at 42 kB/s)
[INFO] Downloaded from central: https://repo.maven.apache.org/maven2/org/apache/maven/surefire/surefire-grouper/2.22.2/surefire-grouper-2.22.2.jar (40 kB at 64 kB/s)
[INFO] Downloaded from central: https://repo.maven.apache.org/maven2/org/apache/maven/surefire/common-junit4/2.22.2/common-junit4-2.22.2.jar (28 kB at 45 kB/s)
[INFO] Downloaded from central: https://repo.maven.apache.org/maven2/org/apache/maven/shared/maven-shared-utils/0.9/maven-shared-utils-0.9.jar (172 kB at 127 kB/s)
[INFO] 
[INFO] -------------------------------------------------------
[INFO]  T E S T S
[INFO] -------------------------------------------------------
SLF4J: Failed to load class "org.slf4j.impl.StaticLoggerBinder".
SLF4J: Defaulting to no-operation (NOP) logger implementation
SLF4J: See http://www.slf4j.org/codes.html#StaticLoggerBinder for further details.
ANTLR Tool version 4.5.3 used for code generation does not match the current runtime version 4.10
[INFO] Running test.AdvancedCSSTest
[ERROR] Tests run: 1, Failures: 0, Errors: 1, Skipped: 0, Time elapsed: 0.006 s <<< FAILURE! - in test.AdvancedCSSTest
[ERROR] test.AdvancedCSSTest  Time elapsed: 0.004 s  <<< ERROR!
java.lang.ExceptionInInitializerError
	at test.AdvancedCSSTest.init(AdvancedCSSTest.java:47)
Caused by: java.lang.UnsupportedOperationException: java.io.InvalidClassException: org.antlr.v4.runtime.atn.ATN; Could not deserialize ATN with version 3 (expected 4).
	at test.AdvancedCSSTest.init(AdvancedCSSTest.java:47)
Caused by: java.io.InvalidClassException: org.antlr.v4.runtime.atn.ATN; Could not deserialize ATN with version 3 (expected 4).
	at test.AdvancedCSSTest.init(AdvancedCSSTest.java:47)

[INFO] 
[INFO] Results:
[INFO] 
[ERROR] Errors: 
[ERROR]   AdvancedCSSTest.init:47 » ExceptionInInitializer
[INFO] 
[ERROR] Tests run: 1, Failures: 0, Errors: 1, Skipped: 0
[INFO] 
[INFO] ------------------------------------------------------------------------
[INFO] BUILD FAILURE
[INFO] ------------------------------------------------------------------------
[INFO] Total time:  20.082 s
[INFO] Finished at: 2026-08-25T01:02:12+08:00
[INFO] ------------------------------------------------------------------------
[ERROR] Failed to execute goal org.apache.maven.plugins:maven-surefire-plugin:2.22.2:test (default-test) on project jstyleparser: There are test failures.
[ERROR] 
[ERROR] Please refer to /home/zhihao/hdd/antlr410-jstyle-a1/target/surefire-reports for the individual test results.
[ERROR] Please refer to dump files (if any exist) [date].dump, [date]-jvmRun[N].dump and [date].dumpstream.
[ERROR] -> [Help 1]
[ERROR] 
[ERROR] To see the full stack trace of the errors, re-run Maven with the -e switch.
[ERROR] Re-run Maven using the -X switch to enable full debug logging.
[ERROR] 
[ERROR] For more information about the errors and possible solutions, please read the following articles:
[ERROR] [Help 1] http://cwiki.apache.org/confluence/display/MAVEN/MojoFailureException
