[INFO] Scanning for projects...
[INFO] Inspecting build with total of 1 modules...
[INFO] Installing Nexus Staging features:
[INFO]   ... total of 1 executions of maven-deploy-plugin replaced with nexus-staging-maven-plugin
[INFO] 
[INFO] ---------------------< net.sf.cssbox:jstyleparser >---------------------
[INFO] Building jStyleParser 4.0.1-SNAPSHOT
[INFO]   from pom.xml
[INFO] --------------------------------[ jar ]---------------------------------
[INFO] 
[INFO] --- enforcer:3.0.0-M2:enforce (enforce-maven) @ jstyleparser ---
[INFO] 
[INFO] --- resources:3.1.0:copy-resources (default) @ jstyleparser ---
[INFO] Using 'UTF-8' encoding to copy filtered resources.
[INFO] Copying 0 resource
[INFO] 
[INFO] --- antlr4:4.13.2:antlr4 (default) @ jstyleparser ---
[INFO] ANTLR 4: Processing source directory /home/zhihao/hdd/antlr410-jstyle-a2-min/src/main/antlr4
[INFO] Processing grammar: cz/vutbr/web/csskit/antlr4/CSSLexer.g4
[WARNING] warning(185): cz/vutbr/web/csskit/antlr4/CSSLexer.g4:519:58: Range G..` probably contains not implied characters [\]^_. Both bounds should be defined in lower or UPPER case
[WARNING] /home/zhihao/hdd/antlr410-jstyle-a2-min/cz/vutbr/web/csskit/antlr4/CSSLexer.g4 [519:58]: Range G..` probably contains not implied characters [\]^_. Both bounds should be defined in lower or UPPER case
[INFO] Processing grammar: cz/vutbr/web/csskit/antlr4/CSSParser.g4
[INFO] 
[INFO] --- resources:3.1.0:resources (default-resources) @ jstyleparser ---
[INFO] Using 'UTF-8' encoding to copy filtered resources.
[INFO] Copying 1 resource
[INFO] 
[INFO] --- compiler:3.8.1:compile (default-compile) @ jstyleparser ---
[INFO] Changes detected - recompiling the module!
[INFO] Compiling 227 source files to /home/zhihao/hdd/antlr410-jstyle-a2-min/target/classes
[INFO] /home/zhihao/hdd/antlr410-jstyle-a2-min/src/main/java/cz/vutbr/web/csskit/antlr4/CSSInputStream.java: Some input files use or override a deprecated API.
[INFO] /home/zhihao/hdd/antlr410-jstyle-a2-min/src/main/java/cz/vutbr/web/csskit/antlr4/CSSInputStream.java: Recompile with -Xlint:deprecation for details.
[INFO] 
[INFO] --- resources:3.1.0:testResources (default-testResources) @ jstyleparser ---
[INFO] Using 'UTF-8' encoding to copy filtered resources.
[INFO] Copying 60 resources
[INFO] 
[INFO] --- compiler:3.8.1:testCompile (default-testCompile) @ jstyleparser ---
[INFO] Changes detected - recompiling the module!
[INFO] Compiling 44 source files to /home/zhihao/hdd/antlr410-jstyle-a2-min/target/test-classes
[INFO] /home/zhihao/hdd/antlr410-jstyle-a2-min/src/test/java/test/DOMAssignDirectTest.java: Some input files use or override a deprecated API.
[INFO] /home/zhihao/hdd/antlr410-jstyle-a2-min/src/test/java/test/DOMAssignDirectTest.java: Recompile with -Xlint:deprecation for details.
[INFO] 
[INFO] --- surefire:2.22.2:test (default-test) @ jstyleparser ---
[INFO] 
[INFO] -------------------------------------------------------
[INFO]  T E S T S
[INFO] -------------------------------------------------------
SLF4J: Failed to load class "org.slf4j.impl.StaticLoggerBinder".
SLF4J: Defaulting to no-operation (NOP) logger implementation
SLF4J: See http://www.slf4j.org/codes.html#StaticLoggerBinder for further details.
ANTLR Tool version 4.13.2 used for code generation does not match the current runtime version 4.10
ANTLR Tool version 4.13.2 used for code generation does not match the current runtime version 4.10
[INFO] Running test.AdvancedCSSTest
[INFO] Tests run: 3, Failures: 0, Errors: 0, Skipped: 0, Time elapsed: 0.009 s - in test.AdvancedCSSTest
[INFO] 
[INFO] Results:
[INFO] 
[INFO] Tests run: 3, Failures: 0, Errors: 0, Skipped: 0
[INFO] 
[INFO] ------------------------------------------------------------------------
[INFO] BUILD SUCCESS
[INFO] ------------------------------------------------------------------------
[INFO] Total time:  6.417 s
[INFO] Finished at: 2026-08-25T01:02:59+08:00
[INFO] ------------------------------------------------------------------------
