[INFO] Scanning for projects...
[INFO] Inspecting build with total of 1 modules...
[INFO] Installing Nexus Staging features:
[INFO]   ... total of 1 executions of maven-deploy-plugin replaced with nexus-staging-maven-plugin
[INFO] 
[INFO] ---------------------< net.sf.cssbox:jstyleparser >---------------------
[INFO] Building jStyleParser 4.0.1-SNAPSHOT
[INFO]   from pom.xml
[INFO] --------------------------------[ jar ]---------------------------------
[INFO] Downloading from central: https://repo.maven.apache.org/maven2/org/antlr/antlr4-maven-plugin/4.13.2/antlr4-maven-plugin-4.13.2.pom
[INFO] Downloaded from central: https://repo.maven.apache.org/maven2/org/antlr/antlr4-maven-plugin/4.13.2/antlr4-maven-plugin-4.13.2.pom (5.9 kB at 3.5 kB/s)
[INFO] Downloading from central: https://repo.maven.apache.org/maven2/org/antlr/antlr4-master/4.13.2/antlr4-master-4.13.2.pom
[INFO] Downloaded from central: https://repo.maven.apache.org/maven2/org/antlr/antlr4-master/4.13.2/antlr4-master-4.13.2.pom (4.8 kB at 21 kB/s)
[INFO] Downloading from central: https://repo.maven.apache.org/maven2/org/antlr/antlr4-maven-plugin/4.13.2/antlr4-maven-plugin-4.13.2.jar
[INFO] Downloaded from central: https://repo.maven.apache.org/maven2/org/antlr/antlr4-maven-plugin/4.13.2/antlr4-maven-plugin-4.13.2.jar (30 kB at 119 kB/s)
[INFO] Downloading from central: https://repo.maven.apache.org/maven2/xerces/xercesImpl/2.11.0/xercesImpl-2.11.0.pom
[INFO] Downloaded from central: https://repo.maven.apache.org/maven2/xerces/xercesImpl/2.11.0/xercesImpl-2.11.0.pom (3.4 kB at 14 kB/s)
[INFO] Downloading from central: https://repo.maven.apache.org/maven2/xerces/xercesImpl/2.12.0/xercesImpl-2.12.0.pom
[INFO] Downloaded from central: https://repo.maven.apache.org/maven2/xerces/xercesImpl/2.12.0/xercesImpl-2.12.0.pom (3.4 kB at 14 kB/s)
[INFO] Downloading from central: https://repo.maven.apache.org/maven2/org/antlr/antlr4-runtime/4.10/antlr4-runtime-4.10.jar
[INFO] Downloaded from central: https://repo.maven.apache.org/maven2/org/antlr/antlr4-runtime/4.10/antlr4-runtime-4.10.jar (322 kB at 322 kB/s)
[INFO] Downloading from central: https://repo.maven.apache.org/maven2/net/sourceforge/nekohtml/nekohtml/1.9.22/nekohtml-1.9.22.jar
[INFO] Downloading from central: https://repo.maven.apache.org/maven2/xerces/xercesImpl/2.12.0/xercesImpl-2.12.0.jar
[INFO] Downloaded from central: https://repo.maven.apache.org/maven2/net/sourceforge/nekohtml/nekohtml/1.9.22/nekohtml-1.9.22.jar (125 kB at 108 kB/s)
[INFO] Downloaded from central: https://repo.maven.apache.org/maven2/xerces/xercesImpl/2.12.0/xercesImpl-2.12.0.jar (1.4 MB at 514 kB/s)
[INFO] 
[INFO] --- enforcer:3.0.0-M2:enforce (enforce-maven) @ jstyleparser ---
[INFO] 
[INFO] --- resources:3.1.0:copy-resources (default) @ jstyleparser ---
[INFO] Using 'UTF-8' encoding to copy filtered resources.
[INFO] Copying 0 resource
[INFO] 
[INFO] --- antlr4:4.13.2:antlr4 (default) @ jstyleparser ---
[INFO] Downloading from central: https://repo.maven.apache.org/maven2/org/codehaus/plexus/plexus-compiler-api/2.12.1/plexus-compiler-api-2.12.1.pom
[INFO] Downloaded from central: https://repo.maven.apache.org/maven2/org/codehaus/plexus/plexus-compiler-api/2.12.1/plexus-compiler-api-2.12.1.pom (1.1 kB at 4.2 kB/s)
[INFO] Downloading from central: https://repo.maven.apache.org/maven2/org/codehaus/plexus/plexus-compiler/2.12.1/plexus-compiler-2.12.1.pom
[INFO] Downloaded from central: https://repo.maven.apache.org/maven2/org/codehaus/plexus/plexus-compiler/2.12.1/plexus-compiler-2.12.1.pom (8.3 kB at 32 kB/s)
[INFO] Downloading from central: https://repo.maven.apache.org/maven2/org/antlr/antlr4/4.13.2/antlr4-4.13.2.pom
[INFO] Downloaded from central: https://repo.maven.apache.org/maven2/org/antlr/antlr4/4.13.2/antlr4-4.13.2.pom (7.6 kB at 33 kB/s)
[INFO] Downloading from central: https://repo.maven.apache.org/maven2/org/antlr/antlr4-runtime/4.13.2/antlr4-runtime-4.13.2.pom
[INFO] Downloaded from central: https://repo.maven.apache.org/maven2/org/antlr/antlr4-runtime/4.13.2/antlr4-runtime-4.13.2.pom (3.6 kB at 15 kB/s)
[INFO] Downloading from central: https://repo.maven.apache.org/maven2/org/abego/treelayout/org.abego.treelayout.core/1.0.3/org.abego.treelayout.core-1.0.3.pom
[INFO] Downloaded from central: https://repo.maven.apache.org/maven2/org/abego/treelayout/org.abego.treelayout.core/1.0.3/org.abego.treelayout.core-1.0.3.pom (5.2 kB at 6.1 kB/s)
[INFO] Downloading from central: https://repo.maven.apache.org/maven2/com/ibm/icu/icu4j/72.1/icu4j-72.1.pom
[INFO] Downloaded from central: https://repo.maven.apache.org/maven2/com/ibm/icu/icu4j/72.1/icu4j-72.1.pom (4.9 kB at 20 kB/s)
[INFO] Downloading from central: https://repo.maven.apache.org/maven2/org/codehaus/plexus/plexus-compiler-api/2.12.1/plexus-compiler-api-2.12.1.jar
[INFO] Downloaded from central: https://repo.maven.apache.org/maven2/org/codehaus/plexus/plexus-compiler-api/2.12.1/plexus-compiler-api-2.12.1.jar (27 kB at 40 kB/s)
[INFO] Downloading from central: https://repo.maven.apache.org/maven2/org/antlr/antlr4/4.13.2/antlr4-4.13.2.jar
[INFO] Downloading from central: https://repo.maven.apache.org/maven2/org/antlr/antlr4-runtime/4.13.2/antlr4-runtime-4.13.2.jar
[INFO] Downloading from central: https://repo.maven.apache.org/maven2/org/abego/treelayout/org.abego.treelayout.core/1.0.3/org.abego.treelayout.core-1.0.3.jar
[INFO] Downloading from central: https://repo.maven.apache.org/maven2/com/ibm/icu/icu4j/72.1/icu4j-72.1.jar
[INFO] Downloaded from central: https://repo.maven.apache.org/maven2/org/abego/treelayout/org.abego.treelayout.core/1.0.3/org.abego.treelayout.core-1.0.3.jar (27 kB at 41 kB/s)
[INFO] Downloaded from central: https://repo.maven.apache.org/maven2/org/antlr/antlr4/4.13.2/antlr4-4.13.2.jar (1.4 MB at 1.2 MB/s)
[INFO] Downloaded from central: https://repo.maven.apache.org/maven2/com/ibm/icu/icu4j/72.1/icu4j-72.1.jar (14 MB at 3.2 MB/s)
[INFO] Downloaded from central: https://repo.maven.apache.org/maven2/org/antlr/antlr4-runtime/4.13.2/antlr4-runtime-4.13.2.jar (326 kB at 53 kB/s)
[INFO] ANTLR 4: Processing source directory /home/zhihao/hdd/antlr410-jstyle-a2/src/main/antlr4
[INFO] Processing grammar: cz/vutbr/web/csskit/antlr4/CSSLexer.g4
[WARNING] warning(185): cz/vutbr/web/csskit/antlr4/CSSLexer.g4:519:58: Range G..` probably contains not implied characters [\]^_. Both bounds should be defined in lower or UPPER case
[WARNING] /home/zhihao/hdd/antlr410-jstyle-a2/cz/vutbr/web/csskit/antlr4/CSSLexer.g4 [519:58]: Range G..` probably contains not implied characters [\]^_. Both bounds should be defined in lower or UPPER case
[INFO] Processing grammar: cz/vutbr/web/csskit/antlr4/CSSParser.g4
[INFO] 
[INFO] --- resources:3.1.0:resources (default-resources) @ jstyleparser ---
[INFO] Using 'UTF-8' encoding to copy filtered resources.
[INFO] Copying 1 resource
[INFO] 
[INFO] --- compiler:3.13.0:compile (default-compile) @ jstyleparser ---
[INFO] Recompiling the module because of changed source code.
[INFO] Compiling 227 source files with javac [debug target 11] to target/classes
[INFO] /home/zhihao/hdd/antlr410-jstyle-a2/src/main/java/cz/vutbr/web/css/CSSFactory.java: Some input files use or override a deprecated API.
[INFO] /home/zhihao/hdd/antlr410-jstyle-a2/src/main/java/cz/vutbr/web/css/CSSFactory.java: Recompile with -Xlint:deprecation for details.
[INFO] 
[INFO] --- resources:3.1.0:testResources (default-testResources) @ jstyleparser ---
[INFO] Using 'UTF-8' encoding to copy filtered resources.
[INFO] Copying 60 resources
[INFO] 
[INFO] --- compiler:3.13.0:testCompile (default-testCompile) @ jstyleparser ---
[INFO] Recompiling the module because of changed dependency.
[INFO] Compiling 44 source files with javac [debug target 11] to target/test-classes
[INFO] /home/zhihao/hdd/antlr410-jstyle-a2/src/test/java/test/AnalyzerTest.java: Some input files use or override a deprecated API.
[INFO] /home/zhihao/hdd/antlr410-jstyle-a2/src/test/java/test/AnalyzerTest.java: Recompile with -Xlint:deprecation for details.
[INFO] 
[INFO] --- surefire:2.22.2:test (default-test) @ jstyleparser ---
[INFO] 
[INFO] -------------------------------------------------------
[INFO]  T E S T S
[INFO] -------------------------------------------------------
SLF4J: Failed to load class "org.slf4j.impl.StaticLoggerBinder".
SLF4J: Defaulting to no-operation (NOP) logger implementation
SLF4J: See http://www.slf4j.org/codes.html#StaticLoggerBinder for further details.
ANTLR Tool version 4.13.2 used for code generation does not match the current runtime version 4.10
ANTLR Tool version 4.13.2 used for code generation does not match the current runtime version 4.10
[INFO] Running test.AdvancedCSSTest
[INFO] Tests run: 3, Failures: 0, Errors: 0, Skipped: 0, Time elapsed: 0.009 s - in test.AdvancedCSSTest
[INFO] 
[INFO] Results:
[INFO] 
[INFO] Tests run: 3, Failures: 0, Errors: 0, Skipped: 0
[INFO] 
[INFO] ------------------------------------------------------------------------
[INFO] BUILD SUCCESS
[INFO] ------------------------------------------------------------------------
[INFO] Total time:  22.481 s
[INFO] Finished at: 2026-08-25T01:02:14+08:00
[INFO] ------------------------------------------------------------------------
