[INFO] Scanning for projects...
[INFO] Inspecting build with total of 1 modules...
[INFO] Installing Nexus Staging features:
[INFO]   ... total of 1 executions of maven-deploy-plugin replaced with nexus-staging-maven-plugin
[INFO] 
[INFO] ---------------------< net.sf.cssbox:jstyleparser >---------------------
[INFO] Building jStyleParser 4.0.1-SNAPSHOT
[INFO]   from pom.xml
[INFO] --------------------------------[ jar ]---------------------------------
[INFO] 
[INFO] --- clean:3.2.0:clean (default-clean) @ jstyleparser ---
[INFO] Deleting /home/zhihao/hdd/antlr410-jstyle-a1/target
[INFO] 
[INFO] --- enforcer:3.0.0-M2:enforce (enforce-maven) @ jstyleparser ---
[INFO] 
[INFO] --- resources:3.1.0:copy-resources (default) @ jstyleparser ---
[INFO] Using 'UTF-8' encoding to copy filtered resources.
[INFO] Copying 0 resource
[INFO] 
[INFO] --- antlr4:4.5.3:antlr4 (default) @ jstyleparser ---
[INFO] ANTLR 4: Processing source directory /home/zhihao/hdd/antlr410-jstyle-a1/src/main/antlr4
[INFO] Processing grammar: cz/vutbr/web/csskit/antlr4/CSSLexer.g4
[INFO] Processing grammar: cz/vutbr/web/csskit/antlr4/CSSParser.g4
[INFO] 
[INFO] --- resources:3.1.0:resources (default-resources) @ jstyleparser ---
[INFO] Using 'UTF-8' encoding to copy filtered resources.
[INFO] Copying 1 resource
[INFO] 
[INFO] --- compiler:3.8.1:compile (default-compile) @ jstyleparser ---
[INFO] Changes detected - recompiling the module!
[INFO] Compiling 227 source files to /home/zhihao/hdd/antlr410-jstyle-a1/target/classes
[INFO] /home/zhihao/hdd/antlr410-jstyle-a1/src/main/java/cz/vutbr/web/csskit/RuleImportImpl.java: Some input files use or override a deprecated API.
[INFO] /home/zhihao/hdd/antlr410-jstyle-a1/src/main/java/cz/vutbr/web/csskit/RuleImportImpl.java: Recompile with -Xlint:deprecation for details.
[INFO] 
[INFO] --- resources:3.1.0:testResources (default-testResources) @ jstyleparser ---
[INFO] Using 'UTF-8' encoding to copy filtered resources.
[INFO] Copying 60 resources
[INFO] 
[INFO] --- compiler:3.8.1:testCompile (default-testCompile) @ jstyleparser ---
[INFO] Changes detected - recompiling the module!
[INFO] Compiling 44 source files to /home/zhihao/hdd/antlr410-jstyle-a1/target/test-classes
[INFO] /home/zhihao/hdd/antlr410-jstyle-a1/src/test/java/test/ImportTest1.java: Some input files use or override a deprecated API.
[INFO] /home/zhihao/hdd/antlr410-jstyle-a1/src/test/java/test/ImportTest1.java: Recompile with -Xlint:deprecation for details.
[INFO] 
[INFO] --- surefire:2.22.2:test (default-test) @ jstyleparser ---
[INFO] 
[INFO] -------------------------------------------------------
[INFO]  T E S T S
[INFO] -------------------------------------------------------
SLF4J: Failed to load class "org.slf4j.impl.StaticLoggerBinder".
SLF4J: Defaulting to no-operation (NOP) logger implementation
SLF4J: See http://www.slf4j.org/codes.html#StaticLoggerBinder for further details.
[INFO] Running test.DOMAssignDirectTest
ANTLR Tool version 4.5.3 used for code generation does not match the current runtime version 4.10
[ERROR] Tests run: 12, Failures: 0, Errors: 12, Skipped: 0, Time elapsed: 0.118 s <<< FAILURE! - in test.DOMAssignDirectTest
[ERROR] incompleteNthChild(test.DOMAssignDirectTest)  Time elapsed: 0.063 s  <<< ERROR!
java.lang.ExceptionInInitializerError
	at test.DOMAssignDirectTest.incompleteNthChild(DOMAssignDirectTest.java:313)
Caused by: java.lang.UnsupportedOperationException: java.io.InvalidClassException: org.antlr.v4.runtime.atn.ATN; Could not deserialize ATN with version 3 (expected 4).
	at test.DOMAssignDirectTest.incompleteNthChild(DOMAssignDirectTest.java:313)
Caused by: java.io.InvalidClassException: org.antlr.v4.runtime.atn.ATN; Could not deserialize ATN with version 3 (expected 4).
	at test.DOMAssignDirectTest.incompleteNthChild(DOMAssignDirectTest.java:313)

[ERROR] emptyStringAttributeSelector(test.DOMAssignDirectTest)  Time elapsed: 0.001 s  <<< ERROR!
java.lang.NoClassDefFoundError: Could not initialize class cz.vutbr.web.csskit.antlr4.CSSLexer
	at test.DOMAssignDirectTest.emptyStringAttributeSelector(DOMAssignDirectTest.java:260)

[ERROR] respectSpecifiedOrder(test.DOMAssignDirectTest)  Time elapsed: 0 s  <<< ERROR!
java.lang.NoClassDefFoundError: Could not initialize class cz.vutbr.web.csskit.antlr4.CSSLexer
	at test.DOMAssignDirectTest.respectSpecifiedOrder(DOMAssignDirectTest.java:338)

[ERROR] combinators(test.DOMAssignDirectTest)  Time elapsed: 0.028 s  <<< ERROR!
java.lang.NoClassDefFoundError: Could not initialize class cz.vutbr.web.csskit.antlr4.CSSLexer
	at test.DOMAssignDirectTest.combinators(DOMAssignDirectTest.java:155)

[ERROR] lineHeight(test.DOMAssignDirectTest)  Time elapsed: 0.002 s  <<< ERROR!
java.lang.NoClassDefFoundError: Could not initialize class cz.vutbr.web.csskit.antlr4.CSSLexer
	at test.DOMAssignDirectTest.lineHeight(DOMAssignDirectTest.java:204)

[ERROR] basic(test.DOMAssignDirectTest)  Time elapsed: 0.002 s  <<< ERROR!
java.lang.NoClassDefFoundError: Could not initialize class cz.vutbr.web.csskit.antlr4.CSSLexer
	at test.DOMAssignDirectTest.basic(DOMAssignDirectTest.java:54)

[ERROR] spaceSeparatedAttributeSelector(test.DOMAssignDirectTest)  Time elapsed: 0.001 s  <<< ERROR!
java.lang.NoClassDefFoundError: Could not initialize class cz.vutbr.web.csskit.antlr4.CSSLexer
	at test.DOMAssignDirectTest.spaceSeparatedAttributeSelector(DOMAssignDirectTest.java:231)

[ERROR] initialValueSpecifiedValueConflict(test.DOMAssignDirectTest)  Time elapsed: 0.001 s  <<< ERROR!
java.lang.NoClassDefFoundError: Could not initialize class cz.vutbr.web.csskit.antlr4.CSSLexer
	at test.DOMAssignDirectTest.initialValueSpecifiedValueConflict(DOMAssignDirectTest.java:285)

[ERROR] structureSelectors(test.DOMAssignDirectTest)  Time elapsed: 0.003 s  <<< ERROR!
java.lang.NoClassDefFoundError: Could not initialize class cz.vutbr.web.csskit.antlr4.CSSLexer
	at test.DOMAssignDirectTest.structureSelectors(DOMAssignDirectTest.java:82)

[ERROR] linkedStyleTest(test.DOMAssignDirectTest)  Time elapsed: 0.002 s  <<< ERROR!
java.lang.NoClassDefFoundError: Could not initialize class cz.vutbr.web.csskit.antlr4.CSSLexer
	at test.DOMAssignDirectTest.linkedStyleTest(DOMAssignDirectTest.java:40)

[ERROR] indexSelectors(test.DOMAssignDirectTest)  Time elapsed: 0.002 s  <<< ERROR!
java.lang.NoClassDefFoundError: Could not initialize class cz.vutbr.web.csskit.antlr4.CSSLexer
	at test.DOMAssignDirectTest.indexSelectors(DOMAssignDirectTest.java:115)

[ERROR] inherit(test.DOMAssignDirectTest)  Time elapsed: 0.001 s  <<< ERROR!
java.lang.NoClassDefFoundError: Could not initialize class cz.vutbr.web.csskit.antlr4.CSSLexer
	at test.DOMAssignDirectTest.inherit(DOMAssignDirectTest.java:176)

[INFO] Running test.UAConformancyTest
[ERROR] Tests run: 1, Failures: 0, Errors: 1, Skipped: 0, Time elapsed: 0.001 s <<< FAILURE! - in test.UAConformancyTest
[ERROR] test.UAConformancyTest  Time elapsed: 0.001 s  <<< ERROR!
java.lang.NoClassDefFoundError: Could not initialize class cz.vutbr.web.csskit.antlr4.CSSLexer
	at test.UAConformancyTest.init(UAConformancyTest.java:42)

[INFO] Running test.GradientTest
[ERROR] Tests run: 6, Failures: 0, Errors: 6, Skipped: 0, Time elapsed: 0.002 s <<< FAILURE! - in test.GradientTest
[ERROR] testGradientAngles(test.GradientTest)  Time elapsed: 0 s  <<< ERROR!
java.lang.NoClassDefFoundError: Could not initialize class cz.vutbr.web.csskit.antlr4.CSSLexer
	at test.GradientTest.testGradientAngles(GradientTest.java:149)

[ERROR] testMultipleGradients(test.GradientTest)  Time elapsed: 0 s  <<< ERROR!
java.lang.NoClassDefFoundError: Could not initialize class cz.vutbr.web.csskit.antlr4.CSSLexer
	at test.GradientTest.testMultipleGradients(GradientTest.java:229)

[ERROR] testSampleGradients(test.GradientTest)  Time elapsed: 0 s  <<< ERROR!
java.lang.NoClassDefFoundError: Could not initialize class cz.vutbr.web.csskit.antlr4.CSSLexer
	at test.GradientTest.testSampleGradients(GradientTest.java:255)

[ERROR] testSimpleGradients(test.GradientTest)  Time elapsed: 0.001 s  <<< ERROR!
java.lang.NoClassDefFoundError: Could not initialize class cz.vutbr.web.csskit.antlr4.CSSLexer
	at test.GradientTest.testSimpleGradients(GradientTest.java:68)

[ERROR] testGradientDirections(test.GradientTest)  Time elapsed: 0 s  <<< ERROR!
java.lang.NoClassDefFoundError: Could not initialize class cz.vutbr.web.csskit.antlr4.CSSLexer
	at test.GradientTest.testGradientDirections(GradientTest.java:104)

[ERROR] testGradientColorStops(test.GradientTest)  Time elapsed: 0 s  <<< ERROR!
java.lang.NoClassDefFoundError: Could not initialize class cz.vutbr.web.csskit.antlr4.CSSLexer
	at test.GradientTest.testGradientColorStops(GradientTest.java:182)

[INFO] Running test.OutputTest
[ERROR] Tests run: 2, Failures: 0, Errors: 2, Skipped: 0, Time elapsed: 0 s <<< FAILURE! - in test.OutputTest
[ERROR] testEscapeAsterisk(test.OutputTest)  Time elapsed: 0 s  <<< ERROR!
java.lang.NoClassDefFoundError: Could not initialize class cz.vutbr.web.csskit.antlr4.CSSLexer
	at test.OutputTest.testEscapeAsterisk(OutputTest.java:54)

[ERROR] testNumericFuncArg(test.OutputTest)  Time elapsed: 0 s  <<< ERROR!
java.lang.NoClassDefFoundError: Could not initialize class cz.vutbr.web.csskit.antlr4.CSSLexer
	at test.OutputTest.testNumericFuncArg(OutputTest.java:43)

[INFO] Running test.AnimationTest
[ERROR] Tests run: 1, Failures: 0, Errors: 1, Skipped: 0, Time elapsed: 0 s <<< FAILURE! - in test.AnimationTest
[ERROR] test(test.AnimationTest)  Time elapsed: 0 s  <<< ERROR!
java.lang.NoClassDefFoundError: Could not initialize class cz.vutbr.web.csskit.antlr4.CSSLexer
	at test.AnimationTest.test(AnimationTest.java:306)

[INFO] Running test.CollectionSpeedTest
[WARNING] Tests run: 1, Failures: 0, Errors: 0, Skipped: 1, Time elapsed: 0 s - in test.CollectionSpeedTest
[INFO] Running test.SimpleTest
[ERROR] Tests run: 19, Failures: 0, Errors: 19, Skipped: 0, Time elapsed: 0.004 s <<< FAILURE! - in test.SimpleTest
[ERROR] testCharsets(test.SimpleTest)  Time elapsed: 0 s  <<< ERROR!
java.lang.NoClassDefFoundError: Could not initialize class cz.vutbr.web.csskit.antlr4.CSSLexer
	at test.SimpleTest.testCharsets(SimpleTest.java:132)

[ERROR] testHSLFunction1(test.SimpleTest)  Time elapsed: 0 s  <<< ERROR!
java.lang.NoClassDefFoundError: Could not initialize class cz.vutbr.web.csskit.antlr4.CSSLexer
	at test.SimpleTest.testHSLFunction1(SimpleTest.java:232)

[ERROR] testRGBAFunction1(test.SimpleTest)  Time elapsed: 0 s  <<< ERROR!
java.lang.NoClassDefFoundError: Could not initialize class cz.vutbr.web.csskit.antlr4.CSSLexer
	at test.SimpleTest.testRGBAFunction1(SimpleTest.java:251)

[ERROR] testInvalidPseudoSelector1(test.SimpleTest)  Time elapsed: 0.001 s  <<< ERROR!
java.lang.NoClassDefFoundError: Could not initialize class cz.vutbr.web.csskit.antlr4.CSSLexer
	at test.SimpleTest.testInvalidPseudoSelector1(SimpleTest.java:425)

[ERROR] testInvalidPseudoSelector2(test.SimpleTest)  Time elapsed: 0 s  <<< ERROR!
java.lang.NoClassDefFoundError: Could not initialize class cz.vutbr.web.csskit.antlr4.CSSLexer
	at test.SimpleTest.testInvalidPseudoSelector2(SimpleTest.java:432)

[ERROR] testURI1(test.SimpleTest)  Time elapsed: 0 s  <<< ERROR!
java.lang.NoClassDefFoundError: Could not initialize class cz.vutbr.web.csskit.antlr4.CSSLexer
	at test.SimpleTest.testURI1(SimpleTest.java:341)

[ERROR] testUnit(test.SimpleTest)  Time elapsed: 0 s  <<< ERROR!
java.lang.NoClassDefFoundError: Could not initialize class cz.vutbr.web.csskit.antlr4.CSSLexer
	at test.SimpleTest.testUnit(SimpleTest.java:325)

[ERROR] testHashColor1(test.SimpleTest)  Time elapsed: 0 s  <<< ERROR!
java.lang.NoClassDefFoundError: Could not initialize class cz.vutbr.web.csskit.antlr4.CSSLexer
	at test.SimpleTest.testHashColor1(SimpleTest.java:289)

[ERROR] testHashColor2(test.SimpleTest)  Time elapsed: 0.001 s  <<< ERROR!
java.lang.NoClassDefFoundError: Could not initialize class cz.vutbr.web.csskit.antlr4.CSSLexer
	at test.SimpleTest.testHashColor2(SimpleTest.java:308)

[ERROR] testBracketedIdent(test.SimpleTest)  Time elapsed: 0 s  <<< ERROR!
java.lang.NoClassDefFoundError: Could not initialize class cz.vutbr.web.csskit.antlr4.CSSLexer
	at test.SimpleTest.testBracketedIdent(SimpleTest.java:357)

[ERROR] testIntegerZIndex(test.SimpleTest)  Time elapsed: 0 s  <<< ERROR!
java.lang.NoClassDefFoundError: Could not initialize class cz.vutbr.web.csskit.antlr4.CSSLexer
	at test.SimpleTest.testIntegerZIndex(SimpleTest.java:409)

[ERROR] testBracketedIdents(test.SimpleTest)  Time elapsed: 0 s  <<< ERROR!
java.lang.NoClassDefFoundError: Could not initialize class cz.vutbr.web.csskit.antlr4.CSSLexer
	at test.SimpleTest.testBracketedIdents(SimpleTest.java:375)

[ERROR] testRGBFunctionInvalid(test.SimpleTest)  Time elapsed: 0 s  <<< ERROR!
java.lang.NoClassDefFoundError: Could not initialize class cz.vutbr.web.csskit.antlr4.CSSLexer
	at test.SimpleTest.testRGBFunctionInvalid(SimpleTest.java:215)

[ERROR] testRGBFunction1(test.SimpleTest)  Time elapsed: 0.001 s  <<< ERROR!
java.lang.NoClassDefFoundError: Could not initialize class cz.vutbr.web.csskit.antlr4.CSSLexer
	at test.SimpleTest.testRGBFunction1(SimpleTest.java:178)

[ERROR] testRGBFunction2(test.SimpleTest)  Time elapsed: 0 s  <<< ERROR!
java.lang.NoClassDefFoundError: Could not initialize class cz.vutbr.web.csskit.antlr4.CSSLexer
	at test.SimpleTest.testRGBFunction2(SimpleTest.java:197)

[ERROR] testPositiveNumber1(test.SimpleTest)  Time elapsed: 0 s  <<< ERROR!
java.lang.NoClassDefFoundError: Could not initialize class cz.vutbr.web.csskit.antlr4.CSSLexer
	at test.SimpleTest.testPositiveNumber1(SimpleTest.java:392)

[ERROR] testString1(test.SimpleTest)  Time elapsed: 0 s  <<< ERROR!
java.lang.NoClassDefFoundError: Could not initialize class cz.vutbr.web.csskit.antlr4.CSSLexer
	at test.SimpleTest.testString1(SimpleTest.java:156)

[ERROR] testString2(test.SimpleTest)  Time elapsed: 0 s  <<< ERROR!
java.lang.NoClassDefFoundError: Could not initialize class cz.vutbr.web.csskit.antlr4.CSSLexer
	at test.SimpleTest.testString2(SimpleTest.java:334)

[ERROR] testHSLAFunction1(test.SimpleTest)  Time elapsed: 0 s  <<< ERROR!
java.lang.NoClassDefFoundError: Could not initialize class cz.vutbr.web.csskit.antlr4.CSSLexer
	at test.SimpleTest.testHSLAFunction1(SimpleTest.java:270)

[INFO] Running test.DecoderTest
[ERROR] Tests run: 2, Failures: 0, Errors: 2, Skipped: 0, Time elapsed: 0 s <<< FAILURE! - in test.DecoderTest
[ERROR] boxShadow(test.DecoderTest)  Time elapsed: 0 s  <<< ERROR!
java.lang.NoClassDefFoundError: Could not initialize class cz.vutbr.web.csskit.antlr4.CSSLexer
	at test.DecoderTest.boxShadow(DecoderTest.java:124)

[ERROR] backgrounds(test.DecoderTest)  Time elapsed: 0 s  <<< ERROR!
java.lang.NoClassDefFoundError: Could not initialize class cz.vutbr.web.csskit.antlr4.CSSLexer
	at test.DecoderTest.backgrounds(DecoderTest.java:55)

[INFO] Running test.BoxShadowTest
[ERROR] Tests run: 1, Failures: 0, Errors: 1, Skipped: 0, Time elapsed: 0 s <<< FAILURE! - in test.BoxShadowTest
[ERROR] test(test.BoxShadowTest)  Time elapsed: 0 s  <<< ERROR!
java.lang.NoClassDefFoundError: Could not initialize class cz.vutbr.web.csskit.antlr4.CSSLexer
	at test.BoxShadowTest.test(BoxShadowTest.java:170)

[INFO] Running test.GrammarRecovery2Test
[ERROR] Tests run: 11, Failures: 0, Errors: 11, Skipped: 0, Time elapsed: 0.001 s <<< FAILURE! - in test.GrammarRecovery2Test
[ERROR] ruleWithNoSelector(test.GrammarRecovery2Test)  Time elapsed: 0 s  <<< ERROR!
java.lang.NoClassDefFoundError: Could not initialize class cz.vutbr.web.csskit.antlr4.CSSLexer
	at test.GrammarRecovery2Test.ruleWithNoSelector(GrammarRecovery2Test.java:160)

[ERROR] invalidDirective(test.GrammarRecovery2Test)  Time elapsed: 0 s  <<< ERROR!
java.lang.NoClassDefFoundError: Could not initialize class cz.vutbr.web.csskit.antlr4.CSSLexer
	at test.GrammarRecovery2Test.invalidDirective(GrammarRecovery2Test.java:104)

[ERROR] invalidSelectorSyntax(test.GrammarRecovery2Test)  Time elapsed: 0 s  <<< ERROR!
java.lang.NoClassDefFoundError: Could not initialize class cz.vutbr.web.csskit.antlr4.CSSLexer
	at test.GrammarRecovery2Test.invalidSelectorSyntax(GrammarRecovery2Test.java:135)

[ERROR] invalidCharacterInValue(test.GrammarRecovery2Test)  Time elapsed: 0 s  <<< ERROR!
java.lang.NoClassDefFoundError: Could not initialize class cz.vutbr.web.csskit.antlr4.CSSLexer
	at test.GrammarRecovery2Test.invalidCharacterInValue(GrammarRecovery2Test.java:152)

[ERROR] invalidSelector(test.GrammarRecovery2Test)  Time elapsed: 0 s  <<< ERROR!
java.lang.NoClassDefFoundError: Could not initialize class cz.vutbr.web.csskit.antlr4.CSSLexer
	at test.GrammarRecovery2Test.invalidSelector(GrammarRecovery2Test.java:113)

[ERROR] invalidTokensAmongDeclarations(test.GrammarRecovery2Test)  Time elapsed: 0 s  <<< ERROR!
java.lang.NoClassDefFoundError: Could not initialize class cz.vutbr.web.csskit.antlr4.CSSLexer
	at test.GrammarRecovery2Test.invalidTokensAmongDeclarations(GrammarRecovery2Test.java:142)

[ERROR] invalidCharColon(test.GrammarRecovery2Test)  Time elapsed: 0 s  <<< ERROR!
java.lang.NoClassDefFoundError: Could not initialize class cz.vutbr.web.csskit.antlr4.CSSLexer
	at test.GrammarRecovery2Test.invalidCharColon(GrammarRecovery2Test.java:86)

[ERROR] invalidCharAsterisk(test.GrammarRecovery2Test)  Time elapsed: 0 s  <<< ERROR!
java.lang.NoClassDefFoundError: Could not initialize class cz.vutbr.web.csskit.antlr4.CSSLexer
	at test.GrammarRecovery2Test.invalidCharAsterisk(GrammarRecovery2Test.java:95)

[ERROR] vendorSpecificDash(test.GrammarRecovery2Test)  Time elapsed: 0 s  <<< ERROR!
java.lang.NoClassDefFoundError: Could not initialize class cz.vutbr.web.csskit.antlr4.CSSLexer
	at test.GrammarRecovery2Test.vendorSpecificDash(GrammarRecovery2Test.java:77)

[ERROR] vendorSpecificUnderscore(test.GrammarRecovery2Test)  Time elapsed: 0 s  <<< ERROR!
java.lang.NoClassDefFoundError: Could not initialize class cz.vutbr.web.csskit.antlr4.CSSLexer
	at test.GrammarRecovery2Test.vendorSpecificUnderscore(GrammarRecovery2Test.java:68)

[ERROR] invalidSelectorMedia(test.GrammarRecovery2Test)  Time elapsed: 0 s  <<< ERROR!
java.lang.NoClassDefFoundError: Could not initialize class cz.vutbr.web.csskit.antlr4.CSSLexer
	at test.GrammarRecovery2Test.invalidSelectorMedia(GrammarRecovery2Test.java:124)

[INFO] Running test.FunctionsTest
[ERROR] Tests run: 14, Failures: 0, Errors: 14, Skipped: 0, Time elapsed: 0.003 s <<< FAILURE! - in test.FunctionsTest
[ERROR] contentInvalid(test.FunctionsTest)  Time elapsed: 0 s  <<< ERROR!
java.lang.NoClassDefFoundError: Could not initialize class cz.vutbr.web.csskit.antlr4.CSSLexer
	at test.FunctionsTest.contentInvalid(FunctionsTest.java:789)

[ERROR] gradientValid(test.FunctionsTest)  Time elapsed: 0 s  <<< ERROR!
java.lang.NoClassDefFoundError: Could not initialize class cz.vutbr.web.csskit.antlr4.CSSLexer
	at test.FunctionsTest.gradientValid(FunctionsTest.java:469)

[ERROR] transformValid(test.FunctionsTest)  Time elapsed: 0 s  <<< ERROR!
java.lang.NoClassDefFoundError: Could not initialize class cz.vutbr.web.csskit.antlr4.CSSLexer
	at test.FunctionsTest.transformValid(FunctionsTest.java:326)

[ERROR] calcInvalid(test.FunctionsTest)  Time elapsed: 0 s  <<< ERROR!
java.lang.NoClassDefFoundError: Could not initialize class cz.vutbr.web.csskit.antlr4.CSSLexer
	at test.FunctionsTest.calcInvalid(FunctionsTest.java:316)

[ERROR] filterValid(test.FunctionsTest)  Time elapsed: 0 s  <<< ERROR!
java.lang.NoClassDefFoundError: Could not initialize class cz.vutbr.web.csskit.antlr4.CSSLexer
	at test.FunctionsTest.filterValid(FunctionsTest.java:670)

[ERROR] negativeArgument(test.FunctionsTest)  Time elapsed: 0 s  <<< ERROR!
java.lang.NoClassDefFoundError: Could not initialize class cz.vutbr.web.csskit.antlr4.CSSLexer
	at test.FunctionsTest.negativeArgument(FunctionsTest.java:252)

[ERROR] rectFunctions(test.FunctionsTest)  Time elapsed: 0 s  <<< ERROR!
java.lang.NoClassDefFoundError: Could not initialize class cz.vutbr.web.csskit.antlr4.CSSLexer
	at test.FunctionsTest.rectFunctions(FunctionsTest.java:262)

[ERROR] transformInvalid(test.FunctionsTest)  Time elapsed: 0 s  <<< ERROR!
java.lang.NoClassDefFoundError: Could not initialize class cz.vutbr.web.csskit.antlr4.CSSLexer
	at test.FunctionsTest.transformInvalid(FunctionsTest.java:458)

[ERROR] gradientInvalid(test.FunctionsTest)  Time elapsed: 0 s  <<< ERROR!
java.lang.NoClassDefFoundError: Could not initialize class cz.vutbr.web.csskit.antlr4.CSSLexer
	at test.FunctionsTest.gradientInvalid(FunctionsTest.java:659)

[ERROR] contentValid(test.FunctionsTest)  Time elapsed: 0 s  <<< ERROR!
java.lang.NoClassDefFoundError: Could not initialize class cz.vutbr.web.csskit.antlr4.CSSLexer
	at test.FunctionsTest.contentValid(FunctionsTest.java:738)

[ERROR] calcLengths(test.FunctionsTest)  Time elapsed: 0 s  <<< ERROR!
java.lang.NoClassDefFoundError: Could not initialize class cz.vutbr.web.csskit.antlr4.CSSLexer
	at test.FunctionsTest.calcLengths(FunctionsTest.java:287)

[ERROR] vendorSpecificFunctions(test.FunctionsTest)  Time elapsed: 0 s  <<< ERROR!
java.lang.NoClassDefFoundError: Could not initialize class cz.vutbr.web.csskit.antlr4.CSSLexer
	at test.FunctionsTest.vendorSpecificFunctions(FunctionsTest.java:241)

[ERROR] calcAngles(test.FunctionsTest)  Time elapsed: 0.001 s  <<< ERROR!
java.lang.NoClassDefFoundError: Could not initialize class cz.vutbr.web.csskit.antlr4.CSSLexer
	at test.FunctionsTest.calcAngles(FunctionsTest.java:302)

[ERROR] vendorSpecificUnderscore(test.FunctionsTest)  Time elapsed: 0 s  <<< ERROR!
java.lang.NoClassDefFoundError: Could not initialize class cz.vutbr.web.csskit.antlr4.CSSLexer
	at test.FunctionsTest.vendorSpecificUnderscore(FunctionsTest.java:231)

[INFO] Running test.TransitionTest
[ERROR] Tests run: 1, Failures: 0, Errors: 1, Skipped: 0, Time elapsed: 0 s <<< FAILURE! - in test.TransitionTest
[ERROR] test(test.TransitionTest)  Time elapsed: 0 s  <<< ERROR!
java.lang.NoClassDefFoundError: Could not initialize class cz.vutbr.web.csskit.antlr4.CSSLexer
	at test.TransitionTest.test(TransitionTest.java:174)

[INFO] Running test.SelectorTest
[ERROR] Tests run: 17, Failures: 0, Errors: 17, Skipped: 0, Time elapsed: 0.001 s <<< FAILURE! - in test.SelectorTest
[ERROR] testPSpecial(test.SelectorTest)  Time elapsed: 0 s  <<< ERROR!
java.lang.NoClassDefFoundError: Could not initialize class cz.vutbr.web.csskit.antlr4.CSSLexer
	at test.SelectorTest.testPSpecial(SelectorTest.java:336)

[ERROR] testDescendant(test.SelectorTest)  Time elapsed: 0 s  <<< ERROR!
java.lang.NoClassDefFoundError: Could not initialize class cz.vutbr.web.csskit.antlr4.CSSLexer
	at test.SelectorTest.testDescendant(SelectorTest.java:87)

[ERROR] testInvalidID(test.SelectorTest)  Time elapsed: 0 s  <<< ERROR!
java.lang.NoClassDefFoundError: Could not initialize class cz.vutbr.web.csskit.antlr4.CSSLexer
	at test.SelectorTest.testInvalidID(SelectorTest.java:219)

[ERROR] testChild(test.SelectorTest)  Time elapsed: 0 s  <<< ERROR!
java.lang.NoClassDefFoundError: Could not initialize class cz.vutbr.web.csskit.antlr4.CSSLexer
	at test.SelectorTest.testChild(SelectorTest.java:150)

[ERROR] testClass(test.SelectorTest)  Time elapsed: 0 s  <<< ERROR!
java.lang.NoClassDefFoundError: Could not initialize class cz.vutbr.web.csskit.antlr4.CSSLexer
	at test.SelectorTest.testClass(SelectorTest.java:178)

[ERROR] testID(test.SelectorTest)  Time elapsed: 0.001 s  <<< ERROR!
java.lang.NoClassDefFoundError: Could not initialize class cz.vutbr.web.csskit.antlr4.CSSLexer
	at test.SelectorTest.testID(SelectorTest.java:198)

[ERROR] testPreceding(test.SelectorTest)  Time elapsed: 0 s  <<< ERROR!
java.lang.NoClassDefFoundError: Could not initialize class cz.vutbr.web.csskit.antlr4.CSSLexer
	at test.SelectorTest.testPreceding(SelectorTest.java:129)

[ERROR] testAdjacent(test.SelectorTest)  Time elapsed: 0 s  <<< ERROR!
java.lang.NoClassDefFoundError: Could not initialize class cz.vutbr.web.csskit.antlr4.CSSLexer
	at test.SelectorTest.testAdjacent(SelectorTest.java:108)

[ERROR] testElementName(test.SelectorTest)  Time elapsed: 0 s  <<< ERROR!
java.lang.NoClassDefFoundError: Could not initialize class cz.vutbr.web.csskit.antlr4.CSSLexer
	at test.SelectorTest.testElementName(SelectorTest.java:396)

[ERROR] testAsterisk(test.SelectorTest)  Time elapsed: 0 s  <<< ERROR!
java.lang.NoClassDefFoundError: Could not initialize class cz.vutbr.web.csskit.antlr4.CSSLexer
	at test.SelectorTest.testAsterisk(SelectorTest.java:373)

[ERROR] testAttribute(test.SelectorTest)  Time elapsed: 0 s  <<< ERROR!
java.lang.NoClassDefFoundError: Could not initialize class cz.vutbr.web.csskit.antlr4.CSSLexer
	at test.SelectorTest.testAttribute(SelectorTest.java:269)

[ERROR] testPseudoFunc(test.SelectorTest)  Time elapsed: 0 s  <<< ERROR!
java.lang.NoClassDefFoundError: Could not initialize class cz.vutbr.web.csskit.antlr4.CSSLexer
	at test.SelectorTest.testPseudoFunc(SelectorTest.java:312)

[ERROR] testAttributePresence(test.SelectorTest)  Time elapsed: 0 s  <<< ERROR!
java.lang.NoClassDefFoundError: Could not initialize class cz.vutbr.web.csskit.antlr4.CSSLexer
	at test.SelectorTest.testAttributePresence(SelectorTest.java:427)

[ERROR] testIDAttrib(test.SelectorTest)  Time elapsed: 0 s  <<< ERROR!
java.lang.NoClassDefFoundError: Could not initialize class cz.vutbr.web.csskit.antlr4.CSSLexer
	at test.SelectorTest.testIDAttrib(SelectorTest.java:248)

[ERROR] testMultiple(test.SelectorTest)  Time elapsed: 0 s  <<< ERROR!
java.lang.NoClassDefFoundError: Could not initialize class cz.vutbr.web.csskit.antlr4.CSSLexer
	at test.SelectorTest.testMultiple(SelectorTest.java:70)

[ERROR] testPseudo(test.SelectorTest)  Time elapsed: 0 s  <<< ERROR!
java.lang.NoClassDefFoundError: Could not initialize class cz.vutbr.web.csskit.antlr4.CSSLexer
	at test.SelectorTest.testPseudo(SelectorTest.java:292)

[ERROR] testEscapedID(test.SelectorTest)  Time elapsed: 0 s  <<< ERROR!
java.lang.NoClassDefFoundError: Could not initialize class cz.vutbr.web.csskit.antlr4.CSSLexer
	at test.SelectorTest.testEscapedID(SelectorTest.java:227)

[INFO] Running test.ErrorTest
[ERROR] Tests run: 1, Failures: 0, Errors: 1, Skipped: 0, Time elapsed: 0 s <<< FAILURE! - in test.ErrorTest
[ERROR] testString1(test.ErrorTest)  Time elapsed: 0 s  <<< ERROR!
java.lang.NoClassDefFoundError: Could not initialize class cz.vutbr.web.csskit.antlr4.CSSLexer
	at test.ErrorTest.testString1(ErrorTest.java:37)

[INFO] Running test.PseudoSelectorTest
[ERROR] Tests run: 1, Failures: 0, Errors: 1, Skipped: 0, Time elapsed: 0 s <<< FAILURE! - in test.PseudoSelectorTest
[ERROR] testHas(test.PseudoSelectorTest)  Time elapsed: 0 s  <<< ERROR!
java.lang.NoClassDefFoundError: Could not initialize class cz.vutbr.web.csskit.antlr4.CSSLexer
	at test.PseudoSelectorTest.testHas(PseudoSelectorTest.java:36)

[INFO] Running test.ViewPortTest
[ERROR] Tests run: 1, Failures: 0, Errors: 1, Skipped: 0, Time elapsed: 0 s <<< FAILURE! - in test.ViewPortTest
[ERROR] testSimpleVP(test.ViewPortTest)  Time elapsed: 0 s  <<< ERROR!
java.lang.NoClassDefFoundError: Could not initialize class cz.vutbr.web.csskit.antlr4.CSSLexer
	at test.ViewPortTest.testSimpleVP(ViewPortTest.java:36)

[INFO] Running test.DOMAssignTest
[ERROR] Tests run: 9, Failures: 0, Errors: 9, Skipped: 0, Time elapsed: 0 s <<< FAILURE! - in test.DOMAssignTest
[ERROR] invalidValues(test.DOMAssignTest)  Time elapsed: 0 s  <<< ERROR!
java.lang.NoClassDefFoundError: Could not initialize class cz.vutbr.web.csskit.antlr4.CSSLexer
	at test.DOMAssignTest.invalidValues(DOMAssignTest.java:265)

[ERROR] respectSpecifiedOrder(test.DOMAssignTest)  Time elapsed: 0 s  <<< ERROR!
java.lang.NoClassDefFoundError: Could not initialize class cz.vutbr.web.csskit.antlr4.CSSLexer
	at test.DOMAssignTest.respectSpecifiedOrder(DOMAssignTest.java:243)

[ERROR] combinators(test.DOMAssignTest)  Time elapsed: 0 s  <<< ERROR!
java.lang.NoClassDefFoundError: Could not initialize class cz.vutbr.web.csskit.antlr4.CSSLexer
	at test.DOMAssignTest.combinators(DOMAssignTest.java:146)

[ERROR] basic(test.DOMAssignTest)  Time elapsed: 0 s  <<< ERROR!
java.lang.NoClassDefFoundError: Could not initialize class cz.vutbr.web.csskit.antlr4.CSSLexer
	at test.DOMAssignTest.basic(DOMAssignTest.java:48)

[ERROR] structureSelectors(test.DOMAssignTest)  Time elapsed: 0 s  <<< ERROR!
java.lang.NoClassDefFoundError: Could not initialize class cz.vutbr.web.csskit.antlr4.CSSLexer
	at test.DOMAssignTest.structureSelectors(DOMAssignTest.java:75)

[ERROR] defaulting(test.DOMAssignTest)  Time elapsed: 0 s  <<< ERROR!
java.lang.NoClassDefFoundError: Could not initialize class cz.vutbr.web.csskit.antlr4.CSSLexer
	at test.DOMAssignTest.defaulting(DOMAssignTest.java:212)

[ERROR] indexSelectors(test.DOMAssignTest)  Time elapsed: 0 s  <<< ERROR!
java.lang.NoClassDefFoundError: Could not initialize class cz.vutbr.web.csskit.antlr4.CSSLexer
	at test.DOMAssignTest.indexSelectors(DOMAssignTest.java:107)

[ERROR] inherit(test.DOMAssignTest)  Time elapsed: 0 s  <<< ERROR!
java.lang.NoClassDefFoundError: Could not initialize class cz.vutbr.web.csskit.antlr4.CSSLexer
	at test.DOMAssignTest.inherit(DOMAssignTest.java:165)

[ERROR] initial(test.DOMAssignTest)  Time elapsed: 0 s  <<< ERROR!
java.lang.NoClassDefFoundError: Could not initialize class cz.vutbr.web.csskit.antlr4.CSSLexer
	at test.DOMAssignTest.initial(DOMAssignTest.java:192)

[INFO] Running test.PseudoClassTest
[ERROR] Tests run: 9, Failures: 0, Errors: 9, Skipped: 0, Time elapsed: 0.001 s <<< FAILURE! - in test.PseudoClassTest
[ERROR] pseudoClassDirectNonStatic(test.PseudoClassTest)  Time elapsed: 0 s  <<< ERROR!
java.lang.NoClassDefFoundError: Could not initialize class cz.vutbr.web.csskit.antlr4.CSSLexer
	at test.PseudoClassTest.pseudoClassDirectNonStatic(PseudoClassTest.java:133)

[ERROR] nonlegacyPseudoElementSupport(test.PseudoClassTest)  Time elapsed: 0.001 s  <<< ERROR!
java.lang.NoClassDefFoundError: Could not initialize class cz.vutbr.web.csskit.antlr4.CSSLexer
	at test.PseudoClassTest.nonlegacyPseudoElementSupport(PseudoClassTest.java:201)

[ERROR] legacyPseudoElementSupport(test.PseudoClassTest)  Time elapsed: 0 s  <<< ERROR!
java.lang.NoClassDefFoundError: Could not initialize class cz.vutbr.web.csskit.antlr4.CSSLexer
	at test.PseudoClassTest.legacyPseudoElementSupport(PseudoClassTest.java:174)

[ERROR] childPseudoClassesTest(test.PseudoClassTest)  Time elapsed: 0 s  <<< ERROR!
java.lang.NoClassDefFoundError: Could not initialize class cz.vutbr.web.csskit.antlr4.CSSLexer
	at test.PseudoClassTest.childPseudoClassesTest(PseudoClassTest.java:267)

[ERROR] pseudoClassDirect(test.PseudoClassTest)  Time elapsed: 0 s  <<< ERROR!
java.lang.NoClassDefFoundError: Could not initialize class cz.vutbr.web.csskit.antlr4.CSSLexer
	at test.PseudoClassTest.pseudoClassDirect(PseudoClassTest.java:86)

[ERROR] pseudoClassMap(test.PseudoClassTest)  Time elapsed: 0 s  <<< ERROR!
java.lang.NoClassDefFoundError: Could not initialize class cz.vutbr.web.csskit.antlr4.CSSLexer
	at test.PseudoClassTest.pseudoClassMap(PseudoClassTest.java:63)

[ERROR] pseudoClassVsPseudoElementSelector(test.PseudoClassTest)  Time elapsed: 0 s  <<< ERROR!
java.lang.NoClassDefFoundError: Could not initialize class cz.vutbr.web.csskit.antlr4.CSSLexer
	at test.PseudoClassTest.pseudoClassVsPseudoElementSelector(PseudoClassTest.java:154)

[ERROR] rangeInputPseudoElements(test.PseudoClassTest)  Time elapsed: 0 s  <<< ERROR!
java.lang.NoClassDefFoundError: Could not initialize class cz.vutbr.web.csskit.antlr4.CSSLexer
	at test.PseudoClassTest.rangeInputPseudoElements(PseudoClassTest.java:245)

[ERROR] pseudoClassMapNonStatic(test.PseudoClassTest)  Time elapsed: 0 s  <<< ERROR!
java.lang.NoClassDefFoundError: Could not initialize class cz.vutbr.web.csskit.antlr4.CSSLexer
	at test.PseudoClassTest.pseudoClassMapNonStatic(PseudoClassTest.java:111)

[INFO] Running test.AdvancedCSSTest
[ERROR] Tests run: 1, Failures: 0, Errors: 1, Skipped: 0, Time elapsed: 0 s <<< FAILURE! - in test.AdvancedCSSTest
[ERROR] test.AdvancedCSSTest  Time elapsed: 0 s  <<< ERROR!
java.lang.NoClassDefFoundError: Could not initialize class cz.vutbr.web.csskit.antlr4.CSSLexer
	at test.AdvancedCSSTest.init(AdvancedCSSTest.java:47)

[INFO] Running test.PageTest
[ERROR] Tests run: 5, Failures: 0, Errors: 5, Skipped: 0, Time elapsed: 0 s <<< FAILURE! - in test.PageTest
[ERROR] testFirstPseudo(test.PageTest)  Time elapsed: 0 s  <<< ERROR!
java.lang.NoClassDefFoundError: Could not initialize class cz.vutbr.web.csskit.antlr4.CSSLexer
	at test.PageTest.testFirstPseudo(PageTest.java:70)

[ERROR] testRightPseudo(test.PageTest)  Time elapsed: 0 s  <<< ERROR!
java.lang.NoClassDefFoundError: Could not initialize class cz.vutbr.web.csskit.antlr4.CSSLexer
	at test.PageTest.testRightPseudo(PageTest.java:60)

[ERROR] testInvalidPseudo(test.PageTest)  Time elapsed: 0 s  <<< ERROR!
java.lang.NoClassDefFoundError: Could not initialize class cz.vutbr.web.csskit.antlr4.CSSLexer
	at test.PageTest.testInvalidPseudo(PageTest.java:80)

[ERROR] testMarginRule(test.PageTest)  Time elapsed: 0 s  <<< ERROR!
java.lang.NoClassDefFoundError: Could not initialize class cz.vutbr.web.csskit.antlr4.CSSLexer
	at test.PageTest.testMarginRule(PageTest.java:39)

[ERROR] testLeftPseudo(test.PageTest)  Time elapsed: 0 s  <<< ERROR!
java.lang.NoClassDefFoundError: Could not initialize class cz.vutbr.web.csskit.antlr4.CSSLexer
	at test.PageTest.testLeftPseudo(PageTest.java:50)

[INFO] Running test.FontFaceTest
[ERROR] Tests run: 4, Failures: 0, Errors: 4, Skipped: 0, Time elapsed: 0.008 s <<< FAILURE! - in test.FontFaceTest
[ERROR] testFFSources(test.FontFaceTest)  Time elapsed: 0 s  <<< ERROR!
java.lang.NoClassDefFoundError: Could not initialize class cz.vutbr.web.csskit.antlr4.CSSLexer
	at test.FontFaceTest.testFFSources(FontFaceTest.java:121)

[ERROR] testFFMultiSrc(test.FontFaceTest)  Time elapsed: 0 s  <<< ERROR!
java.lang.NoClassDefFoundError: Could not initialize class cz.vutbr.web.csskit.antlr4.CSSLexer
	at test.FontFaceTest.testFFMultiSrc(FontFaceTest.java:83)

[ERROR] testFFMultiSrc2(test.FontFaceTest)  Time elapsed: 0 s  <<< ERROR!
java.lang.NoClassDefFoundError: Could not initialize class cz.vutbr.web.csskit.antlr4.CSSLexer
	at test.FontFaceTest.testFFMultiSrc2(FontFaceTest.java:102)

[ERROR] testSimpleFF(test.FontFaceTest)  Time elapsed: 0 s  <<< ERROR!
java.lang.NoClassDefFoundError: Could not initialize class cz.vutbr.web.csskit.antlr4.CSSLexer
	at test.FontFaceTest.testSimpleFF(FontFaceTest.java:67)

[INFO] Running test.AnalyzerTest
[ERROR] Tests run: 1, Failures: 0, Errors: 1, Skipped: 0, Time elapsed: 0 s <<< FAILURE! - in test.AnalyzerTest
[ERROR] test.AnalyzerTest  Time elapsed: 0 s  <<< ERROR!
java.lang.NoClassDefFoundError: Could not initialize class cz.vutbr.web.csskit.antlr4.CSSLexer
	at test.AnalyzerTest.init(AnalyzerTest.java:60)

[INFO] Running test.EscapingTest
[ERROR] Tests run: 6, Failures: 0, Errors: 6, Skipped: 0, Time elapsed: 0 s <<< FAILURE! - in test.EscapingTest
[ERROR] testUrls(test.EscapingTest)  Time elapsed: 0 s  <<< ERROR!
java.lang.NoClassDefFoundError: Could not initialize class cz.vutbr.web.csskit.antlr4.CSSLexer
	at test.EscapingTest.testUrls(EscapingTest.java:97)

[ERROR] testWhitespace(test.EscapingTest)  Time elapsed: 0 s  <<< ERROR!
java.lang.NoClassDefFoundError: Could not initialize class cz.vutbr.web.csskit.antlr4.CSSLexer
	at test.EscapingTest.assertSingleClassName(EscapingTest.java:131)
	at test.EscapingTest.testWhitespace(EscapingTest.java:81)

[ERROR] testAttributes(test.EscapingTest)  Time elapsed: 0 s  <<< ERROR!
java.lang.NoClassDefFoundError: Could not initialize class cz.vutbr.web.csskit.antlr4.CSSLexer
	at test.EscapingTest.testAttributes(EscapingTest.java:118)

[ERROR] testElementNames(test.EscapingTest)  Time elapsed: 0 s  <<< ERROR!
java.lang.NoClassDefFoundError: Could not initialize class cz.vutbr.web.csskit.antlr4.CSSLexer
	at test.EscapingTest.testElementNames(EscapingTest.java:56)

[ERROR] testClasses(test.EscapingTest)  Time elapsed: 0 s  <<< ERROR!
java.lang.NoClassDefFoundError: Could not initialize class cz.vutbr.web.csskit.antlr4.CSSLexer
	at test.EscapingTest.assertSingleClassName(EscapingTest.java:131)
	at test.EscapingTest.testClasses(EscapingTest.java:66)

[ERROR] testIdentifiers(test.EscapingTest)  Time elapsed: 0 s  <<< ERROR!
java.lang.NoClassDefFoundError: Could not initialize class cz.vutbr.web.csskit.antlr4.CSSLexer
	at test.EscapingTest.assertSingleId(EscapingTest.java:145)
	at test.EscapingTest.testIdentifiers(EscapingTest.java:73)

[INFO] Running test.MediaTest
[ERROR] Tests run: 10, Failures: 0, Errors: 9, Skipped: 0, Time elapsed: 0.001 s <<< FAILURE! - in test.MediaTest
[ERROR] simpleMedia(test.MediaTest)  Time elapsed: 0 s  <<< ERROR!
java.lang.NoClassDefFoundError: Could not initialize class cz.vutbr.web.csskit.antlr4.CSSLexer
	at test.MediaTest.simpleMedia(MediaTest.java:53)

[ERROR] missingQuery(test.MediaTest)  Time elapsed: 0 s  <<< ERROR!
java.lang.NoClassDefFoundError: Could not initialize class cz.vutbr.web.csskit.antlr4.CSSLexer
	at test.MediaTest.missingQuery(MediaTest.java:107)

[ERROR] mediaWithExpressions(test.MediaTest)  Time elapsed: 0 s  <<< ERROR!
java.lang.NoClassDefFoundError: Could not initialize class cz.vutbr.web.csskit.antlr4.CSSLexer
	at test.MediaTest.mediaWithExpressions(MediaTest.java:66)

[ERROR] malformedQueries1(test.MediaTest)  Time elapsed: 0 s  <<< ERROR!
java.lang.NoClassDefFoundError: Could not initialize class cz.vutbr.web.csskit.antlr4.CSSLexer
	at test.MediaTest.malformedQueries1(MediaTest.java:121)

[ERROR] malformedQueries2(test.MediaTest)  Time elapsed: 0 s  <<< ERROR!
java.lang.NoClassDefFoundError: Could not initialize class cz.vutbr.web.csskit.antlr4.CSSLexer
	at test.MediaTest.malformedQueries2(MediaTest.java:137)

[ERROR] malformedQueries3(test.MediaTest)  Time elapsed: 0 s  <<< ERROR!
java.lang.NoClassDefFoundError: Could not initialize class cz.vutbr.web.csskit.antlr4.CSSLexer
	at test.MediaTest.malformedQueries3(MediaTest.java:153)

[ERROR] malformedQueries4(test.MediaTest)  Time elapsed: 0.001 s  <<< ERROR!
java.lang.NoClassDefFoundError: Could not initialize class cz.vutbr.web.csskit.antlr4.CSSLexer
	at test.MediaTest.malformedQueries4(MediaTest.java:166)

[ERROR] expressionWithNoValue(test.MediaTest)  Time elapsed: 0 s  <<< ERROR!
java.lang.NoClassDefFoundError: Could not initialize class cz.vutbr.web.csskit.antlr4.CSSLexer
	at test.MediaTest.expressionWithNoValue(MediaTest.java:81)

[ERROR] expressionWithNoProperty(test.MediaTest)  Time elapsed: 0 s  <<< ERROR!
java.lang.NoClassDefFoundError: Could not initialize class cz.vutbr.web.csskit.antlr4.CSSLexer
	at test.MediaTest.expressionWithNoProperty(MediaTest.java:95)

[INFO] Running test.FlextLayoutTest
[ERROR] Tests run: 1, Failures: 0, Errors: 1, Skipped: 0, Time elapsed: 0 s <<< FAILURE! - in test.FlextLayoutTest
[ERROR] test(test.FlextLayoutTest)  Time elapsed: 0 s  <<< ERROR!
java.lang.NoClassDefFoundError: Could not initialize class cz.vutbr.web.csskit.antlr4.CSSLexer
	at test.FlextLayoutTest.test(FlextLayoutTest.java:98)

[INFO] Running test.DOMAssignMediaTest
[ERROR] Tests run: 4, Failures: 0, Errors: 4, Skipped: 0, Time elapsed: 0.002 s <<< FAILURE! - in test.DOMAssignMediaTest
[ERROR] queryInvalidAndAlternative(test.DOMAssignMediaTest)  Time elapsed: 0 s  <<< ERROR!
java.lang.NoClassDefFoundError: Could not initialize class cz.vutbr.web.csskit.antlr4.CSSLexer
	at test.DOMAssignMediaTest.evaluateForMedia(DOMAssignMediaTest.java:91)
	at test.DOMAssignMediaTest.queryInvalidAndAlternative(DOMAssignMediaTest.java:67)

[ERROR] queryNoMatch(test.DOMAssignMediaTest)  Time elapsed: 0.001 s  <<< ERROR!
java.lang.NoClassDefFoundError: Could not initialize class cz.vutbr.web.csskit.antlr4.CSSLexer
	at test.DOMAssignMediaTest.evaluateForMedia(DOMAssignMediaTest.java:91)
	at test.DOMAssignMediaTest.queryNoMatch(DOMAssignMediaTest.java:77)

[ERROR] queryBasic(test.DOMAssignMediaTest)  Time elapsed: 0 s  <<< ERROR!
java.lang.NoClassDefFoundError: Could not initialize class cz.vutbr.web.csskit.antlr4.CSSLexer
	at test.DOMAssignMediaTest.evaluateForMedia(DOMAssignMediaTest.java:91)
	at test.DOMAssignMediaTest.queryBasic(DOMAssignMediaTest.java:47)

[ERROR] queryAlternatives(test.DOMAssignMediaTest)  Time elapsed: 0.001 s  <<< ERROR!
java.lang.NoClassDefFoundError: Could not initialize class cz.vutbr.web.csskit.antlr4.CSSLexer
	at test.DOMAssignMediaTest.evaluateForMedia(DOMAssignMediaTest.java:91)
	at test.DOMAssignMediaTest.queryAlternatives(DOMAssignMediaTest.java:57)

[INFO] Running test.GrammarRecovery1Test
[ERROR] Tests run: 20, Failures: 0, Errors: 20, Skipped: 0, Time elapsed: 0.005 s <<< FAILURE! - in test.GrammarRecovery1Test
[ERROR] unclosedFunction(test.GrammarRecovery1Test)  Time elapsed: 0.001 s  <<< ERROR!
java.lang.NoClassDefFoundError: Could not initialize class cz.vutbr.web.csskit.antlr4.CSSLexer
	at test.GrammarRecovery1Test.unclosedFunction(GrammarRecovery1Test.java:165)

[ERROR] charsetCharsetWithoutSemicolon(test.GrammarRecovery1Test)  Time elapsed: 0 s  <<< ERROR!
java.lang.NoClassDefFoundError: Could not initialize class cz.vutbr.web.csskit.antlr4.CSSLexer
	at test.GrammarRecovery1Test.charsetCharsetWithoutSemicolon(GrammarRecovery1Test.java:101)

[ERROR] invalidSemicolon(test.GrammarRecovery1Test)  Time elapsed: 0 s  <<< ERROR!
java.lang.NoClassDefFoundError: Could not initialize class cz.vutbr.web.csskit.antlr4.CSSLexer
	at test.GrammarRecovery1Test.invalidSemicolon(GrammarRecovery1Test.java:296)

[ERROR] unexpectedEOF(test.GrammarRecovery1Test)  Time elapsed: 0 s  <<< ERROR!
java.lang.NoClassDefFoundError: Could not initialize class cz.vutbr.web.csskit.antlr4.CSSLexer
	at test.GrammarRecovery1Test.unexpectedEOF(GrammarRecovery1Test.java:245)

[ERROR] invalidAtKeywordParam(test.GrammarRecovery1Test)  Time elapsed: 0 s  <<< ERROR!
java.lang.NoClassDefFoundError: Could not initialize class cz.vutbr.web.csskit.antlr4.CSSLexer
	at test.GrammarRecovery1Test.invalidAtKeywordParam(GrammarRecovery1Test.java:185)

[ERROR] declarationValueParenblock(test.GrammarRecovery1Test)  Time elapsed: 0 s  <<< ERROR!
java.lang.NoClassDefFoundError: Could not initialize class cz.vutbr.web.csskit.antlr4.CSSLexer
	at test.GrammarRecovery1Test.declarationValueParenblock(GrammarRecovery1Test.java:336)

[ERROR] declarationValueAtKeyword(test.GrammarRecovery1Test)  Time elapsed: 0 s  <<< ERROR!
java.lang.NoClassDefFoundError: Could not initialize class cz.vutbr.web.csskit.antlr4.CSSLexer
	at test.GrammarRecovery1Test.declarationValueAtKeyword(GrammarRecovery1Test.java:324)

[ERROR] invalidAttributeOperator(test.GrammarRecovery1Test)  Time elapsed: 0 s  <<< ERROR!
java.lang.NoClassDefFoundError: Could not initialize class cz.vutbr.web.csskit.antlr4.CSSLexer
	at test.GrammarRecovery1Test.invalidAttributeOperator(GrammarRecovery1Test.java:256)

[ERROR] declarationValueBraceblock(test.GrammarRecovery1Test)  Time elapsed: 0 s  <<< ERROR!
java.lang.NoClassDefFoundError: Could not initialize class cz.vutbr.web.csskit.antlr4.CSSLexer
	at test.GrammarRecovery1Test.declarationValueBraceblock(GrammarRecovery1Test.java:330)

[ERROR] unclosedUrl(test.GrammarRecovery1Test)  Time elapsed: 0.001 s  <<< ERROR!
java.lang.NoClassDefFoundError: Could not initialize class cz.vutbr.web.csskit.antlr4.CSSLexer
	at test.GrammarRecovery1Test.unclosedUrl(GrammarRecovery1Test.java:146)

[ERROR] declarationNoValue(test.GrammarRecovery1Test)  Time elapsed: 0 s  <<< ERROR!
java.lang.NoClassDefFoundError: Could not initialize class cz.vutbr.web.csskit.antlr4.CSSLexer
	at test.GrammarRecovery1Test.declarationNoValue(GrammarRecovery1Test.java:312)

[ERROR] invalidSelector(test.GrammarRecovery1Test)  Time elapsed: 0 s  <<< ERROR!
java.lang.NoClassDefFoundError: Could not initialize class cz.vutbr.web.csskit.antlr4.CSSLexer
	at test.GrammarRecovery1Test.invalidSelector(GrammarRecovery1Test.java:264)

[ERROR] charsetWithoutSemicolonAndDoubleDAfter(test.GrammarRecovery1Test)  Time elapsed: 0 s  <<< ERROR!
java.lang.NoClassDefFoundError: Could not initialize class cz.vutbr.web.csskit.antlr4.CSSLexer
	at test.GrammarRecovery1Test.charsetWithoutSemicolonAndDoubleDAfter(GrammarRecovery1Test.java:117)

[ERROR] decl1(test.GrammarRecovery1Test)  Time elapsed: 0.001 s  <<< ERROR!
java.lang.NoClassDefFoundError: Could not initialize class cz.vutbr.web.csskit.antlr4.CSSLexer
	at test.GrammarRecovery1Test.decl1(GrammarRecovery1Test.java:192)

[ERROR] decl4(test.GrammarRecovery1Test)  Time elapsed: 0 s  <<< ERROR!
java.lang.NoClassDefFoundError: Could not initialize class cz.vutbr.web.csskit.antlr4.CSSLexer
	at test.GrammarRecovery1Test.decl4(GrammarRecovery1Test.java:224)

[ERROR] invalidParen(test.GrammarRecovery1Test)  Time elapsed: 0 s  <<< ERROR!
java.lang.NoClassDefFoundError: Could not initialize class cz.vutbr.web.csskit.antlr4.CSSLexer
	at test.GrammarRecovery1Test.invalidParen(GrammarRecovery1Test.java:288)

[ERROR] declarationValueCurly(test.GrammarRecovery1Test)  Time elapsed: 0.001 s  <<< ERROR!
java.lang.NoClassDefFoundError: Could not initialize class cz.vutbr.web.csskit.antlr4.CSSLexer
	at test.GrammarRecovery1Test.declarationValueCurly(GrammarRecovery1Test.java:318)

[ERROR] unclosedString(test.GrammarRecovery1Test)  Time elapsed: 0 s  <<< ERROR!
java.lang.NoClassDefFoundError: Could not initialize class cz.vutbr.web.csskit.antlr4.CSSLexer
	at test.GrammarRecovery1Test.unclosedString(GrammarRecovery1Test.java:132)

[ERROR] invalidAtKeyword(test.GrammarRecovery1Test)  Time elapsed: 0 s  <<< ERROR!
java.lang.NoClassDefFoundError: Could not initialize class cz.vutbr.web.csskit.antlr4.CSSLexer
	at test.GrammarRecovery1Test.invalidAtKeyword(GrammarRecovery1Test.java:179)

[ERROR] noTerms(test.GrammarRecovery1Test)  Time elapsed: 0.001 s  <<< ERROR!
java.lang.NoClassDefFoundError: Could not initialize class cz.vutbr.web.csskit.antlr4.CSSLexer
	at test.GrammarRecovery1Test.noTerms(GrammarRecovery1Test.java:232)

[INFO] Running test.NodeDataVariantTest
[WARNING] Tests run: 1, Failures: 0, Errors: 0, Skipped: 1, Time elapsed: 0 s - in test.NodeDataVariantTest
[INFO] Running test.ElementMatcherTest
[ERROR] Tests run: 3, Failures: 0, Errors: 3, Skipped: 0, Time elapsed: 0.002 s <<< FAILURE! - in test.ElementMatcherTest
[ERROR] xhtmlDocument(test.ElementMatcherTest)  Time elapsed: 0 s  <<< ERROR!
java.lang.NoClassDefFoundError: Could not initialize class cz.vutbr.web.csskit.antlr4.CSSLexer
	at test.ElementMatcherTest.checkDocument(ElementMatcherTest.java:91)
	at test.ElementMatcherTest.checkMatchersOnFile(ElementMatcherTest.java:74)
	at test.ElementMatcherTest.xhtmlDocument(ElementMatcherTest.java:51)

[ERROR] htmlQuirksDocument(test.ElementMatcherTest)  Time elapsed: 0 s  <<< ERROR!
java.lang.NoClassDefFoundError: Could not initialize class cz.vutbr.web.csskit.antlr4.CSSLexer
	at test.ElementMatcherTest.checkDocument(ElementMatcherTest.java:91)
	at test.ElementMatcherTest.checkMatchersOnFile(ElementMatcherTest.java:74)
	at test.ElementMatcherTest.htmlQuirksDocument(ElementMatcherTest.java:69)

[ERROR] htmlStandardDocument(test.ElementMatcherTest)  Time elapsed: 0.001 s  <<< ERROR!
java.lang.NoClassDefFoundError: Could not initialize class cz.vutbr.web.csskit.antlr4.CSSLexer
	at test.ElementMatcherTest.checkDocument(ElementMatcherTest.java:91)
	at test.ElementMatcherTest.checkMatchersOnFile(ElementMatcherTest.java:74)
	at test.ElementMatcherTest.htmlStandardDocument(ElementMatcherTest.java:60)

[INFO] Running test.KeyframesTest
[ERROR] Tests run: 1, Failures: 0, Errors: 1, Skipped: 0, Time elapsed: 0 s <<< FAILURE! - in test.KeyframesTest
[ERROR] testSimpleKeyframes(test.KeyframesTest)  Time elapsed: 0 s  <<< ERROR!
java.lang.NoClassDefFoundError: Could not initialize class cz.vutbr.web.csskit.antlr4.CSSLexer
	at test.KeyframesTest.testSimpleKeyframes(KeyframesTest.java:38)

[INFO] Running test.CharsetTest
[ERROR] Tests run: 1, Failures: 0, Errors: 1, Skipped: 0, Time elapsed: 0 s <<< FAILURE! - in test.CharsetTest
[ERROR] testString1(test.CharsetTest)  Time elapsed: 0 s  <<< ERROR!
java.lang.NoClassDefFoundError: Could not initialize class cz.vutbr.web.csskit.antlr4.CSSLexer
	at test.CharsetTest.testString1(CharsetTest.java:34)

[INFO] Running test.GrammarRecovery3Test
[ERROR] Tests run: 2, Failures: 0, Errors: 2, Skipped: 0, Time elapsed: 0 s <<< FAILURE! - in test.GrammarRecovery3Test
[ERROR] calcParenthesisRecovery(test.GrammarRecovery3Test)  Time elapsed: 0 s  <<< ERROR!
java.lang.NoClassDefFoundError: Could not initialize class cz.vutbr.web.csskit.antlr4.CSSLexer
	at test.GrammarRecovery3Test.calcParenthesisRecovery(GrammarRecovery3Test.java:41)

[ERROR] expressionRecovery(test.GrammarRecovery3Test)  Time elapsed: 0 s  <<< ERROR!
java.lang.NoClassDefFoundError: Could not initialize class cz.vutbr.web.csskit.antlr4.CSSLexer
	at test.GrammarRecovery3Test.expressionRecovery(GrammarRecovery3Test.java:31)

[INFO] Running test.GridLayoutTest
[ERROR] Tests run: 1, Failures: 0, Errors: 1, Skipped: 0, Time elapsed: 0.004 s <<< FAILURE! - in test.GridLayoutTest
[ERROR] test(test.GridLayoutTest)  Time elapsed: 0.003 s  <<< ERROR!
java.lang.NoClassDefFoundError: Could not initialize class cz.vutbr.web.csskit.antlr4.CSSLexer
	at test.GridLayoutTest.test(GridLayoutTest.java:427)

[INFO] 
[INFO] Results:
[INFO] 
[ERROR] Errors: 
[ERROR]   AdvancedCSSTest.init:47 » NoClassDefFound Could not initialize class cz.vutbr....
[ERROR]   AnalyzerTest.init:60 » NoClassDefFound Could not initialize class cz.vutbr.web...
[ERROR]   AnimationTest.test:306 » NoClassDefFound Could not initialize class cz.vutbr.w...
[ERROR]   BoxShadowTest.test:170 » NoClassDefFound Could not initialize class cz.vutbr.w...
[ERROR]   CharsetTest.testString1:34 » NoClassDefFound Could not initialize class cz.vut...
[ERROR]   DOMAssignDirectTest.basic:54 » NoClassDefFound Could not initialize class cz.v...
[ERROR]   DOMAssignDirectTest.combinators:155 » NoClassDefFound Could not initialize cla...
[ERROR]   DOMAssignDirectTest.emptyStringAttributeSelector:260 » NoClassDefFound Could n...
[ERROR]   DOMAssignDirectTest.incompleteNthChild:313 » ExceptionInInitializer
[ERROR]   DOMAssignDirectTest.indexSelectors:115 » NoClassDefFound Could not initialize ...
[ERROR]   DOMAssignDirectTest.inherit:176 » NoClassDefFound Could not initialize class c...
[ERROR]   DOMAssignDirectTest.initialValueSpecifiedValueConflict:285 » NoClassDefFound C...
[ERROR]   DOMAssignDirectTest.lineHeight:204 » NoClassDefFound Could not initialize clas...
[ERROR]   DOMAssignDirectTest.linkedStyleTest:40 » NoClassDefFound Could not initialize ...
[ERROR]   DOMAssignDirectTest.respectSpecifiedOrder:338 » NoClassDefFound Could not init...
[ERROR]   DOMAssignDirectTest.spaceSeparatedAttributeSelector:231 » NoClassDefFound Coul...
[ERROR]   DOMAssignDirectTest.structureSelectors:82 » NoClassDefFound Could not initiali...
[ERROR]   DOMAssignMediaTest.queryAlternatives:57->evaluateForMedia:91 » NoClassDefFound
[ERROR]   DOMAssignMediaTest.queryBasic:47->evaluateForMedia:91 » NoClassDefFound Could ...
[ERROR]   DOMAssignMediaTest.queryInvalidAndAlternative:67->evaluateForMedia:91 » NoClassDefFound
[ERROR]   DOMAssignMediaTest.queryNoMatch:77->evaluateForMedia:91 » NoClassDefFound Coul...
[ERROR]   DOMAssignTest.basic:48 » NoClassDefFound Could not initialize class cz.vutbr.w...
[ERROR]   DOMAssignTest.combinators:146 » NoClassDefFound Could not initialize class cz....
[ERROR]   DOMAssignTest.defaulting:212 » NoClassDefFound Could not initialize class cz.v...
[ERROR]   DOMAssignTest.indexSelectors:107 » NoClassDefFound Could not initialize class ...
[ERROR]   DOMAssignTest.inherit:165 » NoClassDefFound Could not initialize class cz.vutb...
[ERROR]   DOMAssignTest.initial:192 » NoClassDefFound Could not initialize class cz.vutb...
[ERROR]   DOMAssignTest.invalidValues:265 » NoClassDefFound Could not initialize class c...
[ERROR]   DOMAssignTest.respectSpecifiedOrder:243 » NoClassDefFound Could not initialize...
[ERROR]   DOMAssignTest.structureSelectors:75 » NoClassDefFound Could not initialize cla...
[ERROR]   DecoderTest.backgrounds:55 » NoClassDefFound Could not initialize class cz.vut...
[ERROR]   DecoderTest.boxShadow:124 » NoClassDefFound Could not initialize class cz.vutb...
[ERROR]   ElementMatcherTest.htmlQuirksDocument:69->checkMatchersOnFile:74->checkDocument:91 » NoClassDefFound
[ERROR]   ElementMatcherTest.htmlStandardDocument:60->checkMatchersOnFile:74->checkDocument:91 » NoClassDefFound
[ERROR]   ElementMatcherTest.xhtmlDocument:51->checkMatchersOnFile:74->checkDocument:91 » NoClassDefFound
[ERROR]   ErrorTest.testString1:37 » NoClassDefFound Could not initialize class cz.vutbr...
[ERROR]   EscapingTest.testAttributes:118 » NoClassDefFound Could not initialize class c...
[ERROR]   EscapingTest.testClasses:66->assertSingleClassName:131 » NoClassDefFound Could...
[ERROR]   EscapingTest.testElementNames:56 » NoClassDefFound Could not initialize class ...
[ERROR]   EscapingTest.testIdentifiers:73->assertSingleId:145 » NoClassDefFound Could no...
[ERROR]   EscapingTest.testUrls:97 » NoClassDefFound Could not initialize class cz.vutbr...
[ERROR]   EscapingTest.testWhitespace:81->assertSingleClassName:131 » NoClassDefFound Co...
[ERROR]   FlextLayoutTest.test:98 » NoClassDefFound Could not initialize class cz.vutbr....
[ERROR]   FontFaceTest.testFFMultiSrc:83 » NoClassDefFound Could not initialize class cz...
[ERROR]   FontFaceTest.testFFMultiSrc2:102 » NoClassDefFound Could not initialize class ...
[ERROR]   FontFaceTest.testFFSources:121 » NoClassDefFound Could not initialize class cz...
[ERROR]   FontFaceTest.testSimpleFF:67 » NoClassDefFound Could not initialize class cz.v...
[ERROR]   FunctionsTest.calcAngles:302 » NoClassDefFound Could not initialize class cz.v...
[ERROR]   FunctionsTest.calcInvalid:316 » NoClassDefFound Could not initialize class cz....
[ERROR]   FunctionsTest.calcLengths:287 » NoClassDefFound Could not initialize class cz....
[ERROR]   FunctionsTest.contentInvalid:789 » NoClassDefFound Could not initialize class ...
[ERROR]   FunctionsTest.contentValid:738 » NoClassDefFound Could not initialize class cz...
[ERROR]   FunctionsTest.filterValid:670 » NoClassDefFound Could not initialize class cz....
[ERROR]   FunctionsTest.gradientInvalid:659 » NoClassDefFound Could not initialize class...
[ERROR]   FunctionsTest.gradientValid:469 » NoClassDefFound Could not initialize class c...
[ERROR]   FunctionsTest.negativeArgument:252 » NoClassDefFound Could not initialize clas...
[ERROR]   FunctionsTest.rectFunctions:262 » NoClassDefFound Could not initialize class c...
[ERROR]   FunctionsTest.transformInvalid:458 » NoClassDefFound Could not initialize clas...
[ERROR]   FunctionsTest.transformValid:326 » NoClassDefFound Could not initialize class ...
[ERROR]   FunctionsTest.vendorSpecificFunctions:241 » NoClassDefFound Could not initiali...
[ERROR]   FunctionsTest.vendorSpecificUnderscore:231 » NoClassDefFound Could not initial...
[ERROR]   GradientTest.testGradientAngles:149 » NoClassDefFound Could not initialize cla...
[ERROR]   GradientTest.testGradientColorStops:182 » NoClassDefFound Could not initialize...
[ERROR]   GradientTest.testGradientDirections:104 » NoClassDefFound Could not initialize...
[ERROR]   GradientTest.testMultipleGradients:229 » NoClassDefFound Could not initialize ...
[ERROR]   GradientTest.testSampleGradients:255 » NoClassDefFound Could not initialize cl...
[ERROR]   GradientTest.testSimpleGradients:68 » NoClassDefFound Could not initialize cla...
[ERROR]   GrammarRecovery1Test.charsetCharsetWithoutSemicolon:101 » NoClassDefFound Coul...
[ERROR]   GrammarRecovery1Test.charsetWithoutSemicolonAndDoubleDAfter:117 » NoClassDefFound
[ERROR]   GrammarRecovery1Test.decl1:192 » NoClassDefFound Could not initialize class cz...
[ERROR]   GrammarRecovery1Test.decl4:224 » NoClassDefFound Could not initialize class cz...
[ERROR]   GrammarRecovery1Test.declarationNoValue:312 » NoClassDefFound Could not initia...
[ERROR]   GrammarRecovery1Test.declarationValueAtKeyword:324 » NoClassDefFound Could not...
[ERROR]   GrammarRecovery1Test.declarationValueBraceblock:330 » NoClassDefFound Could no...
[ERROR]   GrammarRecovery1Test.declarationValueCurly:318 » NoClassDefFound Could not ini...
[ERROR]   GrammarRecovery1Test.declarationValueParenblock:336 » NoClassDefFound Could no...
[ERROR]   GrammarRecovery1Test.invalidAtKeyword:179 » NoClassDefFound Could not initiali...
[ERROR]   GrammarRecovery1Test.invalidAtKeywordParam:185 » NoClassDefFound Could not ini...
[ERROR]   GrammarRecovery1Test.invalidAttributeOperator:256 » NoClassDefFound Could not ...
[ERROR]   GrammarRecovery1Test.invalidParen:288 » NoClassDefFound Could not initialize c...
[ERROR]   GrammarRecovery1Test.invalidSelector:264 » NoClassDefFound Could not initializ...
[ERROR]   GrammarRecovery1Test.invalidSemicolon:296 » NoClassDefFound Could not initiali...
[ERROR]   GrammarRecovery1Test.noTerms:232 » NoClassDefFound Could not initialize class ...
[ERROR]   GrammarRecovery1Test.unclosedFunction:165 » NoClassDefFound Could not initiali...
[ERROR]   GrammarRecovery1Test.unclosedString:132 » NoClassDefFound Could not initialize...
[ERROR]   GrammarRecovery1Test.unclosedUrl:146 » NoClassDefFound Could not initialize cl...
[ERROR]   GrammarRecovery1Test.unexpectedEOF:245 » NoClassDefFound Could not initialize ...
[ERROR]   GrammarRecovery2Test.invalidCharAsterisk:95 » NoClassDefFound Could not initia...
[ERROR]   GrammarRecovery2Test.invalidCharColon:86 » NoClassDefFound Could not initializ...
[ERROR]   GrammarRecovery2Test.invalidCharacterInValue:152 » NoClassDefFound Could not i...
[ERROR]   GrammarRecovery2Test.invalidDirective:104 » NoClassDefFound Could not initiali...
[ERROR]   GrammarRecovery2Test.invalidSelector:113 » NoClassDefFound Could not initializ...
[ERROR]   GrammarRecovery2Test.invalidSelectorMedia:124 » NoClassDefFound Could not init...
[ERROR]   GrammarRecovery2Test.invalidSelectorSyntax:135 » NoClassDefFound Could not ini...
[ERROR]   GrammarRecovery2Test.invalidTokensAmongDeclarations:142 » NoClassDefFound Coul...
[ERROR]   GrammarRecovery2Test.ruleWithNoSelector:160 » NoClassDefFound Could not initia...
[ERROR]   GrammarRecovery2Test.vendorSpecificDash:77 » NoClassDefFound Could not initial...
[ERROR]   GrammarRecovery2Test.vendorSpecificUnderscore:68 » NoClassDefFound Could not i...
[ERROR]   GrammarRecovery3Test.calcParenthesisRecovery:41 » NoClassDefFound Could not in...
[ERROR]   GrammarRecovery3Test.expressionRecovery:31 » NoClassDefFound Could not initial...
[ERROR]   GridLayoutTest.test:427 » NoClassDefFound Could not initialize class cz.vutbr....
[ERROR]   KeyframesTest.testSimpleKeyframes:38 » NoClassDefFound Could not initialize cl...
[ERROR]   MediaTest.expressionWithNoProperty:95 » NoClassDefFound Could not initialize c...
[ERROR]   MediaTest.expressionWithNoValue:81 » NoClassDefFound Could not initialize clas...
[ERROR]   MediaTest.malformedQueries1:121 » NoClassDefFound Could not initialize class c...
[ERROR]   MediaTest.malformedQueries2:137 » NoClassDefFound Could not initialize class c...
[ERROR]   MediaTest.malformedQueries3:153 » NoClassDefFound Could not initialize class c...
[ERROR]   MediaTest.malformedQueries4:166 » NoClassDefFound Could not initialize class c...
[ERROR]   MediaTest.mediaWithExpressions:66 » NoClassDefFound Could not initialize class...
[ERROR]   MediaTest.missingQuery:107 » NoClassDefFound Could not initialize class cz.vut...
[ERROR]   MediaTest.simpleMedia:53 » NoClassDefFound Could not initialize class cz.vutbr...
[ERROR]   OutputTest.testEscapeAsterisk:54 » NoClassDefFound Could not initialize class ...
[ERROR]   OutputTest.testNumericFuncArg:43 » NoClassDefFound Could not initialize class ...
[ERROR]   PageTest.testFirstPseudo:70 » NoClassDefFound Could not initialize class cz.vu...
[ERROR]   PageTest.testInvalidPseudo:80 » NoClassDefFound Could not initialize class cz....
[ERROR]   PageTest.testLeftPseudo:50 » NoClassDefFound Could not initialize class cz.vut...
[ERROR]   PageTest.testMarginRule:39 » NoClassDefFound Could not initialize class cz.vut...
[ERROR]   PageTest.testRightPseudo:60 » NoClassDefFound Could not initialize class cz.vu...
[ERROR]   PseudoClassTest.childPseudoClassesTest:267 » NoClassDefFound Could not initial...
[ERROR]   PseudoClassTest.legacyPseudoElementSupport:174 » NoClassDefFound Could not ini...
[ERROR]   PseudoClassTest.nonlegacyPseudoElementSupport:201 » NoClassDefFound Could not ...
[ERROR]   PseudoClassTest.pseudoClassDirect:86 » NoClassDefFound Could not initialize cl...
[ERROR]   PseudoClassTest.pseudoClassDirectNonStatic:133 » NoClassDefFound Could not ini...
[ERROR]   PseudoClassTest.pseudoClassMap:63 » NoClassDefFound Could not initialize class...
[ERROR]   PseudoClassTest.pseudoClassMapNonStatic:111 » NoClassDefFound Could not initia...
[ERROR]   PseudoClassTest.pseudoClassVsPseudoElementSelector:154 » NoClassDefFound Could...
[ERROR]   PseudoClassTest.rangeInputPseudoElements:245 » NoClassDefFound Could not initi...
[ERROR]   PseudoSelectorTest.testHas:36 » NoClassDefFound Could not initialize class cz....
[ERROR]   SelectorTest.testAdjacent:108 » NoClassDefFound Could not initialize class cz....
[ERROR]   SelectorTest.testAsterisk:373 » NoClassDefFound Could not initialize class cz....
[ERROR]   SelectorTest.testAttribute:269 » NoClassDefFound Could not initialize class cz...
[ERROR]   SelectorTest.testAttributePresence:427 » NoClassDefFound Could not initialize ...
[ERROR]   SelectorTest.testChild:150 » NoClassDefFound Could not initialize class cz.vut...
[ERROR]   SelectorTest.testClass:178 » NoClassDefFound Could not initialize class cz.vut...
[ERROR]   SelectorTest.testDescendant:87 » NoClassDefFound Could not initialize class cz...
[ERROR]   SelectorTest.testElementName:396 » NoClassDefFound Could not initialize class ...
[ERROR]   SelectorTest.testEscapedID:227 » NoClassDefFound Could not initialize class cz...
[ERROR]   SelectorTest.testID:198 » NoClassDefFound Could not initialize class cz.vutbr....
[ERROR]   SelectorTest.testIDAttrib:248 » NoClassDefFound Could not initialize class cz....
[ERROR]   SelectorTest.testInvalidID:219 » NoClassDefFound Could not initialize class cz...
[ERROR]   SelectorTest.testMultiple:70 » NoClassDefFound Could not initialize class cz.v...
[ERROR]   SelectorTest.testPSpecial:336 » NoClassDefFound Could not initialize class cz....
[ERROR]   SelectorTest.testPreceding:129 » NoClassDefFound Could not initialize class cz...
[ERROR]   SelectorTest.testPseudo:292 » NoClassDefFound Could not initialize class cz.vu...
[ERROR]   SelectorTest.testPseudoFunc:312 » NoClassDefFound Could not initialize class c...
[ERROR]   SimpleTest.testBracketedIdent:357 » NoClassDefFound Could not initialize class...
[ERROR]   SimpleTest.testBracketedIdents:375 » NoClassDefFound Could not initialize clas...
[ERROR]   SimpleTest.testCharsets:132 » NoClassDefFound Could not initialize class cz.vu...
[ERROR]   SimpleTest.testHSLAFunction1:270 » NoClassDefFound Could not initialize class ...
[ERROR]   SimpleTest.testHSLFunction1:232 » NoClassDefFound Could not initialize class c...
[ERROR]   SimpleTest.testHashColor1:289 » NoClassDefFound Could not initialize class cz....
[ERROR]   SimpleTest.testHashColor2:308 » NoClassDefFound Could not initialize class cz....
[ERROR]   SimpleTest.testIntegerZIndex:409 » NoClassDefFound Could not initialize class ...
[ERROR]   SimpleTest.testInvalidPseudoSelector1:425 » NoClassDefFound Could not initiali...
[ERROR]   SimpleTest.testInvalidPseudoSelector2:432 » NoClassDefFound Could not initiali...
[ERROR]   SimpleTest.testPositiveNumber1:392 » NoClassDefFound Could not initialize clas...
[ERROR]   SimpleTest.testRGBAFunction1:251 » NoClassDefFound Could not initialize class ...
[ERROR]   SimpleTest.testRGBFunction1:178 » NoClassDefFound Could not initialize class c...
[ERROR]   SimpleTest.testRGBFunction2:197 » NoClassDefFound Could not initialize class c...
[ERROR]   SimpleTest.testRGBFunctionInvalid:215 » NoClassDefFound Could not initialize c...
[ERROR]   SimpleTest.testString1:156 » NoClassDefFound Could not initialize class cz.vut...
[ERROR]   SimpleTest.testString2:334 » NoClassDefFound Could not initialize class cz.vut...
[ERROR]   SimpleTest.testURI1:341 » NoClassDefFound Could not initialize class cz.vutbr....
[ERROR]   SimpleTest.testUnit:325 » NoClassDefFound Could not initialize class cz.vutbr....
[ERROR]   TransitionTest.test:174 » NoClassDefFound Could not initialize class cz.vutbr....
[ERROR]   UAConformancyTest.init:42 » NoClassDefFound Could not initialize class cz.vutb...
[ERROR]   ViewPortTest.testSimpleVP:36 » NoClassDefFound Could not initialize class cz.v...
[INFO] 
[ERROR] Tests run: 170, Failures: 0, Errors: 167, Skipped: 2
[INFO] 
[INFO] ------------------------------------------------------------------------
[INFO] BUILD FAILURE
[INFO] ------------------------------------------------------------------------
[INFO] Total time:  7.435 s
[INFO] Finished at: 2026-08-25T01:03:18+08:00
[INFO] ------------------------------------------------------------------------
[ERROR] Failed to execute goal org.apache.maven.plugins:maven-surefire-plugin:2.22.2:test (default-test) on project jstyleparser: There are test failures.
[ERROR] 
[ERROR] Please refer to /home/zhihao/hdd/antlr410-jstyle-a1/target/surefire-reports for the individual test results.
[ERROR] Please refer to dump files (if any exist) [date].dump, [date]-jvmRun[N].dump and [date].dumpstream.
[ERROR] -> [Help 1]
[ERROR] 
[ERROR] To see the full stack trace of the errors, re-run Maven with the -e switch.
[ERROR] Re-run Maven using the -X switch to enable full debug logging.
[ERROR] 
[ERROR] For more information about the errors and possible solutions, please read the following articles:
[ERROR] [Help 1] http://cwiki.apache.org/confluence/display/MAVEN/MojoFailureException
