{25} neutron.tests.unit.extensions.test_flavors.FlavorExtensionTestCase.test_update_flavor_too_long_description [0.234291s] ... ok
{28} neutron.tests.unit.extensions.test_flavors.FlavorExtensionTestCase.test_delete_flavor [0.235073s] ... ok
{27} neutron.tests.unit.extensions.test_flavors.FlavorExtensionTestCase.test_update_service_profile [0.313729s] ... ok
{39} neutron.tests.unit.extensions.test_flavors.FlavorExtensionTestCase.test_update_flavor_too_long_name [0.311869s] ... ok
{2} neutron.tests.unit.extensions.test_flavors.FlavorExtensionTestCase.test_create_flavor [0.312754s] ... ok
{14} neutron.tests.unit.extensions.test_flavors.FlavorExtensionTestCase.test_show_service_profile [0.304991s] ... ok
{23} neutron.tests.unit.extensions.test_flavors.FlavorExtensionTestCase.test_update_service_profile_invalid_enabled [0.313652s] ... ok
{18} neutron.tests.unit.extensions.test_flavors.FlavorExtensionTestCase.test_create_service_profile_invalid_enabled [0.315067s] ... ok
{29} neutron.tests.unit.extensions.test_flavors.FlavorPluginTestCase.test_create_service_profile_invalid_empty [0.356978s] ... ok
{4} neutron.tests.unit.extensions.test_flavors.FlavorPluginTestCase.test_create_service_profile_invalid_driver [0.296002s] ... ok
{26} neutron.tests.unit.extensions.test_flavors.FlavorExtensionTestCase.test_show_flavor [0.375810s] ... ok
{7} neutron.tests.unit.extensions.test_flavors.FlavorExtensionTestCase.test_update_flavor [0.383933s] ... ok
{43} neutron.tests.unit.extensions.test_flavors.FlavorExtensionTestCase.test_create_flavor_invalid_enabled [0.387785s] ... ok
{47} neutron.tests.unit.extensions.test_flavors.FlavorExtensionTestCase.test_disassociate_service_profile_with_flavor [0.362848s] ... ok
{34} neutron.tests.unit.extensions.test_flavors.FlavorExtensionTestCase.test_create_flavor_too_long_name [0.430666s] ... ok
{22} neutron.tests.unit.extensions.test_flavors.FlavorExtensionTestCase.test_create_flavor_invalid_service_type [0.376903s] ... ok
{44} neutron.tests.unit.extensions.test_flavors.FlavorExtensionTestCase.test_create_service_profile_too_long_driver [0.282978s] ... ok
{5} neutron.tests.unit.extensions.test_flavors.FlavorExtensionTestCase.test_delete_service_profile [0.374093s] ... ok
{15} neutron.tests.unit.extensions.test_flavors.FlavorExtensionTestCase.test_create_flavor_too_long_description [0.376990s] ... ok
{33} neutron.tests.unit.extensions.test_flavors.FlavorExtensionTestCase.test_update_association_error [0.424100s] ... ok
{3} neutron.tests.unit.extensions.test_flavors.FlavorExtensionTestCase.test_get_service_profiles [0.397380s] ... ok
{31} neutron.tests.unit.extensions.test_flavors.FlavorExtensionTestCase.test_create_service_profile [0.401185s] ... ok
{37} neutron.tests.unit.extensions.test_flavors.FlavorExtensionTestCase.test_update_service_profile_too_long_description [0.378947s] ... ok
{6} neutron.tests.unit.extensions.test_flavors.FlavorExtensionTestCase.test_get_flavors [0.389790s] ... ok
{19} neutron.tests.unit.extensions.test_flavors.FlavorExtensionTestCase.test_associate_service_profile_with_flavor [0.376983s] ... ok
{32} neutron.tests.unit.extensions.test_flavors.FlavorExtensionTestCase.test_create_service_profile_too_long_description [0.433637s] ... ok
{40} neutron.tests.unit.extensions.test_flavors.FlavorExtensionTestCase.test_update_flavor_invalid_enabled [0.386911s] ... ok
{45} neutron.tests.unit.extensions.test_flavors.FlavorPluginTestCase.test_disassociate_service_profile_with_flavor [0.560898s] ... ok
{9} neutron.tests.unit.extensions.test_flavors.FlavorPluginTestCase.test_delete_service_profile [0.552740s] ... ok
{17} neutron.tests.unit.extensions.test_flavors.FlavorPluginTestCase.test_show_flavor [0.539251s] ... ok
{42} neutron.tests.unit.extensions.test_flavors.FlavorPluginTestCase.test_autodelete_flavor_associations [0.581647s] ... ok
{10} neutron.tests.unit.extensions.test_flavors.FlavorPluginTestCase.test_get_service_profiles [0.565859s] ... ok
{20} neutron.tests.unit.extensions.test_flavors.FlavorPluginTestCase.test_show_service_profile [0.551743s] ... ok
{30} neutron.tests.unit.extensions.test_flavors.FlavorPluginTestCase.test_get_flavor_next_provider_no_binding [0.610473s] ... ok
{24} neutron.tests.unit.extensions.test_flavors.FlavorPluginTestCase.test_delete_flavor_in_use [0.551381s] ... ok
{41} neutron.tests.unit.extensions.test_flavors.FlavorPluginTestCase.test_get_flavor_next_provider_no_driver [0.601185s] ... ok
{11} neutron.tests.unit.extensions.test_flavors.FlavorPluginTestCase.test_update_service_profile [0.554527s] ... ok
{35} neutron.tests.unit.extensions.test_flavors.FlavorPluginTestCase.test_delete_service_profile_in_use [0.570883s] ... ok
{46} neutron.tests.unit.extensions.test_flavors.FlavorPluginTestCase.test_get_flavor_next_provider [0.576323s] ... ok
{16} neutron.tests.unit.extensions.test_flavors.FlavorPluginTestCase.test_get_flavor_next_provider_disabled [0.591484s] ... ok
{36} neutron.tests.unit.extensions.test_flavors.FlavorPluginTestCase.test_create_flavor [0.502181s] ... ok
{38} neutron.tests.unit.extensions.test_flavors.FlavorPluginTestCase.test_get_flavors [0.501276s] ... ok
{21} neutron.tests.unit.extensions.test_flavors.FlavorPluginTestCase.test_create_service_profile_empty_driver [0.498064s] ... ok
{1} neutron.tests.unit.extensions.test_flavors.FlavorPluginTestCase.test_create_service_profile [0.501051s] ... ok
{0} neutron.tests.unit.extensions.test_flavors.FlavorPluginTestCase.test_associate_service_profile_with_flavor [0.604647s] ... ok
{12} neutron.tests.unit.extensions.test_flavors.FlavorPluginTestCase.test_delete_flavor [0.605394s] ... ok
{13} neutron.tests.unit.extensions.test_flavors.FlavorPluginTestCase.test_update_flavor [0.611336s] ... ok
{8} neutron.tests.unit.extensions.test_flavors.FlavorPluginTestCase.test_associate_service_profile_with_flavor_exists [0.791324s] ... ok

======
Totals
======
Ran: 48 tests in 0.8367 sec.
 - Passed: 48
 - Skipped: 0
 - Expected Fail: 0
 - Unexpected Success: 0
 - Failed: 0
Sum of execute time for each test: 21.5590 sec.

==============
Worker Balance
==============
 - Worker 0 (1 tests) => 0:00:00.604647
 - Worker 1 (1 tests) => 0:00:00.501051
 - Worker 2 (1 tests) => 0:00:00.312754
 - Worker 3 (1 tests) => 0:00:00.397380
 - Worker 4 (1 tests) => 0:00:00.296002
 - Worker 5 (1 tests) => 0:00:00.374093
 - Worker 6 (1 tests) => 0:00:00.389790
 - Worker 7 (1 tests) => 0:00:00.383933
 - Worker 8 (1 tests) => 0:00:00.791324
 - Worker 9 (1 tests) => 0:00:00.552740
 - Worker 10 (1 tests) => 0:00:00.565859
 - Worker 11 (1 tests) => 0:00:00.554527
 - Worker 12 (1 tests) => 0:00:00.605394
 - Worker 13 (1 tests) => 0:00:00.611336
 - Worker 14 (1 tests) => 0:00:00.304991
 - Worker 15 (1 tests) => 0:00:00.376990
 - Worker 16 (1 tests) => 0:00:00.591484
 - Worker 17 (1 tests) => 0:00:00.539251
 - Worker 18 (1 tests) => 0:00:00.315067
 - Worker 19 (1 tests) => 0:00:00.376983
 - Worker 20 (1 tests) => 0:00:00.551743
 - Worker 21 (1 tests) => 0:00:00.498064
 - Worker 22 (1 tests) => 0:00:00.376903
 - Worker 23 (1 tests) => 0:00:00.313652
 - Worker 24 (1 tests) => 0:00:00.551381
 - Worker 25 (1 tests) => 0:00:00.234291
 - Worker 26 (1 tests) => 0:00:00.375810
 - Worker 27 (1 tests) => 0:00:00.313729
 - Worker 28 (1 tests) => 0:00:00.235073
 - Worker 29 (1 tests) => 0:00:00.356978
 - Worker 30 (1 tests) => 0:00:00.610473
 - Worker 31 (1 tests) => 0:00:00.401185
 - Worker 32 (1 tests) => 0:00:00.433637
 - Worker 33 (1 tests) => 0:00:00.424100
 - Worker 34 (1 tests) => 0:00:00.430666
 - Worker 35 (1 tests) => 0:00:00.570883
 - Worker 36 (1 tests) => 0:00:00.502181
 - Worker 37 (1 tests) => 0:00:00.378947
 - Worker 38 (1 tests) => 0:00:00.501276
 - Worker 39 (1 tests) => 0:00:00.311869
 - Worker 40 (1 tests) => 0:00:00.386911
 - Worker 41 (1 tests) => 0:00:00.601185
 - Worker 42 (1 tests) => 0:00:00.581647
 - Worker 43 (1 tests) => 0:00:00.387785
 - Worker 44 (1 tests) => 0:00:00.282978
 - Worker 45 (1 tests) => 0:00:00.560898
 - Worker 46 (1 tests) => 0:00:00.576323
 - Worker 47 (1 tests) => 0:00:00.362848
