1 RLock(s) were not greened, to fix this error make sure you run eventlet.monkey_patch() before importing any other modules.
1 RLock(s) were not greened, to fix this error make sure you run eventlet.monkey_patch() before importing any other modules.
1 RLock(s) were not greened, to fix this error make sure you run eventlet.monkey_patch() before importing any other modules.
1 RLock(s) were not greened, to fix this error make sure you run eventlet.monkey_patch() before importing any other modules.
1 RLock(s) were not greened, to fix this error make sure you run eventlet.monkey_patch() before importing any other modules.
1 RLock(s) were not greened, to fix this error make sure you run eventlet.monkey_patch() before importing any other modules.
1 RLock(s) were not greened, to fix this error make sure you run eventlet.monkey_patch() before importing any other modules.
1 RLock(s) were not greened, to fix this error make sure you run eventlet.monkey_patch() before importing any other modules.
1 RLock(s) were not greened, to fix this error make sure you run eventlet.monkey_patch() before importing any other modules.
1 RLock(s) were not greened, to fix this error make sure you run eventlet.monkey_patch() before importing any other modules.
1 RLock(s) were not greened, to fix this error make sure you run eventlet.monkey_patch() before importing any other modules.
1 RLock(s) were not greened, to fix this error make sure you run eventlet.monkey_patch() before importing any other modules.
1 RLock(s) were not greened, to fix this error make sure you run eventlet.monkey_patch() before importing any other modules.
1 RLock(s) were not greened, to fix this error make sure you run eventlet.monkey_patch() before importing any other modules.
1 RLock(s) were not greened, to fix this error make sure you run eventlet.monkey_patch() before importing any other modules.
1 RLock(s) were not greened, to fix this error make sure you run eventlet.monkey_patch() before importing any other modules.
1 RLock(s) were not greened, to fix this error make sure you run eventlet.monkey_patch() before importing any other modules.
1 RLock(s) were not greened, to fix this error make sure you run eventlet.monkey_patch() before importing any other modules.
1 RLock(s) were not greened, to fix this error make sure you run eventlet.monkey_patch() before importing any other modules.
1 RLock(s) were not greened, to fix this error make sure you run eventlet.monkey_patch() before importing any other modules.
1 RLock(s) were not greened, to fix this error make sure you run eventlet.monkey_patch() before importing any other modules.
1 RLock(s) were not greened, to fix this error make sure you run eventlet.monkey_patch() before importing any other modules.
1 RLock(s) were not greened, to fix this error make sure you run eventlet.monkey_patch() before importing any other modules.
1 RLock(s) were not greened, to fix this error make sure you run eventlet.monkey_patch() before importing any other modules.
1 RLock(s) were not greened, to fix this error make sure you run eventlet.monkey_patch() before importing any other modules.
1 RLock(s) were not greened, to fix this error make sure you run eventlet.monkey_patch() before importing any other modules.
1 RLock(s) were not greened, to fix this error make sure you run eventlet.monkey_patch() before importing any other modules.
1 RLock(s) were not greened, to fix this error make sure you run eventlet.monkey_patch() before importing any other modules.
1 RLock(s) were not greened, to fix this error make sure you run eventlet.monkey_patch() before importing any other modules.
1 RLock(s) were not greened, to fix this error make sure you run eventlet.monkey_patch() before importing any other modules.
1 RLock(s) were not greened, to fix this error make sure you run eventlet.monkey_patch() before importing any other modules.
1 RLock(s) were not greened, to fix this error make sure you run eventlet.monkey_patch() before importing any other modules.
1 RLock(s) were not greened, to fix this error make sure you run eventlet.monkey_patch() before importing any other modules.
1 RLock(s) were not greened, to fix this error make sure you run eventlet.monkey_patch() before importing any other modules.
1 RLock(s) were not greened, to fix this error make sure you run eventlet.monkey_patch() before importing any other modules.
1 RLock(s) were not greened, to fix this error make sure you run eventlet.monkey_patch() before importing any other modules.
1 RLock(s) were not greened, to fix this error make sure you run eventlet.monkey_patch() before importing any other modules.
1 RLock(s) were not greened, to fix this error make sure you run eventlet.monkey_patch() before importing any other modules.
1 RLock(s) were not greened, to fix this error make sure you run eventlet.monkey_patch() before importing any other modules.
1 RLock(s) were not greened, to fix this error make sure you run eventlet.monkey_patch() before importing any other modules.
1 RLock(s) were not greened, to fix this error make sure you run eventlet.monkey_patch() before importing any other modules.
1 RLock(s) were not greened, to fix this error make sure you run eventlet.monkey_patch() before importing any other modules.
1 RLock(s) were not greened, to fix this error make sure you run eventlet.monkey_patch() before importing any other modules.
1 RLock(s) were not greened, to fix this error make sure you run eventlet.monkey_patch() before importing any other modules.
1 RLock(s) were not greened, to fix this error make sure you run eventlet.monkey_patch() before importing any other modules.
1 RLock(s) were not greened, to fix this error make sure you run eventlet.monkey_patch() before importing any other modules.
1 RLock(s) were not greened, to fix this error make sure you run eventlet.monkey_patch() before importing any other modules.
1 RLock(s) were not greened, to fix this error make sure you run eventlet.monkey_patch() before importing any other modules.
1 RLock(s) were not greened, to fix this error make sure you run eventlet.monkey_patch() before importing any other modules.
1 RLock(s) were not greened, to fix this error make sure you run eventlet.monkey_patch() before importing any other modules.
1 RLock(s) were not greened, to fix this error make sure you run eventlet.monkey_patch() before importing any other modules.
1 RLock(s) were not greened, to fix this error make sure you run eventlet.monkey_patch() before importing any other modules.
1 RLock(s) were not greened, to fix this error make sure you run eventlet.monkey_patch() before importing any other modules.
1 RLock(s) were not greened, to fix this error make sure you run eventlet.monkey_patch() before importing any other modules.
1 RLock(s) were not greened, to fix this error make sure you run eventlet.monkey_patch() before importing any other modules.
1 RLock(s) were not greened, to fix this error make sure you run eventlet.monkey_patch() before importing any other modules.
1 RLock(s) were not greened, to fix this error make sure you run eventlet.monkey_patch() before importing any other modules.
1 RLock(s) were not greened, to fix this error make sure you run eventlet.monkey_patch() before importing any other modules.
1 RLock(s) were not greened, to fix this error make sure you run eventlet.monkey_patch() before importing any other modules.
1 RLock(s) were not greened, to fix this error make sure you run eventlet.monkey_patch() before importing any other modules.
1 RLock(s) were not greened, to fix this error make sure you run eventlet.monkey_patch() before importing any other modules.
1 RLock(s) were not greened, to fix this error make sure you run eventlet.monkey_patch() before importing any other modules.
1 RLock(s) were not greened, to fix this error make sure you run eventlet.monkey_patch() before importing any other modules.
1 RLock(s) were not greened, to fix this error make sure you run eventlet.monkey_patch() before importing any other modules.
1 RLock(s) were not greened, to fix this error make sure you run eventlet.monkey_patch() before importing any other modules.
1 RLock(s) were not greened, to fix this error make sure you run eventlet.monkey_patch() before importing any other modules.
1 RLock(s) were not greened, to fix this error make sure you run eventlet.monkey_patch() before importing any other modules.
1 RLock(s) were not greened, to fix this error make sure you run eventlet.monkey_patch() before importing any other modules.
1 RLock(s) were not greened, to fix this error make sure you run eventlet.monkey_patch() before importing any other modules.
1 RLock(s) were not greened, to fix this error make sure you run eventlet.monkey_patch() before importing any other modules.
1 RLock(s) were not greened, to fix this error make sure you run eventlet.monkey_patch() before importing any other modules.
1 RLock(s) were not greened, to fix this error make sure you run eventlet.monkey_patch() before importing any other modules.
1 RLock(s) were not greened, to fix this error make sure you run eventlet.monkey_patch() before importing any other modules.
1 RLock(s) were not greened, to fix this error make sure you run eventlet.monkey_patch() before importing any other modules.
1 RLock(s) were not greened, to fix this error make sure you run eventlet.monkey_patch() before importing any other modules.
1 RLock(s) were not greened, to fix this error make sure you run eventlet.monkey_patch() before importing any other modules.
1 RLock(s) were not greened, to fix this error make sure you run eventlet.monkey_patch() before importing any other modules.
1 RLock(s) were not greened, to fix this error make sure you run eventlet.monkey_patch() before importing any other modules.
1 RLock(s) were not greened, to fix this error make sure you run eventlet.monkey_patch() before importing any other modules.
1 RLock(s) were not greened, to fix this error make sure you run eventlet.monkey_patch() before importing any other modules.
1 RLock(s) were not greened, to fix this error make sure you run eventlet.monkey_patch() before importing any other modules.
1 RLock(s) were not greened, to fix this error make sure you run eventlet.monkey_patch() before importing any other modules.
1 RLock(s) were not greened, to fix this error make sure you run eventlet.monkey_patch() before importing any other modules.
1 RLock(s) were not greened, to fix this error make sure you run eventlet.monkey_patch() before importing any other modules.
1 RLock(s) were not greened, to fix this error make sure you run eventlet.monkey_patch() before importing any other modules.
1 RLock(s) were not greened, to fix this error make sure you run eventlet.monkey_patch() before importing any other modules.
1 RLock(s) were not greened, to fix this error make sure you run eventlet.monkey_patch() before importing any other modules.
1 RLock(s) were not greened, to fix this error make sure you run eventlet.monkey_patch() before importing any other modules.
1 RLock(s) were not greened, to fix this error make sure you run eventlet.monkey_patch() before importing any other modules.
1 RLock(s) were not greened, to fix this error make sure you run eventlet.monkey_patch() before importing any other modules.
1 RLock(s) were not greened, to fix this error make sure you run eventlet.monkey_patch() before importing any other modules.
1 RLock(s) were not greened, to fix this error make sure you run eventlet.monkey_patch() before importing any other modules.
1 RLock(s) were not greened, to fix this error make sure you run eventlet.monkey_patch() before importing any other modules.
1 RLock(s) were not greened, to fix this error make sure you run eventlet.monkey_patch() before importing any other modules.
1 RLock(s) were not greened, to fix this error make sure you run eventlet.monkey_patch() before importing any other modules.
1 RLock(s) were not greened, to fix this error make sure you run eventlet.monkey_patch() before importing any other modules.
1 RLock(s) were not greened, to fix this error make sure you run eventlet.monkey_patch() before importing any other modules.
1 RLock(s) were not greened, to fix this error make sure you run eventlet.monkey_patch() before importing any other modules.
1 RLock(s) were not greened, to fix this error make sure you run eventlet.monkey_patch() before importing any other modules.
1 RLock(s) were not greened, to fix this error make sure you run eventlet.monkey_patch() before importing any other modules.
1 RLock(s) were not greened, to fix this error make sure you run eventlet.monkey_patch() before importing any other modules.
1 RLock(s) were not greened, to fix this error make sure you run eventlet.monkey_patch() before importing any other modules.
1 RLock(s) were not greened, to fix this error make sure you run eventlet.monkey_patch() before importing any other modules.
1 RLock(s) were not greened, to fix this error make sure you run eventlet.monkey_patch() before importing any other modules.
1 RLock(s) were not greened, to fix this error make sure you run eventlet.monkey_patch() before importing any other modules.
1 RLock(s) were not greened, to fix this error make sure you run eventlet.monkey_patch() before importing any other modules.
1 RLock(s) were not greened, to fix this error make sure you run eventlet.monkey_patch() before importing any other modules.
1 RLock(s) were not greened, to fix this error make sure you run eventlet.monkey_patch() before importing any other modules.
1 RLock(s) were not greened, to fix this error make sure you run eventlet.monkey_patch() before importing any other modules.
1 RLock(s) were not greened, to fix this error make sure you run eventlet.monkey_patch() before importing any other modules.
1 RLock(s) were not greened, to fix this error make sure you run eventlet.monkey_patch() before importing any other modules.
1 RLock(s) were not greened, to fix this error make sure you run eventlet.monkey_patch() before importing any other modules.
1 RLock(s) were not greened, to fix this error make sure you run eventlet.monkey_patch() before importing any other modules.
1 RLock(s) were not greened, to fix this error make sure you run eventlet.monkey_patch() before importing any other modules.
1 RLock(s) were not greened, to fix this error make sure you run eventlet.monkey_patch() before importing any other modules.
1 RLock(s) were not greened, to fix this error make sure you run eventlet.monkey_patch() before importing any other modules.
1 RLock(s) were not greened, to fix this error make sure you run eventlet.monkey_patch() before importing any other modules.
1 RLock(s) were not greened, to fix this error make sure you run eventlet.monkey_patch() before importing any other modules.
1 RLock(s) were not greened, to fix this error make sure you run eventlet.monkey_patch() before importing any other modules.
1 RLock(s) were not greened, to fix this error make sure you run eventlet.monkey_patch() before importing any other modules.
1 RLock(s) were not greened, to fix this error make sure you run eventlet.monkey_patch() before importing any other modules.
1 RLock(s) were not greened, to fix this error make sure you run eventlet.monkey_patch() before importing any other modules.
1 RLock(s) were not greened, to fix this error make sure you run eventlet.monkey_patch() before importing any other modules.
1 RLock(s) were not greened, to fix this error make sure you run eventlet.monkey_patch() before importing any other modules.
1 RLock(s) were not greened, to fix this error make sure you run eventlet.monkey_patch() before importing any other modules.
1 RLock(s) were not greened, to fix this error make sure you run eventlet.monkey_patch() before importing any other modules.
1 RLock(s) were not greened, to fix this error make sure you run eventlet.monkey_patch() before importing any other modules.
1 RLock(s) were not greened, to fix this error make sure you run eventlet.monkey_patch() before importing any other modules.
1 RLock(s) were not greened, to fix this error make sure you run eventlet.monkey_patch() before importing any other modules.
1 RLock(s) were not greened, to fix this error make sure you run eventlet.monkey_patch() before importing any other modules.
1 RLock(s) were not greened, to fix this error make sure you run eventlet.monkey_patch() before importing any other modules.
1 RLock(s) were not greened, to fix this error make sure you run eventlet.monkey_patch() before importing any other modules.
1 RLock(s) were not greened, to fix this error make sure you run eventlet.monkey_patch() before importing any other modules.
1 RLock(s) were not greened, to fix this error make sure you run eventlet.monkey_patch() before importing any other modules.
1 RLock(s) were not greened, to fix this error make sure you run eventlet.monkey_patch() before importing any other modules.
1 RLock(s) were not greened, to fix this error make sure you run eventlet.monkey_patch() before importing any other modules.
1 RLock(s) were not greened, to fix this error make sure you run eventlet.monkey_patch() before importing any other modules.
1 RLock(s) were not greened, to fix this error make sure you run eventlet.monkey_patch() before importing any other modules.
1 RLock(s) were not greened, to fix this error make sure you run eventlet.monkey_patch() before importing any other modules.
1 RLock(s) were not greened, to fix this error make sure you run eventlet.monkey_patch() before importing any other modules.
1 RLock(s) were not greened, to fix this error make sure you run eventlet.monkey_patch() before importing any other modules.
1 RLock(s) were not greened, to fix this error make sure you run eventlet.monkey_patch() before importing any other modules.
1 RLock(s) were not greened, to fix this error make sure you run eventlet.monkey_patch() before importing any other modules.
1 RLock(s) were not greened, to fix this error make sure you run eventlet.monkey_patch() before importing any other modules.
1 RLock(s) were not greened, to fix this error make sure you run eventlet.monkey_patch() before importing any other modules.
{126} cinder.tests.unit.test_utils.TestLogLevels.test_get_log_method_5___error___40_ [0.420195s] ... ok
{15} cinder.tests.unit.test_utils.TestLogLevels.test_get_log_method_1___info___20_ [0.487737s] ... ok
{24} cinder.tests.unit.test_utils.GetBlkdevMajorMinorTestCase.test_get_blkdev_is_chr [0.313298s] ... ok
{9} cinder.tests.unit.test_utils.TestCheckMetadataProperties.test_metadata_value_not_string_raise_7 [0.356734s] ... ok
{19} cinder.tests.unit.test_utils.TestCalculateVirtualFree.test_utils_calculate_virtual_free_capacity_provision_type_2 [0.279092s] ... ok
{17} cinder.tests.unit.test_utils.TestComparableMixin.test_le [0.367181s] ... ok
{1} cinder.tests.unit.test_utils.AuditPeriodTest.test_hour_with_offset_before_current [0.313719s] ... ok
{37} cinder.tests.unit.test_utils.TestRetryDecorator.test_retry_exit_code [0.507652s] ... ok
{1} cinder.tests.unit.test_utils.IsBlkDeviceTestCase.test_is_blk_device [0.022304s] ... ok
{26} cinder.tests.unit.test_utils.TestRetryDecorator.test_no_retry_required_random [0.301502s] ... ok
{69} cinder.tests.unit.test_utils.TestNotificationShortCircuit.test_if_notification_enabled_when_disabled_3___noop____noop__ [0.315611s] ... ok
{97} cinder.tests.unit.test_utils.TestKeystoneProjectGet.test_get_project_keystoneclient_v3 [0.287469s] ... ok
{25} cinder.tests.unit.test_utils.IsBlkDeviceTestCase.test_fail_is_blk_device [0.319594s] ... ok
{16} cinder.tests.unit.test_utils.TestCleanFileLocks.test_api_clean_volume_file_locks [0.480180s] ... ok
{36} cinder.tests.unit.test_utils.AuditPeriodTest.test_month [0.281817s] ... ok
{21} cinder.tests.unit.test_utils.InvalidFilterTestCase.test_admin_allows_all_options [0.335002s] ... ok
{12} cinder.tests.unit.test_utils.TestValidateInteger.test_validate_integer_1_123 [0.501322s] ... ok
{40} cinder.tests.unit.test_utils.TestLogLevels.test_get_log_method_invalid_1_None [0.327192s] ... ok
{8} cinder.tests.unit.test_utils.TestComparableMixin.test_compare [0.461691s] ... ok
{52} cinder.tests.unit.test_utils.TestAutoMaxOversubscriptionRatio.test_calculate_max_over_subscription_ratio_09 [0.290058s] ... ok
{30} cinder.tests.unit.test_utils.GenericUtilsTestCase.test_get_file_mode [0.489650s] ... ok
{43} cinder.tests.unit.test_utils.TestValidateInteger.test_validate_integer_raise_assert_3_2_05 [0.440163s] ... ok
{56} cinder.tests.unit.test_utils.TestAutoMaxOversubscriptionRatio.test_calculate_max_over_subscription_ratio_01 [0.326998s] ... ok
{44} cinder.tests.unit.test_utils.GetDiskOfPartitionTestCase.test_diskpath_is_block_device [0.328442s] ... ok
{27} cinder.tests.unit.test_utils.WalkClassHierarchyTestCase.test_walk_class_hierarchy [0.334273s] ... ok
{59} cinder.tests.unit.test_utils.TestComparableMixin.test_eq [0.505798s] ... ok
{31} cinder.tests.unit.test_utils.InvalidFilterTestCase.test_admin_allows_some_options [0.556452s] ... ok
{73} cinder.tests.unit.test_utils.GenericUtilsTestCase.test_get_file_gid [0.629330s] ... ok
{104} cinder.tests.unit.test_utils.GenericUtilsTestCase.test_hostname_unicode_sanitization [0.643755s] ... ok
{32} cinder.tests.unit.test_utils.AuditPeriodTest.test_hour_with_offset_after_current [0.952599s] ... ok
{33} cinder.tests.unit.test_utils.TestRetryDecorator.test_retries_once_random [0.837555s] ... ok
{129} cinder.tests.unit.test_utils.TestCalculateVirtualFree.test_utils_calculate_capacity_factors_3 [0.360653s] ... ok
{110} cinder.tests.unit.test_utils.GenericUtilsTestCase.test_paths_normcase_equal_1 [0.321789s] ... ok
{45} cinder.tests.unit.test_utils.GenericUtilsTestCase.test_hostname_sanitize_periods [0.947845s] ... ok
{124} cinder.tests.unit.test_utils.ExecuteTestCase.test_execute_root_and_helper [1.225471s] ... ok
{2} cinder.tests.unit.test_utils.TestLogLevels.test_get_log_method_4___wArNiNg___30_ [0.557581s] ... ok
{2} cinder.tests.unit.test_utils.TestRetryDecorator.test_limit_is_reached [0.037044s] ... ok
{23} cinder.tests.unit.test_utils.TestComparableMixin.test_ge [1.055666s] ... ok
{84} cinder.tests.unit.test_utils.TestNotificationShortCircuit.test_do_nothing_json_serializable [0.538781s] ... ok
{85} cinder.tests.unit.test_utils.AuditPeriodTest.test_month_with_offset_after_current [1.080950s] ... ok
{10} cinder.tests.unit.test_utils.AddVisibleAdminMetadataTestCase.test_add_visible_admin_metadata_no_existing_metadata [0.959437s] ... ok
{35} cinder.tests.unit.test_utils.GetBlkdevMajorMinorTestCase.test_get_blkdev_failure [0.725838s] ... ok
{101} cinder.tests.unit.test_utils.ExecuteTestCase.test_execute_root [0.550231s] ... ok
{3} cinder.tests.unit.test_utils.TemporaryChownTestCase.test_supplied_owner_uid [0.869334s] ... ok
{67} cinder.tests.unit.test_utils.AddVisibleAdminMetadataTestCase.test_add_visible_admin_metadata_visible_key_only [0.592758s] ... ok
{14} cinder.tests.unit.test_utils.TestValidateInteger.test_validate_integer_raise_assert_6_test [0.934389s] ... ok
{3} cinder.tests.unit.test_utils.TestAutoMaxOversubscriptionRatio.test_calculate_max_over_subscription_ratio_03 [0.042120s] ... ok
{64} cinder.tests.unit.test_utils.TestRetryDecorator.test_wrong_exception_no_retry [0.579548s] ... ok
{115} cinder.tests.unit.test_utils.TestCalculateVirtualFree.test_utils_calculate_capacity_factors_1 [0.549423s] ... ok
{78} cinder.tests.unit.test_utils.TestComparableMixin.test_lt [1.071537s] ... ok
{122} cinder.tests.unit.test_utils.AuditPeriodTest.test_day_with_offset_before_current [0.528906s] ... ok
{68} cinder.tests.unit.test_utils.TestValidateInteger.test_validate_integer_raise_assert_2__12 [0.883380s] ... ok
{60} cinder.tests.unit.test_utils.TestCalculateVirtualFree.test_utils_calculate_capacity_factors_2 [1.054949s] ... ok
{5} cinder.tests.unit.test_utils.TestRetryDecorator.test_no_retry_required [0.887166s] ... ok
{121} cinder.tests.unit.test_utils.AuditPeriodTest.test_month_jan_day_not_first [0.803347s] ... ok
{98} cinder.tests.unit.test_utils.LimitOperationsTestCase.test_semaphore_factory_with_limit_and_workers [0.624512s] ... ok
{74} cinder.tests.unit.test_utils.TestAutoMaxOversubscriptionRatio.test_calculate_max_over_subscription_ratio_07 [0.919411s] ... ok
{117} cinder.tests.unit.test_utils.TestComparableMixin.test_ne [1.188102s] ... ok
{58} cinder.tests.unit.test_utils.TestCheckMetadataProperties.test_metadata_value_not_string_raise_6 [0.941263s] ... ok
{103} cinder.tests.unit.test_utils.GenericUtilsTestCase.test_hostname_sanitize_characters [0.599059s] ... ok
{138} cinder.tests.unit.test_utils.TestNotificationShortCircuit.test_if_notification_enabled_when_disabled_1___ [0.537760s] ... ok
{4} cinder.tests.unit.test_utils.TestComparableMixin.test_gt [0.969180s] ... ok
{34} cinder.tests.unit.test_utils.TestValidateInteger.test_validate_integer_raise_assert_1_2147483649 [0.873129s] ... ok
{51} cinder.tests.unit.test_utils.GetDiskOfPartitionTestCase.test_diskpath_is_not_block_device [0.967062s] ... ok
{80} cinder.tests.unit.test_utils.TestNotificationShortCircuit.test_if_notification_enabled_when_enabled [1.210244s] ... ok
{71} cinder.tests.unit.test_utils.GenericUtilsTestCase.test_make_dev_path [0.737714s] ... ok
{135} cinder.tests.unit.test_utils.TestAutoMaxOversubscriptionRatio.test_calculate_max_over_subscription_ratio_06 [0.600386s] ... ok
{113} cinder.tests.unit.test_utils.TestLogLevels.test_get_log_method_3___INFO___20_ [0.523380s] ... ok
{28} cinder.tests.unit.test_utils.AuditPeriodTest.test_day_with_offset_after_current [1.381860s] ... ok
{18} cinder.tests.unit.test_utils.AuditPeriodTest.test_uses_conf_unit [1.729049s] ... ok
{48} cinder.tests.unit.test_utils.LimitOperationsTestCase.test_semaphore [1.313184s] ... ok
{127} cinder.tests.unit.test_utils.TestCleanFileLocks.test_clean_snapshot_file_locks_failures [0.412919s] ... ok
{107} cinder.tests.unit.test_utils.BrickUtils.test_brick_detach_volume_encryptor [0.785701s] ... ok
{54} cinder.tests.unit.test_utils.GetBlkdevMajorMinorTestCase.test_get_blkdev_major_minor_file_nfs [1.285507s] ... ok
{100} cinder.tests.unit.test_utils.TestValidateInteger.test_validate_integer_raise_assert_5_should_be_int [1.204424s] ... ok
{38} cinder.tests.unit.test_utils.GenericUtilsTestCase.test_hostname_sanitize_dashes [2.443446s] ... ok
{50} cinder.tests.unit.test_utils.TestCheckMetadataProperties.test_metadata_value_not_string_raise_4 [0.603806s] ... ok
{41} cinder.tests.unit.test_utils.TestCalculateVirtualFree.test_utils_calculate_virtual_free_capacity_provision_type_4 [0.965445s] ... ok
{42} cinder.tests.unit.test_utils.TestAutoMaxOversubscriptionRatio.test_calculate_max_over_subscription_ratio_08 [0.630965s] ... ok
{49} cinder.tests.unit.test_utils.GenericUtilsTestCase.test_check_exclusive_options [0.892707s] ... ok
{22} cinder.tests.unit.test_utils.TestCalculateVirtualFree.test_utils_calculate_virtual_free_capacity_provision_type_1 [1.076202s] ... ok
{76} cinder.tests.unit.test_utils.AuditPeriodTest.test_year_with_offset_after_current [1.542061s] ... ok
{114} cinder.tests.unit.test_utils.GenericUtilsTestCase.test_check_ssh_injection [0.951624s] ... ok
{112} cinder.tests.unit.test_utils.AuditPeriodTest.test_year [0.912288s] ... ok
{88} cinder.tests.unit.test_utils.TestLogLevels.test_get_log_levels [2.292592s] ... ok
{92} cinder.tests.unit.test_utils.LimitOperationsTestCase.test_semaphore_factory_no_limit_1_1 [0.655172s] ... ok
{143} cinder.tests.unit.test_utils.GenericUtilsTestCase.test_write_configfile [0.682524s] ... ok
{11} cinder.tests.unit.test_utils.TestCleanFileLocks.test_clean_snapshot_file_locks [0.778942s] ... ok
{108} cinder.tests.unit.test_utils.GenericUtilsTestCase.test_get_root_helper [1.287832s] ... ok
{130} cinder.tests.unit.test_utils.TestAutoMaxOversubscriptionRatio.test_calculate_max_over_subscription_ratio_02 [0.282388s] ... ok
{93} cinder.tests.unit.test_utils.TestAutoMaxOversubscriptionRatio.test_calculate_max_over_subscription_ratio_10 [0.669774s] ... ok
{131} cinder.tests.unit.test_utils.GetBlkdevMajorMinorTestCase.test_get_file_size [0.766314s] ... ok
{128} cinder.tests.unit.test_utils.TestCleanFileLocks.test_clean_volume_file_locks [1.204160s] ... ok
{63} cinder.tests.unit.test_utils.TestCheckMetadataProperties.test_metadata_value_not_string_raise_3 [1.539731s] ... ok
{105} cinder.tests.unit.test_utils.TestLogLevels.test_get_log_method_6___debug___10_ [0.848742s] ... ok
{62} cinder.tests.unit.test_utils.GetBlkdevMajorMinorTestCase.test_get_blkdev_major_minor_file [0.690109s] ... ok
{65} cinder.tests.unit.test_utils.TestValidateInteger.test_validate_integer_2_123 [1.067426s] ... ok
{116} cinder.tests.unit.test_utils.TestCheckMetadataProperties.test_metadata_value_not_string_raise_1 [0.539168s] ... ok
{53} cinder.tests.unit.test_utils.IsBlkDeviceTestCase.test_not_is_blk_device [1.177623s] ... ok
{136} cinder.tests.unit.test_utils.TempdirTestCase.test_tempdir [1.025995s] ... ok
{94} cinder.tests.unit.test_utils.TestAutoMaxOversubscriptionRatio.test_calculate_max_over_subscription_ratio_04 [0.785466s] ... ok
{13} cinder.tests.unit.test_utils.GetDiskOfPartitionTestCase.test_stat_oserror [0.644170s] ... ok
{0} cinder.tests.unit.test_utils.LimitOperationsTestCase.test_semaphore_factory_no_limit_2_5 [1.435923s] ... ok
{81} cinder.tests.unit.test_utils.AuditPeriodTest.test_month_jan_day_first [0.854581s] ... ok
{0} cinder.tests.unit.test_utils.TestNotificationShortCircuit.test_do_nothing_getter [0.076407s] ... ok
{87} cinder.tests.unit.test_utils.AuditPeriodTest.test_hour [1.244058s] ... ok
{99} cinder.tests.unit.test_utils.TemporaryChownTestCase.test_get_uid [0.597522s] ... ok
{102} cinder.tests.unit.test_utils.AddVisibleAdminMetadataTestCase.test_add_visible_admin_metadata_no_visible_keys [0.904948s] ... ok
{111} cinder.tests.unit.test_utils.TemporaryChownTestCase.test_temporary_chown_win32 [1.240687s] ... ok
{79} cinder.tests.unit.test_utils.TestCalculateVirtualFree.test_utils_calculate_virtual_free_capacity_provision_type_3 [1.063496s] ... ok
{120} cinder.tests.unit.test_utils.GenericUtilsTestCase.test_check_ssh_injection_on_error [0.873198s] ... ok
{90} cinder.tests.unit.test_utils.TestRetryDecorator.test_retry_exit_code_non_retriable [0.638896s] ... ok
{123} cinder.tests.unit.test_utils.AuditPeriodTest.test_month_with_offset_before_current [1.042123s] ... ok
{20} cinder.tests.unit.test_utils.BrickUtils.test_brick_get_connector [0.650938s] ... ok
{61} cinder.tests.unit.test_utils.AuditPeriodTest.test_day [0.751949s] ... ok
{39} cinder.tests.unit.test_utils.TestNotificationShortCircuit.test_do_nothing_caller [0.928835s] ... ok
{132} cinder.tests.unit.test_utils.TestValidateInteger.test_validate_integer_raise_assert_4_12_05 [0.502667s] ... ok
{66} cinder.tests.unit.test_utils.TestCalculateVirtualFree.test_utils_calculate_capacity_factors_4 [0.658834s] ... ok
{46} cinder.tests.unit.test_utils.TestCleanFileLocks.test_clean_volume_file_locks_errors [0.617192s] ... ok
{140} cinder.tests.unit.test_utils.TestAutoMaxOversubscriptionRatio.test_calculate_max_over_subscription_ratio_05 [0.505217s] ... ok
{106} cinder.tests.unit.test_utils.GetDiskOfPartitionTestCase.test_devpath_is_diskpath [0.313321s] ... ok
{137} cinder.tests.unit.test_utils.TestLogLevels.test_set_log_levels_invalid_2_ [0.499498s] ... ok
{89} cinder.tests.unit.test_utils.GenericUtilsTestCase.test_hostname_translate [0.758737s] ... ok
{75} cinder.tests.unit.test_utils.GenericUtilsTestCase.test_as_int [0.572475s] ... ok
{119} cinder.tests.unit.test_utils.TestCheckMetadataProperties.test_metadata_value_not_string_raise_2 [0.661729s] ... ok
{118} cinder.tests.unit.test_utils.TestLogLevels.test_get_log_method_invalid_2_ [0.693215s] ... ok
{47} cinder.tests.unit.test_utils.TestRetryDecorator.test_retries_once [0.575023s] ... ok
{109} cinder.tests.unit.test_utils.TestValidateInteger.test_validate_integer_3_123 [0.377984s] ... ok
{125} cinder.tests.unit.test_utils.TestCheckMetadataProperties.test_metadata_value_not_dict_raise [0.655008s] ... ok
{86} cinder.tests.unit.test_utils.TestLogLevels.test_get_log_method_2___warning___30_ [0.605741s] ... ok
{142} cinder.tests.unit.test_utils.TestNotificationShortCircuit.test_if_notification_enabled_when_disabled_2___noop__ [0.676706s] ... ok
{139} cinder.tests.unit.test_utils.TemporaryChownTestCase.test_matching_uid [0.352605s] ... ok
{70} cinder.tests.unit.test_utils.AuditPeriodTest.test_year_with_offset_before_current [0.813967s] ... ok
{134} cinder.tests.unit.test_utils.ExecuteTestCase.test_execute [0.820116s] ... ok
{55} cinder.tests.unit.test_utils.GetBlkdevMajorMinorTestCase.test_get_blkdev_major_minor [0.744544s] ... ok
{72} cinder.tests.unit.test_utils.BrickUtils.test_brick_get_connector_properties [0.862212s] ... ok
{96} cinder.tests.unit.test_utils.LimitOperationsTestCase.test_semaphore_factory_with_limit [0.642304s] ... ok
{95} cinder.tests.unit.test_utils.TestKeystoneProjectGet.test_get_project_keystoneclient_v2 [0.695547s] ... ok
{83} cinder.tests.unit.test_utils.TestLogLevels.test_get_log_method_invalid_3_wronglevel [0.684058s] ... ok
{29} cinder.tests.unit.test_utils.StringLengthTestCase.test_check_string_length [0.489121s] ... ok
{91} cinder.tests.unit.test_utils.TestLogLevels.test_set_log_levels [0.536849s] ... ok
{57} cinder.tests.unit.test_utils.TempdirTestCase.test_tempdir_error [0.526008s] ... ok
{133} cinder.tests.unit.test_utils.AuditPeriodTest.test_invalid_unit [0.508404s] ... ok
{7} cinder.tests.unit.test_utils.BrickUtils.test_brick_attach_volume_encryptor [0.388934s] ... ok
{141} cinder.tests.unit.test_utils.TestLogLevels.test_set_log_levels_invalid_1_None [0.648246s] ... ok
{82} cinder.tests.unit.test_utils.MonkeyPatchTestCase.test_monkey_patch [0.790961s] ... ok
{6} cinder.tests.unit.test_utils.TestCheckMetadataProperties.test_metadata_value_not_string_raise_5 [0.321468s] ... ok
{77} cinder.tests.unit.test_utils.TestLogLevels.test_set_log_levels_invalid_3_wronglevel [0.424294s] ... ok

======
Totals
======
Ran: 148 tests in 8.0502 sec.
 - Passed: 148
 - Skipped: 0
 - Expected Fail: 0
 - Unexpected Success: 0
 - Failed: 0
Sum of execute time for each test: 107.1596 sec.

==============
Worker Balance
==============
 - Worker 0 (2 tests) => 0:00:01.517017
 - Worker 1 (2 tests) => 0:00:00.337017
 - Worker 2 (2 tests) => 0:00:00.597458
 - Worker 3 (2 tests) => 0:00:00.913665
 - Worker 4 (1 tests) => 0:00:00.969180
 - Worker 5 (1 tests) => 0:00:00.887166
 - Worker 6 (1 tests) => 0:00:00.321468
 - Worker 7 (1 tests) => 0:00:00.388934
 - Worker 8 (1 tests) => 0:00:00.461691
 - Worker 9 (1 tests) => 0:00:00.356734
 - Worker 10 (1 tests) => 0:00:00.959437
 - Worker 11 (1 tests) => 0:00:00.778942
 - Worker 12 (1 tests) => 0:00:00.501322
 - Worker 13 (1 tests) => 0:00:00.644170
 - Worker 14 (1 tests) => 0:00:00.934389
 - Worker 15 (1 tests) => 0:00:00.487737
 - Worker 16 (1 tests) => 0:00:00.480180
 - Worker 17 (1 tests) => 0:00:00.367181
 - Worker 18 (1 tests) => 0:00:01.729049
 - Worker 19 (1 tests) => 0:00:00.279092
 - Worker 20 (1 tests) => 0:00:00.650938
 - Worker 21 (1 tests) => 0:00:00.335002
 - Worker 22 (1 tests) => 0:00:01.076202
 - Worker 23 (1 tests) => 0:00:01.055666
 - Worker 24 (1 tests) => 0:00:00.313298
 - Worker 25 (1 tests) => 0:00:00.319594
 - Worker 26 (1 tests) => 0:00:00.301502
 - Worker 27 (1 tests) => 0:00:00.334273
 - Worker 28 (1 tests) => 0:00:01.381860
 - Worker 29 (1 tests) => 0:00:00.489121
 - Worker 30 (1 tests) => 0:00:00.489650
 - Worker 31 (1 tests) => 0:00:00.556452
 - Worker 32 (1 tests) => 0:00:00.952599
 - Worker 33 (1 tests) => 0:00:00.837555
 - Worker 34 (1 tests) => 0:00:00.873129
 - Worker 35 (1 tests) => 0:00:00.725838
 - Worker 36 (1 tests) => 0:00:00.281817
 - Worker 37 (1 tests) => 0:00:00.507652
 - Worker 38 (1 tests) => 0:00:02.443446
 - Worker 39 (1 tests) => 0:00:00.928835
 - Worker 40 (1 tests) => 0:00:00.327192
 - Worker 41 (1 tests) => 0:00:00.965445
 - Worker 42 (1 tests) => 0:00:00.630965
 - Worker 43 (1 tests) => 0:00:00.440163
 - Worker 44 (1 tests) => 0:00:00.328442
 - Worker 45 (1 tests) => 0:00:00.947845
 - Worker 46 (1 tests) => 0:00:00.617192
 - Worker 47 (1 tests) => 0:00:00.575023
 - Worker 48 (1 tests) => 0:00:01.313184
 - Worker 49 (1 tests) => 0:00:00.892707
 - Worker 50 (1 tests) => 0:00:00.603806
 - Worker 51 (1 tests) => 0:00:00.967062
 - Worker 52 (1 tests) => 0:00:00.290058
 - Worker 53 (1 tests) => 0:00:01.177623
 - Worker 54 (1 tests) => 0:00:01.285507
 - Worker 55 (1 tests) => 0:00:00.744544
 - Worker 56 (1 tests) => 0:00:00.326998
 - Worker 57 (1 tests) => 0:00:00.526008
 - Worker 58 (1 tests) => 0:00:00.941263
 - Worker 59 (1 tests) => 0:00:00.505798
 - Worker 60 (1 tests) => 0:00:01.054949
 - Worker 61 (1 tests) => 0:00:00.751949
 - Worker 62 (1 tests) => 0:00:00.690109
 - Worker 63 (1 tests) => 0:00:01.539731
 - Worker 64 (1 tests) => 0:00:00.579548
 - Worker 65 (1 tests) => 0:00:01.067426
 - Worker 66 (1 tests) => 0:00:00.658834
 - Worker 67 (1 tests) => 0:00:00.592758
 - Worker 68 (1 tests) => 0:00:00.883380
 - Worker 69 (1 tests) => 0:00:00.315611
 - Worker 70 (1 tests) => 0:00:00.813967
 - Worker 71 (1 tests) => 0:00:00.737714
 - Worker 72 (1 tests) => 0:00:00.862212
 - Worker 73 (1 tests) => 0:00:00.629330
 - Worker 74 (1 tests) => 0:00:00.919411
 - Worker 75 (1 tests) => 0:00:00.572475
 - Worker 76 (1 tests) => 0:00:01.542061
 - Worker 77 (1 tests) => 0:00:00.424294
 - Worker 78 (1 tests) => 0:00:01.071537
 - Worker 79 (1 tests) => 0:00:01.063496
 - Worker 80 (1 tests) => 0:00:01.210244
 - Worker 81 (1 tests) => 0:00:00.854581
 - Worker 82 (1 tests) => 0:00:00.790961
 - Worker 83 (1 tests) => 0:00:00.684058
 - Worker 84 (1 tests) => 0:00:00.538781
 - Worker 85 (1 tests) => 0:00:01.080950
 - Worker 86 (1 tests) => 0:00:00.605741
 - Worker 87 (1 tests) => 0:00:01.244058
 - Worker 88 (1 tests) => 0:00:02.292592
 - Worker 89 (1 tests) => 0:00:00.758737
 - Worker 90 (1 tests) => 0:00:00.638896
 - Worker 91 (1 tests) => 0:00:00.536849
 - Worker 92 (1 tests) => 0:00:00.655172
 - Worker 93 (1 tests) => 0:00:00.669774
 - Worker 94 (1 tests) => 0:00:00.785466
 - Worker 95 (1 tests) => 0:00:00.695547
 - Worker 96 (1 tests) => 0:00:00.642304
 - Worker 97 (1 tests) => 0:00:00.287469
 - Worker 98 (1 tests) => 0:00:00.624512
 - Worker 99 (1 tests) => 0:00:00.597522
 - Worker 100 (1 tests) => 0:00:01.204424
 - Worker 101 (1 tests) => 0:00:00.550231
 - Worker 102 (1 tests) => 0:00:00.904948
 - Worker 103 (1 tests) => 0:00:00.599059
 - Worker 104 (1 tests) => 0:00:00.643755
 - Worker 105 (1 tests) => 0:00:00.848742
 - Worker 106 (1 tests) => 0:00:00.313321
 - Worker 107 (1 tests) => 0:00:00.785701
 - Worker 108 (1 tests) => 0:00:01.287832
 - Worker 109 (1 tests) => 0:00:00.377984
 - Worker 110 (1 tests) => 0:00:00.321789
 - Worker 111 (1 tests) => 0:00:01.240687
 - Worker 112 (1 tests) => 0:00:00.912288
 - Worker 113 (1 tests) => 0:00:00.523380
 - Worker 114 (1 tests) => 0:00:00.951624
 - Worker 115 (1 tests) => 0:00:00.549423
 - Worker 116 (1 tests) => 0:00:00.539168
 - Worker 117 (1 tests) => 0:00:01.188102
 - Worker 118 (1 tests) => 0:00:00.693215
 - Worker 119 (1 tests) => 0:00:00.661729
 - Worker 120 (1 tests) => 0:00:00.873198
 - Worker 121 (1 tests) => 0:00:00.803347
 - Worker 122 (1 tests) => 0:00:00.528906
 - Worker 123 (1 tests) => 0:00:01.042123
 - Worker 124 (1 tests) => 0:00:01.225471
 - Worker 125 (1 tests) => 0:00:00.655008
 - Worker 126 (1 tests) => 0:00:00.420195
 - Worker 127 (1 tests) => 0:00:00.412919
 - Worker 128 (1 tests) => 0:00:01.204160
 - Worker 129 (1 tests) => 0:00:00.360653
 - Worker 130 (1 tests) => 0:00:00.282388
 - Worker 131 (1 tests) => 0:00:00.766314
 - Worker 132 (1 tests) => 0:00:00.502667
 - Worker 133 (1 tests) => 0:00:00.508404
 - Worker 134 (1 tests) => 0:00:00.820116
 - Worker 135 (1 tests) => 0:00:00.600386
 - Worker 136 (1 tests) => 0:00:01.025995
 - Worker 137 (1 tests) => 0:00:00.499498
 - Worker 138 (1 tests) => 0:00:00.537760
 - Worker 139 (1 tests) => 0:00:00.352605
 - Worker 140 (1 tests) => 0:00:00.505217
 - Worker 141 (1 tests) => 0:00:00.648246
 - Worker 142 (1 tests) => 0:00:00.676706
 - Worker 143 (1 tests) => 0:00:00.682524
