Modules with known eventlet monkey patching issues were imported prior to eventlet monkey patching: urllib3, oslo_context.context. This warning can usually be ignored if the caller is only importing and not executing nova code.
Modules with known eventlet monkey patching issues were imported prior to eventlet monkey patching: urllib3, oslo_context.context. This warning can usually be ignored if the caller is only importing and not executing nova code.
Modules with known eventlet monkey patching issues were imported prior to eventlet monkey patching: urllib3, oslo_context.context. This warning can usually be ignored if the caller is only importing and not executing nova code.
Modules with known eventlet monkey patching issues were imported prior to eventlet monkey patching: urllib3, oslo_context.context. This warning can usually be ignored if the caller is only importing and not executing nova code.
Modules with known eventlet monkey patching issues were imported prior to eventlet monkey patching: urllib3, oslo_context.context. This warning can usually be ignored if the caller is only importing and not executing nova code.
Modules with known eventlet monkey patching issues were imported prior to eventlet monkey patching: oslo_context.context, urllib3. This warning can usually be ignored if the caller is only importing and not executing nova code.
Modules with known eventlet monkey patching issues were imported prior to eventlet monkey patching: oslo_context.context, urllib3. This warning can usually be ignored if the caller is only importing and not executing nova code.
2026-08-27 03:31:05.777 3455385 INFO oslo_service.periodic_task [req-a296c468-3831-4449-baa5-ac37ef2ad37e fake_user 6a6a9c9eee154e9cb8cec487b98d36ab - - -] Skipping periodic task _discover_hosts_in_cells because its interval is negative[00m
2026-08-27 03:31:05.789 3455391 INFO oslo_service.periodic_task [req-610db280-28db-4301-8e32-6576c1cbf4df fake_user 6a6a9c9eee154e9cb8cec487b98d36ab - - -] Skipping periodic task _discover_hosts_in_cells because its interval is negative[00m
2026-08-27 03:31:05.790 3455394 INFO oslo_service.periodic_task [req-93433d9b-60d7-486f-bf49-ea9694b17bb4 fake_user 6a6a9c9eee154e9cb8cec487b98d36ab - - -] Skipping periodic task _discover_hosts_in_cells because its interval is negative[00m
2026-08-27 03:31:05.800 3455385 ERROR stevedore.extension [req-a296c468-3831-4449-baa5-ac37ef2ad37e fake_user 6a6a9c9eee154e9cb8cec487b98d36ab - - -] Could not load 'oslo_cache.etcd3gw': No module named 'etcd3gw': ModuleNotFoundError: No module named 'etcd3gw'[00m
2026-08-27 03:31:05.801 3455385 ERROR stevedore.extension [req-a296c468-3831-4449-baa5-ac37ef2ad37e fake_user 6a6a9c9eee154e9cb8cec487b98d36ab - - -] Could not load 'oslo_cache.memcache_pool': No module named 'memcache': ModuleNotFoundError: No module named 'memcache'[00m
2026-08-27 03:31:05.811 3455387 INFO oslo_service.periodic_task [req-28c29f26-7bb9-4cd1-80c1-40af61324070 fake_user 6a6a9c9eee154e9cb8cec487b98d36ab - - -] Skipping periodic task _discover_hosts_in_cells because its interval is negative[00m
2026-08-27 03:31:05.811 3455391 ERROR stevedore.extension [req-610db280-28db-4301-8e32-6576c1cbf4df fake_user 6a6a9c9eee154e9cb8cec487b98d36ab - - -] Could not load 'oslo_cache.etcd3gw': No module named 'etcd3gw': ModuleNotFoundError: No module named 'etcd3gw'[00m
2026-08-27 03:31:05.812 3455391 ERROR stevedore.extension [req-610db280-28db-4301-8e32-6576c1cbf4df fake_user 6a6a9c9eee154e9cb8cec487b98d36ab - - -] Could not load 'oslo_cache.memcache_pool': No module named 'memcache': ModuleNotFoundError: No module named 'memcache'[00m
2026-08-27 03:31:05.812 3455394 ERROR stevedore.extension [req-93433d9b-60d7-486f-bf49-ea9694b17bb4 fake_user 6a6a9c9eee154e9cb8cec487b98d36ab - - -] Could not load 'oslo_cache.etcd3gw': No module named 'etcd3gw': ModuleNotFoundError: No module named 'etcd3gw'[00m
2026-08-27 03:31:05.813 3455394 ERROR stevedore.extension [req-93433d9b-60d7-486f-bf49-ea9694b17bb4 fake_user 6a6a9c9eee154e9cb8cec487b98d36ab - - -] Could not load 'oslo_cache.memcache_pool': No module named 'memcache': ModuleNotFoundError: No module named 'memcache'[00m
2026-08-27 03:31:05.821 3455388 INFO oslo_service.periodic_task [req-b84978a0-a414-46e0-823d-7dba42ffa7e0 fake_user 6a6a9c9eee154e9cb8cec487b98d36ab - - -] Skipping periodic task _discover_hosts_in_cells because its interval is negative[00m
2026-08-27 03:31:05.833 3455387 ERROR stevedore.extension [req-28c29f26-7bb9-4cd1-80c1-40af61324070 fake_user 6a6a9c9eee154e9cb8cec487b98d36ab - - -] Could not load 'oslo_cache.etcd3gw': No module named 'etcd3gw': ModuleNotFoundError: No module named 'etcd3gw'[00m
2026-08-27 03:31:05.835 3455387 ERROR stevedore.extension [req-28c29f26-7bb9-4cd1-80c1-40af61324070 fake_user 6a6a9c9eee154e9cb8cec487b98d36ab - - -] Could not load 'oslo_cache.memcache_pool': No module named 'memcache': ModuleNotFoundError: No module named 'memcache'[00m
2026-08-27 03:31:05.843 3455388 ERROR stevedore.extension [req-b84978a0-a414-46e0-823d-7dba42ffa7e0 fake_user 6a6a9c9eee154e9cb8cec487b98d36ab - - -] Could not load 'oslo_cache.etcd3gw': No module named 'etcd3gw': ModuleNotFoundError: No module named 'etcd3gw'[00m
2026-08-27 03:31:05.844 3455388 ERROR stevedore.extension [req-b84978a0-a414-46e0-823d-7dba42ffa7e0 fake_user 6a6a9c9eee154e9cb8cec487b98d36ab - - -] Could not load 'oslo_cache.memcache_pool': No module named 'memcache': ModuleNotFoundError: No module named 'memcache'[00m
2026-08-27 03:31:05.867 3455399 INFO oslo_service.periodic_task [req-d566ec8e-2f11-4fe0-8f3b-1c3c0bd6ff37 fake_user 6a6a9c9eee154e9cb8cec487b98d36ab - - -] Skipping periodic task _discover_hosts_in_cells because its interval is negative[00m
2026-08-27 03:31:05.889 3455399 ERROR stevedore.extension [req-d566ec8e-2f11-4fe0-8f3b-1c3c0bd6ff37 fake_user 6a6a9c9eee154e9cb8cec487b98d36ab - - -] Could not load 'oslo_cache.etcd3gw': No module named 'etcd3gw': ModuleNotFoundError: No module named 'etcd3gw'[00m
2026-08-27 03:31:05.890 3455399 ERROR stevedore.extension [req-d566ec8e-2f11-4fe0-8f3b-1c3c0bd6ff37 fake_user 6a6a9c9eee154e9cb8cec487b98d36ab - - -] Could not load 'oslo_cache.memcache_pool': No module named 'memcache': ModuleNotFoundError: No module named 'memcache'[00m
{3} nova.tests.unit.cmd.test_manage.CellV2CommandsTestCase.test_map_cell0_default_database_special_characters_3_mysql_pymysql___nova_abcd0123_AB_controller__s [0.890869s] ... ok
{0} nova.tests.unit.cmd.test_manage.CellV2CommandsTestCase.test_map_cell0_default_database_special_characters_4_mysql_pymysql___nova_abcd0123_AB_controller__s [0.883457s] ... ok
{4} nova.tests.unit.cmd.test_manage.CellV2CommandsTestCase.test_map_cell0_default_database_special_characters_2_mysql_pymysql___nova_abcd0123_AB_controller__s [0.875579s] ... ok
{2} nova.tests.unit.cmd.test_manage.CellV2CommandsTestCase.test_map_cell0_default_database_special_characters_5_mysql_pymysql___test_abcd0123_AB_controller__s_charset_utf8 [0.906638s] ... ok
{1} nova.tests.unit.cmd.test_manage.CellV2CommandsTestCase.test_map_cell0_default_database_special_characters_1_mysql_pymysql___nova_abcd0123_AB_controller__s [0.901381s] ... ok
{5} nova.tests.unit.cmd.test_manage.CellV2CommandsTestCase.test_map_cell0_default_database [0.880981s] ... ok
[93mReadline features including tab completion have been disabled because
no supported version of readline was found. To resolve this, install
pyreadline on Windows or gnureadline on Mac.

[39m
======
Totals
======
Ran: 6 tests in 1.0400 sec.
 - Passed: 6
 - Skipped: 0
 - Expected Fail: 0
 - Unexpected Success: 0
 - Failed: 0
Sum of execute time for each test: 5.3389 sec.

==============
Worker Balance
==============
 - Worker 0 (1 tests) => 0:00:00.883457
 - Worker 1 (1 tests) => 0:00:00.901381
 - Worker 2 (1 tests) => 0:00:00.906638
 - Worker 3 (1 tests) => 0:00:00.890869
 - Worker 4 (1 tests) => 0:00:00.875579
 - Worker 5 (1 tests) => 0:00:00.880981
