{7} designate.tests.unit.backend.test_infoblox.BasicInfobloxBackendTestCase.test_no_library_installed [0.005090s] ... ok
{3} designate.tests.unit.backend.test_infoblox.BasicInfobloxBackendTestCase.test_is_multi_project [0.004291s] ... ok
{0} designate.tests.unit.backend.test_infoblox.BasicInfobloxBackendTestCase.test_backend_with_wapi_url [0.005273s] ... ok
{4} designate.tests.unit.backend.test_infoblox.BasicInfobloxBackendTestCase.test_backend_with_host [0.005430s] ... ok
{6} designate.tests.unit.backend.test_infoblox.BasicInfobloxBackendTestCase.test_create_zone_ptr [0.005411s] ... ok
{5} designate.tests.unit.backend.test_infoblox.BasicInfobloxBackendTestCase.test_get_or_create_dns_view [0.005237s] ... ok
{2} designate.tests.unit.backend.test_infoblox.BasicInfobloxBackendTestCase.test_backend_with_invalid_master_port [0.005134s] ... ok
{1} designate.tests.unit.backend.test_infoblox.BasicInfobloxBackendTestCase.test_create_zone_ipv6_ptr [0.005225s] ... ok
{12} designate.tests.unit.backend.test_infoblox.BasicInfobloxBackendTestCase.test_get_network_view [0.004738s] ... ok
{10} designate.tests.unit.backend.test_infoblox.BasicInfobloxBackendTestCase.test_create_zone_handle_error [0.005448s] ... ok
{8} designate.tests.unit.backend.test_infoblox.BasicInfobloxBackendTestCase.test_parse_wapi_url [0.005119s] ... ok
{16} designate.tests.unit.backend.test_infoblox.BasicInfobloxBackendTestCase.test_get_or_create_network_view_not_found [0.004973s] ... ok
{17} designate.tests.unit.backend.test_infoblox.BasicInfobloxBackendTestCase.test_delete_zone [0.005658s] ... ok
{9} designate.tests.unit.backend.test_infoblox.BasicInfobloxBackendTestCase.test_restart_if_needed_unable_to_restart [0.005553s] ... ok
{21} designate.tests.unit.backend.test_infoblox.BasicInfobloxBackendTestCase.test_get_or_create_network_view_already_found [0.005360s] ... ok
{15} designate.tests.unit.backend.test_infoblox.BasicInfobloxBackendTestCase.test_get_or_create_network_view [0.005608s] ... ok
{11} designate.tests.unit.backend.test_infoblox.BasicInfobloxBackendTestCase.test_get_options [0.005201s] ... ok
{26} designate.tests.unit.backend.test_infoblox.BasicInfobloxBackendTestCase.test_get_or_create_dns_view_not_found [0.005304s] ... ok
{13} designate.tests.unit.backend.test_infoblox.BasicInfobloxBackendTestCase.test_delete_zone_no_dns_view [0.005676s] ... ok
{18} designate.tests.unit.backend.test_infoblox.AdvancedInfobloxBackendTestCase.test_delete_zone [0.014909s] ... ok
{22} designate.tests.unit.backend.test_infoblox.BasicInfobloxBackendTestCase.test_delete_zone_handle_error [0.006251s] ... ok
{24} designate.tests.unit.backend.test_infoblox.BasicInfobloxBackendTestCase.test_get_or_create_dns_view_no_network_provided [0.004966s] ... ok
{23} designate.tests.unit.backend.test_infoblox.BasicInfobloxBackendTestCase.test_create_zone_no_dns_view [0.005536s] ... ok
{14} designate.tests.unit.backend.test_infoblox.BasicInfobloxBackendTestCase.test_create_zone [0.006287s] ... ok
{19} designate.tests.unit.backend.test_infoblox.BasicInfobloxBackendTestCase.test_get_or_create_dns_view_already_found [0.005533s] ... ok
{25} designate.tests.unit.backend.test_infoblox.AdvancedInfobloxBackendTestCase.test_create_zone [0.014494s] ... ok
{20} designate.tests.unit.backend.test_infoblox.BasicInfobloxBackendTestCase.test_get_network_view_no_result [0.005547s] ... ok

======
Totals
======
Ran: 27 tests in 0.2131 sec.
 - Passed: 27
 - Skipped: 0
 - Expected Fail: 0
 - Unexpected Success: 0
 - Failed: 0
Sum of execute time for each test: 0.1633 sec.

==============
Worker Balance
==============
 - Worker 0 (1 tests) => 0:00:00.005273
 - Worker 1 (1 tests) => 0:00:00.005225
 - Worker 2 (1 tests) => 0:00:00.005134
 - Worker 3 (1 tests) => 0:00:00.004291
 - Worker 4 (1 tests) => 0:00:00.005430
 - Worker 5 (1 tests) => 0:00:00.005237
 - Worker 6 (1 tests) => 0:00:00.005411
 - Worker 7 (1 tests) => 0:00:00.005090
 - Worker 8 (1 tests) => 0:00:00.005119
 - Worker 9 (1 tests) => 0:00:00.005553
 - Worker 10 (1 tests) => 0:00:00.005448
 - Worker 11 (1 tests) => 0:00:00.005201
 - Worker 12 (1 tests) => 0:00:00.004738
 - Worker 13 (1 tests) => 0:00:00.005676
 - Worker 14 (1 tests) => 0:00:00.006287
 - Worker 15 (1 tests) => 0:00:00.005608
 - Worker 16 (1 tests) => 0:00:00.004973
 - Worker 17 (1 tests) => 0:00:00.005658
 - Worker 18 (1 tests) => 0:00:00.014909
 - Worker 19 (1 tests) => 0:00:00.005533
 - Worker 20 (1 tests) => 0:00:00.005547
 - Worker 21 (1 tests) => 0:00:00.005360
 - Worker 22 (1 tests) => 0:00:00.006251
 - Worker 23 (1 tests) => 0:00:00.005536
 - Worker 24 (1 tests) => 0:00:00.004966
 - Worker 25 (1 tests) => 0:00:00.014494
 - Worker 26 (1 tests) => 0:00:00.005304
