[INFO] Scanning for projects...
[INFO] 
[INFO] ------------------------< com.jcabi:jcabi-w3c >-------------------------
[INFO] Building jcabi-w3c 2.0-SNAPSHOT
[INFO]   from pom.xml
[INFO] --------------------------------[ jar ]---------------------------------
[INFO] Downloading from central: https://repo.maven.apache.org/maven2/org/apache/httpcomponents/httpmime/4.5.14/httpmime-4.5.14.pom
[INFO] Downloaded from central: https://repo.maven.apache.org/maven2/org/apache/httpcomponents/httpmime/4.5.14/httpmime-4.5.14.pom (5.1 kB at 5.7 kB/s)
[INFO] Downloading from central: https://repo.maven.apache.org/maven2/org/apache/httpcomponents/httpcomponents-client/4.5.14/httpcomponents-client-4.5.14.pom
[INFO] Downloaded from central: https://repo.maven.apache.org/maven2/org/apache/httpcomponents/httpcomponents-client/4.5.14/httpcomponents-client-4.5.14.pom (15 kB at 67 kB/s)
[INFO] Downloading from central: https://repo.maven.apache.org/maven2/org/apache/httpcomponents/httpclient/4.5.14/httpclient-4.5.14.pom
[INFO] Downloaded from central: https://repo.maven.apache.org/maven2/org/apache/httpcomponents/httpclient/4.5.14/httpclient-4.5.14.pom (6.6 kB at 30 kB/s)
[INFO] Downloading from central: https://repo.maven.apache.org/maven2/org/apache/httpcomponents/httpcore/4.4.16/httpcore-4.4.16.pom
[INFO] Downloaded from central: https://repo.maven.apache.org/maven2/org/apache/httpcomponents/httpcore/4.4.16/httpcore-4.4.16.pom (5.0 kB at 22 kB/s)
[INFO] Downloading from central: https://repo.maven.apache.org/maven2/org/apache/httpcomponents/httpcomponents-core/4.4.16/httpcomponents-core-4.4.16.pom
[INFO] Downloaded from central: https://repo.maven.apache.org/maven2/org/apache/httpcomponents/httpcomponents-core/4.4.16/httpcomponents-core-4.4.16.pom (12 kB at 55 kB/s)
[INFO] Downloading from central: https://repo.maven.apache.org/maven2/com/jcabi/jcabi-xml/0.27.2/jcabi-xml-0.27.2.pom
[INFO] Downloaded from central: https://repo.maven.apache.org/maven2/com/jcabi/jcabi-xml/0.27.2/jcabi-xml-0.27.2.pom (6.3 kB at 28 kB/s)
[INFO] Downloading from central: https://repo.maven.apache.org/maven2/org/cactoos/cactoos/0.55.0/cactoos-0.55.0.pom
[INFO] Downloaded from central: https://repo.maven.apache.org/maven2/org/cactoos/cactoos/0.55.0/cactoos-0.55.0.pom (11 kB at 48 kB/s)
[INFO] Downloading from central: https://repo.maven.apache.org/maven2/com/jcabi/jcabi-http/1.20.1/jcabi-http-1.20.1.pom
[INFO] Downloaded from central: https://repo.maven.apache.org/maven2/com/jcabi/jcabi-http/1.20.1/jcabi-http-1.20.1.pom (12 kB at 53 kB/s)
[INFO] Downloading from central: https://repo.maven.apache.org/maven2/com/jcabi/jcabi/1.33.0/jcabi-1.33.0.pom
[INFO] Downloaded from central: https://repo.maven.apache.org/maven2/com/jcabi/jcabi/1.33.0/jcabi-1.33.0.pom (5.8 kB at 25 kB/s)
[INFO] Downloading from central: https://repo.maven.apache.org/maven2/com/jcabi/parent/0.59.0/parent-0.59.0.pom
[INFO] Downloaded from central: https://repo.maven.apache.org/maven2/com/jcabi/parent/0.59.0/parent-0.59.0.pom (64 kB at 51 kB/s)
[INFO] Downloading from central: https://repo.maven.apache.org/maven2/com/fasterxml/jackson/jackson-bom/2.13.3/jackson-bom-2.13.3.pom
[INFO] Downloaded from central: https://repo.maven.apache.org/maven2/com/fasterxml/jackson/jackson-bom/2.13.3/jackson-bom-2.13.3.pom (17 kB at 80 kB/s)
[INFO] Downloading from central: https://repo.maven.apache.org/maven2/org/testcontainers/testcontainers-bom/1.17.2/testcontainers-bom-1.17.2.pom
[INFO] Downloaded from central: https://repo.maven.apache.org/maven2/org/testcontainers/testcontainers-bom/1.17.2/testcontainers-bom-1.17.2.pom (7.5 kB at 32 kB/s)
[INFO] Downloading from central: https://repo.maven.apache.org/maven2/com/jcabi/jcabi-immutable/1.5/jcabi-immutable-1.5.pom
[INFO] Downloaded from central: https://repo.maven.apache.org/maven2/com/jcabi/jcabi-immutable/1.5/jcabi-immutable-1.5.pom (2.9 kB at 13 kB/s)
[INFO] Downloading from central: https://repo.maven.apache.org/maven2/com/jcabi/jcabi/1.27.0/jcabi-1.27.0.pom
[INFO] Downloaded from central: https://repo.maven.apache.org/maven2/com/jcabi/jcabi/1.27.0/jcabi-1.27.0.pom (5.3 kB at 24 kB/s)
[INFO] Downloading from central: https://repo.maven.apache.org/maven2/com/jcabi/parent/0.51.1/parent-0.51.1.pom
[INFO] Downloaded from central: https://repo.maven.apache.org/maven2/com/jcabi/parent/0.51.1/parent-0.51.1.pom (62 kB at 266 kB/s)
[INFO] Downloading from central: https://repo.maven.apache.org/maven2/com/jcabi/jcabi-manifests/1.2.1/jcabi-manifests-1.2.1.pom
[INFO] Downloaded from central: https://repo.maven.apache.org/maven2/com/jcabi/jcabi-manifests/1.2.1/jcabi-manifests-1.2.1.pom (4.0 kB at 17 kB/s)
[INFO] Downloading from central: https://repo.maven.apache.org/maven2/com/jcabi/jcabi/1.30.0/jcabi-1.30.0.pom
[INFO] Downloaded from central: https://repo.maven.apache.org/maven2/com/jcabi/jcabi/1.30.0/jcabi-1.30.0.pom (5.8 kB at 27 kB/s)
[INFO] Downloading from central: https://repo.maven.apache.org/maven2/com/jcabi/parent/0.55.0/parent-0.55.0.pom
[INFO] Downloaded from central: https://repo.maven.apache.org/maven2/com/jcabi/parent/0.55.0/parent-0.55.0.pom (62 kB at 274 kB/s)
[INFO] Downloading from central: https://repo.maven.apache.org/maven2/javax/json/javax.json-api/1.1.4/javax.json-api-1.1.4.pom
[INFO] Downloaded from central: https://repo.maven.apache.org/maven2/javax/json/javax.json-api/1.1.4/javax.json-api-1.1.4.pom (6.7 kB at 30 kB/s)
[INFO] Downloading from central: https://repo.maven.apache.org/maven2/org/glassfish/json/1.1.4/json-1.1.4.pom
[INFO] Downloaded from central: https://repo.maven.apache.org/maven2/org/glassfish/json/1.1.4/json-1.1.4.pom (18 kB at 80 kB/s)
[INFO] Artifact net.java:jvnet-parent:pom:5 is present in the local repository, but cached from a remote repository ID that is unavailable in current build context, verifying that is downloadable from [central (https://repo.maven.apache.org/maven2, default, releases)]
[INFO] Artifact net.java:jvnet-parent:pom:5 is present in the local repository, but cached from a remote repository ID that is unavailable in current build context, verifying that is downloadable from [central (https://repo.maven.apache.org/maven2, default, releases)]
[INFO] Downloading from central: https://repo.maven.apache.org/maven2/net/java/jvnet-parent/5/jvnet-parent-5.pom
[INFO] Downloaded from central: https://repo.maven.apache.org/maven2/net/java/jvnet-parent/5/jvnet-parent-5.pom (0 B at 0 B/s)
[INFO] Downloading from central: https://repo.maven.apache.org/maven2/com/jcabi/jcabi-manifests/2.0.0/jcabi-manifests-2.0.0.pom
[INFO] Downloaded from central: https://repo.maven.apache.org/maven2/com/jcabi/jcabi-manifests/2.0.0/jcabi-manifests-2.0.0.pom (4.0 kB at 18 kB/s)
[INFO] Downloading from central: https://repo.maven.apache.org/maven2/com/jcabi/jcabi-matchers/1.6.0/jcabi-matchers-1.6.0.pom
[INFO] Downloaded from central: https://repo.maven.apache.org/maven2/com/jcabi/jcabi-matchers/1.6.0/jcabi-matchers-1.6.0.pom (6.7 kB at 29 kB/s)
[INFO] Downloading from central: https://repo.maven.apache.org/maven2/org/glassfish/grizzly/grizzly-http-servlet-server/2.4.4/grizzly-http-servlet-server-2.4.4.pom
[INFO] Downloaded from central: https://repo.maven.apache.org/maven2/org/glassfish/grizzly/grizzly-http-servlet-server/2.4.4/grizzly-http-servlet-server-2.4.4.pom (7.2 kB at 33 kB/s)
[INFO] Downloading from central: https://repo.maven.apache.org/maven2/org/glassfish/grizzly/grizzly-project/2.4.4/grizzly-project-2.4.4.pom
[INFO] Downloaded from central: https://repo.maven.apache.org/maven2/org/glassfish/grizzly/grizzly-project/2.4.4/grizzly-project-2.4.4.pom (21 kB at 97 kB/s)
[INFO] Downloading from central: https://repo.maven.apache.org/maven2/org/glassfish/grizzly/grizzly-bom/2.4.4/grizzly-bom-2.4.4.pom
[INFO] Downloaded from central: https://repo.maven.apache.org/maven2/org/glassfish/grizzly/grizzly-bom/2.4.4/grizzly-bom-2.4.4.pom (9.5 kB at 42 kB/s)
[INFO] Downloading from central: https://repo.maven.apache.org/maven2/org/glassfish/grizzly/grizzly-http-server-core/2.4.4/grizzly-http-server-core-2.4.4.pom
[INFO] Downloaded from central: https://repo.maven.apache.org/maven2/org/glassfish/grizzly/grizzly-http-server-core/2.4.4/grizzly-http-server-core-2.4.4.pom (7.8 kB at 36 kB/s)
[INFO] Downloading from central: https://repo.maven.apache.org/maven2/org/glassfish/grizzly/grizzly-core/2.4.4/grizzly-core-2.4.4.pom
[INFO] Downloaded from central: https://repo.maven.apache.org/maven2/org/glassfish/grizzly/grizzly-core/2.4.4/grizzly-core-2.4.4.pom (6.8 kB at 31 kB/s)
[INFO] Downloading from central: https://repo.maven.apache.org/maven2/org/glassfish/grizzly/grizzly-framework/2.4.4/grizzly-framework-2.4.4.pom
[INFO] Downloaded from central: https://repo.maven.apache.org/maven2/org/glassfish/grizzly/grizzly-framework/2.4.4/grizzly-framework-2.4.4.pom (5.3 kB at 23 kB/s)
[INFO] Downloading from central: https://repo.maven.apache.org/maven2/org/glassfish/grizzly/grizzly-portunif/2.4.4/grizzly-portunif-2.4.4.pom
[INFO] Downloaded from central: https://repo.maven.apache.org/maven2/org/glassfish/grizzly/grizzly-portunif/2.4.4/grizzly-portunif-2.4.4.pom (3.2 kB at 15 kB/s)
[INFO] Downloading from central: https://repo.maven.apache.org/maven2/org/glassfish/grizzly/grizzly-http-server/2.4.4/grizzly-http-server-2.4.4.pom
[INFO] Downloaded from central: https://repo.maven.apache.org/maven2/org/glassfish/grizzly/grizzly-http-server/2.4.4/grizzly-http-server-2.4.4.pom (3.8 kB at 17 kB/s)
[INFO] Downloading from central: https://repo.maven.apache.org/maven2/org/glassfish/grizzly/grizzly-http/2.4.4/grizzly-http-2.4.4.pom
[INFO] Downloaded from central: https://repo.maven.apache.org/maven2/org/glassfish/grizzly/grizzly-http/2.4.4/grizzly-http-2.4.4.pom (3.2 kB at 14 kB/s)
[INFO] Downloading from central: https://repo.maven.apache.org/maven2/org/glassfish/grizzly/grizzly-http-ajp/2.4.4/grizzly-http-ajp-2.4.4.pom
[INFO] Downloaded from central: https://repo.maven.apache.org/maven2/org/glassfish/grizzly/grizzly-http-ajp/2.4.4/grizzly-http-ajp-2.4.4.pom (3.3 kB at 15 kB/s)
[INFO] Downloading from central: https://repo.maven.apache.org/maven2/org/glassfish/grizzly/grizzly-http2/2.4.4/grizzly-http2-2.4.4.pom
[INFO] Downloaded from central: https://repo.maven.apache.org/maven2/org/glassfish/grizzly/grizzly-http2/2.4.4/grizzly-http2-2.4.4.pom (5.3 kB at 23 kB/s)
[INFO] Downloading from central: https://repo.maven.apache.org/maven2/org/glassfish/grizzly/grizzly-npn-api/1.9/grizzly-npn-api-1.9.pom
[INFO] Downloaded from central: https://repo.maven.apache.org/maven2/org/glassfish/grizzly/grizzly-npn-api/1.9/grizzly-npn-api-1.9.pom (2.3 kB at 11 kB/s)
[INFO] Downloading from central: https://repo.maven.apache.org/maven2/org/glassfish/grizzly/grizzly-npn/1.9/grizzly-npn-1.9.pom
[INFO] Downloaded from central: https://repo.maven.apache.org/maven2/org/glassfish/grizzly/grizzly-npn/1.9/grizzly-npn-1.9.pom (9.6 kB at 43 kB/s)
[INFO] Downloading from central: https://repo.maven.apache.org/maven2/org/glassfish/grizzly/grizzly-http-server-multipart/2.4.4/grizzly-http-server-multipart-2.4.4.pom
[INFO] Downloaded from central: https://repo.maven.apache.org/maven2/org/glassfish/grizzly/grizzly-http-server-multipart/2.4.4/grizzly-http-server-multipart-2.4.4.pom (3.9 kB at 17 kB/s)
[INFO] Downloading from central: https://repo.maven.apache.org/maven2/org/glassfish/grizzly/grizzly-http-servlet/2.4.4/grizzly-http-servlet-2.4.4.pom
[INFO] Downloaded from central: https://repo.maven.apache.org/maven2/org/glassfish/grizzly/grizzly-http-servlet/2.4.4/grizzly-http-servlet-2.4.4.pom (3.7 kB at 17 kB/s)
[INFO] Downloading from central: https://repo.maven.apache.org/maven2/org/glassfish/grizzly/grizzly-http-servlet-extras/2.4.4/grizzly-http-servlet-extras-2.4.4.pom
[INFO] Downloaded from central: https://repo.maven.apache.org/maven2/org/glassfish/grizzly/grizzly-http-servlet-extras/2.4.4/grizzly-http-servlet-extras-2.4.4.pom (4.0 kB at 17 kB/s)
[INFO] Artifact javax.servlet:javax.servlet-api:pom:4.0.1 is present in the local repository, but cached from a remote repository ID that is unavailable in current build context, verifying that is downloadable from [central (https://repo.maven.apache.org/maven2, default, releases)]
[INFO] Artifact javax.servlet:javax.servlet-api:pom:4.0.1 is present in the local repository, but cached from a remote repository ID that is unavailable in current build context, verifying that is downloadable from [central (https://repo.maven.apache.org/maven2, default, releases)]
[INFO] Downloading from central: https://repo.maven.apache.org/maven2/javax/servlet/javax.servlet-api/4.0.1/javax.servlet-api-4.0.1.pom
[INFO] Downloaded from central: https://repo.maven.apache.org/maven2/javax/servlet/javax.servlet-api/4.0.1/javax.servlet-api-4.0.1.pom (0 B at 0 B/s)
[INFO] Downloading from central: https://repo.maven.apache.org/maven2/com/sun/jersey/jersey-client/1.19.4/jersey-client-1.19.4.pom
[INFO] Downloaded from central: https://repo.maven.apache.org/maven2/com/sun/jersey/jersey-client/1.19.4/jersey-client-1.19.4.pom (6.7 kB at 30 kB/s)
[INFO] Downloading from central: https://repo.maven.apache.org/maven2/com/sun/jersey/jersey-project/1.19.4/jersey-project-1.19.4.pom
[INFO] Downloaded from central: https://repo.maven.apache.org/maven2/com/sun/jersey/jersey-project/1.19.4/jersey-project-1.19.4.pom (28 kB at 125 kB/s)
[INFO] Downloading from central: https://repo.maven.apache.org/maven2/net/java/jvnet-parent/4/jvnet-parent-4.pom
[INFO] Downloaded from central: https://repo.maven.apache.org/maven2/net/java/jvnet-parent/4/jvnet-parent-4.pom (7.8 kB at 32 kB/s)
[INFO] Downloading from central: https://repo.maven.apache.org/maven2/com/sun/jersey/jersey-core/1.19.4/jersey-core-1.19.4.pom
[INFO] Downloaded from central: https://repo.maven.apache.org/maven2/com/sun/jersey/jersey-core/1.19.4/jersey-core-1.19.4.pom (9.7 kB at 38 kB/s)
[INFO] Downloading from central: https://repo.maven.apache.org/maven2/org/slf4j/slf4j-log4j12/2.0.3/slf4j-log4j12-2.0.3.pom
[INFO] Downloaded from central: https://repo.maven.apache.org/maven2/org/slf4j/slf4j-log4j12/2.0.3/slf4j-log4j12-2.0.3.pom (873 B at 4.1 kB/s)
[INFO] Downloading from central: https://repo.maven.apache.org/maven2/org/junit/vintage/junit-vintage-engine/5.9.3/junit-vintage-engine-5.9.3.pom
[INFO] Downloaded from central: https://repo.maven.apache.org/maven2/org/junit/vintage/junit-vintage-engine/5.9.3/junit-vintage-engine-5.9.3.pom (3.2 kB at 14 kB/s)
[WARNING] The artifact org.slf4j:slf4j-log4j12:jar:2.0.3 has been relocated to org.slf4j:slf4j-reload4j:jar:2.0.3
[INFO] Artifact javax.servlet:javax.servlet-api:jar:4.0.1 is present in the local repository, but cached from a remote repository ID that is unavailable in current build context, verifying that is downloadable from [central (https://repo.maven.apache.org/maven2, default, releases)]
[INFO] Artifact javax.servlet:javax.servlet-api:jar:4.0.1 is present in the local repository, but cached from a remote repository ID that is unavailable in current build context, verifying that is downloadable from [central (https://repo.maven.apache.org/maven2, default, releases)]
[INFO] Downloading from central: https://repo.maven.apache.org/maven2/org/apache/httpcomponents/httpmime/4.5.14/httpmime-4.5.14.jar
[INFO] Downloaded from central: https://repo.maven.apache.org/maven2/org/apache/httpcomponents/httpmime/4.5.14/httpmime-4.5.14.jar (42 kB at 166 kB/s)
[INFO] Downloading from central: https://repo.maven.apache.org/maven2/org/apache/httpcomponents/httpclient/4.5.14/httpclient-4.5.14.jar
[INFO] Downloading from central: https://repo.maven.apache.org/maven2/org/apache/httpcomponents/httpcore/4.4.16/httpcore-4.4.16.jar
[INFO] Downloading from central: https://repo.maven.apache.org/maven2/com/jcabi/jcabi-xml/0.27.2/jcabi-xml-0.27.2.jar
[INFO] Downloading from central: https://repo.maven.apache.org/maven2/org/cactoos/cactoos/0.55.0/cactoos-0.55.0.jar
[INFO] Downloading from central: https://repo.maven.apache.org/maven2/com/jcabi/jcabi-http/1.20.1/jcabi-http-1.20.1.jar
[INFO] Downloaded from central: https://repo.maven.apache.org/maven2/com/jcabi/jcabi-xml/0.27.2/jcabi-xml-0.27.2.jar (41 kB at 59 kB/s)
[INFO] Downloading from central: https://repo.maven.apache.org/maven2/com/jcabi/jcabi-immutable/1.5/jcabi-immutable-1.5.jar
[INFO] Downloaded from central: https://repo.maven.apache.org/maven2/org/apache/httpcomponents/httpcore/4.4.16/httpcore-4.4.16.jar (328 kB at 468 kB/s)
[INFO] Downloading from central: https://repo.maven.apache.org/maven2/org/aspectj/aspectjrt/1.9.9.1/aspectjrt-1.9.9.1.jar
[INFO] Downloaded from central: https://repo.maven.apache.org/maven2/com/jcabi/jcabi-http/1.20.1/jcabi-http-1.20.1.jar (119 kB at 139 kB/s)
[INFO] Downloading from central: https://repo.maven.apache.org/maven2/javax/json/javax.json-api/1.1.4/javax.json-api-1.1.4.jar
[INFO] Downloaded from central: https://repo.maven.apache.org/maven2/com/jcabi/jcabi-immutable/1.5/jcabi-immutable-1.5.jar (23 kB at 25 kB/s)
[INFO] Downloading from central: https://repo.maven.apache.org/maven2/com/jcabi/jcabi-manifests/2.0.0/jcabi-manifests-2.0.0.jar
[INFO] Downloaded from central: https://repo.maven.apache.org/maven2/javax/json/javax.json-api/1.1.4/javax.json-api-1.1.4.jar (31 kB at 30 kB/s)
[INFO] Downloading from central: https://repo.maven.apache.org/maven2/com/jcabi/jcabi-matchers/1.6.0/jcabi-matchers-1.6.0.jar
[INFO] Downloaded from central: https://repo.maven.apache.org/maven2/com/jcabi/jcabi-manifests/2.0.0/jcabi-manifests-2.0.0.jar (12 kB at 11 kB/s)
[INFO] Downloading from central: https://repo.maven.apache.org/maven2/org/glassfish/grizzly/grizzly-http-servlet-server/2.4.4/grizzly-http-servlet-server-2.4.4.jar
[INFO] Downloaded from central: https://repo.maven.apache.org/maven2/org/aspectj/aspectjrt/1.9.9.1/aspectjrt-1.9.9.1.jar (125 kB at 107 kB/s)
[INFO] Downloading from central: https://repo.maven.apache.org/maven2/org/glassfish/grizzly/grizzly-http-server-core/2.4.4/grizzly-http-server-core-2.4.4.jar
[INFO] Downloaded from central: https://repo.maven.apache.org/maven2/com/jcabi/jcabi-matchers/1.6.0/jcabi-matchers-1.6.0.jar (22 kB at 16 kB/s)
[INFO] Downloading from central: https://repo.maven.apache.org/maven2/org/glassfish/grizzly/grizzly-core/2.4.4/grizzly-core-2.4.4.jar
[INFO] Downloaded from central: https://repo.maven.apache.org/maven2/org/cactoos/cactoos/0.55.0/cactoos-0.55.0.jar (346 kB at 226 kB/s)
[INFO] Downloading from central: https://repo.maven.apache.org/maven2/org/glassfish/grizzly/grizzly-framework/2.4.4/grizzly-framework-2.4.4.jar
[INFO] Downloaded from central: https://repo.maven.apache.org/maven2/org/apache/httpcomponents/httpclient/4.5.14/httpclient-4.5.14.jar (786 kB at 379 kB/s)
[INFO] Downloading from central: https://repo.maven.apache.org/maven2/org/glassfish/grizzly/grizzly-portunif/2.4.4/grizzly-portunif-2.4.4.jar
[INFO] Downloaded from central: https://repo.maven.apache.org/maven2/org/glassfish/grizzly/grizzly-core/2.4.4/grizzly-core-2.4.4.jar (903 kB at 430 kB/s)
[INFO] Downloading from central: https://repo.maven.apache.org/maven2/org/glassfish/grizzly/grizzly-http-server/2.4.4/grizzly-http-server-2.4.4.jar
[INFO] Downloaded from central: https://repo.maven.apache.org/maven2/org/glassfish/grizzly/grizzly-framework/2.4.4/grizzly-framework-2.4.4.jar (852 kB at 372 kB/s)
[INFO] Downloading from central: https://repo.maven.apache.org/maven2/org/glassfish/grizzly/grizzly-http/2.4.4/grizzly-http-2.4.4.jar
[INFO] Downloaded from central: https://repo.maven.apache.org/maven2/org/glassfish/grizzly/grizzly-http-servlet-server/2.4.4/grizzly-http-servlet-server-2.4.4.jar (2.1 MB at 901 kB/s)
[INFO] Downloading from central: https://repo.maven.apache.org/maven2/org/glassfish/grizzly/grizzly-http-ajp/2.4.4/grizzly-http-ajp-2.4.4.jar
[INFO] Downloaded from central: https://repo.maven.apache.org/maven2/org/glassfish/grizzly/grizzly-http-server/2.4.4/grizzly-http-server-2.4.4.jar (312 kB at 134 kB/s)
[INFO] Downloading from central: https://repo.maven.apache.org/maven2/org/glassfish/grizzly/grizzly-http2/2.4.4/grizzly-http2-2.4.4.jar
[INFO] Downloaded from central: https://repo.maven.apache.org/maven2/org/glassfish/grizzly/grizzly-http-server-core/2.4.4/grizzly-http-server-core-2.4.4.jar (1.9 MB at 758 kB/s)
[INFO] Downloading from central: https://repo.maven.apache.org/maven2/org/glassfish/grizzly/grizzly-npn-api/1.9/grizzly-npn-api-1.9.jar
[INFO] Downloaded from central: https://repo.maven.apache.org/maven2/org/glassfish/grizzly/grizzly-portunif/2.4.4/grizzly-portunif-2.4.4.jar (32 kB at 13 kB/s)
[INFO] Downloading from central: https://repo.maven.apache.org/maven2/org/glassfish/grizzly/grizzly-http-server-multipart/2.4.4/grizzly-http-server-multipart-2.4.4.jar
[INFO] Downloaded from central: https://repo.maven.apache.org/maven2/org/glassfish/grizzly/grizzly-http-ajp/2.4.4/grizzly-http-ajp-2.4.4.jar (38 kB at 15 kB/s)
[INFO] Downloading from central: https://repo.maven.apache.org/maven2/org/glassfish/grizzly/grizzly-http-servlet/2.4.4/grizzly-http-servlet-2.4.4.jar
[INFO] Downloaded from central: https://repo.maven.apache.org/maven2/org/glassfish/grizzly/grizzly-npn-api/1.9/grizzly-npn-api-1.9.jar (5.3 kB at 2.0 kB/s)
[INFO] Downloading from central: https://repo.maven.apache.org/maven2/org/glassfish/grizzly/grizzly-http-servlet-extras/2.4.4/grizzly-http-servlet-extras-2.4.4.jar
[INFO] Downloaded from central: https://repo.maven.apache.org/maven2/org/glassfish/grizzly/grizzly-http2/2.4.4/grizzly-http2-2.4.4.jar (282 kB at 105 kB/s)
[INFO] Downloading from central: https://repo.maven.apache.org/maven2/javax/servlet/javax.servlet-api/4.0.1/javax.servlet-api-4.0.1.jar
[INFO] Downloaded from central: https://repo.maven.apache.org/maven2/org/glassfish/grizzly/grizzly-http-server-multipart/2.4.4/grizzly-http-server-multipart-2.4.4.jar (40 kB at 15 kB/s)
[INFO] Downloading from central: https://repo.maven.apache.org/maven2/com/sun/jersey/jersey-client/1.19.4/jersey-client-1.19.4.jar
[INFO] Downloaded from central: https://repo.maven.apache.org/maven2/org/glassfish/grizzly/grizzly-http-servlet/2.4.4/grizzly-http-servlet-2.4.4.jar (147 kB at 53 kB/s)
[INFO] Downloading from central: https://repo.maven.apache.org/maven2/com/sun/jersey/jersey-core/1.19.4/jersey-core-1.19.4.jar
[INFO] Downloaded from central: https://repo.maven.apache.org/maven2/javax/servlet/javax.servlet-api/4.0.1/javax.servlet-api-4.0.1.jar (0 B at 0 B/s)
[INFO] Downloading from central: https://repo.maven.apache.org/maven2/org/slf4j/slf4j-reload4j/2.0.3/slf4j-reload4j-2.0.3.jar
[INFO] Downloaded from central: https://repo.maven.apache.org/maven2/org/glassfish/grizzly/grizzly-http-servlet-extras/2.4.4/grizzly-http-servlet-extras-2.4.4.jar (25 kB at 8.8 kB/s)
[INFO] Downloading from central: https://repo.maven.apache.org/maven2/org/junit/vintage/junit-vintage-engine/5.9.3/junit-vintage-engine-5.9.3.jar
[INFO] Downloaded from central: https://repo.maven.apache.org/maven2/org/glassfish/grizzly/grizzly-http/2.4.4/grizzly-http-2.4.4.jar (350 kB at 119 kB/s)
[INFO] Downloaded from central: https://repo.maven.apache.org/maven2/com/sun/jersey/jersey-core/1.19.4/jersey-core-1.19.4.jar (437 kB at 144 kB/s)
[INFO] Downloaded from central: https://repo.maven.apache.org/maven2/org/slf4j/slf4j-reload4j/2.0.3/slf4j-reload4j-2.0.3.jar (9.5 kB at 3.1 kB/s)
[INFO] Downloaded from central: https://repo.maven.apache.org/maven2/org/junit/vintage/junit-vintage-engine/5.9.3/junit-vintage-engine-5.9.3.jar (67 kB at 21 kB/s)
[INFO] Downloaded from central: https://repo.maven.apache.org/maven2/com/sun/jersey/jersey-client/1.19.4/jersey-client-1.19.4.jar (134 kB at 43 kB/s)
[INFO] 
[INFO] --- clean:3.2.0:clean (default-clean) @ jcabi-w3c ---
[INFO] 
[INFO] --- enforcer:3.1.0:enforce (enforce-maven) @ jcabi-w3c ---
[INFO] 
[INFO] --- buildnumber:3.0.0:create (jcabi-build-number) @ jcabi-w3c ---
[INFO] ShortRevision tag detected. The value is '7'.
[INFO] Executing: /bin/sh -c cd '/tmp/marshal-jcabi-a3-screen.lQhBFa/jcabi-w3c' && 'git' 'rev-parse' '--verify' '--short=7' 'HEAD'
[INFO] Working directory: /tmp/marshal-jcabi-a3-screen.lQhBFa/jcabi-w3c
[INFO] Storing buildNumber: 4054d4a at timestamp: 2026-08-24T01:56:24
[WARNING] Cannot get the branch information from the git repository: 
Detecting the current branch failed: fatal: ref HEAD is not a symbolic ref

[INFO] ShortRevision tag detected. The value is '7'.
[INFO] Executing: /bin/sh -c cd '/tmp/marshal-jcabi-a3-screen.lQhBFa/jcabi-w3c' && 'git' 'rev-parse' '--verify' '--short=7' 'HEAD'
[INFO] Working directory: /tmp/marshal-jcabi-a3-screen.lQhBFa/jcabi-w3c
[INFO] Storing buildScmBranch: UNKNOWN
[INFO] 
[INFO] --- buildnumber:3.0.0:create-timestamp (jcabi-build-number) @ jcabi-w3c ---
[INFO] Skipping because we are not in root module.
[INFO] 
[INFO] --- resources:3.3.0:resources (default-resources) @ jcabi-w3c ---
[INFO] skip non existing resourceDirectory /tmp/marshal-jcabi-a3-screen.lQhBFa/jcabi-w3c/src/main/resources
[INFO] 
[INFO] --- compiler:3.10.1:compile (default-compile) @ jcabi-w3c ---
[WARNING]  Parameter 'optimize' (user property 'maven.compiler.optimize') is deprecated: This property is a no-op in {@code javac}.
[INFO] Changes detected - recompiling the module!
[INFO] Compiling 9 source files to /tmp/marshal-jcabi-a3-screen.lQhBFa/jcabi-w3c/target/classes
[INFO] 
[INFO] --- resources:3.3.0:testResources (default-testResources) @ jcabi-w3c ---
[INFO] Copying 2 resources
[INFO] The encoding used to copy filtered properties files have not been set. This means that the same encoding will be used to copy filtered properties files as when copying other filtered resources. This might not be what you want! Run your build with --debug to see which files might be affected. Read more at https://maven.apache.org/plugins/maven-resources-plugin/examples/filtering-properties-files.html
[INFO] 
[INFO] --- compiler:3.10.1:testCompile (default-testCompile) @ jcabi-w3c ---
[WARNING]  Parameter 'optimize' (user property 'maven.compiler.optimize') is deprecated: This property is a no-op in {@code javac}.
[INFO] Changes detected - recompiling the module!
[INFO] Compiling 5 source files to /tmp/marshal-jcabi-a3-screen.lQhBFa/jcabi-w3c/target/test-classes
[INFO] 
[INFO] --- surefire:3.0.0-M7:test (default-test) @ jcabi-w3c ---
[INFO] Tests will run in random order. To reproduce ordering use flag -Dsurefire.runOrder.random.seed=868617707468614
[INFO] Using auto detected provider org.apache.maven.surefire.junitplatform.JUnitPlatformProvider
[INFO] 
[INFO] -------------------------------------------------------
[INFO]  T E S T S
[INFO] -------------------------------------------------------
[INFO] Running com.jcabi.w3c.DefaultCssValidatorTest
Aug 24, 2026 1:56:26 AM org.glassfish.grizzly.http.server.NetworkListener start
INFO: Started listener bound to [0.0.0.0:43869]
Aug 24, 2026 1:56:27 AM org.glassfish.grizzly.http.server.HttpServer start
INFO: [HttpServer] Started.
Aug 24, 2026 1:56:27 AM org.glassfish.grizzly.http.server.NetworkListener start
INFO: Started listener bound to [0.0.0.0:42943]
Aug 24, 2026 1:56:27 AM org.glassfish.grizzly.http.server.HttpServer start
INFO: [HttpServer-1] Started.
Aug 24, 2026 1:56:27 AM org.glassfish.grizzly.http.server.NetworkListener start
INFO: Started listener bound to [0.0.0.0:38583]
Aug 24, 2026 1:56:27 AM org.glassfish.grizzly.http.server.HttpServer start
INFO: [HttpServer-2] Started.
Aug 24, 2026 1:56:27 AM org.glassfish.grizzly.http.server.NetworkListener start
INFO: Started listener bound to [0.0.0.0:43533]
Aug 24, 2026 1:56:27 AM org.glassfish.grizzly.http.server.HttpServer start
INFO: [HttpServer-3] Started.
Aug 24, 2026 1:56:27 AM org.glassfish.grizzly.http.server.NetworkListener start
INFO: Started listener bound to [0.0.0.0:38545]
Aug 24, 2026 1:56:27 AM org.glassfish.grizzly.http.server.HttpServer start
INFO: [HttpServer-4] Started.
Aug 24, 2026 1:56:27 AM org.glassfish.grizzly.http.server.NetworkListener start
INFO: Started listener bound to [0.0.0.0:41577]
Aug 24, 2026 1:56:27 AM org.glassfish.grizzly.http.server.HttpServer start
INFO: [HttpServer-5] Started.
Aug 24, 2026 1:56:27 AM org.glassfish.grizzly.http.server.NetworkListener start
INFO: Started listener bound to [0.0.0.0:43137]
Aug 24, 2026 1:56:27 AM org.glassfish.grizzly.http.server.HttpServer start
INFO: [HttpServer-6] Started.
Aug 24, 2026 1:56:27 AM org.glassfish.grizzly.http.server.NetworkListener start
INFO: Started listener bound to [0.0.0.0:43755]
Aug 24, 2026 1:56:27 AM org.glassfish.grizzly.http.server.HttpServer start
INFO: [HttpServer-7] Started.
Aug 24, 2026 1:56:27 AM org.glassfish.grizzly.http.server.NetworkListener start
INFO: Started listener bound to [0.0.0.0:38381]
Aug 24, 2026 1:56:27 AM org.glassfish.grizzly.http.server.HttpServer start
INFO: [HttpServer-8] Started.
[INFO] Tests run: 5, Failures: 0, Errors: 0, Skipped: 0, Time elapsed: 1.088 s - in com.jcabi.w3c.DefaultCssValidatorTest
[INFO] Running com.jcabi.w3c.DefectTest
[INFO] Tests run: 1, Failures: 0, Errors: 0, Skipped: 0, Time elapsed: 0.003 s - in com.jcabi.w3c.DefectTest
[INFO] Running com.jcabi.w3c.DefaultHtmlValidatorTest
Aug 24, 2026 1:56:27 AM org.glassfish.grizzly.http.server.NetworkListener start
INFO: Started listener bound to [0.0.0.0:44825]
Aug 24, 2026 1:56:27 AM org.glassfish.grizzly.http.server.HttpServer start
INFO: [HttpServer-9] Started.
Aug 24, 2026 1:56:27 AM org.glassfish.grizzly.http.server.NetworkListener start
INFO: Started listener bound to [0.0.0.0:43713]
Aug 24, 2026 1:56:27 AM org.glassfish.grizzly.http.server.HttpServer start
INFO: [HttpServer-10] Started.
Aug 24, 2026 1:56:28 AM org.glassfish.grizzly.http.server.NetworkListener start
INFO: Started listener bound to [0.0.0.0:43859]
Aug 24, 2026 1:56:28 AM org.glassfish.grizzly.http.server.HttpServer start
INFO: [HttpServer-11] Started.
Aug 24, 2026 1:56:28 AM org.glassfish.grizzly.http.server.NetworkListener start
INFO: Started listener bound to [0.0.0.0:36255]
Aug 24, 2026 1:56:28 AM org.glassfish.grizzly.http.server.HttpServer start
INFO: [HttpServer-12] Started.
Aug 24, 2026 1:56:28 AM org.glassfish.grizzly.http.server.NetworkListener start
INFO: Started listener bound to [0.0.0.0:40509]
Aug 24, 2026 1:56:28 AM org.glassfish.grizzly.http.server.HttpServer start
INFO: [HttpServer-13] Started.
Aug 24, 2026 1:56:28 AM org.glassfish.grizzly.http.server.NetworkListener start
INFO: Started listener bound to [0.0.0.0:45771]
Aug 24, 2026 1:56:28 AM org.glassfish.grizzly.http.server.HttpServer start
INFO: [HttpServer-14] Started.
Aug 24, 2026 1:56:28 AM org.glassfish.grizzly.http.server.NetworkListener start
INFO: Started listener bound to [0.0.0.0:44195]
Aug 24, 2026 1:56:28 AM org.glassfish.grizzly.http.server.HttpServer start
INFO: [HttpServer-15] Started.
Aug 24, 2026 1:56:28 AM org.glassfish.grizzly.http.server.NetworkListener start
INFO: Started listener bound to [0.0.0.0:38941]
Aug 24, 2026 1:56:28 AM org.glassfish.grizzly.http.server.HttpServer start
INFO: [HttpServer-16] Started.
[INFO] Tests run: 3, Failures: 0, Errors: 0, Skipped: 0, Time elapsed: 0.415 s - in com.jcabi.w3c.DefaultHtmlValidatorTest
[INFO] 
[INFO] Results:
[INFO] 
[INFO] Tests run: 9, Failures: 0, Errors: 0, Skipped: 0
[INFO] 
[INFO] ------------------------------------------------------------------------
[INFO] BUILD SUCCESS
[INFO] ------------------------------------------------------------------------
[INFO] Total time:  21.415 s
[INFO] Finished at: 2026-08-24T01:56:28+08:00
[INFO] ------------------------------------------------------------------------
