[INFO] Scanning for projects...
[INFO] 
[INFO] -------------------------< com.jcabi:jcabi-s3 >-------------------------
[INFO] Building jcabi-s3 1.0-SNAPSHOT
[INFO]   from pom.xml
[INFO] --------------------------------[ jar ]---------------------------------
[INFO] Downloading from central: https://repo.maven.apache.org/maven2/com/jcabi/jcabi-aspects/0.22.3/jcabi-aspects-0.22.3.pom
[INFO] Downloaded from central: https://repo.maven.apache.org/maven2/com/jcabi/jcabi-aspects/0.22.3/jcabi-aspects-0.22.3.pom (11 kB at 13 kB/s)
[INFO] Downloading from central: https://repo.maven.apache.org/maven2/com/jcabi/jcabi/1.21/jcabi-1.21.pom
[INFO] Downloaded from central: https://repo.maven.apache.org/maven2/com/jcabi/jcabi/1.21/jcabi-1.21.pom (6.2 kB at 21 kB/s)
[INFO] Downloading from central: https://repo.maven.apache.org/maven2/com/jcabi/parent/0.39/parent-0.39.pom
[INFO] Downloaded from central: https://repo.maven.apache.org/maven2/com/jcabi/parent/0.39/parent-0.39.pom (75 kB at 253 kB/s)
[WARNING] The artifact org.slf4j:slf4j-log4j12:jar:2.0.7 has been relocated to org.slf4j:slf4j-reload4j:jar:2.0.7
[INFO] Downloading from central: https://repo.maven.apache.org/maven2/com/jcabi/jcabi-aspects/0.22.3/jcabi-aspects-0.22.3.jar
[INFO] Downloaded from central: https://repo.maven.apache.org/maven2/com/jcabi/jcabi-aspects/0.22.3/jcabi-aspects-0.22.3.jar (83 kB at 199 kB/s)
[INFO] 
[INFO] --- clean:3.2.0:clean (default-clean) @ jcabi-s3 ---
[INFO] Deleting /tmp/marshal-jcabi-a3-screen.lQhBFa/jcabi-s3/target
[INFO] 
[INFO] --- enforcer:3.1.0:enforce (enforce-maven) @ jcabi-s3 ---
[INFO] 
[INFO] --- buildnumber:3.0.0:create (jcabi-build-number) @ jcabi-s3 ---
[INFO] ShortRevision tag detected. The value is '7'.
[INFO] Executing: /bin/sh -c cd '/tmp/marshal-jcabi-a3-screen.lQhBFa/jcabi-s3' && 'git' 'rev-parse' '--verify' '--short=7' 'HEAD'
[INFO] Working directory: /tmp/marshal-jcabi-a3-screen.lQhBFa/jcabi-s3
[INFO] Storing buildNumber: 0efa37a at timestamp: 2026-08-24T02:00:13
[WARNING] Cannot get the branch information from the git repository: 
Detecting the current branch failed: fatal: ref HEAD is not a symbolic ref

[INFO] ShortRevision tag detected. The value is '7'.
[INFO] Executing: /bin/sh -c cd '/tmp/marshal-jcabi-a3-screen.lQhBFa/jcabi-s3' && 'git' 'rev-parse' '--verify' '--short=7' 'HEAD'
[INFO] Working directory: /tmp/marshal-jcabi-a3-screen.lQhBFa/jcabi-s3
[INFO] Storing buildScmBranch: UNKNOWN
[INFO] 
[INFO] --- buildnumber:3.0.0:create-timestamp (jcabi-build-number) @ jcabi-s3 ---
[INFO] Skipping because we are not in root module.
[INFO] 
[INFO] --- resources:3.3.0:resources (default-resources) @ jcabi-s3 ---
[INFO] skip non existing resourceDirectory /tmp/marshal-jcabi-a3-screen.lQhBFa/jcabi-s3/src/main/resources
[INFO] 
[INFO] --- compiler:3.10.1:compile (default-compile) @ jcabi-s3 ---
[WARNING]  Parameter 'optimize' (user property 'maven.compiler.optimize') is deprecated: This property is a no-op in {@code javac}.
[INFO] Changes detected - recompiling the module!
[INFO] Compiling 20 source files to /tmp/marshal-jcabi-a3-screen.lQhBFa/jcabi-s3/target/classes
[INFO] 
[INFO] --- resources:3.3.0:testResources (default-testResources) @ jcabi-s3 ---
[INFO] Copying 2 resources
[INFO] The encoding used to copy filtered properties files have not been set. This means that the same encoding will be used to copy filtered properties files as when copying other filtered resources. This might not be what you want! Run your build with --debug to see which files might be affected. Read more at https://maven.apache.org/plugins/maven-resources-plugin/examples/filtering-properties-files.html
[INFO] 
[INFO] --- compiler:3.10.1:testCompile (default-testCompile) @ jcabi-s3 ---
[WARNING]  Parameter 'optimize' (user property 'maven.compiler.optimize') is deprecated: This property is a no-op in {@code javac}.
[INFO] Changes detected - recompiling the module!
[INFO] Compiling 9 source files to /tmp/marshal-jcabi-a3-screen.lQhBFa/jcabi-s3/target/test-classes
[INFO] 
[INFO] --- surefire:3.0.0-M7:test (default-test) @ jcabi-s3 ---
[INFO] Tests will run in random order. To reproduce ordering use flag -Dsurefire.runOrder.random.seed=868846628366120
[INFO] Using auto detected provider org.apache.maven.surefire.junitplatform.JUnitPlatformProvider
[INFO] 
[INFO] -------------------------------------------------------
[INFO]  T E S T S
[INFO] -------------------------------------------------------
[INFO] Running com.jcabi.s3.fake.FkRegionTest
[INFO] Tests run: 1, Failures: 0, Errors: 0, Skipped: 0, Time elapsed: 0.04 s - in com.jcabi.s3.fake.FkRegionTest
[INFO] Running com.jcabi.s3.fake.FkOcketTest
[INFO] Tests run: 2, Failures: 0, Errors: 0, Skipped: 0, Time elapsed: 0.011 s - in com.jcabi.s3.fake.FkOcketTest
[INFO] Running com.jcabi.s3.AwsOcketTest
[INFO] main com.jcabi.s3.AwsOcket: loaded 20 byte(s) from ocket 'test.txt' in bucket 'null' in 3ms (etag=null)
[INFO] main com.jcabi.s3.AwsOcket: saved 0 byte(s) to ocket 'test-3.txt' in bucket 'null' in 45ms (etag=null)
[INFO] Tests run: 3, Failures: 0, Errors: 0, Skipped: 0, Time elapsed: 0.735 s - in com.jcabi.s3.AwsOcketTest
[INFO] Running com.jcabi.s3.AwsBucketTest
[DEBUG] main com.jcabi.s3.AwsBucket: Does bucket 'non.existing.bucket.com' exist? false
[DEBUG] main com.jcabi.s3.AwsBucket: Does bucket 'existing.bucket.com' exist? true
[INFO] Tests run: 4, Failures: 0, Errors: 0, Skipped: 0, Time elapsed: 0.009 s - in com.jcabi.s3.AwsBucketTest
[INFO] Running com.jcabi.s3.fake.FkBucketTest
[INFO] Tests run: 2, Failures: 0, Errors: 0, Skipped: 0, Time elapsed: 0.036 s - in com.jcabi.s3.fake.FkBucketTest
[INFO] 
[INFO] Results:
[INFO] 
[INFO] Tests run: 12, Failures: 0, Errors: 0, Skipped: 0
[INFO] 
[INFO] ------------------------------------------------------------------------
[INFO] BUILD SUCCESS
[INFO] ------------------------------------------------------------------------
[INFO] Total time:  7.466 s
[INFO] Finished at: 2026-08-24T02:00:16+08:00
[INFO] ------------------------------------------------------------------------
