[INFO] Scanning for projects...
[INFO] Artifact com.jcabi:jcabi:pom:1.34.1 is present in the local repository, but cached from a remote repository ID that is unavailable in current build context, verifying that is downloadable from [central (https://repo.maven.apache.org/maven2, default, releases)]
[INFO] Artifact com.jcabi:jcabi:pom:1.34.1 is present in the local repository, but cached from a remote repository ID that is unavailable in current build context, verifying that is downloadable from [central (https://repo.maven.apache.org/maven2, default, releases)]
[INFO] Downloading from central: https://repo.maven.apache.org/maven2/com/jcabi/jcabi/1.34.1/jcabi-1.34.1.pom
[INFO] Downloaded from central: https://repo.maven.apache.org/maven2/com/jcabi/jcabi/1.34.1/jcabi-1.34.1.pom (0 B at 0 B/s)
[INFO] Artifact com.jcabi:parent:pom:0.60.5 is present in the local repository, but cached from a remote repository ID that is unavailable in current build context, verifying that is downloadable from [central (https://repo.maven.apache.org/maven2, default, releases)]
[INFO] Artifact com.jcabi:parent:pom:0.60.5 is present in the local repository, but cached from a remote repository ID that is unavailable in current build context, verifying that is downloadable from [central (https://repo.maven.apache.org/maven2, default, releases)]
[INFO] Downloading from central: https://repo.maven.apache.org/maven2/com/jcabi/parent/0.60.5/parent-0.60.5.pom
[INFO] Downloaded from central: https://repo.maven.apache.org/maven2/com/jcabi/parent/0.60.5/parent-0.60.5.pom (0 B at 0 B/s)
[INFO] 
[INFO] --------------------< com.jcabi:jcabi-maven-plugin >--------------------
[INFO] Building jcabi-maven-plugin 1.0-SNAPSHOT
[INFO]   from pom.xml
[INFO] ----------------------------[ maven-plugin ]----------------------------
[INFO] Downloading from oss.sonatype.org: https://oss.sonatype.org/content/groups/public/org/apache/maven/plugins/maven-invoker-plugin/3.3.0/maven-invoker-plugin-3.3.0.pom
[INFO] Downloaded from oss.sonatype.org: https://oss.sonatype.org/content/groups/public/org/apache/maven/plugins/maven-invoker-plugin/3.3.0/maven-invoker-plugin-3.3.0.pom (14 kB at 7.7 kB/s)
[INFO] Downloading from oss.sonatype.org: https://oss.sonatype.org/content/groups/public/org/apache/maven/plugins/maven-invoker-plugin/3.3.0/maven-invoker-plugin-3.3.0.jar
[INFO] Downloaded from oss.sonatype.org: https://oss.sonatype.org/content/groups/public/org/apache/maven/plugins/maven-invoker-plugin/3.3.0/maven-invoker-plugin-3.3.0.jar (135 kB at 144 kB/s)
[INFO] Downloading from oss.sonatype.org: https://oss.sonatype.org/content/groups/public/com/jcabi/jcabi-maven-plugin/0.16.0/jcabi-maven-plugin-0.16.0.pom
[INFO] Downloaded from oss.sonatype.org: https://oss.sonatype.org/content/groups/public/com/jcabi/jcabi-maven-plugin/0.16.0/jcabi-maven-plugin-0.16.0.pom (10 kB at 15 kB/s)
[INFO] Downloading from oss.sonatype.org: https://oss.sonatype.org/content/groups/public/com/jcabi/jcabi/1.31.0/jcabi-1.31.0.pom
[INFO] Downloaded from oss.sonatype.org: https://oss.sonatype.org/content/groups/public/com/jcabi/jcabi/1.31.0/jcabi-1.31.0.pom (5.8 kB at 8.6 kB/s)
[INFO] Downloading from oss.sonatype.org: https://oss.sonatype.org/content/groups/public/com/jcabi/parent/0.57.0/parent-0.57.0.pom
[INFO] Downloaded from oss.sonatype.org: https://oss.sonatype.org/content/groups/public/com/jcabi/parent/0.57.0/parent-0.57.0.pom (63 kB at 92 kB/s)
[INFO] Downloading from oss.sonatype.org: https://oss.sonatype.org/content/groups/public/com/jcabi/jcabi-maven-plugin/0.16.0/jcabi-maven-plugin-0.16.0.jar
[INFO] Downloaded from oss.sonatype.org: https://oss.sonatype.org/content/groups/public/com/jcabi/jcabi-maven-plugin/0.16.0/jcabi-maven-plugin-0.16.0.jar (22 kB at 25 kB/s)
[INFO] Downloading from oss.sonatype.org: https://oss.sonatype.org/content/groups/public/org/apache/maven/plugins/maven-jar-plugin/3.2.2/maven-jar-plugin-3.2.2.pom
[INFO] Downloaded from oss.sonatype.org: https://oss.sonatype.org/content/groups/public/org/apache/maven/plugins/maven-jar-plugin/3.2.2/maven-jar-plugin-3.2.2.pom (7.5 kB at 11 kB/s)
[INFO] Downloading from oss.sonatype.org: https://oss.sonatype.org/content/groups/public/org/apache/maven/plugins/maven-jar-plugin/3.2.2/maven-jar-plugin-3.2.2.jar
[INFO] Downloaded from oss.sonatype.org: https://oss.sonatype.org/content/groups/public/org/apache/maven/plugins/maven-jar-plugin/3.2.2/maven-jar-plugin-3.2.2.jar (29 kB at 41 kB/s)
[INFO] Downloading from oss.sonatype.org: https://oss.sonatype.org/content/groups/public/org/apache/maven/plugins/maven-assembly-plugin/3.4.2/maven-assembly-plugin-3.4.2.pom
[INFO] Downloaded from oss.sonatype.org: https://oss.sonatype.org/content/groups/public/org/apache/maven/plugins/maven-assembly-plugin/3.4.2/maven-assembly-plugin-3.4.2.pom (15 kB at 21 kB/s)
[INFO] Downloading from oss.sonatype.org: https://oss.sonatype.org/content/groups/public/org/apache/maven/plugins/maven-assembly-plugin/3.4.2/maven-assembly-plugin-3.4.2.jar
[INFO] Downloaded from oss.sonatype.org: https://oss.sonatype.org/content/groups/public/org/apache/maven/plugins/maven-assembly-plugin/3.4.2/maven-assembly-plugin-3.4.2.jar (255 kB at 262 kB/s)
[INFO] Downloading from oss.sonatype.org: https://oss.sonatype.org/content/groups/public/org/apache/maven/plugins/maven-antrun-plugin/1.8/maven-antrun-plugin-1.8.pom
[INFO] Downloaded from oss.sonatype.org: https://oss.sonatype.org/content/groups/public/org/apache/maven/plugins/maven-antrun-plugin/1.8/maven-antrun-plugin-1.8.pom (3.3 kB at 4.9 kB/s)
[INFO] Downloading from oss.sonatype.org: https://oss.sonatype.org/content/groups/public/org/apache/maven/plugins/maven-plugins/27/maven-plugins-27.pom
[INFO] Downloaded from oss.sonatype.org: https://oss.sonatype.org/content/groups/public/org/apache/maven/plugins/maven-plugins/27/maven-plugins-27.pom (11 kB at 16 kB/s)
[INFO] Downloading from oss.sonatype.org: https://oss.sonatype.org/content/groups/public/org/apache/maven/plugins/maven-antrun-plugin/1.8/maven-antrun-plugin-1.8.jar
[INFO] Downloaded from oss.sonatype.org: https://oss.sonatype.org/content/groups/public/org/apache/maven/plugins/maven-antrun-plugin/1.8/maven-antrun-plugin-1.8.jar (36 kB at 54 kB/s)
[INFO] Downloading from central: https://repo.maven.apache.org/maven2/com/jcabi/jcabi-maven-slf4j/0.12.2/jcabi-maven-slf4j-0.12.2.pom
[INFO] Downloaded from central: https://repo.maven.apache.org/maven2/com/jcabi/jcabi-maven-slf4j/0.12.2/jcabi-maven-slf4j-0.12.2.pom (4.9 kB at 26 kB/s)
[INFO] Artifact org.apache.maven.shared:maven-dependency-tree:pom:3.1.1 is present in the local repository, but cached from a remote repository ID that is unavailable in current build context, verifying that is downloadable from [central (https://repo.maven.apache.org/maven2, default, releases)]
[INFO] Artifact org.apache.maven.shared:maven-dependency-tree:pom:3.1.1 is present in the local repository, but cached from a remote repository ID that is unavailable in current build context, verifying that is downloadable from [central (https://repo.maven.apache.org/maven2, default, releases)]
[INFO] Downloading from central: https://repo.maven.apache.org/maven2/org/apache/maven/shared/maven-dependency-tree/3.1.1/maven-dependency-tree-3.1.1.pom
[INFO] Downloaded from central: https://repo.maven.apache.org/maven2/org/apache/maven/shared/maven-dependency-tree/3.1.1/maven-dependency-tree-3.1.1.pom (0 B at 0 B/s)
[INFO] Artifact org.eclipse.aether:aether-util:pom:1.1.0 is present in the local repository, but cached from a remote repository ID that is unavailable in current build context, verifying that is downloadable from [central (https://repo.maven.apache.org/maven2, default, releases), apache.snapshots (https://repository.apache.org/snapshots, default, snapshots)]
[INFO] Artifact org.eclipse.aether:aether-util:pom:1.1.0 is present in the local repository, but cached from a remote repository ID that is unavailable in current build context, verifying that is downloadable from [central (https://repo.maven.apache.org/maven2, default, releases), apache.snapshots (https://repository.apache.org/snapshots, default, snapshots)]
[INFO] Downloading from central: https://repo.maven.apache.org/maven2/org/eclipse/aether/aether-util/1.1.0/aether-util-1.1.0.pom
[INFO] Downloaded from central: https://repo.maven.apache.org/maven2/org/eclipse/aether/aether-util/1.1.0/aether-util-1.1.0.pom (0 B at 0 B/s)
[INFO] Artifact org.eclipse.aether:aether:pom:1.1.0 is present in the local repository, but cached from a remote repository ID that is unavailable in current build context, verifying that is downloadable from [central (https://repo.maven.apache.org/maven2, default, releases), apache.snapshots (https://repository.apache.org/snapshots, default, snapshots)]
[INFO] Artifact org.eclipse.aether:aether:pom:1.1.0 is present in the local repository, but cached from a remote repository ID that is unavailable in current build context, verifying that is downloadable from [central (https://repo.maven.apache.org/maven2, default, releases), apache.snapshots (https://repository.apache.org/snapshots, default, snapshots)]
[INFO] Downloading from central: https://repo.maven.apache.org/maven2/org/eclipse/aether/aether/1.1.0/aether-1.1.0.pom
[INFO] Downloaded from central: https://repo.maven.apache.org/maven2/org/eclipse/aether/aether/1.1.0/aether-1.1.0.pom (0 B at 0 B/s)
[INFO] Downloading from central: https://repo.maven.apache.org/maven2/org/aspectj/aspectjtools/1.9.19/aspectjtools-1.9.19.pom
[INFO] Downloaded from central: https://repo.maven.apache.org/maven2/org/aspectj/aspectjtools/1.9.19/aspectjtools-1.9.19.pom (2.3 kB at 13 kB/s)
[INFO] Downloading from central: https://repo.maven.apache.org/maven2/org/apache/maven/maven-plugin-api/3.9.2/maven-plugin-api-3.9.2.pom
[INFO] Downloaded from central: https://repo.maven.apache.org/maven2/org/apache/maven/maven-plugin-api/3.9.2/maven-plugin-api-3.9.2.pom (2.9 kB at 17 kB/s)
[INFO] Downloading from central: https://repo.maven.apache.org/maven2/org/apache/maven/maven/3.9.2/maven-3.9.2.pom
[INFO] Downloaded from central: https://repo.maven.apache.org/maven2/org/apache/maven/maven/3.9.2/maven-3.9.2.pom (29 kB at 165 kB/s)
[INFO] Downloading from central: https://repo.maven.apache.org/maven2/org/apache/maven/maven-model/3.9.2/maven-model-3.9.2.pom
[INFO] Downloaded from central: https://repo.maven.apache.org/maven2/org/apache/maven/maven-model/3.9.2/maven-model-3.9.2.pom (2.7 kB at 15 kB/s)
[INFO] Downloading from central: https://repo.maven.apache.org/maven2/org/apache/maven/maven-artifact/3.9.2/maven-artifact-3.9.2.pom
[INFO] Downloaded from central: https://repo.maven.apache.org/maven2/org/apache/maven/maven-artifact/3.9.2/maven-artifact-3.9.2.pom (2.3 kB at 13 kB/s)
[INFO] Downloading from central: https://repo.maven.apache.org/maven2/org/codehaus/plexus/plexus-classworlds/2.7.0/plexus-classworlds-2.7.0.pom
[INFO] Downloaded from central: https://repo.maven.apache.org/maven2/org/codehaus/plexus/plexus-classworlds/2.7.0/plexus-classworlds-2.7.0.pom (7.6 kB at 43 kB/s)
[INFO] Downloading from central: https://repo.maven.apache.org/maven2/org/apache/maven/maven-core/3.9.2/maven-core-3.9.2.pom
[INFO] Downloaded from central: https://repo.maven.apache.org/maven2/org/apache/maven/maven-core/3.9.2/maven-core-3.9.2.pom (7.5 kB at 43 kB/s)
[INFO] Downloading from central: https://repo.maven.apache.org/maven2/org/apache/maven/maven-settings/3.9.2/maven-settings-3.9.2.pom
[INFO] Downloaded from central: https://repo.maven.apache.org/maven2/org/apache/maven/maven-settings/3.9.2/maven-settings-3.9.2.pom (1.8 kB at 9.8 kB/s)
[INFO] Downloading from central: https://repo.maven.apache.org/maven2/org/apache/maven/maven-settings-builder/3.9.2/maven-settings-builder-3.9.2.pom
[INFO] Downloaded from central: https://repo.maven.apache.org/maven2/org/apache/maven/maven-settings-builder/3.9.2/maven-settings-builder-3.9.2.pom (2.5 kB at 14 kB/s)
[INFO] Downloading from central: https://repo.maven.apache.org/maven2/org/apache/maven/maven-builder-support/3.9.2/maven-builder-support-3.9.2.pom
[INFO] Downloaded from central: https://repo.maven.apache.org/maven2/org/apache/maven/maven-builder-support/3.9.2/maven-builder-support-3.9.2.pom (1.4 kB at 7.1 kB/s)
[INFO] Downloading from central: https://repo.maven.apache.org/maven2/org/apache/maven/maven-repository-metadata/3.9.2/maven-repository-metadata-3.9.2.pom
[INFO] Downloaded from central: https://repo.maven.apache.org/maven2/org/apache/maven/maven-repository-metadata/3.9.2/maven-repository-metadata-3.9.2.pom (2.1 kB at 11 kB/s)
[INFO] Downloading from central: https://repo.maven.apache.org/maven2/org/apache/maven/maven-model-builder/3.9.2/maven-model-builder-3.9.2.pom
[INFO] Downloaded from central: https://repo.maven.apache.org/maven2/org/apache/maven/maven-model-builder/3.9.2/maven-model-builder-3.9.2.pom (3.5 kB at 19 kB/s)
[INFO] Downloading from central: https://repo.maven.apache.org/maven2/org/apache/maven/maven-resolver-provider/3.9.2/maven-resolver-provider-3.9.2.pom
[INFO] Downloaded from central: https://repo.maven.apache.org/maven2/org/apache/maven/maven-resolver-provider/3.9.2/maven-resolver-provider-3.9.2.pom (4.5 kB at 25 kB/s)
[INFO] Downloading from central: https://repo.maven.apache.org/maven2/org/apache/maven/resolver/maven-resolver-api/1.9.10/maven-resolver-api-1.9.10.pom
[INFO] Downloaded from central: https://repo.maven.apache.org/maven2/org/apache/maven/resolver/maven-resolver-api/1.9.10/maven-resolver-api-1.9.10.pom (2.7 kB at 16 kB/s)
[INFO] Downloading from central: https://repo.maven.apache.org/maven2/org/apache/maven/resolver/maven-resolver/1.9.10/maven-resolver-1.9.10.pom
[INFO] Downloaded from central: https://repo.maven.apache.org/maven2/org/apache/maven/resolver/maven-resolver/1.9.10/maven-resolver-1.9.10.pom (24 kB at 34 kB/s)
[INFO] Downloading from central: https://repo.maven.apache.org/maven2/org/apache/maven/resolver/maven-resolver-spi/1.9.10/maven-resolver-spi-1.9.10.pom
[INFO] Downloaded from central: https://repo.maven.apache.org/maven2/org/apache/maven/resolver/maven-resolver-spi/1.9.10/maven-resolver-spi-1.9.10.pom (2.7 kB at 15 kB/s)
[INFO] Downloading from central: https://repo.maven.apache.org/maven2/org/apache/maven/resolver/maven-resolver-util/1.9.10/maven-resolver-util-1.9.10.pom
[INFO] Downloaded from central: https://repo.maven.apache.org/maven2/org/apache/maven/resolver/maven-resolver-util/1.9.10/maven-resolver-util-1.9.10.pom (2.9 kB at 16 kB/s)
[INFO] Downloading from central: https://repo.maven.apache.org/maven2/org/apache/maven/resolver/maven-resolver-impl/1.9.10/maven-resolver-impl-1.9.10.pom
[INFO] Downloaded from central: https://repo.maven.apache.org/maven2/org/apache/maven/resolver/maven-resolver-impl/1.9.10/maven-resolver-impl-1.9.10.pom (4.7 kB at 27 kB/s)
[INFO] Downloading from central: https://repo.maven.apache.org/maven2/org/apache/maven/resolver/maven-resolver-named-locks/1.9.10/maven-resolver-named-locks-1.9.10.pom
[INFO] Downloaded from central: https://repo.maven.apache.org/maven2/org/apache/maven/resolver/maven-resolver-named-locks/1.9.10/maven-resolver-named-locks-1.9.10.pom (3.2 kB at 8.6 kB/s)
[INFO] Downloading from central: https://repo.maven.apache.org/maven2/com/google/inject/guice/5.1.0/guice-5.1.0.pom
[INFO] Downloaded from central: https://repo.maven.apache.org/maven2/com/google/inject/guice/5.1.0/guice-5.1.0.pom (8.9 kB at 49 kB/s)
[INFO] Downloading from central: https://repo.maven.apache.org/maven2/com/google/inject/guice-parent/5.1.0/guice-parent-5.1.0.pom
[INFO] Downloaded from central: https://repo.maven.apache.org/maven2/com/google/inject/guice-parent/5.1.0/guice-parent-5.1.0.pom (18 kB at 99 kB/s)
[INFO] Downloading from central: https://repo.maven.apache.org/maven2/org/eclipse/sisu/org.eclipse.sisu.plexus/0.9.0.M2/org.eclipse.sisu.plexus-0.9.0.M2.pom
[INFO] Downloaded from central: https://repo.maven.apache.org/maven2/org/eclipse/sisu/org.eclipse.sisu.plexus/0.9.0.M2/org.eclipse.sisu.plexus-0.9.0.M2.pom (15 kB at 87 kB/s)
[INFO] Downloading from central: https://repo.maven.apache.org/maven2/org/eclipse/sisu/sisu-plexus/0.9.0.M2/sisu-plexus-0.9.0.M2.pom
[INFO] Downloaded from central: https://repo.maven.apache.org/maven2/org/eclipse/sisu/sisu-plexus/0.9.0.M2/sisu-plexus-0.9.0.M2.pom (15 kB at 87 kB/s)
[INFO] Downloading from central: https://repo.maven.apache.org/maven2/org/eclipse/sisu/org.eclipse.sisu.inject/0.9.0.M2/org.eclipse.sisu.inject-0.9.0.M2.pom
[INFO] Downloaded from central: https://repo.maven.apache.org/maven2/org/eclipse/sisu/org.eclipse.sisu.inject/0.9.0.M2/org.eclipse.sisu.inject-0.9.0.M2.pom (17 kB at 98 kB/s)
[INFO] Downloading from central: https://repo.maven.apache.org/maven2/org/eclipse/sisu/sisu-inject/0.9.0.M2/sisu-inject-0.9.0.M2.pom
[INFO] Downloaded from central: https://repo.maven.apache.org/maven2/org/eclipse/sisu/sisu-inject/0.9.0.M2/sisu-inject-0.9.0.M2.pom (15 kB at 82 kB/s)
[INFO] Downloading from central: https://repo.maven.apache.org/maven2/org/sonatype/sisu/sisu-guava/0.11.1/sisu-guava-0.11.1.pom
[INFO] Downloaded from central: https://repo.maven.apache.org/maven2/org/sonatype/sisu/sisu-guava/0.11.1/sisu-guava-0.11.1.pom (8.0 kB at 47 kB/s)
[INFO] Downloading from central: https://repo.maven.apache.org/maven2/org/sonatype/sisu/inject/guava-parent/0.11.1/guava-parent-0.11.1.pom
[INFO] Downloaded from central: https://repo.maven.apache.org/maven2/org/sonatype/sisu/inject/guava-parent/0.11.1/guava-parent-0.11.1.pom (2.6 kB at 15 kB/s)
[INFO] Downloading from central: https://repo.maven.apache.org/maven2/org/apache/maven/plugin-testing/maven-plugin-testing-harness/3.3.0/maven-plugin-testing-harness-3.3.0.pom
[INFO] Downloaded from central: https://repo.maven.apache.org/maven2/org/apache/maven/plugin-testing/maven-plugin-testing-harness/3.3.0/maven-plugin-testing-harness-3.3.0.pom (2.9 kB at 17 kB/s)
[INFO] Downloading from central: https://repo.maven.apache.org/maven2/org/apache/maven/plugin-testing/maven-plugin-testing/3.3.0/maven-plugin-testing-3.3.0.pom
[INFO] Downloaded from central: https://repo.maven.apache.org/maven2/org/apache/maven/plugin-testing/maven-plugin-testing/3.3.0/maven-plugin-testing-3.3.0.pom (11 kB at 62 kB/s)
[INFO] Downloading from central: https://repo.maven.apache.org/maven2/org/codehaus/plexus/plexus-archiver/2.2/plexus-archiver-2.2.pom
[INFO] Downloaded from central: https://repo.maven.apache.org/maven2/org/codehaus/plexus/plexus-archiver/2.2/plexus-archiver-2.2.pom (3.2 kB at 19 kB/s)
[INFO] Downloading from central: https://repo.maven.apache.org/maven2/org/codehaus/plexus/plexus-components/1.1.20/plexus-components-1.1.20.pom
[INFO] Downloaded from central: https://repo.maven.apache.org/maven2/org/codehaus/plexus/plexus-components/1.1.20/plexus-components-1.1.20.pom (3.0 kB at 18 kB/s)
[INFO] Artifact org.codehaus.plexus:plexus:pom:3.1 is present in the local repository, but cached from a remote repository ID that is unavailable in current build context, verifying that is downloadable from [central (https://repo.maven.apache.org/maven2, default, releases), maven-default-http-blocker (http://0.0.0.0/, default, snapshots, blocked), plexus.snapshots (https://oss.sonatype.org/content/repositories/plexus-snapshots, default, snapshots)]
[INFO] Artifact org.codehaus.plexus:plexus:pom:3.1 is present in the local repository, but cached from a remote repository ID that is unavailable in current build context, verifying that is downloadable from [central (https://repo.maven.apache.org/maven2, default, releases), maven-default-http-blocker (http://0.0.0.0/, default, snapshots, blocked), plexus.snapshots (https://oss.sonatype.org/content/repositories/plexus-snapshots, default, snapshots)]
[INFO] Downloading from central: https://repo.maven.apache.org/maven2/org/codehaus/plexus/plexus/3.1/plexus-3.1.pom
[INFO] Downloaded from central: https://repo.maven.apache.org/maven2/org/codehaus/plexus/plexus/3.1/plexus-3.1.pom (0 B at 0 B/s)
[INFO] Downloading from central: https://repo.maven.apache.org/maven2/org/codehaus/plexus/plexus-utils/3.0.7/plexus-utils-3.0.7.pom
[INFO] Downloaded from central: https://repo.maven.apache.org/maven2/org/codehaus/plexus/plexus-utils/3.0.7/plexus-utils-3.0.7.pom (2.5 kB at 15 kB/s)
[INFO] Downloading from central: https://repo.maven.apache.org/maven2/org/codehaus/plexus/plexus-io/2.0.4/plexus-io-2.0.4.pom
[INFO] Downloaded from central: https://repo.maven.apache.org/maven2/org/codehaus/plexus/plexus-io/2.0.4/plexus-io-2.0.4.pom (1.7 kB at 10 kB/s)
[INFO] Downloading from central: https://repo.maven.apache.org/maven2/org/codehaus/plexus/plexus-components/1.1.19/plexus-components-1.1.19.pom
[INFO] Downloaded from central: https://repo.maven.apache.org/maven2/org/codehaus/plexus/plexus-components/1.1.19/plexus-components-1.1.19.pom (2.7 kB at 16 kB/s)
[INFO] Downloading from central: https://repo.maven.apache.org/maven2/org/apache/maven/maven-artifact/3.9.0/maven-artifact-3.9.0.pom
[INFO] Downloaded from central: https://repo.maven.apache.org/maven2/org/apache/maven/maven-artifact/3.9.0/maven-artifact-3.9.0.pom (2.3 kB at 14 kB/s)
[INFO] Downloading from central: https://repo.maven.apache.org/maven2/org/apache/maven/maven/3.9.0/maven-3.9.0.pom
[INFO] Downloaded from central: https://repo.maven.apache.org/maven2/org/apache/maven/maven/3.9.0/maven-3.9.0.pom (28 kB at 161 kB/s)
[INFO] Downloading from central: https://repo.maven.apache.org/maven2/org/sonatype/sisu/sisu-inject-plexus/2.6.0/sisu-inject-plexus-2.6.0.pom
[INFO] Downloaded from central: https://repo.maven.apache.org/maven2/org/sonatype/sisu/sisu-inject-plexus/2.6.0/sisu-inject-plexus-2.6.0.pom (2.4 kB at 14 kB/s)
[INFO] Downloading from central: https://repo.maven.apache.org/maven2/org/sonatype/sisu/inject/wrappers/2.6.0/wrappers-2.6.0.pom
[INFO] Downloaded from central: https://repo.maven.apache.org/maven2/org/sonatype/sisu/inject/wrappers/2.6.0/wrappers-2.6.0.pom (983 B at 5.7 kB/s)
[INFO] Downloading from central: https://repo.maven.apache.org/maven2/org/sonatype/sisu/sisu-inject/2.6.0/sisu-inject-2.6.0.pom
[INFO] Downloaded from central: https://repo.maven.apache.org/maven2/org/sonatype/sisu/sisu-inject/2.6.0/sisu-inject-2.6.0.pom (2.0 kB at 11 kB/s)
[INFO] Downloading from central: https://repo.maven.apache.org/maven2/org/sonatype/sisu/sisu-parent/2.6.0/sisu-parent-2.6.0.pom
[INFO] Downloaded from central: https://repo.maven.apache.org/maven2/org/sonatype/sisu/sisu-parent/2.6.0/sisu-parent-2.6.0.pom (11 kB at 59 kB/s)
[INFO] Downloading from central: https://repo.maven.apache.org/maven2/org/codehaus/plexus/plexus-utils/3.0.18/plexus-utils-3.0.18.pom
[INFO] Downloaded from central: https://repo.maven.apache.org/maven2/org/codehaus/plexus/plexus-utils/3.0.18/plexus-utils-3.0.18.pom (3.4 kB at 19 kB/s)
[INFO] Downloading from central: https://repo.maven.apache.org/maven2/org/sonatype/sisu/sisu-inject-bean/2.6.0/sisu-inject-bean-2.6.0.pom
[INFO] Downloaded from central: https://repo.maven.apache.org/maven2/org/sonatype/sisu/sisu-inject-bean/2.6.0/sisu-inject-bean-2.6.0.pom (2.1 kB at 11 kB/s)
[INFO] Downloading from central: https://repo.maven.apache.org/maven2/org/sonatype/sisu/sisu-guice/3.2.5/sisu-guice-3.2.5.pom
[INFO] Downloaded from central: https://repo.maven.apache.org/maven2/org/sonatype/sisu/sisu-guice/3.2.5/sisu-guice-3.2.5.pom (11 kB at 56 kB/s)
[INFO] Downloading from central: https://repo.maven.apache.org/maven2/org/sonatype/sisu/inject/guice-parent/3.2.5/guice-parent-3.2.5.pom
[INFO] Downloaded from central: https://repo.maven.apache.org/maven2/org/sonatype/sisu/inject/guice-parent/3.2.5/guice-parent-3.2.5.pom (15 kB at 79 kB/s)
[INFO] Downloading from central: https://repo.maven.apache.org/maven2/org/eclipse/sisu/org.eclipse.sisu.inject/0.3.0/org.eclipse.sisu.inject-0.3.0.pom
[INFO] Downloaded from central: https://repo.maven.apache.org/maven2/org/eclipse/sisu/org.eclipse.sisu.inject/0.3.0/org.eclipse.sisu.inject-0.3.0.pom (2.6 kB at 14 kB/s)
[INFO] Downloading from central: https://repo.maven.apache.org/maven2/org/eclipse/sisu/sisu-inject/0.3.0/sisu-inject-0.3.0.pom
[INFO] Downloaded from central: https://repo.maven.apache.org/maven2/org/eclipse/sisu/sisu-inject/0.3.0/sisu-inject-0.3.0.pom (14 kB at 83 kB/s)
[INFO] Downloading from central: https://repo.maven.apache.org/maven2/org/eclipse/sisu/org.eclipse.sisu.plexus/0.3.0/org.eclipse.sisu.plexus-0.3.0.pom
[INFO] Downloaded from central: https://repo.maven.apache.org/maven2/org/eclipse/sisu/org.eclipse.sisu.plexus/0.3.0/org.eclipse.sisu.plexus-0.3.0.pom (4.2 kB at 24 kB/s)
[INFO] Downloading from central: https://repo.maven.apache.org/maven2/org/eclipse/sisu/sisu-plexus/0.3.0/sisu-plexus-0.3.0.pom
[INFO] Downloaded from central: https://repo.maven.apache.org/maven2/org/eclipse/sisu/sisu-plexus/0.3.0/sisu-plexus-0.3.0.pom (14 kB at 79 kB/s)
[INFO] Downloading from central: https://repo.maven.apache.org/maven2/org/apache/maven/maven-project/3.0-alpha-2/maven-project-3.0-alpha-2.pom
[INFO] Downloaded from central: https://repo.maven.apache.org/maven2/org/apache/maven/maven-project/3.0-alpha-2/maven-project-3.0-alpha-2.pom (3.3 kB at 19 kB/s)
[INFO] Downloading from central: https://repo.maven.apache.org/maven2/org/apache/maven/maven-model/3.0-alpha-2/maven-model-3.0-alpha-2.pom
[INFO] Downloaded from central: https://repo.maven.apache.org/maven2/org/apache/maven/maven-model/3.0-alpha-2/maven-model-3.0-alpha-2.pom (3.5 kB at 21 kB/s)
[INFO] Downloading from central: https://repo.maven.apache.org/maven2/org/codehaus/plexus/plexus-interpolation/1.1/plexus-interpolation-1.1.pom
[INFO] Downloaded from central: https://repo.maven.apache.org/maven2/org/codehaus/plexus/plexus-interpolation/1.1/plexus-interpolation-1.1.pom (1.4 kB at 8.4 kB/s)
[INFO] Downloading from central: https://repo.maven.apache.org/maven2/org/codehaus/plexus/plexus-container-default/1.0-beta-3.0.5/plexus-container-default-1.0-beta-3.0.5.pom
[INFO] Downloaded from central: https://repo.maven.apache.org/maven2/org/codehaus/plexus/plexus-container-default/1.0-beta-3.0.5/plexus-container-default-1.0-beta-3.0.5.pom (1.4 kB at 8.1 kB/s)
[INFO] Downloading from central: https://repo.maven.apache.org/maven2/org/codehaus/plexus/plexus-containers/1.0-beta-3.0.5/plexus-containers-1.0-beta-3.0.5.pom
[INFO] Downloaded from central: https://repo.maven.apache.org/maven2/org/codehaus/plexus/plexus-containers/1.0-beta-3.0.5/plexus-containers-1.0-beta-3.0.5.pom (4.1 kB at 23 kB/s)
[INFO] Downloading from central: https://repo.maven.apache.org/maven2/org/codehaus/plexus/plexus-classworlds/1.4/plexus-classworlds-1.4.pom
[INFO] Downloaded from central: https://repo.maven.apache.org/maven2/org/codehaus/plexus/plexus-classworlds/1.4/plexus-classworlds-1.4.pom (4.7 kB at 27 kB/s)
[INFO] Downloading from central: https://repo.maven.apache.org/maven2/org/codehaus/plexus/plexus/2.0.0/plexus-2.0.0.pom
[INFO] Downloaded from central: https://repo.maven.apache.org/maven2/org/codehaus/plexus/plexus/2.0.0/plexus-2.0.0.pom (8.0 kB at 46 kB/s)
[INFO] Downloading from central: https://repo.maven.apache.org/maven2/com/google/code/google-collections/google-collect/snapshot-20080530/google-collect-snapshot-20080530.pom
[INFO] Downloaded from central: https://repo.maven.apache.org/maven2/com/google/code/google-collections/google-collect/snapshot-20080530/google-collect-snapshot-20080530.pom (1.5 kB at 8.3 kB/s)
[INFO] Downloading from central: https://repo.maven.apache.org/maven2/org/codehaus/woodstox/wstx-asl/3.2.6/wstx-asl-3.2.6.pom
[INFO] Downloaded from central: https://repo.maven.apache.org/maven2/org/codehaus/woodstox/wstx-asl/3.2.6/wstx-asl-3.2.6.pom (1.3 kB at 6.9 kB/s)
[INFO] Downloading from central: https://repo.maven.apache.org/maven2/stax/stax-api/1.0.1/stax-api-1.0.1.pom
[INFO] Downloaded from central: https://repo.maven.apache.org/maven2/stax/stax-api/1.0.1/stax-api-1.0.1.pom (1.5 kB at 8.5 kB/s)
[INFO] Downloading from central: https://repo.maven.apache.org/maven2/org/sonatype/spice/model-builder/1.3/model-builder-1.3.pom
[INFO] Downloaded from central: https://repo.maven.apache.org/maven2/org/sonatype/spice/model-builder/1.3/model-builder-1.3.pom (2.9 kB at 16 kB/s)
[INFO] Downloading from central: https://repo.maven.apache.org/maven2/org/sonatype/spice/spice-parent/10/spice-parent-10.pom
[INFO] Downloaded from central: https://repo.maven.apache.org/maven2/org/sonatype/spice/spice-parent/10/spice-parent-10.pom (3.0 kB at 17 kB/s)
[INFO] Downloading from central: https://repo.maven.apache.org/maven2/org/sonatype/forge/forge-parent/3/forge-parent-3.pom
[INFO] Downloaded from central: https://repo.maven.apache.org/maven2/org/sonatype/forge/forge-parent/3/forge-parent-3.pom (5.0 kB at 29 kB/s)
[INFO] Downloading from central: https://repo.maven.apache.org/maven2/org/apache/maven/maven-project-builder/3.0-alpha-2/maven-project-builder-3.0-alpha-2.pom
[INFO] Downloaded from central: https://repo.maven.apache.org/maven2/org/apache/maven/maven-project-builder/3.0-alpha-2/maven-project-builder-3.0-alpha-2.pom (1.7 kB at 9.6 kB/s)
[INFO] Downloading from central: https://repo.maven.apache.org/maven2/org/apache/maven/plugin-tools/maven-plugin-annotations/3.9.0/maven-plugin-annotations-3.9.0.pom
[INFO] Downloaded from central: https://repo.maven.apache.org/maven2/org/apache/maven/plugin-tools/maven-plugin-annotations/3.9.0/maven-plugin-annotations-3.9.0.pom (1.5 kB at 8.1 kB/s)
[INFO] Downloading from central: https://repo.maven.apache.org/maven2/org/apache/maven/plugin-tools/maven-plugin-tools/3.9.0/maven-plugin-tools-3.9.0.pom
[INFO] Downloaded from central: https://repo.maven.apache.org/maven2/org/apache/maven/plugin-tools/maven-plugin-tools/3.9.0/maven-plugin-tools-3.9.0.pom (17 kB at 101 kB/s)
[INFO] Downloading from central: https://repo.maven.apache.org/maven2/org/junit/jupiter/junit-jupiter-api/5.9.3/junit-jupiter-api-5.9.3.pom
[INFO] Downloaded from central: https://repo.maven.apache.org/maven2/org/junit/jupiter/junit-jupiter-api/5.9.3/junit-jupiter-api-5.9.3.pom (3.2 kB at 19 kB/s)
[INFO] Downloading from central: https://repo.maven.apache.org/maven2/org/junit/jupiter/junit-jupiter-engine/5.9.3/junit-jupiter-engine-5.9.3.pom
[INFO] Downloaded from central: https://repo.maven.apache.org/maven2/org/junit/jupiter/junit-jupiter-engine/5.9.3/junit-jupiter-engine-5.9.3.pom (3.2 kB at 19 kB/s)
[WARNING] The artifact org.slf4j:slf4j-log4j12:jar:2.0.7 has been relocated to org.slf4j:slf4j-reload4j:jar:2.0.7
[INFO] Artifact org.apache.maven.shared:maven-dependency-tree:jar:3.1.1 is present in the local repository, but cached from a remote repository ID that is unavailable in current build context, verifying that is downloadable from [central (https://repo.maven.apache.org/maven2, default, releases)]
[INFO] Artifact org.eclipse.aether:aether-util:jar:1.1.0 is present in the local repository, but cached from a remote repository ID that is unavailable in current build context, verifying that is downloadable from [central (https://repo.maven.apache.org/maven2, default, releases), apache.snapshots (https://repository.apache.org/snapshots, default, snapshots)]
[INFO] Artifact org.apache.maven.shared:maven-dependency-tree:jar:3.1.1 is present in the local repository, but cached from a remote repository ID that is unavailable in current build context, verifying that is downloadable from [central (https://repo.maven.apache.org/maven2, default, releases)]
[INFO] Artifact org.eclipse.aether:aether-util:jar:1.1.0 is present in the local repository, but cached from a remote repository ID that is unavailable in current build context, verifying that is downloadable from [central (https://repo.maven.apache.org/maven2, default, releases), apache.snapshots (https://repository.apache.org/snapshots, default, snapshots)]
[INFO] Downloading from central: https://repo.maven.apache.org/maven2/com/jcabi/jcabi-maven-slf4j/0.12.2/jcabi-maven-slf4j-0.12.2.jar
[INFO] Downloaded from central: https://repo.maven.apache.org/maven2/com/jcabi/jcabi-maven-slf4j/0.12.2/jcabi-maven-slf4j-0.12.2.jar (10 kB at 60 kB/s)
[INFO] Downloading from central: https://repo.maven.apache.org/maven2/org/apache/maven/shared/maven-dependency-tree/3.1.1/maven-dependency-tree-3.1.1.jar
[INFO] Downloading from central: https://repo.maven.apache.org/maven2/org/eclipse/aether/aether-util/1.1.0/aether-util-1.1.0.jar
[INFO] Downloading from central: https://repo.maven.apache.org/maven2/org/aspectj/aspectjtools/1.9.19/aspectjtools-1.9.19.jar
[INFO] Downloading from central: https://repo.maven.apache.org/maven2/org/apache/maven/maven-plugin-api/3.9.2/maven-plugin-api-3.9.2.jar
[INFO] Downloading from central: https://repo.maven.apache.org/maven2/org/codehaus/plexus/plexus-classworlds/2.7.0/plexus-classworlds-2.7.0.jar
[INFO] Downloaded from central: https://repo.maven.apache.org/maven2/org/apache/maven/shared/maven-dependency-tree/3.1.1/maven-dependency-tree-3.1.1.jar (0 B at 0 B/s)
[INFO] Downloading from central: https://repo.maven.apache.org/maven2/org/apache/maven/maven-model/3.9.2/maven-model-3.9.2.jar
[INFO] Downloaded from central: https://repo.maven.apache.org/maven2/org/eclipse/aether/aether-util/1.1.0/aether-util-1.1.0.jar (0 B at 0 B/s)
[INFO] Downloading from central: https://repo.maven.apache.org/maven2/org/apache/maven/maven-core/3.9.2/maven-core-3.9.2.jar
[INFO] Downloaded from central: https://repo.maven.apache.org/maven2/org/apache/maven/maven-model/3.9.2/maven-model-3.9.2.jar (217 kB at 317 kB/s)
[INFO] Downloading from central: https://repo.maven.apache.org/maven2/org/apache/maven/maven-settings/3.9.2/maven-settings-3.9.2.jar
[INFO] Downloaded from central: https://repo.maven.apache.org/maven2/org/apache/maven/maven-plugin-api/3.9.2/maven-plugin-api-3.9.2.jar (47 kB at 68 kB/s)
[INFO] Downloading from central: https://repo.maven.apache.org/maven2/org/apache/maven/maven-settings-builder/3.9.2/maven-settings-builder-3.9.2.jar
[INFO] Downloaded from central: https://repo.maven.apache.org/maven2/org/apache/maven/maven-settings/3.9.2/maven-settings-3.9.2.jar (45 kB at 50 kB/s)
[INFO] Downloading from central: https://repo.maven.apache.org/maven2/org/apache/maven/maven-builder-support/3.9.2/maven-builder-support-3.9.2.jar
[INFO] Downloaded from central: https://repo.maven.apache.org/maven2/org/apache/maven/maven-settings-builder/3.9.2/maven-settings-builder-3.9.2.jar (42 kB at 45 kB/s)
[INFO] Downloading from central: https://repo.maven.apache.org/maven2/org/apache/maven/maven-repository-metadata/3.9.2/maven-repository-metadata-3.9.2.jar
[INFO] Downloaded from central: https://repo.maven.apache.org/maven2/org/apache/maven/maven-builder-support/3.9.2/maven-builder-support-3.9.2.jar (14 kB at 13 kB/s)
[INFO] Downloading from central: https://repo.maven.apache.org/maven2/org/apache/maven/maven-model-builder/3.9.2/maven-model-builder-3.9.2.jar
[INFO] Downloaded from central: https://repo.maven.apache.org/maven2/org/apache/maven/maven-repository-metadata/3.9.2/maven-repository-metadata-3.9.2.jar (29 kB at 24 kB/s)
[INFO] Downloading from central: https://repo.maven.apache.org/maven2/org/apache/maven/maven-resolver-provider/3.9.2/maven-resolver-provider-3.9.2.jar
[INFO] Downloaded from central: https://repo.maven.apache.org/maven2/org/apache/maven/maven-model-builder/3.9.2/maven-model-builder-3.9.2.jar (198 kB at 141 kB/s)
[INFO] Downloading from central: https://repo.maven.apache.org/maven2/org/apache/maven/resolver/maven-resolver-impl/1.9.10/maven-resolver-impl-1.9.10.jar
[INFO] Downloaded from central: https://repo.maven.apache.org/maven2/org/apache/maven/maven-resolver-provider/3.9.2/maven-resolver-provider-3.9.2.jar (74 kB at 51 kB/s)
[INFO] Downloading from central: https://repo.maven.apache.org/maven2/org/apache/maven/resolver/maven-resolver-named-locks/1.9.10/maven-resolver-named-locks-1.9.10.jar
[INFO] Downloaded from central: https://repo.maven.apache.org/maven2/org/codehaus/plexus/plexus-classworlds/2.7.0/plexus-classworlds-2.7.0.jar (53 kB at 36 kB/s)
[INFO] Downloading from central: https://repo.maven.apache.org/maven2/org/apache/maven/resolver/maven-resolver-spi/1.9.10/maven-resolver-spi-1.9.10.jar
[INFO] Downloaded from central: https://repo.maven.apache.org/maven2/org/apache/maven/resolver/maven-resolver-named-locks/1.9.10/maven-resolver-named-locks-1.9.10.jar (33 kB at 20 kB/s)
[INFO] Downloading from central: https://repo.maven.apache.org/maven2/org/apache/maven/resolver/maven-resolver-util/1.9.10/maven-resolver-util-1.9.10.jar
[INFO] Downloaded from central: https://repo.maven.apache.org/maven2/org/apache/maven/resolver/maven-resolver-impl/1.9.10/maven-resolver-impl-1.9.10.jar (316 kB at 167 kB/s)
[INFO] Downloading from central: https://repo.maven.apache.org/maven2/com/google/inject/guice/5.1.0/guice-5.1.0.jar
[INFO] Downloaded from central: https://repo.maven.apache.org/maven2/org/apache/maven/resolver/maven-resolver-spi/1.9.10/maven-resolver-spi-1.9.10.jar (51 kB at 26 kB/s)
[INFO] Downloading from central: https://repo.maven.apache.org/maven2/org/apache/maven/resolver/maven-resolver-api/1.9.10/maven-resolver-api-1.9.10.jar
[INFO] Downloaded from central: https://repo.maven.apache.org/maven2/org/apache/maven/maven-core/3.9.2/maven-core-3.9.2.jar (695 kB at 343 kB/s)
[INFO] Downloading from central: https://repo.maven.apache.org/maven2/org/eclipse/sisu/org.eclipse.sisu.plexus/0.9.0.M2/org.eclipse.sisu.plexus-0.9.0.M2.jar
[INFO] Downloaded from central: https://repo.maven.apache.org/maven2/com/google/inject/guice/5.1.0/guice-5.1.0.jar (778 kB at 343 kB/s)
[INFO] Downloading from central: https://repo.maven.apache.org/maven2/org/sonatype/sisu/sisu-guava/0.11.1/sisu-guava-0.11.1.jar
[INFO] Downloaded from central: https://repo.maven.apache.org/maven2/org/apache/maven/resolver/maven-resolver-util/1.9.10/maven-resolver-util-1.9.10.jar (195 kB at 83 kB/s)
[INFO] Downloading from central: https://repo.maven.apache.org/maven2/org/apache/maven/plugin-testing/maven-plugin-testing-harness/3.3.0/maven-plugin-testing-harness-3.3.0.jar
[INFO] Downloaded from central: https://repo.maven.apache.org/maven2/org/eclipse/sisu/org.eclipse.sisu.plexus/0.9.0.M2/org.eclipse.sisu.plexus-0.9.0.M2.jar (210 kB at 84 kB/s)
[INFO] Downloading from central: https://repo.maven.apache.org/maven2/org/codehaus/plexus/plexus-archiver/2.2/plexus-archiver-2.2.jar
[INFO] Downloaded from central: https://repo.maven.apache.org/maven2/org/apache/maven/plugin-testing/maven-plugin-testing-harness/3.3.0/maven-plugin-testing-harness-3.3.0.jar (51 kB at 20 kB/s)
[INFO] Downloading from central: https://repo.maven.apache.org/maven2/org/codehaus/plexus/plexus-io/2.0.4/plexus-io-2.0.4.jar
[INFO] Downloaded from central: https://repo.maven.apache.org/maven2/org/apache/maven/resolver/maven-resolver-api/1.9.10/maven-resolver-api-1.9.10.jar (157 kB at 61 kB/s)
[INFO] Downloading from central: https://repo.maven.apache.org/maven2/org/apache/maven/maven-artifact/3.9.0/maven-artifact-3.9.0.jar
[INFO] Downloaded from central: https://repo.maven.apache.org/maven2/org/sonatype/sisu/sisu-guava/0.11.1/sisu-guava-0.11.1.jar (1.6 MB at 607 kB/s)
[INFO] Downloading from central: https://repo.maven.apache.org/maven2/org/sonatype/sisu/sisu-inject-plexus/2.6.0/sisu-inject-plexus-2.6.0.jar
[INFO] Downloaded from central: https://repo.maven.apache.org/maven2/org/codehaus/plexus/plexus-archiver/2.2/plexus-archiver-2.2.jar (185 kB at 67 kB/s)
[INFO] Downloading from central: https://repo.maven.apache.org/maven2/org/sonatype/sisu/sisu-inject-bean/2.6.0/sisu-inject-bean-2.6.0.jar
[INFO] Downloaded from central: https://repo.maven.apache.org/maven2/org/apache/maven/maven-artifact/3.9.0/maven-artifact-3.9.0.jar (59 kB at 21 kB/s)
[INFO] Downloading from central: https://repo.maven.apache.org/maven2/org/sonatype/sisu/sisu-guice/3.2.5/sisu-guice-3.2.5-no_aop.jar
[INFO] Downloaded from central: https://repo.maven.apache.org/maven2/org/sonatype/sisu/sisu-inject-plexus/2.6.0/sisu-inject-plexus-2.6.0.jar (20 kB at 6.9 kB/s)
[INFO] Downloading from central: https://repo.maven.apache.org/maven2/org/apache/maven/maven-project/3.0-alpha-2/maven-project-3.0-alpha-2.jar
[INFO] Downloaded from central: https://repo.maven.apache.org/maven2/org/codehaus/plexus/plexus-io/2.0.4/plexus-io-2.0.4.jar (58 kB at 19 kB/s)
[INFO] Downloading from central: https://repo.maven.apache.org/maven2/org/codehaus/plexus/plexus-container-default/1.0-beta-3.0.5/plexus-container-default-1.0-beta-3.0.5.jar
[INFO] Downloaded from central: https://repo.maven.apache.org/maven2/org/sonatype/sisu/sisu-inject-bean/2.6.0/sisu-inject-bean-2.6.0.jar (45 kB at 14 kB/s)
[INFO] Downloading from central: https://repo.maven.apache.org/maven2/org/apache/xbean/xbean-reflect/3.4/xbean-reflect-3.4.jar
[INFO] Downloaded from central: https://repo.maven.apache.org/maven2/org/apache/maven/maven-project/3.0-alpha-2/maven-project-3.0-alpha-2.jar (143 kB at 44 kB/s)
[INFO] Downloading from central: https://repo.maven.apache.org/maven2/commons-logging/commons-logging-api/1.1/commons-logging-api-1.1.jar
[INFO] Downloaded from central: https://repo.maven.apache.org/maven2/org/codehaus/plexus/plexus-container-default/1.0-beta-3.0.5/plexus-container-default-1.0-beta-3.0.5.jar (209 kB at 63 kB/s)
[INFO] Downloading from central: https://repo.maven.apache.org/maven2/com/google/code/google-collections/google-collect/snapshot-20080530/google-collect-snapshot-20080530.jar
[INFO] Downloaded from central: https://repo.maven.apache.org/maven2/org/sonatype/sisu/sisu-guice/3.2.5/sisu-guice-3.2.5-no_aop.jar (400 kB at 119 kB/s)
[INFO] Downloading from central: https://repo.maven.apache.org/maven2/org/codehaus/woodstox/wstx-asl/3.2.6/wstx-asl-3.2.6.jar
[INFO] Downloaded from central: https://repo.maven.apache.org/maven2/commons-logging/commons-logging-api/1.1/commons-logging-api-1.1.jar (45 kB at 13 kB/s)
[INFO] Downloading from central: https://repo.maven.apache.org/maven2/stax/stax-api/1.0.1/stax-api-1.0.1.jar
[INFO] Downloaded from central: https://repo.maven.apache.org/maven2/org/apache/xbean/xbean-reflect/3.4/xbean-reflect-3.4.jar (134 kB at 39 kB/s)
[INFO] Downloading from central: https://repo.maven.apache.org/maven2/org/sonatype/spice/model-builder/1.3/model-builder-1.3.jar
[INFO] Downloaded from central: https://repo.maven.apache.org/maven2/stax/stax-api/1.0.1/stax-api-1.0.1.jar (27 kB at 7.0 kB/s)
[INFO] Downloading from central: https://repo.maven.apache.org/maven2/org/apache/maven/maven-project-builder/3.0-alpha-2/maven-project-builder-3.0-alpha-2.jar
[INFO] Downloaded from central: https://repo.maven.apache.org/maven2/org/codehaus/woodstox/wstx-asl/3.2.6/wstx-asl-3.2.6.jar (520 kB at 134 kB/s)
[INFO] Downloading from central: https://repo.maven.apache.org/maven2/org/apache/maven/plugin-tools/maven-plugin-annotations/3.9.0/maven-plugin-annotations-3.9.0.jar
[INFO] Downloaded from central: https://repo.maven.apache.org/maven2/org/sonatype/spice/model-builder/1.3/model-builder-1.3.jar (36 kB at 9.1 kB/s)
[INFO] Downloading from central: https://repo.maven.apache.org/maven2/org/junit/jupiter/junit-jupiter-api/5.9.3/junit-jupiter-api-5.9.3.jar
[INFO] Downloaded from central: https://repo.maven.apache.org/maven2/com/google/code/google-collections/google-collect/snapshot-20080530/google-collect-snapshot-20080530.jar (502 kB at 127 kB/s)
[INFO] Downloading from central: https://repo.maven.apache.org/maven2/org/junit/jupiter/junit-jupiter-engine/5.9.3/junit-jupiter-engine-5.9.3.jar
[INFO] Downloaded from central: https://repo.maven.apache.org/maven2/org/apache/maven/maven-project-builder/3.0-alpha-2/maven-project-builder-3.0-alpha-2.jar (169 kB at 43 kB/s)
[INFO] Downloaded from central: https://repo.maven.apache.org/maven2/org/apache/maven/plugin-tools/maven-plugin-annotations/3.9.0/maven-plugin-annotations-3.9.0.jar (14 kB at 3.4 kB/s)
[INFO] Downloaded from central: https://repo.maven.apache.org/maven2/org/aspectj/aspectjtools/1.9.19/aspectjtools-1.9.19.jar (15 MB at 3.6 MB/s)
[INFO] Downloaded from central: https://repo.maven.apache.org/maven2/org/junit/jupiter/junit-jupiter-engine/5.9.3/junit-jupiter-engine-5.9.3.jar (247 kB at 59 kB/s)
[INFO] Downloaded from central: https://repo.maven.apache.org/maven2/org/junit/jupiter/junit-jupiter-api/5.9.3/junit-jupiter-api-5.9.3.jar (208 kB at 45 kB/s)
[INFO] 
[INFO] --- clean:3.2.0:clean (default-clean) @ jcabi-maven-plugin ---
[INFO] 
[INFO] --- enforcer:1.3.1:enforce (enforce-maven) @ jcabi-maven-plugin ---
[INFO] Downloading from oss.sonatype.org: https://oss.sonatype.org/content/groups/public/org/apache/maven/shared/maven-dependency-tree/2.1/maven-dependency-tree-2.1.jar
[INFO] Downloaded from oss.sonatype.org: https://oss.sonatype.org/content/groups/public/org/apache/maven/shared/maven-dependency-tree/2.1/maven-dependency-tree-2.1.jar (60 kB at 85 kB/s)
[INFO] 
[INFO] --- enforcer:1.3.1:enforce (enforce-maven-same-versions) @ jcabi-maven-plugin ---
[INFO] 
[INFO] --- buildnumber:3.0.0:create (jcabi-build-number) @ jcabi-maven-plugin ---
[INFO] ShortRevision tag detected. The value is '7'.
[INFO] Executing: /bin/sh -c cd '/tmp/marshal-jcabi-a3-screen.lQhBFa/jcabi-maven-plugin' && 'git' 'rev-parse' '--verify' '--short=7' 'HEAD'
[INFO] Working directory: /tmp/marshal-jcabi-a3-screen.lQhBFa/jcabi-maven-plugin
[INFO] Storing buildNumber: c6d7c3d at timestamp: 2026-08-24T01:57:11
[WARNING] Cannot get the branch information from the git repository: 
Detecting the current branch failed: fatal: ref HEAD is not a symbolic ref

[INFO] ShortRevision tag detected. The value is '7'.
[INFO] Executing: /bin/sh -c cd '/tmp/marshal-jcabi-a3-screen.lQhBFa/jcabi-maven-plugin' && 'git' 'rev-parse' '--verify' '--short=7' 'HEAD'
[INFO] Working directory: /tmp/marshal-jcabi-a3-screen.lQhBFa/jcabi-maven-plugin
[INFO] Storing buildScmBranch: UNKNOWN
[INFO] 
[INFO] --- buildnumber:3.0.0:create-timestamp (jcabi-build-number) @ jcabi-maven-plugin ---
[INFO] Skipping because we are not in root module.
[INFO] 
[INFO] --- resources:3.2.0:resources (default-resources) @ jcabi-maven-plugin ---
[INFO] Using 'UTF-8' encoding to copy filtered resources.
[INFO] Using 'UTF-8' encoding to copy filtered properties files.
[INFO] Copying 1 resource
[INFO] The encoding used to copy filtered properties files have not been set. This means that the same encoding will be used to copy filtered properties files as when copying other filtered resources. This might not be what you want! Run your build with --debug to see which files might be affected. Read more at https://maven.apache.org/plugins/maven-resources-plugin/examples/filtering-properties-files.html
[INFO] 
[INFO] --- compiler:3.10.1:compile (default-compile) @ jcabi-maven-plugin ---
[WARNING]  Parameter 'optimize' (user property 'maven.compiler.optimize') is deprecated: This property is a no-op in {@code javac}.
[INFO] Changes detected - recompiling the module!
[INFO] Compiling 4 source files to /tmp/marshal-jcabi-a3-screen.lQhBFa/jcabi-maven-plugin/target/classes
[INFO] 
[INFO] --- compiler:3.10.1:compile (compile-helpmojo) @ jcabi-maven-plugin ---
[WARNING]  Parameter 'optimize' (user property 'maven.compiler.optimize') is deprecated: This property is a no-op in {@code javac}.
[INFO] Changes detected - recompiling the module!
[INFO] Compiling 4 source files to /tmp/marshal-jcabi-a3-screen.lQhBFa/jcabi-maven-plugin/target/classes
[INFO] 
[INFO] --- plugin:3.6.4:descriptor (default-descriptor) @ jcabi-maven-plugin ---
[ERROR] 

Some dependencies of Maven Plugins are expected to be in provided scope.
Please make sure that dependencies listed below declared in POM
have set '<scope>provided</scope>' as well.

The following dependencies are in wrong scope:
 * org.apache.maven:maven-plugin-api:jar:3.9.2:compile
 * org.apache.maven:maven-model:jar:3.9.2:compile
 * org.apache.maven:maven-core:jar:3.9.2:compile
 * org.apache.maven:maven-settings:jar:3.9.2:compile
 * org.apache.maven:maven-settings-builder:jar:3.9.2:compile
 * org.apache.maven:maven-builder-support:jar:3.9.2:compile
 * org.apache.maven:maven-repository-metadata:jar:3.9.2:compile
 * org.apache.maven:maven-model-builder:jar:3.9.2:compile
 * org.apache.maven:maven-resolver-provider:jar:3.9.2:compile
 * org.apache.maven:maven-artifact:jar:3.9.0:compile



[INFO] Using 'UTF-8' encoding to read mojo source files.
[INFO] java-javadoc mojo extractor found 0 mojo descriptor.
[INFO] bsh mojo extractor found 0 mojo descriptor.
[INFO] ant mojo extractor found 0 mojo descriptor.
[INFO] java-annotations mojo extractor found 2 mojo descriptors.
[INFO] 
[INFO] --- plugin:3.6.4:descriptor (mojo-descriptor) @ jcabi-maven-plugin ---
[ERROR] 

Some dependencies of Maven Plugins are expected to be in provided scope.
Please make sure that dependencies listed below declared in POM
have set '<scope>provided</scope>' as well.

The following dependencies are in wrong scope:
 * org.apache.maven:maven-plugin-api:jar:3.9.2:compile
 * org.apache.maven:maven-model:jar:3.9.2:compile
 * org.apache.maven:maven-core:jar:3.9.2:compile
 * org.apache.maven:maven-settings:jar:3.9.2:compile
 * org.apache.maven:maven-settings-builder:jar:3.9.2:compile
 * org.apache.maven:maven-builder-support:jar:3.9.2:compile
 * org.apache.maven:maven-repository-metadata:jar:3.9.2:compile
 * org.apache.maven:maven-model-builder:jar:3.9.2:compile
 * org.apache.maven:maven-resolver-provider:jar:3.9.2:compile
 * org.apache.maven:maven-artifact:jar:3.9.0:compile



[INFO] Using 'UTF-8' encoding to read mojo source files.
[INFO] java-javadoc mojo extractor found 0 mojo descriptor.
[INFO] bsh mojo extractor found 0 mojo descriptor.
[INFO] ant mojo extractor found 0 mojo descriptor.
[INFO] java-annotations mojo extractor found 2 mojo descriptors.
[INFO] 
[INFO] --- resources:3.2.0:testResources (default-testResources) @ jcabi-maven-plugin ---
[INFO] Using 'UTF-8' encoding to copy filtered resources.
[INFO] Using 'UTF-8' encoding to copy filtered properties files.
[INFO] Copying 4 resources
[INFO] The encoding used to copy filtered properties files have not been set. This means that the same encoding will be used to copy filtered properties files as when copying other filtered resources. This might not be what you want! Run your build with --debug to see which files might be affected. Read more at https://maven.apache.org/plugins/maven-resources-plugin/examples/filtering-properties-files.html
[INFO] 
[INFO] --- compiler:3.10.1:testCompile (default-testCompile) @ jcabi-maven-plugin ---
[WARNING]  Parameter 'optimize' (user property 'maven.compiler.optimize') is deprecated: This property is a no-op in {@code javac}.
[INFO] Changes detected - recompiling the module!
[INFO] Compiling 4 source files to /tmp/marshal-jcabi-a3-screen.lQhBFa/jcabi-maven-plugin/target/test-classes
[INFO] 
[INFO] --- surefire:3.0.0-M7:test (default-test) @ jcabi-maven-plugin ---
[INFO] Tests will run in random order. To reproduce ordering use flag -Dsurefire.runOrder.random.seed=868666657170722
[INFO] Using auto detected provider org.apache.maven.surefire.junitplatform.JUnitPlatformProvider
[INFO] 
[INFO] -------------------------------------------------------
[INFO]  T E S T S
[INFO] -------------------------------------------------------
[INFO] Running com.jcabi.maven.plugin.AjcMojoTest
[WARNING] Tests run: 1, Failures: 0, Errors: 0, Skipped: 1, Time elapsed: 0.028 s - in com.jcabi.maven.plugin.AjcMojoTest
[INFO] Running com.jcabi.maven.plugin.UnwovenClassesTest
SLF4J: Class path contains multiple SLF4J providers.
SLF4J: Found provider [MavenSlf4j()]
SLF4J: Found provider [org.slf4j.reload4j.Reload4jServiceProvider@2925bf5b]
SLF4J: See https://www.slf4j.org/codes.html#multiple_bindings for an explanation.
SLF4J: Actual provider is of type [MavenSlf4j()]
[info] Unwoven classes will be copied to src/test/resources/unwoven
[info] Unwoven test classes will be copied to src/test/resources/unwoven-test
[INFO] Tests run: 2, Failures: 0, Errors: 0, Skipped: 0, Time elapsed: 0.036 s - in com.jcabi.maven.plugin.UnwovenClassesTest
[INFO] Running com.jcabi.maven.plugin.VersionalizeMojoTest
[WARNING] Tests run: 1, Failures: 0, Errors: 0, Skipped: 1, Time elapsed: 0.001 s - in com.jcabi.maven.plugin.VersionalizeMojoTest
[INFO] 
[INFO] Results:
[INFO] 
[WARNING] Tests run: 4, Failures: 0, Errors: 0, Skipped: 2
[INFO] 
[INFO] 
[INFO] --- jcabi:0.16.0:versionalize (jcabi-versionalize-packages) @ jcabi-maven-plugin ---
[INFO] Downloading from oss.sonatype.org: https://oss.sonatype.org/content/groups/public/com/jcabi/jcabi-log/0.17.1/jcabi-log-0.17.1.pom
[INFO] Downloaded from oss.sonatype.org: https://oss.sonatype.org/content/groups/public/com/jcabi/jcabi-log/0.17.1/jcabi-log-0.17.1.pom (6.6 kB at 9.9 kB/s)
[INFO] Downloading from oss.sonatype.org: https://oss.sonatype.org/content/groups/public/com/jcabi/jcabi-aspects/0.23.2/jcabi-aspects-0.23.2.pom
[INFO] Downloaded from oss.sonatype.org: https://oss.sonatype.org/content/groups/public/com/jcabi/jcabi-aspects/0.23.2/jcabi-aspects-0.23.2.pom (9.2 kB at 14 kB/s)
[INFO] Downloading from oss.sonatype.org: https://oss.sonatype.org/content/groups/public/org/aspectj/aspectjrt/1.9.8.M1/aspectjrt-1.9.8.M1.pom
[INFO] Downloaded from oss.sonatype.org: https://oss.sonatype.org/content/groups/public/org/aspectj/aspectjrt/1.9.8.M1/aspectjrt-1.9.8.M1.pom (2.0 kB at 3.0 kB/s)
[INFO] Downloading from oss.sonatype.org: https://oss.sonatype.org/content/groups/public/com/jcabi/jcabi-maven-slf4j/0.10/jcabi-maven-slf4j-0.10.pom
[INFO] Downloaded from oss.sonatype.org: https://oss.sonatype.org/content/groups/public/com/jcabi/jcabi-maven-slf4j/0.10/jcabi-maven-slf4j-0.10.pom (4.4 kB at 6.3 kB/s)
[INFO] Downloading from oss.sonatype.org: https://oss.sonatype.org/content/groups/public/org/slf4j/slf4j-api/1.8.0-beta1/slf4j-api-1.8.0-beta1.pom
[INFO] Downloaded from oss.sonatype.org: https://oss.sonatype.org/content/groups/public/org/slf4j/slf4j-api/1.8.0-beta1/slf4j-api-1.8.0-beta1.pom (1.6 kB at 2.3 kB/s)
[INFO] Downloading from oss.sonatype.org: https://oss.sonatype.org/content/groups/public/org/slf4j/slf4j-parent/1.8.0-beta1/slf4j-parent-1.8.0-beta1.pom
[INFO] Downloaded from oss.sonatype.org: https://oss.sonatype.org/content/groups/public/org/slf4j/slf4j-parent/1.8.0-beta1/slf4j-parent-1.8.0-beta1.pom (16 kB at 23 kB/s)
[INFO] Downloading from oss.sonatype.org: https://oss.sonatype.org/content/groups/public/com/google/guava/guava/30.1.1-jre/guava-30.1.1-jre.pom
[INFO] Downloaded from oss.sonatype.org: https://oss.sonatype.org/content/groups/public/com/google/guava/guava/30.1.1-jre/guava-30.1.1-jre.pom (12 kB at 18 kB/s)
[INFO] Downloading from oss.sonatype.org: https://oss.sonatype.org/content/groups/public/com/google/guava/guava-parent/30.1.1-jre/guava-parent-30.1.1-jre.pom
[INFO] Downloaded from oss.sonatype.org: https://oss.sonatype.org/content/groups/public/com/google/guava/guava-parent/30.1.1-jre/guava-parent-30.1.1-jre.pom (14 kB at 21 kB/s)
[INFO] Downloading from oss.sonatype.org: https://oss.sonatype.org/content/groups/public/org/checkerframework/checker-qual/3.8.0/checker-qual-3.8.0.pom
[INFO] Downloaded from oss.sonatype.org: https://oss.sonatype.org/content/groups/public/org/checkerframework/checker-qual/3.8.0/checker-qual-3.8.0.pom (2.2 kB at 3.3 kB/s)
[INFO] Downloading from oss.sonatype.org: https://oss.sonatype.org/content/groups/public/com/google/errorprone/error_prone_annotations/2.5.1/error_prone_annotations-2.5.1.pom
[INFO] Downloaded from oss.sonatype.org: https://oss.sonatype.org/content/groups/public/com/google/errorprone/error_prone_annotations/2.5.1/error_prone_annotations-2.5.1.pom (2.1 kB at 3.1 kB/s)
[INFO] Downloading from oss.sonatype.org: https://oss.sonatype.org/content/groups/public/com/google/errorprone/error_prone_parent/2.5.1/error_prone_parent-2.5.1.pom
[INFO] Downloaded from oss.sonatype.org: https://oss.sonatype.org/content/groups/public/com/google/errorprone/error_prone_parent/2.5.1/error_prone_parent-2.5.1.pom (7.0 kB at 10 kB/s)
[INFO] Downloading from oss.sonatype.org: https://oss.sonatype.org/content/groups/public/com/jcabi/jcabi-log/0.17.1/jcabi-log-0.17.1.jar
[INFO] Downloaded from oss.sonatype.org: https://oss.sonatype.org/content/groups/public/com/jcabi/jcabi-log/0.17.1/jcabi-log-0.17.1.jar (50 kB at 73 kB/s)
[INFO] Downloading from oss.sonatype.org: https://oss.sonatype.org/content/groups/public/org/slf4j/slf4j-api/1.7.5/slf4j-api-1.7.5.jar
[INFO] Downloading from oss.sonatype.org: https://oss.sonatype.org/content/groups/public/com/jcabi/jcabi-aspects/0.23.2/jcabi-aspects-0.23.2.jar
[INFO] Downloading from oss.sonatype.org: https://oss.sonatype.org/content/groups/public/org/aspectj/aspectjrt/1.9.8.M1/aspectjrt-1.9.8.M1.jar
[INFO] Downloading from oss.sonatype.org: https://oss.sonatype.org/content/groups/public/com/jcabi/jcabi-maven-slf4j/0.10/jcabi-maven-slf4j-0.10.jar
[INFO] Downloading from oss.sonatype.org: https://oss.sonatype.org/content/groups/public/com/google/guava/guava/30.1.1-jre/guava-30.1.1-jre.jar
[INFO] Downloaded from oss.sonatype.org: https://oss.sonatype.org/content/groups/public/org/aspectj/aspectjrt/1.9.8.M1/aspectjrt-1.9.8.M1.jar (123 kB at 173 kB/s)
[INFO] Downloading from oss.sonatype.org: https://oss.sonatype.org/content/groups/public/org/checkerframework/checker-qual/3.8.0/checker-qual-3.8.0.jar
[INFO] Downloaded from oss.sonatype.org: https://oss.sonatype.org/content/groups/public/com/jcabi/jcabi-maven-slf4j/0.10/jcabi-maven-slf4j-0.10.jar (7.9 kB at 5.7 kB/s)
[INFO] Downloading from oss.sonatype.org: https://oss.sonatype.org/content/groups/public/com/google/errorprone/error_prone_annotations/2.5.1/error_prone_annotations-2.5.1.jar
[INFO] Downloaded from oss.sonatype.org: https://oss.sonatype.org/content/groups/public/com/jcabi/jcabi-aspects/0.23.2/jcabi-aspects-0.23.2.jar (86 kB at 62 kB/s)
[INFO] Downloaded from oss.sonatype.org: https://oss.sonatype.org/content/groups/public/org/slf4j/slf4j-api/1.7.5/slf4j-api-1.7.5.jar (26 kB at 18 kB/s)
[INFO] Downloaded from oss.sonatype.org: https://oss.sonatype.org/content/groups/public/com/google/guava/guava/30.1.1-jre/guava-30.1.1-jre.jar (2.9 MB at 1.6 MB/s)
[INFO] Downloaded from oss.sonatype.org: https://oss.sonatype.org/content/groups/public/com/google/errorprone/error_prone_annotations/2.5.1/error_prone_annotations-2.5.1.jar (14 kB at 6.7 kB/s)
[INFO] Downloaded from oss.sonatype.org: https://oss.sonatype.org/content/groups/public/org/checkerframework/checker-qual/3.8.0/checker-qual-3.8.0.jar (231 kB at 76 kB/s)
[INFO] Versionalizing /tmp/marshal-jcabi-a3-screen.lQhBFa/jcabi-maven-plugin/target/classes directory
[INFO] File /tmp/marshal-jcabi-a3-screen.lQhBFa/jcabi-maven-plugin/target/classes/com/jcabi/maven/plugin/com-jcabi-jcabi-maven-plugin-maven-plugin.txt added
[INFO] 
[INFO] --- jar:3.2.2:jar (default-jar) @ jcabi-maven-plugin ---
[INFO] Downloading from oss.sonatype.org: https://oss.sonatype.org/content/groups/public/org/apache/maven/shared/file-management/3.0.0/file-management-3.0.0.pom
[INFO] Downloaded from oss.sonatype.org: https://oss.sonatype.org/content/groups/public/org/apache/maven/shared/file-management/3.0.0/file-management-3.0.0.pom (4.7 kB at 7.0 kB/s)
[INFO] Downloading from oss.sonatype.org: https://oss.sonatype.org/content/groups/public/org/apache/maven/shared/maven-shared-components/22/maven-shared-components-22.pom
[INFO] Downloaded from oss.sonatype.org: https://oss.sonatype.org/content/groups/public/org/apache/maven/shared/maven-shared-components/22/maven-shared-components-22.pom (5.1 kB at 7.7 kB/s)
[INFO] Downloading from oss.sonatype.org: https://oss.sonatype.org/content/groups/public/org/apache/maven/shared/maven-shared-io/3.0.0/maven-shared-io-3.0.0.pom
[INFO] Downloaded from oss.sonatype.org: https://oss.sonatype.org/content/groups/public/org/apache/maven/shared/maven-shared-io/3.0.0/maven-shared-io-3.0.0.pom (4.2 kB at 6.3 kB/s)
[INFO] Downloading from oss.sonatype.org: https://oss.sonatype.org/content/groups/public/org/codehaus/plexus/plexus-interpolation/1.16/plexus-interpolation-1.16.jar
[INFO] Downloaded from oss.sonatype.org: https://oss.sonatype.org/content/groups/public/org/codehaus/plexus/plexus-interpolation/1.16/plexus-interpolation-1.16.jar (61 kB at 87 kB/s)
[INFO] Downloading from oss.sonatype.org: https://oss.sonatype.org/content/groups/public/org/apache/maven/shared/file-management/3.0.0/file-management-3.0.0.jar
[INFO] Downloading from oss.sonatype.org: https://oss.sonatype.org/content/groups/public/org/apache/maven/shared/maven-shared-io/3.0.0/maven-shared-io-3.0.0.jar
[INFO] Downloaded from oss.sonatype.org: https://oss.sonatype.org/content/groups/public/org/apache/maven/shared/file-management/3.0.0/file-management-3.0.0.jar (35 kB at 52 kB/s)
[INFO] Downloaded from oss.sonatype.org: https://oss.sonatype.org/content/groups/public/org/apache/maven/shared/maven-shared-io/3.0.0/maven-shared-io-3.0.0.jar (41 kB at 59 kB/s)
[INFO] Building jar: /tmp/marshal-jcabi-a3-screen.lQhBFa/jcabi-maven-plugin/target/jcabi-maven-plugin-1.0-SNAPSHOT.jar
[INFO] 
[INFO] --- plugin:3.6.4:addPluginArtifactMetadata (default-addPluginArtifactMetadata) @ jcabi-maven-plugin ---
[INFO] 
[INFO] --- assembly:3.4.2:single (assemble-all) @ jcabi-maven-plugin ---
[INFO] Downloading from oss.sonatype.org: https://oss.sonatype.org/content/groups/public/org/apache/maven/shared/maven-common-artifact-filters/3.3.1/maven-common-artifact-filters-3.3.1.pom
[INFO] Downloaded from oss.sonatype.org: https://oss.sonatype.org/content/groups/public/org/apache/maven/shared/maven-common-artifact-filters/3.3.1/maven-common-artifact-filters-3.3.1.pom (5.5 kB at 8.3 kB/s)
[INFO] Downloading from oss.sonatype.org: https://oss.sonatype.org/content/groups/public/org/apache/maven/shared/maven-artifact-transfer/0.13.1/maven-artifact-transfer-0.13.1.pom
[INFO] Downloaded from oss.sonatype.org: https://oss.sonatype.org/content/groups/public/org/apache/maven/shared/maven-artifact-transfer/0.13.1/maven-artifact-transfer-0.13.1.pom (11 kB at 17 kB/s)
[INFO] Downloading from oss.sonatype.org: https://oss.sonatype.org/content/groups/public/org/codehaus/plexus/plexus-io/3.4.0/plexus-io-3.4.0.pom
[INFO] Downloaded from oss.sonatype.org: https://oss.sonatype.org/content/groups/public/org/codehaus/plexus/plexus-io/3.4.0/plexus-io-3.4.0.pom (6.0 kB at 9.1 kB/s)
[INFO] Downloading from oss.sonatype.org: https://oss.sonatype.org/content/groups/public/org/codehaus/plexus/plexus-archiver/4.4.0/plexus-archiver-4.4.0.pom
[INFO] Downloaded from oss.sonatype.org: https://oss.sonatype.org/content/groups/public/org/codehaus/plexus/plexus-archiver/4.4.0/plexus-archiver-4.4.0.pom (6.3 kB at 9.5 kB/s)
[INFO] Downloading from oss.sonatype.org: https://oss.sonatype.org/content/groups/public/org/apache/maven/maven-archiver/3.6.0/maven-archiver-3.6.0.pom
[INFO] Downloaded from oss.sonatype.org: https://oss.sonatype.org/content/groups/public/org/apache/maven/maven-archiver/3.6.0/maven-archiver-3.6.0.pom (3.9 kB at 5.8 kB/s)
[INFO] Downloading from oss.sonatype.org: https://oss.sonatype.org/content/groups/public/org/apache/maven/shared/maven-common-artifact-filters/3.3.1/maven-common-artifact-filters-3.3.1.jar
[INFO] Downloaded from oss.sonatype.org: https://oss.sonatype.org/content/groups/public/org/apache/maven/shared/maven-common-artifact-filters/3.3.1/maven-common-artifact-filters-3.3.1.jar (63 kB at 89 kB/s)
[INFO] Downloading from oss.sonatype.org: https://oss.sonatype.org/content/groups/public/org/apache/maven/shared/maven-artifact-transfer/0.13.1/maven-artifact-transfer-0.13.1.jar
[INFO] Downloading from oss.sonatype.org: https://oss.sonatype.org/content/groups/public/org/codehaus/plexus/plexus-io/3.4.0/plexus-io-3.4.0.jar
[INFO] Downloading from oss.sonatype.org: https://oss.sonatype.org/content/groups/public/org/codehaus/plexus/plexus-archiver/4.4.0/plexus-archiver-4.4.0.jar
[INFO] Downloading from oss.sonatype.org: https://oss.sonatype.org/content/groups/public/org/apache/maven/maven-archiver/3.6.0/maven-archiver-3.6.0.jar
[INFO] Downloaded from oss.sonatype.org: https://oss.sonatype.org/content/groups/public/org/apache/maven/maven-archiver/3.6.0/maven-archiver-3.6.0.jar (26 kB at 39 kB/s)
[INFO] Downloaded from oss.sonatype.org: https://oss.sonatype.org/content/groups/public/org/codehaus/plexus/plexus-archiver/4.4.0/plexus-archiver-4.4.0.jar (211 kB at 307 kB/s)
[INFO] Downloaded from oss.sonatype.org: https://oss.sonatype.org/content/groups/public/org/codehaus/plexus/plexus-io/3.4.0/plexus-io-3.4.0.jar (79 kB at 110 kB/s)
[INFO] Downloaded from oss.sonatype.org: https://oss.sonatype.org/content/groups/public/org/apache/maven/shared/maven-artifact-transfer/0.13.1/maven-artifact-transfer-0.13.1.jar (159 kB at 117 kB/s)
[INFO] Building jar: /tmp/marshal-jcabi-a3-screen.lQhBFa/jcabi-maven-plugin/target/jcabi-maven-plugin-1.0-SNAPSHOT-jar-with-dependencies.jar
[INFO] 
[INFO] --- invoker:3.3.0:install (default) @ jcabi-maven-plugin ---
[INFO] Downloading from oss.sonatype.org: https://oss.sonatype.org/content/groups/public/org/apache/maven/shared/maven-invoker/3.2.0/maven-invoker-3.2.0.pom
[INFO] Downloaded from oss.sonatype.org: https://oss.sonatype.org/content/groups/public/org/apache/maven/shared/maven-invoker/3.2.0/maven-invoker-3.2.0.pom (5.2 kB at 8.6 kB/s)
[INFO] Downloading from oss.sonatype.org: https://oss.sonatype.org/content/groups/public/org/apache/maven/shared/maven-shared-components/35/maven-shared-components-35.pom
[INFO] Downloaded from oss.sonatype.org: https://oss.sonatype.org/content/groups/public/org/apache/maven/shared/maven-shared-components/35/maven-shared-components-35.pom (4.9 kB at 8.3 kB/s)
[INFO] Downloading from oss.sonatype.org: https://oss.sonatype.org/content/groups/public/org/apache/maven/reporting/maven-reporting-impl/3.1.0/maven-reporting-impl-3.1.0.pom
[INFO] Downloaded from oss.sonatype.org: https://oss.sonatype.org/content/groups/public/org/apache/maven/reporting/maven-reporting-impl/3.1.0/maven-reporting-impl-3.1.0.pom (7.2 kB at 12 kB/s)
[INFO] Downloading from oss.sonatype.org: https://oss.sonatype.org/content/groups/public/org/apache/maven/reporting/maven-reporting-api/3.1.0/maven-reporting-api-3.1.0.pom
[INFO] Downloaded from oss.sonatype.org: https://oss.sonatype.org/content/groups/public/org/apache/maven/reporting/maven-reporting-api/3.1.0/maven-reporting-api-3.1.0.pom (3.8 kB at 6.3 kB/s)
[INFO] Downloading from oss.sonatype.org: https://oss.sonatype.org/content/groups/public/org/apache/velocity/velocity/1.6.2/velocity-1.6.2.pom
[INFO] Downloaded from oss.sonatype.org: https://oss.sonatype.org/content/groups/public/org/apache/velocity/velocity/1.6.2/velocity-1.6.2.pom (11 kB at 18 kB/s)
[INFO] Downloading from oss.sonatype.org: https://oss.sonatype.org/content/groups/public/org/apache/maven/shared/maven-script-interpreter/1.3/maven-script-interpreter-1.3.pom
[INFO] Downloaded from oss.sonatype.org: https://oss.sonatype.org/content/groups/public/org/apache/maven/shared/maven-script-interpreter/1.3/maven-script-interpreter-1.3.pom (4.4 kB at 7.5 kB/s)
[INFO] Downloading from oss.sonatype.org: https://oss.sonatype.org/content/groups/public/org/codehaus/groovy/groovy/3.0.10/groovy-3.0.10.pom
[INFO] Downloaded from oss.sonatype.org: https://oss.sonatype.org/content/groups/public/org/codehaus/groovy/groovy/3.0.10/groovy-3.0.10.pom (24 kB at 39 kB/s)
[INFO] Downloading from oss.sonatype.org: https://oss.sonatype.org/content/groups/public/org/codehaus/groovy/groovy-json/3.0.10/groovy-json-3.0.10.pom
[INFO] Downloaded from oss.sonatype.org: https://oss.sonatype.org/content/groups/public/org/codehaus/groovy/groovy-json/3.0.10/groovy-json-3.0.10.pom (22 kB at 37 kB/s)
[INFO] Downloading from oss.sonatype.org: https://oss.sonatype.org/content/groups/public/org/codehaus/groovy/groovy-xml/3.0.10/groovy-xml-3.0.10.pom
[INFO] Downloaded from oss.sonatype.org: https://oss.sonatype.org/content/groups/public/org/codehaus/groovy/groovy-xml/3.0.10/groovy-xml-3.0.10.pom (22 kB at 36 kB/s)
[INFO] Downloading from oss.sonatype.org: https://oss.sonatype.org/content/groups/public/org/apache/maven/shared/maven-invoker/3.2.0/maven-invoker-3.2.0.jar
[INFO] Downloaded from oss.sonatype.org: https://oss.sonatype.org/content/groups/public/org/apache/maven/shared/maven-invoker/3.2.0/maven-invoker-3.2.0.jar (33 kB at 52 kB/s)
[INFO] Downloading from oss.sonatype.org: https://oss.sonatype.org/content/groups/public/org/apache/maven/reporting/maven-reporting-impl/3.1.0/maven-reporting-impl-3.1.0.jar
[INFO] Downloading from oss.sonatype.org: https://oss.sonatype.org/content/groups/public/org/apache/maven/reporting/maven-reporting-api/3.1.0/maven-reporting-api-3.1.0.jar
[INFO] Downloading from oss.sonatype.org: https://oss.sonatype.org/content/groups/public/org/apache/maven/shared/maven-script-interpreter/1.3/maven-script-interpreter-1.3.jar
[INFO] Downloading from oss.sonatype.org: https://oss.sonatype.org/content/groups/public/org/apache/maven/maven-model/3.1.1/maven-model-3.1.1.jar
[INFO] Downloading from oss.sonatype.org: https://oss.sonatype.org/content/groups/public/org/codehaus/groovy/groovy/3.0.10/groovy-3.0.10.jar
[INFO] Downloaded from oss.sonatype.org: https://oss.sonatype.org/content/groups/public/org/apache/maven/reporting/maven-reporting-impl/3.1.0/maven-reporting-impl-3.1.0.jar (19 kB at 27 kB/s)
[INFO] Downloading from oss.sonatype.org: https://oss.sonatype.org/content/groups/public/org/codehaus/groovy/groovy-json/3.0.10/groovy-json-3.0.10.jar
[INFO] Downloaded from oss.sonatype.org: https://oss.sonatype.org/content/groups/public/org/apache/maven/maven-model/3.1.1/maven-model-3.1.1.jar (154 kB at 217 kB/s)
[INFO] Downloading from oss.sonatype.org: https://oss.sonatype.org/content/groups/public/org/codehaus/groovy/groovy-xml/3.0.10/groovy-xml-3.0.10.jar
[INFO] Downloaded from oss.sonatype.org: https://oss.sonatype.org/content/groups/public/org/apache/maven/shared/maven-script-interpreter/1.3/maven-script-interpreter-1.3.jar (23 kB at 31 kB/s)
[INFO] Downloaded from oss.sonatype.org: https://oss.sonatype.org/content/groups/public/org/apache/maven/reporting/maven-reporting-api/3.1.0/maven-reporting-api-3.1.0.jar (11 kB at 7.3 kB/s)
[INFO] Downloaded from oss.sonatype.org: https://oss.sonatype.org/content/groups/public/org/codehaus/groovy/groovy-json/3.0.10/groovy-json-3.0.10.jar (133 kB at 91 kB/s)
[INFO] Downloaded from oss.sonatype.org: https://oss.sonatype.org/content/groups/public/org/codehaus/groovy/groovy-xml/3.0.10/groovy-xml-3.0.10.jar (296 kB at 180 kB/s)
[INFO] Downloaded from oss.sonatype.org: https://oss.sonatype.org/content/groups/public/org/codehaus/groovy/groovy/3.0.10/groovy-3.0.10.jar (8.0 MB at 3.4 MB/s)
[INFO] Installing /tmp/marshal-jcabi-a3-screen.lQhBFa/jcabi-maven-plugin/pom.xml to /tmp/marshal-jcabi-a3-screen.lQhBFa/jcabi-maven-plugin/target/local-repo/com/jcabi/jcabi-maven-plugin/1.0-SNAPSHOT/jcabi-maven-plugin-1.0-SNAPSHOT.pom
[INFO] Installing /tmp/marshal-jcabi-a3-screen.lQhBFa/jcabi-maven-plugin/target/jcabi-maven-plugin-1.0-SNAPSHOT.jar to /tmp/marshal-jcabi-a3-screen.lQhBFa/jcabi-maven-plugin/target/local-repo/com/jcabi/jcabi-maven-plugin/1.0-SNAPSHOT/jcabi-maven-plugin-1.0-SNAPSHOT.jar
[INFO] Installing /tmp/marshal-jcabi-a3-screen.lQhBFa/jcabi-maven-plugin/target/jcabi-maven-plugin-1.0-SNAPSHOT-jar-with-dependencies.jar to /tmp/marshal-jcabi-a3-screen.lQhBFa/jcabi-maven-plugin/target/local-repo/com/jcabi/jcabi-maven-plugin/1.0-SNAPSHOT/jcabi-maven-plugin-1.0-SNAPSHOT-jar-with-dependencies.jar
[INFO] 
[INFO] --- invoker:3.3.0:run (default) @ jcabi-maven-plugin ---
[INFO] Building: ajc/pom.xml
[INFO] run post-build script verify.groovy
[INFO]           ajc/pom.xml ...................................... SUCCESS (46.9 s)
[INFO] Building: ajc_noclasses/pom.xml
[INFO] run post-build script verify.groovy
[INFO]           ajc_noclasses/pom.xml ............................ SUCCESS (35.7 s)
[INFO] Building: ajc_disableCopy/pom.xml
[INFO] run post-build script verify.groovy
[INFO]           ajc_disableCopy/pom.xml .......................... SUCCESS (10.4 s)
[INFO] Building: versionalize/pom.xml
[INFO] run post-build script verify.groovy
[INFO]           versionalize/pom.xml ............................. SUCCESS (3.4 s)
[INFO] Building: ajc_defaultCopy/pom.xml
[INFO] run post-build script verify.groovy
[INFO]           ajc_defaultCopy/pom.xml .......................... SUCCESS (6.2 s)
[INFO] -------------------------------------------------
[INFO] Build Summary:
[INFO]   Passed: 5, Failed: 0, Errors: 0, Skipped: 0
[INFO] -------------------------------------------------
[INFO] 
[INFO] --- antrun:1.8:run (default) @ jcabi-maven-plugin ---
[INFO] Downloading from oss.sonatype.org: https://oss.sonatype.org/content/groups/public/ant-contrib/ant-contrib/1.0b3/ant-contrib-1.0b3.pom
[INFO] Downloaded from oss.sonatype.org: https://oss.sonatype.org/content/groups/public/ant-contrib/ant-contrib/1.0b3/ant-contrib-1.0b3.pom (761 B at 1.2 kB/s)
[INFO] Downloading from oss.sonatype.org: https://oss.sonatype.org/content/groups/public/org/codehaus/plexus/plexus-utils/3.0.20/plexus-utils-3.0.20.pom
[INFO] Downloaded from oss.sonatype.org: https://oss.sonatype.org/content/groups/public/org/codehaus/plexus/plexus-utils/3.0.20/plexus-utils-3.0.20.pom (3.8 kB at 4.9 kB/s)
[INFO] Downloading from oss.sonatype.org: https://oss.sonatype.org/content/groups/public/org/apache/ant/ant/1.9.4/ant-1.9.4.pom
[INFO] Downloaded from oss.sonatype.org: https://oss.sonatype.org/content/groups/public/org/apache/ant/ant/1.9.4/ant-1.9.4.pom (9.6 kB at 13 kB/s)
[INFO] Downloading from oss.sonatype.org: https://oss.sonatype.org/content/groups/public/org/apache/ant/ant-parent/1.9.4/ant-parent-1.9.4.pom
[INFO] Downloaded from oss.sonatype.org: https://oss.sonatype.org/content/groups/public/org/apache/ant/ant-parent/1.9.4/ant-parent-1.9.4.pom (5.6 kB at 9.9 kB/s)
[INFO] Downloading from oss.sonatype.org: https://oss.sonatype.org/content/groups/public/org/apache/ant/ant-launcher/1.9.4/ant-launcher-1.9.4.pom
[INFO] Downloaded from oss.sonatype.org: https://oss.sonatype.org/content/groups/public/org/apache/ant/ant-launcher/1.9.4/ant-launcher-1.9.4.pom (2.3 kB at 4.0 kB/s)
[INFO] Downloading from oss.sonatype.org: https://oss.sonatype.org/content/groups/public/ant-contrib/ant-contrib/1.0b3/ant-contrib-1.0b3.jar
[INFO] Downloaded from oss.sonatype.org: https://oss.sonatype.org/content/groups/public/ant-contrib/ant-contrib/1.0b3/ant-contrib-1.0b3.jar (224 kB at 289 kB/s)
[INFO] Downloading from oss.sonatype.org: https://oss.sonatype.org/content/groups/public/org/codehaus/plexus/plexus-utils/3.0.20/plexus-utils-3.0.20.jar
[INFO] Downloading from oss.sonatype.org: https://oss.sonatype.org/content/groups/public/org/apache/ant/ant/1.9.4/ant-1.9.4.jar
[INFO] Downloading from oss.sonatype.org: https://oss.sonatype.org/content/groups/public/org/apache/ant/ant-launcher/1.9.4/ant-launcher-1.9.4.jar
[INFO] Downloaded from oss.sonatype.org: https://oss.sonatype.org/content/groups/public/org/apache/ant/ant-launcher/1.9.4/ant-launcher-1.9.4.jar (18 kB at 27 kB/s)
[INFO] Downloaded from oss.sonatype.org: https://oss.sonatype.org/content/groups/public/org/apache/ant/ant/1.9.4/ant-1.9.4.jar (2.0 MB at 1.7 MB/s)
[INFO] Downloaded from oss.sonatype.org: https://oss.sonatype.org/content/groups/public/org/codehaus/plexus/plexus-utils/3.0.20/plexus-utils-3.0.20.jar (243 kB at 92 kB/s)
[INFO] Executing tasks

main:
     [echo] XCOP is not available in PATH
[INFO] Executed tasks
[INFO] ------------------------------------------------------------------------
[INFO] BUILD SUCCESS
[INFO] ------------------------------------------------------------------------
[INFO] Total time:  02:59 min
[INFO] Finished at: 2026-08-24T01:59:38+08:00
[INFO] ------------------------------------------------------------------------
