[INFO] Scanning for projects...
[INFO] 
[INFO] --------------------< com.jcabi:jcabi-maven-plugin >--------------------
[INFO] Building jcabi-maven-plugin 1.0-SNAPSHOT
[INFO]   from pom.xml
[INFO] ----------------------------[ maven-plugin ]----------------------------
[WARNING] The artifact org.slf4j:slf4j-log4j12:jar:2.0.7 has been relocated to org.slf4j:slf4j-reload4j:jar:2.0.7
[INFO] 
[INFO] --- clean:3.2.0:clean (default-clean) @ jcabi-maven-plugin ---
[INFO] 
[INFO] --- enforcer:1.3.1:enforce (enforce-maven) @ jcabi-maven-plugin ---
[INFO] 
[INFO] --- enforcer:1.3.1:enforce (enforce-maven-same-versions) @ jcabi-maven-plugin ---
[INFO] 
[INFO] --- buildnumber:3.0.0:create (jcabi-build-number) @ jcabi-maven-plugin ---
[INFO] ShortRevision tag detected. The value is '7'.
[INFO] Executing: /bin/sh -c cd '/tmp/marshal-jcabi-a3-repair.YRPJxm/jcabi-maven-plugin-0.20.1' && 'git' 'rev-parse' '--verify' '--short=7' 'HEAD'
[INFO] Working directory: /tmp/marshal-jcabi-a3-repair.YRPJxm/jcabi-maven-plugin-0.20.1
[INFO] Storing buildNumber: c6d7c3d at timestamp: 2026-08-24T19:49:37
[WARNING] Cannot get the branch information from the git repository: 
Detecting the current branch failed: fatal: ref HEAD is not a symbolic ref

[INFO] ShortRevision tag detected. The value is '7'.
[INFO] Executing: /bin/sh -c cd '/tmp/marshal-jcabi-a3-repair.YRPJxm/jcabi-maven-plugin-0.20.1' && 'git' 'rev-parse' '--verify' '--short=7' 'HEAD'
[INFO] Working directory: /tmp/marshal-jcabi-a3-repair.YRPJxm/jcabi-maven-plugin-0.20.1
[INFO] Storing buildScmBranch: UNKNOWN
[INFO] 
[INFO] --- buildnumber:3.0.0:create-timestamp (jcabi-build-number) @ jcabi-maven-plugin ---
[INFO] Skipping because we are not in root module.
[INFO] 
[INFO] --- resources:3.2.0:resources (default-resources) @ jcabi-maven-plugin ---
[INFO] Using 'UTF-8' encoding to copy filtered resources.
[INFO] Using 'UTF-8' encoding to copy filtered properties files.
[INFO] Copying 1 resource
[INFO] The encoding used to copy filtered properties files have not been set. This means that the same encoding will be used to copy filtered properties files as when copying other filtered resources. This might not be what you want! Run your build with --debug to see which files might be affected. Read more at https://maven.apache.org/plugins/maven-resources-plugin/examples/filtering-properties-files.html
[INFO] 
[INFO] --- compiler:3.10.1:compile (default-compile) @ jcabi-maven-plugin ---
[WARNING]  Parameter 'optimize' (user property 'maven.compiler.optimize') is deprecated: This property is a no-op in {@code javac}.
[INFO] Changes detected - recompiling the module!
[INFO] Compiling 4 source files to /tmp/marshal-jcabi-a3-repair.YRPJxm/jcabi-maven-plugin-0.20.1/target/classes
[INFO] 
[INFO] --- compiler:3.10.1:compile (compile-helpmojo) @ jcabi-maven-plugin ---
[WARNING]  Parameter 'optimize' (user property 'maven.compiler.optimize') is deprecated: This property is a no-op in {@code javac}.
[INFO] Changes detected - recompiling the module!
[INFO] Compiling 4 source files to /tmp/marshal-jcabi-a3-repair.YRPJxm/jcabi-maven-plugin-0.20.1/target/classes
[INFO] 
[INFO] --- plugin:3.6.4:descriptor (default-descriptor) @ jcabi-maven-plugin ---
[ERROR] 

Some dependencies of Maven Plugins are expected to be in provided scope.
Please make sure that dependencies listed below declared in POM
have set '<scope>provided</scope>' as well.

The following dependencies are in wrong scope:
 * org.apache.maven:maven-plugin-api:jar:3.9.2:compile
 * org.apache.maven:maven-model:jar:3.9.2:compile
 * org.apache.maven:maven-core:jar:3.9.2:compile
 * org.apache.maven:maven-settings:jar:3.9.2:compile
 * org.apache.maven:maven-settings-builder:jar:3.9.2:compile
 * org.apache.maven:maven-builder-support:jar:3.9.2:compile
 * org.apache.maven:maven-repository-metadata:jar:3.9.2:compile
 * org.apache.maven:maven-model-builder:jar:3.9.2:compile
 * org.apache.maven:maven-resolver-provider:jar:3.9.2:compile
 * org.apache.maven:maven-artifact:jar:3.9.0:compile



[INFO] Using 'UTF-8' encoding to read mojo source files.
[INFO] java-javadoc mojo extractor found 0 mojo descriptor.
[INFO] bsh mojo extractor found 0 mojo descriptor.
[INFO] ant mojo extractor found 0 mojo descriptor.
[INFO] java-annotations mojo extractor found 2 mojo descriptors.
[INFO] 
[INFO] --- plugin:3.6.4:descriptor (mojo-descriptor) @ jcabi-maven-plugin ---
[ERROR] 

Some dependencies of Maven Plugins are expected to be in provided scope.
Please make sure that dependencies listed below declared in POM
have set '<scope>provided</scope>' as well.

The following dependencies are in wrong scope:
 * org.apache.maven:maven-plugin-api:jar:3.9.2:compile
 * org.apache.maven:maven-model:jar:3.9.2:compile
 * org.apache.maven:maven-core:jar:3.9.2:compile
 * org.apache.maven:maven-settings:jar:3.9.2:compile
 * org.apache.maven:maven-settings-builder:jar:3.9.2:compile
 * org.apache.maven:maven-builder-support:jar:3.9.2:compile
 * org.apache.maven:maven-repository-metadata:jar:3.9.2:compile
 * org.apache.maven:maven-model-builder:jar:3.9.2:compile
 * org.apache.maven:maven-resolver-provider:jar:3.9.2:compile
 * org.apache.maven:maven-artifact:jar:3.9.0:compile



[INFO] Using 'UTF-8' encoding to read mojo source files.
[INFO] java-javadoc mojo extractor found 0 mojo descriptor.
[INFO] bsh mojo extractor found 0 mojo descriptor.
[INFO] ant mojo extractor found 0 mojo descriptor.
[INFO] java-annotations mojo extractor found 2 mojo descriptors.
[INFO] 
[INFO] --- resources:3.2.0:testResources (default-testResources) @ jcabi-maven-plugin ---
[INFO] Using 'UTF-8' encoding to copy filtered resources.
[INFO] Using 'UTF-8' encoding to copy filtered properties files.
[INFO] Copying 4 resources
[INFO] The encoding used to copy filtered properties files have not been set. This means that the same encoding will be used to copy filtered properties files as when copying other filtered resources. This might not be what you want! Run your build with --debug to see which files might be affected. Read more at https://maven.apache.org/plugins/maven-resources-plugin/examples/filtering-properties-files.html
[INFO] 
[INFO] --- compiler:3.10.1:testCompile (default-testCompile) @ jcabi-maven-plugin ---
[WARNING]  Parameter 'optimize' (user property 'maven.compiler.optimize') is deprecated: This property is a no-op in {@code javac}.
[INFO] Changes detected - recompiling the module!
[INFO] Compiling 4 source files to /tmp/marshal-jcabi-a3-repair.YRPJxm/jcabi-maven-plugin-0.20.1/target/test-classes
[INFO] 
[INFO] --- surefire:3.0.0-M7:test (default-test) @ jcabi-maven-plugin ---
[INFO] Tests will run in random order. To reproduce ordering use flag -Dsurefire.runOrder.random.seed=933013377334493
[INFO] Using auto detected provider org.apache.maven.surefire.junitplatform.JUnitPlatformProvider
[INFO] 
[INFO] -------------------------------------------------------
[INFO]  T E S T S
[INFO] -------------------------------------------------------
[INFO] Running com.jcabi.maven.plugin.AjcMojoTest
[WARNING] Tests run: 1, Failures: 0, Errors: 0, Skipped: 1, Time elapsed: 0.029 s - in com.jcabi.maven.plugin.AjcMojoTest
[INFO] Running com.jcabi.maven.plugin.UnwovenClassesTest
SLF4J: Class path contains multiple SLF4J providers.
SLF4J: Found provider [MavenSlf4j()]
SLF4J: Found provider [org.slf4j.reload4j.Reload4jServiceProvider@3bd82cf5]
SLF4J: See https://www.slf4j.org/codes.html#multiple_bindings for an explanation.
SLF4J: Actual provider is of type [MavenSlf4j()]
[info] Unwoven classes will be copied to src/test/resources/unwoven
[info] Unwoven test classes will be copied to src/test/resources/unwoven-test
[INFO] Tests run: 2, Failures: 0, Errors: 0, Skipped: 0, Time elapsed: 0.038 s - in com.jcabi.maven.plugin.UnwovenClassesTest
[INFO] Running com.jcabi.maven.plugin.VersionalizeMojoTest
[WARNING] Tests run: 1, Failures: 0, Errors: 0, Skipped: 1, Time elapsed: 0.002 s - in com.jcabi.maven.plugin.VersionalizeMojoTest
[INFO] 
[INFO] Results:
[INFO] 
[WARNING] Tests run: 4, Failures: 0, Errors: 0, Skipped: 2
[INFO] 
[INFO] 
[INFO] --- jcabi:0.16.0:versionalize (jcabi-versionalize-packages) @ jcabi-maven-plugin ---
[INFO] Versionalizing /tmp/marshal-jcabi-a3-repair.YRPJxm/jcabi-maven-plugin-0.20.1/target/classes directory
[INFO] File /tmp/marshal-jcabi-a3-repair.YRPJxm/jcabi-maven-plugin-0.20.1/target/classes/com/jcabi/maven/plugin/com-jcabi-jcabi-maven-plugin-maven-plugin.txt added
[INFO] 
[INFO] --- jar:3.2.2:jar (default-jar) @ jcabi-maven-plugin ---
[INFO] Building jar: /tmp/marshal-jcabi-a3-repair.YRPJxm/jcabi-maven-plugin-0.20.1/target/jcabi-maven-plugin-1.0-SNAPSHOT.jar
[INFO] 
[INFO] --- plugin:3.6.4:addPluginArtifactMetadata (default-addPluginArtifactMetadata) @ jcabi-maven-plugin ---
[INFO] 
[INFO] --- assembly:3.4.2:single (assemble-all) @ jcabi-maven-plugin ---
[INFO] Building jar: /tmp/marshal-jcabi-a3-repair.YRPJxm/jcabi-maven-plugin-0.20.1/target/jcabi-maven-plugin-1.0-SNAPSHOT-jar-with-dependencies.jar
[INFO] 
[INFO] --- invoker:3.3.0:install (default) @ jcabi-maven-plugin ---
[INFO] Installing /tmp/marshal-jcabi-a3-repair.YRPJxm/jcabi-maven-plugin-0.20.1/pom.xml to /tmp/marshal-jcabi-a3-repair.YRPJxm/jcabi-maven-plugin-0.20.1/target/local-repo/com/jcabi/jcabi-maven-plugin/1.0-SNAPSHOT/jcabi-maven-plugin-1.0-SNAPSHOT.pom
[INFO] Installing /tmp/marshal-jcabi-a3-repair.YRPJxm/jcabi-maven-plugin-0.20.1/target/jcabi-maven-plugin-1.0-SNAPSHOT.jar to /tmp/marshal-jcabi-a3-repair.YRPJxm/jcabi-maven-plugin-0.20.1/target/local-repo/com/jcabi/jcabi-maven-plugin/1.0-SNAPSHOT/jcabi-maven-plugin-1.0-SNAPSHOT.jar
[INFO] Installing /tmp/marshal-jcabi-a3-repair.YRPJxm/jcabi-maven-plugin-0.20.1/target/jcabi-maven-plugin-1.0-SNAPSHOT-jar-with-dependencies.jar to /tmp/marshal-jcabi-a3-repair.YRPJxm/jcabi-maven-plugin-0.20.1/target/local-repo/com/jcabi/jcabi-maven-plugin/1.0-SNAPSHOT/jcabi-maven-plugin-1.0-SNAPSHOT-jar-with-dependencies.jar
[INFO] 
[INFO] --- invoker:3.3.0:run (default) @ jcabi-maven-plugin ---
[INFO] ------------------------------------------------------------------------
[INFO] BUILD FAILURE
[INFO] ------------------------------------------------------------------------
[INFO] Total time:  10.960 s
[INFO] Finished at: 2026-08-24T19:49:46+08:00
[INFO] ------------------------------------------------------------------------
[ERROR] Failed to execute goal org.apache.maven.plugins:maven-invoker-plugin:3.3.0:run (default) on project jcabi-maven-plugin: Failed to parse POM: /tmp/marshal-jcabi-a3-repair.YRPJxm/jcabi-maven-plugin-0.20.1/src/it/ajc/pom.xml: end tag name </version> must match start tag name <dependency> from line 48 (position: TEXT seen ...</groupId>\n      \u0.20.1</version>... @50:23) -> [Help 1]
[ERROR] 
[ERROR] To see the full stack trace of the errors, re-run Maven with the -e switch.
[ERROR] Re-run Maven using the -X switch to enable full debug logging.
[ERROR] 
[ERROR] For more information about the errors and possible solutions, please read the following articles:
[ERROR] [Help 1] http://cwiki.apache.org/confluence/display/MAVEN/MojoExecutionException
