Ignoring tomli: markers 'python_version < "3.11"' don't match your environment
Collecting fixtures>=3.0.0 (from -r /home/zhihao/hdd/marshal/.work/root-rebuild-1000668-1000669/case-output-v2/replay-work/formal-opendev-1000668--target-1000669/target-a0/requirements.txt (line 1))
  Using cached fixtures-4.3.2-py3-none-any.whl.metadata (22 kB)
Collecting packaging!=20.5,!=20.6,!=20.7,>=16.5 (from -r /home/zhihao/hdd/marshal/.work/root-rebuild-1000668-1000669/case-output-v2/replay-work/formal-opendev-1000668--target-1000669/target-a0/requirements.txt (line 2))
  Using cached packaging-26.3-py3-none-any.whl.metadata (3.5 kB)
Collecting requests>=2.14.2 (from -r /home/zhihao/hdd/marshal/.work/root-rebuild-1000668-1000669/case-output-v2/replay-work/formal-opendev-1000668--target-1000669/target-a0/requirements.txt (line 3))
  Using cached requests-2.34.2-py3-none-any.whl.metadata (4.8 kB)
Collecting PyYAML>=3.12 (from -r /home/zhihao/hdd/marshal/.work/root-rebuild-1000668-1000669/case-output-v2/replay-work/formal-opendev-1000668--target-1000669/target-a0/requirements.txt (line 4))
  Using cached pyyaml-6.0.3-cp313-cp313-manylinux2014_x86_64.manylinux_2_17_x86_64.manylinux_2_28_x86_64.whl.metadata (2.4 kB)
Collecting beagle>=0.2.1 (from -r /home/zhihao/hdd/marshal/.work/root-rebuild-1000668-1000669/case-output-v2/replay-work/formal-opendev-1000668--target-1000669/target-a0/requirements.txt (line 5))
  Using cached beagle-0.5.0-py3-none-any.whl.metadata (1.1 kB)
Collecting setuptools!=24.0.0,!=34.0.0,!=34.0.1,!=34.0.2,!=34.0.3,!=34.1.0,!=34.1.1,!=34.2.0,!=34.3.0,!=34.3.1,!=34.3.2,!=36.2.0,>=21.0.0 (from -r /home/zhihao/hdd/marshal/.work/root-rebuild-1000668-1000669/case-output-v2/replay-work/formal-opendev-1000668--target-1000669/target-a0/requirements.txt (line 6))
  Using cached setuptools-84.0.0-py3-none-any.whl.metadata (6.6 kB)
Collecting charset_normalizer<4,>=2 (from requests>=2.14.2->-r /home/zhihao/hdd/marshal/.work/root-rebuild-1000668-1000669/case-output-v2/replay-work/formal-opendev-1000668--target-1000669/target-a0/requirements.txt (line 3))
  Using cached charset_normalizer-3.5.1-cp313-cp313-manylinux2014_x86_64.manylinux_2_17_x86_64.manylinux_2_28_x86_64.whl.metadata (45 kB)
Collecting idna<4,>=2.5 (from requests>=2.14.2->-r /home/zhihao/hdd/marshal/.work/root-rebuild-1000668-1000669/case-output-v2/replay-work/formal-opendev-1000668--target-1000669/target-a0/requirements.txt (line 3))
  Using cached idna-3.19-py3-none-any.whl.metadata (9.2 kB)
Collecting urllib3<3,>=1.26 (from requests>=2.14.2->-r /home/zhihao/hdd/marshal/.work/root-rebuild-1000668-1000669/case-output-v2/replay-work/formal-opendev-1000668--target-1000669/target-a0/requirements.txt (line 3))
  Using cached urllib3-2.7.0-py3-none-any.whl.metadata (6.9 kB)
Collecting certifi>=2023.5.7 (from requests>=2.14.2->-r /home/zhihao/hdd/marshal/.work/root-rebuild-1000668-1000669/case-output-v2/replay-work/formal-opendev-1000668--target-1000669/target-a0/requirements.txt (line 3))
  Using cached certifi-2026.7.22-py3-none-any.whl.metadata (2.5 kB)
Using cached fixtures-4.3.2-py3-none-any.whl (41 kB)
Using cached packaging-26.3-py3-none-any.whl (129 kB)
Using cached requests-2.34.2-py3-none-any.whl (73 kB)
Using cached charset_normalizer-3.5.1-cp313-cp313-manylinux2014_x86_64.manylinux_2_17_x86_64.manylinux_2_28_x86_64.whl (250 kB)
Using cached idna-3.19-py3-none-any.whl (68 kB)
Using cached urllib3-2.7.0-py3-none-any.whl (131 kB)
Using cached pyyaml-6.0.3-cp313-cp313-manylinux2014_x86_64.manylinux_2_17_x86_64.manylinux_2_28_x86_64.whl (801 kB)
Using cached beagle-0.5.0-py3-none-any.whl (10 kB)
Using cached setuptools-84.0.0-py3-none-any.whl (818 kB)
Using cached certifi-2026.7.22-py3-none-any.whl (136 kB)
Installing collected packages: urllib3, setuptools, PyYAML, packaging, idna, fixtures, charset_normalizer, certifi, beagle, requests

Successfully installed PyYAML-6.0.3 beagle-0.5.0 certifi-2026.7.22 charset_normalizer-3.5.1 fixtures-4.3.2 idna-3.19 packaging-26.3 requests-2.34.2 setuptools-84.0.0 urllib3-2.7.0

[notice] A new release of pip is available: 25.3 -> 26.2.1
[notice] To update, run: /home/zhihao/hdd/marshal/.work/root-rebuild-1000668-1000669/case-output-v2/replay-work/formal-opendev-1000668--target-1000669/runner/bin/python -m pip install --upgrade pip
