{0} masakari.tests.unit.test_api_validation.StringTestCase.test_validate_string_fails [0.015498s] ... ok
{2} masakari.tests.unit.test_api_validation.BooleanTestCase.test_validate_boolean_fails [0.014442s] ... ok
{1} masakari.tests.unit.test_api_validation.VersionedApiValidationTestCase.test_validate_with_proper_microversions [0.015827s] ... ok
{3} masakari.tests.unit.test_api_validation.ValidationRegex.test_build_regex_range [0.012570s] ... ok
{5} masakari.tests.unit.test_api_validation.FormatCheckerTestCase.test_format_checker_failed [0.017947s] ... ok
{11} masakari.tests.unit.test_api_validation.RequiredEnableTestCase.test_validate_required_enable_fails [0.013215s] ... ok
{6} masakari.tests.unit.test_api_validation.AdditionalPropertiesDisableTestCase.test_validate_additionalProperties_disable [0.013337s] ... ok
{9} masakari.tests.unit.test_api_validation.StringLengthTestCase.test_validate_string_length_fails [0.014401s] ... ok
{8} masakari.tests.unit.test_api_validation.StringLengthTestCase.test_validate_string_length [0.013840s] ... ok
{7} masakari.tests.unit.test_api_validation.IntegerTestCase.test_validate_integer [0.014943s] ... ok
{10} masakari.tests.unit.test_api_validation.DatetimeTestCase.test_validate_datetime [0.012732s] ... ok
{13} masakari.tests.unit.test_api_validation.BooleanTestCase.test_validate_boolean [0.018380s] ... ok
{14} masakari.tests.unit.test_api_validation.IntegerRangeTestCase.test_validate_integer_range_fails [0.016818s] ... ok
{12} masakari.tests.unit.test_api_validation.IntegerTestCase.test_validate_integer_fails [0.018560s] ... ok
{16} masakari.tests.unit.test_api_validation.AdditionalPropertiesEnableTestCase.test_validate_additionalProperties_enable [0.014506s] ... ok
{4} masakari.tests.unit.test_api_validation.PatternPropertiesTestCase.test_validate_patternProperties_fails [0.017306s] ... ok
{18} masakari.tests.unit.test_api_validation.IntegerRangeTestCase.test_validate_integer_range [0.015491s] ... ok
{15} masakari.tests.unit.test_api_validation.AdditionalPropertiesDisableTestCase.test_validate_additionalProperties_disable_fails [0.013834s] ... ok
{21} masakari.tests.unit.test_api_validation.StringTestCase.test_validate_string [0.015615s] ... ok
{25} masakari.tests.unit.test_api_validation.RequiredDisableTestCase.test_validate_required_disable [0.014341s] ... ok
{22} masakari.tests.unit.test_api_validation.FormatCheckerTestCase.test_format_checker_failed_with_non_string [0.018293s] ... ok
{20} masakari.tests.unit.test_api_validation.PatternPropertiesTestCase.test_validate_patternProperties [0.013706s] ... ok
{19} masakari.tests.unit.test_api_validation.NameTestCase.test_validate_name [0.023612s] ... ok
{23} masakari.tests.unit.test_api_validation.VersionedApiValidationTestCase.test_validate_with_improper_microversions [0.017458s] ... ok
{24} masakari.tests.unit.test_api_validation.NameTestCase.test_validate_name_fails [0.024869s] ... ok
{17} masakari.tests.unit.test_api_validation.RequiredEnableTestCase.test_validate_required_enable [0.014664s] ... ok

======
Totals
======
Ran: 26 tests in 0.1567 sec.
 - Passed: 26
 - Skipped: 0
 - Expected Fail: 0
 - Unexpected Success: 0
 - Failed: 0
Sum of execute time for each test: 0.4162 sec.

==============
Worker Balance
==============
 - Worker 0 (1 tests) => 0:00:00.015498
 - Worker 1 (1 tests) => 0:00:00.015827
 - Worker 2 (1 tests) => 0:00:00.014442
 - Worker 3 (1 tests) => 0:00:00.012570
 - Worker 4 (1 tests) => 0:00:00.017306
 - Worker 5 (1 tests) => 0:00:00.017947
 - Worker 6 (1 tests) => 0:00:00.013337
 - Worker 7 (1 tests) => 0:00:00.014943
 - Worker 8 (1 tests) => 0:00:00.013840
 - Worker 9 (1 tests) => 0:00:00.014401
 - Worker 10 (1 tests) => 0:00:00.012732
 - Worker 11 (1 tests) => 0:00:00.013215
 - Worker 12 (1 tests) => 0:00:00.018560
 - Worker 13 (1 tests) => 0:00:00.018380
 - Worker 14 (1 tests) => 0:00:00.016818
 - Worker 15 (1 tests) => 0:00:00.013834
 - Worker 16 (1 tests) => 0:00:00.014506
 - Worker 17 (1 tests) => 0:00:00.014664
 - Worker 18 (1 tests) => 0:00:00.015491
 - Worker 19 (1 tests) => 0:00:00.023612
 - Worker 20 (1 tests) => 0:00:00.013706
 - Worker 21 (1 tests) => 0:00:00.015615
 - Worker 22 (1 tests) => 0:00:00.018293
 - Worker 23 (1 tests) => 0:00:00.017458
 - Worker 24 (1 tests) => 0:00:00.024869
 - Worker 25 (1 tests) => 0:00:00.014341
