===== A0 source install exit=0 =====
Looking in indexes: https://pypi.org/simple/
Obtaining file:///home/zhihao/hdd/marshal/benchmarks/cross-repo-pr-impact/results/single-case-pipeline-1000682-1000685-v2-2026-08-26/replay-work/formal-opendev-1000682--target-1000685/source-a0
  DEPRECATION: Setting PIP_CONSTRAINT will not affect build constraints in the future, pip 26.2 will enforce this behaviour change. A possible replacement is to specify build constraints using --build-constraint or PIP_BUILD_CONSTRAINT. To disable this warning without any build constraints set --use-feature=build-constraint or PIP_USE_FEATURE="build-constraint".
  Installing build dependencies: started
  Installing build dependencies: finished with status 'done'
  Checking if build backend supports build_editable: started
  Checking if build backend supports build_editable: finished with status 'done'
  Getting requirements to build editable: started
  Getting requirements to build editable: finished with status 'done'
  Preparing editable metadata (pyproject.toml): started
  Preparing editable metadata (pyproject.toml): finished with status 'done'
Building wheels for collected packages: openstacksdk
  Building editable for openstacksdk (pyproject.toml): started
  Building editable for openstacksdk (pyproject.toml): finished with status 'done'
  Created wheel for openstacksdk: filename=openstacksdk-4.18.1.dev8-0.editable-py3-none-any.whl size=11762 sha256=70b8b3bd47fa714bbd4405a7b6a648534a6f00a318a0eb0a3b7b891fdfa250c6
  Stored in directory: /tmp/pip-ephem-wheel-cache-r3yvhtkq/wheels/63/c2/23/1d3d048b0f974d68d9b4d52187556bdc22991ef3edc0cd0f7d
Successfully built openstacksdk
Installing collected packages: openstacksdk
  Attempting uninstall: openstacksdk
    Found existing installation: openstacksdk 4.18.0
    Uninstalling openstacksdk-4.18.0:
      Successfully uninstalled openstacksdk-4.18.0
Successfully installed openstacksdk-4.18.1.dev8

[notice] A new release of pip is available: 26.0.1 -> 26.2.1
[notice] To update, run: /home/zhihao/hdd/marshal/benchmarks/cross-repo-pr-impact/results/single-case-pipeline-1000682-1000685-v2-2026-08-26/replay-work/formal-opendev-1000682--target-1000685/target/.tox/py3/bin/python -m pip install --upgrade pip

===== A1 source install exit=0 =====
Looking in indexes: https://pypi.org/simple/
Obtaining file:///home/zhihao/hdd/marshal/benchmarks/cross-repo-pr-impact/results/single-case-pipeline-1000682-1000685-v2-2026-08-26/replay-work/formal-opendev-1000682--target-1000685/source-a1
  DEPRECATION: Setting PIP_CONSTRAINT will not affect build constraints in the future, pip 26.2 will enforce this behaviour change. A possible replacement is to specify build constraints using --build-constraint or PIP_BUILD_CONSTRAINT. To disable this warning without any build constraints set --use-feature=build-constraint or PIP_USE_FEATURE="build-constraint".
  Installing build dependencies: started
  Installing build dependencies: finished with status 'done'
  Checking if build backend supports build_editable: started
  Checking if build backend supports build_editable: finished with status 'done'
  Getting requirements to build editable: started
  Getting requirements to build editable: finished with status 'done'
  Preparing editable metadata (pyproject.toml): started
  Preparing editable metadata (pyproject.toml): finished with status 'done'
Building wheels for collected packages: openstacksdk
  Building editable for openstacksdk (pyproject.toml): started
  Building editable for openstacksdk (pyproject.toml): finished with status 'done'
  Created wheel for openstacksdk: filename=openstacksdk-4.18.1.dev9-0.editable-py3-none-any.whl size=11763 sha256=37048f1a477d7e621125d0afee0ea9eda6aad193226a91ee5aaaaf937ae02976
  Stored in directory: /tmp/pip-ephem-wheel-cache-nlz7s01q/wheels/0f/70/8a/d1fe5be626dc8be0aa0fe397938220bc6f0bc189918fc0f7c8
Successfully built openstacksdk
Installing collected packages: openstacksdk
  Attempting uninstall: openstacksdk
    Found existing installation: openstacksdk 4.18.1.dev8
    Uninstalling openstacksdk-4.18.1.dev8:
      Successfully uninstalled openstacksdk-4.18.1.dev8
Successfully installed openstacksdk-4.18.1.dev9

[notice] A new release of pip is available: 26.0.1 -> 26.2.1
[notice] To update, run: /home/zhihao/hdd/marshal/benchmarks/cross-repo-pr-impact/results/single-case-pipeline-1000682-1000685-v2-2026-08-26/replay-work/formal-opendev-1000682--target-1000685/target/.tox/py3/bin/python -m pip install --upgrade pip

===== A2 source install exit=0 =====
Looking in indexes: https://pypi.org/simple/
Obtaining file:///home/zhihao/hdd/marshal/benchmarks/cross-repo-pr-impact/results/single-case-pipeline-1000682-1000685-v2-2026-08-26/replay-work/formal-opendev-1000682--target-1000685/source-a1
  DEPRECATION: Setting PIP_CONSTRAINT will not affect build constraints in the future, pip 26.2 will enforce this behaviour change. A possible replacement is to specify build constraints using --build-constraint or PIP_BUILD_CONSTRAINT. To disable this warning without any build constraints set --use-feature=build-constraint or PIP_USE_FEATURE="build-constraint".
  Installing build dependencies: started
  Installing build dependencies: finished with status 'done'
  Checking if build backend supports build_editable: started
  Checking if build backend supports build_editable: finished with status 'done'
  Getting requirements to build editable: started
  Getting requirements to build editable: finished with status 'done'
  Preparing editable metadata (pyproject.toml): started
  Preparing editable metadata (pyproject.toml): finished with status 'done'
Building wheels for collected packages: openstacksdk
  Building editable for openstacksdk (pyproject.toml): started
  Building editable for openstacksdk (pyproject.toml): finished with status 'done'
  Created wheel for openstacksdk: filename=openstacksdk-4.18.1.dev9-0.editable-py3-none-any.whl size=11763 sha256=b19c83bcc841e9c229f2822facce23d08df257ca1311b70960ce0b3b17c88eaa
  Stored in directory: /tmp/pip-ephem-wheel-cache-i6yjr8an/wheels/0f/70/8a/d1fe5be626dc8be0aa0fe397938220bc6f0bc189918fc0f7c8
Successfully built openstacksdk
Installing collected packages: openstacksdk
  Attempting uninstall: openstacksdk
    Found existing installation: openstacksdk 4.18.1.dev9
    Uninstalling openstacksdk-4.18.1.dev9:
      Successfully uninstalled openstacksdk-4.18.1.dev9
Successfully installed openstacksdk-4.18.1.dev9

[notice] A new release of pip is available: 26.0.1 -> 26.2.1
[notice] To update, run: /home/zhihao/hdd/marshal/benchmarks/cross-repo-pr-impact/results/single-case-pipeline-1000682-1000685-v2-2026-08-26/replay-work/formal-opendev-1000682--target-1000685/target/.tox/py3/bin/python -m pip install --upgrade pip
