[INFO] Scanning for projects...
[INFO] 
[INFO] -------------------< com.rabbitmq.jms:rabbitmq-jms >--------------------
[INFO] Building rabbitmq-jms 2.6.0-SNAPSHOT
[INFO]   from pom.xml
[INFO] --------------------------------[ jar ]---------------------------------
[INFO] 
[INFO] --- resources:3.3.1:resources (default-resources) @ rabbitmq-jms ---
[INFO] skip non existing resourceDirectory /home/zhihao/hdd/slf4j-rabbit-a0/src/main/resources
[INFO] 
[INFO] --- compiler:3.10.1:compile (default-compile) @ rabbitmq-jms ---
[INFO] Changes detected - recompiling the module!
[INFO] Compiling 76 source files to /home/zhihao/hdd/slf4j-rabbit-a0/target/classes
[INFO] /home/zhihao/hdd/slf4j-rabbit-a0/src/main/java/com/rabbitmq/jms/admin/RMQConnectionFactory.java: /home/zhihao/hdd/slf4j-rabbit-a0/src/main/java/com/rabbitmq/jms/admin/RMQConnectionFactory.java uses unchecked or unsafe operations.
[INFO] /home/zhihao/hdd/slf4j-rabbit-a0/src/main/java/com/rabbitmq/jms/admin/RMQConnectionFactory.java: Recompile with -Xlint:unchecked for details.
[INFO] 
[INFO] --- resources:3.3.1:testResources (default-testResources) @ rabbitmq-jms ---
[INFO] Copying 1 resource from src/test/resources to target/test-classes
[INFO] 
[INFO] --- compiler:3.10.1:testCompile (default-testCompile) @ rabbitmq-jms ---
[INFO] Changes detected - recompiling the module!
[INFO] Compiling 83 source files to /home/zhihao/hdd/slf4j-rabbit-a0/target/test-classes
[INFO] /home/zhihao/hdd/slf4j-rabbit-a0/src/test/java/com/rabbitmq/jms/parse/sql/SqlTypeSetterVisitorTest.java: /home/zhihao/hdd/slf4j-rabbit-a0/src/test/java/com/rabbitmq/jms/parse/sql/SqlTypeSetterVisitorTest.java uses unchecked or unsafe operations.
[INFO] /home/zhihao/hdd/slf4j-rabbit-a0/src/test/java/com/rabbitmq/jms/parse/sql/SqlTypeSetterVisitorTest.java: Recompile with -Xlint:unchecked for details.
[INFO] 
[INFO] --- surefire:2.22.2:test (default-test) @ rabbitmq-jms ---
[INFO] 
[INFO] -------------------------------------------------------
[INFO]  T E S T S
[INFO] -------------------------------------------------------
[INFO] Running com.rabbitmq.jms.LoggingProviderCompatibilityTest
[INFO] Tests run: 1, Failures: 0, Errors: 0, Skipped: 0, Time elapsed: 0.16 s - in com.rabbitmq.jms.LoggingProviderCompatibilityTest
[INFO] 
[INFO] Results:
[INFO] 
[INFO] Tests run: 1, Failures: 0, Errors: 0, Skipped: 0
[INFO] 
[INFO] ------------------------------------------------------------------------
[INFO] BUILD SUCCESS
[INFO] ------------------------------------------------------------------------
[INFO] Total time:  5.188 s
[INFO] Finished at: 2026-08-25T00:52:18+08:00
[INFO] ------------------------------------------------------------------------
