[INFO] Scanning for projects...
[INFO] 
[INFO] ------------------------< com.jcabi:jcabi-w3c >-------------------------
[INFO] Building jcabi-w3c 2.0-SNAPSHOT
[INFO]   from pom.xml
[INFO] --------------------------------[ jar ]---------------------------------
[WARNING] The artifact org.slf4j:slf4j-log4j12:jar:2.0.3 has been relocated to org.slf4j:slf4j-reload4j:jar:2.0.3
[INFO] 
[INFO] --- clean:3.2.0:clean (default-clean) @ jcabi-w3c ---
[INFO] 
[INFO] --- enforcer:3.1.0:enforce (enforce-maven) @ jcabi-w3c ---
[INFO] 
[INFO] --- buildnumber:3.0.0:create (jcabi-build-number) @ jcabi-w3c ---
[INFO] ShortRevision tag detected. The value is '7'.
[INFO] Executing: /bin/sh -c cd '/tmp/marshal-jcabi-a3-repair-java11.UGi3ZM/jcabi-w3c-0.20.1' && 'git' 'rev-parse' '--verify' '--short=7' 'HEAD'
[INFO] Working directory: /tmp/marshal-jcabi-a3-repair-java11.UGi3ZM/jcabi-w3c-0.20.1
[INFO] Storing buildNumber: 4054d4a at timestamp: 2026-08-24T19:52:23
[WARNING] Cannot get the branch information from the git repository: 
Detecting the current branch failed: fatal: ref HEAD is not a symbolic ref

[INFO] ShortRevision tag detected. The value is '7'.
[INFO] Executing: /bin/sh -c cd '/tmp/marshal-jcabi-a3-repair-java11.UGi3ZM/jcabi-w3c-0.20.1' && 'git' 'rev-parse' '--verify' '--short=7' 'HEAD'
[INFO] Working directory: /tmp/marshal-jcabi-a3-repair-java11.UGi3ZM/jcabi-w3c-0.20.1
[INFO] Storing buildScmBranch: UNKNOWN
[INFO] 
[INFO] --- buildnumber:3.0.0:create-timestamp (jcabi-build-number) @ jcabi-w3c ---
[INFO] Skipping because we are not in root module.
[INFO] 
[INFO] --- resources:3.3.0:resources (default-resources) @ jcabi-w3c ---
[INFO] skip non existing resourceDirectory /tmp/marshal-jcabi-a3-repair-java11.UGi3ZM/jcabi-w3c-0.20.1/src/main/resources
[INFO] 
[INFO] --- compiler:3.10.1:compile (default-compile) @ jcabi-w3c ---
[WARNING]  Parameter 'optimize' (user property 'maven.compiler.optimize') is deprecated: This property is a no-op in {@code javac}.
[INFO] Changes detected - recompiling the module!
[INFO] Compiling 9 source files to /tmp/marshal-jcabi-a3-repair-java11.UGi3ZM/jcabi-w3c-0.20.1/target/classes
[INFO] 
[INFO] --- resources:3.3.0:testResources (default-testResources) @ jcabi-w3c ---
[INFO] Copying 2 resources
[INFO] The encoding used to copy filtered properties files have not been set. This means that the same encoding will be used to copy filtered properties files as when copying other filtered resources. This might not be what you want! Run your build with --debug to see which files might be affected. Read more at https://maven.apache.org/plugins/maven-resources-plugin/examples/filtering-properties-files.html
[INFO] 
[INFO] --- compiler:3.10.1:testCompile (default-testCompile) @ jcabi-w3c ---
[WARNING]  Parameter 'optimize' (user property 'maven.compiler.optimize') is deprecated: This property is a no-op in {@code javac}.
[INFO] Changes detected - recompiling the module!
[INFO] Compiling 5 source files to /tmp/marshal-jcabi-a3-repair-java11.UGi3ZM/jcabi-w3c-0.20.1/target/test-classes
[INFO] 
[INFO] --- surefire:3.0.0-M7:test (default-test) @ jcabi-w3c ---
[INFO] Tests will run in random order. To reproduce ordering use flag -Dsurefire.runOrder.random.seed=933178675413042
[INFO] Using auto detected provider org.apache.maven.surefire.junitplatform.JUnitPlatformProvider
[INFO] 
[INFO] -------------------------------------------------------
[INFO]  T E S T S
[INFO] -------------------------------------------------------
[INFO] Running com.jcabi.w3c.DefectTest
[INFO] Tests run: 1, Failures: 0, Errors: 0, Skipped: 0, Time elapsed: 0.445 s - in com.jcabi.w3c.DefectTest
[INFO] Running com.jcabi.w3c.DefaultCssValidatorTest
Aug 24, 2026 7:52:31 PM org.glassfish.grizzly.http.server.NetworkListener start
INFO: Started listener bound to [0.0.0.0:38943]
Aug 24, 2026 7:52:31 PM org.glassfish.grizzly.http.server.HttpServer start
INFO: [HttpServer] Started.
Aug 24, 2026 7:52:32 PM org.glassfish.grizzly.http.server.NetworkListener start
INFO: Started listener bound to [0.0.0.0:43071]
Aug 24, 2026 7:52:32 PM org.glassfish.grizzly.http.server.HttpServer start
INFO: [HttpServer-1] Started.
Aug 24, 2026 7:52:32 PM org.glassfish.grizzly.http.server.NetworkListener start
INFO: Started listener bound to [0.0.0.0:45913]
Aug 24, 2026 7:52:32 PM org.glassfish.grizzly.http.server.HttpServer start
INFO: [HttpServer-2] Started.
Aug 24, 2026 7:52:32 PM org.glassfish.grizzly.http.server.NetworkListener start
INFO: Started listener bound to [0.0.0.0:46167]
Aug 24, 2026 7:52:32 PM org.glassfish.grizzly.http.server.HttpServer start
INFO: [HttpServer-3] Started.
Aug 24, 2026 7:52:32 PM org.glassfish.grizzly.http.server.NetworkListener start
INFO: Started listener bound to [0.0.0.0:38409]
Aug 24, 2026 7:52:32 PM org.glassfish.grizzly.http.server.HttpServer start
INFO: [HttpServer-4] Started.
Aug 24, 2026 7:52:32 PM org.glassfish.grizzly.http.server.NetworkListener start
INFO: Started listener bound to [0.0.0.0:39627]
Aug 24, 2026 7:52:32 PM org.glassfish.grizzly.http.server.HttpServer start
INFO: [HttpServer-5] Started.
Aug 24, 2026 7:52:32 PM org.glassfish.grizzly.http.server.NetworkListener start
INFO: Started listener bound to [0.0.0.0:38799]
Aug 24, 2026 7:52:32 PM org.glassfish.grizzly.http.server.HttpServer start
INFO: [HttpServer-6] Started.
Aug 24, 2026 7:52:33 PM org.glassfish.grizzly.http.server.NetworkListener start
INFO: Started listener bound to [0.0.0.0:43513]
Aug 24, 2026 7:52:33 PM org.glassfish.grizzly.http.server.HttpServer start
INFO: [HttpServer-7] Started.
Aug 24, 2026 7:52:33 PM org.glassfish.grizzly.http.server.NetworkListener start
INFO: Started listener bound to [0.0.0.0:40747]
Aug 24, 2026 7:52:33 PM org.glassfish.grizzly.http.server.HttpServer start
INFO: [HttpServer-8] Started.
[INFO] Tests run: 5, Failures: 0, Errors: 0, Skipped: 0, Time elapsed: 4.131 s - in com.jcabi.w3c.DefaultCssValidatorTest
[INFO] Running com.jcabi.w3c.DefaultHtmlValidatorTest
Aug 24, 2026 7:52:33 PM org.glassfish.grizzly.http.server.NetworkListener start
INFO: Started listener bound to [0.0.0.0:36187]
Aug 24, 2026 7:52:33 PM org.glassfish.grizzly.http.server.HttpServer start
INFO: [HttpServer-9] Started.
Aug 24, 2026 7:52:33 PM org.glassfish.grizzly.http.server.NetworkListener start
INFO: Started listener bound to [0.0.0.0:41969]
Aug 24, 2026 7:52:33 PM org.glassfish.grizzly.http.server.HttpServer start
INFO: [HttpServer-10] Started.
Aug 24, 2026 7:52:33 PM org.glassfish.grizzly.http.server.NetworkListener start
INFO: Started listener bound to [0.0.0.0:33675]
Aug 24, 2026 7:52:33 PM org.glassfish.grizzly.http.server.HttpServer start
INFO: [HttpServer-11] Started.
Aug 24, 2026 7:52:33 PM org.glassfish.grizzly.http.server.NetworkListener start
INFO: Started listener bound to [0.0.0.0:45659]
Aug 24, 2026 7:52:33 PM org.glassfish.grizzly.http.server.HttpServer start
INFO: [HttpServer-12] Started.
Aug 24, 2026 7:52:34 PM org.glassfish.grizzly.http.server.NetworkListener start
INFO: Started listener bound to [0.0.0.0:44193]
Aug 24, 2026 7:52:34 PM org.glassfish.grizzly.http.server.HttpServer start
INFO: [HttpServer-13] Started.
Aug 24, 2026 7:52:34 PM org.glassfish.grizzly.http.server.NetworkListener start
INFO: Started listener bound to [0.0.0.0:40055]
Aug 24, 2026 7:52:34 PM org.glassfish.grizzly.http.server.HttpServer start
INFO: [HttpServer-14] Started.
Aug 24, 2026 7:52:34 PM org.glassfish.grizzly.http.server.NetworkListener start
INFO: Started listener bound to [0.0.0.0:43631]
Aug 24, 2026 7:52:34 PM org.glassfish.grizzly.http.server.HttpServer start
INFO: [HttpServer-15] Started.
Aug 24, 2026 7:52:34 PM org.glassfish.grizzly.http.server.NetworkListener start
INFO: Started listener bound to [0.0.0.0:45047]
Aug 24, 2026 7:52:34 PM org.glassfish.grizzly.http.server.HttpServer start
INFO: [HttpServer-16] Started.
[INFO] Tests run: 3, Failures: 0, Errors: 0, Skipped: 0, Time elapsed: 0.504 s - in com.jcabi.w3c.DefaultHtmlValidatorTest
[INFO] 
[INFO] Results:
[INFO] 
[INFO] Tests run: 9, Failures: 0, Errors: 0, Skipped: 0
[INFO] 
[INFO] ------------------------------------------------------------------------
[INFO] BUILD SUCCESS
[INFO] ------------------------------------------------------------------------
[INFO] Total time:  13.474 s
[INFO] Finished at: 2026-08-24T19:52:34+08:00
[INFO] ------------------------------------------------------------------------
