Picked up JAVA_TOOL_OPTIONS: -javaagent:/home/zhihao/.m2/repository/org/jacoco/org.jacoco.agent/0.8.12/org.jacoco.agent-0.8.12-runtime.jar=destfile=/home/zhihao/hdd/marshal/benchmarks/cross-repo-pr-impact/results/assertj-a3-3.23.1-3.24.0-screening-2026-08-24/assertj-db-3.23.1.exec,append=true
[INFO] Scanning for projects...
[INFO] Inspecting build with total of 1 modules...
[INFO] Installing Nexus Staging features:
[INFO]   ... total of 1 executions of maven-deploy-plugin replaced with nexus-staging-maven-plugin
[INFO] 
[INFO] -----------------------< org.assertj:assertj-db >-----------------------
[INFO] Building AssertJ-DB - Assertions for database 2.1.0-SNAPSHOT
[INFO]   from pom.xml
[INFO] --------------------------------[ jar ]---------------------------------
[INFO] 
[INFO] --- clean:3.1.0:clean (default-clean) @ assertj-db ---
[INFO] Deleting /home/zhihao/hdd/assertj-a3-scan-y3cnPz/assertj-db/target
[INFO] 
[INFO] --- enforcer:3.0.0-M3:enforce (enforce-maven) @ assertj-db ---
[INFO] 
[INFO] --- license:3.0:format (default) @ assertj-db ---
[INFO] Updating license headers...
[INFO] 
[INFO] --- jacoco:0.8.6:prepare-agent (prepare-agent) @ assertj-db ---
[INFO] Skipping JaCoCo execution because property jacoco.skip is set.
[INFO] argLine set to empty
[INFO] 
[INFO] --- resources:3.2.0:resources (default-resources) @ assertj-db ---
[INFO] Using 'UTF-8' encoding to copy filtered resources.
[INFO] Using 'UTF-8' encoding to copy filtered properties files.
[INFO] skip non existing resourceDirectory /home/zhihao/hdd/assertj-a3-scan-y3cnPz/assertj-db/src/main/resources
[INFO] 
[INFO] --- compiler:3.8.1:compile (default-compile) @ assertj-db ---
[INFO] Changes detected - recompiling the module!
[INFO] Compiling 266 source files to /home/zhihao/hdd/assertj-a3-scan-y3cnPz/assertj-db/target/classes
[INFO] /home/zhihao/hdd/assertj-a3-scan-y3cnPz/assertj-db/src/main/java/org/assertj/db/api/assertions/impl/AssertionsOnRowCondition.java: /home/zhihao/hdd/assertj-a3-scan-y3cnPz/assertj-db/src/main/java/org/assertj/db/api/assertions/impl/AssertionsOnRowCondition.java uses unchecked or unsafe operations.
[INFO] /home/zhihao/hdd/assertj-a3-scan-y3cnPz/assertj-db/src/main/java/org/assertj/db/api/assertions/impl/AssertionsOnRowCondition.java: Recompile with -Xlint:unchecked for details.
[INFO] 
[INFO] --- resources:3.2.0:testResources (default-testResources) @ assertj-db ---
[INFO] Using 'UTF-8' encoding to copy filtered resources.
[INFO] Using 'UTF-8' encoding to copy filtered properties files.
[INFO] Copying 45 resources
[INFO] 
[INFO] --- compiler:3.8.1:testCompile (default-testCompile) @ assertj-db ---
[INFO] Changes detected - recompiling the module!
[INFO] Compiling 567 source files to /home/zhihao/hdd/assertj-a3-scan-y3cnPz/assertj-db/target/test-classes
[INFO] /home/zhihao/hdd/assertj-a3-scan-y3cnPz/assertj-db/src/test/java/org/assertj/db/type/Change_Exception_Test.java: /home/zhihao/hdd/assertj-a3-scan-y3cnPz/assertj-db/src/test/java/org/assertj/db/type/Change_Exception_Test.java uses or overrides a deprecated API.
[INFO] /home/zhihao/hdd/assertj-a3-scan-y3cnPz/assertj-db/src/test/java/org/assertj/db/type/Change_Exception_Test.java: Recompile with -Xlint:deprecation for details.
[INFO] /home/zhihao/hdd/assertj-a3-scan-y3cnPz/assertj-db/src/test/java/org/assertj/db/navigation/ToChange_ChangeOfCreation_Test.java: Some input files use unchecked or unsafe operations.
[INFO] /home/zhihao/hdd/assertj-a3-scan-y3cnPz/assertj-db/src/test/java/org/assertj/db/navigation/ToChange_ChangeOfCreation_Test.java: Recompile with -Xlint:unchecked for details.
[INFO] 
[INFO] --- surefire:2.22.2:test (default-test) @ assertj-db ---
[INFO] 
[INFO] -------------------------------------------------------
[INFO]  T E S T S
[INFO] -------------------------------------------------------
[INFO] Running org.assertj.db.api.SoftAssertions_Test
[INFO] Tests run: 3, Failures: 0, Errors: 0, Skipped: 0, Time elapsed: 4.42 s - in org.assertj.db.api.SoftAssertions_Test
[INFO] 
[INFO] Results:
[INFO] 
[INFO] Tests run: 3, Failures: 0, Errors: 0, Skipped: 0
[INFO] 
[INFO] ------------------------------------------------------------------------
[INFO] BUILD SUCCESS
[INFO] ------------------------------------------------------------------------
[INFO] Total time:  34.267 s
[INFO] Finished at: 2026-08-24T23:46:16+08:00
[INFO] ------------------------------------------------------------------------
