Picked up JAVA_TOOL_OPTIONS: -javaagent:/home/zhihao/.m2/repository/org/jacoco/org.jacoco.agent/0.8.12/org.jacoco.agent-0.8.12-runtime.jar=destfile=/home/zhihao/hdd/marshal/benchmarks/cross-repo-pr-impact/results/assertj-a3-3.23.1-3.24.0-screening-2026-08-24/assertj-examples-3.23.1.exec,append=true
[INFO] Scanning for projects...
[WARNING] The project org.assertj:assertj-examples-java-8:jar:1.0 uses prerequisites which is only intended for maven-plugin projects but not for non maven-plugin projects. For such purposes you should use the maven-enforcer-plugin. See https://maven.apache.org/enforcer/enforcer-rules/requireMavenVersion.html
[INFO] 
[INFO] ----------------< org.assertj:assertj-examples-java-8 >-----------------
[INFO] Building AssertJ Fluent Assertions examples 1.0
[INFO]   from pom.xml
[INFO] --------------------------------[ jar ]---------------------------------
[INFO] 
[INFO] --- clean:3.2.0:clean (default-clean) @ assertj-examples-java-8 ---
[INFO] Deleting /home/zhihao/hdd/assertj-a3-scan-y3cnPz/assertj-examples/assertions-examples/target
[INFO] 
[INFO] --- license:1.9.0:format (default) @ assertj-examples-java-8 ---
[INFO] Updating license headers...
[WARNING] Unknown file extension: /home/zhihao/hdd/assertj-a3-scan-y3cnPz/assertj-examples/assertions-examples/src/test/resources/emptyFile
[WARNING] Unknown file extension: /home/zhihao/hdd/assertj-a3-scan-y3cnPz/assertj-examples/assertions-examples/src/test/resources/xFile
[WARNING] Unknown file extension: /home/zhihao/hdd/assertj-a3-scan-y3cnPz/assertj-examples/assertions-examples/src/test/resources/xFileClone
[WARNING] Unknown file extension: /home/zhihao/hdd/assertj-a3-scan-y3cnPz/assertj-examples/assertions-examples/src/test/resources/dragonBall.cypher
[WARNING] Unknown file extension: /home/zhihao/hdd/assertj-a3-scan-y3cnPz/assertj-examples/assertions-examples/src/test/java/org/assertj/examples/data/movie/.gitignore
[WARNING] Unknown file extension: /home/zhihao/hdd/assertj-a3-scan-y3cnPz/assertj-examples/assertions-examples/src/test/java/org/assertj/examples/data/service/.gitignore
[WARNING] Unknown file extension: /home/zhihao/hdd/assertj-a3-scan-y3cnPz/assertj-examples/assertions-examples/src/test/java/org/assertj/examples/data/.gitignore
[WARNING] Unknown file extension: /home/zhihao/hdd/assertj-a3-scan-y3cnPz/assertj-examples/assertions-examples/src/test/java/org/assertj/examples/data/neo4j/.gitignore
[INFO] 
[INFO] --- resources:2.5:resources (default-resources) @ assertj-examples-java-8 ---
[debug] execute contextualize
[INFO] Using 'UTF-8' encoding to copy filtered resources.
[INFO] skip non existing resourceDirectory /home/zhihao/hdd/assertj-a3-scan-y3cnPz/assertj-examples/assertions-examples/src/main/resources
[INFO] 
[INFO] --- compiler:3.8.1:compile (default-compile) @ assertj-examples-java-8 ---
[INFO] Changes detected - recompiling the module!
[INFO] Compiling 29 source files to /home/zhihao/hdd/assertj-a3-scan-y3cnPz/assertj-examples/assertions-examples/target/classes
[INFO] 
[INFO] --- assertj:2.1.0:generate-assertions (default) @ assertj-examples-java-8 ---
[INFO] 

====================================
AssertJ assertions generation report
====================================

--- Generator input parameters ---

Generating AssertJ assertions for classes in following packages and subpackages:
- org.assertj.examples.rpg
- org.assertj.examples.data
- com.google.common.net

Generating AssertJ assertions for classes:
- com.fake.UnknownClass
- org.apache.commons.lang3.exception.ContextedRuntimeException

Input classes excluded from assertions generation:
- org.assertj.examples.data.MyAssert
- com.google.common.net.UrlEscapers
- com.google.common.net.HostAndPort
- com.google.common.net.HttpHeaders
- com.google.common.net.HostSpecifier
- com.google.common.net.PercentEscaper
- com.google.common.net.MediaType

--- Generator results ---

Directory where custom assertions files have been generated:
- src/test/generated-assertions

Custom assertions files generated:
- /home/zhihao/hdd/assertj-a3-scan-y3cnPz/assertj-examples/src/test/generated-assertions/com/google/common/net/AbstractInetAddressesAssert.java
- /home/zhihao/hdd/assertj-a3-scan-y3cnPz/assertj-examples/src/test/generated-assertions/com/google/common/net/AbstractInternetDomainNameAssert.java
- /home/zhihao/hdd/assertj-a3-scan-y3cnPz/assertj-examples/src/test/generated-assertions/com/google/common/net/InetAddressesAssert.java
- /home/zhihao/hdd/assertj-a3-scan-y3cnPz/assertj-examples/src/test/generated-assertions/com/google/common/net/InternetDomainNameAssert.java
- /home/zhihao/hdd/assertj-a3-scan-y3cnPz/assertj-examples/src/test/generated-assertions/org/apache/commons/lang3/exception/AbstractContextedRuntimeExceptionAssert.java
- /home/zhihao/hdd/assertj-a3-scan-y3cnPz/assertj-examples/src/test/generated-assertions/org/apache/commons/lang3/exception/ContextedRuntimeExceptionAssert.java
- /home/zhihao/hdd/assertj-a3-scan-y3cnPz/assertj-examples/src/test/generated-assertions/org/assertj/examples/data/AbstractAlignmentAssert.java
- /home/zhihao/hdd/assertj-a3-scan-y3cnPz/assertj-examples/src/test/generated-assertions/org/assertj/examples/data/AbstractArtWorkAssert.java
- /home/zhihao/hdd/assertj-a3-scan-y3cnPz/assertj-examples/src/test/generated-assertions/org/assertj/examples/data/AbstractBasketBallPlayerAssert.java
- /home/zhihao/hdd/assertj-a3-scan-y3cnPz/assertj-examples/src/test/generated-assertions/org/assertj/examples/data/AbstractBookAssert.java
- /home/zhihao/hdd/assertj-a3-scan-y3cnPz/assertj-examples/src/test/generated-assertions/org/assertj/examples/data/AbstractBookTitleAssert.java
- /home/zhihao/hdd/assertj-a3-scan-y3cnPz/assertj-examples/src/test/generated-assertions/org/assertj/examples/data/AbstractClassUsingDifferentClassesWithSameNameAssert.java
- /home/zhihao/hdd/assertj-a3-scan-y3cnPz/assertj-examples/src/test/generated-assertions/org/assertj/examples/data/AbstractEmployeeAssert.java
- /home/zhihao/hdd/assertj-a3-scan-y3cnPz/assertj-examples/src/test/generated-assertions/org/assertj/examples/data/AbstractEmployeeOfTheMonthAssert.java
- /home/zhihao/hdd/assertj-a3-scan-y3cnPz/assertj-examples/src/test/generated-assertions/org/assertj/examples/data/AbstractEmployeeTitleAssert.java
- /home/zhihao/hdd/assertj-a3-scan-y3cnPz/assertj-examples/src/test/generated-assertions/org/assertj/examples/data/AbstractMagicalAssert.java
- /home/zhihao/hdd/assertj-a3-scan-y3cnPz/assertj-examples/src/test/generated-assertions/org/assertj/examples/data/AbstractMansionAssert.java
- /home/zhihao/hdd/assertj-a3-scan-y3cnPz/assertj-examples/src/test/generated-assertions/org/assertj/examples/data/AbstractNameAssert.java
- /home/zhihao/hdd/assertj-a3-scan-y3cnPz/assertj-examples/src/test/generated-assertions/org/assertj/examples/data/AbstractPersonAssert.java
- /home/zhihao/hdd/assertj-a3-scan-y3cnPz/assertj-examples/src/test/generated-assertions/org/assertj/examples/data/AbstractPowerfulAssert.java
- /home/zhihao/hdd/assertj-a3-scan-y3cnPz/assertj-examples/src/test/generated-assertions/org/assertj/examples/data/AbstractRaceAssert.java
- /home/zhihao/hdd/assertj-a3-scan-y3cnPz/assertj-examples/src/test/generated-assertions/org/assertj/examples/data/AbstractRingAssert.java
- /home/zhihao/hdd/assertj-a3-scan-y3cnPz/assertj-examples/src/test/generated-assertions/org/assertj/examples/data/AbstractTeamAssert.java
- /home/zhihao/hdd/assertj-a3-scan-y3cnPz/assertj-examples/src/test/generated-assertions/org/assertj/examples/data/AbstractTolkienCharacterAssert.java
- /home/zhihao/hdd/assertj-a3-scan-y3cnPz/assertj-examples/src/test/generated-assertions/org/assertj/examples/data/AlignmentAssert.java
- /home/zhihao/hdd/assertj-a3-scan-y3cnPz/assertj-examples/src/test/generated-assertions/org/assertj/examples/data/ArtWorkAssert.java
- /home/zhihao/hdd/assertj-a3-scan-y3cnPz/assertj-examples/src/test/generated-assertions/org/assertj/examples/data/BasketBallPlayerAssert.java
- /home/zhihao/hdd/assertj-a3-scan-y3cnPz/assertj-examples/src/test/generated-assertions/org/assertj/examples/data/BookAssert.java
- /home/zhihao/hdd/assertj-a3-scan-y3cnPz/assertj-examples/src/test/generated-assertions/org/assertj/examples/data/BookTitleAssert.java
- /home/zhihao/hdd/assertj-a3-scan-y3cnPz/assertj-examples/src/test/generated-assertions/org/assertj/examples/data/ClassUsingDifferentClassesWithSameNameAssert.java
- /home/zhihao/hdd/assertj-a3-scan-y3cnPz/assertj-examples/src/test/generated-assertions/org/assertj/examples/data/EmployeeAssert.java
- /home/zhihao/hdd/assertj-a3-scan-y3cnPz/assertj-examples/src/test/generated-assertions/org/assertj/examples/data/EmployeeOfTheMonthAssert.java
- /home/zhihao/hdd/assertj-a3-scan-y3cnPz/assertj-examples/src/test/generated-assertions/org/assertj/examples/data/EmployeeTitleAssert.java
- /home/zhihao/hdd/assertj-a3-scan-y3cnPz/assertj-examples/src/test/generated-assertions/org/assertj/examples/data/MagicalAssert.java
- /home/zhihao/hdd/assertj-a3-scan-y3cnPz/assertj-examples/src/test/generated-assertions/org/assertj/examples/data/MansionAssert.java
- /home/zhihao/hdd/assertj-a3-scan-y3cnPz/assertj-examples/src/test/generated-assertions/org/assertj/examples/data/NameAssert.java
- /home/zhihao/hdd/assertj-a3-scan-y3cnPz/assertj-examples/src/test/generated-assertions/org/assertj/examples/data/PersonAssert.java
- /home/zhihao/hdd/assertj-a3-scan-y3cnPz/assertj-examples/src/test/generated-assertions/org/assertj/examples/data/PowerfulAssert.java
- /home/zhihao/hdd/assertj-a3-scan-y3cnPz/assertj-examples/src/test/generated-assertions/org/assertj/examples/data/RaceAssert.java
- /home/zhihao/hdd/assertj-a3-scan-y3cnPz/assertj-examples/src/test/generated-assertions/org/assertj/examples/data/RingAssert.java
- /home/zhihao/hdd/assertj-a3-scan-y3cnPz/assertj-examples/src/test/generated-assertions/org/assertj/examples/data/TeamAssert.java
- /home/zhihao/hdd/assertj-a3-scan-y3cnPz/assertj-examples/src/test/generated-assertions/org/assertj/examples/data/TolkienCharacterAssert.java
- /home/zhihao/hdd/assertj-a3-scan-y3cnPz/assertj-examples/src/test/generated-assertions/org/assertj/examples/data/bug18/AbstractDollar$Assert.java
- /home/zhihao/hdd/assertj-a3-scan-y3cnPz/assertj-examples/src/test/generated-assertions/org/assertj/examples/data/bug18/Dollar$Assert.java
- /home/zhihao/hdd/assertj-a3-scan-y3cnPz/assertj-examples/src/test/generated-assertions/org/assertj/examples/data/bug26/AbstractWithGenericListTypeAssert.java
- /home/zhihao/hdd/assertj-a3-scan-y3cnPz/assertj-examples/src/test/generated-assertions/org/assertj/examples/data/bug26/WithGenericListTypeAssert.java
- /home/zhihao/hdd/assertj-a3-scan-y3cnPz/assertj-examples/src/test/generated-assertions/org/assertj/examples/data/bug27/AbstractMyIteratorWrapperAssert.java
- /home/zhihao/hdd/assertj-a3-scan-y3cnPz/assertj-examples/src/test/generated-assertions/org/assertj/examples/data/bug27/AbstractMyModelClassAssert.java
- /home/zhihao/hdd/assertj-a3-scan-y3cnPz/assertj-examples/src/test/generated-assertions/org/assertj/examples/data/bug27/AbstractMyModelClassMyBeanAssert.java
- /home/zhihao/hdd/assertj-a3-scan-y3cnPz/assertj-examples/src/test/generated-assertions/org/assertj/examples/data/bug27/MyIteratorWrapperAssert.java
- /home/zhihao/hdd/assertj-a3-scan-y3cnPz/assertj-examples/src/test/generated-assertions/org/assertj/examples/data/bug27/MyModelClassAssert.java
- /home/zhihao/hdd/assertj-a3-scan-y3cnPz/assertj-examples/src/test/generated-assertions/org/assertj/examples/data/bug27/MyModelClassMyBeanAssert.java
- /home/zhihao/hdd/assertj-a3-scan-y3cnPz/assertj-examples/src/test/generated-assertions/org/assertj/examples/data/movie/AbstractMovieAssert.java
- /home/zhihao/hdd/assertj-a3-scan-y3cnPz/assertj-examples/src/test/generated-assertions/org/assertj/examples/data/movie/AbstractTeamAssert.java
- /home/zhihao/hdd/assertj-a3-scan-y3cnPz/assertj-examples/src/test/generated-assertions/org/assertj/examples/data/movie/MovieAssert.java
- /home/zhihao/hdd/assertj-a3-scan-y3cnPz/assertj-examples/src/test/generated-assertions/org/assertj/examples/data/movie/TeamAssert.java
- /home/zhihao/hdd/assertj-a3-scan-y3cnPz/assertj-examples/src/test/generated-assertions/org/assertj/examples/data/neo4j/AbstractDragonBallGraphRepositoryAssert.java
- /home/zhihao/hdd/assertj-a3-scan-y3cnPz/assertj-examples/src/test/generated-assertions/org/assertj/examples/data/neo4j/DragonBallGraphRepositoryAssert.java
- /home/zhihao/hdd/assertj-a3-scan-y3cnPz/assertj-examples/src/test/generated-assertions/org/assertj/examples/data/service/AbstractGameServiceAssert.java
- /home/zhihao/hdd/assertj-a3-scan-y3cnPz/assertj-examples/src/test/generated-assertions/org/assertj/examples/data/service/AbstractTeamManagerAssert.java
- /home/zhihao/hdd/assertj-a3-scan-y3cnPz/assertj-examples/src/test/generated-assertions/org/assertj/examples/data/service/GameServiceAssert.java
- /home/zhihao/hdd/assertj-a3-scan-y3cnPz/assertj-examples/src/test/generated-assertions/org/assertj/examples/data/service/TeamManagerAssert.java
- /home/zhihao/hdd/assertj-a3-scan-y3cnPz/assertj-examples/src/test/generated-assertions/org/assertj/examples/rpg/AbstractItemAssert.java
- /home/zhihao/hdd/assertj-a3-scan-y3cnPz/assertj-examples/src/test/generated-assertions/org/assertj/examples/rpg/AbstractWandAssert.java
- /home/zhihao/hdd/assertj-a3-scan-y3cnPz/assertj-examples/src/test/generated-assertions/org/assertj/examples/rpg/ItemAssert.java
- /home/zhihao/hdd/assertj-a3-scan-y3cnPz/assertj-examples/src/test/generated-assertions/org/assertj/examples/rpg/WandAssert.java

No custom assertions files generated for the following input classes as they were not found:
- com.fake.UnknownClass

Assertions entry point class has been generated in file:
- /home/zhihao/hdd/assertj-a3-scan-y3cnPz/assertj-examples/src/test/generated-assertions/org/assertj/Assertions.java

BddAssertions entry point class has been generated in file:
- /home/zhihao/hdd/assertj-a3-scan-y3cnPz/assertj-examples/src/test/generated-assertions/org/assertj/BddAssertions.java

SoftAssertions entry point class has been generated in file:
- /home/zhihao/hdd/assertj-a3-scan-y3cnPz/assertj-examples/src/test/generated-assertions/org/assertj/SoftAssertions.java

JUnitSoftAssertions entry point class has been generated in file:
- /home/zhihao/hdd/assertj-a3-scan-y3cnPz/assertj-examples/src/test/generated-assertions/org/assertj/JUnitSoftAssertions.java

[INFO] 
[INFO] --- build-helper:1.9:add-test-source (add-source) @ assertj-examples-java-8 ---
[INFO] Test Source directory: /home/zhihao/hdd/assertj-a3-scan-y3cnPz/assertj-examples/assertions-examples/src/test/generated-assertions added.
[INFO] 
[INFO] --- resources:2.5:testResources (default-testResources) @ assertj-examples-java-8 ---
[debug] execute contextualize
[INFO] Using 'UTF-8' encoding to copy filtered resources.
[INFO] Copying 10 resources
[INFO] 
[INFO] --- compiler:3.8.1:testCompile (default-testCompile) @ assertj-examples-java-8 ---
[INFO] Changes detected - recompiling the module!
[INFO] Compiling 188 source files to /home/zhihao/hdd/assertj-a3-scan-y3cnPz/assertj-examples/assertions-examples/target/test-classes
[INFO] /home/zhihao/hdd/assertj-a3-scan-y3cnPz/assertj-examples/assertions-examples/src/test/java/org/assertj/examples/custom/TolkienCharacterAssert.java: Some input files use or override a deprecated API.
[INFO] /home/zhihao/hdd/assertj-a3-scan-y3cnPz/assertj-examples/assertions-examples/src/test/java/org/assertj/examples/custom/TolkienCharacterAssert.java: Recompile with -Xlint:deprecation for details.
[INFO] 
[INFO] --- surefire:2.22.1:test (default-test) @ assertj-examples-java-8 ---
[INFO] 
[INFO] -------------------------------------------------------
[INFO]  T E S T S
[INFO] -------------------------------------------------------
[INFO] Running org.assertj.examples.SoftAssertionsExamples
23:45:52.487 [main] INFO [ERROR MESSAGE EXAMPLE] - SoftAssertion errors example assertion :

Multiple Failures (4 failures)
-- failure 1 --
[Living Guests] 
expected: 7
 but was: 6
-- failure 2 --
[Library] 
expected: "clean"
 but was: "messy"
-- failure 3 --
[Candlestick] 
expected: "pristine"
 but was: "bent"
-- failure 4 --
[Professor] 
expected: "well kempt"
 but was: "bloodied and disheveled"

[INFO] Tests run: 1, Failures: 0, Errors: 0, Skipped: 0, Time elapsed: 1.206 s - in org.assertj.examples.SoftAssertionsExamples
[INFO] 
[INFO] Results:
[INFO] 
[INFO] Tests run: 1, Failures: 0, Errors: 0, Skipped: 0
[INFO] 
[INFO] ------------------------------------------------------------------------
[INFO] BUILD SUCCESS
[INFO] ------------------------------------------------------------------------
[INFO] Total time:  17.510 s
[INFO] Finished at: 2026-08-24T23:45:52+08:00
[INFO] ------------------------------------------------------------------------
