[INFO] Error stacktraces are turned on.
[INFO] Scanning for projects...
[INFO] 
[INFO] ------------------------< com.jcabi:jcabi-test >------------------------
[INFO] Building test 1.0
[INFO]   from pom.xml
[INFO] --------------------------------[ jar ]---------------------------------
[INFO] Downloading from local.central: file:///tmp/marshal-jcabi-formal-r3.JIToMA/m2/a0/org/apache/maven/plugins/maven-surefire-plugin/3.0.0-M5/maven-surefire-plugin-3.0.0-M5.pom
[INFO] Downloaded from local.central: file:///tmp/marshal-jcabi-formal-r3.JIToMA/m2/a0/org/apache/maven/plugins/maven-surefire-plugin/3.0.0-M5/maven-surefire-plugin-3.0.0-M5.pom (8.0 kB at 619 kB/s)
[INFO] Downloading from local.central: file:///tmp/marshal-jcabi-formal-r3.JIToMA/m2/a0/org/apache/maven/surefire/surefire/3.0.0-M5/surefire-3.0.0-M5.pom
[INFO] Downloaded from local.central: file:///tmp/marshal-jcabi-formal-r3.JIToMA/m2/a0/org/apache/maven/surefire/surefire/3.0.0-M5/surefire-3.0.0-M5.pom (27 kB at 6.9 MB/s)
[INFO] Downloading from local.central: file:///tmp/marshal-jcabi-formal-r3.JIToMA/m2/a0/org/apache/maven/plugins/maven-surefire-plugin/3.0.0-M5/maven-surefire-plugin-3.0.0-M5.jar
[INFO] Downloaded from local.central: file:///tmp/marshal-jcabi-formal-r3.JIToMA/m2/a0/org/apache/maven/plugins/maven-surefire-plugin/3.0.0-M5/maven-surefire-plugin-3.0.0-M5.jar (43 kB at 14 MB/s)
[INFO] 
[INFO] --- clean:3.1.0:clean (default-clean) @ jcabi-test ---
[INFO] 
[INFO] --- enforcer:3.0.0-M3:enforce (enforce-maven) @ jcabi-test ---
[INFO] 
[INFO] --- buildnumber:1.4:create (jcabi-build-number) @ jcabi-test ---
[INFO] ShortRevision tag detected. The value is '7'.
[INFO] Executing: /bin/sh -c cd '/tmp/marshal-jcabi-formal-r3.JIToMA/consumers/a0/jcabi-maven-plugin/target/it/versionalize' && 'git' 'rev-parse' '--verify' '--short=7' 'HEAD'
[INFO] Working directory: /tmp/marshal-jcabi-formal-r3.JIToMA/consumers/a0/jcabi-maven-plugin/target/it/versionalize
[INFO] Storing buildNumber: c6d7c3d at timestamp: 2026-08-24T02:57:24
[WARNING] Cannot get the branch information from the git repository: 
Detecting the current branch failed: fatal: ref HEAD is not a symbolic ref

[INFO] ShortRevision tag detected. The value is '7'.
[INFO] Executing: /bin/sh -c cd '/tmp/marshal-jcabi-formal-r3.JIToMA/consumers/a0/jcabi-maven-plugin/target/it/versionalize' && 'git' 'rev-parse' '--verify' '--short=7' 'HEAD'
[INFO] Working directory: /tmp/marshal-jcabi-formal-r3.JIToMA/consumers/a0/jcabi-maven-plugin/target/it/versionalize
[INFO] Storing buildScmBranch: UNKNOWN
[INFO] 
[INFO] --- buildnumber:1.4:create-timestamp (jcabi-build-number) @ jcabi-test ---
[INFO] 
[INFO] --- resources:3.2.0:resources (default-resources) @ jcabi-test ---
[INFO] Using 'UTF-8' encoding to copy filtered resources.
[INFO] Using 'UTF-8' encoding to copy filtered properties files.
[INFO] Copying 1 resource
[INFO] 
[INFO] --- compiler:3.8.1:compile (default-compile) @ jcabi-test ---
[WARNING]  Parameter 'optimize' (user property 'maven.compiler.optimize') is deprecated: This property is a no-op in {@code javac}.
[INFO] Changes detected - recompiling the module!
[INFO] Compiling 1 source file to /tmp/marshal-jcabi-formal-r3.JIToMA/consumers/a0/jcabi-maven-plugin/target/it/versionalize/target/classes
[INFO] 
[INFO] --- resources:3.2.0:testResources (default-testResources) @ jcabi-test ---
[INFO] Using 'UTF-8' encoding to copy filtered resources.
[INFO] Using 'UTF-8' encoding to copy filtered properties files.
[INFO] skip non existing resourceDirectory /tmp/marshal-jcabi-formal-r3.JIToMA/consumers/a0/jcabi-maven-plugin/target/it/versionalize/src/test/resources
[INFO] 
[INFO] --- compiler:3.8.1:testCompile (default-testCompile) @ jcabi-test ---
[WARNING]  Parameter 'optimize' (user property 'maven.compiler.optimize') is deprecated: This property is a no-op in {@code javac}.
[INFO] No sources to compile
[INFO] 
[INFO] --- surefire:3.0.0-M5:test (default-test) @ jcabi-test ---
[INFO] Downloading from local.central: file:///tmp/marshal-jcabi-formal-r3.JIToMA/m2/a0/org/apache/maven/surefire/maven-surefire-common/3.0.0-M5/maven-surefire-common-3.0.0-M5.pom
[INFO] Downloaded from local.central: file:///tmp/marshal-jcabi-formal-r3.JIToMA/m2/a0/org/apache/maven/surefire/maven-surefire-common/3.0.0-M5/maven-surefire-common-3.0.0-M5.pom (9.6 kB at 9.6 MB/s)
[INFO] Downloading from local.central: file:///tmp/marshal-jcabi-formal-r3.JIToMA/m2/a0/org/apache/maven/surefire/surefire-api/3.0.0-M5/surefire-api-3.0.0-M5.pom
[INFO] Downloaded from local.central: file:///tmp/marshal-jcabi-formal-r3.JIToMA/m2/a0/org/apache/maven/surefire/surefire-api/3.0.0-M5/surefire-api-3.0.0-M5.pom (3.2 kB at 3.2 MB/s)
[INFO] Downloading from local.central: file:///tmp/marshal-jcabi-formal-r3.JIToMA/m2/a0/org/apache/maven/surefire/surefire-logger-api/3.0.0-M5/surefire-logger-api-3.0.0-M5.pom
[INFO] Downloaded from local.central: file:///tmp/marshal-jcabi-formal-r3.JIToMA/m2/a0/org/apache/maven/surefire/surefire-logger-api/3.0.0-M5/surefire-logger-api-3.0.0-M5.pom (3.7 kB at 1.8 MB/s)
[INFO] Downloading from local.central: file:///tmp/marshal-jcabi-formal-r3.JIToMA/m2/a0/org/apache/maven/surefire/surefire-shared-utils/3.0.0-M4/surefire-shared-utils-3.0.0-M4.pom
[INFO] Downloaded from local.central: file:///tmp/marshal-jcabi-formal-r3.JIToMA/m2/a0/org/apache/maven/surefire/surefire-shared-utils/3.0.0-M4/surefire-shared-utils-3.0.0-M4.pom (3.9 kB at 3.9 MB/s)
[INFO] Downloading from local.central: file:///tmp/marshal-jcabi-formal-r3.JIToMA/m2/a0/org/apache/maven/surefire/surefire/3.0.0-M4/surefire-3.0.0-M4.pom
[INFO] Downloaded from local.central: file:///tmp/marshal-jcabi-formal-r3.JIToMA/m2/a0/org/apache/maven/surefire/surefire/3.0.0-M4/surefire-3.0.0-M4.pom (27 kB at 13 MB/s)
[INFO] Downloading from local.central: file:///tmp/marshal-jcabi-formal-r3.JIToMA/m2/a0/org/apache/maven/surefire/surefire-extensions-api/3.0.0-M5/surefire-extensions-api-3.0.0-M5.pom
[INFO] Downloaded from local.central: file:///tmp/marshal-jcabi-formal-r3.JIToMA/m2/a0/org/apache/maven/surefire/surefire-extensions-api/3.0.0-M5/surefire-extensions-api-3.0.0-M5.pom (4.0 kB at 4.0 MB/s)
[INFO] Downloading from local.central: file:///tmp/marshal-jcabi-formal-r3.JIToMA/m2/a0/org/apache/maven/surefire/surefire-booter/3.0.0-M5/surefire-booter-3.0.0-M5.pom
[INFO] Downloaded from local.central: file:///tmp/marshal-jcabi-formal-r3.JIToMA/m2/a0/org/apache/maven/surefire/surefire-booter/3.0.0-M5/surefire-booter-3.0.0-M5.pom (4.8 kB at 4.8 MB/s)
[INFO] Downloading from local.central: file:///tmp/marshal-jcabi-formal-r3.JIToMA/m2/a0/org/apache/maven/surefire/surefire-extensions-spi/3.0.0-M5/surefire-extensions-spi-3.0.0-M5.pom
[INFO] Downloaded from local.central: file:///tmp/marshal-jcabi-formal-r3.JIToMA/m2/a0/org/apache/maven/surefire/surefire-extensions-spi/3.0.0-M5/surefire-extensions-spi-3.0.0-M5.pom (1.6 kB at 1.6 MB/s)
[INFO] Downloading from local.central: file:///tmp/marshal-jcabi-formal-r3.JIToMA/m2/a0/org/apache/maven/maven-toolchain/3.0-alpha-2/maven-toolchain-3.0-alpha-2.pom
[INFO] Downloaded from local.central: file:///tmp/marshal-jcabi-formal-r3.JIToMA/m2/a0/org/apache/maven/maven-toolchain/3.0-alpha-2/maven-toolchain-3.0-alpha-2.pom (2.2 kB at 1.1 MB/s)
[INFO] Downloading from local.central: file:///tmp/marshal-jcabi-formal-r3.JIToMA/m2/a0/org/apache/maven/maven/3.0-alpha-2/maven-3.0-alpha-2.pom
[INFO] Downloaded from local.central: file:///tmp/marshal-jcabi-formal-r3.JIToMA/m2/a0/org/apache/maven/maven/3.0-alpha-2/maven-3.0-alpha-2.pom (21 kB at 21 MB/s)
[INFO] Downloading from local.central: file:///tmp/marshal-jcabi-formal-r3.JIToMA/m2/a0/org/apache/maven/shared/maven-artifact-transfer/0.11.0/maven-artifact-transfer-0.11.0.pom
[INFO] Downloaded from local.central: file:///tmp/marshal-jcabi-formal-r3.JIToMA/m2/a0/org/apache/maven/shared/maven-artifact-transfer/0.11.0/maven-artifact-transfer-0.11.0.pom (11 kB at 11 MB/s)
[INFO] Downloading from local.central: file:///tmp/marshal-jcabi-formal-r3.JIToMA/m2/a0/commons-codec/commons-codec/1.11/commons-codec-1.11.pom
[INFO] Downloaded from local.central: file:///tmp/marshal-jcabi-formal-r3.JIToMA/m2/a0/commons-codec/commons-codec/1.11/commons-codec-1.11.pom (14 kB at 14 MB/s)
[INFO] Downloading from local.central: file:///tmp/marshal-jcabi-formal-r3.JIToMA/m2/a0/org/codehaus/plexus/plexus-java/1.0.5/plexus-java-1.0.5.pom
[INFO] Downloaded from local.central: file:///tmp/marshal-jcabi-formal-r3.JIToMA/m2/a0/org/codehaus/plexus/plexus-java/1.0.5/plexus-java-1.0.5.pom (4.6 kB at 4.6 MB/s)
[INFO] Downloading from local.central: file:///tmp/marshal-jcabi-formal-r3.JIToMA/m2/a0/org/codehaus/plexus/plexus-languages/1.0.5/plexus-languages-1.0.5.pom
[INFO] Downloaded from local.central: file:///tmp/marshal-jcabi-formal-r3.JIToMA/m2/a0/org/codehaus/plexus/plexus-languages/1.0.5/plexus-languages-1.0.5.pom (3.9 kB at 3.9 MB/s)
[INFO] Downloading from local.central: file:///tmp/marshal-jcabi-formal-r3.JIToMA/m2/a0/org/codehaus/plexus/plexus/6.2/plexus-6.2.pom
[INFO] Downloaded from local.central: file:///tmp/marshal-jcabi-formal-r3.JIToMA/m2/a0/org/codehaus/plexus/plexus/6.2/plexus-6.2.pom (24 kB at 24 MB/s)
[INFO] Downloading from local.central: file:///tmp/marshal-jcabi-formal-r3.JIToMA/m2/a0/org/ow2/asm/asm/7.2/asm-7.2.pom
[INFO] Downloaded from local.central: file:///tmp/marshal-jcabi-formal-r3.JIToMA/m2/a0/org/ow2/asm/asm/7.2/asm-7.2.pom (2.9 kB at 2.9 MB/s)
[INFO] Downloading from local.central: file:///tmp/marshal-jcabi-formal-r3.JIToMA/m2/a0/org/apache/maven/surefire/maven-surefire-common/3.0.0-M5/maven-surefire-common-3.0.0-M5.jar
[INFO] Downloaded from local.central: file:///tmp/marshal-jcabi-formal-r3.JIToMA/m2/a0/org/apache/maven/surefire/maven-surefire-common/3.0.0-M5/maven-surefire-common-3.0.0-M5.jar (311 kB at 52 MB/s)
[INFO] Downloading from local.central: file:///tmp/marshal-jcabi-formal-r3.JIToMA/m2/a0/org/apache/maven/surefire/surefire-api/3.0.0-M5/surefire-api-3.0.0-M5.jar
[INFO] Downloading from local.central: file:///tmp/marshal-jcabi-formal-r3.JIToMA/m2/a0/org/apache/maven/surefire/surefire-extensions-api/3.0.0-M5/surefire-extensions-api-3.0.0-M5.jar
[INFO] Downloading from local.central: file:///tmp/marshal-jcabi-formal-r3.JIToMA/m2/a0/org/apache/maven/surefire/surefire-logger-api/3.0.0-M5/surefire-logger-api-3.0.0-M5.jar
[INFO] Downloading from local.central: file:///tmp/marshal-jcabi-formal-r3.JIToMA/m2/a0/org/apache/maven/surefire/surefire-booter/3.0.0-M5/surefire-booter-3.0.0-M5.jar
[INFO] Downloading from local.central: file:///tmp/marshal-jcabi-formal-r3.JIToMA/m2/a0/org/apache/maven/surefire/surefire-extensions-spi/3.0.0-M5/surefire-extensions-spi-3.0.0-M5.jar
[INFO] Downloaded from local.central: file:///tmp/marshal-jcabi-formal-r3.JIToMA/m2/a0/org/apache/maven/surefire/surefire-logger-api/3.0.0-M5/surefire-logger-api-3.0.0-M5.jar (14 kB at 2.7 MB/s)
[INFO] Downloading from local.central: file:///tmp/marshal-jcabi-formal-r3.JIToMA/m2/a0/org/apache/maven/maven-toolchain/3.0-alpha-2/maven-toolchain-3.0-alpha-2.jar
[INFO] Downloaded from local.central: file:///tmp/marshal-jcabi-formal-r3.JIToMA/m2/a0/org/apache/maven/surefire/surefire-extensions-spi/3.0.0-M5/surefire-extensions-spi-3.0.0-M5.jar (7.9 kB at 2.6 MB/s)
[INFO] Downloading from local.central: file:///tmp/marshal-jcabi-formal-r3.JIToMA/m2/a0/org/apache/maven/shared/maven-artifact-transfer/0.11.0/maven-artifact-transfer-0.11.0.jar
[INFO] Downloaded from local.central: file:///tmp/marshal-jcabi-formal-r3.JIToMA/m2/a0/org/apache/maven/surefire/surefire-extensions-api/3.0.0-M5/surefire-extensions-api-3.0.0-M5.jar (24 kB at 6.0 MB/s)
[INFO] Downloading from local.central: file:///tmp/marshal-jcabi-formal-r3.JIToMA/m2/a0/commons-codec/commons-codec/1.11/commons-codec-1.11.jar
[INFO] Downloaded from local.central: file:///tmp/marshal-jcabi-formal-r3.JIToMA/m2/a0/org/apache/maven/maven-toolchain/3.0-alpha-2/maven-toolchain-3.0-alpha-2.jar (36 kB at 4.5 MB/s)
[INFO] Downloading from local.central: file:///tmp/marshal-jcabi-formal-r3.JIToMA/m2/a0/org/codehaus/plexus/plexus-java/1.0.5/plexus-java-1.0.5.jar
[INFO] Downloaded from local.central: file:///tmp/marshal-jcabi-formal-r3.JIToMA/m2/a0/org/apache/maven/surefire/surefire-api/3.0.0-M5/surefire-api-3.0.0-M5.jar (144 kB at 14 MB/s)
[INFO] Downloading from local.central: file:///tmp/marshal-jcabi-formal-r3.JIToMA/m2/a0/org/ow2/asm/asm/7.2/asm-7.2.jar
[INFO] Downloaded from local.central: file:///tmp/marshal-jcabi-formal-r3.JIToMA/m2/a0/org/apache/maven/surefire/surefire-booter/3.0.0-M5/surefire-booter-3.0.0-M5.jar (106 kB at 11 MB/s)
[INFO] Downloading from local.central: file:///tmp/marshal-jcabi-formal-r3.JIToMA/m2/a0/org/apache/maven/surefire/surefire-shared-utils/3.0.0-M4/surefire-shared-utils-3.0.0-M4.jar
[INFO] Downloaded from local.central: file:///tmp/marshal-jcabi-formal-r3.JIToMA/m2/a0/org/codehaus/plexus/plexus-java/1.0.5/plexus-java-1.0.5.jar (52 kB at 5.8 MB/s)
[INFO] Downloaded from local.central: file:///tmp/marshal-jcabi-formal-r3.JIToMA/m2/a0/org/apache/maven/shared/maven-artifact-transfer/0.11.0/maven-artifact-transfer-0.11.0.jar (128 kB at 14 MB/s)
[INFO] Downloaded from local.central: file:///tmp/marshal-jcabi-formal-r3.JIToMA/m2/a0/commons-codec/commons-codec/1.11/commons-codec-1.11.jar (335 kB at 30 MB/s)
[INFO] Downloaded from local.central: file:///tmp/marshal-jcabi-formal-r3.JIToMA/m2/a0/org/ow2/asm/asm/7.2/asm-7.2.jar (115 kB at 11 MB/s)
[INFO] Downloaded from local.central: file:///tmp/marshal-jcabi-formal-r3.JIToMA/m2/a0/org/apache/maven/surefire/surefire-shared-utils/3.0.0-M4/surefire-shared-utils-3.0.0-M4.jar (1.9 MB at 93 MB/s)
[INFO] No tests to run.
[INFO] 
[INFO] --- jcabi:1.0-SNAPSHOT:versionalize (jcabi-versionalize-packages) @ jcabi-test ---
[INFO] Versionalizing /tmp/marshal-jcabi-formal-r3.JIToMA/consumers/a0/jcabi-maven-plugin/target/it/versionalize/target/classes directory
[INFO] File /tmp/marshal-jcabi-formal-r3.JIToMA/consumers/a0/jcabi-maven-plugin/target/it/versionalize/target/classes/com/jcabi/foo/com-jcabi-jcabi-test-jar.txt added
[INFO] 
[INFO] --- jcabi:1.0-SNAPSHOT:versionalize (default) @ jcabi-test ---
[INFO] Versionalizing /tmp/marshal-jcabi-formal-r3.JIToMA/consumers/a0/jcabi-maven-plugin/target/it/versionalize/target/classes directory
[INFO] File /tmp/marshal-jcabi-formal-r3.JIToMA/consumers/a0/jcabi-maven-plugin/target/it/versionalize/target/classes/com/jcabi/foo/com-jcabi-jcabi-test-jar.txt added
[INFO] ------------------------------------------------------------------------
[INFO] BUILD SUCCESS
[INFO] ------------------------------------------------------------------------
[INFO] Total time:  2.075 s
[INFO] Finished at: 2026-08-24T02:57:25+08:00
[INFO] ------------------------------------------------------------------------
Running post-build script: /tmp/marshal-jcabi-formal-r3.JIToMA/consumers/a0/jcabi-maven-plugin/target/it/versionalize/verify.groovy
Finished post-build script: /tmp/marshal-jcabi-formal-r3.JIToMA/consumers/a0/jcabi-maven-plugin/target/it/versionalize/verify.groovy
