[INFO] Scanning for projects...
[INFO] Inspecting build with total of 1 modules...
[INFO] Installing Nexus Staging features:
[INFO]   ... total of 1 executions of maven-deploy-plugin replaced with nexus-staging-maven-plugin
[INFO] 
[INFO] ---------------------< org.assertj:assertj-guava >----------------------
[INFO] Building AssertJ fluent assertions for Guava 3.4.1-SNAPSHOT
[INFO]   from pom.xml
[INFO] --------------------------------[ jar ]---------------------------------
[INFO] 
[INFO] --- dependency:3.7.0:tree (default-cli) @ assertj-guava ---
[INFO] org.assertj:assertj-guava:jar:3.4.1-SNAPSHOT
[INFO] \- org.assertj:assertj-core:jar:3.23.1:compile
[INFO]    \- net.bytebuddy:byte-buddy:jar:1.12.10:compile
[INFO] ------------------------------------------------------------------------
[INFO] BUILD SUCCESS
[INFO] ------------------------------------------------------------------------
[INFO] Total time:  1.491 s
[INFO] Finished at: 2026-08-24T20:32:58+08:00
[INFO] ------------------------------------------------------------------------
