Traceback (most recent call last):
  File "/tmp/marshal-cinder-pilot.XSm5CH/runner-venv/bin/tox", line 3, in <module>
    from tox.run import run
  File "/tmp/marshal-cinder-pilot.XSm5CH/runner-venv/lib/python3.13/site-packages/tox/__init__.py", line 3, in <module>
    from .run import main
  File "/tmp/marshal-cinder-pilot.XSm5CH/runner-venv/lib/python3.13/site-packages/tox/run.py", line 12, in <module>
    from tox.config.cli.parse import get_options
  File "/tmp/marshal-cinder-pilot.XSm5CH/runner-venv/lib/python3.13/site-packages/tox/config/cli/parse.py", line 11, in <module>
    from tox.config.source import Source, discover_source
  File "/tmp/marshal-cinder-pilot.XSm5CH/runner-venv/lib/python3.13/site-packages/tox/config/source/__init__.py", line 4, in <module>
    from .discover import discover_source
  File "/tmp/marshal-cinder-pilot.XSm5CH/runner-venv/lib/python3.13/site-packages/tox/config/source/discover.py", line 11, in <module>
    from .legacy_toml import LegacyToml
  File "/tmp/marshal-cinder-pilot.XSm5CH/runner-venv/lib/python3.13/site-packages/tox/config/source/legacy_toml.py", line 15, in <module>
    from .ini import IniSource
  File "/tmp/marshal-cinder-pilot.XSm5CH/runner-venv/lib/python3.13/site-packages/tox/config/source/ini.py", line 10, in <module>
    from tox.config.loader.ini import IniLoader
  File "/tmp/marshal-cinder-pilot.XSm5CH/runner-venv/lib/python3.13/site-packages/tox/config/loader/ini/__init__.py", line 7, in <module>
    from tox.config.loader.api import ConfigLoadArgs, Loader, Override
  File "/tmp/marshal-cinder-pilot.XSm5CH/runner-venv/lib/python3.13/site-packages/tox/config/loader/api.py", line 9, in <module>
    from tox.tox_env.python.pip.req_file import PythonDeps
  File "/tmp/marshal-cinder-pilot.XSm5CH/runner-venv/lib/python3.13/site-packages/tox/tox_env/python/pip/req_file.py", line 8, in <module>
    from .req.file import ParsedRequirement, ReqFileLines, RequirementsFile
  File "/tmp/marshal-cinder-pilot.XSm5CH/runner-venv/lib/python3.13/site-packages/tox/tox_env/python/pip/req/file.py", line 16, in <module>
    from urllib.request import urlopen
  File "/data/zhihao/miniconda3/lib/python3.13/urllib/request.py", line 87, in <module>
    import hashlib
  File "/data/zhihao/miniconda3/lib/python3.13/hashlib.py", line 170, in <module>
    import _hashlib
KeyboardInterrupt
