Unable to find image 'maven:3.9.8-eclipse-temurin-11' locally
3.9.8-eclipse-temurin-11: Pulling from library/maven
eb993dcd6942: Pulling fs layer
62ad162d7203: Pulling fs layer
f4348a59bc3e: Pulling fs layer
94aac670c84f: Pulling fs layer
42784069308f: Pulling fs layer
e4cfeac89f90: Pulling fs layer
6a953568b1ef: Pulling fs layer
82e6af9ad6b0: Pulling fs layer
b60cb6556bcc: Pulling fs layer
94aac670c84f: Waiting
e4cfeac89f90: Waiting
42784069308f: Waiting
6a953568b1ef: Waiting
94898a9e49ce: Pulling fs layer
82e6af9ad6b0: Waiting
b60cb6556bcc: Waiting
94898a9e49ce: Waiting
62ad162d7203: Verifying Checksum
62ad162d7203: Download complete
eb993dcd6942: Verifying Checksum
eb993dcd6942: Download complete
94aac670c84f: Download complete
42784069308f: Download complete
eb993dcd6942: Pull complete
f4348a59bc3e: Verifying Checksum
f4348a59bc3e: Download complete
e4cfeac89f90: Download complete
6a953568b1ef: Verifying Checksum
6a953568b1ef: Download complete
62ad162d7203: Pull complete
82e6af9ad6b0: Verifying Checksum
82e6af9ad6b0: Download complete
94898a9e49ce: Verifying Checksum
94898a9e49ce: Download complete
b60cb6556bcc: Download complete
f4348a59bc3e: Pull complete
94aac670c84f: Pull complete
42784069308f: Pull complete
e4cfeac89f90: Pull complete
6a953568b1ef: Pull complete
82e6af9ad6b0: Pull complete
b60cb6556bcc: Pull complete
94898a9e49ce: Pull complete
Digest: sha256:0c32782865390c28c088a303ce8dcf7b8e98f03426ca56d3997d21b8712aae45
Status: Downloaded newer image for maven:3.9.8-eclipse-temurin-11
mkdir: cannot create directory ‘/root’: Permission denied
Can not write to /root/.m2/copy_reference_file.log. Wrong volume permissions? Carrying on ...
[INFO] Scanning for projects...
[INFO] 
[INFO] -------------------< com.rabbitmq.jms:rabbitmq-jms >--------------------
[INFO] Building rabbitmq-jms 2.6.0-SNAPSHOT
[INFO]   from pom.xml
[INFO] --------------------------------[ jar ]---------------------------------
[INFO] Downloading from central: https://repo.maven.apache.org/maven2/org/apache/maven/plugins/maven-clean-plugin/3.2.0/maven-clean-plugin-3.2.0.pom
[INFO] Downloaded from central: https://repo.maven.apache.org/maven2/org/apache/maven/plugins/maven-clean-plugin/3.2.0/maven-clean-plugin-3.2.0.pom (5.3 kB at 5.8 kB/s)
[INFO] Downloading from central: https://repo.maven.apache.org/maven2/org/apache/maven/plugins/maven-plugins/35/maven-plugins-35.pom
[INFO] Downloaded from central: https://repo.maven.apache.org/maven2/org/apache/maven/plugins/maven-plugins/35/maven-plugins-35.pom (9.9 kB at 43 kB/s)
[INFO] Downloading from central: https://repo.maven.apache.org/maven2/org/apache/maven/maven-parent/35/maven-parent-35.pom
[INFO] Downloaded from central: https://repo.maven.apache.org/maven2/org/apache/maven/maven-parent/35/maven-parent-35.pom (45 kB at 201 kB/s)
[INFO] Downloading from central: https://repo.maven.apache.org/maven2/org/apache/apache/25/apache-25.pom
[INFO] Downloaded from central: https://repo.maven.apache.org/maven2/org/apache/apache/25/apache-25.pom (21 kB at 90 kB/s)
[INFO] Downloading from central: https://repo.maven.apache.org/maven2/org/apache/maven/plugins/maven-clean-plugin/3.2.0/maven-clean-plugin-3.2.0.jar
[INFO] Downloaded from central: https://repo.maven.apache.org/maven2/org/apache/maven/plugins/maven-clean-plugin/3.2.0/maven-clean-plugin-3.2.0.jar (36 kB at 152 kB/s)
[INFO] Downloading from central: https://repo.maven.apache.org/maven2/org/apache/maven/plugins/maven-resources-plugin/3.3.1/maven-resources-plugin-3.3.1.pom
[INFO] Downloaded from central: https://repo.maven.apache.org/maven2/org/apache/maven/plugins/maven-resources-plugin/3.3.1/maven-resources-plugin-3.3.1.pom (8.2 kB at 38 kB/s)
[INFO] Downloading from central: https://repo.maven.apache.org/maven2/org/apache/maven/plugins/maven-plugins/39/maven-plugins-39.pom
[INFO] Downloaded from central: https://repo.maven.apache.org/maven2/org/apache/maven/plugins/maven-plugins/39/maven-plugins-39.pom (8.1 kB at 33 kB/s)
[INFO] Downloading from central: https://repo.maven.apache.org/maven2/org/apache/maven/maven-parent/39/maven-parent-39.pom
[INFO] Downloaded from central: https://repo.maven.apache.org/maven2/org/apache/maven/maven-parent/39/maven-parent-39.pom (48 kB at 177 kB/s)
[INFO] Downloading from central: https://repo.maven.apache.org/maven2/org/apache/apache/29/apache-29.pom
[INFO] Downloaded from central: https://repo.maven.apache.org/maven2/org/apache/apache/29/apache-29.pom (21 kB at 93 kB/s)
[INFO] Downloading from central: https://repo.maven.apache.org/maven2/org/apache/maven/plugins/maven-resources-plugin/3.3.1/maven-resources-plugin-3.3.1.jar
[INFO] Downloaded from central: https://repo.maven.apache.org/maven2/org/apache/maven/plugins/maven-resources-plugin/3.3.1/maven-resources-plugin-3.3.1.jar (31 kB at 115 kB/s)
[INFO] 
[INFO] --- clean:3.2.0:clean (default-clean) @ rabbitmq-jms ---
[INFO] 
[INFO] --- resources:3.3.1:resources (default-resources) @ rabbitmq-jms ---
[INFO] Downloading from central: https://repo.maven.apache.org/maven2/org/codehaus/plexus/plexus-interpolation/1.26/plexus-interpolation-1.26.pom
[INFO] Downloaded from central: https://repo.maven.apache.org/maven2/org/codehaus/plexus/plexus-interpolation/1.26/plexus-interpolation-1.26.pom (2.7 kB at 13 kB/s)
[INFO] Downloading from central: https://repo.maven.apache.org/maven2/org/codehaus/plexus/plexus-utils/3.5.1/plexus-utils-3.5.1.pom
[INFO] Downloaded from central: https://repo.maven.apache.org/maven2/org/codehaus/plexus/plexus-utils/3.5.1/plexus-utils-3.5.1.pom (8.8 kB at 42 kB/s)
[INFO] Downloading from central: https://repo.maven.apache.org/maven2/org/codehaus/plexus/plexus/10/plexus-10.pom
[INFO] Downloaded from central: https://repo.maven.apache.org/maven2/org/codehaus/plexus/plexus/10/plexus-10.pom (25 kB at 117 kB/s)
[INFO] Downloading from central: https://repo.maven.apache.org/maven2/org/apache/maven/shared/maven-filtering/3.3.1/maven-filtering-3.3.1.pom
[INFO] Downloaded from central: https://repo.maven.apache.org/maven2/org/apache/maven/shared/maven-filtering/3.3.1/maven-filtering-3.3.1.pom (6.0 kB at 29 kB/s)
[INFO] Downloading from central: https://repo.maven.apache.org/maven2/org/apache/maven/shared/maven-shared-components/39/maven-shared-components-39.pom
[INFO] Downloaded from central: https://repo.maven.apache.org/maven2/org/apache/maven/shared/maven-shared-components/39/maven-shared-components-39.pom (3.2 kB at 4.1 kB/s)
[INFO] Downloading from central: https://repo.maven.apache.org/maven2/javax/inject/javax.inject/1/javax.inject-1.pom
[INFO] Downloaded from central: https://repo.maven.apache.org/maven2/javax/inject/javax.inject/1/javax.inject-1.pom (612 B at 2.8 kB/s)
[INFO] Downloading from central: https://repo.maven.apache.org/maven2/org/sonatype/plexus/plexus-build-api/0.0.7/plexus-build-api-0.0.7.pom
[INFO] Downloaded from central: https://repo.maven.apache.org/maven2/org/sonatype/plexus/plexus-build-api/0.0.7/plexus-build-api-0.0.7.pom (3.2 kB at 14 kB/s)
[INFO] Downloading from central: https://repo.maven.apache.org/maven2/org/sonatype/spice/spice-parent/15/spice-parent-15.pom
[INFO] Downloaded from central: https://repo.maven.apache.org/maven2/org/sonatype/spice/spice-parent/15/spice-parent-15.pom (8.4 kB at 41 kB/s)
[INFO] Downloading from central: https://repo.maven.apache.org/maven2/org/codehaus/plexus/plexus-utils/3.5.0/plexus-utils-3.5.0.pom
[INFO] Downloaded from central: https://repo.maven.apache.org/maven2/org/codehaus/plexus/plexus-utils/3.5.0/plexus-utils-3.5.0.pom (8.0 kB at 39 kB/s)
[INFO] Downloading from central: https://repo.maven.apache.org/maven2/commons-io/commons-io/2.11.0/commons-io-2.11.0.pom
[INFO] Downloaded from central: https://repo.maven.apache.org/maven2/commons-io/commons-io/2.11.0/commons-io-2.11.0.pom (20 kB at 92 kB/s)
[INFO] Downloading from central: https://repo.maven.apache.org/maven2/org/junit/junit-bom/5.7.2/junit-bom-5.7.2.pom
[INFO] Downloaded from central: https://repo.maven.apache.org/maven2/org/junit/junit-bom/5.7.2/junit-bom-5.7.2.pom (5.1 kB at 25 kB/s)
[INFO] Downloading from central: https://repo.maven.apache.org/maven2/org/codehaus/plexus/plexus-interpolation/1.26/plexus-interpolation-1.26.jar
[INFO] Downloaded from central: https://repo.maven.apache.org/maven2/org/codehaus/plexus/plexus-interpolation/1.26/plexus-interpolation-1.26.jar (85 kB at 189 kB/s)
[INFO] Downloading from central: https://repo.maven.apache.org/maven2/org/codehaus/plexus/plexus-utils/3.5.1/plexus-utils-3.5.1.jar
[INFO] Downloading from central: https://repo.maven.apache.org/maven2/org/apache/maven/shared/maven-filtering/3.3.1/maven-filtering-3.3.1.jar
[INFO] Downloading from central: https://repo.maven.apache.org/maven2/javax/inject/javax.inject/1/javax.inject-1.jar
[INFO] Downloading from central: https://repo.maven.apache.org/maven2/org/sonatype/plexus/plexus-build-api/0.0.7/plexus-build-api-0.0.7.jar
[INFO] Downloading from central: https://repo.maven.apache.org/maven2/commons-io/commons-io/2.11.0/commons-io-2.11.0.jar
[INFO] Downloaded from central: https://repo.maven.apache.org/maven2/javax/inject/javax.inject/1/javax.inject-1.jar (2.5 kB at 4.5 kB/s)
[INFO] Downloaded from central: https://repo.maven.apache.org/maven2/org/sonatype/plexus/plexus-build-api/0.0.7/plexus-build-api-0.0.7.jar (8.5 kB at 14 kB/s)
[INFO] Downloaded from central: https://repo.maven.apache.org/maven2/org/apache/maven/shared/maven-filtering/3.3.1/maven-filtering-3.3.1.jar (55 kB at 87 kB/s)
[INFO] Downloaded from central: https://repo.maven.apache.org/maven2/org/codehaus/plexus/plexus-utils/3.5.1/plexus-utils-3.5.1.jar (269 kB at 362 kB/s)
[INFO] Downloaded from central: https://repo.maven.apache.org/maven2/commons-io/commons-io/2.11.0/commons-io-2.11.0.jar (327 kB at 233 kB/s)
[INFO] skip non existing resourceDirectory /workspace/src/main/resources
[INFO] 
[INFO] --- compiler:3.10.1:compile (default-compile) @ rabbitmq-jms ---
[INFO] Changes detected - recompiling the module!
[INFO] Compiling 76 source files to /workspace/target/classes
[INFO] /workspace/src/main/java/com/rabbitmq/jms/admin/RMQConnectionFactory.java: /workspace/src/main/java/com/rabbitmq/jms/admin/RMQConnectionFactory.java uses unchecked or unsafe operations.
[INFO] /workspace/src/main/java/com/rabbitmq/jms/admin/RMQConnectionFactory.java: Recompile with -Xlint:unchecked for details.
[INFO] 
[INFO] --- resources:3.3.1:testResources (default-testResources) @ rabbitmq-jms ---
[INFO] Copying 1 resource from src/test/resources to target/test-classes
[INFO] 
[INFO] --- compiler:3.10.1:testCompile (default-testCompile) @ rabbitmq-jms ---
[INFO] Changes detected - recompiling the module!
[INFO] Compiling 82 source files to /workspace/target/test-classes
[INFO] /workspace/src/test/java/com/rabbitmq/jms/parse/sql/SqlTypeSetterVisitorTest.java: /workspace/src/test/java/com/rabbitmq/jms/parse/sql/SqlTypeSetterVisitorTest.java uses unchecked or unsafe operations.
[INFO] /workspace/src/test/java/com/rabbitmq/jms/parse/sql/SqlTypeSetterVisitorTest.java: Recompile with -Xlint:unchecked for details.
[INFO] 
[INFO] --- surefire:2.22.2:test (default-test) @ rabbitmq-jms ---
[INFO] 
[INFO] -------------------------------------------------------
[INFO]  T E S T S
[INFO] -------------------------------------------------------
[INFO] Running com.rabbitmq.jms.admin.RMQConnectionFactoryTest
03:24:34.203 [main] WARN  c.r.c.TrustEverythingTrustManager - SECURITY ALERT: this trust manager trusts every certificate, effectively disabling peer verification. This is convenient for local development but offers no protection against man-in-the-middle attacks. Please see https://www.rabbitmq.com/ssl.html to learn more about peer certificate verification.
03:24:34.208 [main] WARN  c.r.c.TrustEverythingTrustManager - SECURITY ALERT: this trust manager trusts every certificate, effectively disabling peer verification. This is convenient for local development but offers no protection against man-in-the-middle attacks. Please see https://www.rabbitmq.com/ssl.html to learn more about peer certificate verification.
03:24:34.257 [main] WARN  c.r.c.TrustEverythingTrustManager - SECURITY ALERT: this trust manager trusts every certificate, effectively disabling peer verification. This is convenient for local development but offers no protection against man-in-the-middle attacks. Please see https://www.rabbitmq.com/ssl.html to learn more about peer certificate verification.
03:24:34.258 [main] WARN  c.r.c.TrustEverythingTrustManager - SECURITY ALERT: this trust manager trusts every certificate, effectively disabling peer verification. This is convenient for local development but offers no protection against man-in-the-middle attacks. Please see https://www.rabbitmq.com/ssl.html to learn more about peer certificate verification.
[INFO] Tests run: 12, Failures: 0, Errors: 0, Skipped: 0, Time elapsed: 0.853 s - in com.rabbitmq.jms.admin.RMQConnectionFactoryTest
[INFO] Running com.rabbitmq.jms.admin.RMQDestinationTest
[INFO] Tests run: 5, Failures: 0, Errors: 0, Skipped: 0, Time elapsed: 0 s - in com.rabbitmq.jms.admin.RMQDestinationTest
[INFO] Running com.rabbitmq.jms.admin.RMQObjectFactoryTest
03:24:34.269 [main] WARN  c.r.jms.admin.RMQObjectFactory - Queue declare arguments are ignored for AMQP destinations
[INFO] Tests run: 14, Failures: 0, Errors: 0, Skipped: 0, Time elapsed: 0.001 s - in com.rabbitmq.jms.admin.RMQObjectFactoryTest
[INFO] Running com.rabbitmq.jms.util.TestAbortableHolder
[INFO] Tests run: 6, Failures: 0, Errors: 0, Skipped: 0, Time elapsed: 0 s - in com.rabbitmq.jms.util.TestAbortableHolder
[INFO] Running com.rabbitmq.jms.util.TestHexDisplay
[INFO] Tests run: 4, Failures: 0, Errors: 0, Skipped: 0, Time elapsed: 0 s - in com.rabbitmq.jms.util.TestHexDisplay
[INFO] Running com.rabbitmq.jms.util.TestTimeTracker
[INFO] Tests run: 2, Failures: 0, Errors: 0, Skipped: 0, Time elapsed: 0.596 s - in com.rabbitmq.jms.util.TestTimeTracker
[INFO] Running com.rabbitmq.jms.util.TestUriCodec
[INFO] Tests run: 10, Failures: 0, Errors: 0, Skipped: 0, Time elapsed: 0.003 s - in com.rabbitmq.jms.util.TestUriCodec
[INFO] Running com.rabbitmq.jms.util.TestWhiteListObjectSerialization
[INFO] Tests run: 5, Failures: 0, Errors: 0, Skipped: 0, Time elapsed: 0.006 s - in com.rabbitmq.jms.util.TestWhiteListObjectSerialization
[INFO] Running com.rabbitmq.jms.util.TestUtil
[INFO] Tests run: 2, Failures: 0, Errors: 0, Skipped: 0, Time elapsed: 0.008 s - in com.rabbitmq.jms.util.TestUtil
[INFO] Running com.rabbitmq.jms.parse.sql.SqlTypeSetterVisitorTest
[INFO] Tests run: 4, Failures: 0, Errors: 0, Skipped: 0, Time elapsed: 0.098 s - in com.rabbitmq.jms.parse.sql.SqlTypeSetterVisitorTest
[INFO] Running com.rabbitmq.jms.parse.sql.SqlProductionTest
[INFO] Tests run: 13, Failures: 0, Errors: 0, Skipped: 0, Time elapsed: 0.038 s - in com.rabbitmq.jms.parse.sql.SqlProductionTest
[INFO] Running com.rabbitmq.jms.parse.sql.SqlCompilerTest
[INFO] Tests run: 1, Failures: 0, Errors: 0, Skipped: 0, Time elapsed: 0.003 s - in com.rabbitmq.jms.parse.sql.SqlCompilerTest
[INFO] Running com.rabbitmq.jms.parse.sql.SqlCompilerVisitorTest
[INFO] Tests run: 4, Failures: 0, Errors: 0, Skipped: 0, Time elapsed: 0.002 s - in com.rabbitmq.jms.parse.sql.SqlCompilerVisitorTest
[INFO] Running com.rabbitmq.jms.parse.sql.SqlParserTest
[INFO] Tests run: 5, Failures: 0, Errors: 0, Skipped: 0, Time elapsed: 0.002 s - in com.rabbitmq.jms.parse.sql.SqlParserTest
[INFO] Running com.rabbitmq.jms.parse.sql.SqlTypeCheckerTest
[INFO] Tests run: 5, Failures: 0, Errors: 0, Skipped: 0, Time elapsed: 0 s - in com.rabbitmq.jms.parse.sql.SqlTypeCheckerTest
[INFO] Running com.rabbitmq.jms.parse.sql.SqlTokenStreamTest
[INFO] Tests run: 7, Failures: 0, Errors: 0, Skipped: 0, Time elapsed: 0.001 s - in com.rabbitmq.jms.parse.sql.SqlTokenStreamTest
[INFO] Running com.rabbitmq.jms.client.ForeignBytesMessageTest
[INFO] Tests run: 2, Failures: 0, Errors: 0, Skipped: 0, Time elapsed: 0 s - in com.rabbitmq.jms.client.ForeignBytesMessageTest
[INFO] Running com.rabbitmq.jms.client.message.TestMessages
[INFO] Tests run: 7, Failures: 0, Errors: 0, Skipped: 0, Time elapsed: 0.058 s - in com.rabbitmq.jms.client.message.TestMessages
[INFO] Running com.rabbitmq.jms.client.RMQMessageTest
[INFO] Tests run: 1, Failures: 0, Errors: 0, Skipped: 0, Time elapsed: 0 s - in com.rabbitmq.jms.client.RMQMessageTest
[INFO] Running com.rabbitmq.jms.client.PublisherConfirmsUtilsTest
[INFO] Tests run: 1, Failures: 0, Errors: 0, Skipped: 0, Time elapsed: 0.133 s - in com.rabbitmq.jms.client.PublisherConfirmsUtilsTest
[INFO] Running com.rabbitmq.jms.client.RMQMessageProducerTest
WARNING: Running test version of RJMS Client with no version information.
[INFO] Tests run: 4, Failures: 0, Errors: 0, Skipped: 0, Time elapsed: 0.125 s - in com.rabbitmq.jms.client.RMQMessageProducerTest
[INFO] 
[INFO] Results:
[INFO] 
[INFO] Tests run: 114, Failures: 0, Errors: 0, Skipped: 0
[INFO] 
[INFO] ------------------------------------------------------------------------
[INFO] BUILD SUCCESS
[INFO] ------------------------------------------------------------------------
[INFO] Total time:  15.456 s
[INFO] Finished at: 2026-08-24T03:24:35Z
[INFO] ------------------------------------------------------------------------
