[INFO] Scanning for projects...
[INFO] 
[INFO] --------------------------< ai.elimu:webapp >---------------------------
[INFO] Building webapp 2.2.133-SNAPSHOT
[INFO]   from pom.xml
[INFO] --------------------------------[ war ]---------------------------------
[WARNING] The artifact org.hibernate:hibernate-validator:jar:6.1.7.Final has been relocated to org.hibernate.validator:hibernate-validator:jar:6.1.7.Final
[INFO] 
[INFO] --- dependency:3.7.0:tree (default-cli) @ webapp ---
[WARNING] The artifact org.hibernate:hibernate-validator:jar:6.1.7.Final has been relocated to org.hibernate.validator:hibernate-validator:jar:6.1.7.Final
[INFO] ai.elimu:webapp:war:2.2.133-SNAPSHOT
[INFO] +- org.apache.logging.log4j:log4j-api:jar:2.18.0:compile
[INFO] +- org.apache.logging.log4j:log4j-core:jar:2.18.0:compile
[INFO] \- org.apache.logging.log4j:log4j-web:jar:2.14.1:compile
[INFO] ------------------------------------------------------------------------
[INFO] BUILD SUCCESS
[INFO] ------------------------------------------------------------------------
[INFO] Total time:  1.341 s
[INFO] Finished at: 2026-08-25T02:44:53+08:00
[INFO] ------------------------------------------------------------------------
