[INFO] Scanning for projects...
[INFO] 
[INFO] ----------< com.internetitem:logback-elasticsearch-appender >-----------
[INFO] Building Logback Elasticsearch Appender 1.7-SNAPSHOT
[INFO]   from pom.xml
[INFO] --------------------------------[ jar ]---------------------------------
[INFO] 
[INFO] --- resources:3.3.1:resources (default-resources) @ logback-elasticsearch-appender ---
[INFO] skip non existing resourceDirectory /home/zhihao/hdd/marshal/benchmarks/cross-repo-pr-impact/results/single-case-pipeline-jackson-core-logback-v2-2026-08-27/replay-work/formal-github-jackson-core-mock-interception--target-logback-elasticsearch/target-a1/src/main/resources
[INFO] 
[INFO] --- compiler:3.5.1:compile (default-compile) @ logback-elasticsearch-appender ---
[INFO] Changes detected - recompiling the module!
[INFO] Compiling 25 source files to /home/zhihao/hdd/marshal/benchmarks/cross-repo-pr-impact/results/single-case-pipeline-jackson-core-logback-v2-2026-08-27/replay-work/formal-github-jackson-core-mock-interception--target-logback-elasticsearch/target-a1/target/classes
[INFO] /home/zhihao/hdd/marshal/benchmarks/cross-repo-pr-impact/results/single-case-pipeline-jackson-core-logback-v2-2026-08-27/replay-work/formal-github-jackson-core-mock-interception--target-logback-elasticsearch/target-a1/src/main/java/com/internetitem/logback/elasticsearch/AbstractElasticsearchPublisher.java: /home/zhihao/hdd/marshal/benchmarks/cross-repo-pr-impact/results/single-case-pipeline-jackson-core-logback-v2-2026-08-27/replay-work/formal-github-jackson-core-mock-interception--target-logback-elasticsearch/target-a1/src/main/java/com/internetitem/logback/elasticsearch/AbstractElasticsearchPublisher.java uses unchecked or unsafe operations.
[INFO] /home/zhihao/hdd/marshal/benchmarks/cross-repo-pr-impact/results/single-case-pipeline-jackson-core-logback-v2-2026-08-27/replay-work/formal-github-jackson-core-mock-interception--target-logback-elasticsearch/target-a1/src/main/java/com/internetitem/logback/elasticsearch/AbstractElasticsearchPublisher.java: Recompile with -Xlint:unchecked for details.
[INFO] 
[INFO] --- resources:3.3.1:testResources (default-testResources) @ logback-elasticsearch-appender ---
[INFO] skip non existing resourceDirectory /home/zhihao/hdd/marshal/benchmarks/cross-repo-pr-impact/results/single-case-pipeline-jackson-core-logback-v2-2026-08-27/replay-work/formal-github-jackson-core-mock-interception--target-logback-elasticsearch/target-a1/src/test/resources
[INFO] 
[INFO] --- compiler:3.5.1:testCompile (default-testCompile) @ logback-elasticsearch-appender ---
[INFO] Changes detected - recompiling the module!
[INFO] Compiling 2 source files to /home/zhihao/hdd/marshal/benchmarks/cross-repo-pr-impact/results/single-case-pipeline-jackson-core-logback-v2-2026-08-27/replay-work/formal-github-jackson-core-mock-interception--target-logback-elasticsearch/target-a1/target/test-classes
[INFO] /home/zhihao/hdd/marshal/benchmarks/cross-repo-pr-impact/results/single-case-pipeline-jackson-core-logback-v2-2026-08-27/replay-work/formal-github-jackson-core-mock-interception--target-logback-elasticsearch/target-a1/src/test/java/com/internetitem/logback/elasticsearch/ElasticsearchAppenderTest.java: /home/zhihao/hdd/marshal/benchmarks/cross-repo-pr-impact/results/single-case-pipeline-jackson-core-logback-v2-2026-08-27/replay-work/formal-github-jackson-core-mock-interception--target-logback-elasticsearch/target-a1/src/test/java/com/internetitem/logback/elasticsearch/ElasticsearchAppenderTest.java uses unchecked or unsafe operations.
[INFO] /home/zhihao/hdd/marshal/benchmarks/cross-repo-pr-impact/results/single-case-pipeline-jackson-core-logback-v2-2026-08-27/replay-work/formal-github-jackson-core-mock-interception--target-logback-elasticsearch/target-a1/src/test/java/com/internetitem/logback/elasticsearch/ElasticsearchAppenderTest.java: Recompile with -Xlint:unchecked for details.
[INFO] 
[INFO] --- surefire:3.2.5:test (default-test) @ logback-elasticsearch-appender ---
[INFO] Using auto detected provider org.apache.maven.surefire.junit4.JUnit4Provider
[INFO] 
[INFO] -------------------------------------------------------
[INFO]  T E S T S
[INFO] -------------------------------------------------------
[INFO] Running com.internetitem.logback.elasticsearch.PropertySerializerTest
[ERROR] Tests run: 8, Failures: 8, Errors: 0, Skipped: 0, Time elapsed: 0.261 s <<< FAILURE! -- in com.internetitem.logback.elasticsearch.PropertySerializerTest
[ERROR] com.internetitem.logback.elasticsearch.PropertySerializerTest.should_serialize_int_as_number -- Time elapsed: 0.070 s <<< FAILURE!
Wanted but not invoked:
jsonGenerator.writeNumber(123);
-> at com.internetitem.logback.elasticsearch.PropertySerializerTest.should_serialize_int_as_number(PropertySerializerTest.java:55)

However, there were other interactions with this mock:
jsonGenerator.writeNumberField(null, 123);
-> at com.internetitem.logback.elasticsearch.PropertySerializer.serializeIntField(PropertySerializer.java:34)


	at com.internetitem.logback.elasticsearch.PropertySerializerTest.should_serialize_int_as_number(PropertySerializerTest.java:55)
	at sun.reflect.NativeMethodAccessorImpl.invoke0(Native Method)
	at sun.reflect.NativeMethodAccessorImpl.invoke(NativeMethodAccessorImpl.java:62)
	at sun.reflect.DelegatingMethodAccessorImpl.invoke(DelegatingMethodAccessorImpl.java:43)
	at java.lang.reflect.Method.invoke(Method.java:498)
	at org.junit.runners.model.FrameworkMethod$1.runReflectiveCall(FrameworkMethod.java:50)
	at org.junit.internal.runners.model.ReflectiveCallable.run(ReflectiveCallable.java:12)
	at org.junit.runners.model.FrameworkMethod.invokeExplosively(FrameworkMethod.java:47)
	at org.junit.internal.runners.statements.InvokeMethod.evaluate(InvokeMethod.java:17)
	at org.junit.runners.ParentRunner.runLeaf(ParentRunner.java:325)
	at org.junit.runners.BlockJUnit4ClassRunner.runChild(BlockJUnit4ClassRunner.java:78)
	at org.junit.runners.BlockJUnit4ClassRunner.runChild(BlockJUnit4ClassRunner.java:57)
	at org.junit.runners.ParentRunner$3.run(ParentRunner.java:290)
	at org.junit.runners.ParentRunner$1.schedule(ParentRunner.java:71)
	at org.junit.runners.ParentRunner.runChildren(ParentRunner.java:288)
	at org.junit.runners.ParentRunner.access$000(ParentRunner.java:58)
	at org.junit.runners.ParentRunner$2.evaluate(ParentRunner.java:268)
	at org.junit.runners.ParentRunner.run(ParentRunner.java:363)
	at org.mockito.internal.runners.JUnit45AndHigherRunnerImpl.run(JUnit45AndHigherRunnerImpl.java:37)
	at org.mockito.runners.MockitoJUnitRunner.run(MockitoJUnitRunner.java:62)
	at org.apache.maven.surefire.junit4.JUnit4Provider.execute(JUnit4Provider.java:316)
	at org.apache.maven.surefire.junit4.JUnit4Provider.executeWithRerun(JUnit4Provider.java:240)
	at org.apache.maven.surefire.junit4.JUnit4Provider.executeTestSet(JUnit4Provider.java:214)
	at org.apache.maven.surefire.junit4.JUnit4Provider.invoke(JUnit4Provider.java:155)
	at org.apache.maven.surefire.booter.ForkedBooter.runSuitesInProcess(ForkedBooter.java:385)
	at org.apache.maven.surefire.booter.ForkedBooter.execute(ForkedBooter.java:162)
	at org.apache.maven.surefire.booter.ForkedBooter.run(ForkedBooter.java:507)
	at org.apache.maven.surefire.booter.ForkedBooter.main(ForkedBooter.java:495)

[ERROR] com.internetitem.logback.elasticsearch.PropertySerializerTest.should_serialize_true_as_boolean -- Time elapsed: 0 s <<< FAILURE!
Wanted but not invoked:
jsonGenerator.writeBoolean(true);
-> at com.internetitem.logback.elasticsearch.PropertySerializerTest.should_serialize_true_as_boolean(PropertySerializerTest.java:111)

However, there were other interactions with this mock:
jsonGenerator.writeBooleanField(null, true);
-> at com.internetitem.logback.elasticsearch.PropertySerializer.serializeBooleanField(PropertySerializer.java:50)


	at com.internetitem.logback.elasticsearch.PropertySerializerTest.should_serialize_true_as_boolean(PropertySerializerTest.java:111)
	at sun.reflect.NativeMethodAccessorImpl.invoke0(Native Method)
	at sun.reflect.NativeMethodAccessorImpl.invoke(NativeMethodAccessorImpl.java:62)
	at sun.reflect.DelegatingMethodAccessorImpl.invoke(DelegatingMethodAccessorImpl.java:43)
	at java.lang.reflect.Method.invoke(Method.java:498)
	at org.junit.runners.model.FrameworkMethod$1.runReflectiveCall(FrameworkMethod.java:50)
	at org.junit.internal.runners.model.ReflectiveCallable.run(ReflectiveCallable.java:12)
	at org.junit.runners.model.FrameworkMethod.invokeExplosively(FrameworkMethod.java:47)
	at org.junit.internal.runners.statements.InvokeMethod.evaluate(InvokeMethod.java:17)
	at org.junit.runners.ParentRunner.runLeaf(ParentRunner.java:325)
	at org.junit.runners.BlockJUnit4ClassRunner.runChild(BlockJUnit4ClassRunner.java:78)
	at org.junit.runners.BlockJUnit4ClassRunner.runChild(BlockJUnit4ClassRunner.java:57)
	at org.junit.runners.ParentRunner$3.run(ParentRunner.java:290)
	at org.junit.runners.ParentRunner$1.schedule(ParentRunner.java:71)
	at org.junit.runners.ParentRunner.runChildren(ParentRunner.java:288)
	at org.junit.runners.ParentRunner.access$000(ParentRunner.java:58)
	at org.junit.runners.ParentRunner$2.evaluate(ParentRunner.java:268)
	at org.junit.runners.ParentRunner.run(ParentRunner.java:363)
	at org.mockito.internal.runners.JUnit45AndHigherRunnerImpl.run(JUnit45AndHigherRunnerImpl.java:37)
	at org.mockito.runners.MockitoJUnitRunner.run(MockitoJUnitRunner.java:62)
	at org.apache.maven.surefire.junit4.JUnit4Provider.execute(JUnit4Provider.java:316)
	at org.apache.maven.surefire.junit4.JUnit4Provider.executeWithRerun(JUnit4Provider.java:240)
	at org.apache.maven.surefire.junit4.JUnit4Provider.executeTestSet(JUnit4Provider.java:214)
	at org.apache.maven.surefire.junit4.JUnit4Provider.invoke(JUnit4Provider.java:155)
	at org.apache.maven.surefire.booter.ForkedBooter.runSuitesInProcess(ForkedBooter.java:385)
	at org.apache.maven.surefire.booter.ForkedBooter.execute(ForkedBooter.java:162)
	at org.apache.maven.surefire.booter.ForkedBooter.run(ForkedBooter.java:507)
	at org.apache.maven.surefire.booter.ForkedBooter.main(ForkedBooter.java:495)

[ERROR] com.internetitem.logback.elasticsearch.PropertySerializerTest.should_default_to_string_type -- Time elapsed: 0.002 s <<< FAILURE!
Wanted but not invoked:
jsonGenerator.writeObject("propertyValue");
-> at com.internetitem.logback.elasticsearch.PropertySerializerTest.should_default_to_string_type(PropertySerializerTest.java:41)

However, there were other interactions with this mock:
jsonGenerator.writeObjectField(
    null,
    "propertyValue"
);
-> at com.internetitem.logback.elasticsearch.PropertySerializer.serializeStringField(PropertySerializer.java:29)


	at com.internetitem.logback.elasticsearch.PropertySerializerTest.should_default_to_string_type(PropertySerializerTest.java:41)
	at sun.reflect.NativeMethodAccessorImpl.invoke0(Native Method)
	at sun.reflect.NativeMethodAccessorImpl.invoke(NativeMethodAccessorImpl.java:62)
	at sun.reflect.DelegatingMethodAccessorImpl.invoke(DelegatingMethodAccessorImpl.java:43)
	at java.lang.reflect.Method.invoke(Method.java:498)
	at org.junit.runners.model.FrameworkMethod$1.runReflectiveCall(FrameworkMethod.java:50)
	at org.junit.internal.runners.model.ReflectiveCallable.run(ReflectiveCallable.java:12)
	at org.junit.runners.model.FrameworkMethod.invokeExplosively(FrameworkMethod.java:47)
	at org.junit.internal.runners.statements.InvokeMethod.evaluate(InvokeMethod.java:17)
	at org.junit.runners.ParentRunner.runLeaf(ParentRunner.java:325)
	at org.junit.runners.BlockJUnit4ClassRunner.runChild(BlockJUnit4ClassRunner.java:78)
	at org.junit.runners.BlockJUnit4ClassRunner.runChild(BlockJUnit4ClassRunner.java:57)
	at org.junit.runners.ParentRunner$3.run(ParentRunner.java:290)
	at org.junit.runners.ParentRunner$1.schedule(ParentRunner.java:71)
	at org.junit.runners.ParentRunner.runChildren(ParentRunner.java:288)
	at org.junit.runners.ParentRunner.access$000(ParentRunner.java:58)
	at org.junit.runners.ParentRunner$2.evaluate(ParentRunner.java:268)
	at org.junit.runners.ParentRunner.run(ParentRunner.java:363)
	at org.mockito.internal.runners.JUnit45AndHigherRunnerImpl.run(JUnit45AndHigherRunnerImpl.java:37)
	at org.mockito.runners.MockitoJUnitRunner.run(MockitoJUnitRunner.java:62)
	at org.apache.maven.surefire.junit4.JUnit4Provider.execute(JUnit4Provider.java:316)
	at org.apache.maven.surefire.junit4.JUnit4Provider.executeWithRerun(JUnit4Provider.java:240)
	at org.apache.maven.surefire.junit4.JUnit4Provider.executeTestSet(JUnit4Provider.java:214)
	at org.apache.maven.surefire.junit4.JUnit4Provider.invoke(JUnit4Provider.java:155)
	at org.apache.maven.surefire.booter.ForkedBooter.runSuitesInProcess(ForkedBooter.java:385)
	at org.apache.maven.surefire.booter.ForkedBooter.execute(ForkedBooter.java:162)
	at org.apache.maven.surefire.booter.ForkedBooter.run(ForkedBooter.java:507)
	at org.apache.maven.surefire.booter.ForkedBooter.main(ForkedBooter.java:495)

[ERROR] com.internetitem.logback.elasticsearch.PropertySerializerTest.should_serialize_object_when_invalid_boolean -- Time elapsed: 0.001 s <<< FAILURE!
Wanted but not invoked:
jsonGenerator.writeObject("AtrueZ");
-> at com.internetitem.logback.elasticsearch.PropertySerializerTest.should_serialize_object_when_invalid_boolean(PropertySerializerTest.java:125)

However, there were other interactions with this mock:
jsonGenerator.writeObjectField(
    null,
    "AtrueZ"
);
-> at com.internetitem.logback.elasticsearch.PropertySerializer.serializeStringField(PropertySerializer.java:29)


	at com.internetitem.logback.elasticsearch.PropertySerializerTest.should_serialize_object_when_invalid_boolean(PropertySerializerTest.java:125)
	at sun.reflect.NativeMethodAccessorImpl.invoke0(Native Method)
	at sun.reflect.NativeMethodAccessorImpl.invoke(NativeMethodAccessorImpl.java:62)
	at sun.reflect.DelegatingMethodAccessorImpl.invoke(DelegatingMethodAccessorImpl.java:43)
	at java.lang.reflect.Method.invoke(Method.java:498)
	at org.junit.runners.model.FrameworkMethod$1.runReflectiveCall(FrameworkMethod.java:50)
	at org.junit.internal.runners.model.ReflectiveCallable.run(ReflectiveCallable.java:12)
	at org.junit.runners.model.FrameworkMethod.invokeExplosively(FrameworkMethod.java:47)
	at org.junit.internal.runners.statements.InvokeMethod.evaluate(InvokeMethod.java:17)
	at org.junit.runners.ParentRunner.runLeaf(ParentRunner.java:325)
	at org.junit.runners.BlockJUnit4ClassRunner.runChild(BlockJUnit4ClassRunner.java:78)
	at org.junit.runners.BlockJUnit4ClassRunner.runChild(BlockJUnit4ClassRunner.java:57)
	at org.junit.runners.ParentRunner$3.run(ParentRunner.java:290)
	at org.junit.runners.ParentRunner$1.schedule(ParentRunner.java:71)
	at org.junit.runners.ParentRunner.runChildren(ParentRunner.java:288)
	at org.junit.runners.ParentRunner.access$000(ParentRunner.java:58)
	at org.junit.runners.ParentRunner$2.evaluate(ParentRunner.java:268)
	at org.junit.runners.ParentRunner.run(ParentRunner.java:363)
	at org.mockito.internal.runners.JUnit45AndHigherRunnerImpl.run(JUnit45AndHigherRunnerImpl.java:37)
	at org.mockito.runners.MockitoJUnitRunner.run(MockitoJUnitRunner.java:62)
	at org.apache.maven.surefire.junit4.JUnit4Provider.execute(JUnit4Provider.java:316)
	at org.apache.maven.surefire.junit4.JUnit4Provider.executeWithRerun(JUnit4Provider.java:240)
	at org.apache.maven.surefire.junit4.JUnit4Provider.executeTestSet(JUnit4Provider.java:214)
	at org.apache.maven.surefire.junit4.JUnit4Provider.invoke(JUnit4Provider.java:155)
	at org.apache.maven.surefire.booter.ForkedBooter.runSuitesInProcess(ForkedBooter.java:385)
	at org.apache.maven.surefire.booter.ForkedBooter.execute(ForkedBooter.java:162)
	at org.apache.maven.surefire.booter.ForkedBooter.run(ForkedBooter.java:507)
	at org.apache.maven.surefire.booter.ForkedBooter.main(ForkedBooter.java:495)

[ERROR] com.internetitem.logback.elasticsearch.PropertySerializerTest.should_serialize_object_when_invalid_type -- Time elapsed: 0.001 s <<< FAILURE!
Wanted but not invoked:
jsonGenerator.writeObject("value");
-> at com.internetitem.logback.elasticsearch.PropertySerializerTest.should_serialize_object_when_invalid_type(PropertySerializerTest.java:139)

However, there were other interactions with this mock:
jsonGenerator.writeObjectField(
    null,
    "value"
);
-> at com.internetitem.logback.elasticsearch.PropertySerializer.serializeStringField(PropertySerializer.java:29)


	at com.internetitem.logback.elasticsearch.PropertySerializerTest.should_serialize_object_when_invalid_type(PropertySerializerTest.java:139)
	at sun.reflect.NativeMethodAccessorImpl.invoke0(Native Method)
	at sun.reflect.NativeMethodAccessorImpl.invoke(NativeMethodAccessorImpl.java:62)
	at sun.reflect.DelegatingMethodAccessorImpl.invoke(DelegatingMethodAccessorImpl.java:43)
	at java.lang.reflect.Method.invoke(Method.java:498)
	at org.junit.runners.model.FrameworkMethod$1.runReflectiveCall(FrameworkMethod.java:50)
	at org.junit.internal.runners.model.ReflectiveCallable.run(ReflectiveCallable.java:12)
	at org.junit.runners.model.FrameworkMethod.invokeExplosively(FrameworkMethod.java:47)
	at org.junit.internal.runners.statements.InvokeMethod.evaluate(InvokeMethod.java:17)
	at org.junit.runners.ParentRunner.runLeaf(ParentRunner.java:325)
	at org.junit.runners.BlockJUnit4ClassRunner.runChild(BlockJUnit4ClassRunner.java:78)
	at org.junit.runners.BlockJUnit4ClassRunner.runChild(BlockJUnit4ClassRunner.java:57)
	at org.junit.runners.ParentRunner$3.run(ParentRunner.java:290)
	at org.junit.runners.ParentRunner$1.schedule(ParentRunner.java:71)
	at org.junit.runners.ParentRunner.runChildren(ParentRunner.java:288)
	at org.junit.runners.ParentRunner.access$000(ParentRunner.java:58)
	at org.junit.runners.ParentRunner$2.evaluate(ParentRunner.java:268)
	at org.junit.runners.ParentRunner.run(ParentRunner.java:363)
	at org.mockito.internal.runners.JUnit45AndHigherRunnerImpl.run(JUnit45AndHigherRunnerImpl.java:37)
	at org.mockito.runners.MockitoJUnitRunner.run(MockitoJUnitRunner.java:62)
	at org.apache.maven.surefire.junit4.JUnit4Provider.execute(JUnit4Provider.java:316)
	at org.apache.maven.surefire.junit4.JUnit4Provider.executeWithRerun(JUnit4Provider.java:240)
	at org.apache.maven.surefire.junit4.JUnit4Provider.executeTestSet(JUnit4Provider.java:214)
	at org.apache.maven.surefire.junit4.JUnit4Provider.invoke(JUnit4Provider.java:155)
	at org.apache.maven.surefire.booter.ForkedBooter.runSuitesInProcess(ForkedBooter.java:385)
	at org.apache.maven.surefire.booter.ForkedBooter.execute(ForkedBooter.java:162)
	at org.apache.maven.surefire.booter.ForkedBooter.run(ForkedBooter.java:507)
	at org.apache.maven.surefire.booter.ForkedBooter.main(ForkedBooter.java:495)

[ERROR] com.internetitem.logback.elasticsearch.PropertySerializerTest.should_serialize_float_as_number -- Time elapsed: 0.001 s <<< FAILURE!
Wanted but not invoked:
jsonGenerator.writeNumber(12.3);
-> at com.internetitem.logback.elasticsearch.PropertySerializerTest.should_serialize_float_as_number(PropertySerializerTest.java:83)

However, there were other interactions with this mock:
jsonGenerator.writeNumberField(null, 12.3);
-> at com.internetitem.logback.elasticsearch.PropertySerializer.serializeFloatField(PropertySerializer.java:42)


	at com.internetitem.logback.elasticsearch.PropertySerializerTest.should_serialize_float_as_number(PropertySerializerTest.java:83)
	at sun.reflect.NativeMethodAccessorImpl.invoke0(Native Method)
	at sun.reflect.NativeMethodAccessorImpl.invoke(NativeMethodAccessorImpl.java:62)
	at sun.reflect.DelegatingMethodAccessorImpl.invoke(DelegatingMethodAccessorImpl.java:43)
	at java.lang.reflect.Method.invoke(Method.java:498)
	at org.junit.runners.model.FrameworkMethod$1.runReflectiveCall(FrameworkMethod.java:50)
	at org.junit.internal.runners.model.ReflectiveCallable.run(ReflectiveCallable.java:12)
	at org.junit.runners.model.FrameworkMethod.invokeExplosively(FrameworkMethod.java:47)
	at org.junit.internal.runners.statements.InvokeMethod.evaluate(InvokeMethod.java:17)
	at org.junit.runners.ParentRunner.runLeaf(ParentRunner.java:325)
	at org.junit.runners.BlockJUnit4ClassRunner.runChild(BlockJUnit4ClassRunner.java:78)
	at org.junit.runners.BlockJUnit4ClassRunner.runChild(BlockJUnit4ClassRunner.java:57)
	at org.junit.runners.ParentRunner$3.run(ParentRunner.java:290)
	at org.junit.runners.ParentRunner$1.schedule(ParentRunner.java:71)
	at org.junit.runners.ParentRunner.runChildren(ParentRunner.java:288)
	at org.junit.runners.ParentRunner.access$000(ParentRunner.java:58)
	at org.junit.runners.ParentRunner$2.evaluate(ParentRunner.java:268)
	at org.junit.runners.ParentRunner.run(ParentRunner.java:363)
	at org.mockito.internal.runners.JUnit45AndHigherRunnerImpl.run(JUnit45AndHigherRunnerImpl.java:37)
	at org.mockito.runners.MockitoJUnitRunner.run(MockitoJUnitRunner.java:62)
	at org.apache.maven.surefire.junit4.JUnit4Provider.execute(JUnit4Provider.java:316)
	at org.apache.maven.surefire.junit4.JUnit4Provider.executeWithRerun(JUnit4Provider.java:240)
	at org.apache.maven.surefire.junit4.JUnit4Provider.executeTestSet(JUnit4Provider.java:214)
	at org.apache.maven.surefire.junit4.JUnit4Provider.invoke(JUnit4Provider.java:155)
	at org.apache.maven.surefire.booter.ForkedBooter.runSuitesInProcess(ForkedBooter.java:385)
	at org.apache.maven.surefire.booter.ForkedBooter.execute(ForkedBooter.java:162)
	at org.apache.maven.surefire.booter.ForkedBooter.run(ForkedBooter.java:507)
	at org.apache.maven.surefire.booter.ForkedBooter.main(ForkedBooter.java:495)

[ERROR] com.internetitem.logback.elasticsearch.PropertySerializerTest.should_serialize_object_when_invalid_int -- Time elapsed: 0.001 s <<< FAILURE!
Wanted but not invoked:
jsonGenerator.writeObject("A123Z");
-> at com.internetitem.logback.elasticsearch.PropertySerializerTest.should_serialize_object_when_invalid_int(PropertySerializerTest.java:69)

However, there were other interactions with this mock:
jsonGenerator.writeObjectField(
    null,
    "A123Z"
);
-> at com.internetitem.logback.elasticsearch.PropertySerializer.serializeStringField(PropertySerializer.java:29)


	at com.internetitem.logback.elasticsearch.PropertySerializerTest.should_serialize_object_when_invalid_int(PropertySerializerTest.java:69)
	at sun.reflect.NativeMethodAccessorImpl.invoke0(Native Method)
	at sun.reflect.NativeMethodAccessorImpl.invoke(NativeMethodAccessorImpl.java:62)
	at sun.reflect.DelegatingMethodAccessorImpl.invoke(DelegatingMethodAccessorImpl.java:43)
	at java.lang.reflect.Method.invoke(Method.java:498)
	at org.junit.runners.model.FrameworkMethod$1.runReflectiveCall(FrameworkMethod.java:50)
	at org.junit.internal.runners.model.ReflectiveCallable.run(ReflectiveCallable.java:12)
	at org.junit.runners.model.FrameworkMethod.invokeExplosively(FrameworkMethod.java:47)
	at org.junit.internal.runners.statements.InvokeMethod.evaluate(InvokeMethod.java:17)
	at org.junit.runners.ParentRunner.runLeaf(ParentRunner.java:325)
	at org.junit.runners.BlockJUnit4ClassRunner.runChild(BlockJUnit4ClassRunner.java:78)
	at org.junit.runners.BlockJUnit4ClassRunner.runChild(BlockJUnit4ClassRunner.java:57)
	at org.junit.runners.ParentRunner$3.run(ParentRunner.java:290)
	at org.junit.runners.ParentRunner$1.schedule(ParentRunner.java:71)
	at org.junit.runners.ParentRunner.runChildren(ParentRunner.java:288)
	at org.junit.runners.ParentRunner.access$000(ParentRunner.java:58)
	at org.junit.runners.ParentRunner$2.evaluate(ParentRunner.java:268)
	at org.junit.runners.ParentRunner.run(ParentRunner.java:363)
	at org.mockito.internal.runners.JUnit45AndHigherRunnerImpl.run(JUnit45AndHigherRunnerImpl.java:37)
	at org.mockito.runners.MockitoJUnitRunner.run(MockitoJUnitRunner.java:62)
	at org.apache.maven.surefire.junit4.JUnit4Provider.execute(JUnit4Provider.java:316)
	at org.apache.maven.surefire.junit4.JUnit4Provider.executeWithRerun(JUnit4Provider.java:240)
	at org.apache.maven.surefire.junit4.JUnit4Provider.executeTestSet(JUnit4Provider.java:214)
	at org.apache.maven.surefire.junit4.JUnit4Provider.invoke(JUnit4Provider.java:155)
	at org.apache.maven.surefire.booter.ForkedBooter.runSuitesInProcess(ForkedBooter.java:385)
	at org.apache.maven.surefire.booter.ForkedBooter.execute(ForkedBooter.java:162)
	at org.apache.maven.surefire.booter.ForkedBooter.run(ForkedBooter.java:507)
	at org.apache.maven.surefire.booter.ForkedBooter.main(ForkedBooter.java:495)

[ERROR] com.internetitem.logback.elasticsearch.PropertySerializerTest.should_serialize_object_when_invalid_float -- Time elapsed: 0.001 s <<< FAILURE!
Wanted but not invoked:
jsonGenerator.writeObject("A12.30Z");
-> at com.internetitem.logback.elasticsearch.PropertySerializerTest.should_serialize_object_when_invalid_float(PropertySerializerTest.java:97)

However, there were other interactions with this mock:
jsonGenerator.writeObjectField(
    null,
    "A12.30Z"
);
-> at com.internetitem.logback.elasticsearch.PropertySerializer.serializeStringField(PropertySerializer.java:29)


	at com.internetitem.logback.elasticsearch.PropertySerializerTest.should_serialize_object_when_invalid_float(PropertySerializerTest.java:97)
	at sun.reflect.NativeMethodAccessorImpl.invoke0(Native Method)
	at sun.reflect.NativeMethodAccessorImpl.invoke(NativeMethodAccessorImpl.java:62)
	at sun.reflect.DelegatingMethodAccessorImpl.invoke(DelegatingMethodAccessorImpl.java:43)
	at java.lang.reflect.Method.invoke(Method.java:498)
	at org.junit.runners.model.FrameworkMethod$1.runReflectiveCall(FrameworkMethod.java:50)
	at org.junit.internal.runners.model.ReflectiveCallable.run(ReflectiveCallable.java:12)
	at org.junit.runners.model.FrameworkMethod.invokeExplosively(FrameworkMethod.java:47)
	at org.junit.internal.runners.statements.InvokeMethod.evaluate(InvokeMethod.java:17)
	at org.junit.runners.ParentRunner.runLeaf(ParentRunner.java:325)
	at org.junit.runners.BlockJUnit4ClassRunner.runChild(BlockJUnit4ClassRunner.java:78)
	at org.junit.runners.BlockJUnit4ClassRunner.runChild(BlockJUnit4ClassRunner.java:57)
	at org.junit.runners.ParentRunner$3.run(ParentRunner.java:290)
	at org.junit.runners.ParentRunner$1.schedule(ParentRunner.java:71)
	at org.junit.runners.ParentRunner.runChildren(ParentRunner.java:288)
	at org.junit.runners.ParentRunner.access$000(ParentRunner.java:58)
	at org.junit.runners.ParentRunner$2.evaluate(ParentRunner.java:268)
	at org.junit.runners.ParentRunner.run(ParentRunner.java:363)
	at org.mockito.internal.runners.JUnit45AndHigherRunnerImpl.run(JUnit45AndHigherRunnerImpl.java:37)
	at org.mockito.runners.MockitoJUnitRunner.run(MockitoJUnitRunner.java:62)
	at org.apache.maven.surefire.junit4.JUnit4Provider.execute(JUnit4Provider.java:316)
	at org.apache.maven.surefire.junit4.JUnit4Provider.executeWithRerun(JUnit4Provider.java:240)
	at org.apache.maven.surefire.junit4.JUnit4Provider.executeTestSet(JUnit4Provider.java:214)
	at org.apache.maven.surefire.junit4.JUnit4Provider.invoke(JUnit4Provider.java:155)
	at org.apache.maven.surefire.booter.ForkedBooter.runSuitesInProcess(ForkedBooter.java:385)
	at org.apache.maven.surefire.booter.ForkedBooter.execute(ForkedBooter.java:162)
	at org.apache.maven.surefire.booter.ForkedBooter.run(ForkedBooter.java:507)
	at org.apache.maven.surefire.booter.ForkedBooter.main(ForkedBooter.java:495)

[INFO] 
[INFO] Results:
[INFO] 
[ERROR] Failures: 
[ERROR]   PropertySerializerTest.should_default_to_string_type:41 
Wanted but not invoked:
jsonGenerator.writeObject("propertyValue");
-> at com.internetitem.logback.elasticsearch.PropertySerializerTest.should_default_to_string_type(PropertySerializerTest.java:41)

However, there were other interactions with this mock:
jsonGenerator.writeObjectField(
    null,
    "propertyValue"
);
-> at com.internetitem.logback.elasticsearch.PropertySerializer.serializeStringField(PropertySerializer.java:29)


[ERROR]   PropertySerializerTest.should_serialize_float_as_number:83 
Wanted but not invoked:
jsonGenerator.writeNumber(12.3);
-> at com.internetitem.logback.elasticsearch.PropertySerializerTest.should_serialize_float_as_number(PropertySerializerTest.java:83)

However, there were other interactions with this mock:
jsonGenerator.writeNumberField(null, 12.3);
-> at com.internetitem.logback.elasticsearch.PropertySerializer.serializeFloatField(PropertySerializer.java:42)


[ERROR]   PropertySerializerTest.should_serialize_int_as_number:55 
Wanted but not invoked:
jsonGenerator.writeNumber(123);
-> at com.internetitem.logback.elasticsearch.PropertySerializerTest.should_serialize_int_as_number(PropertySerializerTest.java:55)

However, there were other interactions with this mock:
jsonGenerator.writeNumberField(null, 123);
-> at com.internetitem.logback.elasticsearch.PropertySerializer.serializeIntField(PropertySerializer.java:34)


[ERROR]   PropertySerializerTest.should_serialize_object_when_invalid_boolean:125 
Wanted but not invoked:
jsonGenerator.writeObject("AtrueZ");
-> at com.internetitem.logback.elasticsearch.PropertySerializerTest.should_serialize_object_when_invalid_boolean(PropertySerializerTest.java:125)

However, there were other interactions with this mock:
jsonGenerator.writeObjectField(
    null,
    "AtrueZ"
);
-> at com.internetitem.logback.elasticsearch.PropertySerializer.serializeStringField(PropertySerializer.java:29)


[ERROR]   PropertySerializerTest.should_serialize_object_when_invalid_float:97 
Wanted but not invoked:
jsonGenerator.writeObject("A12.30Z");
-> at com.internetitem.logback.elasticsearch.PropertySerializerTest.should_serialize_object_when_invalid_float(PropertySerializerTest.java:97)

However, there were other interactions with this mock:
jsonGenerator.writeObjectField(
    null,
    "A12.30Z"
);
-> at com.internetitem.logback.elasticsearch.PropertySerializer.serializeStringField(PropertySerializer.java:29)


[ERROR]   PropertySerializerTest.should_serialize_object_when_invalid_int:69 
Wanted but not invoked:
jsonGenerator.writeObject("A123Z");
-> at com.internetitem.logback.elasticsearch.PropertySerializerTest.should_serialize_object_when_invalid_int(PropertySerializerTest.java:69)

However, there were other interactions with this mock:
jsonGenerator.writeObjectField(
    null,
    "A123Z"
);
-> at com.internetitem.logback.elasticsearch.PropertySerializer.serializeStringField(PropertySerializer.java:29)


[ERROR]   PropertySerializerTest.should_serialize_object_when_invalid_type:139 
Wanted but not invoked:
jsonGenerator.writeObject("value");
-> at com.internetitem.logback.elasticsearch.PropertySerializerTest.should_serialize_object_when_invalid_type(PropertySerializerTest.java:139)

However, there were other interactions with this mock:
jsonGenerator.writeObjectField(
    null,
    "value"
);
-> at com.internetitem.logback.elasticsearch.PropertySerializer.serializeStringField(PropertySerializer.java:29)


[ERROR]   PropertySerializerTest.should_serialize_true_as_boolean:111 
Wanted but not invoked:
jsonGenerator.writeBoolean(true);
-> at com.internetitem.logback.elasticsearch.PropertySerializerTest.should_serialize_true_as_boolean(PropertySerializerTest.java:111)

However, there were other interactions with this mock:
jsonGenerator.writeBooleanField(null, true);
-> at com.internetitem.logback.elasticsearch.PropertySerializer.serializeBooleanField(PropertySerializer.java:50)


[INFO] 
[ERROR] Tests run: 8, Failures: 8, Errors: 0, Skipped: 0
[INFO] 
[INFO] ------------------------------------------------------------------------
[INFO] BUILD FAILURE
[INFO] ------------------------------------------------------------------------
[INFO] Total time:  2.183 s
[INFO] Finished at: 2026-08-27T09:22:09+08:00
[INFO] ------------------------------------------------------------------------
[ERROR] Failed to execute goal org.apache.maven.plugins:maven-surefire-plugin:3.2.5:test (default-test) on project logback-elasticsearch-appender: There are test failures.
[ERROR] 
[ERROR] Please refer to /home/zhihao/hdd/marshal/benchmarks/cross-repo-pr-impact/results/single-case-pipeline-jackson-core-logback-v2-2026-08-27/replay-work/formal-github-jackson-core-mock-interception--target-logback-elasticsearch/target-a1/target/surefire-reports for the individual test results.
[ERROR] Please refer to dump files (if any exist) [date].dump, [date]-jvmRun[N].dump and [date].dumpstream.
[ERROR] -> [Help 1]
[ERROR] 
[ERROR] To see the full stack trace of the errors, re-run Maven with the -e switch.
[ERROR] Re-run Maven using the -X switch to enable full debug logging.
[ERROR] 
[ERROR] For more information about the errors and possible solutions, please read the following articles:
[ERROR] [Help 1] http://cwiki.apache.org/confluence/display/MAVEN/MojoFailureException
