2026-08-30 00:50:49.573 973809 INFO oslo_service.periodic_task [None req-859d6355-0f7f-4cae-9a17-5a1996ed4095 - - - - - -] Skipping periodic task _discover_hosts_in_cells because its interval is negative
2026-08-30 00:50:49.572 973803 INFO oslo_service.periodic_task [None req-d3d3dbc1-954f-472d-a1fe-a382f81b4bdb - - - - - -] Skipping periodic task _discover_hosts_in_cells because its interval is negative
2026-08-30 00:50:49.580 973813 INFO oslo_service.periodic_task [None req-98b73286-223e-4b05-9892-724c2c810d68 - - - - - -] Skipping periodic task _discover_hosts_in_cells because its interval is negative
2026-08-30 00:50:49.582 973798 INFO oslo_service.periodic_task [None req-56d0a373-d74f-47a1-b510-92f649b4c180 - - - - - -] Skipping periodic task _discover_hosts_in_cells because its interval is negative
2026-08-30 00:50:49.592 973810 INFO oslo_service.periodic_task [None req-fccab3d9-b4d6-4c32-baf0-6e214a229401 - - - - - -] Skipping periodic task _discover_hosts_in_cells because its interval is negative
2026-08-30 00:50:49.597 973804 INFO oslo_service.periodic_task [None req-a8d41306-7c67-4e38-a0db-45a616d69542 - - - - - -] Skipping periodic task _discover_hosts_in_cells because its interval is negative
2026-08-30 00:50:49.598 973806 INFO oslo_service.periodic_task [None req-5bae5ee7-7202-469a-a74d-b3a000e69477 - - - - - -] Skipping periodic task _discover_hosts_in_cells because its interval is negative
2026-08-30 00:50:49.600 973799 INFO oslo_service.periodic_task [None req-80a14e7e-1668-410f-933d-b8c39eca198a - - - - - -] Skipping periodic task _discover_hosts_in_cells because its interval is negative
2026-08-30 00:50:49.603 973802 INFO oslo_service.periodic_task [None req-26b5b057-2206-4a2e-a89c-c18ae55b9652 - - - - - -] Skipping periodic task _discover_hosts_in_cells because its interval is negative
2026-08-30 00:50:49.605 973800 INFO oslo_service.periodic_task [None req-5d2178e4-89b6-40c9-a66e-c75847990f5f - - - - - -] Skipping periodic task _discover_hosts_in_cells because its interval is negative
2026-08-30 00:50:49.608 973801 INFO oslo_service.periodic_task [None req-1dfde6c4-ca1c-4d31-a541-aaea3bd3726b - - - - - -] Skipping periodic task _discover_hosts_in_cells because its interval is negative
2026-08-30 00:50:49.603 973814 INFO oslo_service.periodic_task [None req-ef9073aa-5091-4943-b756-2a135b9a697b - - - - - -] Skipping periodic task _discover_hosts_in_cells because its interval is negative
2026-08-30 00:50:49.606 973807 INFO oslo_service.periodic_task [None req-782818e2-4519-406f-bd78-b19be838ec6e - - - - - -] Skipping periodic task _discover_hosts_in_cells because its interval is negative
2026-08-30 00:50:49.607 973811 INFO oslo_service.periodic_task [None req-ac9a7983-cff8-4b0d-9695-949d0e14c569 - - - - - -] Skipping periodic task _discover_hosts_in_cells because its interval is negative
2026-08-30 00:50:49.610 973808 INFO oslo_service.periodic_task [None req-9e58879b-f51f-403b-925f-4976673a093d - - - - - -] Skipping periodic task _discover_hosts_in_cells because its interval is negative
2026-08-30 00:50:49.605 973797 INFO oslo_service.periodic_task [None req-74d10844-dd25-4794-b42d-4389df4c6aee - - - - - -] Skipping periodic task _discover_hosts_in_cells because its interval is negative
2026-08-30 00:50:49.608 973812 INFO oslo_service.periodic_task [None req-71cfdd6e-360f-40f2-aa48-3173256d9e45 - - - - - -] Skipping periodic task _discover_hosts_in_cells because its interval is negative
2026-08-30 00:50:49.663 973805 INFO oslo_service.periodic_task [None req-bda4c070-686d-46a7-bf57-a3cdefc6d758 - - - - - -] Skipping periodic task _discover_hosts_in_cells because its interval is negative
{0} nova.tests.functional.test_report_client.SchedulerReportClientTests.test_allocation_candidates_root_traits_2 [48.876153s] ... ok
{6} nova.tests.functional.test_report_client.SchedulerReportClientTests.test_allocation_candidates_root_traits_3 [48.839761s] ... ok
{5} nova.tests.functional.test_report_client.SchedulerReportClientTests.test_non_tree_aggregate_membership [49.133370s] ... ok
{2} nova.tests.functional.test_report_client.SchedulerReportClientTests.test_get_provider_tree_with_nested_and_aggregates [50.662443s] ... ok
{16} nova.tests.functional.test_report_client.SchedulerReportClientTests.test_alloc_cands_smoke [50.620343s] ... ok
{15} nova.tests.functional.test_report_client.SchedulerReportClientTests.test_update_from_provider_tree_reshape_conflict_retry [50.734386s] ... ok
{7} nova.tests.functional.test_report_client.SchedulerReportClientTests.test_global_request_id [50.763572s] ... ok
{10} nova.tests.functional.test_report_client.SchedulerReportClientTests.test__set_inventory_reserved_eq_total [50.769864s] ... ok
{1} nova.tests.functional.test_report_client.SchedulerReportClientTests.test_allocation_candidates_root_traits_4 [50.759844s] ... ok
{3} nova.tests.functional.test_report_client.SchedulerReportClientTests.test_set_inventory_for_provider [51.032764s] ... ok
{4} nova.tests.functional.test_report_client.SchedulerReportClientTests.test_update_from_provider_tree [51.083931s] ... ok
{8} nova.tests.functional.test_report_client.SchedulerReportClientTests.test_reshape [51.069010s] ... ok
{12} nova.tests.functional.test_report_client.SchedulerReportClientTests.test_client_report_smoke [51.835557s] ... ok
{11} nova.tests.functional.test_report_client.SchedulerReportClientTests.test_allocation_candidates_mappings [52.217058s] ... ok
{13} nova.tests.functional.test_report_client.SchedulerReportClientTests.test_get_allocations_for_provider_tree [52.337059s] ... ok
{17} nova.tests.functional.test_report_client.SchedulerReportClientTests.test_allocation_candidates_root_traits_1 [53.052623s] ... ok
{14} nova.tests.functional.test_report_client.SchedulerReportClientTests.test_allocation_candidates_root_traits_5 [53.107245s] ... ok
{9} nova.tests.functional.test_report_client.SchedulerReportClientTests.test_update_from_provider_tree_reshape [53.764681s] ... ok

======
Totals
======
Ran: 18 tests in 53.7661 sec.
 - Passed: 18
 - Skipped: 0
 - Expected Fail: 0
 - Unexpected Success: 0
 - Failed: 0
Sum of execute time for each test: 920.6597 sec.

==============
Worker Balance
==============
 - Worker 0 (1 tests) => 0:00:48.876153
 - Worker 1 (1 tests) => 0:00:50.759844
 - Worker 2 (1 tests) => 0:00:50.662443
 - Worker 3 (1 tests) => 0:00:51.032764
 - Worker 4 (1 tests) => 0:00:51.083931
 - Worker 5 (1 tests) => 0:00:49.133370
 - Worker 6 (1 tests) => 0:00:48.839761
 - Worker 7 (1 tests) => 0:00:50.763572
 - Worker 8 (1 tests) => 0:00:51.069010
 - Worker 9 (1 tests) => 0:00:53.764681
 - Worker 10 (1 tests) => 0:00:50.769864
 - Worker 11 (1 tests) => 0:00:52.217058
 - Worker 12 (1 tests) => 0:00:51.835557
 - Worker 13 (1 tests) => 0:00:52.337059
 - Worker 14 (1 tests) => 0:00:53.107245
 - Worker 15 (1 tests) => 0:00:50.734386
 - Worker 16 (1 tests) => 0:00:50.620343
 - Worker 17 (1 tests) => 0:00:53.052623
