
=========================
Failures during discovery
=========================
--- import errors ---
Failed to import test module: heat.tests.convergence.test_converge
Traceback (most recent call last):
  File "/home/zhihao/.local/share/uv/python/cpython-3.10.19-linux-x86_64-gnu/lib/python3.10/unittest/loader.py", line 436, in _find_test_path
    module = self._get_module_from_name(name)
  File "/home/zhihao/.local/share/uv/python/cpython-3.10.19-linux-x86_64-gnu/lib/python3.10/unittest/loader.py", line 377, in _get_module_from_name
    __import__(name)
  File "/home/zhihao/hdd/marshal/benchmarks/cross-repo-pr-impact/results/single-case-pipeline-958742-958773-v1-2026-08-27/replay-work/formal-opendev-958742--target-958773/target-a1/heat/tests/convergence/test_converge.py", line 20, in <module>
    from heat.tests.convergence.framework import processes
  File "/home/zhihao/hdd/marshal/benchmarks/cross-repo-pr-impact/results/single-case-pipeline-958742-958773-v1-2026-08-27/replay-work/formal-opendev-958742--target-958773/target-a1/heat/tests/convergence/framework/processes.py", line 14, in <module>
    from heat.tests.convergence.framework import engine_wrapper
  File "/home/zhihao/hdd/marshal/benchmarks/cross-repo-pr-impact/results/single-case-pipeline-958742-958773-v1-2026-08-27/replay-work/formal-opendev-958742--target-958773/target-a1/heat/tests/convergence/framework/engine_wrapper.py", line 15, in <module>
    from heat.engine import service
  File "/home/zhihao/hdd/marshal/benchmarks/cross-repo-pr-impact/results/single-case-pipeline-958742-958773-v1-2026-08-27/replay-work/formal-opendev-958742--target-958773/target-a1/heat/engine/service.py", line 33, in <module>
    from oslo_service.backend.threading import threadgroup
ModuleNotFoundError: No module named 'oslo_service.backend.threading'

Failed to import test module: heat.tests.engine.service.test_service_engine
Traceback (most recent call last):
  File "/home/zhihao/.local/share/uv/python/cpython-3.10.19-linux-x86_64-gnu/lib/python3.10/unittest/loader.py", line 436, in _find_test_path
    module = self._get_module_from_name(name)
  File "/home/zhihao/.local/share/uv/python/cpython-3.10.19-linux-x86_64-gnu/lib/python3.10/unittest/loader.py", line 377, in _get_module_from_name
    __import__(name)
  File "/home/zhihao/hdd/marshal/benchmarks/cross-repo-pr-impact/results/single-case-pipeline-958742-958773-v1-2026-08-27/replay-work/formal-opendev-958742--target-958773/target-a1/heat/tests/engine/service/test_service_engine.py", line 22, in <module>
    from heat.engine import service
  File "/home/zhihao/hdd/marshal/benchmarks/cross-repo-pr-impact/results/single-case-pipeline-958742-958773-v1-2026-08-27/replay-work/formal-opendev-958742--target-958773/target-a1/heat/engine/service.py", line 33, in <module>
    from oslo_service.backend.threading import threadgroup
ModuleNotFoundError: No module named 'oslo_service.backend.threading'

Failed to import test module: heat.tests.engine.service.test_software_config
Traceback (most recent call last):
  File "/home/zhihao/.local/share/uv/python/cpython-3.10.19-linux-x86_64-gnu/lib/python3.10/unittest/loader.py", line 436, in _find_test_path
    module = self._get_module_from_name(name)
  File "/home/zhihao/.local/share/uv/python/cpython-3.10.19-linux-x86_64-gnu/lib/python3.10/unittest/loader.py", line 377, in _get_module_from_name
    __import__(name)
  File "/home/zhihao/hdd/marshal/benchmarks/cross-repo-pr-impact/results/single-case-pipeline-958742-958773-v1-2026-08-27/replay-work/formal-opendev-958742--target-958773/target-a1/heat/tests/engine/service/test_software_config.py", line 29, in <module>
    from heat.engine import service
  File "/home/zhihao/hdd/marshal/benchmarks/cross-repo-pr-impact/results/single-case-pipeline-958742-958773-v1-2026-08-27/replay-work/formal-opendev-958742--target-958773/target-a1/heat/engine/service.py", line 33, in <module>
    from oslo_service.backend.threading import threadgroup
ModuleNotFoundError: No module named 'oslo_service.backend.threading'

Failed to import test module: heat.tests.engine.service.test_stack_action
Traceback (most recent call last):
  File "/home/zhihao/.local/share/uv/python/cpython-3.10.19-linux-x86_64-gnu/lib/python3.10/unittest/loader.py", line 436, in _find_test_path
    module = self._get_module_from_name(name)
  File "/home/zhihao/.local/share/uv/python/cpython-3.10.19-linux-x86_64-gnu/lib/python3.10/unittest/loader.py", line 377, in _get_module_from_name
    __import__(name)
  File "/home/zhihao/hdd/marshal/benchmarks/cross-repo-pr-impact/results/single-case-pipeline-958742-958773-v1-2026-08-27/replay-work/formal-opendev-958742--target-958773/target-a1/heat/tests/engine/service/test_stack_action.py", line 19, in <module>
    from heat.engine import service
  File "/home/zhihao/hdd/marshal/benchmarks/cross-repo-pr-impact/results/single-case-pipeline-958742-958773-v1-2026-08-27/replay-work/formal-opendev-958742--target-958773/target-a1/heat/engine/service.py", line 33, in <module>
    from oslo_service.backend.threading import threadgroup
ModuleNotFoundError: No module named 'oslo_service.backend.threading'

Failed to import test module: heat.tests.engine.service.test_stack_adopt
Traceback (most recent call last):
  File "/home/zhihao/.local/share/uv/python/cpython-3.10.19-linux-x86_64-gnu/lib/python3.10/unittest/loader.py", line 436, in _find_test_path
    module = self._get_module_from_name(name)
  File "/home/zhihao/.local/share/uv/python/cpython-3.10.19-linux-x86_64-gnu/lib/python3.10/unittest/loader.py", line 377, in _get_module_from_name
    __import__(name)
  File "/home/zhihao/hdd/marshal/benchmarks/cross-repo-pr-impact/results/single-case-pipeline-958742-958773-v1-2026-08-27/replay-work/formal-opendev-958742--target-958773/target-a1/heat/tests/engine/service/test_stack_adopt.py", line 20, in <module>
    from heat.engine import service
  File "/home/zhihao/hdd/marshal/benchmarks/cross-repo-pr-impact/results/single-case-pipeline-958742-958773-v1-2026-08-27/replay-work/formal-opendev-958742--target-958773/target-a1/heat/engine/service.py", line 33, in <module>
    from oslo_service.backend.threading import threadgroup
ModuleNotFoundError: No module named 'oslo_service.backend.threading'

Failed to import test module: heat.tests.engine.service.test_stack_create
Traceback (most recent call last):
  File "/home/zhihao/.local/share/uv/python/cpython-3.10.19-linux-x86_64-gnu/lib/python3.10/unittest/loader.py", line 436, in _find_test_path
    module = self._get_module_from_name(name)
  File "/home/zhihao/.local/share/uv/python/cpython-3.10.19-linux-x86_64-gnu/lib/python3.10/unittest/loader.py", line 377, in _get_module_from_name
    __import__(name)
  File "/home/zhihao/hdd/marshal/benchmarks/cross-repo-pr-impact/results/single-case-pipeline-958742-958773-v1-2026-08-27/replay-work/formal-opendev-958742--target-958773/target-a1/heat/tests/engine/service/test_stack_create.py", line 29, in <module>
    from heat.engine import service
  File "/home/zhihao/hdd/marshal/benchmarks/cross-repo-pr-impact/results/single-case-pipeline-958742-958773-v1-2026-08-27/replay-work/formal-opendev-958742--target-958773/target-a1/heat/engine/service.py", line 33, in <module>
    from oslo_service.backend.threading import threadgroup
ModuleNotFoundError: No module named 'oslo_service.backend.threading'

Failed to import test module: heat.tests.engine.service.test_stack_delete
Traceback (most recent call last):
  File "/home/zhihao/.local/share/uv/python/cpython-3.10.19-linux-x86_64-gnu/lib/python3.10/unittest/loader.py", line 436, in _find_test_path
    module = self._get_module_from_name(name)
  File "/home/zhihao/.local/share/uv/python/cpython-3.10.19-linux-x86_64-gnu/lib/python3.10/unittest/loader.py", line 377, in _get_module_from_name
    __import__(name)
  File "/home/zhihao/hdd/marshal/benchmarks/cross-repo-pr-impact/results/single-case-pipeline-958742-958773-v1-2026-08-27/replay-work/formal-opendev-958742--target-958773/target-a1/heat/tests/engine/service/test_stack_delete.py", line 23, in <module>
    from heat.engine import service
  File "/home/zhihao/hdd/marshal/benchmarks/cross-repo-pr-impact/results/single-case-pipeline-958742-958773-v1-2026-08-27/replay-work/formal-opendev-958742--target-958773/target-a1/heat/engine/service.py", line 33, in <module>
    from oslo_service.backend.threading import threadgroup
ModuleNotFoundError: No module named 'oslo_service.backend.threading'

Failed to import test module: heat.tests.engine.service.test_stack_events
Traceback (most recent call last):
  File "/home/zhihao/.local/share/uv/python/cpython-3.10.19-linux-x86_64-gnu/lib/python3.10/unittest/loader.py", line 436, in _find_test_path
    module = self._get_module_from_name(name)
  File "/home/zhihao/.local/share/uv/python/cpython-3.10.19-linux-x86_64-gnu/lib/python3.10/unittest/loader.py", line 377, in _get_module_from_name
    __import__(name)
  File "/home/zhihao/hdd/marshal/benchmarks/cross-repo-pr-impact/results/single-case-pipeline-958742-958773-v1-2026-08-27/replay-work/formal-opendev-958742--target-958773/target-a1/heat/tests/engine/service/test_stack_events.py", line 22, in <module>
    from heat.engine import service
  File "/home/zhihao/hdd/marshal/benchmarks/cross-repo-pr-impact/results/single-case-pipeline-958742-958773-v1-2026-08-27/replay-work/formal-opendev-958742--target-958773/target-a1/heat/engine/service.py", line 33, in <module>
    from oslo_service.backend.threading import threadgroup
ModuleNotFoundError: No module named 'oslo_service.backend.threading'

Failed to import test module: heat.tests.engine.service.test_stack_resources
Traceback (most recent call last):
  File "/home/zhihao/.local/share/uv/python/cpython-3.10.19-linux-x86_64-gnu/lib/python3.10/unittest/loader.py", line 436, in _find_test_path
    module = self._get_module_from_name(name)
  File "/home/zhihao/.local/share/uv/python/cpython-3.10.19-linux-x86_64-gnu/lib/python3.10/unittest/loader.py", line 377, in _get_module_from_name
    __import__(name)
  File "/home/zhihao/hdd/marshal/benchmarks/cross-repo-pr-impact/results/single-case-pipeline-958742-958773-v1-2026-08-27/replay-work/formal-opendev-958742--target-958773/target-a1/heat/tests/engine/service/test_stack_resources.py", line 26, in <module>
    from heat.engine import service
  File "/home/zhihao/hdd/marshal/benchmarks/cross-repo-pr-impact/results/single-case-pipeline-958742-958773-v1-2026-08-27/replay-work/formal-opendev-958742--target-958773/target-a1/heat/engine/service.py", line 33, in <module>
    from oslo_service.backend.threading import threadgroup
ModuleNotFoundError: No module named 'oslo_service.backend.threading'

Failed to import test module: heat.tests.engine.service.test_stack_snapshot
Traceback (most recent call last):
  File "/home/zhihao/.local/share/uv/python/cpython-3.10.19-linux-x86_64-gnu/lib/python3.10/unittest/loader.py", line 436, in _find_test_path
    module = self._get_module_from_name(name)
  File "/home/zhihao/.local/share/uv/python/cpython-3.10.19-linux-x86_64-gnu/lib/python3.10/unittest/loader.py", line 377, in _get_module_from_name
    __import__(name)
  File "/home/zhihao/hdd/marshal/benchmarks/cross-repo-pr-impact/results/single-case-pipeline-958742-958773-v1-2026-08-27/replay-work/formal-opendev-958742--target-958773/target-a1/heat/tests/engine/service/test_stack_snapshot.py", line 22, in <module>
    from heat.engine import service
  File "/home/zhihao/hdd/marshal/benchmarks/cross-repo-pr-impact/results/single-case-pipeline-958742-958773-v1-2026-08-27/replay-work/formal-opendev-958742--target-958773/target-a1/heat/engine/service.py", line 33, in <module>
    from oslo_service.backend.threading import threadgroup
ModuleNotFoundError: No module named 'oslo_service.backend.threading'

Failed to import test module: heat.tests.engine.service.test_stack_update
Traceback (most recent call last):
  File "/home/zhihao/.local/share/uv/python/cpython-3.10.19-linux-x86_64-gnu/lib/python3.10/unittest/loader.py", line 436, in _find_test_path
    module = self._get_module_from_name(name)
  File "/home/zhihao/.local/share/uv/python/cpython-3.10.19-linux-x86_64-gnu/lib/python3.10/unittest/loader.py", line 377, in _get_module_from_name
    __import__(name)
  File "/home/zhihao/hdd/marshal/benchmarks/cross-repo-pr-impact/results/single-case-pipeline-958742-958773-v1-2026-08-27/replay-work/formal-opendev-958742--target-958773/target-a1/heat/tests/engine/service/test_stack_update.py", line 33, in <module>
    from heat.engine import service
  File "/home/zhihao/hdd/marshal/benchmarks/cross-repo-pr-impact/results/single-case-pipeline-958742-958773-v1-2026-08-27/replay-work/formal-opendev-958742--target-958773/target-a1/heat/engine/service.py", line 33, in <module>
    from oslo_service.backend.threading import threadgroup
ModuleNotFoundError: No module named 'oslo_service.backend.threading'

Failed to import test module: heat.tests.engine.service.test_threadgroup_mgr
Traceback (most recent call last):
  File "/home/zhihao/.local/share/uv/python/cpython-3.10.19-linux-x86_64-gnu/lib/python3.10/unittest/loader.py", line 436, in _find_test_path
    module = self._get_module_from_name(name)
  File "/home/zhihao/.local/share/uv/python/cpython-3.10.19-linux-x86_64-gnu/lib/python3.10/unittest/loader.py", line 377, in _get_module_from_name
    __import__(name)
  File "/home/zhihao/hdd/marshal/benchmarks/cross-repo-pr-impact/results/single-case-pipeline-958742-958773-v1-2026-08-27/replay-work/formal-opendev-958742--target-958773/target-a1/heat/tests/engine/service/test_threadgroup_mgr.py", line 21, in <module>
    from heat.engine import service
  File "/home/zhihao/hdd/marshal/benchmarks/cross-repo-pr-impact/results/single-case-pipeline-958742-958773-v1-2026-08-27/replay-work/formal-opendev-958742--target-958773/target-a1/heat/engine/service.py", line 33, in <module>
    from oslo_service.backend.threading import threadgroup
ModuleNotFoundError: No module named 'oslo_service.backend.threading'

Failed to import test module: heat.tests.engine.test_resource_type
Traceback (most recent call last):
  File "/home/zhihao/.local/share/uv/python/cpython-3.10.19-linux-x86_64-gnu/lib/python3.10/unittest/loader.py", line 436, in _find_test_path
    module = self._get_module_from_name(name)
  File "/home/zhihao/.local/share/uv/python/cpython-3.10.19-linux-x86_64-gnu/lib/python3.10/unittest/loader.py", line 377, in _get_module_from_name
    __import__(name)
  File "/home/zhihao/hdd/marshal/benchmarks/cross-repo-pr-impact/results/single-case-pipeline-958742-958773-v1-2026-08-27/replay-work/formal-opendev-958742--target-958773/target-a1/heat/tests/engine/test_resource_type.py", line 19, in <module>
    from heat.engine import service
  File "/home/zhihao/hdd/marshal/benchmarks/cross-repo-pr-impact/results/single-case-pipeline-958742-958773-v1-2026-08-27/replay-work/formal-opendev-958742--target-958773/target-a1/heat/engine/service.py", line 33, in <module>
    from oslo_service.backend.threading import threadgroup
ModuleNotFoundError: No module named 'oslo_service.backend.threading'

Failed to import test module: heat.tests.test_engine_service
Traceback (most recent call last):
  File "/home/zhihao/.local/share/uv/python/cpython-3.10.19-linux-x86_64-gnu/lib/python3.10/unittest/loader.py", line 436, in _find_test_path
    module = self._get_module_from_name(name)
  File "/home/zhihao/.local/share/uv/python/cpython-3.10.19-linux-x86_64-gnu/lib/python3.10/unittest/loader.py", line 377, in _get_module_from_name
    __import__(name)
  File "/home/zhihao/hdd/marshal/benchmarks/cross-repo-pr-impact/results/single-case-pipeline-958742-958773-v1-2026-08-27/replay-work/formal-opendev-958742--target-958773/target-a1/heat/tests/test_engine_service.py", line 32, in <module>
    from heat.engine import service
  File "/home/zhihao/hdd/marshal/benchmarks/cross-repo-pr-impact/results/single-case-pipeline-958742-958773-v1-2026-08-27/replay-work/formal-opendev-958742--target-958773/target-a1/heat/engine/service.py", line 33, in <module>
    from oslo_service.backend.threading import threadgroup
ModuleNotFoundError: No module named 'oslo_service.backend.threading'

Failed to import test module: heat.tests.test_metadata_refresh
Traceback (most recent call last):
  File "/home/zhihao/.local/share/uv/python/cpython-3.10.19-linux-x86_64-gnu/lib/python3.10/unittest/loader.py", line 436, in _find_test_path
    module = self._get_module_from_name(name)
  File "/home/zhihao/.local/share/uv/python/cpython-3.10.19-linux-x86_64-gnu/lib/python3.10/unittest/loader.py", line 377, in _get_module_from_name
    __import__(name)
  File "/home/zhihao/hdd/marshal/benchmarks/cross-repo-pr-impact/results/single-case-pipeline-958742-958773-v1-2026-08-27/replay-work/formal-opendev-958742--target-958773/target-a1/heat/tests/test_metadata_refresh.py", line 28, in <module>
    from heat.engine import service
  File "/home/zhihao/hdd/marshal/benchmarks/cross-repo-pr-impact/results/single-case-pipeline-958742-958773-v1-2026-08-27/replay-work/formal-opendev-958742--target-958773/target-a1/heat/engine/service.py", line 33, in <module>
    from oslo_service.backend.threading import threadgroup
ModuleNotFoundError: No module named 'oslo_service.backend.threading'

Failed to import test module: heat.tests.test_stack
Traceback (most recent call last):
  File "/home/zhihao/.local/share/uv/python/cpython-3.10.19-linux-x86_64-gnu/lib/python3.10/unittest/loader.py", line 436, in _find_test_path
    module = self._get_module_from_name(name)
  File "/home/zhihao/.local/share/uv/python/cpython-3.10.19-linux-x86_64-gnu/lib/python3.10/unittest/loader.py", line 377, in _get_module_from_name
    __import__(name)
  File "/home/zhihao/hdd/marshal/benchmarks/cross-repo-pr-impact/results/single-case-pipeline-958742-958773-v1-2026-08-27/replay-work/formal-opendev-958742--target-958773/target-a1/heat/tests/test_stack.py", line 40, in <module>
    from heat.engine import service
  File "/home/zhihao/hdd/marshal/benchmarks/cross-repo-pr-impact/results/single-case-pipeline-958742-958773-v1-2026-08-27/replay-work/formal-opendev-958742--target-958773/target-a1/heat/engine/service.py", line 33, in <module>
    from oslo_service.backend.threading import threadgroup
ModuleNotFoundError: No module named 'oslo_service.backend.threading'

Failed to import test module: heat.tests.test_stack_update
Traceback (most recent call last):
  File "/home/zhihao/.local/share/uv/python/cpython-3.10.19-linux-x86_64-gnu/lib/python3.10/unittest/loader.py", line 436, in _find_test_path
    module = self._get_module_from_name(name)
  File "/home/zhihao/.local/share/uv/python/cpython-3.10.19-linux-x86_64-gnu/lib/python3.10/unittest/loader.py", line 377, in _get_module_from_name
    __import__(name)
  File "/home/zhihao/hdd/marshal/benchmarks/cross-repo-pr-impact/results/single-case-pipeline-958742-958773-v1-2026-08-27/replay-work/formal-opendev-958742--target-958773/target-a1/heat/tests/test_stack_update.py", line 26, in <module>
    from heat.engine import service
  File "/home/zhihao/hdd/marshal/benchmarks/cross-repo-pr-impact/results/single-case-pipeline-958742-958773-v1-2026-08-27/replay-work/formal-opendev-958742--target-958773/target-a1/heat/engine/service.py", line 33, in <module>
    from oslo_service.backend.threading import threadgroup
ModuleNotFoundError: No module named 'oslo_service.backend.threading'

Failed to import test module: heat.tests.test_validate
Traceback (most recent call last):
  File "/home/zhihao/.local/share/uv/python/cpython-3.10.19-linux-x86_64-gnu/lib/python3.10/unittest/loader.py", line 436, in _find_test_path
    module = self._get_module_from_name(name)
  File "/home/zhihao/.local/share/uv/python/cpython-3.10.19-linux-x86_64-gnu/lib/python3.10/unittest/loader.py", line 377, in _get_module_from_name
    __import__(name)
  File "/home/zhihao/hdd/marshal/benchmarks/cross-repo-pr-impact/results/single-case-pipeline-958742-958773-v1-2026-08-27/replay-work/formal-opendev-958742--target-958773/target-a1/heat/tests/test_validate.py", line 27, in <module>
    from heat.engine import service
  File "/home/zhihao/hdd/marshal/benchmarks/cross-repo-pr-impact/results/single-case-pipeline-958742-958773-v1-2026-08-27/replay-work/formal-opendev-958742--target-958773/target-a1/heat/engine/service.py", line 33, in <module>
    from oslo_service.backend.threading import threadgroup
ModuleNotFoundError: No module named 'oslo_service.backend.threading'

================================================================================
The above traceback was encountered during test discovery which imports all the found test modules in the specified test_path.
