Modules with known eventlet monkey patching issues were imported prior to eventlet monkey patching: urllib3, oslo_context.context. This warning can usually be ignored if the caller is only importing and not executing nova code.
Modules with known eventlet monkey patching issues were imported prior to eventlet monkey patching: urllib3, oslo_context.context. This warning can usually be ignored if the caller is only importing and not executing nova code.
Modules with known eventlet monkey patching issues were imported prior to eventlet monkey patching: urllib3, oslo_context.context. This warning can usually be ignored if the caller is only importing and not executing nova code.
Modules with known eventlet monkey patching issues were imported prior to eventlet monkey patching: oslo_context.context, urllib3. This warning can usually be ignored if the caller is only importing and not executing nova code.
2026-08-30 12:42:57.796 3687981 INFO oslo_service.periodic_task [req-aad6b153-7285-4fd7-b8ea-d94cb514183a fake_user 6a6a9c9eee154e9cb8cec487b98d36ab - - -] Skipping periodic task _discover_hosts_in_cells because its interval is negative[00m
2026-08-30 12:42:57.796 3687982 INFO oslo_service.periodic_task [req-f5759a54-c69f-4c44-b3a3-b964079c07ef fake_user 6a6a9c9eee154e9cb8cec487b98d36ab - - -] Skipping periodic task _discover_hosts_in_cells because its interval is negative[00m
2026-08-30 12:42:57.799 3687980 INFO oslo_service.periodic_task [req-b71f1a28-e9ee-4ba9-b0a5-51767b8f2bbb fake_user 6a6a9c9eee154e9cb8cec487b98d36ab - - -] Skipping periodic task _discover_hosts_in_cells because its interval is negative[00m
2026-08-30 12:42:57.820 3687982 ERROR stevedore.extension [req-f5759a54-c69f-4c44-b3a3-b964079c07ef fake_user 6a6a9c9eee154e9cb8cec487b98d36ab - - -] Could not load 'oslo_cache.memcache_pool': No module named 'memcache': ModuleNotFoundError: No module named 'memcache'[00m
2026-08-30 12:42:57.820 3687981 ERROR stevedore.extension [req-aad6b153-7285-4fd7-b8ea-d94cb514183a fake_user 6a6a9c9eee154e9cb8cec487b98d36ab - - -] Could not load 'oslo_cache.memcache_pool': No module named 'memcache': ModuleNotFoundError: No module named 'memcache'[00m
2026-08-30 12:42:57.823 3687980 ERROR stevedore.extension [req-b71f1a28-e9ee-4ba9-b0a5-51767b8f2bbb fake_user 6a6a9c9eee154e9cb8cec487b98d36ab - - -] Could not load 'oslo_cache.memcache_pool': No module named 'memcache': ModuleNotFoundError: No module named 'memcache'[00m
{2} nova.tests.unit.compute.test_compute.ComputeAPITestCase.test_attach_interface_with_qos [0.996466s] ... ok
{1} nova.tests.unit.compute.test_compute.ComputeAPITestCase.test_attach_interface [1.002694s] ... ok
{0} nova.tests.unit.compute.test_compute.ComputeAPITestCase.test_attach_interface_failed [1.267964s] ... ok
[93mReadline features including tab completion have been disabled because
no supported version of readline was found. To resolve this, install
pyreadline on Windows or gnureadline on Mac.

[39m
======
Totals
======
Ran: 3 tests in 1.2710 sec.
 - Passed: 3
 - Skipped: 0
 - Expected Fail: 0
 - Unexpected Success: 0
 - Failed: 0
Sum of execute time for each test: 3.2671 sec.

==============
Worker Balance
==============
 - Worker 0 (1 tests) => 0:00:01.267964
 - Worker 1 (1 tests) => 0:00:01.002694
 - Worker 2 (1 tests) => 0:00:00.996466
