[INFO] Scanning for projects...
[INFO] Inspecting build with total of 5 modules...
[INFO] Installing Nexus Staging features:
[INFO]   ... total of 5 executions of maven-deploy-plugin replaced with nexus-staging-maven-plugin
[INFO] ------------------------------------------------------------------------
[INFO] Reactor Build Order:
[INFO] 
[INFO] DXA - Parent                                                       [pom]
[INFO] DXA - Framework                                                    [pom]
[INFO] DXA - Data Model                                                   [jar]
[INFO] DXA - Common                                                       [jar]
[INFO] DXA - Common API                                                   [jar]
[INFO] 
[INFO] ---------------------< com.sdl.dxa:dxa-oss-parent >---------------------
[INFO] Building DXA - Parent 2.2.16-SNAPSHOT                              [1/5]
[INFO]   from pom.xml
[INFO] --------------------------------[ pom ]---------------------------------
[INFO] 
[INFO] ---------------------< com.sdl.dxa:dxa-framework >----------------------
[INFO] Building DXA - Framework 2.2.16-SNAPSHOT                           [2/5]
[INFO]   from dxa-framework/pom.xml
[INFO] --------------------------------[ pom ]---------------------------------
[INFO] 
[INFO] ---------------------< com.sdl.dxa:dxa-data-model >---------------------
[INFO] Building DXA - Data Model 2.2.16-SNAPSHOT                          [3/5]
[INFO]   from dxa-framework/dxa-data-model/pom.xml
[INFO] --------------------------------[ jar ]---------------------------------
[INFO] 
[INFO] --- resources:3.3.1:resources (default-resources) @ dxa-data-model ---
[INFO] Copying 1 resource from src/main/resources to target/classes
[INFO] 
[INFO] --- compiler:3.3:compile (default-compile) @ dxa-data-model ---
[INFO] Changes detected - recompiling the module!
[INFO] Compiling 32 source files to /home/zhihao/hdd/jackson-dxa-run/dxa-framework/dxa-data-model/target/classes
[INFO] /home/zhihao/hdd/jackson-dxa-run/dxa-framework/dxa-data-model/src/main/java/com/sdl/dxa/api/datamodel/json/ModelDataTypeResolver.java: /home/zhihao/hdd/jackson-dxa-run/dxa-framework/dxa-data-model/src/main/java/com/sdl/dxa/api/datamodel/json/ModelDataTypeResolver.java uses or overrides a deprecated API.
[INFO] /home/zhihao/hdd/jackson-dxa-run/dxa-framework/dxa-data-model/src/main/java/com/sdl/dxa/api/datamodel/json/ModelDataTypeResolver.java: Recompile with -Xlint:deprecation for details.
[INFO] 
[INFO] --- resources:3.3.1:testResources (default-testResources) @ dxa-data-model ---
[INFO] Copying 7 resources from src/test/resources to target/test-classes
[INFO] 
[INFO] --- compiler:3.3:testCompile (default-testCompile) @ dxa-data-model ---
[INFO] Nothing to compile - all classes are up to date
[INFO] 
[INFO] --- surefire:3.2.5:test (default-test) @ dxa-data-model ---
[INFO] 
[INFO] -----------------------< com.sdl.dxa:dxa-common >-----------------------
[INFO] Building DXA - Common 2.2.16-SNAPSHOT                              [4/5]
[INFO]   from dxa-framework/dxa-common/pom.xml
[INFO] --------------------------------[ jar ]---------------------------------
[INFO] 
[INFO] --- resources:3.3.1:resources (default-resources) @ dxa-common ---
[INFO] Copying 1 resource from src/main/resources to target/classes
[INFO] 
[INFO] --- compiler:3.3:compile (default-compile) @ dxa-common ---
[INFO] Changes detected - recompiling the module!
[INFO] Compiling 59 source files to /home/zhihao/hdd/jackson-dxa-run/dxa-framework/dxa-common/target/classes
[INFO] 
[INFO] --- resources:3.3.1:testResources (default-testResources) @ dxa-common ---
[INFO] Copying 1 resource from src/test/resources to target/test-classes
[INFO] 
[INFO] --- compiler:3.3:testCompile (default-testCompile) @ dxa-common ---
[INFO] Nothing to compile - all classes are up to date
[INFO] 
[INFO] --- surefire:3.2.5:test (default-test) @ dxa-common ---
[INFO] 
[INFO] ---------------------< com.sdl.dxa:dxa-common-api >---------------------
[INFO] Building DXA - Common API 2.2.16-SNAPSHOT                          [5/5]
[INFO]   from dxa-framework/dxa-common-api/pom.xml
[INFO] --------------------------------[ jar ]---------------------------------
[INFO] 
[INFO] --- resources:3.3.1:resources (default-resources) @ dxa-common-api ---
[INFO] Copying 10 resources from src/main/resources to target/classes
[INFO] 
[INFO] --- compiler:3.3:compile (default-compile) @ dxa-common-api ---
[INFO] Changes detected - recompiling the module!
[INFO] Compiling 232 source files to /home/zhihao/hdd/jackson-dxa-run/dxa-framework/dxa-common-api/target/classes
[INFO] /home/zhihao/hdd/jackson-dxa-run/dxa-framework/dxa-common-api/src/main/java/com/sdl/webapp/common/api/model/page/DefaultPageModel.java: Some input files use or override a deprecated API.
[INFO] /home/zhihao/hdd/jackson-dxa-run/dxa-framework/dxa-common-api/src/main/java/com/sdl/webapp/common/api/model/page/DefaultPageModel.java: Recompile with -Xlint:deprecation for details.
[INFO] /home/zhihao/hdd/jackson-dxa-run/dxa-framework/dxa-common-api/src/main/java/com/sdl/webapp/common/api/model/entity/DynamicList.java: Some input files use unchecked or unsafe operations.
[INFO] /home/zhihao/hdd/jackson-dxa-run/dxa-framework/dxa-common-api/src/main/java/com/sdl/webapp/common/api/model/entity/DynamicList.java: Recompile with -Xlint:unchecked for details.
[INFO] 
[INFO] --- resources:3.3.1:testResources (default-testResources) @ dxa-common-api ---
[INFO] Copying 17 resources from src/test/resources to target/test-classes
[INFO] 
[INFO] --- compiler:3.3:testCompile (default-testCompile) @ dxa-common-api ---
[INFO] Nothing to compile - all classes are up to date
[INFO] 
[INFO] --- surefire:3.2.5:test (default-test) @ dxa-common-api ---
[INFO] Using auto detected provider org.apache.maven.surefire.junit4.JUnit4Provider
[INFO] 
[INFO] -------------------------------------------------------
[INFO]  T E S T S
[INFO] -------------------------------------------------------
[INFO] Running com.sdl.dxa.JacksonObjectMixinCompatibilityTest
00:42:08,589 |-INFO in ch.qos.logback.classic.LoggerContext[default] - Found resource [logback-test.xml] at [file:/home/zhihao/hdd/jackson-dxa-run/dxa-framework/dxa-common-api/target/test-classes/logback-test.xml]
00:42:08,589 |-WARN in ch.qos.logback.classic.LoggerContext[default] - Resource [logback-test.xml] occurs multiple times on the classpath.
00:42:08,589 |-WARN in ch.qos.logback.classic.LoggerContext[default] - Resource [logback-test.xml] occurs at [file:/home/zhihao/hdd/jackson-dxa-run/dxa-framework/dxa-common-api/target/test-classes/logback-test.xml]
00:42:08,589 |-WARN in ch.qos.logback.classic.LoggerContext[default] - Resource [logback-test.xml] occurs at [file:/home/zhihao/hdd/jackson-dxa-run/dxa-framework/dxa-data-model/target/classes/logback-test.xml]
00:42:08,589 |-WARN in ch.qos.logback.classic.LoggerContext[default] - Resource [logback-test.xml] occurs at [file:/home/zhihao/hdd/jackson-dxa-run/dxa-framework/dxa-common-api/target/classes/logback-test.xml]
00:42:08,589 |-WARN in ch.qos.logback.classic.LoggerContext[default] - Resource [logback-test.xml] occurs at [file:/home/zhihao/hdd/jackson-dxa-run/dxa-framework/dxa-common/target/classes/logback-test.xml]
00:42:08,653 |-INFO in ch.qos.logback.classic.joran.action.ConfigurationAction - debug attribute not set
00:42:08,653 |-INFO in ch.qos.logback.core.joran.action.AppenderAction - About to instantiate appender of type [ch.qos.logback.core.ConsoleAppender]
00:42:08,657 |-INFO in ch.qos.logback.core.joran.action.AppenderAction - Naming appender as [CONSOLE]
00:42:08,694 |-WARN in ch.qos.logback.core.ConsoleAppender[CONSOLE] - This appender no longer admits a layout as a sub-component, set an encoder instead.
00:42:08,694 |-WARN in ch.qos.logback.core.ConsoleAppender[CONSOLE] - To ensure compatibility, wrapping your layout in LayoutWrappingEncoder.
00:42:08,694 |-WARN in ch.qos.logback.core.ConsoleAppender[CONSOLE] - See also http://logback.qos.ch/codes.html#layoutInsteadOfEncoder for details
00:42:08,694 |-INFO in ch.qos.logback.classic.joran.action.RootLoggerAction - Setting level of ROOT logger to ERROR
00:42:08,694 |-INFO in ch.qos.logback.core.joran.action.AppenderRefAction - Attaching appender named [CONSOLE] to Logger[ROOT]
00:42:08,695 |-INFO in ch.qos.logback.classic.joran.action.ConfigurationAction - End of configuration.
00:42:08,695 |-INFO in ch.qos.logback.classic.joran.JoranConfigurator@37afeb11 - Registering current configuration as safe fallback point

[ERROR] Tests run: 1, Failures: 1, Errors: 0, Skipped: 0, Time elapsed: 0.530 s <<< FAILURE! -- in com.sdl.dxa.JacksonObjectMixinCompatibilityTest
[ERROR] com.sdl.dxa.JacksonObjectMixinCompatibilityTest.shouldDeserializePolymorphicExtensionData -- Time elapsed: 0.477 s <<< FAILURE!
java.lang.AssertionError
	at org.junit.Assert.fail(Assert.java:87)
	at org.junit.Assert.assertTrue(Assert.java:42)
	at org.junit.Assert.assertTrue(Assert.java:53)
	at com.sdl.dxa.JacksonObjectMixinCompatibilityTest.shouldDeserializePolymorphicExtensionData(JacksonObjectMixinCompatibilityTest.java:24)
	at java.base/jdk.internal.reflect.NativeMethodAccessorImpl.invoke0(Native Method)
	at java.base/jdk.internal.reflect.NativeMethodAccessorImpl.invoke(NativeMethodAccessorImpl.java:62)
	at java.base/jdk.internal.reflect.DelegatingMethodAccessorImpl.invoke(DelegatingMethodAccessorImpl.java:43)
	at java.base/java.lang.reflect.Method.invoke(Method.java:566)
	at org.junit.runners.model.FrameworkMethod$1.runReflectiveCall(FrameworkMethod.java:59)
	at org.junit.internal.runners.model.ReflectiveCallable.run(ReflectiveCallable.java:12)
	at org.junit.runners.model.FrameworkMethod.invokeExplosively(FrameworkMethod.java:56)
	at org.junit.internal.runners.statements.InvokeMethod.evaluate(InvokeMethod.java:17)
	at org.junit.runners.ParentRunner$3.evaluate(ParentRunner.java:306)
	at org.junit.runners.BlockJUnit4ClassRunner$1.evaluate(BlockJUnit4ClassRunner.java:100)
	at org.junit.runners.ParentRunner.runLeaf(ParentRunner.java:366)
	at org.junit.runners.BlockJUnit4ClassRunner.runChild(BlockJUnit4ClassRunner.java:103)
	at org.junit.runners.BlockJUnit4ClassRunner.runChild(BlockJUnit4ClassRunner.java:63)
	at org.junit.runners.ParentRunner$4.run(ParentRunner.java:331)
	at org.junit.runners.ParentRunner$1.schedule(ParentRunner.java:79)
	at org.junit.runners.ParentRunner.runChildren(ParentRunner.java:329)
	at org.junit.runners.ParentRunner.access$100(ParentRunner.java:66)
	at org.junit.runners.ParentRunner$2.evaluate(ParentRunner.java:293)
	at org.junit.runners.ParentRunner$3.evaluate(ParentRunner.java:306)
	at org.junit.runners.ParentRunner.run(ParentRunner.java:413)
	at org.apache.maven.surefire.junit4.JUnit4Provider.execute(JUnit4Provider.java:316)
	at org.apache.maven.surefire.junit4.JUnit4Provider.executeWithRerun(JUnit4Provider.java:240)
	at org.apache.maven.surefire.junit4.JUnit4Provider.executeTestSet(JUnit4Provider.java:214)
	at org.apache.maven.surefire.junit4.JUnit4Provider.invoke(JUnit4Provider.java:155)
	at org.apache.maven.surefire.booter.ForkedBooter.runSuitesInProcess(ForkedBooter.java:385)
	at org.apache.maven.surefire.booter.ForkedBooter.execute(ForkedBooter.java:162)
	at org.apache.maven.surefire.booter.ForkedBooter.run(ForkedBooter.java:507)
	at org.apache.maven.surefire.booter.ForkedBooter.main(ForkedBooter.java:495)

[INFO] 
[INFO] Results:
[INFO] 
[ERROR] Failures: 
[ERROR]   JacksonObjectMixinCompatibilityTest.shouldDeserializePolymorphicExtensionData:24
[INFO] 
[ERROR] Tests run: 1, Failures: 1, Errors: 0, Skipped: 0
[INFO] 
[INFO] ------------------------------------------------------------------------
[INFO] Reactor Summary for DXA - Parent 2.2.16-SNAPSHOT:
[INFO] 
[INFO] DXA - Parent ....................................... SUCCESS [  0.002 s]
[INFO] DXA - Framework .................................... SUCCESS [  0.000 s]
[INFO] DXA - Data Model ................................... SUCCESS [  2.181 s]
[INFO] DXA - Common ....................................... SUCCESS [  1.091 s]
[INFO] DXA - Common API ................................... FAILURE [  3.295 s]
[INFO] ------------------------------------------------------------------------
[INFO] BUILD FAILURE
[INFO] ------------------------------------------------------------------------
[INFO] Total time:  7.206 s
[INFO] Finished at: 2026-08-25T00:42:09+08:00
[INFO] ------------------------------------------------------------------------
[ERROR] Failed to execute goal org.apache.maven.plugins:maven-surefire-plugin:3.2.5:test (default-test) on project dxa-common-api: There are test failures.
[ERROR] 
[ERROR] Please refer to /home/zhihao/hdd/jackson-dxa-run/dxa-framework/dxa-common-api/target/surefire-reports for the individual test results.
[ERROR] Please refer to dump files (if any exist) [date].dump, [date]-jvmRun[N].dump and [date].dumpstream.
[ERROR] -> [Help 1]
[ERROR] 
[ERROR] To see the full stack trace of the errors, re-run Maven with the -e switch.
[ERROR] Re-run Maven using the -X switch to enable full debug logging.
[ERROR] 
[ERROR] For more information about the errors and possible solutions, please read the following articles:
[ERROR] [Help 1] http://cwiki.apache.org/confluence/display/MAVEN/MojoFailureException
[ERROR] 
[ERROR] After correcting the problems, you can resume the build with the command
[ERROR]   mvn <args> -rf :dxa-common-api
