2026-08-30 00:44:20.941 935191 INFO oslo_service.periodic_task [None req-e662974c-96f8-4038-a8d3-fd6a8e779ac3 - - - - - -] Skipping periodic task _discover_hosts_in_cells because its interval is negative
2026-08-30 00:44:20.944 935204 INFO oslo_service.periodic_task [None req-314e2f48-aec9-4c24-92f3-2a61c530afb5 - - - - - -] Skipping periodic task _discover_hosts_in_cells because its interval is negative
2026-08-30 00:44:20.945 935192 INFO oslo_service.periodic_task [None req-1cb22e9c-3e10-4950-a254-6ae58a526bdc - - - - - -] Skipping periodic task _discover_hosts_in_cells because its interval is negative
2026-08-30 00:44:20.946 935206 INFO oslo_service.periodic_task [None req-76970854-e339-4675-8039-662757c74aab - - - - - -] Skipping periodic task _discover_hosts_in_cells because its interval is negative
2026-08-30 00:44:20.945 935189 INFO oslo_service.periodic_task [None req-79a27c65-316d-445a-aa69-485d6c626227 - - - - - -] Skipping periodic task _discover_hosts_in_cells because its interval is negative
2026-08-30 00:44:20.948 935205 INFO oslo_service.periodic_task [None req-335eccd8-e917-4ba1-bdf9-8715ba6995c7 - - - - - -] Skipping periodic task _discover_hosts_in_cells because its interval is negative
2026-08-30 00:44:20.948 935202 INFO oslo_service.periodic_task [None req-b5c39b40-b2d3-4388-946c-4814eeeca08f - - - - - -] Skipping periodic task _discover_hosts_in_cells because its interval is negative
2026-08-30 00:44:20.949 935197 INFO oslo_service.periodic_task [None req-e760fd29-4403-4bc4-babf-7c1eb2614a9a - - - - - -] Skipping periodic task _discover_hosts_in_cells because its interval is negative
2026-08-30 00:44:20.950 935194 INFO oslo_service.periodic_task [None req-342d85ba-ebb2-4e2d-8e2a-275b83ff823a - - - - - -] Skipping periodic task _discover_hosts_in_cells because its interval is negative
2026-08-30 00:44:20.946 935188 INFO oslo_service.periodic_task [None req-fcdbd57e-60ed-4383-940f-66ce453fdad6 - - - - - -] Skipping periodic task _discover_hosts_in_cells because its interval is negative
2026-08-30 00:44:20.957 935200 INFO oslo_service.periodic_task [None req-f4e621dd-649c-44bd-9853-244bcd565cc3 - - - - - -] Skipping periodic task _discover_hosts_in_cells because its interval is negative
2026-08-30 00:44:20.957 935199 INFO oslo_service.periodic_task [None req-7d686e6b-1020-439b-aae5-79d0daa02951 - - - - - -] Skipping periodic task _discover_hosts_in_cells because its interval is negative
2026-08-30 00:44:20.964 935195 INFO oslo_service.periodic_task [None req-b77d652d-2496-493a-a9c0-ba190a00402f - - - - - -] Skipping periodic task _discover_hosts_in_cells because its interval is negative
2026-08-30 00:44:20.963 935190 INFO oslo_service.periodic_task [None req-e7bd301c-57d1-4b85-8193-3bb14057fdf0 - - - - - -] Skipping periodic task _discover_hosts_in_cells because its interval is negative
2026-08-30 00:44:20.962 935203 INFO oslo_service.periodic_task [None req-d3cf0e21-0d94-4077-8c30-83f5abbcdd87 - - - - - -] Skipping periodic task _discover_hosts_in_cells because its interval is negative
2026-08-30 00:44:20.959 935207 INFO oslo_service.periodic_task [None req-d7932f58-549b-4835-adbf-53238b36b22c - - - - - -] Skipping periodic task _discover_hosts_in_cells because its interval is negative
2026-08-30 00:44:20.960 935201 INFO oslo_service.periodic_task [None req-50b04141-c124-40ff-b08d-ebaa59036f0c - - - - - -] Skipping periodic task _discover_hosts_in_cells because its interval is negative
2026-08-30 00:44:21.039 935193 INFO oslo_service.periodic_task [None req-a5ef428c-6504-4075-9df6-ac4b183da956 - - - - - -] Skipping periodic task _discover_hosts_in_cells because its interval is negative
{11} nova.tests.functional.test_report_client.SchedulerReportClientTests.test__set_inventory_reserved_eq_total [51.103137s] ... ok
{4} nova.tests.functional.test_report_client.SchedulerReportClientTests.test_update_from_provider_tree_reshape_conflict_retry [51.386490s] ... ok
{2} nova.tests.functional.test_report_client.SchedulerReportClientTests.test_reshape [51.070331s] ... FAILED

Captured traceback:
~~~~~~~~~~~~~~~~~~~
    Traceback (most recent call last):

      File "/home/zhihao/hdd/marshal/benchmarks/cross-repo-pr-impact/results/single-case-pipeline-formal-opendev-925059-target-937556-rebuild-2026-08-30/replay-work/formal-opendev-925059--target-937556/target-a1/nova/tests/functional/test_report_client.py", line 1326, in test_reshape
    self.client._reshape(self.context, {}, {})

      File "/home/zhihao/hdd/marshal/benchmarks/cross-repo-pr-impact/results/single-case-pipeline-formal-opendev-925059-target-937556-rebuild-2026-08-30/replay-work/formal-opendev-925059--target-937556/target-a1/nova/scheduler/client/report.py", line 1299, in _reshape
    raise exception.ReshapeFailed(error=resp.text)

    nova.exception.ReshapeFailed: Resource provider inventory and allocation data migration failed: {"errors": [{"status": 400, "title": "Bad Request", "detail": "The server could not comply with the request since it is either malformed or otherwise incorrect.\n\n JSON does not validate: {} should be non-empty  Failed validating 'minProperties' in schema['properties']['inventories']:     {'type': 'object',      'patternProperties': {'^[0-9a-fA-F-]{36}$': {'type': 'object',                                                   'properties': {'resource_provider_generation': {'type': 'integer'},                                                                  'inventories': {'type': 'object',                                                                                  'patternProperties': {'^[A-Z0-9_]+$': {'type': 'object',                                                                                                                         'properties': {'resource_provider_generation': {'type': 'integer'},                                                                                                                                        'total': {'type': 'integer',                                                                                                                                                  'maximum': 2147483647,                                                                                                                                                  'minimum': 1},                                                                                                                                        'reserved': {'type': 'integer',                                                                                                                                                     'maximum': 2147483647,                                                                                                                                                     'minimum': 0},                                                                                                                                        'min_unit': {'type': 'integer',                                                                                                                                                     'maximum': 2147483647,                                                                                                                                                     'minimum': 1},                                                                                                                                        'max_unit': {'type': 'integer',                                                                                                                                                     'maximum': 2147483647,                                                                                                                                                     'minimum': 1},                                                                                                                                        'step_size': {'type': 'integer',                                                                                                                                                      'maximum': 2147483647,                                                                                                                                                      'minimum': 1},                                                                                                                                        'allocation_ratio': {'type': 'number',                                                                                                                                                             'maximum': 3.40282e+38}},                                                                                                                         'required': ['total'],                                                                                                                         'additionalProperties': False}}}},                                                   'required': ['resource_provider_generation',                                                                'inventories'],                                                   'additionalProperties': False}},      'minProperties': 1,      'additionalProperties': False}  On instance['inventories']:     {}  ", "code": "placement.undefined_code", "request_id": "req-cedd0d07-1d80-482f-aabf-4fe00d4f11db"}]}

    
During handling of the above exception, another exception occurred:


    Traceback (most recent call last):

      File "/home/zhihao/.local/share/uv/python/cpython-3.10.19-linux-x86_64-gnu/lib/python3.10/unittest/mock.py", line 1379, in patched
    return func(*newargs, **newkeywargs)

      File "/home/zhihao/hdd/marshal/benchmarks/cross-repo-pr-impact/results/single-case-pipeline-formal-opendev-925059-target-937556-rebuild-2026-08-30/replay-work/formal-opendev-925059--target-937556/target-a1/nova/tests/functional/test_report_client.py", line 1328, in test_reshape
    self.assertIn('JSON does not validate: {} does not have '

      File "/home/zhihao/hdd/marshal/benchmarks/cross-repo-pr-impact/results/single-case-pipeline-formal-opendev-925059-target-937556-rebuild-2026-08-30/replay-work/formal-opendev-925059--target-937556/target-a1/.tox/functional/lib/python3.10/site-packages/testtools/testcase.py", line 425, in assertIn
    self.assertThat(haystack, Contains(needle), message)

      File "/home/zhihao/hdd/marshal/benchmarks/cross-repo-pr-impact/results/single-case-pipeline-formal-opendev-925059-target-937556-rebuild-2026-08-30/replay-work/formal-opendev-925059--target-937556/target-a1/.tox/functional/lib/python3.10/site-packages/testtools/testcase.py", line 509, in assertThat
    raise mismatch_error

    testtools.matchers._impl.MismatchError: 'JSON does not validate: {} does not have enough properties' not in '{"errors": [{"status": 400, "title": "Bad Request", "detail": "The server could not comply with the request since it is either malformed or otherwise incorrect.\\n\\n JSON does not validate: {} should be non-empty  Failed validating \'minProperties\' in schema[\'properties\'][\'inventories\']:     {\'type\': \'object\',      \'patternProperties\': {\'^[0-9a-fA-F-]{36}$\': {\'type\': \'object\',                                                   \'properties\': {\'resource_provider_generation\': {\'type\': \'integer\'},                                                                  \'inventories\': {\'type\': \'object\',                                                                                  \'patternProperties\': {\'^[A-Z0-9_]+$\': {\'type\': \'object\',                                                                                                                         \'properties\': {\'resource_provider_generation\': {\'type\': \'integer\'},                                                                                                                                        \'total\': {\'type\': \'integer\',                                                                                                                                                  \'maximum\': 2147483647,                                                                                                                                                  \'minimum\': 1},                                                                                                                                        \'reserved\': {\'type\': \'integer\',                                                                                                                                                     \'maximum\': 2147483647,                                                                                                                                                     \'minimum\': 0},                                                                                                                                        \'min_unit\': {\'type\': \'integer\',                                                                                                                                                     \'maximum\': 2147483647,                                                                                                                                                     \'minimum\': 1},                                                                                                                                        \'max_unit\': {\'type\': \'integer\',                                                                                                                                                     \'maximum\': 2147483647,                                                                                                                                                     \'minimum\': 1},                                                                                                                                        \'step_size\': {\'type\': \'integer\',                                                                                                                                                      \'maximum\': 2147483647,                                                                                                                                                      \'minimum\': 1},                                                                                                                                        \'allocation_ratio\': {\'type\': \'number\',                                                                                                                                                             \'maximum\': 3.40282e+38}},                                                                                                                         \'required\': [\'total\'],                                                                                                                         \'additionalProperties\': False}}}},                                                   \'required\': [\'resource_provider_generation\',                                                                \'inventories\'],                                                   \'additionalProperties\': False}},      \'minProperties\': 1,      \'additionalProperties\': False}  On instance[\'inventories\']:     {}  ", "code": "placement.undefined_code", "request_id": "req-cedd0d07-1d80-482f-aabf-4fe00d4f11db"}]}'


Captured pythonlogging:
~~~~~~~~~~~~~~~~~~~~~~~
    2026-08-30 00:44:58,591 INFO [nova.db.migration] Applying migration(s)
2026-08-30 00:44:58,676 INFO [nova.db.migration] Migration(s) applied
2026-08-30 00:44:58,706 INFO [nova.db.migration] Applying migration(s)
2026-08-30 00:45:12,293 INFO [nova.db.migration] Migration(s) applied
2026-08-30 00:45:12,363 WARNING [oslo_policy.policy] JSON formatted policy_file support is deprecated since Victoria release. You need to use YAML format which will be default in future. You can use ``oslopolicy-convert-json-to-yaml`` tool to convert existing JSON-formatted policy file to YAML-formatted in backward compatible way: https://docs.openstack.org/oslo.policy/latest/cli/oslopolicy-convert-json-to-yaml.html.
2026-08-30 00:45:12,363 WARNING [oslo_policy.policy] JSON formatted policy_file support is deprecated since Victoria release. You need to use YAML format which will be default in future. You can use ``oslopolicy-convert-json-to-yaml`` tool to convert existing JSON-formatted policy file to YAML-formatted in backward compatible way: https://docs.openstack.org/oslo.policy/latest/cli/oslopolicy-convert-json-to-yaml.html.
2026-08-30 00:45:12,364 WARNING [oslo_policy.policy] Policy Rules ['os_compute_api:extensions', 'os_compute_api:os-floating-ip-pools', 'os_compute_api:os-quota-sets:defaults', 'os_compute_api:os-availability-zone:list', 'os_compute_api:limits', 'project_member_api', 'project_reader_api', 'project_member_or_admin', 'project_reader_or_admin', 'os_compute_api:limits:other_project', 'os_compute_api:os-lock-server:unlock:unlock_override', 'os_compute_api:servers:create:zero_disk_flavor', 'compute:servers:resize:cross_cell', 'os_compute_api:os-shelve:unshelve_to_host'] specified in policy files are the same as the defaults provided by the service. You can remove these rules from policy files which will make maintenance easier. You can detect these redundant rules by ``oslopolicy-list-redundant`` tool also.
2026-08-30 00:45:12,429 INFO [placement.requestlog] 127.0.0.1 "POST /placement/reshaper" status: 400 len: 4527 microversion: 1.30

{0} nova.tests.functional.test_report_client.SchedulerReportClientTests.test_allocation_candidates_root_traits_3 [51.464416s] ... ok
{15} nova.tests.functional.test_report_client.SchedulerReportClientTests.test_allocation_candidates_root_traits_5 [51.473854s] ... ok
{17} nova.tests.functional.test_report_client.SchedulerReportClientTests.test_alloc_cands_smoke [51.532363s] ... ok
{1} nova.tests.functional.test_report_client.SchedulerReportClientTests.test_non_tree_aggregate_membership [51.778531s] ... ok
{6} nova.tests.functional.test_report_client.SchedulerReportClientTests.test_set_inventory_for_provider [51.798321s] ... ok
{9} nova.tests.functional.test_report_client.SchedulerReportClientTests.test_get_allocations_for_provider_tree [51.820923s] ... ok
{7} nova.tests.functional.test_report_client.SchedulerReportClientTests.test_global_request_id [51.565709s] ... ok
{16} nova.tests.functional.test_report_client.SchedulerReportClientTests.test_allocation_candidates_root_traits_2 [51.883574s] ... ok
{12} nova.tests.functional.test_report_client.SchedulerReportClientTests.test_client_report_smoke [51.966397s] ... ok
{10} nova.tests.functional.test_report_client.SchedulerReportClientTests.test_allocation_candidates_root_traits_1 [51.963755s] ... ok
{14} nova.tests.functional.test_report_client.SchedulerReportClientTests.test_allocation_candidates_root_traits_4 [51.983998s] ... ok
{5} nova.tests.functional.test_report_client.SchedulerReportClientTests.test_allocation_candidates_mappings [51.736131s] ... ok
{3} nova.tests.functional.test_report_client.SchedulerReportClientTests.test_get_provider_tree_with_nested_and_aggregates [52.287767s] ... ok
{8} nova.tests.functional.test_report_client.SchedulerReportClientTests.test_update_from_provider_tree [52.322836s] ... ok
{13} nova.tests.functional.test_report_client.SchedulerReportClientTests.test_update_from_provider_tree_reshape [52.524121s] ... ok

==============================
Failed 1 tests - output below:
==============================

nova.tests.functional.test_report_client.SchedulerReportClientTests.test_reshape
--------------------------------------------------------------------------------

Captured traceback:
~~~~~~~~~~~~~~~~~~~
    Traceback (most recent call last):

      File "/home/zhihao/hdd/marshal/benchmarks/cross-repo-pr-impact/results/single-case-pipeline-formal-opendev-925059-target-937556-rebuild-2026-08-30/replay-work/formal-opendev-925059--target-937556/target-a1/nova/tests/functional/test_report_client.py", line 1326, in test_reshape
    self.client._reshape(self.context, {}, {})

      File "/home/zhihao/hdd/marshal/benchmarks/cross-repo-pr-impact/results/single-case-pipeline-formal-opendev-925059-target-937556-rebuild-2026-08-30/replay-work/formal-opendev-925059--target-937556/target-a1/nova/scheduler/client/report.py", line 1299, in _reshape
    raise exception.ReshapeFailed(error=resp.text)

    nova.exception.ReshapeFailed: Resource provider inventory and allocation data migration failed: {"errors": [{"status": 400, "title": "Bad Request", "detail": "The server could not comply with the request since it is either malformed or otherwise incorrect.\n\n JSON does not validate: {} should be non-empty  Failed validating 'minProperties' in schema['properties']['inventories']:     {'type': 'object',      'patternProperties': {'^[0-9a-fA-F-]{36}$': {'type': 'object',                                                   'properties': {'resource_provider_generation': {'type': 'integer'},                                                                  'inventories': {'type': 'object',                                                                                  'patternProperties': {'^[A-Z0-9_]+$': {'type': 'object',                                                                                                                         'properties': {'resource_provider_generation': {'type': 'integer'},                                                                                                                                        'total': {'type': 'integer',                                                                                                                                                  'maximum': 2147483647,                                                                                                                                                  'minimum': 1},                                                                                                                                        'reserved': {'type': 'integer',                                                                                                                                                     'maximum': 2147483647,                                                                                                                                                     'minimum': 0},                                                                                                                                        'min_unit': {'type': 'integer',                                                                                                                                                     'maximum': 2147483647,                                                                                                                                                     'minimum': 1},                                                                                                                                        'max_unit': {'type': 'integer',                                                                                                                                                     'maximum': 2147483647,                                                                                                                                                     'minimum': 1},                                                                                                                                        'step_size': {'type': 'integer',                                                                                                                                                      'maximum': 2147483647,                                                                                                                                                      'minimum': 1},                                                                                                                                        'allocation_ratio': {'type': 'number',                                                                                                                                                             'maximum': 3.40282e+38}},                                                                                                                         'required': ['total'],                                                                                                                         'additionalProperties': False}}}},                                                   'required': ['resource_provider_generation',                                                                'inventories'],                                                   'additionalProperties': False}},      'minProperties': 1,      'additionalProperties': False}  On instance['inventories']:     {}  ", "code": "placement.undefined_code", "request_id": "req-cedd0d07-1d80-482f-aabf-4fe00d4f11db"}]}

    
During handling of the above exception, another exception occurred:


    Traceback (most recent call last):

      File "/home/zhihao/.local/share/uv/python/cpython-3.10.19-linux-x86_64-gnu/lib/python3.10/unittest/mock.py", line 1379, in patched
    return func(*newargs, **newkeywargs)

      File "/home/zhihao/hdd/marshal/benchmarks/cross-repo-pr-impact/results/single-case-pipeline-formal-opendev-925059-target-937556-rebuild-2026-08-30/replay-work/formal-opendev-925059--target-937556/target-a1/nova/tests/functional/test_report_client.py", line 1328, in test_reshape
    self.assertIn('JSON does not validate: {} does not have '

      File "/home/zhihao/hdd/marshal/benchmarks/cross-repo-pr-impact/results/single-case-pipeline-formal-opendev-925059-target-937556-rebuild-2026-08-30/replay-work/formal-opendev-925059--target-937556/target-a1/.tox/functional/lib/python3.10/site-packages/testtools/testcase.py", line 425, in assertIn
    self.assertThat(haystack, Contains(needle), message)

      File "/home/zhihao/hdd/marshal/benchmarks/cross-repo-pr-impact/results/single-case-pipeline-formal-opendev-925059-target-937556-rebuild-2026-08-30/replay-work/formal-opendev-925059--target-937556/target-a1/.tox/functional/lib/python3.10/site-packages/testtools/testcase.py", line 509, in assertThat
    raise mismatch_error

    testtools.matchers._impl.MismatchError: 'JSON does not validate: {} does not have enough properties' not in '{"errors": [{"status": 400, "title": "Bad Request", "detail": "The server could not comply with the request since it is either malformed or otherwise incorrect.\\n\\n JSON does not validate: {} should be non-empty  Failed validating \'minProperties\' in schema[\'properties\'][\'inventories\']:     {\'type\': \'object\',      \'patternProperties\': {\'^[0-9a-fA-F-]{36}$\': {\'type\': \'object\',                                                   \'properties\': {\'resource_provider_generation\': {\'type\': \'integer\'},                                                                  \'inventories\': {\'type\': \'object\',                                                                                  \'patternProperties\': {\'^[A-Z0-9_]+$\': {\'type\': \'object\',                                                                                                                         \'properties\': {\'resource_provider_generation\': {\'type\': \'integer\'},                                                                                                                                        \'total\': {\'type\': \'integer\',                                                                                                                                                  \'maximum\': 2147483647,                                                                                                                                                  \'minimum\': 1},                                                                                                                                        \'reserved\': {\'type\': \'integer\',                                                                                                                                                     \'maximum\': 2147483647,                                                                                                                                                     \'minimum\': 0},                                                                                                                                        \'min_unit\': {\'type\': \'integer\',                                                                                                                                                     \'maximum\': 2147483647,                                                                                                                                                     \'minimum\': 1},                                                                                                                                        \'max_unit\': {\'type\': \'integer\',                                                                                                                                                     \'maximum\': 2147483647,                                                                                                                                                     \'minimum\': 1},                                                                                                                                        \'step_size\': {\'type\': \'integer\',                                                                                                                                                      \'maximum\': 2147483647,                                                                                                                                                      \'minimum\': 1},                                                                                                                                        \'allocation_ratio\': {\'type\': \'number\',                                                                                                                                                             \'maximum\': 3.40282e+38}},                                                                                                                         \'required\': [\'total\'],                                                                                                                         \'additionalProperties\': False}}}},                                                   \'required\': [\'resource_provider_generation\',                                                                \'inventories\'],                                                   \'additionalProperties\': False}},      \'minProperties\': 1,      \'additionalProperties\': False}  On instance[\'inventories\']:     {}  ", "code": "placement.undefined_code", "request_id": "req-cedd0d07-1d80-482f-aabf-4fe00d4f11db"}]}'


Captured pythonlogging:
~~~~~~~~~~~~~~~~~~~~~~~
    2026-08-30 00:44:58,591 INFO [nova.db.migration] Applying migration(s)
2026-08-30 00:44:58,676 INFO [nova.db.migration] Migration(s) applied
2026-08-30 00:44:58,706 INFO [nova.db.migration] Applying migration(s)
2026-08-30 00:45:12,293 INFO [nova.db.migration] Migration(s) applied
2026-08-30 00:45:12,363 WARNING [oslo_policy.policy] JSON formatted policy_file support is deprecated since Victoria release. You need to use YAML format which will be default in future. You can use ``oslopolicy-convert-json-to-yaml`` tool to convert existing JSON-formatted policy file to YAML-formatted in backward compatible way: https://docs.openstack.org/oslo.policy/latest/cli/oslopolicy-convert-json-to-yaml.html.
2026-08-30 00:45:12,363 WARNING [oslo_policy.policy] JSON formatted policy_file support is deprecated since Victoria release. You need to use YAML format which will be default in future. You can use ``oslopolicy-convert-json-to-yaml`` tool to convert existing JSON-formatted policy file to YAML-formatted in backward compatible way: https://docs.openstack.org/oslo.policy/latest/cli/oslopolicy-convert-json-to-yaml.html.
2026-08-30 00:45:12,364 WARNING [oslo_policy.policy] Policy Rules ['os_compute_api:extensions', 'os_compute_api:os-floating-ip-pools', 'os_compute_api:os-quota-sets:defaults', 'os_compute_api:os-availability-zone:list', 'os_compute_api:limits', 'project_member_api', 'project_reader_api', 'project_member_or_admin', 'project_reader_or_admin', 'os_compute_api:limits:other_project', 'os_compute_api:os-lock-server:unlock:unlock_override', 'os_compute_api:servers:create:zero_disk_flavor', 'compute:servers:resize:cross_cell', 'os_compute_api:os-shelve:unshelve_to_host'] specified in policy files are the same as the defaults provided by the service. You can remove these rules from policy files which will make maintenance easier. You can detect these redundant rules by ``oslopolicy-list-redundant`` tool also.
2026-08-30 00:45:12,429 INFO [placement.requestlog] 127.0.0.1 "POST /placement/reshaper" status: 400 len: 4527 microversion: 1.30



======
Totals
======
Ran: 18 tests in 52.8475 sec.
 - Passed: 17
 - Skipped: 0
 - Expected Fail: 0
 - Unexpected Success: 0
 - Failed: 1
Sum of execute time for each test: 931.6627 sec.

==============
Worker Balance
==============
 - Worker 0 (1 tests) => 0:00:51.464416
 - Worker 1 (1 tests) => 0:00:51.778531
 - Worker 2 (1 tests) => 0:00:51.070331
 - Worker 3 (1 tests) => 0:00:52.287767
 - Worker 4 (1 tests) => 0:00:51.386490
 - Worker 5 (1 tests) => 0:00:51.736131
 - Worker 6 (1 tests) => 0:00:51.798321
 - Worker 7 (1 tests) => 0:00:51.565709
 - Worker 8 (1 tests) => 0:00:52.322836
 - Worker 9 (1 tests) => 0:00:51.820923
 - Worker 10 (1 tests) => 0:00:51.963755
 - Worker 11 (1 tests) => 0:00:51.103137
 - Worker 12 (1 tests) => 0:00:51.966397
 - Worker 13 (1 tests) => 0:00:52.524121
 - Worker 14 (1 tests) => 0:00:51.983998
 - Worker 15 (1 tests) => 0:00:51.473854
 - Worker 16 (1 tests) => 0:00:51.883574
 - Worker 17 (1 tests) => 0:00:51.532363
