/home/zhihao/hdd/marshal/.work/rebuild_996511_995405/fresh-case/replay-work/formal-opendev-996511--target-995405/target-a0/cinder/__init__.py:21: EventletDeprecationWarning: 
Eventlet is deprecated. It is currently being maintained in bugfix mode, and
we strongly recommend against using it for new projects.

If you are already using Eventlet, we recommend migrating to a different
framework.  For more detail see
https://eventlet.readthedocs.io/en/latest/asyncio/migration.html

  import eventlet  # noqa
1 RLock(s) were not greened, to fix this error make sure you run eventlet.monkey_patch() before importing any other modules.
/home/zhihao/hdd/marshal/.work/rebuild_996511_995405/fresh-case/replay-work/formal-opendev-996511--target-995405/target-a0/cinder/__init__.py:21: EventletDeprecationWarning: 
Eventlet is deprecated. It is currently being maintained in bugfix mode, and
we strongly recommend against using it for new projects.

If you are already using Eventlet, we recommend migrating to a different
framework.  For more detail see
https://eventlet.readthedocs.io/en/latest/asyncio/migration.html

  import eventlet  # noqa
/home/zhihao/hdd/marshal/.work/rebuild_996511_995405/fresh-case/replay-work/formal-opendev-996511--target-995405/target-a0/cinder/__init__.py:21: EventletDeprecationWarning: 
Eventlet is deprecated. It is currently being maintained in bugfix mode, and
we strongly recommend against using it for new projects.

If you are already using Eventlet, we recommend migrating to a different
framework.  For more detail see
https://eventlet.readthedocs.io/en/latest/asyncio/migration.html

  import eventlet  # noqa
/home/zhihao/hdd/marshal/.work/rebuild_996511_995405/fresh-case/replay-work/formal-opendev-996511--target-995405/target-a0/cinder/__init__.py:21: EventletDeprecationWarning: 
Eventlet is deprecated. It is currently being maintained in bugfix mode, and
we strongly recommend against using it for new projects.

If you are already using Eventlet, we recommend migrating to a different
framework.  For more detail see
https://eventlet.readthedocs.io/en/latest/asyncio/migration.html

  import eventlet  # noqa
/home/zhihao/hdd/marshal/.work/rebuild_996511_995405/fresh-case/replay-work/formal-opendev-996511--target-995405/target-a0/cinder/__init__.py:21: EventletDeprecationWarning: 
Eventlet is deprecated. It is currently being maintained in bugfix mode, and
we strongly recommend against using it for new projects.

If you are already using Eventlet, we recommend migrating to a different
framework.  For more detail see
https://eventlet.readthedocs.io/en/latest/asyncio/migration.html

  import eventlet  # noqa
/home/zhihao/hdd/marshal/.work/rebuild_996511_995405/fresh-case/replay-work/formal-opendev-996511--target-995405/target-a0/cinder/__init__.py:21: EventletDeprecationWarning: 
Eventlet is deprecated. It is currently being maintained in bugfix mode, and
we strongly recommend against using it for new projects.

If you are already using Eventlet, we recommend migrating to a different
framework.  For more detail see
https://eventlet.readthedocs.io/en/latest/asyncio/migration.html

  import eventlet  # noqa
/home/zhihao/hdd/marshal/.work/rebuild_996511_995405/fresh-case/replay-work/formal-opendev-996511--target-995405/target-a0/cinder/__init__.py:21: EventletDeprecationWarning: 
Eventlet is deprecated. It is currently being maintained in bugfix mode, and
we strongly recommend against using it for new projects.

If you are already using Eventlet, we recommend migrating to a different
framework.  For more detail see
https://eventlet.readthedocs.io/en/latest/asyncio/migration.html

  import eventlet  # noqa
/home/zhihao/hdd/marshal/.work/rebuild_996511_995405/fresh-case/replay-work/formal-opendev-996511--target-995405/target-a0/cinder/__init__.py:21: EventletDeprecationWarning: 
Eventlet is deprecated. It is currently being maintained in bugfix mode, and
we strongly recommend against using it for new projects.

If you are already using Eventlet, we recommend migrating to a different
framework.  For more detail see
https://eventlet.readthedocs.io/en/latest/asyncio/migration.html

  import eventlet  # noqa
/home/zhihao/hdd/marshal/.work/rebuild_996511_995405/fresh-case/replay-work/formal-opendev-996511--target-995405/target-a0/cinder/__init__.py:21: EventletDeprecationWarning: 
Eventlet is deprecated. It is currently being maintained in bugfix mode, and
we strongly recommend against using it for new projects.

If you are already using Eventlet, we recommend migrating to a different
framework.  For more detail see
https://eventlet.readthedocs.io/en/latest/asyncio/migration.html

  import eventlet  # noqa
/home/zhihao/hdd/marshal/.work/rebuild_996511_995405/fresh-case/replay-work/formal-opendev-996511--target-995405/target-a0/cinder/__init__.py:21: EventletDeprecationWarning: 
Eventlet is deprecated. It is currently being maintained in bugfix mode, and
we strongly recommend against using it for new projects.

If you are already using Eventlet, we recommend migrating to a different
framework.  For more detail see
https://eventlet.readthedocs.io/en/latest/asyncio/migration.html

  import eventlet  # noqa
/home/zhihao/hdd/marshal/.work/rebuild_996511_995405/fresh-case/replay-work/formal-opendev-996511--target-995405/target-a0/cinder/__init__.py:21: EventletDeprecationWarning: 
Eventlet is deprecated. It is currently being maintained in bugfix mode, and
we strongly recommend against using it for new projects.

If you are already using Eventlet, we recommend migrating to a different
framework.  For more detail see
https://eventlet.readthedocs.io/en/latest/asyncio/migration.html

  import eventlet  # noqa
/home/zhihao/hdd/marshal/.work/rebuild_996511_995405/fresh-case/replay-work/formal-opendev-996511--target-995405/target-a0/cinder/__init__.py:21: EventletDeprecationWarning: 
Eventlet is deprecated. It is currently being maintained in bugfix mode, and
we strongly recommend against using it for new projects.

If you are already using Eventlet, we recommend migrating to a different
framework.  For more detail see
https://eventlet.readthedocs.io/en/latest/asyncio/migration.html

  import eventlet  # noqa
/home/zhihao/hdd/marshal/.work/rebuild_996511_995405/fresh-case/replay-work/formal-opendev-996511--target-995405/target-a0/cinder/__init__.py:21: EventletDeprecationWarning: 
Eventlet is deprecated. It is currently being maintained in bugfix mode, and
we strongly recommend against using it for new projects.

If you are already using Eventlet, we recommend migrating to a different
framework.  For more detail see
https://eventlet.readthedocs.io/en/latest/asyncio/migration.html

  import eventlet  # noqa
/home/zhihao/hdd/marshal/.work/rebuild_996511_995405/fresh-case/replay-work/formal-opendev-996511--target-995405/target-a0/cinder/__init__.py:21: EventletDeprecationWarning: 
Eventlet is deprecated. It is currently being maintained in bugfix mode, and
we strongly recommend against using it for new projects.

If you are already using Eventlet, we recommend migrating to a different
framework.  For more detail see
https://eventlet.readthedocs.io/en/latest/asyncio/migration.html

  import eventlet  # noqa
/home/zhihao/hdd/marshal/.work/rebuild_996511_995405/fresh-case/replay-work/formal-opendev-996511--target-995405/target-a0/cinder/__init__.py:21: EventletDeprecationWarning: 
Eventlet is deprecated. It is currently being maintained in bugfix mode, and
we strongly recommend against using it for new projects.

If you are already using Eventlet, we recommend migrating to a different
framework.  For more detail see
https://eventlet.readthedocs.io/en/latest/asyncio/migration.html

  import eventlet  # noqa
/home/zhihao/hdd/marshal/.work/rebuild_996511_995405/fresh-case/replay-work/formal-opendev-996511--target-995405/target-a0/cinder/__init__.py:21: EventletDeprecationWarning: 
Eventlet is deprecated. It is currently being maintained in bugfix mode, and
we strongly recommend against using it for new projects.

If you are already using Eventlet, we recommend migrating to a different
framework.  For more detail see
https://eventlet.readthedocs.io/en/latest/asyncio/migration.html

  import eventlet  # noqa
/home/zhihao/hdd/marshal/.work/rebuild_996511_995405/fresh-case/replay-work/formal-opendev-996511--target-995405/target-a0/cinder/__init__.py:21: EventletDeprecationWarning: 
Eventlet is deprecated. It is currently being maintained in bugfix mode, and
we strongly recommend against using it for new projects.

If you are already using Eventlet, we recommend migrating to a different
framework.  For more detail see
https://eventlet.readthedocs.io/en/latest/asyncio/migration.html

  import eventlet  # noqa
/home/zhihao/hdd/marshal/.work/rebuild_996511_995405/fresh-case/replay-work/formal-opendev-996511--target-995405/target-a0/cinder/__init__.py:21: EventletDeprecationWarning: 
Eventlet is deprecated. It is currently being maintained in bugfix mode, and
we strongly recommend against using it for new projects.

If you are already using Eventlet, we recommend migrating to a different
framework.  For more detail see
https://eventlet.readthedocs.io/en/latest/asyncio/migration.html

  import eventlet  # noqa
1 RLock(s) were not greened, to fix this error make sure you run eventlet.monkey_patch() before importing any other modules.
1 RLock(s) were not greened, to fix this error make sure you run eventlet.monkey_patch() before importing any other modules.
/home/zhihao/hdd/marshal/.work/rebuild_996511_995405/fresh-case/replay-work/formal-opendev-996511--target-995405/target-a0/cinder/__init__.py:21: EventletDeprecationWarning: 
Eventlet is deprecated. It is currently being maintained in bugfix mode, and
we strongly recommend against using it for new projects.

If you are already using Eventlet, we recommend migrating to a different
framework.  For more detail see
https://eventlet.readthedocs.io/en/latest/asyncio/migration.html

  import eventlet  # noqa
1 RLock(s) were not greened, to fix this error make sure you run eventlet.monkey_patch() before importing any other modules.
/home/zhihao/hdd/marshal/.work/rebuild_996511_995405/fresh-case/replay-work/formal-opendev-996511--target-995405/target-a0/cinder/__init__.py:21: EventletDeprecationWarning: 
Eventlet is deprecated. It is currently being maintained in bugfix mode, and
we strongly recommend against using it for new projects.

If you are already using Eventlet, we recommend migrating to a different
framework.  For more detail see
https://eventlet.readthedocs.io/en/latest/asyncio/migration.html

  import eventlet  # noqa
1 RLock(s) were not greened, to fix this error make sure you run eventlet.monkey_patch() before importing any other modules.
1 RLock(s) were not greened, to fix this error make sure you run eventlet.monkey_patch() before importing any other modules.
/home/zhihao/hdd/marshal/.work/rebuild_996511_995405/fresh-case/replay-work/formal-opendev-996511--target-995405/target-a0/cinder/__init__.py:21: EventletDeprecationWarning: 
Eventlet is deprecated. It is currently being maintained in bugfix mode, and
we strongly recommend against using it for new projects.

If you are already using Eventlet, we recommend migrating to a different
framework.  For more detail see
https://eventlet.readthedocs.io/en/latest/asyncio/migration.html

  import eventlet  # noqa
1 RLock(s) were not greened, to fix this error make sure you run eventlet.monkey_patch() before importing any other modules.
/home/zhihao/hdd/marshal/.work/rebuild_996511_995405/fresh-case/replay-work/formal-opendev-996511--target-995405/target-a0/cinder/__init__.py:21: EventletDeprecationWarning: 
Eventlet is deprecated. It is currently being maintained in bugfix mode, and
we strongly recommend against using it for new projects.

If you are already using Eventlet, we recommend migrating to a different
framework.  For more detail see
https://eventlet.readthedocs.io/en/latest/asyncio/migration.html

  import eventlet  # noqa
/home/zhihao/hdd/marshal/.work/rebuild_996511_995405/fresh-case/replay-work/formal-opendev-996511--target-995405/target-a0/cinder/__init__.py:21: EventletDeprecationWarning: 
Eventlet is deprecated. It is currently being maintained in bugfix mode, and
we strongly recommend against using it for new projects.

If you are already using Eventlet, we recommend migrating to a different
framework.  For more detail see
https://eventlet.readthedocs.io/en/latest/asyncio/migration.html

  import eventlet  # noqa
1 RLock(s) were not greened, to fix this error make sure you run eventlet.monkey_patch() before importing any other modules.
1 RLock(s) were not greened, to fix this error make sure you run eventlet.monkey_patch() before importing any other modules.
/home/zhihao/hdd/marshal/.work/rebuild_996511_995405/fresh-case/replay-work/formal-opendev-996511--target-995405/target-a0/cinder/__init__.py:21: EventletDeprecationWarning: 
Eventlet is deprecated. It is currently being maintained in bugfix mode, and
we strongly recommend against using it for new projects.

If you are already using Eventlet, we recommend migrating to a different
framework.  For more detail see
https://eventlet.readthedocs.io/en/latest/asyncio/migration.html

  import eventlet  # noqa
/home/zhihao/hdd/marshal/.work/rebuild_996511_995405/fresh-case/replay-work/formal-opendev-996511--target-995405/target-a0/cinder/__init__.py:21: EventletDeprecationWarning: 
Eventlet is deprecated. It is currently being maintained in bugfix mode, and
we strongly recommend against using it for new projects.

If you are already using Eventlet, we recommend migrating to a different
framework.  For more detail see
https://eventlet.readthedocs.io/en/latest/asyncio/migration.html

  import eventlet  # noqa
1 RLock(s) were not greened, to fix this error make sure you run eventlet.monkey_patch() before importing any other modules.
/home/zhihao/hdd/marshal/.work/rebuild_996511_995405/fresh-case/replay-work/formal-opendev-996511--target-995405/target-a0/cinder/__init__.py:21: EventletDeprecationWarning: 
Eventlet is deprecated. It is currently being maintained in bugfix mode, and
we strongly recommend against using it for new projects.

If you are already using Eventlet, we recommend migrating to a different
framework.  For more detail see
https://eventlet.readthedocs.io/en/latest/asyncio/migration.html

  import eventlet  # noqa
/home/zhihao/hdd/marshal/.work/rebuild_996511_995405/fresh-case/replay-work/formal-opendev-996511--target-995405/target-a0/cinder/__init__.py:21: EventletDeprecationWarning: 
Eventlet is deprecated. It is currently being maintained in bugfix mode, and
we strongly recommend against using it for new projects.

If you are already using Eventlet, we recommend migrating to a different
framework.  For more detail see
https://eventlet.readthedocs.io/en/latest/asyncio/migration.html

  import eventlet  # noqa
/home/zhihao/hdd/marshal/.work/rebuild_996511_995405/fresh-case/replay-work/formal-opendev-996511--target-995405/target-a0/cinder/__init__.py:21: EventletDeprecationWarning: 
Eventlet is deprecated. It is currently being maintained in bugfix mode, and
we strongly recommend against using it for new projects.

If you are already using Eventlet, we recommend migrating to a different
framework.  For more detail see
https://eventlet.readthedocs.io/en/latest/asyncio/migration.html

  import eventlet  # noqa
/home/zhihao/hdd/marshal/.work/rebuild_996511_995405/fresh-case/replay-work/formal-opendev-996511--target-995405/target-a0/cinder/__init__.py:21: EventletDeprecationWarning: 
Eventlet is deprecated. It is currently being maintained in bugfix mode, and
we strongly recommend against using it for new projects.

If you are already using Eventlet, we recommend migrating to a different
framework.  For more detail see
https://eventlet.readthedocs.io/en/latest/asyncio/migration.html

  import eventlet  # noqa
1 RLock(s) were not greened, to fix this error make sure you run eventlet.monkey_patch() before importing any other modules.
/home/zhihao/hdd/marshal/.work/rebuild_996511_995405/fresh-case/replay-work/formal-opendev-996511--target-995405/target-a0/cinder/__init__.py:21: EventletDeprecationWarning: 
Eventlet is deprecated. It is currently being maintained in bugfix mode, and
we strongly recommend against using it for new projects.

If you are already using Eventlet, we recommend migrating to a different
framework.  For more detail see
https://eventlet.readthedocs.io/en/latest/asyncio/migration.html

  import eventlet  # noqa
/home/zhihao/hdd/marshal/.work/rebuild_996511_995405/fresh-case/replay-work/formal-opendev-996511--target-995405/target-a0/cinder/__init__.py:21: EventletDeprecationWarning: 
Eventlet is deprecated. It is currently being maintained in bugfix mode, and
we strongly recommend against using it for new projects.

If you are already using Eventlet, we recommend migrating to a different
framework.  For more detail see
https://eventlet.readthedocs.io/en/latest/asyncio/migration.html

  import eventlet  # noqa
1 RLock(s) were not greened, to fix this error make sure you run eventlet.monkey_patch() before importing any other modules.
/home/zhihao/hdd/marshal/.work/rebuild_996511_995405/fresh-case/replay-work/formal-opendev-996511--target-995405/target-a0/cinder/__init__.py:21: EventletDeprecationWarning: 
Eventlet is deprecated. It is currently being maintained in bugfix mode, and
we strongly recommend against using it for new projects.

If you are already using Eventlet, we recommend migrating to a different
framework.  For more detail see
https://eventlet.readthedocs.io/en/latest/asyncio/migration.html

  import eventlet  # noqa
1 RLock(s) were not greened, to fix this error make sure you run eventlet.monkey_patch() before importing any other modules.
/home/zhihao/hdd/marshal/.work/rebuild_996511_995405/fresh-case/replay-work/formal-opendev-996511--target-995405/target-a0/cinder/__init__.py:21: EventletDeprecationWarning: 
Eventlet is deprecated. It is currently being maintained in bugfix mode, and
we strongly recommend against using it for new projects.

If you are already using Eventlet, we recommend migrating to a different
framework.  For more detail see
https://eventlet.readthedocs.io/en/latest/asyncio/migration.html

  import eventlet  # noqa
1 RLock(s) were not greened, to fix this error make sure you run eventlet.monkey_patch() before importing any other modules.
/home/zhihao/hdd/marshal/.work/rebuild_996511_995405/fresh-case/replay-work/formal-opendev-996511--target-995405/target-a0/cinder/__init__.py:21: EventletDeprecationWarning: 
Eventlet is deprecated. It is currently being maintained in bugfix mode, and
we strongly recommend against using it for new projects.

If you are already using Eventlet, we recommend migrating to a different
framework.  For more detail see
https://eventlet.readthedocs.io/en/latest/asyncio/migration.html

  import eventlet  # noqa
/home/zhihao/hdd/marshal/.work/rebuild_996511_995405/fresh-case/replay-work/formal-opendev-996511--target-995405/target-a0/cinder/__init__.py:21: EventletDeprecationWarning: 
Eventlet is deprecated. It is currently being maintained in bugfix mode, and
we strongly recommend against using it for new projects.

If you are already using Eventlet, we recommend migrating to a different
framework.  For more detail see
https://eventlet.readthedocs.io/en/latest/asyncio/migration.html

  import eventlet  # noqa
1 RLock(s) were not greened, to fix this error make sure you run eventlet.monkey_patch() before importing any other modules.
/home/zhihao/hdd/marshal/.work/rebuild_996511_995405/fresh-case/replay-work/formal-opendev-996511--target-995405/target-a0/cinder/__init__.py:21: EventletDeprecationWarning: 
Eventlet is deprecated. It is currently being maintained in bugfix mode, and
we strongly recommend against using it for new projects.

If you are already using Eventlet, we recommend migrating to a different
framework.  For more detail see
https://eventlet.readthedocs.io/en/latest/asyncio/migration.html

  import eventlet  # noqa
1 RLock(s) were not greened, to fix this error make sure you run eventlet.monkey_patch() before importing any other modules.
/home/zhihao/hdd/marshal/.work/rebuild_996511_995405/fresh-case/replay-work/formal-opendev-996511--target-995405/target-a0/cinder/__init__.py:21: EventletDeprecationWarning: 
Eventlet is deprecated. It is currently being maintained in bugfix mode, and
we strongly recommend against using it for new projects.

If you are already using Eventlet, we recommend migrating to a different
framework.  For more detail see
https://eventlet.readthedocs.io/en/latest/asyncio/migration.html

  import eventlet  # noqa
1 RLock(s) were not greened, to fix this error make sure you run eventlet.monkey_patch() before importing any other modules.
1 RLock(s) were not greened, to fix this error make sure you run eventlet.monkey_patch() before importing any other modules.
/home/zhihao/hdd/marshal/.work/rebuild_996511_995405/fresh-case/replay-work/formal-opendev-996511--target-995405/target-a0/cinder/__init__.py:21: EventletDeprecationWarning: 
Eventlet is deprecated. It is currently being maintained in bugfix mode, and
we strongly recommend against using it for new projects.

If you are already using Eventlet, we recommend migrating to a different
framework.  For more detail see
https://eventlet.readthedocs.io/en/latest/asyncio/migration.html

  import eventlet  # noqa
1 RLock(s) were not greened, to fix this error make sure you run eventlet.monkey_patch() before importing any other modules.
/home/zhihao/hdd/marshal/.work/rebuild_996511_995405/fresh-case/replay-work/formal-opendev-996511--target-995405/target-a0/cinder/__init__.py:21: EventletDeprecationWarning: 
Eventlet is deprecated. It is currently being maintained in bugfix mode, and
we strongly recommend against using it for new projects.

If you are already using Eventlet, we recommend migrating to a different
framework.  For more detail see
https://eventlet.readthedocs.io/en/latest/asyncio/migration.html

  import eventlet  # noqa
1 RLock(s) were not greened, to fix this error make sure you run eventlet.monkey_patch() before importing any other modules.
/home/zhihao/hdd/marshal/.work/rebuild_996511_995405/fresh-case/replay-work/formal-opendev-996511--target-995405/target-a0/cinder/__init__.py:21: EventletDeprecationWarning: 
Eventlet is deprecated. It is currently being maintained in bugfix mode, and
we strongly recommend against using it for new projects.

If you are already using Eventlet, we recommend migrating to a different
framework.  For more detail see
https://eventlet.readthedocs.io/en/latest/asyncio/migration.html

  import eventlet  # noqa
1 RLock(s) were not greened, to fix this error make sure you run eventlet.monkey_patch() before importing any other modules.
/home/zhihao/hdd/marshal/.work/rebuild_996511_995405/fresh-case/replay-work/formal-opendev-996511--target-995405/target-a0/cinder/__init__.py:21: EventletDeprecationWarning: 
Eventlet is deprecated. It is currently being maintained in bugfix mode, and
we strongly recommend against using it for new projects.

If you are already using Eventlet, we recommend migrating to a different
framework.  For more detail see
https://eventlet.readthedocs.io/en/latest/asyncio/migration.html

  import eventlet  # noqa
/home/zhihao/hdd/marshal/.work/rebuild_996511_995405/fresh-case/replay-work/formal-opendev-996511--target-995405/target-a0/cinder/__init__.py:21: EventletDeprecationWarning: 
Eventlet is deprecated. It is currently being maintained in bugfix mode, and
we strongly recommend against using it for new projects.

If you are already using Eventlet, we recommend migrating to a different
framework.  For more detail see
https://eventlet.readthedocs.io/en/latest/asyncio/migration.html

  import eventlet  # noqa
1 RLock(s) were not greened, to fix this error make sure you run eventlet.monkey_patch() before importing any other modules.
1 RLock(s) were not greened, to fix this error make sure you run eventlet.monkey_patch() before importing any other modules.
/home/zhihao/hdd/marshal/.work/rebuild_996511_995405/fresh-case/replay-work/formal-opendev-996511--target-995405/target-a0/cinder/__init__.py:21: EventletDeprecationWarning: 
Eventlet is deprecated. It is currently being maintained in bugfix mode, and
we strongly recommend against using it for new projects.

If you are already using Eventlet, we recommend migrating to a different
framework.  For more detail see
https://eventlet.readthedocs.io/en/latest/asyncio/migration.html

  import eventlet  # noqa
1 RLock(s) were not greened, to fix this error make sure you run eventlet.monkey_patch() before importing any other modules.
1 RLock(s) were not greened, to fix this error make sure you run eventlet.monkey_patch() before importing any other modules.
/home/zhihao/hdd/marshal/.work/rebuild_996511_995405/fresh-case/replay-work/formal-opendev-996511--target-995405/target-a0/cinder/__init__.py:21: EventletDeprecationWarning: 
Eventlet is deprecated. It is currently being maintained in bugfix mode, and
we strongly recommend against using it for new projects.

If you are already using Eventlet, we recommend migrating to a different
framework.  For more detail see
https://eventlet.readthedocs.io/en/latest/asyncio/migration.html

  import eventlet  # noqa
1 RLock(s) were not greened, to fix this error make sure you run eventlet.monkey_patch() before importing any other modules.
/home/zhihao/hdd/marshal/.work/rebuild_996511_995405/fresh-case/replay-work/formal-opendev-996511--target-995405/target-a0/cinder/__init__.py:21: EventletDeprecationWarning: 
Eventlet is deprecated. It is currently being maintained in bugfix mode, and
we strongly recommend against using it for new projects.

If you are already using Eventlet, we recommend migrating to a different
framework.  For more detail see
https://eventlet.readthedocs.io/en/latest/asyncio/migration.html

  import eventlet  # noqa
/home/zhihao/hdd/marshal/.work/rebuild_996511_995405/fresh-case/replay-work/formal-opendev-996511--target-995405/target-a0/cinder/__init__.py:21: EventletDeprecationWarning: 
Eventlet is deprecated. It is currently being maintained in bugfix mode, and
we strongly recommend against using it for new projects.

If you are already using Eventlet, we recommend migrating to a different
framework.  For more detail see
https://eventlet.readthedocs.io/en/latest/asyncio/migration.html

  import eventlet  # noqa
1 RLock(s) were not greened, to fix this error make sure you run eventlet.monkey_patch() before importing any other modules.
1 RLock(s) were not greened, to fix this error make sure you run eventlet.monkey_patch() before importing any other modules.
/home/zhihao/hdd/marshal/.work/rebuild_996511_995405/fresh-case/replay-work/formal-opendev-996511--target-995405/target-a0/cinder/__init__.py:21: EventletDeprecationWarning: 
Eventlet is deprecated. It is currently being maintained in bugfix mode, and
we strongly recommend against using it for new projects.

If you are already using Eventlet, we recommend migrating to a different
framework.  For more detail see
https://eventlet.readthedocs.io/en/latest/asyncio/migration.html

  import eventlet  # noqa
/home/zhihao/hdd/marshal/.work/rebuild_996511_995405/fresh-case/replay-work/formal-opendev-996511--target-995405/target-a0/cinder/__init__.py:21: EventletDeprecationWarning: 
Eventlet is deprecated. It is currently being maintained in bugfix mode, and
we strongly recommend against using it for new projects.

If you are already using Eventlet, we recommend migrating to a different
framework.  For more detail see
https://eventlet.readthedocs.io/en/latest/asyncio/migration.html

  import eventlet  # noqa
1 RLock(s) were not greened, to fix this error make sure you run eventlet.monkey_patch() before importing any other modules.
/home/zhihao/hdd/marshal/.work/rebuild_996511_995405/fresh-case/replay-work/formal-opendev-996511--target-995405/target-a0/cinder/__init__.py:21: EventletDeprecationWarning: 
Eventlet is deprecated. It is currently being maintained in bugfix mode, and
we strongly recommend against using it for new projects.

If you are already using Eventlet, we recommend migrating to a different
framework.  For more detail see
https://eventlet.readthedocs.io/en/latest/asyncio/migration.html

  import eventlet  # noqa
1 RLock(s) were not greened, to fix this error make sure you run eventlet.monkey_patch() before importing any other modules.
/home/zhihao/hdd/marshal/.work/rebuild_996511_995405/fresh-case/replay-work/formal-opendev-996511--target-995405/target-a0/cinder/__init__.py:21: EventletDeprecationWarning: 
Eventlet is deprecated. It is currently being maintained in bugfix mode, and
we strongly recommend against using it for new projects.

If you are already using Eventlet, we recommend migrating to a different
framework.  For more detail see
https://eventlet.readthedocs.io/en/latest/asyncio/migration.html

  import eventlet  # noqa
1 RLock(s) were not greened, to fix this error make sure you run eventlet.monkey_patch() before importing any other modules.
1 RLock(s) were not greened, to fix this error make sure you run eventlet.monkey_patch() before importing any other modules.
/home/zhihao/hdd/marshal/.work/rebuild_996511_995405/fresh-case/replay-work/formal-opendev-996511--target-995405/target-a0/cinder/__init__.py:21: EventletDeprecationWarning: 
Eventlet is deprecated. It is currently being maintained in bugfix mode, and
we strongly recommend against using it for new projects.

If you are already using Eventlet, we recommend migrating to a different
framework.  For more detail see
https://eventlet.readthedocs.io/en/latest/asyncio/migration.html

  import eventlet  # noqa
1 RLock(s) were not greened, to fix this error make sure you run eventlet.monkey_patch() before importing any other modules.
/home/zhihao/hdd/marshal/.work/rebuild_996511_995405/fresh-case/replay-work/formal-opendev-996511--target-995405/target-a0/cinder/__init__.py:21: EventletDeprecationWarning: 
Eventlet is deprecated. It is currently being maintained in bugfix mode, and
we strongly recommend against using it for new projects.

If you are already using Eventlet, we recommend migrating to a different
framework.  For more detail see
https://eventlet.readthedocs.io/en/latest/asyncio/migration.html

  import eventlet  # noqa
1 RLock(s) were not greened, to fix this error make sure you run eventlet.monkey_patch() before importing any other modules.
1 RLock(s) were not greened, to fix this error make sure you run eventlet.monkey_patch() before importing any other modules.
/home/zhihao/hdd/marshal/.work/rebuild_996511_995405/fresh-case/replay-work/formal-opendev-996511--target-995405/target-a0/cinder/__init__.py:21: EventletDeprecationWarning: 
Eventlet is deprecated. It is currently being maintained in bugfix mode, and
we strongly recommend against using it for new projects.

If you are already using Eventlet, we recommend migrating to a different
framework.  For more detail see
https://eventlet.readthedocs.io/en/latest/asyncio/migration.html

  import eventlet  # noqa
1 RLock(s) were not greened, to fix this error make sure you run eventlet.monkey_patch() before importing any other modules.
1 RLock(s) were not greened, to fix this error make sure you run eventlet.monkey_patch() before importing any other modules.
/home/zhihao/hdd/marshal/.work/rebuild_996511_995405/fresh-case/replay-work/formal-opendev-996511--target-995405/target-a0/cinder/__init__.py:21: EventletDeprecationWarning: 
Eventlet is deprecated. It is currently being maintained in bugfix mode, and
we strongly recommend against using it for new projects.

If you are already using Eventlet, we recommend migrating to a different
framework.  For more detail see
https://eventlet.readthedocs.io/en/latest/asyncio/migration.html

  import eventlet  # noqa
/home/zhihao/hdd/marshal/.work/rebuild_996511_995405/fresh-case/replay-work/formal-opendev-996511--target-995405/target-a0/cinder/__init__.py:21: EventletDeprecationWarning: 
Eventlet is deprecated. It is currently being maintained in bugfix mode, and
we strongly recommend against using it for new projects.

If you are already using Eventlet, we recommend migrating to a different
framework.  For more detail see
https://eventlet.readthedocs.io/en/latest/asyncio/migration.html

  import eventlet  # noqa
1 RLock(s) were not greened, to fix this error make sure you run eventlet.monkey_patch() before importing any other modules.
/home/zhihao/hdd/marshal/.work/rebuild_996511_995405/fresh-case/replay-work/formal-opendev-996511--target-995405/target-a0/cinder/__init__.py:21: EventletDeprecationWarning: 
Eventlet is deprecated. It is currently being maintained in bugfix mode, and
we strongly recommend against using it for new projects.

If you are already using Eventlet, we recommend migrating to a different
framework.  For more detail see
https://eventlet.readthedocs.io/en/latest/asyncio/migration.html

  import eventlet  # noqa
1 RLock(s) were not greened, to fix this error make sure you run eventlet.monkey_patch() before importing any other modules.
/home/zhihao/hdd/marshal/.work/rebuild_996511_995405/fresh-case/replay-work/formal-opendev-996511--target-995405/target-a0/cinder/__init__.py:21: EventletDeprecationWarning: 
Eventlet is deprecated. It is currently being maintained in bugfix mode, and
we strongly recommend against using it for new projects.

If you are already using Eventlet, we recommend migrating to a different
framework.  For more detail see
https://eventlet.readthedocs.io/en/latest/asyncio/migration.html

  import eventlet  # noqa
1 RLock(s) were not greened, to fix this error make sure you run eventlet.monkey_patch() before importing any other modules.
/home/zhihao/hdd/marshal/.work/rebuild_996511_995405/fresh-case/replay-work/formal-opendev-996511--target-995405/target-a0/cinder/__init__.py:21: EventletDeprecationWarning: 
Eventlet is deprecated. It is currently being maintained in bugfix mode, and
we strongly recommend against using it for new projects.

If you are already using Eventlet, we recommend migrating to a different
framework.  For more detail see
https://eventlet.readthedocs.io/en/latest/asyncio/migration.html

  import eventlet  # noqa
1 RLock(s) were not greened, to fix this error make sure you run eventlet.monkey_patch() before importing any other modules.
/home/zhihao/hdd/marshal/.work/rebuild_996511_995405/fresh-case/replay-work/formal-opendev-996511--target-995405/target-a0/cinder/__init__.py:21: EventletDeprecationWarning: 
Eventlet is deprecated. It is currently being maintained in bugfix mode, and
we strongly recommend against using it for new projects.

If you are already using Eventlet, we recommend migrating to a different
framework.  For more detail see
https://eventlet.readthedocs.io/en/latest/asyncio/migration.html

  import eventlet  # noqa
1 RLock(s) were not greened, to fix this error make sure you run eventlet.monkey_patch() before importing any other modules.
/home/zhihao/hdd/marshal/.work/rebuild_996511_995405/fresh-case/replay-work/formal-opendev-996511--target-995405/target-a0/cinder/__init__.py:21: EventletDeprecationWarning: 
Eventlet is deprecated. It is currently being maintained in bugfix mode, and
we strongly recommend against using it for new projects.

If you are already using Eventlet, we recommend migrating to a different
framework.  For more detail see
https://eventlet.readthedocs.io/en/latest/asyncio/migration.html

  import eventlet  # noqa
/home/zhihao/hdd/marshal/.work/rebuild_996511_995405/fresh-case/replay-work/formal-opendev-996511--target-995405/target-a0/cinder/__init__.py:21: EventletDeprecationWarning: 
Eventlet is deprecated. It is currently being maintained in bugfix mode, and
we strongly recommend against using it for new projects.

If you are already using Eventlet, we recommend migrating to a different
framework.  For more detail see
https://eventlet.readthedocs.io/en/latest/asyncio/migration.html

  import eventlet  # noqa
1 RLock(s) were not greened, to fix this error make sure you run eventlet.monkey_patch() before importing any other modules.
1 RLock(s) were not greened, to fix this error make sure you run eventlet.monkey_patch() before importing any other modules.
/home/zhihao/hdd/marshal/.work/rebuild_996511_995405/fresh-case/replay-work/formal-opendev-996511--target-995405/target-a0/cinder/__init__.py:21: EventletDeprecationWarning: 
Eventlet is deprecated. It is currently being maintained in bugfix mode, and
we strongly recommend against using it for new projects.

If you are already using Eventlet, we recommend migrating to a different
framework.  For more detail see
https://eventlet.readthedocs.io/en/latest/asyncio/migration.html

  import eventlet  # noqa
1 RLock(s) were not greened, to fix this error make sure you run eventlet.monkey_patch() before importing any other modules.
/home/zhihao/hdd/marshal/.work/rebuild_996511_995405/fresh-case/replay-work/formal-opendev-996511--target-995405/target-a0/cinder/__init__.py:21: EventletDeprecationWarning: 
Eventlet is deprecated. It is currently being maintained in bugfix mode, and
we strongly recommend against using it for new projects.

If you are already using Eventlet, we recommend migrating to a different
framework.  For more detail see
https://eventlet.readthedocs.io/en/latest/asyncio/migration.html

  import eventlet  # noqa
1 RLock(s) were not greened, to fix this error make sure you run eventlet.monkey_patch() before importing any other modules.
1 RLock(s) were not greened, to fix this error make sure you run eventlet.monkey_patch() before importing any other modules.
/home/zhihao/hdd/marshal/.work/rebuild_996511_995405/fresh-case/replay-work/formal-opendev-996511--target-995405/target-a0/cinder/__init__.py:21: EventletDeprecationWarning: 
Eventlet is deprecated. It is currently being maintained in bugfix mode, and
we strongly recommend against using it for new projects.

If you are already using Eventlet, we recommend migrating to a different
framework.  For more detail see
https://eventlet.readthedocs.io/en/latest/asyncio/migration.html

  import eventlet  # noqa
1 RLock(s) were not greened, to fix this error make sure you run eventlet.monkey_patch() before importing any other modules.
/home/zhihao/hdd/marshal/.work/rebuild_996511_995405/fresh-case/replay-work/formal-opendev-996511--target-995405/target-a0/cinder/__init__.py:21: EventletDeprecationWarning: 
Eventlet is deprecated. It is currently being maintained in bugfix mode, and
we strongly recommend against using it for new projects.

If you are already using Eventlet, we recommend migrating to a different
framework.  For more detail see
https://eventlet.readthedocs.io/en/latest/asyncio/migration.html

  import eventlet  # noqa
1 RLock(s) were not greened, to fix this error make sure you run eventlet.monkey_patch() before importing any other modules.
1 RLock(s) were not greened, to fix this error make sure you run eventlet.monkey_patch() before importing any other modules.
1 RLock(s) were not greened, to fix this error make sure you run eventlet.monkey_patch() before importing any other modules.
1 RLock(s) were not greened, to fix this error make sure you run eventlet.monkey_patch() before importing any other modules.
1 RLock(s) were not greened, to fix this error make sure you run eventlet.monkey_patch() before importing any other modules.
1 RLock(s) were not greened, to fix this error make sure you run eventlet.monkey_patch() before importing any other modules.
/home/zhihao/hdd/marshal/.work/rebuild_996511_995405/fresh-case/replay-work/formal-opendev-996511--target-995405/target-a0/cinder/__init__.py:21: EventletDeprecationWarning: 
Eventlet is deprecated. It is currently being maintained in bugfix mode, and
we strongly recommend against using it for new projects.

If you are already using Eventlet, we recommend migrating to a different
framework.  For more detail see
https://eventlet.readthedocs.io/en/latest/asyncio/migration.html

  import eventlet  # noqa
1 RLock(s) were not greened, to fix this error make sure you run eventlet.monkey_patch() before importing any other modules.
/home/zhihao/hdd/marshal/.work/rebuild_996511_995405/fresh-case/replay-work/formal-opendev-996511--target-995405/target-a0/cinder/__init__.py:21: EventletDeprecationWarning: 
Eventlet is deprecated. It is currently being maintained in bugfix mode, and
we strongly recommend against using it for new projects.

If you are already using Eventlet, we recommend migrating to a different
framework.  For more detail see
https://eventlet.readthedocs.io/en/latest/asyncio/migration.html

  import eventlet  # noqa
1 RLock(s) were not greened, to fix this error make sure you run eventlet.monkey_patch() before importing any other modules.
1 RLock(s) were not greened, to fix this error make sure you run eventlet.monkey_patch() before importing any other modules.
1 RLock(s) were not greened, to fix this error make sure you run eventlet.monkey_patch() before importing any other modules.
/home/zhihao/hdd/marshal/.work/rebuild_996511_995405/fresh-case/replay-work/formal-opendev-996511--target-995405/target-a0/cinder/__init__.py:21: EventletDeprecationWarning: 
Eventlet is deprecated. It is currently being maintained in bugfix mode, and
we strongly recommend against using it for new projects.

If you are already using Eventlet, we recommend migrating to a different
framework.  For more detail see
https://eventlet.readthedocs.io/en/latest/asyncio/migration.html

  import eventlet  # noqa
1 RLock(s) were not greened, to fix this error make sure you run eventlet.monkey_patch() before importing any other modules.
1 RLock(s) were not greened, to fix this error make sure you run eventlet.monkey_patch() before importing any other modules.
1 RLock(s) were not greened, to fix this error make sure you run eventlet.monkey_patch() before importing any other modules.
1 RLock(s) were not greened, to fix this error make sure you run eventlet.monkey_patch() before importing any other modules.
/home/zhihao/hdd/marshal/.work/rebuild_996511_995405/fresh-case/replay-work/formal-opendev-996511--target-995405/target-a0/cinder/__init__.py:21: EventletDeprecationWarning: 
Eventlet is deprecated. It is currently being maintained in bugfix mode, and
we strongly recommend against using it for new projects.

If you are already using Eventlet, we recommend migrating to a different
framework.  For more detail see
https://eventlet.readthedocs.io/en/latest/asyncio/migration.html

  import eventlet  # noqa
1 RLock(s) were not greened, to fix this error make sure you run eventlet.monkey_patch() before importing any other modules.
/home/zhihao/hdd/marshal/.work/rebuild_996511_995405/fresh-case/replay-work/formal-opendev-996511--target-995405/target-a0/cinder/__init__.py:21: EventletDeprecationWarning: 
Eventlet is deprecated. It is currently being maintained in bugfix mode, and
we strongly recommend against using it for new projects.

If you are already using Eventlet, we recommend migrating to a different
framework.  For more detail see
https://eventlet.readthedocs.io/en/latest/asyncio/migration.html

  import eventlet  # noqa
1 RLock(s) were not greened, to fix this error make sure you run eventlet.monkey_patch() before importing any other modules.
/home/zhihao/hdd/marshal/.work/rebuild_996511_995405/fresh-case/replay-work/formal-opendev-996511--target-995405/target-a0/cinder/__init__.py:21: EventletDeprecationWarning: 
Eventlet is deprecated. It is currently being maintained in bugfix mode, and
we strongly recommend against using it for new projects.

If you are already using Eventlet, we recommend migrating to a different
framework.  For more detail see
https://eventlet.readthedocs.io/en/latest/asyncio/migration.html

  import eventlet  # noqa
/home/zhihao/hdd/marshal/.work/rebuild_996511_995405/fresh-case/replay-work/formal-opendev-996511--target-995405/target-a0/cinder/__init__.py:21: EventletDeprecationWarning: 
Eventlet is deprecated. It is currently being maintained in bugfix mode, and
we strongly recommend against using it for new projects.

If you are already using Eventlet, we recommend migrating to a different
framework.  For more detail see
https://eventlet.readthedocs.io/en/latest/asyncio/migration.html

  import eventlet  # noqa
1 RLock(s) were not greened, to fix this error make sure you run eventlet.monkey_patch() before importing any other modules.
/home/zhihao/hdd/marshal/.work/rebuild_996511_995405/fresh-case/replay-work/formal-opendev-996511--target-995405/target-a0/cinder/__init__.py:21: EventletDeprecationWarning: 
Eventlet is deprecated. It is currently being maintained in bugfix mode, and
we strongly recommend against using it for new projects.

If you are already using Eventlet, we recommend migrating to a different
framework.  For more detail see
https://eventlet.readthedocs.io/en/latest/asyncio/migration.html

  import eventlet  # noqa
1 RLock(s) were not greened, to fix this error make sure you run eventlet.monkey_patch() before importing any other modules.
/home/zhihao/hdd/marshal/.work/rebuild_996511_995405/fresh-case/replay-work/formal-opendev-996511--target-995405/target-a0/cinder/__init__.py:21: EventletDeprecationWarning: 
Eventlet is deprecated. It is currently being maintained in bugfix mode, and
we strongly recommend against using it for new projects.

If you are already using Eventlet, we recommend migrating to a different
framework.  For more detail see
https://eventlet.readthedocs.io/en/latest/asyncio/migration.html

  import eventlet  # noqa
/home/zhihao/hdd/marshal/.work/rebuild_996511_995405/fresh-case/replay-work/formal-opendev-996511--target-995405/target-a0/cinder/__init__.py:21: EventletDeprecationWarning: 
Eventlet is deprecated. It is currently being maintained in bugfix mode, and
we strongly recommend against using it for new projects.

If you are already using Eventlet, we recommend migrating to a different
framework.  For more detail see
https://eventlet.readthedocs.io/en/latest/asyncio/migration.html

  import eventlet  # noqa
/home/zhihao/hdd/marshal/.work/rebuild_996511_995405/fresh-case/replay-work/formal-opendev-996511--target-995405/target-a0/cinder/__init__.py:21: EventletDeprecationWarning: 
Eventlet is deprecated. It is currently being maintained in bugfix mode, and
we strongly recommend against using it for new projects.

If you are already using Eventlet, we recommend migrating to a different
framework.  For more detail see
https://eventlet.readthedocs.io/en/latest/asyncio/migration.html

  import eventlet  # noqa
/home/zhihao/hdd/marshal/.work/rebuild_996511_995405/fresh-case/replay-work/formal-opendev-996511--target-995405/target-a0/cinder/__init__.py:21: EventletDeprecationWarning: 
Eventlet is deprecated. It is currently being maintained in bugfix mode, and
we strongly recommend against using it for new projects.

If you are already using Eventlet, we recommend migrating to a different
framework.  For more detail see
https://eventlet.readthedocs.io/en/latest/asyncio/migration.html

  import eventlet  # noqa
/home/zhihao/hdd/marshal/.work/rebuild_996511_995405/fresh-case/replay-work/formal-opendev-996511--target-995405/target-a0/cinder/__init__.py:21: EventletDeprecationWarning: 
Eventlet is deprecated. It is currently being maintained in bugfix mode, and
we strongly recommend against using it for new projects.

If you are already using Eventlet, we recommend migrating to a different
framework.  For more detail see
https://eventlet.readthedocs.io/en/latest/asyncio/migration.html

  import eventlet  # noqa
/home/zhihao/hdd/marshal/.work/rebuild_996511_995405/fresh-case/replay-work/formal-opendev-996511--target-995405/target-a0/cinder/__init__.py:21: EventletDeprecationWarning: 
Eventlet is deprecated. It is currently being maintained in bugfix mode, and
we strongly recommend against using it for new projects.

If you are already using Eventlet, we recommend migrating to a different
framework.  For more detail see
https://eventlet.readthedocs.io/en/latest/asyncio/migration.html

  import eventlet  # noqa
1 RLock(s) were not greened, to fix this error make sure you run eventlet.monkey_patch() before importing any other modules.
1 RLock(s) were not greened, to fix this error make sure you run eventlet.monkey_patch() before importing any other modules.
1 RLock(s) were not greened, to fix this error make sure you run eventlet.monkey_patch() before importing any other modules.
1 RLock(s) were not greened, to fix this error make sure you run eventlet.monkey_patch() before importing any other modules.
1 RLock(s) were not greened, to fix this error make sure you run eventlet.monkey_patch() before importing any other modules.
1 RLock(s) were not greened, to fix this error make sure you run eventlet.monkey_patch() before importing any other modules.
1 RLock(s) were not greened, to fix this error make sure you run eventlet.monkey_patch() before importing any other modules.
1 RLock(s) were not greened, to fix this error make sure you run eventlet.monkey_patch() before importing any other modules.
1 RLock(s) were not greened, to fix this error make sure you run eventlet.monkey_patch() before importing any other modules.
1 RLock(s) were not greened, to fix this error make sure you run eventlet.monkey_patch() before importing any other modules.
1 RLock(s) were not greened, to fix this error make sure you run eventlet.monkey_patch() before importing any other modules.
1 RLock(s) were not greened, to fix this error make sure you run eventlet.monkey_patch() before importing any other modules.
1 RLock(s) were not greened, to fix this error make sure you run eventlet.monkey_patch() before importing any other modules.
{67} cinder.tests.unit.policies.test_attachments.AttachmentsPolicySecureRbacTest.test_create_attachment_policy_6_project_reader [123.259888s] ... ok
{24} cinder.tests.unit.policies.test_attachments.AttachmentsPolicyTest.test_complete_attachment_policy_4_project_admin [123.276762s] ... ok
{38} cinder.tests.unit.policies.test_attachments.AttachmentsPolicyTest.test_delete_attachment_policy_1_legacy_admin [122.820534s] ... ok
{20} cinder.tests.unit.policies.test_attachments.AttachmentsPolicyTest.test_update_attachment_policy_4_project_admin [122.452727s] ... ok
/home/zhihao/hdd/marshal/.work/rebuild_996511_995405/fresh-case/replay-work/formal-opendev-996511--target-995405/target-a0/cinder/db/api.py:2468: SAWarning: SELECT statement has a cartesian product between FROM element(s) "volumes" and FROM element "volume_attachment".  Apply join condition(s) between each element to resolve.
  .first()
/home/zhihao/hdd/marshal/.work/rebuild_996511_995405/fresh-case/replay-work/formal-opendev-996511--target-995405/target-a0/cinder/db/api.py:2468: SAWarning: SELECT statement has a cartesian product between FROM element(s) "volumes" and FROM element "volumes_1".  Apply join condition(s) between each element to resolve.
  .first()
/home/zhihao/hdd/marshal/.work/rebuild_996511_995405/fresh-case/replay-work/formal-opendev-996511--target-995405/target-a0/cinder/db/api.py:2468: SAWarning: SELECT statement has a cartesian product between FROM element(s) "volumes" and FROM element "volume_attachment".  Apply join condition(s) between each element to resolve.
  .first()
/home/zhihao/hdd/marshal/.work/rebuild_996511_995405/fresh-case/replay-work/formal-opendev-996511--target-995405/target-a0/cinder/db/api.py:2468: SAWarning: SELECT statement has a cartesian product between FROM element(s) "volumes" and FROM element "volume_attachment".  Apply join condition(s) between each element to resolve.
  .first()
/home/zhihao/hdd/marshal/.work/rebuild_996511_995405/fresh-case/replay-work/formal-opendev-996511--target-995405/target-a0/cinder/db/api.py:2468: SAWarning: SELECT statement has a cartesian product between FROM element(s) "volumes" and FROM element "volumes_1".  Apply join condition(s) between each element to resolve.
  .first()
{64} cinder.tests.unit.policies.test_attachments.AttachmentsPolicyTest.test_create_attachment_policy_5_project_member [123.159946s] ... ok
{10} cinder.tests.unit.policies.test_attachments.AttachmentsPolicySecureRbacTest.test_complete_attachment_policy_7_project_foo [123.501073s] ... ok
{9} cinder.tests.unit.policies.test_attachments.AttachmentsPolicySecureRbacTest.test_delete_attachment_policy_5_project_member [123.436224s] ... ok
{75} cinder.tests.unit.policies.test_attachments.AttachmentsPolicyTest.test_multiattach_bootable_volume_policy_5_project_member [122.798279s] ... ok
{44} cinder.tests.unit.policies.test_attachments.AttachmentsPolicySecureRbacTest.test_create_attachment_policy_2_legacy_owner [123.605396s] ... ok
/home/zhihao/hdd/marshal/.work/rebuild_996511_995405/fresh-case/replay-work/formal-opendev-996511--target-995405/target-a0/cinder/db/api.py:2468: SAWarning: SELECT statement has a cartesian product between FROM element(s) "volumes" and FROM element "volume_attachment".  Apply join condition(s) between each element to resolve.
  .first()
/home/zhihao/hdd/marshal/.work/rebuild_996511_995405/fresh-case/replay-work/formal-opendev-996511--target-995405/target-a0/cinder/db/api.py:2468: SAWarning: SELECT statement has a cartesian product between FROM element(s) "volumes" and FROM element "volumes_1".  Apply join condition(s) between each element to resolve.
  .first()
/home/zhihao/hdd/marshal/.work/rebuild_996511_995405/fresh-case/replay-work/formal-opendev-996511--target-995405/target-a0/cinder/db/api.py:2468: SAWarning: SELECT statement has a cartesian product between FROM element(s) "volumes" and FROM element "volumes_1".  Apply join condition(s) between each element to resolve.
  .first()
{48} cinder.tests.unit.policies.test_attachments.AttachmentsPolicySecureRbacTest.test_update_attachment_policy_6_project_reader [123.478499s] ... ok
{73} cinder.tests.unit.policies.test_attachments.AttachmentsPolicySecureRbacTest.test_create_attachment_policy_3_system_admin [122.745312s] ... ok
{4} cinder.tests.unit.policies.test_attachments.AttachmentsPolicySecureRbacTest.test_create_attachment_policy_1_legacy_admin [123.728392s] ... ok
{57} cinder.tests.unit.policies.test_attachments.AttachmentsPolicyTest.test_update_attachment_policy_6_project_reader [123.710384s] ... ok
{1} cinder.tests.unit.policies.test_attachments.AttachmentsPolicySecureRbacTest.test_delete_attachment_policy_6_project_reader [123.719335s] ... ok
{26} cinder.tests.unit.policies.test_attachments.AttachmentsPolicySecureRbacTest.test_update_attachment_policy_1_legacy_admin [123.824412s] ... ok
/home/zhihao/hdd/marshal/.work/rebuild_996511_995405/fresh-case/replay-work/formal-opendev-996511--target-995405/target-a0/cinder/db/api.py:2468: SAWarning: SELECT statement has a cartesian product between FROM element(s) "volumes" and FROM element "volume_attachment".  Apply join condition(s) between each element to resolve.
  .first()
{77} cinder.tests.unit.policies.test_attachments.AttachmentsPolicySecureRbacTest.test_update_attachment_policy_5_project_member [124.245362s] ... ok
{37} cinder.tests.unit.policies.test_attachments.AttachmentsPolicyTest.test_multiattach_bootable_volume_policy_7_project_foo [124.296745s] ... ok
{61} cinder.tests.unit.policies.test_attachments.AttachmentsPolicySecureRbacTest.test_complete_attachment_policy_1_legacy_admin [124.255159s] ... ok
{42} cinder.tests.unit.policies.test_attachments.AttachmentsPolicyTest.test_multiattach_bootable_volume_policy_8_other_project_member [123.348818s] ... ok
{13} cinder.tests.unit.policies.test_attachments.AttachmentsPolicyTest.test_complete_attachment_policy_1_legacy_admin [124.317272s] ... ok
{14} cinder.tests.unit.policies.test_attachments.AttachmentsPolicySecureRbacTest.test_update_attachment_policy_4_project_admin [124.489468s] ... ok
{18} cinder.tests.unit.policies.test_attachments.AttachmentsPolicyTest.test_update_attachment_policy_1_legacy_admin [124.396602s] ... ok
/home/zhihao/hdd/marshal/.work/rebuild_996511_995405/fresh-case/replay-work/formal-opendev-996511--target-995405/target-a0/cinder/db/api.py:2468: SAWarning: SELECT statement has a cartesian product between FROM element(s) "volumes" and FROM element "volumes_1".  Apply join condition(s) between each element to resolve.
  .first()
/home/zhihao/hdd/marshal/.work/rebuild_996511_995405/fresh-case/replay-work/formal-opendev-996511--target-995405/target-a0/cinder/db/api.py:2468: SAWarning: SELECT statement has a cartesian product between FROM element(s) "volumes" and FROM element "volumes_1".  Apply join condition(s) between each element to resolve.
  .first()
/home/zhihao/hdd/marshal/.work/rebuild_996511_995405/fresh-case/replay-work/formal-opendev-996511--target-995405/target-a0/cinder/db/api.py:2468: SAWarning: SELECT statement has a cartesian product between FROM element(s) "volumes" and FROM element "volume_attachment".  Apply join condition(s) between each element to resolve.
  .first()
/home/zhihao/hdd/marshal/.work/rebuild_996511_995405/fresh-case/replay-work/formal-opendev-996511--target-995405/target-a0/cinder/db/api.py:2468: SAWarning: SELECT statement has a cartesian product between FROM element(s) "volumes" and FROM element "volumes_1".  Apply join condition(s) between each element to resolve.
  .first()
/home/zhihao/hdd/marshal/.work/rebuild_996511_995405/fresh-case/replay-work/formal-opendev-996511--target-995405/target-a0/cinder/db/api.py:2468: SAWarning: SELECT statement has a cartesian product between FROM element(s) "volumes" and FROM element "volumes_1".  Apply join condition(s) between each element to resolve.
  .first()
{49} cinder.tests.unit.policies.test_attachments.AttachmentsPolicySecureRbacTest.test_update_attachment_policy_3_system_admin [124.057657s] ... ok
{2} cinder.tests.unit.policies.test_attachments.AttachmentsPolicyTest.test_complete_attachment_policy_2_legacy_owner [124.867889s] ... ok
{36} cinder.tests.unit.policies.test_attachments.AttachmentsPolicySecureRbacTest.test_update_attachment_policy_7_project_foo [125.017577s] ... ok
{69} cinder.tests.unit.policies.test_attachments.AttachmentsPolicyTest.test_delete_attachment_policy_3_system_admin [125.019951s] ... ok
{55} cinder.tests.unit.policies.test_attachments.AttachmentsPolicyTest.test_create_attachment_policy_7_project_foo [125.186491s] ... ok
{0} cinder.tests.unit.policies.test_attachments.AttachmentsPolicySecureRbacTest.test_complete_attachment_policy_2_legacy_owner [125.010073s] ... ok
{5} cinder.tests.unit.policies.test_attachments.AttachmentsPolicyTest.test_multiattach_bootable_volume_policy_3_system_admin [124.189415s] ... ok
{34} cinder.tests.unit.policies.test_attachments.AttachmentsPolicyTest.test_complete_attachment_policy_7_project_foo [125.136514s] ... ok
{30} cinder.tests.unit.policies.test_attachments.AttachmentsPolicySecureRbacTest.test_multiattach_bootable_volume_policy_7_project_foo [125.899838s] ... ok
/home/zhihao/hdd/marshal/.work/rebuild_996511_995405/fresh-case/replay-work/formal-opendev-996511--target-995405/target-a0/cinder/db/api.py:2468: SAWarning: SELECT statement has a cartesian product between FROM element(s) "volumes" and FROM element "volumes_1".  Apply join condition(s) between each element to resolve.
  .first()
{66} cinder.tests.unit.policies.test_attachments.AttachmentsPolicyTest.test_multiattach_bootable_volume_policy_6_project_reader [125.044518s] ... ok
/home/zhihao/hdd/marshal/.work/rebuild_996511_995405/fresh-case/replay-work/formal-opendev-996511--target-995405/target-a0/cinder/db/api.py:2468: SAWarning: SELECT statement has a cartesian product between FROM element(s) "volumes" and FROM element "volume_attachment".  Apply join condition(s) between each element to resolve.
  .first()
{43} cinder.tests.unit.policies.test_attachments.AttachmentsPolicySecureRbacTest.test_complete_attachment_policy_6_project_reader [126.300082s] ... ok
/home/zhihao/hdd/marshal/.work/rebuild_996511_995405/fresh-case/replay-work/formal-opendev-996511--target-995405/target-a0/cinder/db/api.py:2468: SAWarning: SELECT statement has a cartesian product between FROM element(s) "volumes" and FROM element "volumes_1".  Apply join condition(s) between each element to resolve.
  .first()
{21} cinder.tests.unit.policies.test_attachments.AttachmentsPolicySecureRbacTest.test_create_attachment_policy_5_project_member [126.126642s] ... ok
/home/zhihao/hdd/marshal/.work/rebuild_996511_995405/fresh-case/replay-work/formal-opendev-996511--target-995405/target-a0/cinder/db/api.py:2468: SAWarning: SELECT statement has a cartesian product between FROM element(s) "volumes" and FROM element "volumes_1".  Apply join condition(s) between each element to resolve.
  .first()
{16} cinder.tests.unit.policies.test_attachments.AttachmentsPolicyTest.test_delete_attachment_policy_2_legacy_owner [126.185933s] ... ok
{68} cinder.tests.unit.policies.test_attachments.AttachmentsPolicySecureRbacTest.test_multiattach_bootable_volume_policy_3_system_admin [127.553237s] ... ok
/home/zhihao/hdd/marshal/.work/rebuild_996511_995405/fresh-case/replay-work/formal-opendev-996511--target-995405/target-a0/cinder/db/api.py:2468: SAWarning: SELECT statement has a cartesian product between FROM element(s) "volumes" and FROM element "volume_attachment".  Apply join condition(s) between each element to resolve.
  .first()
{58} cinder.tests.unit.policies.test_attachments.AttachmentsPolicyTest.test_multiattach_bootable_volume_policy_2_legacy_owner [128.391066s] ... ok
{56} cinder.tests.unit.policies.test_attachments.AttachmentsPolicySecureRbacTest.test_create_attachment_policy_7_project_foo [128.765159s] ... ok
{32} cinder.tests.unit.policies.test_attachments.AttachmentsPolicySecureRbacTest.test_multiattach_bootable_volume_policy_9_other_project_reader [128.529418s] ... ok
{6} cinder.tests.unit.policies.test_attachments.AttachmentsPolicyTest.test_multiattach_bootable_volume_policy_9_other_project_reader [129.169395s] ... ok
{60} cinder.tests.unit.policies.test_attachments.AttachmentsPolicySecureRbacTest.test_complete_attachment_policy_3_system_admin [129.319754s] ... ok
{47} cinder.tests.unit.policies.test_attachments.AttachmentsPolicySecureRbacTest.test_multiattach_bootable_volume_policy_8_other_project_member [129.341862s] ... ok
/home/zhihao/hdd/marshal/.work/rebuild_996511_995405/fresh-case/replay-work/formal-opendev-996511--target-995405/target-a0/cinder/db/api.py:2468: SAWarning: SELECT statement has a cartesian product between FROM element(s) "volumes" and FROM element "volumes_1".  Apply join condition(s) between each element to resolve.
  .first()
{71} cinder.tests.unit.policies.test_attachments.AttachmentsPolicyTest.test_create_attachment_policy_2_legacy_owner [129.426844s] ... ok
{22} cinder.tests.unit.policies.test_attachments.AttachmentsPolicyTest.test_complete_attachment_policy_3_system_admin [129.577288s] ... ok
/home/zhihao/hdd/marshal/.work/rebuild_996511_995405/fresh-case/replay-work/formal-opendev-996511--target-995405/target-a0/cinder/db/api.py:2468: SAWarning: SELECT statement has a cartesian product between FROM element(s) "volumes" and FROM element "volume_attachment".  Apply join condition(s) between each element to resolve.
  .first()
{59} cinder.tests.unit.policies.test_attachments.AttachmentsPolicyTest.test_delete_attachment_policy_5_project_member [130.301143s] ... ok
{62} cinder.tests.unit.policies.test_attachments.AttachmentsPolicySecureRbacTest.test_multiattach_bootable_volume_policy_6_project_reader [130.291675s] ... ok
{12} cinder.tests.unit.policies.test_attachments.AttachmentsPolicySecureRbacTest.test_create_attachment_policy_9_other_project_reader [130.386550s] ... ok
{74} cinder.tests.unit.policies.test_attachments.AttachmentsPolicySecureRbacTest.test_delete_attachment_policy_1_legacy_admin [130.475976s] ... ok
/home/zhihao/hdd/marshal/.work/rebuild_996511_995405/fresh-case/replay-work/formal-opendev-996511--target-995405/target-a0/cinder/db/api.py:2468: SAWarning: SELECT statement has a cartesian product between FROM element(s) "volumes" and FROM element "volumes_1".  Apply join condition(s) between each element to resolve.
  .first()
/home/zhihao/hdd/marshal/.work/rebuild_996511_995405/fresh-case/replay-work/formal-opendev-996511--target-995405/target-a0/cinder/db/api.py:2468: SAWarning: SELECT statement has a cartesian product between FROM element(s) "volumes" and FROM element "volume_attachment".  Apply join condition(s) between each element to resolve.
  .first()
{19} cinder.tests.unit.policies.test_attachments.AttachmentsPolicyTest.test_update_attachment_policy_3_system_admin [131.803395s] ... ok
{50} cinder.tests.unit.policies.test_attachments.AttachmentsPolicyTest.test_create_attachment_policy_8_other_project_member [131.881226s] ... ok
{7} cinder.tests.unit.policies.test_attachments.AttachmentsPolicyTest.test_update_attachment_policy_2_legacy_owner [131.861818s] ... ok
{23} cinder.tests.unit.policies.test_attachments.AttachmentsPolicyTest.test_create_attachment_policy_9_other_project_reader [131.845858s] ... ok
{70} cinder.tests.unit.policies.test_attachments.AttachmentsPolicySecureRbacTest.test_update_attachment_policy_2_legacy_owner [131.891696s] ... ok
{35} cinder.tests.unit.policies.test_attachments.AttachmentsPolicySecureRbacTest.test_delete_attachment_policy_3_system_admin [132.037432s] ... ok
{41} cinder.tests.unit.policies.test_attachments.AttachmentsPolicyTest.test_multiattach_bootable_volume_policy_4_project_admin [132.760596s] ... ok
{29} cinder.tests.unit.policies.test_attachments.AttachmentsPolicySecureRbacTest.test_complete_attachment_policy_4_project_admin [132.963273s] ... ok
/home/zhihao/hdd/marshal/.work/rebuild_996511_995405/fresh-case/replay-work/formal-opendev-996511--target-995405/target-a0/cinder/db/api.py:2468: SAWarning: SELECT statement has a cartesian product between FROM element(s) "volumes" and FROM element "volumes_1".  Apply join condition(s) between each element to resolve.
  .first()
/home/zhihao/hdd/marshal/.work/rebuild_996511_995405/fresh-case/replay-work/formal-opendev-996511--target-995405/target-a0/cinder/db/api.py:2468: SAWarning: SELECT statement has a cartesian product between FROM element(s) "volumes" and FROM element "volume_attachment".  Apply join condition(s) between each element to resolve.
  .first()
{53} cinder.tests.unit.policies.test_attachments.AttachmentsPolicyTest.test_complete_attachment_policy_6_project_reader [133.478769s] ... ok
{31} cinder.tests.unit.policies.test_attachments.AttachmentsPolicyTest.test_delete_attachment_policy_7_project_foo [133.366401s] ... ok
{51} cinder.tests.unit.policies.test_attachments.AttachmentsPolicySecureRbacTest.test_create_attachment_policy_4_project_admin [133.519068s] ... ok
{52} cinder.tests.unit.policies.test_attachments.AttachmentsPolicySecureRbacTest.test_create_attachment_policy_8_other_project_member [133.123132s] ... ok
{76} cinder.tests.unit.policies.test_attachments.AttachmentsPolicySecureRbacTest.test_multiattach_bootable_volume_policy_4_project_admin [132.739312s] ... ok
{63} cinder.tests.unit.policies.test_attachments.AttachmentsPolicySecureRbacTest.test_multiattach_bootable_volume_policy_1_legacy_admin [133.889926s] ... ok
{3} cinder.tests.unit.policies.test_attachments.AttachmentsPolicySecureRbacTest.test_multiattach_bootable_volume_policy_2_legacy_owner [133.772370s] ... ok
/home/zhihao/hdd/marshal/.work/rebuild_996511_995405/fresh-case/replay-work/formal-opendev-996511--target-995405/target-a0/cinder/db/api.py:2468: SAWarning: SELECT statement has a cartesian product between FROM element(s) "volumes" and FROM element "volumes_1".  Apply join condition(s) between each element to resolve.
  .first()
{65} cinder.tests.unit.policies.test_attachments.AttachmentsPolicySecureRbacTest.test_delete_attachment_policy_4_project_admin [134.438138s] ... ok
{72} cinder.tests.unit.policies.test_attachments.AttachmentsPolicyTest.test_create_attachment_policy_1_legacy_admin [134.475565s] ... ok
{39} cinder.tests.unit.policies.test_attachments.AttachmentsPolicyTest.test_multiattach_bootable_volume_policy_1_legacy_admin [134.428573s] ... ok
/home/zhihao/hdd/marshal/.work/rebuild_996511_995405/fresh-case/replay-work/formal-opendev-996511--target-995405/target-a0/cinder/db/api.py:2468: SAWarning: SELECT statement has a cartesian product between FROM element(s) "volumes" and FROM element "volume_attachment".  Apply join condition(s) between each element to resolve.
  .first()
/home/zhihao/hdd/marshal/.work/rebuild_996511_995405/fresh-case/replay-work/formal-opendev-996511--target-995405/target-a0/cinder/db/api.py:2468: SAWarning: SELECT statement has a cartesian product between FROM element(s) "volumes" and FROM element "volumes_1".  Apply join condition(s) between each element to resolve.
  .first()
{15} cinder.tests.unit.policies.test_attachments.AttachmentsPolicyTest.test_update_attachment_policy_7_project_foo [134.944019s] ... ok
{45} cinder.tests.unit.policies.test_attachments.AttachmentsPolicySecureRbacTest.test_delete_attachment_policy_2_legacy_owner [134.949960s] ... ok
{28} cinder.tests.unit.policies.test_attachments.AttachmentsPolicyTest.test_delete_attachment_policy_6_project_reader [135.055835s] ... ok
/home/zhihao/hdd/marshal/.work/rebuild_996511_995405/fresh-case/replay-work/formal-opendev-996511--target-995405/target-a0/cinder/db/api.py:2468: SAWarning: SELECT statement has a cartesian product between FROM element(s) "volumes" and FROM element "volumes_1".  Apply join condition(s) between each element to resolve.
  .first()
/home/zhihao/hdd/marshal/.work/rebuild_996511_995405/fresh-case/replay-work/formal-opendev-996511--target-995405/target-a0/cinder/db/api.py:2468: SAWarning: SELECT statement has a cartesian product between FROM element(s) "volumes" and FROM element "volumes_1".  Apply join condition(s) between each element to resolve.
  .first()
{25} cinder.tests.unit.policies.test_attachments.AttachmentsPolicySecureRbacTest.test_multiattach_bootable_volume_policy_5_project_member [135.117032s] ... ok
{46} cinder.tests.unit.policies.test_attachments.AttachmentsPolicyTest.test_update_attachment_policy_5_project_member [135.587803s] ... ok
{8} cinder.tests.unit.policies.test_attachments.AttachmentsPolicyTest.test_delete_attachment_policy_4_project_admin [135.515621s] ... ok
/home/zhihao/hdd/marshal/.work/rebuild_996511_995405/fresh-case/replay-work/formal-opendev-996511--target-995405/target-a0/cinder/db/api.py:2468: SAWarning: SELECT statement has a cartesian product between FROM element(s) "volumes" and FROM element "volume_attachment".  Apply join condition(s) between each element to resolve.
  .first()
/home/zhihao/hdd/marshal/.work/rebuild_996511_995405/fresh-case/replay-work/formal-opendev-996511--target-995405/target-a0/cinder/db/api.py:2468: SAWarning: SELECT statement has a cartesian product between FROM element(s) "volumes" and FROM element "volumes_1".  Apply join condition(s) between each element to resolve.
  .first()
{40} cinder.tests.unit.policies.test_attachments.AttachmentsPolicySecureRbacTest.test_delete_attachment_policy_7_project_foo [135.821989s] ... ok
{33} cinder.tests.unit.policies.test_attachments.AttachmentsPolicyTest.test_create_attachment_policy_3_system_admin [135.818888s] ... ok
/home/zhihao/hdd/marshal/.work/rebuild_996511_995405/fresh-case/replay-work/formal-opendev-996511--target-995405/target-a0/cinder/db/api.py:2468: SAWarning: SELECT statement has a cartesian product between FROM element(s) "volumes" and FROM element "volumes_1".  Apply join condition(s) between each element to resolve.
  .first()
{17} cinder.tests.unit.policies.test_attachments.AttachmentsPolicyTest.test_create_attachment_policy_6_project_reader [136.318919s] ... ok
{11} cinder.tests.unit.policies.test_attachments.AttachmentsPolicyTest.test_create_attachment_policy_4_project_admin [136.188227s] ... ok
{27} cinder.tests.unit.policies.test_attachments.AttachmentsPolicySecureRbacTest.test_complete_attachment_policy_5_project_member [136.150677s] ... ok
/home/zhihao/hdd/marshal/.work/rebuild_996511_995405/fresh-case/replay-work/formal-opendev-996511--target-995405/target-a0/cinder/db/api.py:2468: SAWarning: SELECT statement has a cartesian product between FROM element(s) "volumes" and FROM element "volumes_1".  Apply join condition(s) between each element to resolve.
  .first()
{54} cinder.tests.unit.policies.test_attachments.AttachmentsPolicyTest.test_complete_attachment_policy_5_project_member [137.101992s] ... ok

======
Totals
======
Ran: 78 tests in 137.3305 sec.
 - Passed: 78
 - Skipped: 0
 - Expected Fail: 0
 - Unexpected Success: 0
 - Failed: 0
Sum of execute time for each test: 10051.2860 sec.

==============
Worker Balance
==============
 - Worker 0 (1 tests) => 0:02:05.010073
 - Worker 1 (1 tests) => 0:02:03.719335
 - Worker 2 (1 tests) => 0:02:04.867889
 - Worker 3 (1 tests) => 0:02:13.772370
 - Worker 4 (1 tests) => 0:02:03.728392
 - Worker 5 (1 tests) => 0:02:04.189415
 - Worker 6 (1 tests) => 0:02:09.169395
 - Worker 7 (1 tests) => 0:02:11.861818
 - Worker 8 (1 tests) => 0:02:15.515621
 - Worker 9 (1 tests) => 0:02:03.436224
 - Worker 10 (1 tests) => 0:02:03.501073
 - Worker 11 (1 tests) => 0:02:16.188227
 - Worker 12 (1 tests) => 0:02:10.386550
 - Worker 13 (1 tests) => 0:02:04.317272
 - Worker 14 (1 tests) => 0:02:04.489468
 - Worker 15 (1 tests) => 0:02:14.944019
 - Worker 16 (1 tests) => 0:02:06.185933
 - Worker 17 (1 tests) => 0:02:16.318919
 - Worker 18 (1 tests) => 0:02:04.396602
 - Worker 19 (1 tests) => 0:02:11.803395
 - Worker 20 (1 tests) => 0:02:02.452727
 - Worker 21 (1 tests) => 0:02:06.126642
 - Worker 22 (1 tests) => 0:02:09.577288
 - Worker 23 (1 tests) => 0:02:11.845858
 - Worker 24 (1 tests) => 0:02:03.276762
 - Worker 25 (1 tests) => 0:02:15.117032
 - Worker 26 (1 tests) => 0:02:03.824412
 - Worker 27 (1 tests) => 0:02:16.150677
 - Worker 28 (1 tests) => 0:02:15.055835
 - Worker 29 (1 tests) => 0:02:12.963273
 - Worker 30 (1 tests) => 0:02:05.899838
 - Worker 31 (1 tests) => 0:02:13.366401
 - Worker 32 (1 tests) => 0:02:08.529418
 - Worker 33 (1 tests) => 0:02:15.818888
 - Worker 34 (1 tests) => 0:02:05.136514
 - Worker 35 (1 tests) => 0:02:12.037432
 - Worker 36 (1 tests) => 0:02:05.017577
 - Worker 37 (1 tests) => 0:02:04.296745
 - Worker 38 (1 tests) => 0:02:02.820534
 - Worker 39 (1 tests) => 0:02:14.428573
 - Worker 40 (1 tests) => 0:02:15.821989
 - Worker 41 (1 tests) => 0:02:12.760596
 - Worker 42 (1 tests) => 0:02:03.348818
 - Worker 43 (1 tests) => 0:02:06.300082
 - Worker 44 (1 tests) => 0:02:03.605396
 - Worker 45 (1 tests) => 0:02:14.949960
 - Worker 46 (1 tests) => 0:02:15.587803
 - Worker 47 (1 tests) => 0:02:09.341862
 - Worker 48 (1 tests) => 0:02:03.478499
 - Worker 49 (1 tests) => 0:02:04.057657
 - Worker 50 (1 tests) => 0:02:11.881226
 - Worker 51 (1 tests) => 0:02:13.519068
 - Worker 52 (1 tests) => 0:02:13.123132
 - Worker 53 (1 tests) => 0:02:13.478769
 - Worker 54 (1 tests) => 0:02:17.101992
 - Worker 55 (1 tests) => 0:02:05.186491
 - Worker 56 (1 tests) => 0:02:08.765159
 - Worker 57 (1 tests) => 0:02:03.710384
 - Worker 58 (1 tests) => 0:02:08.391066
 - Worker 59 (1 tests) => 0:02:10.301143
 - Worker 60 (1 tests) => 0:02:09.319754
 - Worker 61 (1 tests) => 0:02:04.255159
 - Worker 62 (1 tests) => 0:02:10.291675
 - Worker 63 (1 tests) => 0:02:13.889926
 - Worker 64 (1 tests) => 0:02:03.159946
 - Worker 65 (1 tests) => 0:02:14.438138
 - Worker 66 (1 tests) => 0:02:05.044518
 - Worker 67 (1 tests) => 0:02:03.259888
 - Worker 68 (1 tests) => 0:02:07.553237
 - Worker 69 (1 tests) => 0:02:05.019951
 - Worker 70 (1 tests) => 0:02:11.891696
 - Worker 71 (1 tests) => 0:02:09.426844
 - Worker 72 (1 tests) => 0:02:14.475565
 - Worker 73 (1 tests) => 0:02:02.745312
 - Worker 74 (1 tests) => 0:02:10.475976
 - Worker 75 (1 tests) => 0:02:02.798279
 - Worker 76 (1 tests) => 0:02:12.739312
 - Worker 77 (1 tests) => 0:02:04.245362
