[INFO] Scanning for projects...
[INFO] 
[INFO] -------------------------< com.equinor:neqsim >-------------------------
[INFO] Building neqsim 2.3.3
[INFO]   from pom.xml
[INFO] --------------------------------[ jar ]---------------------------------
[INFO] 
[INFO] --- clean:3.2.0:clean (default-clean) @ neqsim ---
[INFO] 
[INFO] --- flatten:1.2.7:clean (flatten.clean) @ neqsim ---
[INFO] 
[INFO] --- enforcer:3.0.0:enforce (enforce-maven) @ neqsim ---
[INFO] 
[INFO] --- jacoco:0.8.7:prepare-agent (default) @ neqsim ---
[INFO] argLine set to -javaagent:/tmp/marshal-log4j-screening.GTMCHm/m2/org/jacoco/org.jacoco.agent/0.8.7/org.jacoco.agent-0.8.7-runtime.jar=destfile=/tmp/marshal-log4j-screening.GTMCHm/consumers/a3-before/neqsim/target/jacoco.exec,excludes=neqsim/physicalProperties/util/parameterFitting/**/*:neqsim/fluidMechanics/util/parameterFitting/**/*:neqsim/PVTsimulation/util/parameterFitting/**/*:neqsim/thermo/util/parameterFitting/**/*:neqsim/statistics/util/parameterFitting/**/*:neqsim/PVTsimulation/util/parameterfitting/**/*
[INFO] 
[INFO] --- resources:3.3.1:resources (default-resources) @ neqsim ---
[INFO] Copying 222 resources from src/main/resources to target/classes
[INFO] 
[INFO] --- flatten:1.2.7:flatten (flatten) @ neqsim ---
[INFO] Generating flattened POM of project com.equinor:neqsim:jar:2.3.3...
[INFO] 
[INFO] --- compiler:3.9.0:compile (default-compile) @ neqsim ---
[INFO] Changes detected - recompiling the module!
[INFO] Compiling 907 source files to /tmp/marshal-log4j-screening.GTMCHm/consumers/a3-before/neqsim/target/classes
[INFO] /tmp/marshal-log4j-screening.GTMCHm/consumers/a3-before/neqsim/src/main/java/neqsim/thermo/system/SystemThermo.java: Some input files use or override a deprecated API.
[INFO] /tmp/marshal-log4j-screening.GTMCHm/consumers/a3-before/neqsim/src/main/java/neqsim/thermo/system/SystemThermo.java: Recompile with -Xlint:deprecation for details.
[INFO] 
[INFO] --- resources:3.3.1:testResources (default-testResources) @ neqsim ---
[INFO] skip non existing resourceDirectory /tmp/marshal-log4j-screening.GTMCHm/consumers/a3-before/neqsim/src/test/resources
[INFO] 
[INFO] --- compiler:3.9.0:testCompile (default-testCompile) @ neqsim ---
[INFO] Changes detected - recompiling the module!
[INFO] Compiling 212 source files to /tmp/marshal-log4j-screening.GTMCHm/consumers/a3-before/neqsim/target/test-classes
[INFO] /tmp/marshal-log4j-screening.GTMCHm/consumers/a3-before/neqsim/src/test/java/neqsim/processSimulation/util/example/TEGdehydrationProcess2.java: Some input files use or override a deprecated API.
[INFO] /tmp/marshal-log4j-screening.GTMCHm/consumers/a3-before/neqsim/src/test/java/neqsim/processSimulation/util/example/TEGdehydrationProcess2.java: Recompile with -Xlint:deprecation for details.
[INFO] 
[INFO] --- surefire:3.0.0-M5:test (default-test) @ neqsim ---
[INFO] 
[INFO] -------------------------------------------------------
[INFO]  T E S T S
[INFO] -------------------------------------------------------
[INFO] Running neqsim.thermo.system.SystemSrkSchwartzentruberEosTest
[INFO] Tests run: 9, Failures: 0, Errors: 0, Skipped: 0, Time elapsed: 1.729 s - in neqsim.thermo.system.SystemSrkSchwartzentruberEosTest
[INFO] Running neqsim.thermo.system.SystemThermoAddComponentTest
[INFO] Tests run: 4, Failures: 0, Errors: 0, Skipped: 0, Time elapsed: 0.082 s - in neqsim.thermo.system.SystemThermoAddComponentTest
[INFO] Running neqsim.thermo.system.SystemUMRPRUMCEosNewTest
Cricondenbar 42.55193248668678 130.6861407275032
molar volume gas+oil is 486.6435506862638
molar volume gas is 243.3217753431319
molar volume liquid is 243.3217753431319
[WARNING] Tests run: 9, Failures: 0, Errors: 0, Skipped: 2, Time elapsed: 0.86 s - in neqsim.thermo.system.SystemUMRPRUMCEosNewTest
[INFO] Running neqsim.thermo.system.SystemPropertiesTest
[INFO] Tests run: 1, Failures: 0, Errors: 0, Skipped: 0, Time elapsed: 0.025 s - in neqsim.thermo.system.SystemPropertiesTest
[INFO] Running neqsim.thermo.system.SystemPrEoSTest
[INFO] Tests run: 10, Failures: 0, Errors: 0, Skipped: 0, Time elapsed: 0.13 s - in neqsim.thermo.system.SystemPrEoSTest
[INFO] Running neqsim.thermo.system.SystemElectrolyteCPATest
[INFO] Tests run: 2, Failures: 0, Errors: 0, Skipped: 0, Time elapsed: 0.279 s - in neqsim.thermo.system.SystemElectrolyteCPATest
[INFO] Running neqsim.thermo.system.SystemSrkCPAstatoilTest
[INFO] Tests run: 4, Failures: 0, Errors: 0, Skipped: 0, Time elapsed: 0.527 s - in neqsim.thermo.system.SystemSrkCPAstatoilTest
[INFO] Running neqsim.thermo.system.SystemThermoSetMolarCompositionTest
19:25:46.013 [main] ERROR neqsim.thermo.system.SystemThermo - must be larger than 0 (1e-100) when setting molar composition
neqsim.thermo.system.SystemSrkEos@fb268b
neqsim.thermo.system.SystemSrkEos@179563ce
neqsim.thermo.system.SystemSrkEos@4f7820f8
19:25:46.252 [main] ERROR neqsim.thermo.system.SystemThermo - must be larger than 0 (1e-100) when setting molar composition
19:25:46.264 [main] ERROR neqsim.thermo.system.SystemThermo - must be larger than 0 (1e-100) when setting molar composition
[INFO] Tests run: 6, Failures: 0, Errors: 0, Skipped: 0, Time elapsed: 0.269 s - in neqsim.thermo.system.SystemThermoSetMolarCompositionTest
[INFO] Running neqsim.thermo.component.ComponentHydrateGFTest
[INFO] Tests run: 1, Failures: 0, Errors: 0, Skipped: 0, Time elapsed: 0.782 s - in neqsim.thermo.component.ComponentHydrateGFTest
[INFO] Running neqsim.thermo.component.ComponentTest
[INFO] Tests run: 2, Failures: 0, Errors: 0, Skipped: 0, Time elapsed: 0.009 s - in neqsim.thermo.component.ComponentTest
[INFO] Running neqsim.thermo.util.example.VapourPressureTTest
[INFO] Tests run: 1, Failures: 0, Errors: 0, Skipped: 0, Time elapsed: 0.045 s - in neqsim.thermo.util.example.VapourPressureTTest
[INFO] Running neqsim.thermo.util.example.FlashWaterTest
[INFO] Tests run: 2, Failures: 0, Errors: 0, Skipped: 0, Time elapsed: 0.054 s - in neqsim.thermo.util.example.FlashWaterTest
[INFO] Running neqsim.thermo.util.example.FlashGasTest
[INFO] Tests run: 2, Failures: 0, Errors: 0, Skipped: 0, Time elapsed: 1.135 s - in neqsim.thermo.util.example.FlashGasTest
[INFO] Running neqsim.thermo.util.example.FlashOilTest
[INFO] Tests run: 2, Failures: 0, Errors: 0, Skipped: 0, Time elapsed: 1.271 s - in neqsim.thermo.util.example.FlashOilTest
[INFO] Running neqsim.thermo.util.example.SrkEoSTest
[WARNING] Tests run: 5, Failures: 0, Errors: 0, Skipped: 2, Time elapsed: 0.049 s - in neqsim.thermo.util.example.SrkEoSTest
[INFO] Running neqsim.thermo.util.example.KlabFlashBugTest
[INFO] Tests run: 2, Failures: 0, Errors: 0, Skipped: 0, Time elapsed: 0.882 s - in neqsim.thermo.util.example.KlabFlashBugTest
[INFO] Running neqsim.thermo.util.example.SrkOilCharacterizationTest
[INFO] Tests run: 4, Failures: 0, Errors: 0, Skipped: 0, Time elapsed: 0.159 s - in neqsim.thermo.util.example.SrkOilCharacterizationTest
[INFO] Running neqsim.thermo.util.readwrite.EclipseFluidReadWriteTest
[INFO] Tests run: 3, Failures: 0, Errors: 0, Skipped: 0, Time elapsed: 1.878 s - in neqsim.thermo.util.readwrite.EclipseFluidReadWriteTest
[INFO] Running neqsim.fluidMechanics.flowSystem.onePhaseFlowSystem.pipeFlowSystem.PipeFlowSystemTest
[INFO] Tests run: 5, Failures: 0, Errors: 0, Skipped: 0, Time elapsed: 3.376 s - in neqsim.fluidMechanics.flowSystem.onePhaseFlowSystem.pipeFlowSystem.PipeFlowSystemTest
[INFO] Running neqsim.PVTsimulation.simulation.SaturationTemperatureTest
[INFO] Tests run: 1, Failures: 0, Errors: 0, Skipped: 0, Time elapsed: 0.163 s - in neqsim.PVTsimulation.simulation.SaturationTemperatureTest
[INFO] Running neqsim.PVTsimulation.simulation.SaturationPressureTest
[INFO] Tests run: 1, Failures: 0, Errors: 0, Skipped: 0, Time elapsed: 0.16 s - in neqsim.PVTsimulation.simulation.SaturationPressureTest
[INFO] Running neqsim.physicalProperties.physicalPropertyMethods.commonPhasePhysicalProperties.viscosity.FrictionTheoryViscosityMethodTest
[INFO] Tests run: 1, Failures: 0, Errors: 0, Skipped: 0, Time elapsed: 0.034 s - in neqsim.physicalProperties.physicalPropertyMethods.commonPhasePhysicalProperties.viscosity.FrictionTheoryViscosityMethodTest
[INFO] Running neqsim.physicalProperties.physicalPropertyMethods.liquidPhysicalProperties.density.CostaldTest
[INFO] Tests run: 1, Failures: 0, Errors: 0, Skipped: 0, Time elapsed: 0.036 s - in neqsim.physicalProperties.physicalPropertyMethods.liquidPhysicalProperties.density.CostaldTest
[INFO] Running neqsim.processSimulation.processSystem.GlycolRigTest
error iter 4.6882890898317555 iteration 1
error iter 0.2365945005023491 iteration 2
error iter 0.04668309884095834 iteration 3
error iter 0.009296042100913837 iteration 4
error iter 0.0018497586021908319 iteration 5
error iter 3.6806287891977263E-4 iteration 6
error iter 7.32360658730613E-5 iteration 7
stripping gas recirc recycle error: 0.46890780402814436
error iter 1.2775902860100814 iteration 1
error iter 0.2237996642335247 iteration 2
error iter 0.03928610352602391 iteration 3
error iter 0.006957066014138036 iteration 4
error iter 0.0012349537547606815 iteration 5
error iter 2.1932734949814403E-4 iteration 6
error iter 3.8956169532866625E-5 iteration 7
stripping gas recirc recycle error: 0.03080326494607491
error iter 0.13342113347556506 iteration 1
error iter 0.02316672652756324 iteration 2
error iter 0.004065147992037055 iteration 3
error iter 7.159870765462983E-4 iteration 4
error iter 1.2616629226158693E-4 iteration 5
error iter 2.2233985816910717E-5 iteration 6
stripping gas recirc recycle error: 0.002759255281992501
error iter 0.01203063321696618 iteration 1
error iter 0.0020940092607588667 iteration 2
error iter 3.6772815764152256E-4 iteration 3
error iter 6.474969541159226E-5 iteration 4
stripping gas recirc recycle error: 2.467930853125022E-4
error iter 0.001087762790632496 iteration 1
error iter 1.8940204654427362E-4 iteration 2
error iter 3.326435819417384E-5 iteration 3
stripping gas recirc recycle error: 2.2231555615037646E-5
error iter 1.0282535009764615E-4 iteration 1
error iter 1.7913959084125963E-5 iteration 2
FEED gas recirc recycle error: 0.057651627341844834
error iter 3.146625260797009E-6 iteration 1
stripping gas recirc recycle error: 0.036196753737225806
error iter 0.1597953343429026 iteration 1
error iter 0.0304212433852058 iteration 2
error iter 0.005282669687574071 iteration 3
error iter 9.232007693071864E-4 iteration 4
error iter 1.6149247983321402E-4 iteration 5
error iter 2.8253678522105474E-5 iteration 6
stripping gas recirc recycle error: 0.003400158338943221
error iter 0.015146614268473968 iteration 1
error iter 0.0026033086144821027 iteration 2
error iter 4.534531148578935E-4 iteration 3
error iter 7.926522391699109E-5 iteration 4
stripping gas recirc recycle error: 2.958811612916168E-4
error iter 0.0013321891597684044 iteration 1
error iter 2.2912227444749078E-4 iteration 2
error iter 3.991794915236824E-5 iteration 3
stripping gas recirc recycle error: 2.5926546564261632E-5
error iter 1.2250595455043367E-4 iteration 1
error iter 2.108700891767512E-5 iteration 2
FEED gas recirc recycle error: 2.2364149472159208E-7
wtpRichTEG 97.08808480434064
wtpWaterFromReboil 99.36939693753365
wtpWaterFromStripper 99.88825515775525
water to regenerator 11.644944174949451
TEG to regenerator 388.3523392173625
nitrogen to regenerator 0.0027166076880303603
water liquid from regenerator 2.490983341179188
water gas from regenerator 11.483730748831599
water balance -7.2986345664993735E-6
wt water to reboil 2.911236043737363
wt water from mixer 2.911163522345802
stripping gas rate 13.201565333319593
[INFO] Tests run: 1, Failures: 0, Errors: 0, Skipped: 0, Time elapsed: 11.455 s - in neqsim.processSimulation.processSystem.GlycolRigTest
[INFO] Running neqsim.processSimulation.processSystem.ProcessSystemTest
[INFO] Tests run: 41, Failures: 0, Errors: 0, Skipped: 0, Time elapsed: 0.915 s - in neqsim.processSimulation.processSystem.ProcessSystemTest
[INFO] Running neqsim.processSimulation.processSystem.ProcessSystemRunTransientTest
[INFO] Tests run: 4, Failures: 0, Errors: 0, Skipped: 0, Time elapsed: 3.063 s - in neqsim.processSimulation.processSystem.ProcessSystemRunTransientTest
[INFO] Running neqsim.processSimulation.processSystem.ProcessSystemControllerTest
flow rate 62.91908040459959 controller response 93.61007063519763 valve opening 100.0 pressure 5.0
flow rate 62.20211419107152 controller response 92.54337898204844 valve opening 100.0 pressure 5.0
flow rate 62.62176736646097 controller response 93.16773272558497 valve opening 100.0 pressure 5.0
flow rate 63.9137804513573 controller response 95.08997054853167 valve opening 100.0 pressure 5.0
flow rate 64.90544493014521 controller response 96.5653541890555 valve opening 100.0 pressure 5.0
flow rate 63.96934446525559 controller response 95.17263786077378 valve opening 100.0 pressure 5.0
flow rate 63.73573041420862 controller response 94.82507035534844 valve opening 100.0 pressure 5.0
flow rate 63.31398293520557 controller response 94.19760073809064 valve opening 100.0 pressure 5.0
flow rate 64.44501367073468 controller response 95.88033141950916 valve opening 100.0 pressure 5.0
flow rate 64.34327314257852 controller response 95.72896337716146 valve opening 100.0 pressure 5.0
flow rate 64.75002848886582 controller response 96.33412792267538 valve opening 100.0 pressure 5.0
flow rate 64.33479536929045 controller response 95.71635027234147 valve opening 100.0 pressure 5.0
flow rate 64.25848612720867 controller response 95.60281851861171 valve opening 100.0 pressure 5.0
flow rate 64.68477130654459 controller response 96.23703925883508 valve opening 100.0 pressure 5.0
flow rate 64.52698450733055 controller response 96.00228640922658 valve opening 100.0 pressure 5.0
flow rate 63.920914409290226 controller response 95.10058434488279 valve opening 100.0 pressure 5.0
flow rate 64.42551743027063 controller response 95.85132520334675 valve opening 100.0 pressure 5.0
flow rate 65.78255877528477 controller response 97.87031110308934 valve opening 100.0 pressure 5.0
flow rate 66.09661176875335 controller response 98.33755446889731 valve opening 100.0 pressure 5.0
flow rate 65.36765022578948 controller response 97.25301634328612 valve opening 100.0 pressure 5.0
flow rate 65.53534244768677 controller response 97.5025063332197 valve opening 100.0 pressure 5.0
flow rate 65.42144631228744 controller response 97.33305335947556 valve opening 100.0 pressure 5.0
flow rate 65.5763284070449 controller response 97.5634846330597 valve opening 100.0 pressure 5.0
flow rate 64.24035827284777 controller response 95.57584816691124 valve opening 100.0 pressure 5.0
flow rate 65.1545040425384 controller response 96.93590062669502 valve opening 100.0 pressure 5.0
flow rate 64.88624036041153 controller response 96.53678191626125 valve opening 100.0 pressure 5.0
flow rate 63.71045556431728 controller response 94.78746681015353 valve opening 100.0 pressure 5.0
flow rate 62.80801989069825 controller response 93.44483645688119 valve opening 100.0 pressure 5.0
flow rate 63.08527253143607 controller response 93.85732880604418 valve opening 100.0 pressure 5.0
flow rate 62.57081988502682 controller response 93.091933821579 valve opening 100.0 pressure 5.0
flow rate 62.90343901728107 controller response 93.58679961212646 valve opening 100.0 pressure 5.0
flow rate 63.401290713478886 controller response 94.32749595014099 valve opening 100.0 pressure 5.0
flow rate 64.75325948756085 controller response 96.33893495440755 valve opening 100.0 pressure 5.0
flow rate 63.851287189053885 controller response 94.99699400372492 valve opening 100.0 pressure 5.0
flow rate 63.88634008138673 controller response 95.04914517481866 valve opening 100.0 pressure 5.0
flow rate 65.1254917485347 controller response 96.89273656781944 valve opening 100.0 pressure 5.0
flow rate 64.62178770366583 controller response 96.14333319262393 valve opening 100.0 pressure 5.0
flow rate 64.96245300931494 controller response 96.65016996009902 valve opening 100.0 pressure 5.0
flow rate 65.95117413498065 controller response 98.12117452368945 valve opening 100.0 pressure 5.0
flow rate 64.52783094385352 controller response 96.00354572487758 valve opening 100.0 pressure 5.0
flow rate 65.37488817259909 controller response 97.26378485273894 valve opening 100.0 pressure 5.0
flow rate 64.57021579023308 controller response 96.06660526799136 valve opening 100.0 pressure 5.0
flow rate 65.89212644350548 controller response 98.03332424783846 valve opening 100.0 pressure 5.0
flow rate 65.69432285251851 controller response 97.73903501148726 valve opening 100.0 pressure 5.0
flow rate 66.51212948570092 controller response 98.9557555389625 valve opening 100.0 pressure 5.0
flow rate 65.200002733573 controller response 97.00359290150529 valve opening 100.0 pressure 5.0
flow rate 64.19278001024585 controller response 95.50506193649858 valve opening 100.0 pressure 5.0
flow rate 64.63192517238942 controller response 96.1584155675915 valve opening 100.0 pressure 5.0
flow rate 63.99914178535971 controller response 95.21696986978853 valve opening 100.0 pressure 5.0
flow rate 63.02856766046576 controller response 93.77296414364355 valve opening 100.0 pressure 5.0
flow rate 63.49595772193106 controller response 94.46834011523443 valve opening 100.0 pressure 5.0
flow rate 62.88496510916958 controller response 93.55931440681032 valve opening 100.0 pressure 5.0
flow rate 63.62836160622968 controller response 94.66532864211483 valve opening 100.0 pressure 5.0
flow rate 63.71409692222317 controller response 94.79288436820732 valve opening 100.0 pressure 5.0
flow rate 64.26483335975638 controller response 95.61226183665325 valve opening 100.0 pressure 5.0
flow rate 62.50549342840486 controller response 92.99474209246603 valve opening 100.0 pressure 5.0
flow rate 60.6703841004721 controller response 90.26449376864373 valve opening 100.0 pressure 5.0
flow rate 58.77729839710255 controller response 87.44798905701495 valve opening 100.0 pressure 5.0
flow rate 59.02193033562554 controller response 87.81194881131375 valve opening 100.0 pressure 5.0
flow rate 57.02815070313045 controller response 84.84563317178575 valve opening 100.0 pressure 5.0
flow rate 56.71076246183241 controller response 84.37342767393616 valve opening 100.0 pressure 5.0
flow rate 56.46785879596078 controller response 84.0120392179451 valve opening 100.0 pressure 5.0
flow rate 56.5245903197624 controller response 84.0964435340312 valve opening 100.0 pressure 5.0
flow rate 55.11415473520647 controller response 81.99801848001489 valve opening 100.0 pressure 5.0
flow rate 55.24466874429868 controller response 82.19219527871314 valve opening 100.0 pressure 5.0
flow rate 56.31545674691629 controller response 83.78529771943215 valve opening 100.0 pressure 5.0
flow rate 56.89558983907273 controller response 84.64841109275802 valve opening 100.0 pressure 5.0
flow rate 55.64437164006234 controller response 82.78686729338543 valve opening 100.0 pressure 5.0
flow rate 56.38190574640494 controller response 83.88415955110176 valve opening 100.0 pressure 5.0
flow rate 55.0090881796443 controller response 81.84170202363433 valve opening 100.0 pressure 5.0
flow rate 55.65333822242702 controller response 82.80020764106875 valve opening 100.0 pressure 5.0
flow rate 56.1485635586729 controller response 83.5369965198669 valve opening 100.0 pressure 5.0
flow rate 55.31710931797799 controller response 82.29997128521822 valve opening 100.0 pressure 5.0
flow rate 55.891929681250495 controller response 83.15518045964464 valve opening 100.0 pressure 5.0
flow rate 56.09137163694242 controller response 83.45190723060014 valve opening 100.0 pressure 5.0
flow rate 56.97246092182163 controller response 84.76277874466358 valve opening 100.0 pressure 5.0
flow rate 57.406856915733535 controller response 85.40906663400096 valve opening 100.0 pressure 5.0
flow rate 56.7710041351205 controller response 84.46305433814385 valve opening 100.0 pressure 5.0
flow rate 55.798644522058595 controller response 83.01639218929775 valve opening 100.0 pressure 5.0
flow rate 55.537884688306185 controller response 82.6284375927045 valve opening 100.0 pressure 5.0
flow rate 55.58087848859426 controller response 82.69240312837297 valve opening 100.0 pressure 5.0
flow rate 54.402316067573565 controller response 80.93895551327277 valve opening 100.0 pressure 5.0
flow rate 55.68054166612089 controller response 82.84068051939637 valve opening 100.0 pressure 5.0
flow rate 56.17739141368332 controller response 83.57988617315551 valve opening 100.0 pressure 5.0
flow rate 56.31689503580161 controller response 83.78743758421209 valve opening 100.0 pressure 5.0
flow rate 56.424548964931006 controller response 83.9476034964466 valve opening 100.0 pressure 5.0
flow rate 55.78039616294927 controller response 82.98924255242743 valve opening 100.0 pressure 5.0
flow rate 56.25639521127677 controller response 83.69742684643961 valve opening 100.0 pressure 5.0
flow rate 56.622312016836034 controller response 84.2418324193555 valve opening 100.0 pressure 5.0
flow rate 56.17634992655791 controller response 83.57833666412343 valve opening 100.0 pressure 5.0
flow rate 54.62237938700277 controller response 81.26636244203776 valve opening 100.0 pressure 5.0
flow rate 55.85483589104501 controller response 83.09999287109547 valve opening 100.0 pressure 5.0
flow rate 54.61934852485327 controller response 81.26185317047691 valve opening 100.0 pressure 5.0
flow rate 53.42931223788835 controller response 79.49133490853019 valve opening 100.0 pressure 5.0
flow rate 54.94120166367125 controller response 81.7407014763512 valve opening 100.0 pressure 5.0
flow rate 54.16270845747328 controller response 80.58247087996304 valve opening 100.0 pressure 5.0
flow rate 54.05080243371522 controller response 80.41597876467573 valve opening 100.0 pressure 5.0
flow rate 52.99584510112526 controller response 78.84642895902331 valve opening 100.0 pressure 5.0
flow rate 52.91429035655566 controller response 78.72509302482491 valve opening 100.0 pressure 5.0
flow rate 53.82231089486728 controller response 80.07603245659932 valve opening 100.0 pressure 5.0
flow rate 55.24732589278101 controller response 82.19614854464655 valve opening 100.0 pressure 5.0
flow rate 55.12942274315261 controller response 82.02073399481753 valve opening 100.0 pressure 5.0
flow rate 54.31216748629924 controller response 80.80483379683183 valve opening 100.0 pressure 5.0
flow rate 53.927997694329875 controller response 80.2332717026164 valve opening 100.0 pressure 5.0
flow rate 53.148926176846956 controller response 79.07418070331252 valve opening 100.0 pressure 5.0
flow rate 54.24885437128895 controller response 80.7106374873795 valve opening 100.0 pressure 5.0
flow rate 54.85129227068787 controller response 81.60693562068676 valve opening 100.0 pressure 5.0
flow rate 56.04161214845075 controller response 83.37787580479852 valve opening 100.0 pressure 5.0
flow rate 55.25855140758804 controller response 82.2128496983704 valve opening 100.0 pressure 5.0
flow rate 53.9307037902774 controller response 80.23729779185939 valve opening 100.0 pressure 5.0
flow rate 54.36686858772312 controller response 80.8862172807477 valve opening 100.0 pressure 5.0
flow rate 53.73245590540154 controller response 79.94234754167812 valve opening 100.0 pressure 5.0
flow rate 54.21597192302143 controller response 80.66171547063688 valve opening 100.0 pressure 5.0
flow rate 55.3150425810707 controller response 82.29689642483194 valve opening 100.0 pressure 5.0
flow rate 54.94687754600037 controller response 81.74914596953721 valve opening 100.0 pressure 5.0
flow rate 55.14971609087136 controller response 82.05092613528052 valve opening 100.0 pressure 5.0
flow rate 56.03324669763715 controller response 83.36542981168292 valve opening 100.0 pressure 5.0
flow rate 55.4995596799231 controller response 82.57141821608987 valve opening 100.0 pressure 5.0
flow rate 55.57528441060485 controller response 82.68408034246504 valve opening 100.0 pressure 5.0
flow rate 56.36119432161085 controller response 83.8533454017935 valve opening 100.0 pressure 5.0
flow rate 56.722326530666024 controller response 84.39063252329798 valve opening 100.0 pressure 5.0
flow rate 57.48472919591498 controller response 85.52492385253366 valve opening 100.0 pressure 5.0
flow rate 56.130563908642124 controller response 83.51021690865913 valve opening 100.0 pressure 5.0
flow rate 56.54624930856933 controller response 84.12866745496362 valve opening 100.0 pressure 5.0
flow rate 57.35053192082572 controller response 85.32526714554783 valve opening 100.0 pressure 5.0
flow rate 56.75585950957326 controller response 84.44052238983657 valve opening 100.0 pressure 5.0
flow rate 55.08748684266748 controller response 81.95834238671843 valve opening 100.0 pressure 5.0
flow rate 56.23188807810956 controller response 83.66096549875151 valve opening 100.0 pressure 5.0
flow rate 56.140819557927664 controller response 83.52547511090641 valve opening 100.0 pressure 5.0
flow rate 56.798618731657655 controller response 84.50413892354757 valve opening 100.0 pressure 5.0
flow rate 55.36420728482767 controller response 82.37004293876464 valve opening 100.0 pressure 5.0
flow rate 54.991004924696824 controller response 81.81479802627673 valve opening 100.0 pressure 5.0
flow rate 54.94746140166403 controller response 81.75001462129705 valve opening 100.0 pressure 5.0
flow rate 56.126737150040505 controller response 83.50452351421201 valve opening 100.0 pressure 5.0
flow rate 55.577527415821045 controller response 82.68741745221571 valve opening 100.0 pressure 5.0
flow rate 56.36861307665871 controller response 83.8643829150501 valve opening 100.0 pressure 5.0
flow rate 56.97610893662261 controller response 84.76820620674667 valve opening 100.0 pressure 5.0
flow rate 55.50304384829242 controller response 82.57660190989246 valve opening 100.0 pressure 5.0
flow rate 55.82747810286372 controller response 83.05929036133843 valve opening 100.0 pressure 5.0
flow rate 56.319291863536264 controller response 83.79100354881457 valve opening 100.0 pressure 5.0
flow rate 55.24238744125605 controller response 82.18880119002677 valve opening 100.0 pressure 5.0
flow rate 53.93132211825487 controller response 80.23821773101417 valve opening 100.0 pressure 5.0
flow rate 53.89534287515452 controller response 80.18468834904655 valve opening 100.0 pressure 5.0
flow rate 54.353147690684324 controller response 80.86580353450861 valve opening 100.0 pressure 5.0
flow rate 53.4927651126921 controller response 79.5857391505215 valve opening 100.0 pressure 5.0
flow rate 53.07538762269936 controller response 78.96477113782143 valve opening 100.0 pressure 5.0
flow rate 52.513174590853446 controller response 78.12831896330306 valve opening 100.0 pressure 5.0
flow rate 53.294532720683684 controller response 79.29081195039778 valve opening 100.0 pressure 5.0
flow rate 53.167469403284976 controller response 79.10176903940244 valve opening 100.0 pressure 5.0
flow rate 54.76764294647327 controller response 81.48248340209169 valve opening 100.0 pressure 5.0
flow rate 55.753794380638965 controller response 82.94966481694445 valve opening 100.0 pressure 5.0
flow rate 55.541212343877596 controller response 82.63338842909766 valve opening 100.0 pressure 5.0
flow rate 54.16612209411461 controller response 80.58754963771133 valve opening 100.0 pressure 5.0
flow rate 53.35357964270886 controller response 79.37866108147257 valve opening 100.0 pressure 5.0
flow rate 54.912477083764834 controller response 81.69796547422412 valve opening 100.0 pressure 5.0
flow rate 59.74608351272652 controller response 88.88933312181558 valve opening 100.0 pressure 5.0
flow rate 64.6682036845781 controller response 96.212390197651 valve opening 100.0 pressure 5.0
flow rate 66.990847196623 controller response 99.66798461868792 valve opening 100.0 pressure 5.0
flow rate 68.77274873154715 controller response 102.31907118061139 valve opening 100.0 pressure 5.0
flow rate 70.6243364963352 controller response 105.07383587733769 valve opening 100.0 pressure 5.0
flow rate 70.58965316996888 controller response 105.02223454098417 valve opening 100.0 pressure 5.0
flow rate 71.0467777903485 controller response 105.70233774223338 valve opening 100.0 pressure 5.0
flow rate 71.39645555674096 controller response 106.22258311456028 valve opening 100.0 pressure 5.0
flow rate 73.60322557375966 controller response 109.50578267565335 valve opening 100.0 pressure 5.0
flow rate 72.87111919448797 controller response 108.41656570942607 valve opening 100.0 pressure 5.0
flow rate 74.73235104442746 controller response 111.1856787323904 valve opening 100.0 pressure 5.0
flow rate 74.21984144856032 controller response 110.42317458957987 valve opening 100.0 pressure 5.0
flow rate 74.55238078198882 controller response 110.91792165662288 valve opening 100.0 pressure 5.0
flow rate 75.29106373731268 controller response 112.01692315474128 valve opening 100.0 pressure 5.0
flow rate 74.4018352463488 controller response 110.6939422510999 valve opening 100.0 pressure 5.0
flow rate 74.93014878616961 controller response 111.4799592663223 valve opening 100.0 pressure 5.0
flow rate 74.84930999630573 controller response 111.3596885188708 valve opening 100.0 pressure 5.0
flow rate 75.7556323517343 controller response 112.7081014194465 valve opening 100.0 pressure 5.0
flow rate 75.23753356814632 controller response 111.93728176639681 valve opening 100.0 pressure 5.0
flow rate 75.56578297101616 controller response 112.42564633865395 valve opening 100.0 pressure 5.0
flow rate 74.36158860667294 controller response 110.63406390007096 valve opening 100.0 pressure 5.0
flow rate 74.89069038434013 controller response 111.4212536438202 valve opening 100.0 pressure 5.0
flow rate 76.26523402651723 controller response 113.46627920058204 valve opening 100.0 pressure 5.0
flow rate 75.86408599292119 controller response 112.86945713136825 valve opening 100.0 pressure 5.0
flow rate 74.58497076399644 controller response 110.96640854642034 valve opening 100.0 pressure 5.0
flow rate 75.54149700134806 controller response 112.38951403472555 valve opening 100.0 pressure 5.0
flow rate 76.75920109117538 controller response 114.2011960416541 valve opening 100.0 pressure 5.0
flow rate 77.2074707844002 controller response 114.86812501417815 valve opening 100.0 pressure 5.0
flow rate 76.09534510550291 controller response 113.2135209944223 valve opening 100.0 pressure 5.0
flow rate 77.17994921896333 controller response 114.82717883905966 valve opening 100.0 pressure 5.0
flow rate 78.01095685377707 controller response 116.0635396201308 valve opening 100.0 pressure 5.0
flow rate 77.67745848708027 controller response 115.56736571767598 valve opening 100.0 pressure 5.0
flow rate 77.90488995783491 controller response 115.90573487223304 valve opening 100.0 pressure 5.0
flow rate 76.38081766476472 controller response 113.63824281592812 valve opening 100.0 pressure 5.0
flow rate 77.14928026606265 controller response 114.78155002775353 valve opening 100.0 pressure 5.0
flow rate 76.7679190892645 controller response 114.21416654935496 valve opening 100.0 pressure 5.0
flow rate 75.74651963056226 controller response 112.69454364862243 valve opening 100.0 pressure 5.0
flow rate 74.96132260434432 controller response 111.52633920866313 valve opening 100.0 pressure 5.0
flow rate 75.08485498532953 controller response 111.7101288450563 valve opening 100.0 pressure 5.0
flow rate 74.69363366197464 controller response 111.12807558747934 valve opening 100.0 pressure 5.0
flow rate 76.08940043827981 controller response 113.20467660707469 valve opening 100.0 pressure 5.0
flow rate 75.46235446086158 controller response 112.2717669418319 valve opening 100.0 pressure 5.0
flow rate 75.22237404162414 controller response 111.91472764864099 valve opening 100.0 pressure 5.0
flow rate 74.30972515834048 controller response 110.55690223415726 valve opening 100.0 pressure 5.0
flow rate 73.36577247566137 controller response 109.1525034932084 valve opening 100.0 pressure 5.0
flow rate 72.64034419524191 controller response 108.07322210298209 valve opening 100.0 pressure 5.0
flow rate 72.32517131009334 controller response 107.60431257901362 valve opening 100.0 pressure 5.0
flow rate 73.53716657429503 controller response 109.4075010802103 valve opening 100.0 pressure 5.0
flow rate 74.22407843801513 controller response 110.42947831938007 valve opening 100.0 pressure 5.0
flow rate 73.29566714506639 controller response 109.04820182658042 valve opening 100.0 pressure 5.0
flow rate 73.30956205578904 controller response 109.06887446778643 valve opening 100.0 pressure 5.0
flow rate 74.28917165497302 controller response 110.52632303799513 valve opening 100.0 pressure 5.0
flow rate 75.52502304692645 controller response 112.36500433071956 valve opening 100.0 pressure 5.0
flow rate 76.71498975747669 controller response 114.13541907791286 valve opening 100.0 pressure 5.0
flow rate 76.41494206069622 controller response 113.6890125839061 valve opening 100.0 pressure 5.0
[INFO] Tests run: 4, Failures: 0, Errors: 0, Skipped: 0, Time elapsed: 0.51 s - in neqsim.processSimulation.processSystem.ProcessSystemControllerTest
[INFO] Running neqsim.processSimulation.processEquipment.separator.SeparatorTest
[INFO] Tests run: 2, Failures: 0, Errors: 0, Skipped: 0, Time elapsed: 0.22 s - in neqsim.processSimulation.processEquipment.separator.SeparatorTest
[INFO] Running neqsim.processSimulation.processEquipment.stream.StreamTest
[INFO] Tests run: 2, Failures: 0, Errors: 0, Skipped: 0, Time elapsed: 0.045 s - in neqsim.processSimulation.processEquipment.stream.StreamTest
[INFO] Running neqsim.processSimulation.processEquipment.adsorber.SimpleAdsorberTest
[WARNING] Tests run: 1, Failures: 0, Errors: 0, Skipped: 1, Time elapsed: 0.001 s - in neqsim.processSimulation.processEquipment.adsorber.SimpleAdsorberTest
[INFO] Running neqsim.processSimulation.processEquipment.splitter.ComponentSplitterTest
[INFO] Tests run: 1, Failures: 0, Errors: 0, Skipped: 0, Time elapsed: 0.019 s - in neqsim.processSimulation.processEquipment.splitter.ComponentSplitterTest
[INFO] Running neqsim.processSimulation.processEquipment.pump.PumpTest
[INFO] Tests run: 1, Failures: 0, Errors: 0, Skipped: 0, Time elapsed: 0.069 s - in neqsim.processSimulation.processEquipment.pump.PumpTest
[INFO] Running neqsim.processSimulation.processEquipment.compressor.CompressorCalculationTest
[INFO] Tests run: 2, Failures: 0, Errors: 0, Skipped: 0, Time elapsed: 0.367 s - in neqsim.processSimulation.processEquipment.compressor.CompressorCalculationTest
[INFO] Running neqsim.processSimulation.processEquipment.compressor.CompressorPropertyProfileTest
[INFO] Tests run: 2, Failures: 0, Errors: 0, Skipped: 0, Time elapsed: 0.043 s - in neqsim.processSimulation.processEquipment.compressor.CompressorPropertyProfileTest
[INFO] Running neqsim.processSimulation.processEquipment.compressor.CompressorChartTest
[INFO] Tests run: 1, Failures: 0, Errors: 0, Skipped: 0, Time elapsed: 0.12 s - in neqsim.processSimulation.processEquipment.compressor.CompressorChartTest
[INFO] Running neqsim.processSimulation.processEquipment.compressor.CompressorTest
[INFO] Tests run: 7, Failures: 0, Errors: 0, Skipped: 0, Time elapsed: 1.125 s - in neqsim.processSimulation.processEquipment.compressor.CompressorTest
[INFO] Running neqsim.processSimulation.processEquipment.powerGeneration.GasTurbineTest
[WARNING] Tests run: 3, Failures: 0, Errors: 0, Skipped: 1, Time elapsed: 0.061 s - in neqsim.processSimulation.processEquipment.powerGeneration.GasTurbineTest
[INFO] Running neqsim.processSimulation.processEquipment.absorber.SimpleAbsorberTest
[WARNING] Tests run: 1, Failures: 0, Errors: 0, Skipped: 1, Time elapsed: 0.001 s - in neqsim.processSimulation.processEquipment.absorber.SimpleAbsorberTest
[INFO] Running neqsim.processSimulation.processEquipment.mixer.MixerTest
[INFO] Tests run: 1, Failures: 0, Errors: 0, Skipped: 0, Time elapsed: 0.281 s - in neqsim.processSimulation.processEquipment.mixer.MixerTest
[INFO] Running neqsim.processSimulation.measurementDevice.pHProbeTest
pH 5.629055432357595
pH 4.079098133484792
[INFO] Tests run: 4, Failures: 0, Errors: 0, Skipped: 0, Time elapsed: 16.404 s - in neqsim.processSimulation.measurementDevice.pHProbeTest
[INFO] Running neqsim.processSimulation.measurementDevice.WellAllocatorTest
name alloc
gas flow 1057.938959805943
oil flow 1442.0610401940564
total flow 2500.0
[INFO] Tests run: 1, Failures: 0, Errors: 0, Skipped: 0, Time elapsed: 0.213 s - in neqsim.processSimulation.measurementDevice.WellAllocatorTest
[INFO] Running neqsim.processSimulation.util.example.process1Test
[INFO] Tests run: 1, Failures: 0, Errors: 0, Skipped: 0, Time elapsed: 0.489 s - in neqsim.processSimulation.util.example.process1Test
[INFO] Running neqsim.standards.gasQuality.Draft_ISO18453Test
[INFO] Tests run: 1, Failures: 0, Errors: 0, Skipped: 0, Time elapsed: 0.257 s - in neqsim.standards.gasQuality.Draft_ISO18453Test
[INFO] Running neqsim.standards.gasQuality.Draft_GERG2004Test
[WARNING] Tests run: 1, Failures: 0, Errors: 0, Skipped: 1, Time elapsed: 0 s - in neqsim.standards.gasQuality.Draft_GERG2004Test
[INFO] Running neqsim.standards.gasQuality.Standard_ISO6976Test
19:26:32.095 [main] ERROR neqsim.standards.gasQuality.Standard_ISO6976 - energy reference temperature not in valid range...setting it to 25C
19:26:32.095 [main] ERROR neqsim.standards.gasQuality.Standard_ISO6976 - volume reference temperature not in valid range...setting it to 15C
19:26:32.095 [main] ERROR neqsim.standards.gasQuality.Standard_ISO6976 - energy reference temperature not in valid range...setting it to 25C
[INFO] Tests run: 4, Failures: 0, Errors: 0, Skipped: 0, Time elapsed: 0.09 s - in neqsim.standards.gasQuality.Standard_ISO6976Test
[INFO] Running neqsim.standards.gasQuality.Standard_ISO6578Test
[INFO] Tests run: 1, Failures: 0, Errors: 0, Skipped: 0, Time elapsed: 0.067 s - in neqsim.standards.gasQuality.Standard_ISO6578Test
[INFO] Running neqsim.standards.salesContract.BaseContractTest
[INFO] Tests run: 1, Failures: 0, Errors: 0, Skipped: 0, Time elapsed: 0.125 s - in neqsim.standards.salesContract.BaseContractTest
[INFO] Running neqsim.thermodynamicOperations.ThermodynamicOperationsTest
19:26:32.301 [main] ERROR neqsim.thermodynamicOperations.flashOps.TPflash - error in beta calcneqsim.util.exception.IsNaNException: SystemSrkEos:calcBeta - Variable beta is NaN
19:26:32.302 [main] ERROR neqsim.thermodynamicOperations.flashOps.TPflash - error in beta calcneqsim.util.exception.IsNaNException: SystemSrkEos:calcBeta - Variable beta is NaN
19:26:32.302 [main] ERROR neqsim.thermodynamicOperations.flashOps.TPflash - error in beta calcneqsim.util.exception.IsNaNException: SystemSrkEos:calcBeta - Variable beta is NaN
19:26:32.302 [main] ERROR neqsim.thermodynamicOperations.flashOps.TPflash - error in beta calcneqsim.util.exception.IsNaNException: SystemSrkEos:calcBeta - Variable beta is NaN
19:26:32.302 [main] ERROR neqsim.thermodynamicOperations.flashOps.TPflash - error in beta calcneqsim.util.exception.IsNaNException: SystemSrkEos:calcBeta - Variable beta is NaN
19:26:32.302 [main] ERROR neqsim.thermodynamicOperations.flashOps.TPflash - error in beta calcneqsim.util.exception.IsNaNException: SystemSrkEos:calcBeta - Variable beta is NaN
19:26:32.308 [main] ERROR neqsim.thermodynamicOperations.flashOps.TPflash - error in beta calcneqsim.util.exception.IsNaNException: SystemSrkEos:calcBeta - Variable beta is NaN
19:26:32.308 [main] ERROR neqsim.thermodynamicOperations.flashOps.TPflash - error in beta calcneqsim.util.exception.IsNaNException: SystemSrkEos:calcBeta - Variable beta is NaN
19:26:32.308 [main] ERROR neqsim.thermodynamicOperations.flashOps.TPflash - error in beta calcneqsim.util.exception.IsNaNException: SystemSrkEos:calcBeta - Variable beta is NaN
19:26:32.309 [main] ERROR neqsim.thermodynamicOperations.flashOps.TPflash - error in beta calcneqsim.util.exception.IsNaNException: SystemSrkEos:calcBeta - Variable beta is NaN
19:26:32.309 [main] ERROR neqsim.thermodynamicOperations.flashOps.TPflash - error in beta calcneqsim.util.exception.IsNaNException: SystemSrkEos:calcBeta - Variable beta is NaN
19:26:32.309 [main] ERROR neqsim.thermodynamicOperations.flashOps.TPflash - error in beta calcneqsim.util.exception.IsNaNException: SystemSrkEos:calcBeta - Variable beta is NaN
19:26:32.309 [main] ERROR neqsim.thermodynamicOperations.flashOps.TPflash - error in beta calcneqsim.util.exception.IsNaNException: SystemSrkEos:calcBeta - Variable beta is NaN
19:26:32.309 [main] ERROR neqsim.thermodynamicOperations.flashOps.TPflash - error in beta calcneqsim.util.exception.IsNaNException: SystemSrkEos:calcBeta - Variable beta is NaN
19:26:32.309 [main] ERROR neqsim.thermodynamicOperations.flashOps.TPflash - error in beta calcneqsim.util.exception.IsNaNException: SystemSrkEos:calcBeta - Variable beta is NaN
19:26:32.309 [main] ERROR neqsim.thermodynamicOperations.flashOps.TPflash - error in beta calcneqsim.util.exception.IsNaNException: SystemSrkEos:calcBeta - Variable beta is NaN
19:26:32.322 [main] ERROR neqsim.thermodynamicOperations.ThermodynamicOperations - neqsim.util.exception.InvalidInputException: ThermodynamicOperations:propertyFlash - Input mode must be 1, 2 or 3
[INFO] Tests run: 6, Failures: 0, Errors: 0, Skipped: 0, Time elapsed: 0.165 s - in neqsim.thermodynamicOperations.ThermodynamicOperationsTest
[INFO] Running neqsim.thermodynamicOperations.flashOps.TPFlashTest
[INFO] Tests run: 3, Failures: 0, Errors: 0, Skipped: 0, Time elapsed: 0.703 s - in neqsim.thermodynamicOperations.flashOps.TPFlashTest
[INFO] Running neqsim.thermodynamicOperations.flashOps.PHFlashTest
[INFO] Tests run: 1, Failures: 0, Errors: 0, Skipped: 0, Time elapsed: 0.182 s - in neqsim.thermodynamicOperations.flashOps.PHFlashTest
[INFO] Running neqsim.thermodynamicOperations.flashOps.TVFlashTest
[INFO] Tests run: 1, Failures: 0, Errors: 0, Skipped: 0, Time elapsed: 0.524 s - in neqsim.thermodynamicOperations.flashOps.TVFlashTest
[INFO] Running neqsim.thermodynamicOperations.flashOps.WaxFlashTest
[WARNING] Tests run: 1, Failures: 0, Errors: 0, Skipped: 1, Time elapsed: 0 s - in neqsim.thermodynamicOperations.flashOps.WaxFlashTest
[INFO] Running neqsim.thermodynamicOperations.flashOps.PSFlashGERG2008Test
[INFO] Tests run: 1, Failures: 0, Errors: 0, Skipped: 0, Time elapsed: 0.03 s - in neqsim.thermodynamicOperations.flashOps.PSFlashGERG2008Test
[INFO] Running neqsim.thermodynamicOperations.flashOps.PHFlashGERG2008Test
[INFO] Tests run: 1, Failures: 0, Errors: 0, Skipped: 0, Time elapsed: 0.024 s - in neqsim.thermodynamicOperations.flashOps.PHFlashGERG2008Test
[INFO] 
[INFO] Results:
[INFO] 
[WARNING] Tests run: 180, Failures: 0, Errors: 0, Skipped: 9
[INFO] 
[INFO] 
[INFO] --- jacoco:0.8.7:report (generate-report-after-test) @ neqsim ---
[INFO] Loading execution data file /tmp/marshal-log4j-screening.GTMCHm/consumers/a3-before/neqsim/target/jacoco.exec
[INFO] Analyzed bundle 'neqsim' with 704 classes
[INFO] ------------------------------------------------------------------------
[INFO] BUILD SUCCESS
[INFO] ------------------------------------------------------------------------
[INFO] Total time:  01:03 min
[INFO] Finished at: 2026-08-24T19:26:36+08:00
[INFO] ------------------------------------------------------------------------
