[INFO] Scanning for projects...
[INFO] 
[INFO] -------------------------< com.equinor:neqsim >-------------------------
[INFO] Building neqsim 2.3.3
[INFO]   from pom.xml
[INFO] --------------------------------[ jar ]---------------------------------
[INFO] 
[INFO] --- clean:3.2.0:clean (default-clean) @ neqsim ---
[INFO] 
[INFO] --- flatten:1.2.7:clean (flatten.clean) @ neqsim ---
[INFO] 
[INFO] --- enforcer:3.0.0:enforce (enforce-maven) @ neqsim ---
[INFO] 
[INFO] --- jacoco:0.8.7:prepare-agent (default) @ neqsim ---
[INFO] argLine set to -javaagent:/tmp/marshal-log4j-screening.GTMCHm/m2/org/jacoco/org.jacoco.agent/0.8.7/org.jacoco.agent-0.8.7-runtime.jar=destfile=/tmp/marshal-log4j-screening.GTMCHm/consumers/a2/neqsim/target/jacoco.exec,excludes=neqsim/physicalProperties/util/parameterFitting/**/*:neqsim/fluidMechanics/util/parameterFitting/**/*:neqsim/PVTsimulation/util/parameterFitting/**/*:neqsim/thermo/util/parameterFitting/**/*:neqsim/statistics/util/parameterFitting/**/*:neqsim/PVTsimulation/util/parameterfitting/**/*
[INFO] 
[INFO] --- resources:3.3.1:resources (default-resources) @ neqsim ---
[INFO] Copying 222 resources from src/main/resources to target/classes
[INFO] 
[INFO] --- flatten:1.2.7:flatten (flatten) @ neqsim ---
[INFO] Generating flattened POM of project com.equinor:neqsim:jar:2.3.3...
[INFO] 
[INFO] --- compiler:3.9.0:compile (default-compile) @ neqsim ---
[INFO] Changes detected - recompiling the module!
[INFO] Compiling 907 source files to /tmp/marshal-log4j-screening.GTMCHm/consumers/a2/neqsim/target/classes
[INFO] /tmp/marshal-log4j-screening.GTMCHm/consumers/a2/neqsim/src/main/java/neqsim/thermo/system/SystemThermo.java: Some input files use or override a deprecated API.
[INFO] /tmp/marshal-log4j-screening.GTMCHm/consumers/a2/neqsim/src/main/java/neqsim/thermo/system/SystemThermo.java: Recompile with -Xlint:deprecation for details.
[INFO] 
[INFO] --- resources:3.3.1:testResources (default-testResources) @ neqsim ---
[INFO] skip non existing resourceDirectory /tmp/marshal-log4j-screening.GTMCHm/consumers/a2/neqsim/src/test/resources
[INFO] 
[INFO] --- compiler:3.9.0:testCompile (default-testCompile) @ neqsim ---
[INFO] Changes detected - recompiling the module!
[INFO] Compiling 212 source files to /tmp/marshal-log4j-screening.GTMCHm/consumers/a2/neqsim/target/test-classes
[INFO] /tmp/marshal-log4j-screening.GTMCHm/consumers/a2/neqsim/src/test/java/neqsim/processSimulation/processSystem/GlycolRigTest.java: Some input files use or override a deprecated API.
[INFO] /tmp/marshal-log4j-screening.GTMCHm/consumers/a2/neqsim/src/test/java/neqsim/processSimulation/processSystem/GlycolRigTest.java: Recompile with -Xlint:deprecation for details.
[INFO] 
[INFO] --- surefire:3.0.0-M5:test (default-test) @ neqsim ---
[INFO] 
[INFO] -------------------------------------------------------
[INFO]  T E S T S
[INFO] -------------------------------------------------------
[INFO] Running neqsim.thermo.system.SystemSrkSchwartzentruberEosTest
[INFO] Tests run: 9, Failures: 0, Errors: 0, Skipped: 0, Time elapsed: 1.606 s - in neqsim.thermo.system.SystemSrkSchwartzentruberEosTest
[INFO] Running neqsim.thermo.system.SystemThermoAddComponentTest
[INFO] Tests run: 4, Failures: 0, Errors: 0, Skipped: 0, Time elapsed: 0.077 s - in neqsim.thermo.system.SystemThermoAddComponentTest
[INFO] Running neqsim.thermo.system.SystemUMRPRUMCEosNewTest
Cricondenbar 42.55193248668678 130.6861407275032
molar volume gas+oil is 486.6435506862638
molar volume gas is 243.3217753431319
molar volume liquid is 243.3217753431319
[WARNING] Tests run: 9, Failures: 0, Errors: 0, Skipped: 2, Time elapsed: 0.839 s - in neqsim.thermo.system.SystemUMRPRUMCEosNewTest
[INFO] Running neqsim.thermo.system.SystemPropertiesTest
[INFO] Tests run: 1, Failures: 0, Errors: 0, Skipped: 0, Time elapsed: 0.024 s - in neqsim.thermo.system.SystemPropertiesTest
[INFO] Running neqsim.thermo.system.SystemPrEoSTest
[INFO] Tests run: 10, Failures: 0, Errors: 0, Skipped: 0, Time elapsed: 0.138 s - in neqsim.thermo.system.SystemPrEoSTest
[INFO] Running neqsim.thermo.system.SystemElectrolyteCPATest
[INFO] Tests run: 2, Failures: 0, Errors: 0, Skipped: 0, Time elapsed: 0.278 s - in neqsim.thermo.system.SystemElectrolyteCPATest
[INFO] Running neqsim.thermo.system.SystemSrkCPAstatoilTest
[INFO] Tests run: 4, Failures: 0, Errors: 0, Skipped: 0, Time elapsed: 0.622 s - in neqsim.thermo.system.SystemSrkCPAstatoilTest
[INFO] Running neqsim.thermo.system.SystemThermoSetMolarCompositionTest
19:23:49.708 [main] ERROR neqsim.thermo.system.SystemThermo - must be larger than 0 (1e-100) when setting molar composition
neqsim.thermo.system.SystemSrkEos@76a7f2fa
neqsim.thermo.system.SystemSrkEos@3447daf1
neqsim.thermo.system.SystemSrkEos@6204fbc1
19:23:49.844 [main] ERROR neqsim.thermo.system.SystemThermo - must be larger than 0 (1e-100) when setting molar composition
19:23:49.854 [main] ERROR neqsim.thermo.system.SystemThermo - must be larger than 0 (1e-100) when setting molar composition
[INFO] Tests run: 6, Failures: 0, Errors: 0, Skipped: 0, Time elapsed: 0.166 s - in neqsim.thermo.system.SystemThermoSetMolarCompositionTest
[INFO] Running neqsim.thermo.component.ComponentHydrateGFTest
[INFO] Tests run: 1, Failures: 0, Errors: 0, Skipped: 0, Time elapsed: 0.763 s - in neqsim.thermo.component.ComponentHydrateGFTest
[INFO] Running neqsim.thermo.component.ComponentTest
[INFO] Tests run: 2, Failures: 0, Errors: 0, Skipped: 0, Time elapsed: 0.011 s - in neqsim.thermo.component.ComponentTest
[INFO] Running neqsim.thermo.util.example.VapourPressureTTest
[INFO] Tests run: 1, Failures: 0, Errors: 0, Skipped: 0, Time elapsed: 0.054 s - in neqsim.thermo.util.example.VapourPressureTTest
[INFO] Running neqsim.thermo.util.example.FlashWaterTest
[INFO] Tests run: 2, Failures: 0, Errors: 0, Skipped: 0, Time elapsed: 0.055 s - in neqsim.thermo.util.example.FlashWaterTest
[INFO] Running neqsim.thermo.util.example.FlashGasTest
[INFO] Tests run: 2, Failures: 0, Errors: 0, Skipped: 0, Time elapsed: 1.207 s - in neqsim.thermo.util.example.FlashGasTest
[INFO] Running neqsim.thermo.util.example.FlashOilTest
[INFO] Tests run: 2, Failures: 0, Errors: 0, Skipped: 0, Time elapsed: 1.258 s - in neqsim.thermo.util.example.FlashOilTest
[INFO] Running neqsim.thermo.util.example.SrkEoSTest
[WARNING] Tests run: 5, Failures: 0, Errors: 0, Skipped: 2, Time elapsed: 0.052 s - in neqsim.thermo.util.example.SrkEoSTest
[INFO] Running neqsim.thermo.util.example.KlabFlashBugTest
[INFO] Tests run: 2, Failures: 0, Errors: 0, Skipped: 0, Time elapsed: 0.924 s - in neqsim.thermo.util.example.KlabFlashBugTest
[INFO] Running neqsim.thermo.util.example.SrkOilCharacterizationTest
[INFO] Tests run: 4, Failures: 0, Errors: 0, Skipped: 0, Time elapsed: 0.165 s - in neqsim.thermo.util.example.SrkOilCharacterizationTest
[INFO] Running neqsim.thermo.util.readwrite.EclipseFluidReadWriteTest
[INFO] Tests run: 3, Failures: 0, Errors: 0, Skipped: 0, Time elapsed: 1.975 s - in neqsim.thermo.util.readwrite.EclipseFluidReadWriteTest
[INFO] Running neqsim.fluidMechanics.flowSystem.onePhaseFlowSystem.pipeFlowSystem.PipeFlowSystemTest
[INFO] Tests run: 5, Failures: 0, Errors: 0, Skipped: 0, Time elapsed: 3.273 s - in neqsim.fluidMechanics.flowSystem.onePhaseFlowSystem.pipeFlowSystem.PipeFlowSystemTest
[INFO] Running neqsim.PVTsimulation.simulation.SaturationTemperatureTest
[INFO] Tests run: 1, Failures: 0, Errors: 0, Skipped: 0, Time elapsed: 0.148 s - in neqsim.PVTsimulation.simulation.SaturationTemperatureTest
[INFO] Running neqsim.PVTsimulation.simulation.SaturationPressureTest
[INFO] Tests run: 1, Failures: 0, Errors: 0, Skipped: 0, Time elapsed: 0.162 s - in neqsim.PVTsimulation.simulation.SaturationPressureTest
[INFO] Running neqsim.physicalProperties.physicalPropertyMethods.commonPhasePhysicalProperties.viscosity.FrictionTheoryViscosityMethodTest
[INFO] Tests run: 1, Failures: 0, Errors: 0, Skipped: 0, Time elapsed: 0.02 s - in neqsim.physicalProperties.physicalPropertyMethods.commonPhasePhysicalProperties.viscosity.FrictionTheoryViscosityMethodTest
[INFO] Running neqsim.physicalProperties.physicalPropertyMethods.liquidPhysicalProperties.density.CostaldTest
[INFO] Tests run: 1, Failures: 0, Errors: 0, Skipped: 0, Time elapsed: 0.032 s - in neqsim.physicalProperties.physicalPropertyMethods.liquidPhysicalProperties.density.CostaldTest
[INFO] Running neqsim.processSimulation.processSystem.GlycolRigTest
error iter 4.6882890898317555 iteration 1
error iter 0.2365945005023491 iteration 2
error iter 0.04668309884095834 iteration 3
error iter 0.009296042100913837 iteration 4
error iter 0.0018497586021908319 iteration 5
error iter 3.6806287891977263E-4 iteration 6
error iter 7.32360658730613E-5 iteration 7
stripping gas recirc recycle error: 0.46890780402814436
error iter 1.2775902860100814 iteration 1
error iter 0.2237996642335247 iteration 2
error iter 0.03928610352602391 iteration 3
error iter 0.006957066014138036 iteration 4
error iter 0.0012349537547606815 iteration 5
error iter 2.1932734949814403E-4 iteration 6
error iter 3.8956169532866625E-5 iteration 7
stripping gas recirc recycle error: 0.03080326494607491
error iter 0.13342113347556506 iteration 1
error iter 0.02316672652756324 iteration 2
error iter 0.004065147992037055 iteration 3
error iter 7.159870765462983E-4 iteration 4
error iter 1.2616629226158693E-4 iteration 5
error iter 2.2233985816910717E-5 iteration 6
stripping gas recirc recycle error: 0.002759255281992501
error iter 0.01203063321696618 iteration 1
error iter 0.0020940092607588667 iteration 2
error iter 3.6772815764152256E-4 iteration 3
error iter 6.474969541159226E-5 iteration 4
stripping gas recirc recycle error: 2.467930853125022E-4
error iter 0.001087762790632496 iteration 1
error iter 1.8940204654427362E-4 iteration 2
error iter 3.326435819417384E-5 iteration 3
stripping gas recirc recycle error: 2.2231555615037646E-5
error iter 1.0282535009764615E-4 iteration 1
error iter 1.7913959084125963E-5 iteration 2
FEED gas recirc recycle error: 0.057651627341844834
error iter 3.146625260797009E-6 iteration 1
stripping gas recirc recycle error: 0.036196753737225806
error iter 0.1597953343429026 iteration 1
error iter 0.0304212433852058 iteration 2
error iter 0.005282669687574071 iteration 3
error iter 9.232007693071864E-4 iteration 4
error iter 1.6149247983321402E-4 iteration 5
error iter 2.8253678522105474E-5 iteration 6
stripping gas recirc recycle error: 0.003400158338943221
error iter 0.015146614268473968 iteration 1
error iter 0.0026033086144821027 iteration 2
error iter 4.534531148578935E-4 iteration 3
error iter 7.926522391699109E-5 iteration 4
stripping gas recirc recycle error: 2.958811612916168E-4
error iter 0.0013321891597684044 iteration 1
error iter 2.2912227444749078E-4 iteration 2
error iter 3.991794915236824E-5 iteration 3
stripping gas recirc recycle error: 2.5926546564261632E-5
error iter 1.2250595455043367E-4 iteration 1
error iter 2.108700891767512E-5 iteration 2
FEED gas recirc recycle error: 2.2364149472159208E-7
wtpRichTEG 97.08808480434064
wtpWaterFromReboil 99.36939693753365
wtpWaterFromStripper 99.88825515775525
water to regenerator 11.644944174949451
TEG to regenerator 388.3523392173625
nitrogen to regenerator 0.0027166076880303603
water liquid from regenerator 2.490983341179188
water gas from regenerator 11.483730748831599
water balance -7.2986345664993735E-6
wt water to reboil 2.911236043737363
wt water from mixer 2.911163522345802
stripping gas rate 13.201565333319593
[INFO] Tests run: 1, Failures: 0, Errors: 0, Skipped: 0, Time elapsed: 11.375 s - in neqsim.processSimulation.processSystem.GlycolRigTest
[INFO] Running neqsim.processSimulation.processSystem.ProcessSystemTest
[INFO] Tests run: 41, Failures: 0, Errors: 0, Skipped: 0, Time elapsed: 0.9 s - in neqsim.processSimulation.processSystem.ProcessSystemTest
[INFO] Running neqsim.processSimulation.processSystem.ProcessSystemRunTransientTest
[INFO] Tests run: 4, Failures: 0, Errors: 0, Skipped: 0, Time elapsed: 3.115 s - in neqsim.processSimulation.processSystem.ProcessSystemRunTransientTest
[INFO] Running neqsim.processSimulation.processSystem.ProcessSystemControllerTest
flow rate 63.161528535505 controller response 93.9707813530512 valve opening 100.0 pressure 5.0
flow rate 62.63062745888793 controller response 93.18091463912515 valve opening 100.0 pressure 5.0
flow rate 62.70815505149922 controller response 93.29625903662513 valve opening 100.0 pressure 5.0
flow rate 64.4649089336243 controller response 95.90993129529289 valve opening 100.0 pressure 5.0
flow rate 64.84343518624941 controller response 96.47309701573337 valve opening 100.0 pressure 5.0
flow rate 63.92162910714019 controller response 95.10164766169827 valve opening 100.0 pressure 5.0
flow rate 65.39612941679904 controller response 97.29538725946739 valve opening 100.0 pressure 5.0
flow rate 65.0730276514485 controller response 96.81468126563651 valve opening 100.0 pressure 5.0
flow rate 64.09756885147814 controller response 95.36340819267093 valve opening 100.0 pressure 5.0
flow rate 63.106392546919885 controller response 93.88875085049443 valve opening 100.0 pressure 5.0
flow rate 64.77018000503789 controller response 96.36410904827571 valve opening 100.0 pressure 5.0
flow rate 64.59242809337447 controller response 96.09965240174893 valve opening 100.0 pressure 5.0
flow rate 65.42571735372765 controller response 97.33940775131227 valve opening 100.0 pressure 5.0
flow rate 66.06514889603943 controller response 98.29074447551855 valve opening 100.0 pressure 5.0
flow rate 65.58593232529292 controller response 97.57777319957697 valve opening 100.0 pressure 5.0
flow rate 65.46039660924832 controller response 97.39100303112228 valve opening 100.0 pressure 5.0
flow rate 65.36389166733096 controller response 97.24742441599577 valve opening 100.0 pressure 5.0
flow rate 64.3198875664682 controller response 95.69417066535688 valve opening 100.0 pressure 5.0
flow rate 64.73077590490193 controller response 96.30548421502442 valve opening 100.0 pressure 5.0
flow rate 65.5309704767803 controller response 97.49600178002625 valve opening 100.0 pressure 5.0
flow rate 66.38744743469734 controller response 98.7702554406403 valve opening 100.0 pressure 5.0
flow rate 66.55969598047243 controller response 99.02652426137209 valve opening 100.0 pressure 5.0
flow rate 66.93410028282386 controller response 99.58355740559273 valve opening 100.0 pressure 5.0
flow rate 65.28159991084007 controller response 97.12499196643883 valve opening 100.0 pressure 5.0
flow rate 64.25556461523036 controller response 95.59847193660683 valve opening 100.0 pressure 5.0
flow rate 64.92271073061538 controller response 96.59104198981788 valve opening 100.0 pressure 5.0
flow rate 63.73755303743912 controller response 94.82778202704257 valve opening 100.0 pressure 5.0
flow rate 64.04017010296963 controller response 95.27801118960443 valve opening 100.0 pressure 5.0
flow rate 63.54510131068525 controller response 94.54145521458042 valve opening 100.0 pressure 5.0
flow rate 63.650064747188914 controller response 94.69761825196179 valve opening 100.0 pressure 5.0
flow rate 63.48822275733422 controller response 94.45683215012089 valve opening 100.0 pressure 5.0
flow rate 65.06119705006932 controller response 96.79707987312345 valve opening 100.0 pressure 5.0
flow rate 66.025974441897 controller response 98.23246130615583 valve opening 100.0 pressure 5.0
flow rate 65.06915209395872 controller response 96.8089152689304 valve opening 100.0 pressure 5.0
flow rate 64.0922067068753 controller response 95.35543047380098 valve opening 100.0 pressure 5.0
flow rate 63.58480979126469 controller response 94.60053290052174 valve opening 100.0 pressure 5.0
flow rate 63.680309245806626 controller response 94.7426155665081 valve opening 100.0 pressure 5.0
flow rate 65.20833949007182 controller response 97.01599620364668 valve opening 100.0 pressure 5.0
flow rate 63.956575612799796 controller response 95.15364055228441 valve opening 100.0 pressure 5.0
flow rate 64.9353944648394 controller response 96.60991266067 valve opening 100.0 pressure 5.0
flow rate 64.23190827513226 controller response 95.5632763861742 valve opening 100.0 pressure 5.0
flow rate 63.934389752262796 controller response 95.12063275943973 valve opening 100.0 pressure 5.0
flow rate 63.94849792815191 controller response 95.14162269338378 valve opening 100.0 pressure 5.0
flow rate 63.71689481233919 controller response 94.79704702744677 valve opening 100.0 pressure 5.0
flow rate 64.02406510592405 controller response 95.25405041488679 valve opening 100.0 pressure 5.0
flow rate 63.532495160597406 controller response 94.5226999722506 valve opening 100.0 pressure 5.0
flow rate 63.15525151477142 controller response 93.96144249510107 valve opening 100.0 pressure 5.0
flow rate 64.07803546030591 controller response 95.33434670423813 valve opening 100.0 pressure 5.0
flow rate 64.78631226275925 controller response 96.38811038102074 valve opening 100.0 pressure 5.0
flow rate 64.84497958603045 controller response 96.47539475072347 valve opening 100.0 pressure 5.0
flow rate 63.67769491693174 controller response 94.73872600694872 valve opening 100.0 pressure 5.0
flow rate 64.96383065610786 controller response 96.65221960247699 valve opening 100.0 pressure 5.0
flow rate 64.01132357343556 controller response 95.23509375263767 valve opening 100.0 pressure 5.0
flow rate 63.28024438167387 controller response 94.14740502068777 valve opening 100.0 pressure 5.0
flow rate 64.17388129729008 controller response 95.47694471286259 valve opening 100.0 pressure 5.0
flow rate 62.67774478893414 controller response 93.25101510094693 valve opening 100.0 pressure 5.0
flow rate 60.3172975278522 controller response 89.7391768251862 valve opening 100.0 pressure 5.0
flow rate 60.20306498873413 controller response 89.56922335500008 valve opening 100.0 pressure 5.0
flow rate 59.63087074150808 controller response 88.71792127691108 valve opening 100.0 pressure 5.0
flow rate 58.46477635235727 controller response 86.98302341391349 valve opening 100.0 pressure 5.0
flow rate 58.54008659069342 controller response 87.09506886475076 valve opening 100.0 pressure 5.0
flow rate 57.628628999884114 controller response 85.7390158374657 valve opening 100.0 pressure 5.0
flow rate 55.95987058535595 controller response 83.25626192478074 valve opening 100.0 pressure 5.0
flow rate 54.43735526876909 controller response 80.99108631489622 valve opening 100.0 pressure 5.0
flow rate 54.481919220817765 controller response 81.05738789896625 valve opening 100.0 pressure 5.0
flow rate 53.547235481924005 controller response 79.66677935451874 valve opening 100.0 pressure 5.0
flow rate 53.07326220132666 controller response 78.9616089675614 valve opening 100.0 pressure 5.0
flow rate 54.650077475162846 controller response 81.30757124503415 valve opening 100.0 pressure 5.0
flow rate 54.89141533450258 controller response 81.66663011739 valve opening 100.0 pressure 5.0
flow rate 55.31992666399062 controller response 82.30416289065063 valve opening 100.0 pressure 5.0
flow rate 55.16470656225516 controller response 82.07322873531936 valve opening 100.0 pressure 5.0
flow rate 55.77369645994883 controller response 82.97927483409633 valve opening 100.0 pressure 5.0
flow rate 55.75694095678366 controller response 82.95434624606337 valve opening 100.0 pressure 5.0
flow rate 54.77499796943542 controller response 81.49342609570007 valve opening 100.0 pressure 5.0
flow rate 54.50701195751886 controller response 81.09472049886939 valve opening 100.0 pressure 5.0
flow rate 55.75682891440905 controller response 82.9541795510873 valve opening 100.0 pressure 5.0
flow rate 55.98945844003794 controller response 83.30028229426026 valve opening 100.0 pressure 5.0
flow rate 55.441324230565044 controller response 82.48477638196194 valve opening 100.0 pressure 5.0
flow rate 54.77886508012668 controller response 81.49917952538527 valve opening 100.0 pressure 5.0
flow rate 54.756059629352535 controller response 81.4652499154147 valve opening 100.0 pressure 5.0
flow rate 53.76952109800585 controller response 79.99749258314193 valve opening 100.0 pressure 5.0
flow rate 54.710296491184174 controller response 81.39716420009778 valve opening 100.0 pressure 5.0
flow rate 53.735990853045074 controller response 79.9476067841282 valve opening 100.0 pressure 5.0
flow rate 53.71635051839718 controller response 79.91838618678528 valve opening 100.0 pressure 5.0
flow rate 53.70210506708721 controller response 79.8971920165148 valve opening 100.0 pressure 5.0
flow rate 53.449545488357394 controller response 79.52143763719992 valve opening 100.0 pressure 5.0
flow rate 53.01408665683195 controller response 78.87356847389225 valve opening 100.0 pressure 5.0
flow rate 52.438279715987775 controller response 78.01689148404989 valve opening 100.0 pressure 5.0
flow rate 52.96703862972282 controller response 78.80357111994792 valve opening 100.0 pressure 5.0
flow rate 52.646399807417424 controller response 78.32652945609357 valve opening 100.0 pressure 5.0
flow rate 53.85586899625738 controller response 80.12595969999344 valve opening 100.0 pressure 5.0
flow rate 54.05759872847861 controller response 80.42609019079235 valve opening 100.0 pressure 5.0
flow rate 54.455611338140194 controller response 81.01824742297906 valve opening 100.0 pressure 5.0
flow rate 53.791992087624145 controller response 80.03092458678678 valve opening 100.0 pressure 5.0
flow rate 53.768273538924014 controller response 79.99563648332261 valve opening 100.0 pressure 5.0
flow rate 53.5083562013477 controller response 79.60893533999099 valve opening 100.0 pressure 5.0
flow rate 53.79450919981518 controller response 80.03466950881169 valve opening 100.0 pressure 5.0
flow rate 53.287517660187774 controller response 79.28037504788209 valve opening 100.0 pressure 5.0
flow rate 54.83872690253826 controller response 81.58824105311673 valve opening 100.0 pressure 5.0
flow rate 55.06015305838184 controller response 81.91767558959934 valve opening 100.0 pressure 5.0
flow rate 54.74578344634918 controller response 81.44996116340775 valve opening 100.0 pressure 5.0
flow rate 54.26264167289606 controller response 80.7311500293459 valve opening 100.0 pressure 5.0
flow rate 55.347138937714334 controller response 82.34464890616516 valve opening 100.0 pressure 5.0
flow rate 56.422510667966314 controller response 83.94457094858305 valve opening 100.0 pressure 5.0
flow rate 54.82383725941581 controller response 81.56608846386308 valve opening 100.0 pressure 5.0
flow rate 55.779390571979384 controller response 82.98774644916058 valve opening 100.0 pressure 5.0
flow rate 55.30104598039749 controller response 82.27607249083172 valve opening 100.0 pressure 5.0
flow rate 54.934407980554575 controller response 81.73059393580296 valve opening 100.0 pressure 5.0
flow rate 56.10822942271667 controller response 83.47698799317506 valve opening 100.0 pressure 5.0
flow rate 55.55491907206758 controller response 82.6537810951342 valve opening 100.0 pressure 5.0
flow rate 56.585390817591424 controller response 84.18690160906678 valve opening 100.0 pressure 5.0
flow rate 56.64934198003169 controller response 84.2820471959816 valve opening 100.0 pressure 5.0
flow rate 55.001645661517294 controller response 81.83062915602224 valve opening 100.0 pressure 5.0
flow rate 55.91951761234418 controller response 83.1962253725984 valve opening 100.0 pressure 5.0
flow rate 54.442408508409194 controller response 80.99860444956376 valve opening 100.0 pressure 5.0
flow rate 55.00636305408437 controller response 81.83764762241708 valve opening 100.0 pressure 5.0
flow rate 54.712376847272935 controller response 81.40025932289934 valve opening 100.0 pressure 5.0
flow rate 54.00235742356513 controller response 80.34390300017105 valve opening 100.0 pressure 5.0
flow rate 52.97308006338694 controller response 78.81255947496518 valve opening 100.0 pressure 5.0
flow rate 53.63843979871726 controller response 79.80247177853929 valve opening 100.0 pressure 5.0
flow rate 53.422398780434406 controller response 79.48104916950713 valve opening 100.0 pressure 5.0
flow rate 53.49965359026243 controller response 79.5959877248452 valve opening 100.0 pressure 5.0
flow rate 53.317115131685355 controller response 79.3244097251167 valve opening 100.0 pressure 5.0
flow rate 54.87477147718021 controller response 81.64186763437881 valve opening 100.0 pressure 5.0
flow rate 54.85856253939459 controller response 81.6177522181763 valve opening 100.0 pressure 5.0
flow rate 54.36168747726234 controller response 80.87850890177738 valve opening 100.0 pressure 5.0
flow rate 55.43551060778355 controller response 82.47612696058248 valve opening 100.0 pressure 5.0
flow rate 54.5629735584443 controller response 81.17797933516836 valve opening 100.0 pressure 5.0
flow rate 55.59087969670606 controller response 82.7072827768315 valve opening 100.0 pressure 5.0
flow rate 56.13776422489902 controller response 83.52092943193581 valve opening 100.0 pressure 5.0
flow rate 56.55783493807385 controller response 84.14590438197015 valve opening 100.0 pressure 5.0
flow rate 57.3654223854835 controller response 85.34742095706913 valve opening 100.0 pressure 5.0
flow rate 57.50057016747126 controller response 85.54849181406057 valve opening 100.0 pressure 5.0
flow rate 55.907336487945955 controller response 83.17810247715859 valve opening 100.0 pressure 5.0
flow rate 54.927238435500065 controller response 81.71992719346245 valve opening 100.0 pressure 5.0
flow rate 55.87253004814251 controller response 83.12631797446711 valve opening 100.0 pressure 5.0
flow rate 55.386163720018864 controller response 82.40270939599677 valve opening 100.0 pressure 5.0
flow rate 56.22546613521139 controller response 83.65141102776315 valve opening 100.0 pressure 5.0
flow rate 55.65770694272821 controller response 82.80670735805967 valve opening 100.0 pressure 5.0
flow rate 56.19205553368717 controller response 83.6017032324722 valve opening 100.0 pressure 5.0
flow rate 55.875124972898455 controller response 83.13017866486719 valve opening 100.0 pressure 5.0
flow rate 55.87462309412522 controller response 83.12943197710393 valve opening 100.0 pressure 5.0
flow rate 55.63209422709242 controller response 82.76860114124266 valve opening 100.0 pressure 5.0
flow rate 55.446268595009236 controller response 82.49213253373475 valve opening 100.0 pressure 5.0
flow rate 54.8190839517409 controller response 81.5590165635057 valve opening 100.0 pressure 5.0
flow rate 56.03522956724083 controller response 83.3683798955437 valve opening 100.0 pressure 5.0
flow rate 54.786914139300734 controller response 81.51115479573222 valve opening 100.0 pressure 5.0
flow rate 55.52631237495595 controller response 82.6112204772733 valve opening 100.0 pressure 5.0
flow rate 54.63946141317233 controller response 81.29177682613263 valve opening 100.0 pressure 5.0
flow rate 54.92896187567515 controller response 81.72249130208405 valve opening 100.0 pressure 5.0
flow rate 54.666639940894925 controller response 81.33221263484936 valve opening 100.0 pressure 5.0
flow rate 55.43548224701556 controller response 82.47608476585428 valve opening 100.0 pressure 5.0
flow rate 55.298569518381036 controller response 82.27238804753108 valve opening 100.0 pressure 5.0
flow rate 54.95135856306767 controller response 81.755812759984 valve opening 100.0 pressure 5.0
flow rate 55.17011041431129 controller response 82.08126850591701 valve opening 100.0 pressure 5.0
flow rate 60.18730365551882 controller response 89.5457738782101 valve opening 100.0 pressure 5.0
flow rate 64.76538436944968 controller response 96.35697417307921 valve opening 100.0 pressure 5.0
flow rate 67.79373647755268 controller response 100.86251133167772 valve opening 100.0 pressure 5.0
flow rate 70.3596582667045 controller response 104.68005154972153 valve opening 100.0 pressure 5.0
flow rate 70.63081586054285 controller response 105.08347577889421 valve opening 100.0 pressure 5.0
flow rate 70.83776740748408 controller response 105.39137520785368 valve opening 100.0 pressure 5.0
flow rate 71.96522180359474 controller response 107.06878506475556 valve opening 100.0 pressure 5.0
flow rate 71.61706779323461 controller response 106.55080671395704 valve opening 100.0 pressure 5.0
flow rate 71.3486102692523 controller response 106.15139960849822 valve opening 100.0 pressure 5.0
flow rate 73.56584318543314 controller response 109.45016571511793 valve opening 100.0 pressure 5.0
flow rate 74.7813627801098 controller response 111.2585976626998 valve opening 100.0 pressure 5.0
flow rate 75.7128154821239 controller response 112.6443991186046 valve opening 100.0 pressure 5.0
flow rate 75.69881344574138 controller response 112.62356709743742 valve opening 100.0 pressure 5.0
flow rate 76.41384116525973 controller response 113.68737468807323 valve opening 100.0 pressure 5.0
flow rate 76.47613396932833 controller response 113.78005299410425 valve opening 100.0 pressure 5.0
flow rate 77.49212408970077 controller response 115.29162796184285 valve opening 100.0 pressure 5.0
flow rate 78.2702398951983 controller response 116.4492970670904 valve opening 100.0 pressure 5.0
flow rate 78.38082085891443 controller response 116.6138177777843 valve opening 100.0 pressure 5.0
flow rate 77.97904734996972 controller response 116.01606513566357 valve opening 100.0 pressure 5.0
flow rate 77.66897362561218 controller response 115.55474206716701 valve opening 100.0 pressure 5.0
flow rate 75.97464195296112 controller response 113.0339406419649 valve opening 100.0 pressure 5.0
flow rate 75.884947499597 controller response 112.9004945702644 valve opening 100.0 pressure 5.0
flow rate 74.60242135327933 controller response 110.9923712732255 valve opening 100.0 pressure 5.0
flow rate 73.61672856851624 controller response 109.52587223012227 valve opening 100.0 pressure 5.0
flow rate 74.07121873488953 controller response 110.20205592994145 valve opening 100.0 pressure 5.0
flow rate 73.93393957434208 controller response 109.99781403967624 valve opening 100.0 pressure 5.0
flow rate 75.52451151403093 controller response 112.36424327969661 valve opening 100.0 pressure 5.0
flow rate 76.50155116172742 controller response 113.81786831436209 valve opening 100.0 pressure 5.0
flow rate 77.00759581864611 controller response 114.57075401730161 valve opening 100.0 pressure 5.0
flow rate 77.87944058958432 controller response 115.86787168122228 valve opening 100.0 pressure 5.0
flow rate 78.30463618546914 controller response 116.5004713554166 valve opening 100.0 pressure 5.0
flow rate 76.68984607258949 controller response 114.09801067805694 valve opening 100.0 pressure 5.0
flow rate 75.6914896712904 controller response 112.61267089489829 valve opening 100.0 pressure 5.0
flow rate 76.86352123059321 controller response 114.35640199121285 valve opening 100.0 pressure 5.0
flow rate 77.03438378429804 controller response 114.61060875358709 valve opening 100.0 pressure 5.0
flow rate 77.6490445830614 controller response 115.52509193450649 valve opening 100.0 pressure 5.0
flow rate 78.11939576856548 controller response 116.22487342233589 valve opening 100.0 pressure 5.0
flow rate 78.72139904831758 controller response 117.12052493500644 valve opening 100.0 pressure 5.0
flow rate 77.2423725919679 controller response 114.92005140360851 valve opening 100.0 pressure 5.0
flow rate 76.10581473377579 controller response 113.22909755141934 valve opening 100.0 pressure 5.0
flow rate 76.68693024423328 controller response 114.09367255206041 valve opening 100.0 pressure 5.0
flow rate 77.37414596607148 controller response 115.11610186681224 valve opening 100.0 pressure 5.0
flow rate 76.93050197463475 controller response 114.45605494450801 valve opening 100.0 pressure 5.0
flow rate 75.37648454055339 controller response 112.14401095344465 valve opening 100.0 pressure 5.0
flow rate 75.39485633135801 controller response 112.17134423015271 valve opening 100.0 pressure 5.0
flow rate 75.8927673292323 controller response 112.91212879631811 valve opening 100.0 pressure 5.0
flow rate 76.75870629666463 controller response 114.20045989375072 valve opening 100.0 pressure 5.0
flow rate 77.17970331051635 controller response 114.82681298013492 valve opening 100.0 pressure 5.0
flow rate 76.04691834895267 controller response 113.14147238735157 valve opening 100.0 pressure 5.0
flow rate 75.661249788022 controller response 112.567680447 valve opening 100.0 pressure 5.0
flow rate 75.3641771294728 controller response 112.12570017055994 valve opening 100.0 pressure 5.0
flow rate 75.13514533498545 controller response 111.78495007819053 valve opening 100.0 pressure 5.0
flow rate 75.9281629584563 controller response 112.96478988625353 valve opening 100.0 pressure 5.0
flow rate 74.59620010832992 controller response 110.98311539765643 valve opening 100.0 pressure 5.0
flow rate 74.54274534473022 controller response 110.90358619659082 valve opening 100.0 pressure 5.0
[INFO] Tests run: 4, Failures: 0, Errors: 0, Skipped: 0, Time elapsed: 0.487 s - in neqsim.processSimulation.processSystem.ProcessSystemControllerTest
[INFO] Running neqsim.processSimulation.processEquipment.separator.SeparatorTest
[INFO] Tests run: 2, Failures: 0, Errors: 0, Skipped: 0, Time elapsed: 0.21 s - in neqsim.processSimulation.processEquipment.separator.SeparatorTest
[INFO] Running neqsim.processSimulation.processEquipment.stream.StreamTest
[INFO] Tests run: 2, Failures: 0, Errors: 0, Skipped: 0, Time elapsed: 0.044 s - in neqsim.processSimulation.processEquipment.stream.StreamTest
[INFO] Running neqsim.processSimulation.processEquipment.adsorber.SimpleAdsorberTest
[WARNING] Tests run: 1, Failures: 0, Errors: 0, Skipped: 1, Time elapsed: 0 s - in neqsim.processSimulation.processEquipment.adsorber.SimpleAdsorberTest
[INFO] Running neqsim.processSimulation.processEquipment.splitter.ComponentSplitterTest
[INFO] Tests run: 1, Failures: 0, Errors: 0, Skipped: 0, Time elapsed: 0.019 s - in neqsim.processSimulation.processEquipment.splitter.ComponentSplitterTest
[INFO] Running neqsim.processSimulation.processEquipment.pump.PumpTest
[INFO] Tests run: 1, Failures: 0, Errors: 0, Skipped: 0, Time elapsed: 0.067 s - in neqsim.processSimulation.processEquipment.pump.PumpTest
[INFO] Running neqsim.processSimulation.processEquipment.compressor.CompressorCalculationTest
[INFO] Tests run: 2, Failures: 0, Errors: 0, Skipped: 0, Time elapsed: 0.382 s - in neqsim.processSimulation.processEquipment.compressor.CompressorCalculationTest
[INFO] Running neqsim.processSimulation.processEquipment.compressor.CompressorPropertyProfileTest
[INFO] Tests run: 2, Failures: 0, Errors: 0, Skipped: 0, Time elapsed: 0.047 s - in neqsim.processSimulation.processEquipment.compressor.CompressorPropertyProfileTest
[INFO] Running neqsim.processSimulation.processEquipment.compressor.CompressorChartTest
[INFO] Tests run: 1, Failures: 0, Errors: 0, Skipped: 0, Time elapsed: 0.146 s - in neqsim.processSimulation.processEquipment.compressor.CompressorChartTest
[INFO] Running neqsim.processSimulation.processEquipment.compressor.CompressorTest
[INFO] Tests run: 7, Failures: 0, Errors: 0, Skipped: 0, Time elapsed: 1.016 s - in neqsim.processSimulation.processEquipment.compressor.CompressorTest
[INFO] Running neqsim.processSimulation.processEquipment.powerGeneration.GasTurbineTest
[WARNING] Tests run: 3, Failures: 0, Errors: 0, Skipped: 1, Time elapsed: 0.064 s - in neqsim.processSimulation.processEquipment.powerGeneration.GasTurbineTest
[INFO] Running neqsim.processSimulation.processEquipment.absorber.SimpleAbsorberTest
[WARNING] Tests run: 1, Failures: 0, Errors: 0, Skipped: 1, Time elapsed: 0 s - in neqsim.processSimulation.processEquipment.absorber.SimpleAbsorberTest
[INFO] Running neqsim.processSimulation.processEquipment.mixer.MixerTest
[INFO] Tests run: 1, Failures: 0, Errors: 0, Skipped: 0, Time elapsed: 0.338 s - in neqsim.processSimulation.processEquipment.mixer.MixerTest
[INFO] Running neqsim.processSimulation.measurementDevice.pHProbeTest
pH 5.629055432357595
pH 4.079098133484792
[INFO] Tests run: 4, Failures: 0, Errors: 0, Skipped: 0, Time elapsed: 16.52 s - in neqsim.processSimulation.measurementDevice.pHProbeTest
[INFO] Running neqsim.processSimulation.measurementDevice.WellAllocatorTest
name alloc
gas flow 1057.938959805943
oil flow 1442.0610401940564
total flow 2500.0
[INFO] Tests run: 1, Failures: 0, Errors: 0, Skipped: 0, Time elapsed: 0.215 s - in neqsim.processSimulation.measurementDevice.WellAllocatorTest
[INFO] Running neqsim.processSimulation.util.example.process1Test
[INFO] Tests run: 1, Failures: 0, Errors: 0, Skipped: 0, Time elapsed: 0.44 s - in neqsim.processSimulation.util.example.process1Test
[INFO] Running neqsim.standards.gasQuality.Draft_ISO18453Test
[INFO] Tests run: 1, Failures: 0, Errors: 0, Skipped: 0, Time elapsed: 0.262 s - in neqsim.standards.gasQuality.Draft_ISO18453Test
[INFO] Running neqsim.standards.gasQuality.Draft_GERG2004Test
[WARNING] Tests run: 1, Failures: 0, Errors: 0, Skipped: 1, Time elapsed: 0 s - in neqsim.standards.gasQuality.Draft_GERG2004Test
[INFO] Running neqsim.standards.gasQuality.Standard_ISO6976Test
19:24:35.737 [main] ERROR neqsim.standards.gasQuality.Standard_ISO6976 - energy reference temperature not in valid range...setting it to 25C
19:24:35.737 [main] ERROR neqsim.standards.gasQuality.Standard_ISO6976 - volume reference temperature not in valid range...setting it to 15C
19:24:35.737 [main] ERROR neqsim.standards.gasQuality.Standard_ISO6976 - energy reference temperature not in valid range...setting it to 25C
[INFO] Tests run: 4, Failures: 0, Errors: 0, Skipped: 0, Time elapsed: 0.089 s - in neqsim.standards.gasQuality.Standard_ISO6976Test
[INFO] Running neqsim.standards.gasQuality.Standard_ISO6578Test
[INFO] Tests run: 1, Failures: 0, Errors: 0, Skipped: 0, Time elapsed: 0.067 s - in neqsim.standards.gasQuality.Standard_ISO6578Test
[INFO] Running neqsim.standards.salesContract.BaseContractTest
[INFO] Tests run: 1, Failures: 0, Errors: 0, Skipped: 0, Time elapsed: 0.137 s - in neqsim.standards.salesContract.BaseContractTest
[INFO] Running neqsim.thermodynamicOperations.ThermodynamicOperationsTest
19:24:35.956 [main] ERROR neqsim.thermodynamicOperations.flashOps.TPflash - error in beta calcneqsim.util.exception.IsNaNException: SystemSrkEos:calcBeta - Variable beta is NaN
19:24:35.957 [main] ERROR neqsim.thermodynamicOperations.flashOps.TPflash - error in beta calcneqsim.util.exception.IsNaNException: SystemSrkEos:calcBeta - Variable beta is NaN
19:24:35.957 [main] ERROR neqsim.thermodynamicOperations.flashOps.TPflash - error in beta calcneqsim.util.exception.IsNaNException: SystemSrkEos:calcBeta - Variable beta is NaN
19:24:35.957 [main] ERROR neqsim.thermodynamicOperations.flashOps.TPflash - error in beta calcneqsim.util.exception.IsNaNException: SystemSrkEos:calcBeta - Variable beta is NaN
19:24:35.957 [main] ERROR neqsim.thermodynamicOperations.flashOps.TPflash - error in beta calcneqsim.util.exception.IsNaNException: SystemSrkEos:calcBeta - Variable beta is NaN
19:24:35.958 [main] ERROR neqsim.thermodynamicOperations.flashOps.TPflash - error in beta calcneqsim.util.exception.IsNaNException: SystemSrkEos:calcBeta - Variable beta is NaN
19:24:35.964 [main] ERROR neqsim.thermodynamicOperations.flashOps.TPflash - error in beta calcneqsim.util.exception.IsNaNException: SystemSrkEos:calcBeta - Variable beta is NaN
19:24:35.964 [main] ERROR neqsim.thermodynamicOperations.flashOps.TPflash - error in beta calcneqsim.util.exception.IsNaNException: SystemSrkEos:calcBeta - Variable beta is NaN
19:24:35.964 [main] ERROR neqsim.thermodynamicOperations.flashOps.TPflash - error in beta calcneqsim.util.exception.IsNaNException: SystemSrkEos:calcBeta - Variable beta is NaN
19:24:35.965 [main] ERROR neqsim.thermodynamicOperations.flashOps.TPflash - error in beta calcneqsim.util.exception.IsNaNException: SystemSrkEos:calcBeta - Variable beta is NaN
19:24:35.965 [main] ERROR neqsim.thermodynamicOperations.flashOps.TPflash - error in beta calcneqsim.util.exception.IsNaNException: SystemSrkEos:calcBeta - Variable beta is NaN
19:24:35.965 [main] ERROR neqsim.thermodynamicOperations.flashOps.TPflash - error in beta calcneqsim.util.exception.IsNaNException: SystemSrkEos:calcBeta - Variable beta is NaN
19:24:35.965 [main] ERROR neqsim.thermodynamicOperations.flashOps.TPflash - error in beta calcneqsim.util.exception.IsNaNException: SystemSrkEos:calcBeta - Variable beta is NaN
19:24:35.965 [main] ERROR neqsim.thermodynamicOperations.flashOps.TPflash - error in beta calcneqsim.util.exception.IsNaNException: SystemSrkEos:calcBeta - Variable beta is NaN
19:24:35.965 [main] ERROR neqsim.thermodynamicOperations.flashOps.TPflash - error in beta calcneqsim.util.exception.IsNaNException: SystemSrkEos:calcBeta - Variable beta is NaN
19:24:35.966 [main] ERROR neqsim.thermodynamicOperations.flashOps.TPflash - error in beta calcneqsim.util.exception.IsNaNException: SystemSrkEos:calcBeta - Variable beta is NaN
19:24:35.978 [main] ERROR neqsim.thermodynamicOperations.ThermodynamicOperations - neqsim.util.exception.InvalidInputException: ThermodynamicOperations:propertyFlash - Input mode must be 1, 2 or 3
[INFO] Tests run: 6, Failures: 0, Errors: 0, Skipped: 0, Time elapsed: 0.175 s - in neqsim.thermodynamicOperations.ThermodynamicOperationsTest
[INFO] Running neqsim.thermodynamicOperations.flashOps.TPFlashTest
[INFO] Tests run: 3, Failures: 0, Errors: 0, Skipped: 0, Time elapsed: 0.722 s - in neqsim.thermodynamicOperations.flashOps.TPFlashTest
[INFO] Running neqsim.thermodynamicOperations.flashOps.PHFlashTest
[INFO] Tests run: 1, Failures: 0, Errors: 0, Skipped: 0, Time elapsed: 0.201 s - in neqsim.thermodynamicOperations.flashOps.PHFlashTest
[INFO] Running neqsim.thermodynamicOperations.flashOps.TVFlashTest
[INFO] Tests run: 1, Failures: 0, Errors: 0, Skipped: 0, Time elapsed: 0.551 s - in neqsim.thermodynamicOperations.flashOps.TVFlashTest
[INFO] Running neqsim.thermodynamicOperations.flashOps.WaxFlashTest
[WARNING] Tests run: 1, Failures: 0, Errors: 0, Skipped: 1, Time elapsed: 0.001 s - in neqsim.thermodynamicOperations.flashOps.WaxFlashTest
[INFO] Running neqsim.thermodynamicOperations.flashOps.PSFlashGERG2008Test
[INFO] Tests run: 1, Failures: 0, Errors: 0, Skipped: 0, Time elapsed: 0.029 s - in neqsim.thermodynamicOperations.flashOps.PSFlashGERG2008Test
[INFO] Running neqsim.thermodynamicOperations.flashOps.PHFlashGERG2008Test
[INFO] Tests run: 1, Failures: 0, Errors: 0, Skipped: 0, Time elapsed: 0.024 s - in neqsim.thermodynamicOperations.flashOps.PHFlashGERG2008Test
[INFO] 
[INFO] Results:
[INFO] 
[WARNING] Tests run: 180, Failures: 0, Errors: 0, Skipped: 9
[INFO] 
[INFO] 
[INFO] --- jacoco:0.8.7:report (generate-report-after-test) @ neqsim ---
[INFO] Loading execution data file /tmp/marshal-log4j-screening.GTMCHm/consumers/a2/neqsim/target/jacoco.exec
[INFO] Analyzed bundle 'neqsim' with 704 classes
[INFO] ------------------------------------------------------------------------
[INFO] BUILD SUCCESS
[INFO] ------------------------------------------------------------------------
[INFO] Total time:  01:03 min
[INFO] Finished at: 2026-08-24T19:24:40+08:00
[INFO] ------------------------------------------------------------------------
