1 RLock(s) were not greened, to fix this error make sure you run eventlet.monkey_patch() before importing any other modules.
1 RLock(s) were not greened, to fix this error make sure you run eventlet.monkey_patch() before importing any other modules.
1 RLock(s) were not greened, to fix this error make sure you run eventlet.monkey_patch() before importing any other modules.
1 RLock(s) were not greened, to fix this error make sure you run eventlet.monkey_patch() before importing any other modules.
1 RLock(s) were not greened, to fix this error make sure you run eventlet.monkey_patch() before importing any other modules.
1 RLock(s) were not greened, to fix this error make sure you run eventlet.monkey_patch() before importing any other modules.
1 RLock(s) were not greened, to fix this error make sure you run eventlet.monkey_patch() before importing any other modules.
1 RLock(s) were not greened, to fix this error make sure you run eventlet.monkey_patch() before importing any other modules.
1 RLock(s) were not greened, to fix this error make sure you run eventlet.monkey_patch() before importing any other modules.
1 RLock(s) were not greened, to fix this error make sure you run eventlet.monkey_patch() before importing any other modules.
1 RLock(s) were not greened, to fix this error make sure you run eventlet.monkey_patch() before importing any other modules.
1 RLock(s) were not greened, to fix this error make sure you run eventlet.monkey_patch() before importing any other modules.
1 RLock(s) were not greened, to fix this error make sure you run eventlet.monkey_patch() before importing any other modules.
1 RLock(s) were not greened, to fix this error make sure you run eventlet.monkey_patch() before importing any other modules.
1 RLock(s) were not greened, to fix this error make sure you run eventlet.monkey_patch() before importing any other modules.
1 RLock(s) were not greened, to fix this error make sure you run eventlet.monkey_patch() before importing any other modules.
1 RLock(s) were not greened, to fix this error make sure you run eventlet.monkey_patch() before importing any other modules.
1 RLock(s) were not greened, to fix this error make sure you run eventlet.monkey_patch() before importing any other modules.
1 RLock(s) were not greened, to fix this error make sure you run eventlet.monkey_patch() before importing any other modules.
1 RLock(s) were not greened, to fix this error make sure you run eventlet.monkey_patch() before importing any other modules.
1 RLock(s) were not greened, to fix this error make sure you run eventlet.monkey_patch() before importing any other modules.
1 RLock(s) were not greened, to fix this error make sure you run eventlet.monkey_patch() before importing any other modules.
1 RLock(s) were not greened, to fix this error make sure you run eventlet.monkey_patch() before importing any other modules.
1 RLock(s) were not greened, to fix this error make sure you run eventlet.monkey_patch() before importing any other modules.
1 RLock(s) were not greened, to fix this error make sure you run eventlet.monkey_patch() before importing any other modules.
1 RLock(s) were not greened, to fix this error make sure you run eventlet.monkey_patch() before importing any other modules.
1 RLock(s) were not greened, to fix this error make sure you run eventlet.monkey_patch() before importing any other modules.
1 RLock(s) were not greened, to fix this error make sure you run eventlet.monkey_patch() before importing any other modules.
1 RLock(s) were not greened, to fix this error make sure you run eventlet.monkey_patch() before importing any other modules.
1 RLock(s) were not greened, to fix this error make sure you run eventlet.monkey_patch() before importing any other modules.
1 RLock(s) were not greened, to fix this error make sure you run eventlet.monkey_patch() before importing any other modules.
1 RLock(s) were not greened, to fix this error make sure you run eventlet.monkey_patch() before importing any other modules.
1 RLock(s) were not greened, to fix this error make sure you run eventlet.monkey_patch() before importing any other modules.
1 RLock(s) were not greened, to fix this error make sure you run eventlet.monkey_patch() before importing any other modules.
1 RLock(s) were not greened, to fix this error make sure you run eventlet.monkey_patch() before importing any other modules.
1 RLock(s) were not greened, to fix this error make sure you run eventlet.monkey_patch() before importing any other modules.
1 RLock(s) were not greened, to fix this error make sure you run eventlet.monkey_patch() before importing any other modules.
1 RLock(s) were not greened, to fix this error make sure you run eventlet.monkey_patch() before importing any other modules.
1 RLock(s) were not greened, to fix this error make sure you run eventlet.monkey_patch() before importing any other modules.
1 RLock(s) were not greened, to fix this error make sure you run eventlet.monkey_patch() before importing any other modules.
1 RLock(s) were not greened, to fix this error make sure you run eventlet.monkey_patch() before importing any other modules.
1 RLock(s) were not greened, to fix this error make sure you run eventlet.monkey_patch() before importing any other modules.
1 RLock(s) were not greened, to fix this error make sure you run eventlet.monkey_patch() before importing any other modules.
1 RLock(s) were not greened, to fix this error make sure you run eventlet.monkey_patch() before importing any other modules.
1 RLock(s) were not greened, to fix this error make sure you run eventlet.monkey_patch() before importing any other modules.
1 RLock(s) were not greened, to fix this error make sure you run eventlet.monkey_patch() before importing any other modules.
1 RLock(s) were not greened, to fix this error make sure you run eventlet.monkey_patch() before importing any other modules.
1 RLock(s) were not greened, to fix this error make sure you run eventlet.monkey_patch() before importing any other modules.
1 RLock(s) were not greened, to fix this error make sure you run eventlet.monkey_patch() before importing any other modules.
1 RLock(s) were not greened, to fix this error make sure you run eventlet.monkey_patch() before importing any other modules.
1 RLock(s) were not greened, to fix this error make sure you run eventlet.monkey_patch() before importing any other modules.
1 RLock(s) were not greened, to fix this error make sure you run eventlet.monkey_patch() before importing any other modules.
1 RLock(s) were not greened, to fix this error make sure you run eventlet.monkey_patch() before importing any other modules.
1 RLock(s) were not greened, to fix this error make sure you run eventlet.monkey_patch() before importing any other modules.
1 RLock(s) were not greened, to fix this error make sure you run eventlet.monkey_patch() before importing any other modules.
1 RLock(s) were not greened, to fix this error make sure you run eventlet.monkey_patch() before importing any other modules.
1 RLock(s) were not greened, to fix this error make sure you run eventlet.monkey_patch() before importing any other modules.
1 RLock(s) were not greened, to fix this error make sure you run eventlet.monkey_patch() before importing any other modules.
1 RLock(s) were not greened, to fix this error make sure you run eventlet.monkey_patch() before importing any other modules.
1 RLock(s) were not greened, to fix this error make sure you run eventlet.monkey_patch() before importing any other modules.
1 RLock(s) were not greened, to fix this error make sure you run eventlet.monkey_patch() before importing any other modules.
1 RLock(s) were not greened, to fix this error make sure you run eventlet.monkey_patch() before importing any other modules.
1 RLock(s) were not greened, to fix this error make sure you run eventlet.monkey_patch() before importing any other modules.
1 RLock(s) were not greened, to fix this error make sure you run eventlet.monkey_patch() before importing any other modules.
1 RLock(s) were not greened, to fix this error make sure you run eventlet.monkey_patch() before importing any other modules.
1 RLock(s) were not greened, to fix this error make sure you run eventlet.monkey_patch() before importing any other modules.
1 RLock(s) were not greened, to fix this error make sure you run eventlet.monkey_patch() before importing any other modules.
1 RLock(s) were not greened, to fix this error make sure you run eventlet.monkey_patch() before importing any other modules.
1 RLock(s) were not greened, to fix this error make sure you run eventlet.monkey_patch() before importing any other modules.
1 RLock(s) were not greened, to fix this error make sure you run eventlet.monkey_patch() before importing any other modules.
1 RLock(s) were not greened, to fix this error make sure you run eventlet.monkey_patch() before importing any other modules.
1 RLock(s) were not greened, to fix this error make sure you run eventlet.monkey_patch() before importing any other modules.
1 RLock(s) were not greened, to fix this error make sure you run eventlet.monkey_patch() before importing any other modules.
1 RLock(s) were not greened, to fix this error make sure you run eventlet.monkey_patch() before importing any other modules.
1 RLock(s) were not greened, to fix this error make sure you run eventlet.monkey_patch() before importing any other modules.
1 RLock(s) were not greened, to fix this error make sure you run eventlet.monkey_patch() before importing any other modules.
1 RLock(s) were not greened, to fix this error make sure you run eventlet.monkey_patch() before importing any other modules.
1 RLock(s) were not greened, to fix this error make sure you run eventlet.monkey_patch() before importing any other modules.
1 RLock(s) were not greened, to fix this error make sure you run eventlet.monkey_patch() before importing any other modules.
1 RLock(s) were not greened, to fix this error make sure you run eventlet.monkey_patch() before importing any other modules.
1 RLock(s) were not greened, to fix this error make sure you run eventlet.monkey_patch() before importing any other modules.
1 RLock(s) were not greened, to fix this error make sure you run eventlet.monkey_patch() before importing any other modules.
1 RLock(s) were not greened, to fix this error make sure you run eventlet.monkey_patch() before importing any other modules.
1 RLock(s) were not greened, to fix this error make sure you run eventlet.monkey_patch() before importing any other modules.
1 RLock(s) were not greened, to fix this error make sure you run eventlet.monkey_patch() before importing any other modules.
1 RLock(s) were not greened, to fix this error make sure you run eventlet.monkey_patch() before importing any other modules.
1 RLock(s) were not greened, to fix this error make sure you run eventlet.monkey_patch() before importing any other modules.
1 RLock(s) were not greened, to fix this error make sure you run eventlet.monkey_patch() before importing any other modules.
1 RLock(s) were not greened, to fix this error make sure you run eventlet.monkey_patch() before importing any other modules.
1 RLock(s) were not greened, to fix this error make sure you run eventlet.monkey_patch() before importing any other modules.
1 RLock(s) were not greened, to fix this error make sure you run eventlet.monkey_patch() before importing any other modules.
1 RLock(s) were not greened, to fix this error make sure you run eventlet.monkey_patch() before importing any other modules.
1 RLock(s) were not greened, to fix this error make sure you run eventlet.monkey_patch() before importing any other modules.
1 RLock(s) were not greened, to fix this error make sure you run eventlet.monkey_patch() before importing any other modules.
1 RLock(s) were not greened, to fix this error make sure you run eventlet.monkey_patch() before importing any other modules.
1 RLock(s) were not greened, to fix this error make sure you run eventlet.monkey_patch() before importing any other modules.
1 RLock(s) were not greened, to fix this error make sure you run eventlet.monkey_patch() before importing any other modules.
1 RLock(s) were not greened, to fix this error make sure you run eventlet.monkey_patch() before importing any other modules.
1 RLock(s) were not greened, to fix this error make sure you run eventlet.monkey_patch() before importing any other modules.
1 RLock(s) were not greened, to fix this error make sure you run eventlet.monkey_patch() before importing any other modules.
1 RLock(s) were not greened, to fix this error make sure you run eventlet.monkey_patch() before importing any other modules.
1 RLock(s) were not greened, to fix this error make sure you run eventlet.monkey_patch() before importing any other modules.
1 RLock(s) were not greened, to fix this error make sure you run eventlet.monkey_patch() before importing any other modules.
1 RLock(s) were not greened, to fix this error make sure you run eventlet.monkey_patch() before importing any other modules.
1 RLock(s) were not greened, to fix this error make sure you run eventlet.monkey_patch() before importing any other modules.
1 RLock(s) were not greened, to fix this error make sure you run eventlet.monkey_patch() before importing any other modules.
1 RLock(s) were not greened, to fix this error make sure you run eventlet.monkey_patch() before importing any other modules.
1 RLock(s) were not greened, to fix this error make sure you run eventlet.monkey_patch() before importing any other modules.
1 RLock(s) were not greened, to fix this error make sure you run eventlet.monkey_patch() before importing any other modules.
1 RLock(s) were not greened, to fix this error make sure you run eventlet.monkey_patch() before importing any other modules.
1 RLock(s) were not greened, to fix this error make sure you run eventlet.monkey_patch() before importing any other modules.
1 RLock(s) were not greened, to fix this error make sure you run eventlet.monkey_patch() before importing any other modules.
1 RLock(s) were not greened, to fix this error make sure you run eventlet.monkey_patch() before importing any other modules.
1 RLock(s) were not greened, to fix this error make sure you run eventlet.monkey_patch() before importing any other modules.
1 RLock(s) were not greened, to fix this error make sure you run eventlet.monkey_patch() before importing any other modules.
1 RLock(s) were not greened, to fix this error make sure you run eventlet.monkey_patch() before importing any other modules.
1 RLock(s) were not greened, to fix this error make sure you run eventlet.monkey_patch() before importing any other modules.
1 RLock(s) were not greened, to fix this error make sure you run eventlet.monkey_patch() before importing any other modules.
1 RLock(s) were not greened, to fix this error make sure you run eventlet.monkey_patch() before importing any other modules.
1 RLock(s) were not greened, to fix this error make sure you run eventlet.monkey_patch() before importing any other modules.
1 RLock(s) were not greened, to fix this error make sure you run eventlet.monkey_patch() before importing any other modules.
1 RLock(s) were not greened, to fix this error make sure you run eventlet.monkey_patch() before importing any other modules.
1 RLock(s) were not greened, to fix this error make sure you run eventlet.monkey_patch() before importing any other modules.
1 RLock(s) were not greened, to fix this error make sure you run eventlet.monkey_patch() before importing any other modules.
1 RLock(s) were not greened, to fix this error make sure you run eventlet.monkey_patch() before importing any other modules.
1 RLock(s) were not greened, to fix this error make sure you run eventlet.monkey_patch() before importing any other modules.
1 RLock(s) were not greened, to fix this error make sure you run eventlet.monkey_patch() before importing any other modules.
1 RLock(s) were not greened, to fix this error make sure you run eventlet.monkey_patch() before importing any other modules.
1 RLock(s) were not greened, to fix this error make sure you run eventlet.monkey_patch() before importing any other modules.
1 RLock(s) were not greened, to fix this error make sure you run eventlet.monkey_patch() before importing any other modules.
1 RLock(s) were not greened, to fix this error make sure you run eventlet.monkey_patch() before importing any other modules.
1 RLock(s) were not greened, to fix this error make sure you run eventlet.monkey_patch() before importing any other modules.
1 RLock(s) were not greened, to fix this error make sure you run eventlet.monkey_patch() before importing any other modules.
1 RLock(s) were not greened, to fix this error make sure you run eventlet.monkey_patch() before importing any other modules.
1 RLock(s) were not greened, to fix this error make sure you run eventlet.monkey_patch() before importing any other modules.
1 RLock(s) were not greened, to fix this error make sure you run eventlet.monkey_patch() before importing any other modules.
1 RLock(s) were not greened, to fix this error make sure you run eventlet.monkey_patch() before importing any other modules.
1 RLock(s) were not greened, to fix this error make sure you run eventlet.monkey_patch() before importing any other modules.
1 RLock(s) were not greened, to fix this error make sure you run eventlet.monkey_patch() before importing any other modules.
1 RLock(s) were not greened, to fix this error make sure you run eventlet.monkey_patch() before importing any other modules.
1 RLock(s) were not greened, to fix this error make sure you run eventlet.monkey_patch() before importing any other modules.
1 RLock(s) were not greened, to fix this error make sure you run eventlet.monkey_patch() before importing any other modules.
1 RLock(s) were not greened, to fix this error make sure you run eventlet.monkey_patch() before importing any other modules.
1 RLock(s) were not greened, to fix this error make sure you run eventlet.monkey_patch() before importing any other modules.
1 RLock(s) were not greened, to fix this error make sure you run eventlet.monkey_patch() before importing any other modules.
{31} cinder.tests.unit.test_utils.GetDiskOfPartitionTestCase.test_diskpath_is_block_device [0.391678s] ... ok
{28} cinder.tests.unit.test_utils.AuditPeriodTest.test_hour_with_offset_after_current [0.290934s] ... ok
{2} cinder.tests.unit.test_utils.GenericUtilsTestCase.test_hostname_unicode_sanitization [0.290419s] ... ok
{48} cinder.tests.unit.test_utils.TestCalculateVirtualFree.test_utils_calculate_virtual_free_capacity_provision_type_1 [0.288757s] ... ok
{2} cinder.tests.unit.test_utils.TestValidateInteger.test_validate_integer_raise_assert_6_test [0.018977s] ... ok
{11} cinder.tests.unit.test_utils.TestNotificationShortCircuit.test_if_notification_enabled_when_disabled_2___noop__ [0.298801s] ... ok
{15} cinder.tests.unit.test_utils.GenericUtilsTestCase.test_get_root_helper [0.294578s] ... ok
{27} cinder.tests.unit.test_utils.StringLengthTestCase.test_check_string_length [0.486802s] ... ok
{5} cinder.tests.unit.test_utils.TestLogLevels.test_set_log_levels [0.465583s] ... ok
{29} cinder.tests.unit.test_utils.TestComparableMixin.test_compare [0.301366s] ... ok
{18} cinder.tests.unit.test_utils.InvalidFilterTestCase.test_admin_allows_all_options [0.373035s] ... ok
{57} cinder.tests.unit.test_utils.TestNotificationShortCircuit.test_if_notification_enabled_when_enabled [0.298513s] ... ok
{129} cinder.tests.unit.test_utils.TestCheckMetadataProperties.test_metadata_value_not_string_raise_3 [0.418605s] ... ok
{52} cinder.tests.unit.test_utils.GetDiskOfPartitionTestCase.test_diskpath_is_not_block_device [0.480599s] ... ok
{12} cinder.tests.unit.test_utils.GenericUtilsTestCase.test_hostname_translate [0.468420s] ... ok
{24} cinder.tests.unit.test_utils.TestRetryDecorator.test_retry_exit_code [0.478077s] ... ok
{59} cinder.tests.unit.test_utils.TestNotificationShortCircuit.test_if_notification_enabled_when_disabled_3___noop____noop__ [0.315327s] ... ok
{85} cinder.tests.unit.test_utils.TestCleanFileLocks.test_clean_snapshot_file_locks_failures [0.314828s] ... ok
{41} cinder.tests.unit.test_utils.TestRetryDecorator.test_retry_exit_code_non_retriable [0.484333s] ... ok
{50} cinder.tests.unit.test_utils.TestCalculateVirtualFree.test_utils_calculate_capacity_factors_2 [0.329284s] ... ok
{19} cinder.tests.unit.test_utils.TestCheckMetadataProperties.test_metadata_value_not_string_raise_5 [0.322939s] ... ok
{33} cinder.tests.unit.test_utils.TestAutoMaxOversubscriptionRatio.test_calculate_max_over_subscription_ratio_09 [0.539186s] ... ok
{25} cinder.tests.unit.test_utils.TestAutoMaxOversubscriptionRatio.test_calculate_max_over_subscription_ratio_05 [0.511873s] ... ok
{43} cinder.tests.unit.test_utils.TestNotificationShortCircuit.test_do_nothing_getter [0.345917s] ... ok
{32} cinder.tests.unit.test_utils.GenericUtilsTestCase.test_check_exclusive_options [0.353517s] ... ok
{39} cinder.tests.unit.test_utils.TestCheckMetadataProperties.test_metadata_value_not_string_raise_2 [0.360979s] ... ok
{8} cinder.tests.unit.test_utils.GenericUtilsTestCase.test_hostname_sanitize_characters [0.525682s] ... ok
{9} cinder.tests.unit.test_utils.TestCalculateVirtualFree.test_utils_calculate_virtual_free_capacity_provision_type_3 [0.333085s] ... ok
{63} cinder.tests.unit.test_utils.TestAutoMaxOversubscriptionRatio.test_calculate_max_over_subscription_ratio_04 [0.342482s] ... ok
{109} cinder.tests.unit.test_utils.TestKeystoneProjectGet.test_get_project_keystoneclient_v3 [0.536086s] ... ok
{75} cinder.tests.unit.test_utils.TestLogLevels.test_get_log_method_2___warning___30_ [0.291307s] ... ok
{141} cinder.tests.unit.test_utils.TestKeystoneProjectGet.test_get_project_keystoneclient_v2 [0.558556s] ... ok
{86} cinder.tests.unit.test_utils.LimitOperationsTestCase.test_semaphore_factory_with_limit [0.313997s] ... ok
{83} cinder.tests.unit.test_utils.AuditPeriodTest.test_hour_with_offset_before_current [0.353632s] ... ok
{96} cinder.tests.unit.test_utils.GetDiskOfPartitionTestCase.test_devpath_is_diskpath [0.366950s] ... ok
{95} cinder.tests.unit.test_utils.GenericUtilsTestCase.test_make_dev_path [0.412859s] ... ok
{53} cinder.tests.unit.test_utils.TestAutoMaxOversubscriptionRatio.test_calculate_max_over_subscription_ratio_10 [0.539693s] ... ok
{101} cinder.tests.unit.test_utils.ExecuteTestCase.test_execute_root [0.365735s] ... ok
{78} cinder.tests.unit.test_utils.TestRetryDecorator.test_limit_is_reached [0.555707s] ... ok
{40} cinder.tests.unit.test_utils.TestCleanFileLocks.test_clean_volume_file_locks [0.627519s] ... ok
{1} cinder.tests.unit.test_utils.InvalidFilterTestCase.test_admin_allows_some_options [1.875799s] ... ok
{56} cinder.tests.unit.test_utils.TestComparableMixin.test_ne [1.776476s] ... ok
{37} cinder.tests.unit.test_utils.GenericUtilsTestCase.test_check_ssh_injection_on_error [0.588320s] ... ok
{13} cinder.tests.unit.test_utils.TestCheckMetadataProperties.test_metadata_value_not_string_raise_6 [0.565446s] ... ok
{99} cinder.tests.unit.test_utils.TestCalculateVirtualFree.test_utils_calculate_virtual_free_capacity_provision_type_2 [1.091169s] ... ok
{89} cinder.tests.unit.test_utils.TestLogLevels.test_get_log_method_4___wArNiNg___30_ [0.605814s] ... ok
{1} cinder.tests.unit.test_utils.TemporaryChownTestCase.test_temporary_chown_win32 [0.198216s] ... ok
{104} cinder.tests.unit.test_utils.TestLogLevels.test_set_log_levels_invalid_2_ [0.555507s] ... ok
{65} cinder.tests.unit.test_utils.TestRetryDecorator.test_wrong_exception_no_retry [0.915155s] ... ok
{81} cinder.tests.unit.test_utils.TestValidateInteger.test_validate_integer_raise_assert_5_should_be_int [0.622676s] ... ok
{92} cinder.tests.unit.test_utils.TestValidateInteger.test_validate_integer_3_123 [0.580574s] ... ok
{51} cinder.tests.unit.test_utils.AuditPeriodTest.test_year_with_offset_after_current [0.653989s] ... ok
{113} cinder.tests.unit.test_utils.GetBlkdevMajorMinorTestCase.test_get_blkdev_is_chr [0.590855s] ... ok
{46} cinder.tests.unit.test_utils.ExecuteTestCase.test_execute [0.649524s] ... ok
{35} cinder.tests.unit.test_utils.BrickUtils.test_brick_detach_volume_encryptor [1.018727s] ... ok
{6} cinder.tests.unit.test_utils.TestAutoMaxOversubscriptionRatio.test_calculate_max_over_subscription_ratio_02 [0.863496s] ... ok
{61} cinder.tests.unit.test_utils.AddVisibleAdminMetadataTestCase.test_add_visible_admin_metadata_no_visible_keys [1.186832s] ... ok
{62} cinder.tests.unit.test_utils.GenericUtilsTestCase.test_hostname_sanitize_periods [0.744967s] ... ok
{106} cinder.tests.unit.test_utils.GenericUtilsTestCase.test_write_configfile [0.712808s] ... ok
{69} cinder.tests.unit.test_utils.TestValidateInteger.test_validate_integer_raise_assert_3_2_05 [0.633667s] ... ok
{114} cinder.tests.unit.test_utils.GenericUtilsTestCase.test_get_file_mode [0.849520s] ... ok
{3} cinder.tests.unit.test_utils.TestComparableMixin.test_eq [0.609824s] ... ok
{3} cinder.tests.unit.test_utils.TestRetryDecorator.test_retries_once_random [0.061640s] ... ok
{90} cinder.tests.unit.test_utils.AuditPeriodTest.test_invalid_unit [0.657523s] ... ok
{34} cinder.tests.unit.test_utils.AuditPeriodTest.test_month [0.599881s] ... ok
{66} cinder.tests.unit.test_utils.LimitOperationsTestCase.test_semaphore_factory_no_limit_2_5 [0.608681s] ... ok
{133} cinder.tests.unit.test_utils.GetBlkdevMajorMinorTestCase.test_get_blkdev_major_minor [0.729829s] ... ok
{110} cinder.tests.unit.test_utils.GetBlkdevMajorMinorTestCase.test_get_blkdev_major_minor_file [0.934655s] ... ok
{26} cinder.tests.unit.test_utils.TestNotificationShortCircuit.test_if_notification_enabled_when_disabled_1___ [1.030023s] ... ok
{7} cinder.tests.unit.test_utils.AuditPeriodTest.test_hour [0.762614s] ... ok
{138} cinder.tests.unit.test_utils.TestComparableMixin.test_lt [0.828902s] ... ok
{10} cinder.tests.unit.test_utils.TestValidateInteger.test_validate_integer_1_123 [1.123489s] ... ok
{38} cinder.tests.unit.test_utils.TempdirTestCase.test_tempdir_error [0.678505s] ... ok
{42} cinder.tests.unit.test_utils.MonkeyPatchTestCase.test_monkey_patch [0.953009s] ... ok
{91} cinder.tests.unit.test_utils.AuditPeriodTest.test_month_jan_day_first [0.738087s] ... ok
{64} cinder.tests.unit.test_utils.TestCalculateVirtualFree.test_utils_calculate_capacity_factors_4 [0.693398s] ... ok
{80} cinder.tests.unit.test_utils.TestAutoMaxOversubscriptionRatio.test_calculate_max_over_subscription_ratio_03 [0.641040s] ... ok
{76} cinder.tests.unit.test_utils.TestLogLevels.test_get_log_method_5___error___40_ [1.204710s] ... ok
{118} cinder.tests.unit.test_utils.TestComparableMixin.test_ge [0.781002s] ... ok
{124} cinder.tests.unit.test_utils.TemporaryChownTestCase.test_matching_uid [0.807532s] ... ok
{49} cinder.tests.unit.test_utils.TestLogLevels.test_get_log_method_invalid_1_None [0.733380s] ... ok
{88} cinder.tests.unit.test_utils.TestNotificationShortCircuit.test_do_nothing_json_serializable [1.097979s] ... ok
{79} cinder.tests.unit.test_utils.TestCleanFileLocks.test_clean_volume_file_locks_errors [0.905190s] ... ok
{45} cinder.tests.unit.test_utils.TestCheckMetadataProperties.test_metadata_value_not_string_raise_7 [0.535250s] ... ok
{98} cinder.tests.unit.test_utils.BrickUtils.test_brick_get_connector [0.653448s] ... ok
{47} cinder.tests.unit.test_utils.GetBlkdevMajorMinorTestCase.test_get_blkdev_major_minor_file_nfs [0.811977s] ... ok
{100} cinder.tests.unit.test_utils.ExecuteTestCase.test_execute_root_and_helper [0.697651s] ... FAILED

Captured traceback:
~~~~~~~~~~~~~~~~~~~
    Traceback (most recent call last):

      File "/data/zhihao/miniconda3/lib/python3.13/unittest/mock.py", line 1426, in patched
    return func(*newargs, **newkeywargs)

      File "/home/zhihao/hdd/marshal/.work/rebuild_972691_973693/case-fresh-v2-2026-08-30/replay-work/formal-opendev-972691--target-973693/target-a1/cinder/tests/unit/test_utils.py", line 69, in test_execute_root_and_helper
    output = utils.execute('a', 1, foo='bar', run_as_root=True,
                           root_helper=mock_helper)

      File "/home/zhihao/hdd/marshal/.work/rebuild_972691_973693/case-fresh-v2-2026-08-30/replay-work/formal-opendev-972691--target-973693/target-a1/cinder/utils.py", line 172, in execute
    return processutils.execute(*cmd, **kwargs)
           ~~~~~~~~~~~~~~~~~~~~^^^^^^^^^^^^^^^^

      File "<string>", line 2, in execute

      File "/data/zhihao/miniconda3/lib/python3.13/unittest/mock.py", line 194, in checksig
    sig.bind(*args, **kwargs)
    ~~~~~~~~^^^^^^^^^^^^^^^^^

      File "/data/zhihao/miniconda3/lib/python3.13/inspect.py", line 3304, in bind
    return self._bind(args, kwargs)
           ~~~~~~~~~~^^^^^^^^^^^^^^

      File "/data/zhihao/miniconda3/lib/python3.13/inspect.py", line 3293, in _bind
    raise TypeError(
        'got an unexpected keyword argument {arg!r}'.format(
            arg=next(iter(kwargs))))

    TypeError: got an unexpected keyword argument 'foo'


Captured pythonlogging:
~~~~~~~~~~~~~~~~~~~~~~~
    2026-08-30 12:27:47,647 INFO [keystonemiddleware.auth_token] Starting Keystone auth_token middleware
2026-08-30 12:27:47,651 WARNING [keystonemiddleware._common.config] The option "auth_url" is not known to keystonemiddleware
2026-08-30 12:27:47,654 WARNING [keystonemiddleware.auth_token] AuthToken middleware is set with keystone_authtoken.service_token_roles_required set to False. This is backwards compatible but deprecated behaviour. Please set this to True.
2026-08-30 12:27:47,660 WARNING [keystonemiddleware.auth_token] Configuring www_authenticate_uri to point to the public identity endpoint is required; clients may not be able to authenticate against an admin endpoint

{17} cinder.tests.unit.test_utils.TestCheckMetadataProperties.test_metadata_value_not_string_raise_1 [0.962893s] ... ok
{20} cinder.tests.unit.test_utils.GetDiskOfPartitionTestCase.test_stat_oserror [1.044205s] ... ok
{105} cinder.tests.unit.test_utils.GenericUtilsTestCase.test_hostname_sanitize_dashes [1.573334s] ... ok
{112} cinder.tests.unit.test_utils.IsBlkDeviceTestCase.test_not_is_blk_device [1.582844s] ... ok
{84} cinder.tests.unit.test_utils.IsBlkDeviceTestCase.test_fail_is_blk_device [0.754252s] ... ok
{4} cinder.tests.unit.test_utils.TestCalculateVirtualFree.test_utils_calculate_virtual_free_capacity_provision_type_4 [0.711260s] ... ok
{67} cinder.tests.unit.test_utils.AuditPeriodTest.test_year_with_offset_before_current [1.726944s] ... ok
{74} cinder.tests.unit.test_utils.TestCalculateVirtualFree.test_utils_calculate_capacity_factors_3 [0.877884s] ... ok
{54} cinder.tests.unit.test_utils.LimitOperationsTestCase.test_semaphore_factory_with_limit_and_workers [0.539736s] ... ok
{14} cinder.tests.unit.test_utils.TestLogLevels.test_get_log_method_1___info___20_ [0.956632s] ... ok
{94} cinder.tests.unit.test_utils.TestLogLevels.test_get_log_method_invalid_3_wronglevel [0.770755s] ... ok
{93} cinder.tests.unit.test_utils.TestRetryDecorator.test_no_retry_required [0.758255s] ... ok
{103} cinder.tests.unit.test_utils.TestCheckMetadataProperties.test_metadata_value_not_string_raise_4 [0.423745s] ... ok
{135} cinder.tests.unit.test_utils.BrickUtils.test_brick_attach_volume_encryptor [0.606730s] ... ok
{21} cinder.tests.unit.test_utils.TestAutoMaxOversubscriptionRatio.test_calculate_max_over_subscription_ratio_07 [0.705557s] ... ok
{117} cinder.tests.unit.test_utils.GenericUtilsTestCase.test_as_int [0.823101s] ... ok
{115} cinder.tests.unit.test_utils.AuditPeriodTest.test_day_with_offset_after_current [0.914654s] ... ok
{23} cinder.tests.unit.test_utils.TestCalculateVirtualFree.test_utils_calculate_capacity_factors_1 [0.768015s] ... ok
{70} cinder.tests.unit.test_utils.TestRetryDecorator.test_retries_once [0.653125s] ... ok
{60} cinder.tests.unit.test_utils.TemporaryChownTestCase.test_get_uid [1.565846s] ... ok
{16} cinder.tests.unit.test_utils.AuditPeriodTest.test_month_with_offset_before_current [0.733234s] ... ok
{130} cinder.tests.unit.test_utils.GenericUtilsTestCase.test_get_file_gid [0.573165s] ... ok
{127} cinder.tests.unit.test_utils.TestValidateInteger.test_validate_integer_raise_assert_4_12_05 [0.714126s] ... ok
{36} cinder.tests.unit.test_utils.TestLogLevels.test_get_log_method_6___debug___10_ [0.428704s] ... ok
{68} cinder.tests.unit.test_utils.TestRetryDecorator.test_no_retry_required_random [0.769470s] ... ok
{0} cinder.tests.unit.test_utils.BrickUtils.test_brick_get_connector_properties [0.566001s] ... ok
{0} cinder.tests.unit.test_utils.TestLogLevels.test_get_log_method_invalid_2_ [0.036012s] ... ok
{58} cinder.tests.unit.test_utils.TestLogLevels.test_get_log_levels [0.491002s] ... ok
{55} cinder.tests.unit.test_utils.TestLogLevels.test_get_log_method_3___INFO___20_ [0.764811s] ... ok
{77} cinder.tests.unit.test_utils.TestLogLevels.test_set_log_levels_invalid_3_wronglevel [0.732939s] ... ok
{71} cinder.tests.unit.test_utils.AuditPeriodTest.test_day_with_offset_before_current [0.726717s] ... ok
{44} cinder.tests.unit.test_utils.TestComparableMixin.test_le [0.556926s] ... ok
{120} cinder.tests.unit.test_utils.GetBlkdevMajorMinorTestCase.test_get_blkdev_failure [0.668686s] ... ok
{102} cinder.tests.unit.test_utils.AuditPeriodTest.test_month_with_offset_after_current [0.709748s] ... ok
{111} cinder.tests.unit.test_utils.TestCleanFileLocks.test_api_clean_volume_file_locks [0.433315s] ... ok
{131} cinder.tests.unit.test_utils.LimitOperationsTestCase.test_semaphore [0.289058s] ... ok
{116} cinder.tests.unit.test_utils.TestAutoMaxOversubscriptionRatio.test_calculate_max_over_subscription_ratio_01 [0.414626s] ... ok
{119} cinder.tests.unit.test_utils.TemporaryChownTestCase.test_supplied_owner_uid [0.421047s] ... ok
{22} cinder.tests.unit.test_utils.TempdirTestCase.test_tempdir [0.445891s] ... ok
{82} cinder.tests.unit.test_utils.WalkClassHierarchyTestCase.test_walk_class_hierarchy [0.471802s] ... ok
{143} cinder.tests.unit.test_utils.GenericUtilsTestCase.test_check_ssh_injection [0.748109s] ... ok
{87} cinder.tests.unit.test_utils.AuditPeriodTest.test_uses_conf_unit [0.656667s] ... ok
{132} cinder.tests.unit.test_utils.TestAutoMaxOversubscriptionRatio.test_calculate_max_over_subscription_ratio_08 [0.373675s] ... ok
{139} cinder.tests.unit.test_utils.TestComparableMixin.test_gt [0.528742s] ... ok
{97} cinder.tests.unit.test_utils.AddVisibleAdminMetadataTestCase.test_add_visible_admin_metadata_visible_key_only [0.373067s] ... ok
{134} cinder.tests.unit.test_utils.GetBlkdevMajorMinorTestCase.test_get_file_size [0.624111s] ... ok
{30} cinder.tests.unit.test_utils.AuditPeriodTest.test_day [0.507877s] ... ok
{126} cinder.tests.unit.test_utils.GenericUtilsTestCase.test_paths_normcase_equal_1 [0.499104s] ... ok
{140} cinder.tests.unit.test_utils.AddVisibleAdminMetadataTestCase.test_add_visible_admin_metadata_no_existing_metadata [0.751918s] ... ok
{107} cinder.tests.unit.test_utils.TestLogLevels.test_set_log_levels_invalid_1_None [0.502916s] ... ok
{72} cinder.tests.unit.test_utils.IsBlkDeviceTestCase.test_is_blk_device [0.599254s] ... ok
{136} cinder.tests.unit.test_utils.TestValidateInteger.test_validate_integer_raise_assert_2__12 [0.411797s] ... ok
{108} cinder.tests.unit.test_utils.TestCheckMetadataProperties.test_metadata_value_not_dict_raise [0.526732s] ... ok
{123} cinder.tests.unit.test_utils.TestCleanFileLocks.test_clean_snapshot_file_locks [0.535269s] ... ok
{73} cinder.tests.unit.test_utils.TestAutoMaxOversubscriptionRatio.test_calculate_max_over_subscription_ratio_06 [0.550423s] ... ok
{137} cinder.tests.unit.test_utils.TestValidateInteger.test_validate_integer_2_123 [0.632606s] ... ok
{128} cinder.tests.unit.test_utils.AuditPeriodTest.test_year [0.548950s] ... ok
{125} cinder.tests.unit.test_utils.TestValidateInteger.test_validate_integer_raise_assert_1_2147483649 [0.553713s] ... ok
{122} cinder.tests.unit.test_utils.LimitOperationsTestCase.test_semaphore_factory_no_limit_1_1 [0.414119s] ... ok
{121} cinder.tests.unit.test_utils.AuditPeriodTest.test_month_jan_day_not_first [0.628908s] ... ok
{142} cinder.tests.unit.test_utils.TestNotificationShortCircuit.test_do_nothing_caller [0.564117s] ... ok

==============================
Failed 1 tests - output below:
==============================

cinder.tests.unit.test_utils.ExecuteTestCase.test_execute_root_and_helper
-------------------------------------------------------------------------

Captured traceback:
~~~~~~~~~~~~~~~~~~~
    Traceback (most recent call last):

      File "/data/zhihao/miniconda3/lib/python3.13/unittest/mock.py", line 1426, in patched
    return func(*newargs, **newkeywargs)

      File "/home/zhihao/hdd/marshal/.work/rebuild_972691_973693/case-fresh-v2-2026-08-30/replay-work/formal-opendev-972691--target-973693/target-a1/cinder/tests/unit/test_utils.py", line 69, in test_execute_root_and_helper
    output = utils.execute('a', 1, foo='bar', run_as_root=True,
                           root_helper=mock_helper)

      File "/home/zhihao/hdd/marshal/.work/rebuild_972691_973693/case-fresh-v2-2026-08-30/replay-work/formal-opendev-972691--target-973693/target-a1/cinder/utils.py", line 172, in execute
    return processutils.execute(*cmd, **kwargs)
           ~~~~~~~~~~~~~~~~~~~~^^^^^^^^^^^^^^^^

      File "<string>", line 2, in execute

      File "/data/zhihao/miniconda3/lib/python3.13/unittest/mock.py", line 194, in checksig
    sig.bind(*args, **kwargs)
    ~~~~~~~~^^^^^^^^^^^^^^^^^

      File "/data/zhihao/miniconda3/lib/python3.13/inspect.py", line 3304, in bind
    return self._bind(args, kwargs)
           ~~~~~~~~~~^^^^^^^^^^^^^^

      File "/data/zhihao/miniconda3/lib/python3.13/inspect.py", line 3293, in _bind
    raise TypeError(
        'got an unexpected keyword argument {arg!r}'.format(
            arg=next(iter(kwargs))))

    TypeError: got an unexpected keyword argument 'foo'


Captured pythonlogging:
~~~~~~~~~~~~~~~~~~~~~~~
    2026-08-30 12:27:47,647 INFO [keystonemiddleware.auth_token] Starting Keystone auth_token middleware
2026-08-30 12:27:47,651 WARNING [keystonemiddleware._common.config] The option "auth_url" is not known to keystonemiddleware
2026-08-30 12:27:47,654 WARNING [keystonemiddleware.auth_token] AuthToken middleware is set with keystone_authtoken.service_token_roles_required set to False. This is backwards compatible but deprecated behaviour. Please set this to True.
2026-08-30 12:27:47,660 WARNING [keystonemiddleware.auth_token] Configuring www_authenticate_uri to point to the public identity endpoint is required; clients may not be able to authenticate against an admin endpoint



======
Totals
======
Ran: 148 tests in 8.0496 sec.
 - Passed: 147
 - Skipped: 0
 - Expected Fail: 0
 - Unexpected Success: 0
 - Failed: 1
Sum of execute time for each test: 94.0045 sec.

==============
Worker Balance
==============
 - Worker 0 (2 tests) => 0:00:00.605104
 - Worker 1 (2 tests) => 0:00:02.075153
 - Worker 2 (2 tests) => 0:00:00.310278
 - Worker 3 (2 tests) => 0:00:00.674279
 - Worker 4 (1 tests) => 0:00:00.711260
 - Worker 5 (1 tests) => 0:00:00.465583
 - Worker 6 (1 tests) => 0:00:00.863496
 - Worker 7 (1 tests) => 0:00:00.762614
 - Worker 8 (1 tests) => 0:00:00.525682
 - Worker 9 (1 tests) => 0:00:00.333085
 - Worker 10 (1 tests) => 0:00:01.123489
 - Worker 11 (1 tests) => 0:00:00.298801
 - Worker 12 (1 tests) => 0:00:00.468420
 - Worker 13 (1 tests) => 0:00:00.565446
 - Worker 14 (1 tests) => 0:00:00.956632
 - Worker 15 (1 tests) => 0:00:00.294578
 - Worker 16 (1 tests) => 0:00:00.733234
 - Worker 17 (1 tests) => 0:00:00.962893
 - Worker 18 (1 tests) => 0:00:00.373035
 - Worker 19 (1 tests) => 0:00:00.322939
 - Worker 20 (1 tests) => 0:00:01.044205
 - Worker 21 (1 tests) => 0:00:00.705557
 - Worker 22 (1 tests) => 0:00:00.445891
 - Worker 23 (1 tests) => 0:00:00.768015
 - Worker 24 (1 tests) => 0:00:00.478077
 - Worker 25 (1 tests) => 0:00:00.511873
 - Worker 26 (1 tests) => 0:00:01.030023
 - Worker 27 (1 tests) => 0:00:00.486802
 - Worker 28 (1 tests) => 0:00:00.290934
 - Worker 29 (1 tests) => 0:00:00.301366
 - Worker 30 (1 tests) => 0:00:00.507877
 - Worker 31 (1 tests) => 0:00:00.391678
 - Worker 32 (1 tests) => 0:00:00.353517
 - Worker 33 (1 tests) => 0:00:00.539186
 - Worker 34 (1 tests) => 0:00:00.599881
 - Worker 35 (1 tests) => 0:00:01.018727
 - Worker 36 (1 tests) => 0:00:00.428704
 - Worker 37 (1 tests) => 0:00:00.588320
 - Worker 38 (1 tests) => 0:00:00.678505
 - Worker 39 (1 tests) => 0:00:00.360979
 - Worker 40 (1 tests) => 0:00:00.627519
 - Worker 41 (1 tests) => 0:00:00.484333
 - Worker 42 (1 tests) => 0:00:00.953009
 - Worker 43 (1 tests) => 0:00:00.345917
 - Worker 44 (1 tests) => 0:00:00.556926
 - Worker 45 (1 tests) => 0:00:00.535250
 - Worker 46 (1 tests) => 0:00:00.649524
 - Worker 47 (1 tests) => 0:00:00.811977
 - Worker 48 (1 tests) => 0:00:00.288757
 - Worker 49 (1 tests) => 0:00:00.733380
 - Worker 50 (1 tests) => 0:00:00.329284
 - Worker 51 (1 tests) => 0:00:00.653989
 - Worker 52 (1 tests) => 0:00:00.480599
 - Worker 53 (1 tests) => 0:00:00.539693
 - Worker 54 (1 tests) => 0:00:00.539736
 - Worker 55 (1 tests) => 0:00:00.764811
 - Worker 56 (1 tests) => 0:00:01.776476
 - Worker 57 (1 tests) => 0:00:00.298513
 - Worker 58 (1 tests) => 0:00:00.491002
 - Worker 59 (1 tests) => 0:00:00.315327
 - Worker 60 (1 tests) => 0:00:01.565846
 - Worker 61 (1 tests) => 0:00:01.186832
 - Worker 62 (1 tests) => 0:00:00.744967
 - Worker 63 (1 tests) => 0:00:00.342482
 - Worker 64 (1 tests) => 0:00:00.693398
 - Worker 65 (1 tests) => 0:00:00.915155
 - Worker 66 (1 tests) => 0:00:00.608681
 - Worker 67 (1 tests) => 0:00:01.726944
 - Worker 68 (1 tests) => 0:00:00.769470
 - Worker 69 (1 tests) => 0:00:00.633667
 - Worker 70 (1 tests) => 0:00:00.653125
 - Worker 71 (1 tests) => 0:00:00.726717
 - Worker 72 (1 tests) => 0:00:00.599254
 - Worker 73 (1 tests) => 0:00:00.550423
 - Worker 74 (1 tests) => 0:00:00.877884
 - Worker 75 (1 tests) => 0:00:00.291307
 - Worker 76 (1 tests) => 0:00:01.204710
 - Worker 77 (1 tests) => 0:00:00.732939
 - Worker 78 (1 tests) => 0:00:00.555707
 - Worker 79 (1 tests) => 0:00:00.905190
 - Worker 80 (1 tests) => 0:00:00.641040
 - Worker 81 (1 tests) => 0:00:00.622676
 - Worker 82 (1 tests) => 0:00:00.471802
 - Worker 83 (1 tests) => 0:00:00.353632
 - Worker 84 (1 tests) => 0:00:00.754252
 - Worker 85 (1 tests) => 0:00:00.314828
 - Worker 86 (1 tests) => 0:00:00.313997
 - Worker 87 (1 tests) => 0:00:00.656667
 - Worker 88 (1 tests) => 0:00:01.097979
 - Worker 89 (1 tests) => 0:00:00.605814
 - Worker 90 (1 tests) => 0:00:00.657523
 - Worker 91 (1 tests) => 0:00:00.738087
 - Worker 92 (1 tests) => 0:00:00.580574
 - Worker 93 (1 tests) => 0:00:00.758255
 - Worker 94 (1 tests) => 0:00:00.770755
 - Worker 95 (1 tests) => 0:00:00.412859
 - Worker 96 (1 tests) => 0:00:00.366950
 - Worker 97 (1 tests) => 0:00:00.373067
 - Worker 98 (1 tests) => 0:00:00.653448
 - Worker 99 (1 tests) => 0:00:01.091169
 - Worker 100 (1 tests) => 0:00:00.697651
 - Worker 101 (1 tests) => 0:00:00.365735
 - Worker 102 (1 tests) => 0:00:00.709748
 - Worker 103 (1 tests) => 0:00:00.423745
 - Worker 104 (1 tests) => 0:00:00.555507
 - Worker 105 (1 tests) => 0:00:01.573334
 - Worker 106 (1 tests) => 0:00:00.712808
 - Worker 107 (1 tests) => 0:00:00.502916
 - Worker 108 (1 tests) => 0:00:00.526732
 - Worker 109 (1 tests) => 0:00:00.536086
 - Worker 110 (1 tests) => 0:00:00.934655
 - Worker 111 (1 tests) => 0:00:00.433315
 - Worker 112 (1 tests) => 0:00:01.582844
 - Worker 113 (1 tests) => 0:00:00.590855
 - Worker 114 (1 tests) => 0:00:00.849520
 - Worker 115 (1 tests) => 0:00:00.914654
 - Worker 116 (1 tests) => 0:00:00.414626
 - Worker 117 (1 tests) => 0:00:00.823101
 - Worker 118 (1 tests) => 0:00:00.781002
 - Worker 119 (1 tests) => 0:00:00.421047
 - Worker 120 (1 tests) => 0:00:00.668686
 - Worker 121 (1 tests) => 0:00:00.628908
 - Worker 122 (1 tests) => 0:00:00.414119
 - Worker 123 (1 tests) => 0:00:00.535269
 - Worker 124 (1 tests) => 0:00:00.807532
 - Worker 125 (1 tests) => 0:00:00.553713
 - Worker 126 (1 tests) => 0:00:00.499104
 - Worker 127 (1 tests) => 0:00:00.714126
 - Worker 128 (1 tests) => 0:00:00.548950
 - Worker 129 (1 tests) => 0:00:00.418605
 - Worker 130 (1 tests) => 0:00:00.573165
 - Worker 131 (1 tests) => 0:00:00.289058
 - Worker 132 (1 tests) => 0:00:00.373675
 - Worker 133 (1 tests) => 0:00:00.729829
 - Worker 134 (1 tests) => 0:00:00.624111
 - Worker 135 (1 tests) => 0:00:00.606730
 - Worker 136 (1 tests) => 0:00:00.411797
 - Worker 137 (1 tests) => 0:00:00.632606
 - Worker 138 (1 tests) => 0:00:00.828902
 - Worker 139 (1 tests) => 0:00:00.528742
 - Worker 140 (1 tests) => 0:00:00.751918
 - Worker 141 (1 tests) => 0:00:00.558556
 - Worker 142 (1 tests) => 0:00:00.564117
 - Worker 143 (1 tests) => 0:00:00.748109
