1 RLock(s) were not greened, to fix this error make sure you run eventlet.monkey_patch() before importing any other modules.
1 RLock(s) were not greened, to fix this error make sure you run eventlet.monkey_patch() before importing any other modules.
1 RLock(s) were not greened, to fix this error make sure you run eventlet.monkey_patch() before importing any other modules.
1 RLock(s) were not greened, to fix this error make sure you run eventlet.monkey_patch() before importing any other modules.
1 RLock(s) were not greened, to fix this error make sure you run eventlet.monkey_patch() before importing any other modules.
1 RLock(s) were not greened, to fix this error make sure you run eventlet.monkey_patch() before importing any other modules.
1 RLock(s) were not greened, to fix this error make sure you run eventlet.monkey_patch() before importing any other modules.
1 RLock(s) were not greened, to fix this error make sure you run eventlet.monkey_patch() before importing any other modules.
1 RLock(s) were not greened, to fix this error make sure you run eventlet.monkey_patch() before importing any other modules.
1 RLock(s) were not greened, to fix this error make sure you run eventlet.monkey_patch() before importing any other modules.
1 RLock(s) were not greened, to fix this error make sure you run eventlet.monkey_patch() before importing any other modules.
1 RLock(s) were not greened, to fix this error make sure you run eventlet.monkey_patch() before importing any other modules.
1 RLock(s) were not greened, to fix this error make sure you run eventlet.monkey_patch() before importing any other modules.
1 RLock(s) were not greened, to fix this error make sure you run eventlet.monkey_patch() before importing any other modules.
1 RLock(s) were not greened, to fix this error make sure you run eventlet.monkey_patch() before importing any other modules.
1 RLock(s) were not greened, to fix this error make sure you run eventlet.monkey_patch() before importing any other modules.
1 RLock(s) were not greened, to fix this error make sure you run eventlet.monkey_patch() before importing any other modules.
1 RLock(s) were not greened, to fix this error make sure you run eventlet.monkey_patch() before importing any other modules.
1 RLock(s) were not greened, to fix this error make sure you run eventlet.monkey_patch() before importing any other modules.
1 RLock(s) were not greened, to fix this error make sure you run eventlet.monkey_patch() before importing any other modules.
1 RLock(s) were not greened, to fix this error make sure you run eventlet.monkey_patch() before importing any other modules.
1 RLock(s) were not greened, to fix this error make sure you run eventlet.monkey_patch() before importing any other modules.
1 RLock(s) were not greened, to fix this error make sure you run eventlet.monkey_patch() before importing any other modules.
1 RLock(s) were not greened, to fix this error make sure you run eventlet.monkey_patch() before importing any other modules.
1 RLock(s) were not greened, to fix this error make sure you run eventlet.monkey_patch() before importing any other modules.
1 RLock(s) were not greened, to fix this error make sure you run eventlet.monkey_patch() before importing any other modules.
1 RLock(s) were not greened, to fix this error make sure you run eventlet.monkey_patch() before importing any other modules.
1 RLock(s) were not greened, to fix this error make sure you run eventlet.monkey_patch() before importing any other modules.
1 RLock(s) were not greened, to fix this error make sure you run eventlet.monkey_patch() before importing any other modules.
1 RLock(s) were not greened, to fix this error make sure you run eventlet.monkey_patch() before importing any other modules.
1 RLock(s) were not greened, to fix this error make sure you run eventlet.monkey_patch() before importing any other modules.
1 RLock(s) were not greened, to fix this error make sure you run eventlet.monkey_patch() before importing any other modules.
1 RLock(s) were not greened, to fix this error make sure you run eventlet.monkey_patch() before importing any other modules.
1 RLock(s) were not greened, to fix this error make sure you run eventlet.monkey_patch() before importing any other modules.
1 RLock(s) were not greened, to fix this error make sure you run eventlet.monkey_patch() before importing any other modules.
1 RLock(s) were not greened, to fix this error make sure you run eventlet.monkey_patch() before importing any other modules.
1 RLock(s) were not greened, to fix this error make sure you run eventlet.monkey_patch() before importing any other modules.
1 RLock(s) were not greened, to fix this error make sure you run eventlet.monkey_patch() before importing any other modules.
1 RLock(s) were not greened, to fix this error make sure you run eventlet.monkey_patch() before importing any other modules.
1 RLock(s) were not greened, to fix this error make sure you run eventlet.monkey_patch() before importing any other modules.
1 RLock(s) were not greened, to fix this error make sure you run eventlet.monkey_patch() before importing any other modules.
1 RLock(s) were not greened, to fix this error make sure you run eventlet.monkey_patch() before importing any other modules.
1 RLock(s) were not greened, to fix this error make sure you run eventlet.monkey_patch() before importing any other modules.
1 RLock(s) were not greened, to fix this error make sure you run eventlet.monkey_patch() before importing any other modules.
1 RLock(s) were not greened, to fix this error make sure you run eventlet.monkey_patch() before importing any other modules.
1 RLock(s) were not greened, to fix this error make sure you run eventlet.monkey_patch() before importing any other modules.
1 RLock(s) were not greened, to fix this error make sure you run eventlet.monkey_patch() before importing any other modules.
1 RLock(s) were not greened, to fix this error make sure you run eventlet.monkey_patch() before importing any other modules.
1 RLock(s) were not greened, to fix this error make sure you run eventlet.monkey_patch() before importing any other modules.
1 RLock(s) were not greened, to fix this error make sure you run eventlet.monkey_patch() before importing any other modules.
1 RLock(s) were not greened, to fix this error make sure you run eventlet.monkey_patch() before importing any other modules.
1 RLock(s) were not greened, to fix this error make sure you run eventlet.monkey_patch() before importing any other modules.
1 RLock(s) were not greened, to fix this error make sure you run eventlet.monkey_patch() before importing any other modules.
1 RLock(s) were not greened, to fix this error make sure you run eventlet.monkey_patch() before importing any other modules.
1 RLock(s) were not greened, to fix this error make sure you run eventlet.monkey_patch() before importing any other modules.
1 RLock(s) were not greened, to fix this error make sure you run eventlet.monkey_patch() before importing any other modules.
1 RLock(s) were not greened, to fix this error make sure you run eventlet.monkey_patch() before importing any other modules.
1 RLock(s) were not greened, to fix this error make sure you run eventlet.monkey_patch() before importing any other modules.
1 RLock(s) were not greened, to fix this error make sure you run eventlet.monkey_patch() before importing any other modules.
1 RLock(s) were not greened, to fix this error make sure you run eventlet.monkey_patch() before importing any other modules.
1 RLock(s) were not greened, to fix this error make sure you run eventlet.monkey_patch() before importing any other modules.
1 RLock(s) were not greened, to fix this error make sure you run eventlet.monkey_patch() before importing any other modules.
1 RLock(s) were not greened, to fix this error make sure you run eventlet.monkey_patch() before importing any other modules.
1 RLock(s) were not greened, to fix this error make sure you run eventlet.monkey_patch() before importing any other modules.
1 RLock(s) were not greened, to fix this error make sure you run eventlet.monkey_patch() before importing any other modules.
1 RLock(s) were not greened, to fix this error make sure you run eventlet.monkey_patch() before importing any other modules.
1 RLock(s) were not greened, to fix this error make sure you run eventlet.monkey_patch() before importing any other modules.
1 RLock(s) were not greened, to fix this error make sure you run eventlet.monkey_patch() before importing any other modules.
1 RLock(s) were not greened, to fix this error make sure you run eventlet.monkey_patch() before importing any other modules.
1 RLock(s) were not greened, to fix this error make sure you run eventlet.monkey_patch() before importing any other modules.
1 RLock(s) were not greened, to fix this error make sure you run eventlet.monkey_patch() before importing any other modules.
1 RLock(s) were not greened, to fix this error make sure you run eventlet.monkey_patch() before importing any other modules.
1 RLock(s) were not greened, to fix this error make sure you run eventlet.monkey_patch() before importing any other modules.
1 RLock(s) were not greened, to fix this error make sure you run eventlet.monkey_patch() before importing any other modules.
1 RLock(s) were not greened, to fix this error make sure you run eventlet.monkey_patch() before importing any other modules.
1 RLock(s) were not greened, to fix this error make sure you run eventlet.monkey_patch() before importing any other modules.
1 RLock(s) were not greened, to fix this error make sure you run eventlet.monkey_patch() before importing any other modules.
1 RLock(s) were not greened, to fix this error make sure you run eventlet.monkey_patch() before importing any other modules.
1 RLock(s) were not greened, to fix this error make sure you run eventlet.monkey_patch() before importing any other modules.
1 RLock(s) were not greened, to fix this error make sure you run eventlet.monkey_patch() before importing any other modules.
1 RLock(s) were not greened, to fix this error make sure you run eventlet.monkey_patch() before importing any other modules.
1 RLock(s) were not greened, to fix this error make sure you run eventlet.monkey_patch() before importing any other modules.
1 RLock(s) were not greened, to fix this error make sure you run eventlet.monkey_patch() before importing any other modules.
1 RLock(s) were not greened, to fix this error make sure you run eventlet.monkey_patch() before importing any other modules.
1 RLock(s) were not greened, to fix this error make sure you run eventlet.monkey_patch() before importing any other modules.
1 RLock(s) were not greened, to fix this error make sure you run eventlet.monkey_patch() before importing any other modules.
1 RLock(s) were not greened, to fix this error make sure you run eventlet.monkey_patch() before importing any other modules.
1 RLock(s) were not greened, to fix this error make sure you run eventlet.monkey_patch() before importing any other modules.
1 RLock(s) were not greened, to fix this error make sure you run eventlet.monkey_patch() before importing any other modules.
1 RLock(s) were not greened, to fix this error make sure you run eventlet.monkey_patch() before importing any other modules.
1 RLock(s) were not greened, to fix this error make sure you run eventlet.monkey_patch() before importing any other modules.
1 RLock(s) were not greened, to fix this error make sure you run eventlet.monkey_patch() before importing any other modules.
1 RLock(s) were not greened, to fix this error make sure you run eventlet.monkey_patch() before importing any other modules.
1 RLock(s) were not greened, to fix this error make sure you run eventlet.monkey_patch() before importing any other modules.
1 RLock(s) were not greened, to fix this error make sure you run eventlet.monkey_patch() before importing any other modules.
1 RLock(s) were not greened, to fix this error make sure you run eventlet.monkey_patch() before importing any other modules.
1 RLock(s) were not greened, to fix this error make sure you run eventlet.monkey_patch() before importing any other modules.
1 RLock(s) were not greened, to fix this error make sure you run eventlet.monkey_patch() before importing any other modules.
1 RLock(s) were not greened, to fix this error make sure you run eventlet.monkey_patch() before importing any other modules.
1 RLock(s) were not greened, to fix this error make sure you run eventlet.monkey_patch() before importing any other modules.
1 RLock(s) were not greened, to fix this error make sure you run eventlet.monkey_patch() before importing any other modules.
1 RLock(s) were not greened, to fix this error make sure you run eventlet.monkey_patch() before importing any other modules.
1 RLock(s) were not greened, to fix this error make sure you run eventlet.monkey_patch() before importing any other modules.
1 RLock(s) were not greened, to fix this error make sure you run eventlet.monkey_patch() before importing any other modules.
1 RLock(s) were not greened, to fix this error make sure you run eventlet.monkey_patch() before importing any other modules.
1 RLock(s) were not greened, to fix this error make sure you run eventlet.monkey_patch() before importing any other modules.
1 RLock(s) were not greened, to fix this error make sure you run eventlet.monkey_patch() before importing any other modules.
1 RLock(s) were not greened, to fix this error make sure you run eventlet.monkey_patch() before importing any other modules.
1 RLock(s) were not greened, to fix this error make sure you run eventlet.monkey_patch() before importing any other modules.
1 RLock(s) were not greened, to fix this error make sure you run eventlet.monkey_patch() before importing any other modules.
1 RLock(s) were not greened, to fix this error make sure you run eventlet.monkey_patch() before importing any other modules.
1 RLock(s) were not greened, to fix this error make sure you run eventlet.monkey_patch() before importing any other modules.
1 RLock(s) were not greened, to fix this error make sure you run eventlet.monkey_patch() before importing any other modules.
1 RLock(s) were not greened, to fix this error make sure you run eventlet.monkey_patch() before importing any other modules.
1 RLock(s) were not greened, to fix this error make sure you run eventlet.monkey_patch() before importing any other modules.
1 RLock(s) were not greened, to fix this error make sure you run eventlet.monkey_patch() before importing any other modules.
1 RLock(s) were not greened, to fix this error make sure you run eventlet.monkey_patch() before importing any other modules.
1 RLock(s) were not greened, to fix this error make sure you run eventlet.monkey_patch() before importing any other modules.
1 RLock(s) were not greened, to fix this error make sure you run eventlet.monkey_patch() before importing any other modules.
1 RLock(s) were not greened, to fix this error make sure you run eventlet.monkey_patch() before importing any other modules.
1 RLock(s) were not greened, to fix this error make sure you run eventlet.monkey_patch() before importing any other modules.
1 RLock(s) were not greened, to fix this error make sure you run eventlet.monkey_patch() before importing any other modules.
1 RLock(s) were not greened, to fix this error make sure you run eventlet.monkey_patch() before importing any other modules.
1 RLock(s) were not greened, to fix this error make sure you run eventlet.monkey_patch() before importing any other modules.
1 RLock(s) were not greened, to fix this error make sure you run eventlet.monkey_patch() before importing any other modules.
1 RLock(s) were not greened, to fix this error make sure you run eventlet.monkey_patch() before importing any other modules.
1 RLock(s) were not greened, to fix this error make sure you run eventlet.monkey_patch() before importing any other modules.
1 RLock(s) were not greened, to fix this error make sure you run eventlet.monkey_patch() before importing any other modules.
1 RLock(s) were not greened, to fix this error make sure you run eventlet.monkey_patch() before importing any other modules.
1 RLock(s) were not greened, to fix this error make sure you run eventlet.monkey_patch() before importing any other modules.
1 RLock(s) were not greened, to fix this error make sure you run eventlet.monkey_patch() before importing any other modules.
1 RLock(s) were not greened, to fix this error make sure you run eventlet.monkey_patch() before importing any other modules.
1 RLock(s) were not greened, to fix this error make sure you run eventlet.monkey_patch() before importing any other modules.
1 RLock(s) were not greened, to fix this error make sure you run eventlet.monkey_patch() before importing any other modules.
1 RLock(s) were not greened, to fix this error make sure you run eventlet.monkey_patch() before importing any other modules.
1 RLock(s) were not greened, to fix this error make sure you run eventlet.monkey_patch() before importing any other modules.
1 RLock(s) were not greened, to fix this error make sure you run eventlet.monkey_patch() before importing any other modules.
1 RLock(s) were not greened, to fix this error make sure you run eventlet.monkey_patch() before importing any other modules.
1 RLock(s) were not greened, to fix this error make sure you run eventlet.monkey_patch() before importing any other modules.
1 RLock(s) were not greened, to fix this error make sure you run eventlet.monkey_patch() before importing any other modules.
1 RLock(s) were not greened, to fix this error make sure you run eventlet.monkey_patch() before importing any other modules.
1 RLock(s) were not greened, to fix this error make sure you run eventlet.monkey_patch() before importing any other modules.
1 RLock(s) were not greened, to fix this error make sure you run eventlet.monkey_patch() before importing any other modules.
1 RLock(s) were not greened, to fix this error make sure you run eventlet.monkey_patch() before importing any other modules.
1 RLock(s) were not greened, to fix this error make sure you run eventlet.monkey_patch() before importing any other modules.
{26} cinder.tests.unit.test_utils.AuditPeriodTest.test_day_with_offset_after_current [0.838950s] ... ok
{28} cinder.tests.unit.test_utils.TestAutoMaxOversubscriptionRatio.test_calculate_max_over_subscription_ratio_08 [0.534303s] ... ok
{55} cinder.tests.unit.test_utils.GenericUtilsTestCase.test_check_ssh_injection [0.598325s] ... ok
{13} cinder.tests.unit.test_utils.TestValidateInteger.test_validate_integer_1_123 [0.571599s] ... ok
{10} cinder.tests.unit.test_utils.TestCalculateVirtualFree.test_utils_calculate_capacity_factors_2 [0.662534s] ... ok
{29} cinder.tests.unit.test_utils.TestCheckMetadataProperties.test_metadata_value_not_string_raise_5 [0.653977s] ... ok
{40} cinder.tests.unit.test_utils.LimitOperationsTestCase.test_semaphore [0.654932s] ... ok
{20} cinder.tests.unit.test_utils.TestValidateInteger.test_validate_integer_raise_assert_2__12 [0.636135s] ... ok
{34} cinder.tests.unit.test_utils.GetDiskOfPartitionTestCase.test_diskpath_is_not_block_device [0.492429s] ... ok
{52} cinder.tests.unit.test_utils.TestCalculateVirtualFree.test_utils_calculate_capacity_factors_4 [0.528018s] ... ok
{74} cinder.tests.unit.test_utils.TestValidateInteger.test_validate_integer_raise_assert_1_2147483649 [0.521331s] ... ok
{57} cinder.tests.unit.test_utils.TestNotificationShortCircuit.test_do_nothing_getter [0.518447s] ... ok
{38} cinder.tests.unit.test_utils.TestLogLevels.test_get_log_method_4___wArNiNg___30_ [0.513957s] ... ok
{98} cinder.tests.unit.test_utils.TestCalculateVirtualFree.test_utils_calculate_virtual_free_capacity_provision_type_4 [0.359899s] ... ok
{2} cinder.tests.unit.test_utils.AuditPeriodTest.test_month [0.486600s] ... ok
{2} cinder.tests.unit.test_utils.TestRetryDecorator.test_retries_once_random [0.032168s] ... ok
{54} cinder.tests.unit.test_utils.AuditPeriodTest.test_month_jan_day_first [0.504825s] ... ok
{42} cinder.tests.unit.test_utils.TestCalculateVirtualFree.test_utils_calculate_virtual_free_capacity_provision_type_1 [0.487871s] ... ok
{21} cinder.tests.unit.test_utils.GenericUtilsTestCase.test_hostname_sanitize_periods [0.493090s] ... ok
{111} cinder.tests.unit.test_utils.TestLogLevels.test_get_log_method_6___debug___10_ [0.483171s] ... ok
{25} cinder.tests.unit.test_utils.TestLogLevels.test_get_log_method_5___error___40_ [0.505080s] ... ok
{47} cinder.tests.unit.test_utils.TestComparableMixin.test_compare [0.489616s] ... ok
{130} cinder.tests.unit.test_utils.AddVisibleAdminMetadataTestCase.test_add_visible_admin_metadata_no_existing_metadata [0.420237s] ... ok
{16} cinder.tests.unit.test_utils.TestCalculateVirtualFree.test_utils_calculate_virtual_free_capacity_provision_type_2 [0.956901s] ... ok
{72} cinder.tests.unit.test_utils.TestValidateInteger.test_validate_integer_raise_assert_4_12_05 [0.473914s] ... ok
{90} cinder.tests.unit.test_utils.TestLogLevels.test_set_log_levels_invalid_2_ [0.417779s] ... ok
{23} cinder.tests.unit.test_utils.TestRetryDecorator.test_retry_exit_code [0.826681s] ... ok
{17} cinder.tests.unit.test_utils.GetBlkdevMajorMinorTestCase.test_get_blkdev_major_minor_file_nfs [0.504669s] ... ok
{50} cinder.tests.unit.test_utils.TestValidateInteger.test_validate_integer_2_123 [0.541968s] ... ok
{93} cinder.tests.unit.test_utils.AuditPeriodTest.test_hour_with_offset_after_current [0.546066s] ... ok
{49} cinder.tests.unit.test_utils.InvalidFilterTestCase.test_admin_allows_some_options [0.539897s] ... ok
{53} cinder.tests.unit.test_utils.TestLogLevels.test_set_log_levels_invalid_3_wronglevel [0.501961s] ... ok
{27} cinder.tests.unit.test_utils.TestValidateInteger.test_validate_integer_raise_assert_5_should_be_int [0.654024s] ... ok
{63} cinder.tests.unit.test_utils.TestLogLevels.test_get_log_levels [0.540525s] ... ok
{19} cinder.tests.unit.test_utils.MonkeyPatchTestCase.test_monkey_patch [0.616355s] ... ok
{41} cinder.tests.unit.test_utils.TestNotificationShortCircuit.test_if_notification_enabled_when_disabled_1___ [0.494810s] ... ok
{129} cinder.tests.unit.test_utils.GenericUtilsTestCase.test_get_file_mode [0.513470s] ... ok
{106} cinder.tests.unit.test_utils.TestLogLevels.test_set_log_levels [0.419096s] ... ok
{1} cinder.tests.unit.test_utils.AddVisibleAdminMetadataTestCase.test_add_visible_admin_metadata_no_visible_keys [0.378870s] ... ok
{1} cinder.tests.unit.test_utils.TestComparableMixin.test_eq [0.032511s] ... ok
{136} cinder.tests.unit.test_utils.TestNotificationShortCircuit.test_do_nothing_json_serializable [0.538199s] ... ok
{0} cinder.tests.unit.test_utils.ExecuteTestCase.test_execute [0.526893s] ... ok
{0} cinder.tests.unit.test_utils.TestCleanFileLocks.test_clean_volume_file_locks [0.039686s] ... ok
{97} cinder.tests.unit.test_utils.GenericUtilsTestCase.test_hostname_unicode_sanitization [0.854019s] ... ok
{76} cinder.tests.unit.test_utils.TestAutoMaxOversubscriptionRatio.test_calculate_max_over_subscription_ratio_05 [0.588328s] ... ok
{109} cinder.tests.unit.test_utils.AuditPeriodTest.test_day_with_offset_before_current [0.527971s] ... ok
{22} cinder.tests.unit.test_utils.StringLengthTestCase.test_check_string_length [0.526498s] ... ok
{143} cinder.tests.unit.test_utils.GetBlkdevMajorMinorTestCase.test_get_file_size [0.524823s] ... ok
{5} cinder.tests.unit.test_utils.TestValidateInteger.test_validate_integer_raise_assert_6_test [0.536377s] ... ok
{9} cinder.tests.unit.test_utils.LimitOperationsTestCase.test_semaphore_factory_no_limit_1_1 [0.732172s] ... ok
{87} cinder.tests.unit.test_utils.TestLogLevels.test_get_log_method_2___warning___30_ [0.546223s] ... ok
{104} cinder.tests.unit.test_utils.GetBlkdevMajorMinorTestCase.test_get_blkdev_failure [0.462070s] ... ok
{92} cinder.tests.unit.test_utils.TestKeystoneProjectGet.test_get_project_keystoneclient_v2 [0.519398s] ... ok
{77} cinder.tests.unit.test_utils.GenericUtilsTestCase.test_as_int [0.559979s] ... ok
{110} cinder.tests.unit.test_utils.WalkClassHierarchyTestCase.test_walk_class_hierarchy [0.692264s] ... ok
{91} cinder.tests.unit.test_utils.TemporaryChownTestCase.test_supplied_owner_uid [0.513052s] ... ok
{133} cinder.tests.unit.test_utils.AuditPeriodTest.test_uses_conf_unit [0.525674s] ... ok
{131} cinder.tests.unit.test_utils.TestComparableMixin.test_le [0.380848s] ... ok
{134} cinder.tests.unit.test_utils.TestCleanFileLocks.test_api_clean_volume_file_locks [0.552474s] ... ok
{45} cinder.tests.unit.test_utils.TestRetryDecorator.test_retry_exit_code_non_retriable [0.524766s] ... ok
{99} cinder.tests.unit.test_utils.TempdirTestCase.test_tempdir_error [0.601999s] ... ok
{30} cinder.tests.unit.test_utils.TestCheckMetadataProperties.test_metadata_value_not_string_raise_2 [0.682795s] ... ok
{137} cinder.tests.unit.test_utils.TestValidateInteger.test_validate_integer_raise_assert_3_2_05 [0.520924s] ... ok
{94} cinder.tests.unit.test_utils.TestLogLevels.test_get_log_method_invalid_3_wronglevel [0.540651s] ... ok
{36} cinder.tests.unit.test_utils.TestRetryDecorator.test_no_retry_required_random [0.870833s] ... ok
{103} cinder.tests.unit.test_utils.GenericUtilsTestCase.test_hostname_sanitize_characters [0.642553s] ... ok
{51} cinder.tests.unit.test_utils.ExecuteTestCase.test_execute_root [0.686333s] ... ok
{48} cinder.tests.unit.test_utils.InvalidFilterTestCase.test_admin_allows_all_options [0.653254s] ... ok
{132} cinder.tests.unit.test_utils.TestAutoMaxOversubscriptionRatio.test_calculate_max_over_subscription_ratio_01 [0.548685s] ... ok
{64} cinder.tests.unit.test_utils.TestLogLevels.test_get_log_method_3___INFO___20_ [0.974018s] ... ok
{31} cinder.tests.unit.test_utils.TestAutoMaxOversubscriptionRatio.test_calculate_max_over_subscription_ratio_03 [1.190615s] ... ok
{95} cinder.tests.unit.test_utils.BrickUtils.test_brick_attach_volume_encryptor [0.582606s] ... ok
{112} cinder.tests.unit.test_utils.ExecuteTestCase.test_execute_root_and_helper [0.617662s] ... ok
{108} cinder.tests.unit.test_utils.BrickUtils.test_brick_detach_volume_encryptor [0.551912s] ... ok
{11} cinder.tests.unit.test_utils.TestAutoMaxOversubscriptionRatio.test_calculate_max_over_subscription_ratio_04 [0.547130s] ... ok
{4} cinder.tests.unit.test_utils.TestCheckMetadataProperties.test_metadata_value_not_dict_raise [0.584824s] ... ok
{123} cinder.tests.unit.test_utils.AuditPeriodTest.test_invalid_unit [0.599975s] ... ok
{118} cinder.tests.unit.test_utils.TestAutoMaxOversubscriptionRatio.test_calculate_max_over_subscription_ratio_02 [0.595496s] ... ok
{78} cinder.tests.unit.test_utils.AuditPeriodTest.test_hour_with_offset_before_current [0.602448s] ... ok
{15} cinder.tests.unit.test_utils.TestComparableMixin.test_lt [1.104552s] ... ok
{117} cinder.tests.unit.test_utils.TestNotificationShortCircuit.test_if_notification_enabled_when_disabled_2___noop__ [0.562408s] ... ok
{7} cinder.tests.unit.test_utils.GenericUtilsTestCase.test_check_ssh_injection_on_error [0.583876s] ... ok
{114} cinder.tests.unit.test_utils.TestCheckMetadataProperties.test_metadata_value_not_string_raise_6 [0.600613s] ... ok
{6} cinder.tests.unit.test_utils.AuditPeriodTest.test_month_jan_day_not_first [1.169676s] ... ok
{85} cinder.tests.unit.test_utils.TestRetryDecorator.test_retries_once [0.595204s] ... ok
{33} cinder.tests.unit.test_utils.TemporaryChownTestCase.test_matching_uid [0.600128s] ... ok
{88} cinder.tests.unit.test_utils.TestCheckMetadataProperties.test_metadata_value_not_string_raise_3 [0.585255s] ... ok
{18} cinder.tests.unit.test_utils.AuditPeriodTest.test_hour [0.526721s] ... ok
{126} cinder.tests.unit.test_utils.TemporaryChownTestCase.test_get_uid [0.619221s] ... ok
{60} cinder.tests.unit.test_utils.IsBlkDeviceTestCase.test_is_blk_device [1.023515s] ... ok
{102} cinder.tests.unit.test_utils.BrickUtils.test_brick_get_connector [0.731296s] ... ok
{24} cinder.tests.unit.test_utils.TestAutoMaxOversubscriptionRatio.test_calculate_max_over_subscription_ratio_10 [0.787623s] ... ok
{84} cinder.tests.unit.test_utils.GetBlkdevMajorMinorTestCase.test_get_blkdev_major_minor_file [0.639120s] ... ok
{105} cinder.tests.unit.test_utils.GetBlkdevMajorMinorTestCase.test_get_blkdev_is_chr [0.569762s] ... ok
{124} cinder.tests.unit.test_utils.TestCheckMetadataProperties.test_metadata_value_not_string_raise_7 [0.666554s] ... ok
{82} cinder.tests.unit.test_utils.GenericUtilsTestCase.test_write_configfile [0.444005s] ... ok
{80} cinder.tests.unit.test_utils.AuditPeriodTest.test_month_with_offset_after_current [0.720327s] ... ok
{37} cinder.tests.unit.test_utils.TestAutoMaxOversubscriptionRatio.test_calculate_max_over_subscription_ratio_06 [0.427316s] ... ok
{125} cinder.tests.unit.test_utils.TestCalculateVirtualFree.test_utils_calculate_virtual_free_capacity_provision_type_3 [0.631392s] ... ok
{128} cinder.tests.unit.test_utils.GenericUtilsTestCase.test_get_file_gid [0.723290s] ... ok
{59} cinder.tests.unit.test_utils.TestCheckMetadataProperties.test_metadata_value_not_string_raise_1 [0.725530s] ... ok
{119} cinder.tests.unit.test_utils.TestAutoMaxOversubscriptionRatio.test_calculate_max_over_subscription_ratio_07 [0.543947s] ... ok
{101} cinder.tests.unit.test_utils.TempdirTestCase.test_tempdir [0.575767s] ... ok
{121} cinder.tests.unit.test_utils.GenericUtilsTestCase.test_get_root_helper [0.660119s] ... ok
{75} cinder.tests.unit.test_utils.TestNotificationShortCircuit.test_do_nothing_caller [0.554939s] ... ok
{71} cinder.tests.unit.test_utils.AuditPeriodTest.test_year [0.409898s] ... ok
{65} cinder.tests.unit.test_utils.TestNotificationShortCircuit.test_if_notification_enabled_when_disabled_3___noop____noop__ [1.501373s] ... ok
{127} cinder.tests.unit.test_utils.TestAutoMaxOversubscriptionRatio.test_calculate_max_over_subscription_ratio_09 [0.694576s] ... ok
{89} cinder.tests.unit.test_utils.TestLogLevels.test_get_log_method_1___info___20_ [0.450894s] ... ok
{107} cinder.tests.unit.test_utils.GenericUtilsTestCase.test_check_exclusive_options [0.512449s] ... ok
{3} cinder.tests.unit.test_utils.GetBlkdevMajorMinorTestCase.test_get_blkdev_major_minor [0.628456s] ... ok
{3} cinder.tests.unit.test_utils.TestValidateInteger.test_validate_integer_3_123 [0.033979s] ... ok
{120} cinder.tests.unit.test_utils.GenericUtilsTestCase.test_paths_normcase_equal_1 [0.769533s] ... ok
{46} cinder.tests.unit.test_utils.TestComparableMixin.test_ne [0.614308s] ... ok
{100} cinder.tests.unit.test_utils.TestRetryDecorator.test_no_retry_required [0.489171s] ... ok
{113} cinder.tests.unit.test_utils.IsBlkDeviceTestCase.test_not_is_blk_device [0.715060s] ... ok
{56} cinder.tests.unit.test_utils.AuditPeriodTest.test_month_with_offset_before_current [0.442135s] ... ok
{115} cinder.tests.unit.test_utils.TestComparableMixin.test_gt [0.675121s] ... ok
{44} cinder.tests.unit.test_utils.GenericUtilsTestCase.test_hostname_translate [0.655928s] ... ok
{73} cinder.tests.unit.test_utils.LimitOperationsTestCase.test_semaphore_factory_with_limit_and_workers [0.667588s] ... ok
{66} cinder.tests.unit.test_utils.TestLogLevels.test_set_log_levels_invalid_1_None [0.453937s] ... ok
{83} cinder.tests.unit.test_utils.GenericUtilsTestCase.test_make_dev_path [0.623526s] ... ok
{86} cinder.tests.unit.test_utils.TestLogLevels.test_get_log_method_invalid_1_None [1.809123s] ... ok
{8} cinder.tests.unit.test_utils.TestRetryDecorator.test_limit_is_reached [1.301426s] ... ok
{68} cinder.tests.unit.test_utils.TestCalculateVirtualFree.test_utils_calculate_capacity_factors_3 [0.691318s] ... ok
{79} cinder.tests.unit.test_utils.LimitOperationsTestCase.test_semaphore_factory_with_limit [0.695634s] ... ok
{69} cinder.tests.unit.test_utils.AuditPeriodTest.test_year_with_offset_before_current [0.999404s] ... ok
{70} cinder.tests.unit.test_utils.AuditPeriodTest.test_year_with_offset_after_current [1.172751s] ... ok
{32} cinder.tests.unit.test_utils.GetDiskOfPartitionTestCase.test_diskpath_is_block_device [0.627501s] ... ok
{116} cinder.tests.unit.test_utils.TestCleanFileLocks.test_clean_snapshot_file_locks_failures [0.746888s] ... ok
{58} cinder.tests.unit.test_utils.TemporaryChownTestCase.test_temporary_chown_win32 [0.776912s] ... ok
{43} cinder.tests.unit.test_utils.TestNotificationShortCircuit.test_if_notification_enabled_when_enabled [0.669766s] ... ok
{96} cinder.tests.unit.test_utils.TestRetryDecorator.test_wrong_exception_no_retry [0.662044s] ... ok
{141} cinder.tests.unit.test_utils.GenericUtilsTestCase.test_hostname_sanitize_dashes [0.723522s] ... ok
{12} cinder.tests.unit.test_utils.AddVisibleAdminMetadataTestCase.test_add_visible_admin_metadata_visible_key_only [0.676673s] ... ok
{61} cinder.tests.unit.test_utils.TestCalculateVirtualFree.test_utils_calculate_capacity_factors_1 [0.368870s] ... ok
{14} cinder.tests.unit.test_utils.TestCleanFileLocks.test_clean_snapshot_file_locks [0.716217s] ... ok
{81} cinder.tests.unit.test_utils.TestComparableMixin.test_ge [0.694945s] ... ok
{62} cinder.tests.unit.test_utils.LimitOperationsTestCase.test_semaphore_factory_no_limit_2_5 [0.734746s] ... ok
{139} cinder.tests.unit.test_utils.GetDiskOfPartitionTestCase.test_stat_oserror [0.735826s] ... ok
{142} cinder.tests.unit.test_utils.TestKeystoneProjectGet.test_get_project_keystoneclient_v3 [0.861660s] ... ok
{122} cinder.tests.unit.test_utils.TestCheckMetadataProperties.test_metadata_value_not_string_raise_4 [0.710487s] ... ok
{138} cinder.tests.unit.test_utils.TestLogLevels.test_get_log_method_invalid_2_ [0.465026s] ... ok
{135} cinder.tests.unit.test_utils.GetDiskOfPartitionTestCase.test_devpath_is_diskpath [0.589204s] ... ok
{39} cinder.tests.unit.test_utils.AuditPeriodTest.test_day [0.684620s] ... ok
{35} cinder.tests.unit.test_utils.BrickUtils.test_brick_get_connector_properties [0.671766s] ... ok
{140} cinder.tests.unit.test_utils.TestCleanFileLocks.test_clean_volume_file_locks_errors [0.427075s] ... ok
{67} cinder.tests.unit.test_utils.IsBlkDeviceTestCase.test_fail_is_blk_device [0.365612s] ... ok

======
Totals
======
Ran: 148 tests in 9.1047 sec.
 - Passed: 148
 - Skipped: 0
 - Expected Fail: 0
 - Unexpected Success: 0
 - Failed: 0
Sum of execute time for each test: 91.5025 sec.

==============
Worker Balance
==============
 - Worker 0 (2 tests) => 0:00:00.570081
 - Worker 1 (2 tests) => 0:00:00.412513
 - Worker 2 (2 tests) => 0:00:00.520830
 - Worker 3 (2 tests) => 0:00:00.665060
 - Worker 4 (1 tests) => 0:00:00.584824
 - Worker 5 (1 tests) => 0:00:00.536377
 - Worker 6 (1 tests) => 0:00:01.169676
 - Worker 7 (1 tests) => 0:00:00.583876
 - Worker 8 (1 tests) => 0:00:01.301426
 - Worker 9 (1 tests) => 0:00:00.732172
 - Worker 10 (1 tests) => 0:00:00.662534
 - Worker 11 (1 tests) => 0:00:00.547130
 - Worker 12 (1 tests) => 0:00:00.676673
 - Worker 13 (1 tests) => 0:00:00.571599
 - Worker 14 (1 tests) => 0:00:00.716217
 - Worker 15 (1 tests) => 0:00:01.104552
 - Worker 16 (1 tests) => 0:00:00.956901
 - Worker 17 (1 tests) => 0:00:00.504669
 - Worker 18 (1 tests) => 0:00:00.526721
 - Worker 19 (1 tests) => 0:00:00.616355
 - Worker 20 (1 tests) => 0:00:00.636135
 - Worker 21 (1 tests) => 0:00:00.493090
 - Worker 22 (1 tests) => 0:00:00.526498
 - Worker 23 (1 tests) => 0:00:00.826681
 - Worker 24 (1 tests) => 0:00:00.787623
 - Worker 25 (1 tests) => 0:00:00.505080
 - Worker 26 (1 tests) => 0:00:00.838950
 - Worker 27 (1 tests) => 0:00:00.654024
 - Worker 28 (1 tests) => 0:00:00.534303
 - Worker 29 (1 tests) => 0:00:00.653977
 - Worker 30 (1 tests) => 0:00:00.682795
 - Worker 31 (1 tests) => 0:00:01.190615
 - Worker 32 (1 tests) => 0:00:00.627501
 - Worker 33 (1 tests) => 0:00:00.600128
 - Worker 34 (1 tests) => 0:00:00.492429
 - Worker 35 (1 tests) => 0:00:00.671766
 - Worker 36 (1 tests) => 0:00:00.870833
 - Worker 37 (1 tests) => 0:00:00.427316
 - Worker 38 (1 tests) => 0:00:00.513957
 - Worker 39 (1 tests) => 0:00:00.684620
 - Worker 40 (1 tests) => 0:00:00.654932
 - Worker 41 (1 tests) => 0:00:00.494810
 - Worker 42 (1 tests) => 0:00:00.487871
 - Worker 43 (1 tests) => 0:00:00.669766
 - Worker 44 (1 tests) => 0:00:00.655928
 - Worker 45 (1 tests) => 0:00:00.524766
 - Worker 46 (1 tests) => 0:00:00.614308
 - Worker 47 (1 tests) => 0:00:00.489616
 - Worker 48 (1 tests) => 0:00:00.653254
 - Worker 49 (1 tests) => 0:00:00.539897
 - Worker 50 (1 tests) => 0:00:00.541968
 - Worker 51 (1 tests) => 0:00:00.686333
 - Worker 52 (1 tests) => 0:00:00.528018
 - Worker 53 (1 tests) => 0:00:00.501961
 - Worker 54 (1 tests) => 0:00:00.504825
 - Worker 55 (1 tests) => 0:00:00.598325
 - Worker 56 (1 tests) => 0:00:00.442135
 - Worker 57 (1 tests) => 0:00:00.518447
 - Worker 58 (1 tests) => 0:00:00.776912
 - Worker 59 (1 tests) => 0:00:00.725530
 - Worker 60 (1 tests) => 0:00:01.023515
 - Worker 61 (1 tests) => 0:00:00.368870
 - Worker 62 (1 tests) => 0:00:00.734746
 - Worker 63 (1 tests) => 0:00:00.540525
 - Worker 64 (1 tests) => 0:00:00.974018
 - Worker 65 (1 tests) => 0:00:01.501373
 - Worker 66 (1 tests) => 0:00:00.453937
 - Worker 67 (1 tests) => 0:00:00.365612
 - Worker 68 (1 tests) => 0:00:00.691318
 - Worker 69 (1 tests) => 0:00:00.999404
 - Worker 70 (1 tests) => 0:00:01.172751
 - Worker 71 (1 tests) => 0:00:00.409898
 - Worker 72 (1 tests) => 0:00:00.473914
 - Worker 73 (1 tests) => 0:00:00.667588
 - Worker 74 (1 tests) => 0:00:00.521331
 - Worker 75 (1 tests) => 0:00:00.554939
 - Worker 76 (1 tests) => 0:00:00.588328
 - Worker 77 (1 tests) => 0:00:00.559979
 - Worker 78 (1 tests) => 0:00:00.602448
 - Worker 79 (1 tests) => 0:00:00.695634
 - Worker 80 (1 tests) => 0:00:00.720327
 - Worker 81 (1 tests) => 0:00:00.694945
 - Worker 82 (1 tests) => 0:00:00.444005
 - Worker 83 (1 tests) => 0:00:00.623526
 - Worker 84 (1 tests) => 0:00:00.639120
 - Worker 85 (1 tests) => 0:00:00.595204
 - Worker 86 (1 tests) => 0:00:01.809123
 - Worker 87 (1 tests) => 0:00:00.546223
 - Worker 88 (1 tests) => 0:00:00.585255
 - Worker 89 (1 tests) => 0:00:00.450894
 - Worker 90 (1 tests) => 0:00:00.417779
 - Worker 91 (1 tests) => 0:00:00.513052
 - Worker 92 (1 tests) => 0:00:00.519398
 - Worker 93 (1 tests) => 0:00:00.546066
 - Worker 94 (1 tests) => 0:00:00.540651
 - Worker 95 (1 tests) => 0:00:00.582606
 - Worker 96 (1 tests) => 0:00:00.662044
 - Worker 97 (1 tests) => 0:00:00.854019
 - Worker 98 (1 tests) => 0:00:00.359899
 - Worker 99 (1 tests) => 0:00:00.601999
 - Worker 100 (1 tests) => 0:00:00.489171
 - Worker 101 (1 tests) => 0:00:00.575767
 - Worker 102 (1 tests) => 0:00:00.731296
 - Worker 103 (1 tests) => 0:00:00.642553
 - Worker 104 (1 tests) => 0:00:00.462070
 - Worker 105 (1 tests) => 0:00:00.569762
 - Worker 106 (1 tests) => 0:00:00.419096
 - Worker 107 (1 tests) => 0:00:00.512449
 - Worker 108 (1 tests) => 0:00:00.551912
 - Worker 109 (1 tests) => 0:00:00.527971
 - Worker 110 (1 tests) => 0:00:00.692264
 - Worker 111 (1 tests) => 0:00:00.483171
 - Worker 112 (1 tests) => 0:00:00.617662
 - Worker 113 (1 tests) => 0:00:00.715060
 - Worker 114 (1 tests) => 0:00:00.600613
 - Worker 115 (1 tests) => 0:00:00.675121
 - Worker 116 (1 tests) => 0:00:00.746888
 - Worker 117 (1 tests) => 0:00:00.562408
 - Worker 118 (1 tests) => 0:00:00.595496
 - Worker 119 (1 tests) => 0:00:00.543947
 - Worker 120 (1 tests) => 0:00:00.769533
 - Worker 121 (1 tests) => 0:00:00.660119
 - Worker 122 (1 tests) => 0:00:00.710487
 - Worker 123 (1 tests) => 0:00:00.599975
 - Worker 124 (1 tests) => 0:00:00.666554
 - Worker 125 (1 tests) => 0:00:00.631392
 - Worker 126 (1 tests) => 0:00:00.619221
 - Worker 127 (1 tests) => 0:00:00.694576
 - Worker 128 (1 tests) => 0:00:00.723290
 - Worker 129 (1 tests) => 0:00:00.513470
 - Worker 130 (1 tests) => 0:00:00.420237
 - Worker 131 (1 tests) => 0:00:00.380848
 - Worker 132 (1 tests) => 0:00:00.548685
 - Worker 133 (1 tests) => 0:00:00.525674
 - Worker 134 (1 tests) => 0:00:00.552474
 - Worker 135 (1 tests) => 0:00:00.589204
 - Worker 136 (1 tests) => 0:00:00.538199
 - Worker 137 (1 tests) => 0:00:00.520924
 - Worker 138 (1 tests) => 0:00:00.465026
 - Worker 139 (1 tests) => 0:00:00.735826
 - Worker 140 (1 tests) => 0:00:00.427075
 - Worker 141 (1 tests) => 0:00:00.723522
 - Worker 142 (1 tests) => 0:00:00.861660
 - Worker 143 (1 tests) => 0:00:00.524823
