2026-08-30 13:25:26.641 4099101 INFO migrate.versioning.api [-] 0 -> 1... [00m
2026-08-30 13:25:26.644 4099109 INFO migrate.versioning.api [-] 0 -> 1... [00m
2026-08-30 13:25:26.646 4099101 INFO migrate.versioning.api [-] done[00m
2026-08-30 13:25:26.646 4099101 INFO migrate.versioning.api [-] 1 -> 2... [00m
2026-08-30 13:25:26.648 4099094 INFO migrate.versioning.api [-] 0 -> 1... [00m
2026-08-30 13:25:26.649 4099109 INFO migrate.versioning.api [-] done[00m
2026-08-30 13:25:26.649 4099109 INFO migrate.versioning.api [-] 1 -> 2... [00m
2026-08-30 13:25:26.653 4099094 INFO migrate.versioning.api [-] done[00m
2026-08-30 13:25:26.653 4099094 INFO migrate.versioning.api [-] 1 -> 2... [00m
2026-08-30 13:25:26.653 4099101 INFO migrate.versioning.api [-] done[00m
2026-08-30 13:25:26.653 4099101 INFO migrate.versioning.api [-] 2 -> 3... [00m
2026-08-30 13:25:26.660 4099094 INFO migrate.versioning.api [-] done[00m
2026-08-30 13:25:26.660 4099094 INFO migrate.versioning.api [-] 2 -> 3... [00m
2026-08-30 13:25:26.703 4099109 INFO migrate.versioning.api [-] done[00m
2026-08-30 13:25:26.703 4099109 INFO migrate.versioning.api [-] 2 -> 3... [00m
2026-08-30 13:25:26.714 4099094 INFO migrate.versioning.api [-] done[00m
2026-08-30 13:25:26.714 4099094 INFO migrate.versioning.api [-] 3 -> 4... [00m
2026-08-30 13:25:26.714 4099101 INFO migrate.versioning.api [-] done[00m
2026-08-30 13:25:26.714 4099101 INFO migrate.versioning.api [-] 3 -> 4... [00m
2026-08-30 13:25:26.718 4099101 INFO migrate.versioning.api [-] done[00m
2026-08-30 13:25:26.719 4099101 INFO migrate.versioning.api [-] 4 -> 5... [00m
2026-08-30 13:25:26.721 4099094 INFO migrate.versioning.api [-] done[00m
2026-08-30 13:25:26.721 4099094 INFO migrate.versioning.api [-] 4 -> 5... [00m
2026-08-30 13:25:26.722 4099109 INFO migrate.versioning.api [-] done[00m
2026-08-30 13:25:26.722 4099109 INFO migrate.versioning.api [-] 3 -> 4... [00m
2026-08-30 13:25:26.731 4099101 INFO migrate.versioning.api [-] done[00m
2026-08-30 13:25:26.731 4099101 INFO migrate.versioning.api [-] 5 -> 6... [00m
2026-08-30 13:25:26.749 4099101 INFO masakari.engine.driver [-] Loading masakari notification driver 'taskflow_driver'[00m
2026-08-30 13:25:26.751 4099101 INFO migrate.versioning.api [-] done[00m
2026-08-30 13:25:26.751 4099101 INFO migrate.versioning.api [-] 6 -> 7... [00m
2026-08-30 13:25:26.752 4099109 INFO migrate.versioning.api [-] done[00m
2026-08-30 13:25:26.752 4099109 INFO migrate.versioning.api [-] 4 -> 5... [00m
2026-08-30 13:25:26.757 4099101 INFO migrate.versioning.api [-] done[00m
2026-08-30 13:25:26.760 4099094 INFO migrate.versioning.api [-] done[00m
2026-08-30 13:25:26.761 4099094 INFO migrate.versioning.api [-] 5 -> 6... [00m
2026-08-30 13:25:26.761 4099094 INFO masakari.engine.driver [-] Loading masakari notification driver 'taskflow_driver'[00m
2026-08-30 13:25:26.763 4099094 INFO migrate.versioning.api [-] done[00m
2026-08-30 13:25:26.763 4099094 INFO migrate.versioning.api [-] 6 -> 7... [00m
2026-08-30 13:25:26.765 4099109 INFO migrate.versioning.api [-] done[00m
2026-08-30 13:25:26.765 4099109 INFO migrate.versioning.api [-] 5 -> 6... [00m
2026-08-30 13:25:26.765 4099109 INFO masakari.engine.driver [-] Loading masakari notification driver 'taskflow_driver'[00m
2026-08-30 13:25:26.767 4099109 INFO migrate.versioning.api [-] done[00m
2026-08-30 13:25:26.767 4099109 INFO migrate.versioning.api [-] 6 -> 7... [00m
2026-08-30 13:25:26.768 4099094 INFO migrate.versioning.api [-] done[00m
2026-08-30 13:25:26.773 4099109 INFO migrate.versioning.api [-] done[00m
2026-08-30 13:25:26.783 4099101 INFO masakari.db.sqlalchemy.api [req-69cf0853-2c2b-4b03-b1d8-1b7cce3fcded - - - - -] Purging deleted rows older than 60 day(s) from table notifications[00m
2026-08-30 13:25:26.785 4099101 INFO masakari.db.sqlalchemy.api [req-69cf0853-2c2b-4b03-b1d8-1b7cce3fcded - - - - -] Deleted 2 row(s) from table notifications[00m
2026-08-30 13:25:26.785 4099101 INFO masakari.db.sqlalchemy.api [req-69cf0853-2c2b-4b03-b1d8-1b7cce3fcded - - - - -] Purging deleted rows older than 60 day(s) from table hosts[00m
2026-08-30 13:25:26.786 4099101 INFO masakari.db.sqlalchemy.api [req-69cf0853-2c2b-4b03-b1d8-1b7cce3fcded - - - - -] Deleted 1 row(s) from table hosts[00m
2026-08-30 13:25:26.786 4099101 INFO masakari.db.sqlalchemy.api [req-69cf0853-2c2b-4b03-b1d8-1b7cce3fcded - - - - -] Total deleted rows are 3[00m
{1} masakari.tests.unit.db.test_purge.PurgeDeletedTest.test_purge_maximum_rows_partial_deleted_records [0.184299s] ... ok
2026-08-30 13:25:26.795 4099094 INFO masakari.db.sqlalchemy.api [req-195720ab-8d9a-404d-afc0-443ef91ea00c - - - - -] Purging deleted rows older than 20 day(s) from table notifications[00m
2026-08-30 13:25:26.796 4099094 INFO masakari.db.sqlalchemy.api [req-195720ab-8d9a-404d-afc0-443ef91ea00c - - - - -] Deleted 4 row(s) from table notifications[00m
2026-08-30 13:25:26.796 4099094 INFO masakari.db.sqlalchemy.api [req-195720ab-8d9a-404d-afc0-443ef91ea00c - - - - -] Purging deleted rows older than 20 day(s) from table hosts[00m
2026-08-30 13:25:26.797 4099094 INFO masakari.db.sqlalchemy.api [req-195720ab-8d9a-404d-afc0-443ef91ea00c - - - - -] Deleted 4 row(s) from table hosts[00m
2026-08-30 13:25:26.797 4099094 INFO masakari.db.sqlalchemy.api [req-195720ab-8d9a-404d-afc0-443ef91ea00c - - - - -] Purging deleted rows older than 20 day(s) from table failover_segments[00m
2026-08-30 13:25:26.798 4099094 INFO masakari.db.sqlalchemy.api [req-195720ab-8d9a-404d-afc0-443ef91ea00c - - - - -] Deleted 4 row(s) from table failover_segments[00m
2026-08-30 13:25:26.798 4099094 INFO masakari.db.sqlalchemy.api [req-195720ab-8d9a-404d-afc0-443ef91ea00c - - - - -] Total deleted rows are 12[00m
{0} masakari.tests.unit.db.test_purge.PurgeDeletedTest.test_purge_all_deleted_rows [0.189617s] ... ok
2026-08-30 13:25:26.799 4099109 INFO masakari.db.sqlalchemy.api [req-a53378a9-8eac-4508-89f6-15c1ca99b5f0 - - - - -] Purging deleted rows older than 30 day(s) from table notifications[00m
2026-08-30 13:25:26.801 4099109 INFO masakari.db.sqlalchemy.api [req-a53378a9-8eac-4508-89f6-15c1ca99b5f0 - - - - -] Deleted 2 row(s) from table notifications[00m
2026-08-30 13:25:26.801 4099109 INFO masakari.db.sqlalchemy.api [req-a53378a9-8eac-4508-89f6-15c1ca99b5f0 - - - - -] Purging deleted rows older than 30 day(s) from table hosts[00m
2026-08-30 13:25:26.802 4099109 INFO masakari.db.sqlalchemy.api [req-a53378a9-8eac-4508-89f6-15c1ca99b5f0 - - - - -] Deleted 2 row(s) from table hosts[00m
2026-08-30 13:25:26.802 4099109 INFO masakari.db.sqlalchemy.api [req-a53378a9-8eac-4508-89f6-15c1ca99b5f0 - - - - -] Purging deleted rows older than 30 day(s) from table failover_segments[00m
2026-08-30 13:25:26.803 4099109 INFO masakari.db.sqlalchemy.api [req-a53378a9-8eac-4508-89f6-15c1ca99b5f0 - - - - -] Deleted 2 row(s) from table failover_segments[00m
2026-08-30 13:25:26.803 4099109 INFO masakari.db.sqlalchemy.api [req-a53378a9-8eac-4508-89f6-15c1ca99b5f0 - - - - -] Total deleted rows are 6[00m
{2} masakari.tests.unit.db.test_purge.PurgeDeletedTest.test_purge_deleted_rows_old [0.233538s] ... ok
[93mReadline features including tab completion have been disabled because
no supported version of readline was found. To resolve this, install
pyreadline on Windows or gnureadline on Mac.

[39m
======
Totals
======
Ran: 3 tests in 0.2370 sec.
 - Passed: 3
 - Skipped: 0
 - Expected Fail: 0
 - Unexpected Success: 0
 - Failed: 0
Sum of execute time for each test: 0.6075 sec.

==============
Worker Balance
==============
 - Worker 0 (1 tests) => 0:00:00.189617
 - Worker 1 (1 tests) => 0:00:00.184299
 - Worker 2 (1 tests) => 0:00:00.233538
