[INFO] Scanning for projects...
[INFO] 
[INFO] -------------------------< com.equinor:neqsim >-------------------------
[INFO] Building neqsim 2.3.3
[INFO]   from pom.xml
[INFO] --------------------------------[ jar ]---------------------------------
[INFO] Artifact org.apache.commons:commons-parent:pom:39 is present in the local repository, but cached from a remote repository ID that is unavailable in current build context, verifying that is downloadable from [local-seed (file:///home/zhihao/.m2/repository, default, releases+snapshots), central (https://repo1.maven.org/maven2/, default, releases+snapshots)]
[INFO] Artifact org.apache.commons:commons-parent:pom:39 is present in the local repository, but cached from a remote repository ID that is unavailable in current build context, verifying that is downloadable from [local-seed (file:///home/zhihao/.m2/repository, default, releases+snapshots), central (https://repo1.maven.org/maven2/, default, releases+snapshots)]
[INFO] Artifact org.apache:apache:pom:16 is present in the local repository, but cached from a remote repository ID that is unavailable in current build context, verifying that is downloadable from [local-seed (file:///home/zhihao/.m2/repository, default, releases+snapshots), central (https://repo1.maven.org/maven2/, default, releases+snapshots)]
[INFO] Artifact org.apache:apache:pom:16 is present in the local repository, but cached from a remote repository ID that is unavailable in current build context, verifying that is downloadable from [local-seed (file:///home/zhihao/.m2/repository, default, releases+snapshots), central (https://repo1.maven.org/maven2/, default, releases+snapshots)]
[INFO] Artifact org.sonatype.oss:oss-parent:pom:7 is present in the local repository, but cached from a remote repository ID that is unavailable in current build context, verifying that is downloadable from [local-seed (file:///home/zhihao/.m2/repository, default, releases+snapshots), central (https://repo1.maven.org/maven2/, default, releases+snapshots), sonatype-snapshots (https://oss.sonatype.org/content/repositories/snapshots/, default, snapshots), sonatype-releases (https://oss.sonatype.org/content/repositories/releases/, default, releases)]
[INFO] Artifact org.sonatype.oss:oss-parent:pom:7 is present in the local repository, but cached from a remote repository ID that is unavailable in current build context, verifying that is downloadable from [local-seed (file:///home/zhihao/.m2/repository, default, releases+snapshots), central (https://repo1.maven.org/maven2/, default, releases+snapshots), sonatype-snapshots (https://oss.sonatype.org/content/repositories/snapshots/, default, snapshots), sonatype-releases (https://oss.sonatype.org/content/repositories/releases/, default, releases)]
[INFO] 
[INFO] --- dependency:3.7.0:tree (default-cli) @ neqsim ---
[INFO] com.equinor:neqsim:jar:2.3.3
[INFO] +- org.apache.logging.log4j:log4j-api:jar:2.17.1:compile
[INFO] \- org.apache.logging.log4j:log4j-core:jar:2.17.1:compile
[INFO] ------------------------------------------------------------------------
[INFO] BUILD SUCCESS
[INFO] ------------------------------------------------------------------------
[INFO] Total time:  40.408 s
[INFO] Finished at: 2026-08-25T02:28:03+08:00
[INFO] ------------------------------------------------------------------------
