/home/zhihao/hdd/marshal/.work/rebuild_936100_936159/case-output-v2/replay-work/formal-opendev-936100--target-936159/target-a1/.tox/py3/lib/python3.10/site-packages/oslo_i18n/_message.py:173: UserWarning: Failed to insert replacement values into translated message Invalid input for operation: %(error_message)s. (Original: 'Invalid input for operation: %(error_message)s.'): 'error_message'
  warnings.warn(msg % (translated_message, self.msgid, err))
/home/zhihao/hdd/marshal/.work/rebuild_936100_936159/case-output-v2/replay-work/formal-opendev-936100--target-936159/target-a1/.tox/py3/lib/python3.10/site-packages/oslo_i18n/_message.py:173: UserWarning: Failed to insert replacement values into translated message Invalid input for operation: %(error_message)s. (Original: 'Invalid input for operation: %(error_message)s.'): 'error_message'
  warnings.warn(msg % (translated_message, self.msgid, err))
{40} heat.tests.constraints.test_common_constraints.DNSNameConstraintTest.test_validation_none [0.488122s] ... ok
{15} heat.tests.constraints.test_common_constraints.TestCIDRConstraint.test_valid_cidr_format [0.521025s] ... ok
{12} heat.tests.constraints.test_common_constraints.DNSNameConstraintTest.test_validation_error_empty_component [0.631402s] ... ok
{29} heat.tests.constraints.test_common_constraints.TestIPConstraint.test_invalidate_ipv4_format [0.423901s] ... ok
{3} heat.tests.constraints.test_common_constraints.FIPDNSNameConstraintTest.test_validation [0.580644s] ... ok
{35} heat.tests.constraints.test_common_constraints.DNSDomainConstraintTest.test_validation_none [0.529482s] ... ok
{0} heat.tests.constraints.test_common_constraints.TestISO8601Constraint.test_validate_datetime_format_with_utc_offset_alternate [0.609092s] ... ok
{9} heat.tests.constraints.test_common_constraints.TestIPCIDRConstraint.test_validate [0.665269s] ... ok
{33} heat.tests.constraints.test_common_constraints.TestISO8601Constraint.test_validate_datetime_format [0.437903s] ... ok
{6} heat.tests.constraints.test_common_constraints.TestISO8601Constraint.test_validate_refuses_other_formats [0.653264s] ... ok
{42} heat.tests.constraints.test_common_constraints.DNSNameConstraintTest.test_validation [0.520025s] ... ok
{5} heat.tests.constraints.test_common_constraints.TestIPConstraint.test_invalidate_ipv6_format [0.656718s] ... ok
{14} heat.tests.constraints.test_common_constraints.TestCIDRConstraint.test_invalid_cidr_format [0.522849s] ... ok
{18} heat.tests.constraints.test_common_constraints.ExpirationConstraintTest.test_validation_before_current_time [0.540754s] ... ok
{31} heat.tests.constraints.test_common_constraints.TestIPConstraint.test_validate_ipv4_format [0.517279s] ... ok
{36} heat.tests.constraints.test_common_constraints.ExpirationConstraintTest.test_validation_error [0.400550s] ... ok
{4} heat.tests.constraints.test_common_constraints.FIPDNSNameConstraintTest.test_validation_error_end_period [0.633469s] ... ok
{24} heat.tests.constraints.test_common_constraints.CRONExpressionConstraint.test_validation [0.562717s] ... ok
{7} heat.tests.constraints.test_common_constraints.CRONExpressionConstraint.test_validation_out_of_range_error [0.562366s] ... ok
{23} heat.tests.constraints.test_common_constraints.TestIPConstraint.test_validate_ipv6_format [0.582113s] ... ok
{37} heat.tests.constraints.test_common_constraints.DNSDomainConstraintTest.test_validation [0.563138s] ... ok
{10} heat.tests.constraints.test_common_constraints.DNSNameConstraintTest.test_validation_error_hyphen [0.523979s] ... ok
{22} heat.tests.constraints.test_common_constraints.TestIPCIDRConstraint.test_invalid_format [0.521118s] ... ok
{20} heat.tests.constraints.test_common_constraints.ExpirationConstraintTest.test_validation_none [0.580903s] ... ok
{25} heat.tests.constraints.test_common_constraints.TimezoneConstraintTest.test_validation [0.592467s] ... ok
{11} heat.tests.constraints.test_common_constraints.TestISO8601Constraint.test_validate_date_format [0.672227s] ... ok
{17} heat.tests.constraints.test_common_constraints.TimezoneConstraintTest.test_validation_none [0.628621s] ... ok
{39} heat.tests.constraints.test_common_constraints.DNSDomainConstraintTest.test_validation_error_no_end_period [0.515844s] ... ok
{28} heat.tests.constraints.test_common_constraints.DNSNameConstraintTest.test_validation_error_special_char [0.489991s] ... ok
{2} heat.tests.constraints.test_common_constraints.TestISO8601Constraint.test_validate_datetime_format_with_utc_offset [0.517795s] ... ok
{21} heat.tests.constraints.test_common_constraints.TimezoneConstraintTest.test_validation_error [0.501459s] ... ok
{1} heat.tests.constraints.test_common_constraints.JsonStringConstraintTest.test_validation_error [0.632323s] ... ok
{26} heat.tests.constraints.test_common_constraints.FIPDNSNameConstraintTest.test_validation_none [0.540525s] ... ok
{13} heat.tests.constraints.test_common_constraints.TestMACConstraint.test_valid_mac_format [0.531232s] ... ok
{34} heat.tests.constraints.test_common_constraints.TestCIDRConstraint.test_validate [0.489015s] ... ok
{8} heat.tests.constraints.test_common_constraints.JsonStringConstraintTest.test_validate_json [0.680050s] ... ok
{30} heat.tests.constraints.test_common_constraints.CRONExpressionConstraint.test_validation_none [0.575878s] ... ok
{32} heat.tests.constraints.test_common_constraints.TestIPCIDRConstraint.test_valid_format [0.414796s] ... ok
{41} heat.tests.constraints.test_common_constraints.JsonStringConstraintTest.test_validation_none [0.547924s] ... ok
{19} heat.tests.constraints.test_common_constraints.CRONExpressionConstraint.test_validation_columns_length_error [0.606000s] ... FAILED

Captured traceback:
~~~~~~~~~~~~~~~~~~~
    Traceback (most recent call last):

      File "/home/zhihao/hdd/marshal/.work/rebuild_936100_936159/case-output-v2/replay-work/formal-opendev-936100--target-936159/target-a1/heat/tests/constraints/test_common_constraints.py", line 272, in test_validation_columns_length_error
    self.assertIn(expect,

      File "/home/zhihao/hdd/marshal/.work/rebuild_936100_936159/case-output-v2/replay-work/formal-opendev-936100--target-936159/target-a1/.tox/py3/lib/python3.10/site-packages/testtools/testcase.py", line 425, in assertIn
    self.assertThat(haystack, Contains(needle), message)

      File "/home/zhihao/hdd/marshal/.work/rebuild_936100_936159/case-output-v2/replay-work/formal-opendev-936100--target-936159/target-a1/.tox/py3/lib/python3.10/site-packages/testtools/testcase.py", line 509, in assertThat
    raise mismatch_error

    testtools.matchers._impl.MismatchError: 'Invalid CRON expression: Exactly 5 or 6 columns has to be specified for ' not in 'Invalid CRON expression: Exactly 5, 6 or 7 columns has to be specified for iterator expression.'

{16} heat.tests.constraints.test_common_constraints.TestMACConstraint.test_invalid_mac_format [0.615353s] ... ok
{38} heat.tests.constraints.test_common_constraints.ExpirationConstraintTest.test_validate_date_format [0.558750s] ... ok
{27} heat.tests.constraints.test_common_constraints.DNSNameConstraintTest.test_validation_error_tld_allnumeric [0.584012s] ... ok

==============================
Failed 1 tests - output below:
==============================

heat.tests.constraints.test_common_constraints.CRONExpressionConstraint.test_validation_columns_length_error
------------------------------------------------------------------------------------------------------------

Captured traceback:
~~~~~~~~~~~~~~~~~~~
    Traceback (most recent call last):

      File "/home/zhihao/hdd/marshal/.work/rebuild_936100_936159/case-output-v2/replay-work/formal-opendev-936100--target-936159/target-a1/heat/tests/constraints/test_common_constraints.py", line 272, in test_validation_columns_length_error
    self.assertIn(expect,

      File "/home/zhihao/hdd/marshal/.work/rebuild_936100_936159/case-output-v2/replay-work/formal-opendev-936100--target-936159/target-a1/.tox/py3/lib/python3.10/site-packages/testtools/testcase.py", line 425, in assertIn
    self.assertThat(haystack, Contains(needle), message)

      File "/home/zhihao/hdd/marshal/.work/rebuild_936100_936159/case-output-v2/replay-work/formal-opendev-936100--target-936159/target-a1/.tox/py3/lib/python3.10/site-packages/testtools/testcase.py", line 509, in assertThat
    raise mismatch_error

    testtools.matchers._impl.MismatchError: 'Invalid CRON expression: Exactly 5 or 6 columns has to be specified for ' not in 'Invalid CRON expression: Exactly 5, 6 or 7 columns has to be specified for iterator expression.'



======
Totals
======
Ran: 43 tests in 0.6986 sec.
 - Passed: 42
 - Skipped: 0
 - Expected Fail: 0
 - Unexpected Success: 0
 - Failed: 1
Sum of execute time for each test: 23.9223 sec.

==============
Worker Balance
==============
 - Worker 0 (1 tests) => 0:00:00.609092
 - Worker 1 (1 tests) => 0:00:00.632323
 - Worker 2 (1 tests) => 0:00:00.517795
 - Worker 3 (1 tests) => 0:00:00.580644
 - Worker 4 (1 tests) => 0:00:00.633469
 - Worker 5 (1 tests) => 0:00:00.656718
 - Worker 6 (1 tests) => 0:00:00.653264
 - Worker 7 (1 tests) => 0:00:00.562366
 - Worker 8 (1 tests) => 0:00:00.680050
 - Worker 9 (1 tests) => 0:00:00.665269
 - Worker 10 (1 tests) => 0:00:00.523979
 - Worker 11 (1 tests) => 0:00:00.672227
 - Worker 12 (1 tests) => 0:00:00.631402
 - Worker 13 (1 tests) => 0:00:00.531232
 - Worker 14 (1 tests) => 0:00:00.522849
 - Worker 15 (1 tests) => 0:00:00.521025
 - Worker 16 (1 tests) => 0:00:00.615353
 - Worker 17 (1 tests) => 0:00:00.628621
 - Worker 18 (1 tests) => 0:00:00.540754
 - Worker 19 (1 tests) => 0:00:00.606000
 - Worker 20 (1 tests) => 0:00:00.580903
 - Worker 21 (1 tests) => 0:00:00.501459
 - Worker 22 (1 tests) => 0:00:00.521118
 - Worker 23 (1 tests) => 0:00:00.582113
 - Worker 24 (1 tests) => 0:00:00.562717
 - Worker 25 (1 tests) => 0:00:00.592467
 - Worker 26 (1 tests) => 0:00:00.540525
 - Worker 27 (1 tests) => 0:00:00.584012
 - Worker 28 (1 tests) => 0:00:00.489991
 - Worker 29 (1 tests) => 0:00:00.423901
 - Worker 30 (1 tests) => 0:00:00.575878
 - Worker 31 (1 tests) => 0:00:00.517279
 - Worker 32 (1 tests) => 0:00:00.414796
 - Worker 33 (1 tests) => 0:00:00.437903
 - Worker 34 (1 tests) => 0:00:00.489015
 - Worker 35 (1 tests) => 0:00:00.529482
 - Worker 36 (1 tests) => 0:00:00.400550
 - Worker 37 (1 tests) => 0:00:00.563138
 - Worker 38 (1 tests) => 0:00:00.558750
 - Worker 39 (1 tests) => 0:00:00.515844
 - Worker 40 (1 tests) => 0:00:00.488122
 - Worker 41 (1 tests) => 0:00:00.547924
 - Worker 42 (1 tests) => 0:00:00.520025
