Modules with known eventlet monkey patching issues were imported prior to eventlet monkey patching: oslo_context.context, urllib3. This warning can usually be ignored if the caller is only importing and not executing nova code.
Modules with known eventlet monkey patching issues were imported prior to eventlet monkey patching: urllib3, oslo_context.context. This warning can usually be ignored if the caller is only importing and not executing nova code.
Modules with known eventlet monkey patching issues were imported prior to eventlet monkey patching: oslo_context.context, urllib3. This warning can usually be ignored if the caller is only importing and not executing nova code.
Modules with known eventlet monkey patching issues were imported prior to eventlet monkey patching: oslo_context.context, urllib3. This warning can usually be ignored if the caller is only importing and not executing nova code.
Modules with known eventlet monkey patching issues were imported prior to eventlet monkey patching: oslo_context.context, urllib3. This warning can usually be ignored if the caller is only importing and not executing nova code.
Modules with known eventlet monkey patching issues were imported prior to eventlet monkey patching: oslo_context.context, urllib3. This warning can usually be ignored if the caller is only importing and not executing nova code.
Modules with known eventlet monkey patching issues were imported prior to eventlet monkey patching: urllib3, oslo_context.context. This warning can usually be ignored if the caller is only importing and not executing nova code.
2026-08-27 03:32:46.900 3468412 INFO oslo_service.periodic_task [req-6e14d114-9b76-45b2-920f-a5d7d48ab59e fake_user 6a6a9c9eee154e9cb8cec487b98d36ab - - -] Skipping periodic task _discover_hosts_in_cells because its interval is negative[00m
2026-08-27 03:32:46.900 3468414 INFO oslo_service.periodic_task [req-5f249261-8522-42cd-8b17-1b291b6d7ccd fake_user 6a6a9c9eee154e9cb8cec487b98d36ab - - -] Skipping periodic task _discover_hosts_in_cells because its interval is negative[00m
2026-08-27 03:32:46.905 3468409 INFO oslo_service.periodic_task [req-d4df72c1-fac3-4474-b29b-4d369ba697c8 fake_user 6a6a9c9eee154e9cb8cec487b98d36ab - - -] Skipping periodic task _discover_hosts_in_cells because its interval is negative[00m
2026-08-27 03:32:46.907 3468410 INFO oslo_service.periodic_task [req-26eee4ce-d1c9-4d5d-a09d-af27d4e257ff fake_user 6a6a9c9eee154e9cb8cec487b98d36ab - - -] Skipping periodic task _discover_hosts_in_cells because its interval is negative[00m
2026-08-27 03:32:46.906 3468411 INFO oslo_service.periodic_task [req-9ed90d94-5136-4f87-a4a7-27244bdd6ce5 fake_user 6a6a9c9eee154e9cb8cec487b98d36ab - - -] Skipping periodic task _discover_hosts_in_cells because its interval is negative[00m
2026-08-27 03:32:46.907 3468413 INFO oslo_service.periodic_task [req-9549194e-6c6a-4280-ab61-d33c4713a4fc fake_user 6a6a9c9eee154e9cb8cec487b98d36ab - - -] Skipping periodic task _discover_hosts_in_cells because its interval is negative[00m
2026-08-27 03:32:46.922 3468414 ERROR stevedore.extension [req-5f249261-8522-42cd-8b17-1b291b6d7ccd fake_user 6a6a9c9eee154e9cb8cec487b98d36ab - - -] Could not load 'oslo_cache.etcd3gw': No module named 'etcd3gw': ModuleNotFoundError: No module named 'etcd3gw'[00m
2026-08-27 03:32:46.923 3468414 ERROR stevedore.extension [req-5f249261-8522-42cd-8b17-1b291b6d7ccd fake_user 6a6a9c9eee154e9cb8cec487b98d36ab - - -] Could not load 'oslo_cache.memcache_pool': No module named 'memcache': ModuleNotFoundError: No module named 'memcache'[00m
2026-08-27 03:32:46.922 3468412 ERROR stevedore.extension [req-6e14d114-9b76-45b2-920f-a5d7d48ab59e fake_user 6a6a9c9eee154e9cb8cec487b98d36ab - - -] Could not load 'oslo_cache.etcd3gw': No module named 'etcd3gw': ModuleNotFoundError: No module named 'etcd3gw'[00m
2026-08-27 03:32:46.923 3468412 ERROR stevedore.extension [req-6e14d114-9b76-45b2-920f-a5d7d48ab59e fake_user 6a6a9c9eee154e9cb8cec487b98d36ab - - -] Could not load 'oslo_cache.memcache_pool': No module named 'memcache': ModuleNotFoundError: No module named 'memcache'[00m
2026-08-27 03:32:46.929 3468413 ERROR stevedore.extension [req-9549194e-6c6a-4280-ab61-d33c4713a4fc fake_user 6a6a9c9eee154e9cb8cec487b98d36ab - - -] Could not load 'oslo_cache.etcd3gw': No module named 'etcd3gw': ModuleNotFoundError: No module named 'etcd3gw'[00m
2026-08-27 03:32:46.931 3468413 ERROR stevedore.extension [req-9549194e-6c6a-4280-ab61-d33c4713a4fc fake_user 6a6a9c9eee154e9cb8cec487b98d36ab - - -] Could not load 'oslo_cache.memcache_pool': No module named 'memcache': ModuleNotFoundError: No module named 'memcache'[00m
2026-08-27 03:32:46.927 3468409 ERROR stevedore.extension [req-d4df72c1-fac3-4474-b29b-4d369ba697c8 fake_user 6a6a9c9eee154e9cb8cec487b98d36ab - - -] Could not load 'oslo_cache.etcd3gw': No module named 'etcd3gw': ModuleNotFoundError: No module named 'etcd3gw'[00m
2026-08-27 03:32:46.929 3468409 ERROR stevedore.extension [req-d4df72c1-fac3-4474-b29b-4d369ba697c8 fake_user 6a6a9c9eee154e9cb8cec487b98d36ab - - -] Could not load 'oslo_cache.memcache_pool': No module named 'memcache': ModuleNotFoundError: No module named 'memcache'[00m
2026-08-27 03:32:46.929 3468410 ERROR stevedore.extension [req-26eee4ce-d1c9-4d5d-a09d-af27d4e257ff fake_user 6a6a9c9eee154e9cb8cec487b98d36ab - - -] Could not load 'oslo_cache.etcd3gw': No module named 'etcd3gw': ModuleNotFoundError: No module named 'etcd3gw'[00m
2026-08-27 03:32:46.930 3468410 ERROR stevedore.extension [req-26eee4ce-d1c9-4d5d-a09d-af27d4e257ff fake_user 6a6a9c9eee154e9cb8cec487b98d36ab - - -] Could not load 'oslo_cache.memcache_pool': No module named 'memcache': ModuleNotFoundError: No module named 'memcache'[00m
2026-08-27 03:32:46.929 3468411 ERROR stevedore.extension [req-9ed90d94-5136-4f87-a4a7-27244bdd6ce5 fake_user 6a6a9c9eee154e9cb8cec487b98d36ab - - -] Could not load 'oslo_cache.etcd3gw': No module named 'etcd3gw': ModuleNotFoundError: No module named 'etcd3gw'[00m
2026-08-27 03:32:46.930 3468411 ERROR stevedore.extension [req-9ed90d94-5136-4f87-a4a7-27244bdd6ce5 fake_user 6a6a9c9eee154e9cb8cec487b98d36ab - - -] Could not load 'oslo_cache.memcache_pool': No module named 'memcache': ModuleNotFoundError: No module named 'memcache'[00m
{3} nova.tests.unit.cmd.test_manage.CellV2CommandsTestCase.test_map_cell0_default_database_special_characters_4_mysql_pymysql___nova_abcd0123_AB_controller__s [0.873928s] ... FAILED

Captured traceback:
~~~~~~~~~~~~~~~~~~~
    Traceback (most recent call last):

      File "/home/zhihao/hdd/marshal/benchmarks/cross-repo-pr-impact/results/single-case-pipeline-788339-788471-v1-2026-08-27/replay-work/formal-opendev-788339--target-788471/target-a1/.tox/py3/lib/python3.8/site-packages/ddt.py", line 182, in wrapper
    return func(self, *args, **kwargs)

      File "/home/zhihao/hdd/marshal/benchmarks/cross-repo-pr-impact/results/single-case-pipeline-788339-788471-v1-2026-08-27/replay-work/formal-opendev-788339--target-788471/target-a1/nova/tests/unit/cmd/test_manage.py", line 1250, in test_map_cell0_default_database_special_characters
    self.commands.map_cell0()

      File "/home/zhihao/hdd/marshal/benchmarks/cross-repo-pr-impact/results/single-case-pipeline-788339-788471-v1-2026-08-27/replay-work/formal-opendev-788339--target-788471/target-a1/nova/cmd/manage.py", line 687, in map_cell0
    self._map_cell0(database_connection=database_connection)

      File "/home/zhihao/hdd/marshal/benchmarks/cross-repo-pr-impact/results/single-case-pipeline-788339-788471-v1-2026-08-27/replay-work/formal-opendev-788339--target-788471/target-a1/nova/cmd/manage.py", line 712, in _map_cell0
    dbc = database_connection or cell0_default_connection()

      File "/home/zhihao/hdd/marshal/benchmarks/cross-repo-pr-impact/results/single-case-pipeline-788339-788471-v1-2026-08-27/replay-work/formal-opendev-788339--target-788471/target-a1/nova/cmd/manage.py", line 709, in cell0_default_connection
    url.database = url.database + '_cell0'

    AttributeError: can't set attribute


Captured pythonlogging:
~~~~~~~~~~~~~~~~~~~~~~~
    2026-08-27 03:32:47,806 WARNING [oslo_policy.policy] JSON formatted policy_file support is deprecated since Victoria release. You need to use YAML format which will be default in future. You can use ``oslopolicy-convert-json-to-yaml`` tool to convert existing JSON-formatted policy file to YAML-formatted in backward compatible way: https://docs.openstack.org/oslo.policy/latest/cli/oslopolicy-convert-json-to-yaml.html.
2026-08-27 03:32:47,807 WARNING [oslo_policy.policy] JSON formatted policy_file support is deprecated since Victoria release. You need to use YAML format which will be default in future. You can use ``oslopolicy-convert-json-to-yaml`` tool to convert existing JSON-formatted policy file to YAML-formatted in backward compatible way: https://docs.openstack.org/oslo.policy/latest/cli/oslopolicy-convert-json-to-yaml.html.
2026-08-27 03:32:47,808 WARNING [oslo_policy.policy] Policy Rules ['os_compute_api:extensions', 'os_compute_api:os-floating-ip-pools', 'os_compute_api:os-quota-sets:defaults', 'os_compute_api:os-availability-zone:list', 'os_compute_api:limits', 'system_admin_api', 'system_reader_api', 'project_admin_api', 'project_member_api', 'project_reader_api', 'system_admin_or_owner', 'system_or_project_reader', 'os_compute_api:limits:other_project', 'os_compute_api:os-lock-server:unlock:unlock_override', 'os_compute_api:servers:create:zero_disk_flavor', 'compute:servers:resize:cross_cell'] specified in policy files are the same as the defaults provided by the service. You can remove these rules from policy files which will make maintenance easier. You can detect these redundant rules by ``oslopolicy-list-redundant`` tool also.

/home/zhihao/hdd/marshal/benchmarks/cross-repo-pr-impact/results/single-case-pipeline-788339-788471-v1-2026-08-27/replay-work/formal-opendev-788339--target-788471/target-a1/.tox/py3/lib/python3.8/site-packages/migrate/versioning/schema.py:182: SADeprecationWarning: The Table.exists() method is deprecated and will be removed in a future release.  Please refer to Inspector.has_table(). (deprecated since: 1.4)
  if not table.exists():
/home/zhihao/hdd/marshal/benchmarks/cross-repo-pr-impact/results/single-case-pipeline-788339-788471-v1-2026-08-27/replay-work/formal-opendev-788339--target-788471/target-a1/nova/db/sqlalchemy/migrate_repo/versions/402_train.py:113: SADeprecationWarning: The Column.copy() method is deprecated and will be removed in a future release. (deprecated since: 1.4)
  column_copy = column.copy()
{2} nova.tests.unit.cmd.test_manage.CellV2CommandsTestCase.test_map_cell0_default_database [0.892825s] ... FAILED

Captured traceback:
~~~~~~~~~~~~~~~~~~~
    Traceback (most recent call last):

      File "/home/zhihao/hdd/marshal/benchmarks/cross-repo-pr-impact/results/single-case-pipeline-788339-788471-v1-2026-08-27/replay-work/formal-opendev-788339--target-788471/target-a1/nova/tests/unit/cmd/test_manage.py", line 1229, in test_map_cell0_default_database
    self.commands.map_cell0()

      File "/home/zhihao/hdd/marshal/benchmarks/cross-repo-pr-impact/results/single-case-pipeline-788339-788471-v1-2026-08-27/replay-work/formal-opendev-788339--target-788471/target-a1/nova/cmd/manage.py", line 687, in map_cell0
    self._map_cell0(database_connection=database_connection)

      File "/home/zhihao/hdd/marshal/benchmarks/cross-repo-pr-impact/results/single-case-pipeline-788339-788471-v1-2026-08-27/replay-work/formal-opendev-788339--target-788471/target-a1/nova/cmd/manage.py", line 712, in _map_cell0
    dbc = database_connection or cell0_default_connection()

      File "/home/zhihao/hdd/marshal/benchmarks/cross-repo-pr-impact/results/single-case-pipeline-788339-788471-v1-2026-08-27/replay-work/formal-opendev-788339--target-788471/target-a1/nova/cmd/manage.py", line 709, in cell0_default_connection
    url.database = url.database + '_cell0'

    AttributeError: can't set attribute


Captured pythonlogging:
~~~~~~~~~~~~~~~~~~~~~~~
    2026-08-27 03:32:47,818 WARNING [oslo_policy.policy] JSON formatted policy_file support is deprecated since Victoria release. You need to use YAML format which will be default in future. You can use ``oslopolicy-convert-json-to-yaml`` tool to convert existing JSON-formatted policy file to YAML-formatted in backward compatible way: https://docs.openstack.org/oslo.policy/latest/cli/oslopolicy-convert-json-to-yaml.html.
2026-08-27 03:32:47,818 WARNING [oslo_policy.policy] JSON formatted policy_file support is deprecated since Victoria release. You need to use YAML format which will be default in future. You can use ``oslopolicy-convert-json-to-yaml`` tool to convert existing JSON-formatted policy file to YAML-formatted in backward compatible way: https://docs.openstack.org/oslo.policy/latest/cli/oslopolicy-convert-json-to-yaml.html.
2026-08-27 03:32:47,819 WARNING [oslo_policy.policy] Policy Rules ['os_compute_api:extensions', 'os_compute_api:os-floating-ip-pools', 'os_compute_api:os-quota-sets:defaults', 'os_compute_api:os-availability-zone:list', 'os_compute_api:limits', 'system_admin_api', 'system_reader_api', 'project_admin_api', 'project_member_api', 'project_reader_api', 'system_admin_or_owner', 'system_or_project_reader', 'os_compute_api:limits:other_project', 'os_compute_api:os-lock-server:unlock:unlock_override', 'os_compute_api:servers:create:zero_disk_flavor', 'compute:servers:resize:cross_cell'] specified in policy files are the same as the defaults provided by the service. You can remove these rules from policy files which will make maintenance easier. You can detect these redundant rules by ``oslopolicy-list-redundant`` tool also.

{5} nova.tests.unit.cmd.test_manage.CellV2CommandsTestCase.test_map_cell0_default_database_special_characters_3_mysql_pymysql___nova_abcd0123_AB_controller__s [0.833245s] ... FAILED

Captured traceback:
~~~~~~~~~~~~~~~~~~~
    Traceback (most recent call last):

      File "/home/zhihao/hdd/marshal/benchmarks/cross-repo-pr-impact/results/single-case-pipeline-788339-788471-v1-2026-08-27/replay-work/formal-opendev-788339--target-788471/target-a1/.tox/py3/lib/python3.8/site-packages/ddt.py", line 182, in wrapper
    return func(self, *args, **kwargs)

      File "/home/zhihao/hdd/marshal/benchmarks/cross-repo-pr-impact/results/single-case-pipeline-788339-788471-v1-2026-08-27/replay-work/formal-opendev-788339--target-788471/target-a1/nova/tests/unit/cmd/test_manage.py", line 1250, in test_map_cell0_default_database_special_characters
    self.commands.map_cell0()

      File "/home/zhihao/hdd/marshal/benchmarks/cross-repo-pr-impact/results/single-case-pipeline-788339-788471-v1-2026-08-27/replay-work/formal-opendev-788339--target-788471/target-a1/nova/cmd/manage.py", line 687, in map_cell0
    self._map_cell0(database_connection=database_connection)

      File "/home/zhihao/hdd/marshal/benchmarks/cross-repo-pr-impact/results/single-case-pipeline-788339-788471-v1-2026-08-27/replay-work/formal-opendev-788339--target-788471/target-a1/nova/cmd/manage.py", line 712, in _map_cell0
    dbc = database_connection or cell0_default_connection()

      File "/home/zhihao/hdd/marshal/benchmarks/cross-repo-pr-impact/results/single-case-pipeline-788339-788471-v1-2026-08-27/replay-work/formal-opendev-788339--target-788471/target-a1/nova/cmd/manage.py", line 709, in cell0_default_connection
    url.database = url.database + '_cell0'

    AttributeError: can't set attribute


Captured pythonlogging:
~~~~~~~~~~~~~~~~~~~~~~~
    2026-08-27 03:32:47,884 WARNING [oslo_policy.policy] JSON formatted policy_file support is deprecated since Victoria release. You need to use YAML format which will be default in future. You can use ``oslopolicy-convert-json-to-yaml`` tool to convert existing JSON-formatted policy file to YAML-formatted in backward compatible way: https://docs.openstack.org/oslo.policy/latest/cli/oslopolicy-convert-json-to-yaml.html.
2026-08-27 03:32:47,885 WARNING [oslo_policy.policy] JSON formatted policy_file support is deprecated since Victoria release. You need to use YAML format which will be default in future. You can use ``oslopolicy-convert-json-to-yaml`` tool to convert existing JSON-formatted policy file to YAML-formatted in backward compatible way: https://docs.openstack.org/oslo.policy/latest/cli/oslopolicy-convert-json-to-yaml.html.
2026-08-27 03:32:47,886 WARNING [oslo_policy.policy] Policy Rules ['os_compute_api:extensions', 'os_compute_api:os-floating-ip-pools', 'os_compute_api:os-quota-sets:defaults', 'os_compute_api:os-availability-zone:list', 'os_compute_api:limits', 'system_admin_api', 'system_reader_api', 'project_admin_api', 'project_member_api', 'project_reader_api', 'system_admin_or_owner', 'system_or_project_reader', 'os_compute_api:limits:other_project', 'os_compute_api:os-lock-server:unlock:unlock_override', 'os_compute_api:servers:create:zero_disk_flavor', 'compute:servers:resize:cross_cell'] specified in policy files are the same as the defaults provided by the service. You can remove these rules from policy files which will make maintenance easier. You can detect these redundant rules by ``oslopolicy-list-redundant`` tool also.

{0} nova.tests.unit.cmd.test_manage.CellV2CommandsTestCase.test_map_cell0_default_database_special_characters_2_mysql_pymysql___nova_abcd0123_AB_controller__s [0.892922s] ... FAILED

Captured traceback:
~~~~~~~~~~~~~~~~~~~
    Traceback (most recent call last):

      File "/home/zhihao/hdd/marshal/benchmarks/cross-repo-pr-impact/results/single-case-pipeline-788339-788471-v1-2026-08-27/replay-work/formal-opendev-788339--target-788471/target-a1/.tox/py3/lib/python3.8/site-packages/ddt.py", line 182, in wrapper
    return func(self, *args, **kwargs)

      File "/home/zhihao/hdd/marshal/benchmarks/cross-repo-pr-impact/results/single-case-pipeline-788339-788471-v1-2026-08-27/replay-work/formal-opendev-788339--target-788471/target-a1/nova/tests/unit/cmd/test_manage.py", line 1250, in test_map_cell0_default_database_special_characters
    self.commands.map_cell0()

      File "/home/zhihao/hdd/marshal/benchmarks/cross-repo-pr-impact/results/single-case-pipeline-788339-788471-v1-2026-08-27/replay-work/formal-opendev-788339--target-788471/target-a1/nova/cmd/manage.py", line 687, in map_cell0
    self._map_cell0(database_connection=database_connection)

      File "/home/zhihao/hdd/marshal/benchmarks/cross-repo-pr-impact/results/single-case-pipeline-788339-788471-v1-2026-08-27/replay-work/formal-opendev-788339--target-788471/target-a1/nova/cmd/manage.py", line 712, in _map_cell0
    dbc = database_connection or cell0_default_connection()

      File "/home/zhihao/hdd/marshal/benchmarks/cross-repo-pr-impact/results/single-case-pipeline-788339-788471-v1-2026-08-27/replay-work/formal-opendev-788339--target-788471/target-a1/nova/cmd/manage.py", line 709, in cell0_default_connection
    url.database = url.database + '_cell0'

    AttributeError: can't set attribute


Captured pythonlogging:
~~~~~~~~~~~~~~~~~~~~~~~
    2026-08-27 03:32:47,822 WARNING [oslo_policy.policy] JSON formatted policy_file support is deprecated since Victoria release. You need to use YAML format which will be default in future. You can use ``oslopolicy-convert-json-to-yaml`` tool to convert existing JSON-formatted policy file to YAML-formatted in backward compatible way: https://docs.openstack.org/oslo.policy/latest/cli/oslopolicy-convert-json-to-yaml.html.
2026-08-27 03:32:47,823 WARNING [oslo_policy.policy] JSON formatted policy_file support is deprecated since Victoria release. You need to use YAML format which will be default in future. You can use ``oslopolicy-convert-json-to-yaml`` tool to convert existing JSON-formatted policy file to YAML-formatted in backward compatible way: https://docs.openstack.org/oslo.policy/latest/cli/oslopolicy-convert-json-to-yaml.html.
2026-08-27 03:32:47,824 WARNING [oslo_policy.policy] Policy Rules ['os_compute_api:extensions', 'os_compute_api:os-floating-ip-pools', 'os_compute_api:os-quota-sets:defaults', 'os_compute_api:os-availability-zone:list', 'os_compute_api:limits', 'system_admin_api', 'system_reader_api', 'project_admin_api', 'project_member_api', 'project_reader_api', 'system_admin_or_owner', 'system_or_project_reader', 'os_compute_api:limits:other_project', 'os_compute_api:os-lock-server:unlock:unlock_override', 'os_compute_api:servers:create:zero_disk_flavor', 'compute:servers:resize:cross_cell'] specified in policy files are the same as the defaults provided by the service. You can remove these rules from policy files which will make maintenance easier. You can detect these redundant rules by ``oslopolicy-list-redundant`` tool also.

/home/zhihao/hdd/marshal/benchmarks/cross-repo-pr-impact/results/single-case-pipeline-788339-788471-v1-2026-08-27/replay-work/formal-opendev-788339--target-788471/target-a1/.tox/py3/lib/python3.8/site-packages/migrate/versioning/schema.py:182: SADeprecationWarning: The Table.exists() method is deprecated and will be removed in a future release.  Please refer to Inspector.has_table(). (deprecated since: 1.4)
  if not table.exists():
/home/zhihao/hdd/marshal/benchmarks/cross-repo-pr-impact/results/single-case-pipeline-788339-788471-v1-2026-08-27/replay-work/formal-opendev-788339--target-788471/target-a1/nova/db/sqlalchemy/migrate_repo/versions/402_train.py:113: SADeprecationWarning: The Column.copy() method is deprecated and will be removed in a future release. (deprecated since: 1.4)
  column_copy = column.copy()
/home/zhihao/hdd/marshal/benchmarks/cross-repo-pr-impact/results/single-case-pipeline-788339-788471-v1-2026-08-27/replay-work/formal-opendev-788339--target-788471/target-a1/.tox/py3/lib/python3.8/site-packages/migrate/versioning/schema.py:182: SADeprecationWarning: The Table.exists() method is deprecated and will be removed in a future release.  Please refer to Inspector.has_table(). (deprecated since: 1.4)
  if not table.exists():
/home/zhihao/hdd/marshal/benchmarks/cross-repo-pr-impact/results/single-case-pipeline-788339-788471-v1-2026-08-27/replay-work/formal-opendev-788339--target-788471/target-a1/nova/db/sqlalchemy/migrate_repo/versions/402_train.py:113: SADeprecationWarning: The Column.copy() method is deprecated and will be removed in a future release. (deprecated since: 1.4)
  column_copy = column.copy()
/home/zhihao/hdd/marshal/benchmarks/cross-repo-pr-impact/results/single-case-pipeline-788339-788471-v1-2026-08-27/replay-work/formal-opendev-788339--target-788471/target-a1/.tox/py3/lib/python3.8/site-packages/migrate/versioning/schema.py:182: SADeprecationWarning: The Table.exists() method is deprecated and will be removed in a future release.  Please refer to Inspector.has_table(). (deprecated since: 1.4)
  if not table.exists():
/home/zhihao/hdd/marshal/benchmarks/cross-repo-pr-impact/results/single-case-pipeline-788339-788471-v1-2026-08-27/replay-work/formal-opendev-788339--target-788471/target-a1/nova/db/sqlalchemy/migrate_repo/versions/402_train.py:113: SADeprecationWarning: The Column.copy() method is deprecated and will be removed in a future release. (deprecated since: 1.4)
  column_copy = column.copy()
{1} nova.tests.unit.cmd.test_manage.CellV2CommandsTestCase.test_map_cell0_default_database_special_characters_1_mysql_pymysql___nova_abcd0123_AB_controller__s [0.933395s] ... FAILED

Captured traceback:
~~~~~~~~~~~~~~~~~~~
    Traceback (most recent call last):

      File "/home/zhihao/hdd/marshal/benchmarks/cross-repo-pr-impact/results/single-case-pipeline-788339-788471-v1-2026-08-27/replay-work/formal-opendev-788339--target-788471/target-a1/.tox/py3/lib/python3.8/site-packages/ddt.py", line 182, in wrapper
    return func(self, *args, **kwargs)

      File "/home/zhihao/hdd/marshal/benchmarks/cross-repo-pr-impact/results/single-case-pipeline-788339-788471-v1-2026-08-27/replay-work/formal-opendev-788339--target-788471/target-a1/nova/tests/unit/cmd/test_manage.py", line 1250, in test_map_cell0_default_database_special_characters
    self.commands.map_cell0()

      File "/home/zhihao/hdd/marshal/benchmarks/cross-repo-pr-impact/results/single-case-pipeline-788339-788471-v1-2026-08-27/replay-work/formal-opendev-788339--target-788471/target-a1/nova/cmd/manage.py", line 687, in map_cell0
    self._map_cell0(database_connection=database_connection)

      File "/home/zhihao/hdd/marshal/benchmarks/cross-repo-pr-impact/results/single-case-pipeline-788339-788471-v1-2026-08-27/replay-work/formal-opendev-788339--target-788471/target-a1/nova/cmd/manage.py", line 712, in _map_cell0
    dbc = database_connection or cell0_default_connection()

      File "/home/zhihao/hdd/marshal/benchmarks/cross-repo-pr-impact/results/single-case-pipeline-788339-788471-v1-2026-08-27/replay-work/formal-opendev-788339--target-788471/target-a1/nova/cmd/manage.py", line 709, in cell0_default_connection
    url.database = url.database + '_cell0'

    AttributeError: can't set attribute


Captured pythonlogging:
~~~~~~~~~~~~~~~~~~~~~~~
    2026-08-27 03:32:47,827 WARNING [oslo_policy.policy] JSON formatted policy_file support is deprecated since Victoria release. You need to use YAML format which will be default in future. You can use ``oslopolicy-convert-json-to-yaml`` tool to convert existing JSON-formatted policy file to YAML-formatted in backward compatible way: https://docs.openstack.org/oslo.policy/latest/cli/oslopolicy-convert-json-to-yaml.html.
2026-08-27 03:32:47,827 WARNING [oslo_policy.policy] JSON formatted policy_file support is deprecated since Victoria release. You need to use YAML format which will be default in future. You can use ``oslopolicy-convert-json-to-yaml`` tool to convert existing JSON-formatted policy file to YAML-formatted in backward compatible way: https://docs.openstack.org/oslo.policy/latest/cli/oslopolicy-convert-json-to-yaml.html.
2026-08-27 03:32:47,829 WARNING [oslo_policy.policy] Policy Rules ['os_compute_api:extensions', 'os_compute_api:os-floating-ip-pools', 'os_compute_api:os-quota-sets:defaults', 'os_compute_api:os-availability-zone:list', 'os_compute_api:limits', 'system_admin_api', 'system_reader_api', 'project_admin_api', 'project_member_api', 'project_reader_api', 'system_admin_or_owner', 'system_or_project_reader', 'os_compute_api:limits:other_project', 'os_compute_api:os-lock-server:unlock:unlock_override', 'os_compute_api:servers:create:zero_disk_flavor', 'compute:servers:resize:cross_cell'] specified in policy files are the same as the defaults provided by the service. You can remove these rules from policy files which will make maintenance easier. You can detect these redundant rules by ``oslopolicy-list-redundant`` tool also.

/home/zhihao/hdd/marshal/benchmarks/cross-repo-pr-impact/results/single-case-pipeline-788339-788471-v1-2026-08-27/replay-work/formal-opendev-788339--target-788471/target-a1/.tox/py3/lib/python3.8/site-packages/migrate/versioning/schema.py:182: SADeprecationWarning: The Table.exists() method is deprecated and will be removed in a future release.  Please refer to Inspector.has_table(). (deprecated since: 1.4)
  if not table.exists():
/home/zhihao/hdd/marshal/benchmarks/cross-repo-pr-impact/results/single-case-pipeline-788339-788471-v1-2026-08-27/replay-work/formal-opendev-788339--target-788471/target-a1/nova/db/sqlalchemy/migrate_repo/versions/402_train.py:113: SADeprecationWarning: The Column.copy() method is deprecated and will be removed in a future release. (deprecated since: 1.4)
  column_copy = column.copy()
{4} nova.tests.unit.cmd.test_manage.CellV2CommandsTestCase.test_map_cell0_default_database_special_characters_5_mysql_pymysql___test_abcd0123_AB_controller__s_charset_utf8 [0.974440s] ... FAILED

Captured traceback:
~~~~~~~~~~~~~~~~~~~
    Traceback (most recent call last):

      File "/home/zhihao/hdd/marshal/benchmarks/cross-repo-pr-impact/results/single-case-pipeline-788339-788471-v1-2026-08-27/replay-work/formal-opendev-788339--target-788471/target-a1/.tox/py3/lib/python3.8/site-packages/ddt.py", line 182, in wrapper
    return func(self, *args, **kwargs)

      File "/home/zhihao/hdd/marshal/benchmarks/cross-repo-pr-impact/results/single-case-pipeline-788339-788471-v1-2026-08-27/replay-work/formal-opendev-788339--target-788471/target-a1/nova/tests/unit/cmd/test_manage.py", line 1250, in test_map_cell0_default_database_special_characters
    self.commands.map_cell0()

      File "/home/zhihao/hdd/marshal/benchmarks/cross-repo-pr-impact/results/single-case-pipeline-788339-788471-v1-2026-08-27/replay-work/formal-opendev-788339--target-788471/target-a1/nova/cmd/manage.py", line 687, in map_cell0
    self._map_cell0(database_connection=database_connection)

      File "/home/zhihao/hdd/marshal/benchmarks/cross-repo-pr-impact/results/single-case-pipeline-788339-788471-v1-2026-08-27/replay-work/formal-opendev-788339--target-788471/target-a1/nova/cmd/manage.py", line 712, in _map_cell0
    dbc = database_connection or cell0_default_connection()

      File "/home/zhihao/hdd/marshal/benchmarks/cross-repo-pr-impact/results/single-case-pipeline-788339-788471-v1-2026-08-27/replay-work/formal-opendev-788339--target-788471/target-a1/nova/cmd/manage.py", line 709, in cell0_default_connection
    url.database = url.database + '_cell0'

    AttributeError: can't set attribute


Captured pythonlogging:
~~~~~~~~~~~~~~~~~~~~~~~
    2026-08-27 03:32:47,829 WARNING [oslo_policy.policy] JSON formatted policy_file support is deprecated since Victoria release. You need to use YAML format which will be default in future. You can use ``oslopolicy-convert-json-to-yaml`` tool to convert existing JSON-formatted policy file to YAML-formatted in backward compatible way: https://docs.openstack.org/oslo.policy/latest/cli/oslopolicy-convert-json-to-yaml.html.
2026-08-27 03:32:47,830 WARNING [oslo_policy.policy] JSON formatted policy_file support is deprecated since Victoria release. You need to use YAML format which will be default in future. You can use ``oslopolicy-convert-json-to-yaml`` tool to convert existing JSON-formatted policy file to YAML-formatted in backward compatible way: https://docs.openstack.org/oslo.policy/latest/cli/oslopolicy-convert-json-to-yaml.html.
2026-08-27 03:32:47,831 WARNING [oslo_policy.policy] Policy Rules ['os_compute_api:extensions', 'os_compute_api:os-floating-ip-pools', 'os_compute_api:os-quota-sets:defaults', 'os_compute_api:os-availability-zone:list', 'os_compute_api:limits', 'system_admin_api', 'system_reader_api', 'project_admin_api', 'project_member_api', 'project_reader_api', 'system_admin_or_owner', 'system_or_project_reader', 'os_compute_api:limits:other_project', 'os_compute_api:os-lock-server:unlock:unlock_override', 'os_compute_api:servers:create:zero_disk_flavor', 'compute:servers:resize:cross_cell'] specified in policy files are the same as the defaults provided by the service. You can remove these rules from policy files which will make maintenance easier. You can detect these redundant rules by ``oslopolicy-list-redundant`` tool also.

/home/zhihao/hdd/marshal/benchmarks/cross-repo-pr-impact/results/single-case-pipeline-788339-788471-v1-2026-08-27/replay-work/formal-opendev-788339--target-788471/target-a1/.tox/py3/lib/python3.8/site-packages/migrate/versioning/schema.py:182: SADeprecationWarning: The Table.exists() method is deprecated and will be removed in a future release.  Please refer to Inspector.has_table(). (deprecated since: 1.4)
  if not table.exists():
/home/zhihao/hdd/marshal/benchmarks/cross-repo-pr-impact/results/single-case-pipeline-788339-788471-v1-2026-08-27/replay-work/formal-opendev-788339--target-788471/target-a1/nova/db/sqlalchemy/migrate_repo/versions/402_train.py:113: SADeprecationWarning: The Column.copy() method is deprecated and will be removed in a future release. (deprecated since: 1.4)
  column_copy = column.copy()

==============================
Failed 6 tests - output below:
==============================

nova.tests.unit.cmd.test_manage.CellV2CommandsTestCase.test_map_cell0_default_database_special_characters_4_mysql_pymysql___nova_abcd0123_AB_controller__s
----------------------------------------------------------------------------------------------------------------------------------------------------------

Captured traceback:
~~~~~~~~~~~~~~~~~~~
    Traceback (most recent call last):

      File "/home/zhihao/hdd/marshal/benchmarks/cross-repo-pr-impact/results/single-case-pipeline-788339-788471-v1-2026-08-27/replay-work/formal-opendev-788339--target-788471/target-a1/.tox/py3/lib/python3.8/site-packages/ddt.py", line 182, in wrapper
    return func(self, *args, **kwargs)

      File "/home/zhihao/hdd/marshal/benchmarks/cross-repo-pr-impact/results/single-case-pipeline-788339-788471-v1-2026-08-27/replay-work/formal-opendev-788339--target-788471/target-a1/nova/tests/unit/cmd/test_manage.py", line 1250, in test_map_cell0_default_database_special_characters
    self.commands.map_cell0()

      File "/home/zhihao/hdd/marshal/benchmarks/cross-repo-pr-impact/results/single-case-pipeline-788339-788471-v1-2026-08-27/replay-work/formal-opendev-788339--target-788471/target-a1/nova/cmd/manage.py", line 687, in map_cell0
    self._map_cell0(database_connection=database_connection)

      File "/home/zhihao/hdd/marshal/benchmarks/cross-repo-pr-impact/results/single-case-pipeline-788339-788471-v1-2026-08-27/replay-work/formal-opendev-788339--target-788471/target-a1/nova/cmd/manage.py", line 712, in _map_cell0
    dbc = database_connection or cell0_default_connection()

      File "/home/zhihao/hdd/marshal/benchmarks/cross-repo-pr-impact/results/single-case-pipeline-788339-788471-v1-2026-08-27/replay-work/formal-opendev-788339--target-788471/target-a1/nova/cmd/manage.py", line 709, in cell0_default_connection
    url.database = url.database + '_cell0'

    AttributeError: can't set attribute


Captured pythonlogging:
~~~~~~~~~~~~~~~~~~~~~~~
    2026-08-27 03:32:47,806 WARNING [oslo_policy.policy] JSON formatted policy_file support is deprecated since Victoria release. You need to use YAML format which will be default in future. You can use ``oslopolicy-convert-json-to-yaml`` tool to convert existing JSON-formatted policy file to YAML-formatted in backward compatible way: https://docs.openstack.org/oslo.policy/latest/cli/oslopolicy-convert-json-to-yaml.html.
2026-08-27 03:32:47,807 WARNING [oslo_policy.policy] JSON formatted policy_file support is deprecated since Victoria release. You need to use YAML format which will be default in future. You can use ``oslopolicy-convert-json-to-yaml`` tool to convert existing JSON-formatted policy file to YAML-formatted in backward compatible way: https://docs.openstack.org/oslo.policy/latest/cli/oslopolicy-convert-json-to-yaml.html.
2026-08-27 03:32:47,808 WARNING [oslo_policy.policy] Policy Rules ['os_compute_api:extensions', 'os_compute_api:os-floating-ip-pools', 'os_compute_api:os-quota-sets:defaults', 'os_compute_api:os-availability-zone:list', 'os_compute_api:limits', 'system_admin_api', 'system_reader_api', 'project_admin_api', 'project_member_api', 'project_reader_api', 'system_admin_or_owner', 'system_or_project_reader', 'os_compute_api:limits:other_project', 'os_compute_api:os-lock-server:unlock:unlock_override', 'os_compute_api:servers:create:zero_disk_flavor', 'compute:servers:resize:cross_cell'] specified in policy files are the same as the defaults provided by the service. You can remove these rules from policy files which will make maintenance easier. You can detect these redundant rules by ``oslopolicy-list-redundant`` tool also.


nova.tests.unit.cmd.test_manage.CellV2CommandsTestCase.test_map_cell0_default_database
--------------------------------------------------------------------------------------

Captured traceback:
~~~~~~~~~~~~~~~~~~~
    Traceback (most recent call last):

      File "/home/zhihao/hdd/marshal/benchmarks/cross-repo-pr-impact/results/single-case-pipeline-788339-788471-v1-2026-08-27/replay-work/formal-opendev-788339--target-788471/target-a1/nova/tests/unit/cmd/test_manage.py", line 1229, in test_map_cell0_default_database
    self.commands.map_cell0()

      File "/home/zhihao/hdd/marshal/benchmarks/cross-repo-pr-impact/results/single-case-pipeline-788339-788471-v1-2026-08-27/replay-work/formal-opendev-788339--target-788471/target-a1/nova/cmd/manage.py", line 687, in map_cell0
    self._map_cell0(database_connection=database_connection)

      File "/home/zhihao/hdd/marshal/benchmarks/cross-repo-pr-impact/results/single-case-pipeline-788339-788471-v1-2026-08-27/replay-work/formal-opendev-788339--target-788471/target-a1/nova/cmd/manage.py", line 712, in _map_cell0
    dbc = database_connection or cell0_default_connection()

      File "/home/zhihao/hdd/marshal/benchmarks/cross-repo-pr-impact/results/single-case-pipeline-788339-788471-v1-2026-08-27/replay-work/formal-opendev-788339--target-788471/target-a1/nova/cmd/manage.py", line 709, in cell0_default_connection
    url.database = url.database + '_cell0'

    AttributeError: can't set attribute


Captured pythonlogging:
~~~~~~~~~~~~~~~~~~~~~~~
    2026-08-27 03:32:47,818 WARNING [oslo_policy.policy] JSON formatted policy_file support is deprecated since Victoria release. You need to use YAML format which will be default in future. You can use ``oslopolicy-convert-json-to-yaml`` tool to convert existing JSON-formatted policy file to YAML-formatted in backward compatible way: https://docs.openstack.org/oslo.policy/latest/cli/oslopolicy-convert-json-to-yaml.html.
2026-08-27 03:32:47,818 WARNING [oslo_policy.policy] JSON formatted policy_file support is deprecated since Victoria release. You need to use YAML format which will be default in future. You can use ``oslopolicy-convert-json-to-yaml`` tool to convert existing JSON-formatted policy file to YAML-formatted in backward compatible way: https://docs.openstack.org/oslo.policy/latest/cli/oslopolicy-convert-json-to-yaml.html.
2026-08-27 03:32:47,819 WARNING [oslo_policy.policy] Policy Rules ['os_compute_api:extensions', 'os_compute_api:os-floating-ip-pools', 'os_compute_api:os-quota-sets:defaults', 'os_compute_api:os-availability-zone:list', 'os_compute_api:limits', 'system_admin_api', 'system_reader_api', 'project_admin_api', 'project_member_api', 'project_reader_api', 'system_admin_or_owner', 'system_or_project_reader', 'os_compute_api:limits:other_project', 'os_compute_api:os-lock-server:unlock:unlock_override', 'os_compute_api:servers:create:zero_disk_flavor', 'compute:servers:resize:cross_cell'] specified in policy files are the same as the defaults provided by the service. You can remove these rules from policy files which will make maintenance easier. You can detect these redundant rules by ``oslopolicy-list-redundant`` tool also.


nova.tests.unit.cmd.test_manage.CellV2CommandsTestCase.test_map_cell0_default_database_special_characters_3_mysql_pymysql___nova_abcd0123_AB_controller__s
----------------------------------------------------------------------------------------------------------------------------------------------------------

Captured traceback:
~~~~~~~~~~~~~~~~~~~
    Traceback (most recent call last):

      File "/home/zhihao/hdd/marshal/benchmarks/cross-repo-pr-impact/results/single-case-pipeline-788339-788471-v1-2026-08-27/replay-work/formal-opendev-788339--target-788471/target-a1/.tox/py3/lib/python3.8/site-packages/ddt.py", line 182, in wrapper
    return func(self, *args, **kwargs)

      File "/home/zhihao/hdd/marshal/benchmarks/cross-repo-pr-impact/results/single-case-pipeline-788339-788471-v1-2026-08-27/replay-work/formal-opendev-788339--target-788471/target-a1/nova/tests/unit/cmd/test_manage.py", line 1250, in test_map_cell0_default_database_special_characters
    self.commands.map_cell0()

      File "/home/zhihao/hdd/marshal/benchmarks/cross-repo-pr-impact/results/single-case-pipeline-788339-788471-v1-2026-08-27/replay-work/formal-opendev-788339--target-788471/target-a1/nova/cmd/manage.py", line 687, in map_cell0
    self._map_cell0(database_connection=database_connection)

      File "/home/zhihao/hdd/marshal/benchmarks/cross-repo-pr-impact/results/single-case-pipeline-788339-788471-v1-2026-08-27/replay-work/formal-opendev-788339--target-788471/target-a1/nova/cmd/manage.py", line 712, in _map_cell0
    dbc = database_connection or cell0_default_connection()

      File "/home/zhihao/hdd/marshal/benchmarks/cross-repo-pr-impact/results/single-case-pipeline-788339-788471-v1-2026-08-27/replay-work/formal-opendev-788339--target-788471/target-a1/nova/cmd/manage.py", line 709, in cell0_default_connection
    url.database = url.database + '_cell0'

    AttributeError: can't set attribute


Captured pythonlogging:
~~~~~~~~~~~~~~~~~~~~~~~
    2026-08-27 03:32:47,884 WARNING [oslo_policy.policy] JSON formatted policy_file support is deprecated since Victoria release. You need to use YAML format which will be default in future. You can use ``oslopolicy-convert-json-to-yaml`` tool to convert existing JSON-formatted policy file to YAML-formatted in backward compatible way: https://docs.openstack.org/oslo.policy/latest/cli/oslopolicy-convert-json-to-yaml.html.
2026-08-27 03:32:47,885 WARNING [oslo_policy.policy] JSON formatted policy_file support is deprecated since Victoria release. You need to use YAML format which will be default in future. You can use ``oslopolicy-convert-json-to-yaml`` tool to convert existing JSON-formatted policy file to YAML-formatted in backward compatible way: https://docs.openstack.org/oslo.policy/latest/cli/oslopolicy-convert-json-to-yaml.html.
2026-08-27 03:32:47,886 WARNING [oslo_policy.policy] Policy Rules ['os_compute_api:extensions', 'os_compute_api:os-floating-ip-pools', 'os_compute_api:os-quota-sets:defaults', 'os_compute_api:os-availability-zone:list', 'os_compute_api:limits', 'system_admin_api', 'system_reader_api', 'project_admin_api', 'project_member_api', 'project_reader_api', 'system_admin_or_owner', 'system_or_project_reader', 'os_compute_api:limits:other_project', 'os_compute_api:os-lock-server:unlock:unlock_override', 'os_compute_api:servers:create:zero_disk_flavor', 'compute:servers:resize:cross_cell'] specified in policy files are the same as the defaults provided by the service. You can remove these rules from policy files which will make maintenance easier. You can detect these redundant rules by ``oslopolicy-list-redundant`` tool also.


nova.tests.unit.cmd.test_manage.CellV2CommandsTestCase.test_map_cell0_default_database_special_characters_2_mysql_pymysql___nova_abcd0123_AB_controller__s
----------------------------------------------------------------------------------------------------------------------------------------------------------

Captured traceback:
~~~~~~~~~~~~~~~~~~~
    Traceback (most recent call last):

      File "/home/zhihao/hdd/marshal/benchmarks/cross-repo-pr-impact/results/single-case-pipeline-788339-788471-v1-2026-08-27/replay-work/formal-opendev-788339--target-788471/target-a1/.tox/py3/lib/python3.8/site-packages/ddt.py", line 182, in wrapper
    return func(self, *args, **kwargs)

      File "/home/zhihao/hdd/marshal/benchmarks/cross-repo-pr-impact/results/single-case-pipeline-788339-788471-v1-2026-08-27/replay-work/formal-opendev-788339--target-788471/target-a1/nova/tests/unit/cmd/test_manage.py", line 1250, in test_map_cell0_default_database_special_characters
    self.commands.map_cell0()

      File "/home/zhihao/hdd/marshal/benchmarks/cross-repo-pr-impact/results/single-case-pipeline-788339-788471-v1-2026-08-27/replay-work/formal-opendev-788339--target-788471/target-a1/nova/cmd/manage.py", line 687, in map_cell0
    self._map_cell0(database_connection=database_connection)

      File "/home/zhihao/hdd/marshal/benchmarks/cross-repo-pr-impact/results/single-case-pipeline-788339-788471-v1-2026-08-27/replay-work/formal-opendev-788339--target-788471/target-a1/nova/cmd/manage.py", line 712, in _map_cell0
    dbc = database_connection or cell0_default_connection()

      File "/home/zhihao/hdd/marshal/benchmarks/cross-repo-pr-impact/results/single-case-pipeline-788339-788471-v1-2026-08-27/replay-work/formal-opendev-788339--target-788471/target-a1/nova/cmd/manage.py", line 709, in cell0_default_connection
    url.database = url.database + '_cell0'

    AttributeError: can't set attribute


Captured pythonlogging:
~~~~~~~~~~~~~~~~~~~~~~~
    2026-08-27 03:32:47,822 WARNING [oslo_policy.policy] JSON formatted policy_file support is deprecated since Victoria release. You need to use YAML format which will be default in future. You can use ``oslopolicy-convert-json-to-yaml`` tool to convert existing JSON-formatted policy file to YAML-formatted in backward compatible way: https://docs.openstack.org/oslo.policy/latest/cli/oslopolicy-convert-json-to-yaml.html.
2026-08-27 03:32:47,823 WARNING [oslo_policy.policy] JSON formatted policy_file support is deprecated since Victoria release. You need to use YAML format which will be default in future. You can use ``oslopolicy-convert-json-to-yaml`` tool to convert existing JSON-formatted policy file to YAML-formatted in backward compatible way: https://docs.openstack.org/oslo.policy/latest/cli/oslopolicy-convert-json-to-yaml.html.
2026-08-27 03:32:47,824 WARNING [oslo_policy.policy] Policy Rules ['os_compute_api:extensions', 'os_compute_api:os-floating-ip-pools', 'os_compute_api:os-quota-sets:defaults', 'os_compute_api:os-availability-zone:list', 'os_compute_api:limits', 'system_admin_api', 'system_reader_api', 'project_admin_api', 'project_member_api', 'project_reader_api', 'system_admin_or_owner', 'system_or_project_reader', 'os_compute_api:limits:other_project', 'os_compute_api:os-lock-server:unlock:unlock_override', 'os_compute_api:servers:create:zero_disk_flavor', 'compute:servers:resize:cross_cell'] specified in policy files are the same as the defaults provided by the service. You can remove these rules from policy files which will make maintenance easier. You can detect these redundant rules by ``oslopolicy-list-redundant`` tool also.


nova.tests.unit.cmd.test_manage.CellV2CommandsTestCase.test_map_cell0_default_database_special_characters_1_mysql_pymysql___nova_abcd0123_AB_controller__s
----------------------------------------------------------------------------------------------------------------------------------------------------------

Captured traceback:
~~~~~~~~~~~~~~~~~~~
    Traceback (most recent call last):

      File "/home/zhihao/hdd/marshal/benchmarks/cross-repo-pr-impact/results/single-case-pipeline-788339-788471-v1-2026-08-27/replay-work/formal-opendev-788339--target-788471/target-a1/.tox/py3/lib/python3.8/site-packages/ddt.py", line 182, in wrapper
    return func(self, *args, **kwargs)

      File "/home/zhihao/hdd/marshal/benchmarks/cross-repo-pr-impact/results/single-case-pipeline-788339-788471-v1-2026-08-27/replay-work/formal-opendev-788339--target-788471/target-a1/nova/tests/unit/cmd/test_manage.py", line 1250, in test_map_cell0_default_database_special_characters
    self.commands.map_cell0()

      File "/home/zhihao/hdd/marshal/benchmarks/cross-repo-pr-impact/results/single-case-pipeline-788339-788471-v1-2026-08-27/replay-work/formal-opendev-788339--target-788471/target-a1/nova/cmd/manage.py", line 687, in map_cell0
    self._map_cell0(database_connection=database_connection)

      File "/home/zhihao/hdd/marshal/benchmarks/cross-repo-pr-impact/results/single-case-pipeline-788339-788471-v1-2026-08-27/replay-work/formal-opendev-788339--target-788471/target-a1/nova/cmd/manage.py", line 712, in _map_cell0
    dbc = database_connection or cell0_default_connection()

      File "/home/zhihao/hdd/marshal/benchmarks/cross-repo-pr-impact/results/single-case-pipeline-788339-788471-v1-2026-08-27/replay-work/formal-opendev-788339--target-788471/target-a1/nova/cmd/manage.py", line 709, in cell0_default_connection
    url.database = url.database + '_cell0'

    AttributeError: can't set attribute

[93mReadline features including tab completion have been disabled because
no supported version of readline was found. To resolve this, install
pyreadline on Windows or gnureadline on Mac.

[39m
Captured pythonlogging:
~~~~~~~~~~~~~~~~~~~~~~~
    2026-08-27 03:32:47,827 WARNING [oslo_policy.policy] JSON formatted policy_file support is deprecated since Victoria release. You need to use YAML format which will be default in future. You can use ``oslopolicy-convert-json-to-yaml`` tool to convert existing JSON-formatted policy file to YAML-formatted in backward compatible way: https://docs.openstack.org/oslo.policy/latest/cli/oslopolicy-convert-json-to-yaml.html.
2026-08-27 03:32:47,827 WARNING [oslo_policy.policy] JSON formatted policy_file support is deprecated since Victoria release. You need to use YAML format which will be default in future. You can use ``oslopolicy-convert-json-to-yaml`` tool to convert existing JSON-formatted policy file to YAML-formatted in backward compatible way: https://docs.openstack.org/oslo.policy/latest/cli/oslopolicy-convert-json-to-yaml.html.
2026-08-27 03:32:47,829 WARNING [oslo_policy.policy] Policy Rules ['os_compute_api:extensions', 'os_compute_api:os-floating-ip-pools', 'os_compute_api:os-quota-sets:defaults', 'os_compute_api:os-availability-zone:list', 'os_compute_api:limits', 'system_admin_api', 'system_reader_api', 'project_admin_api', 'project_member_api', 'project_reader_api', 'system_admin_or_owner', 'system_or_project_reader', 'os_compute_api:limits:other_project', 'os_compute_api:os-lock-server:unlock:unlock_override', 'os_compute_api:servers:create:zero_disk_flavor', 'compute:servers:resize:cross_cell'] specified in policy files are the same as the defaults provided by the service. You can remove these rules from policy files which will make maintenance easier. You can detect these redundant rules by ``oslopolicy-list-redundant`` tool also.


nova.tests.unit.cmd.test_manage.CellV2CommandsTestCase.test_map_cell0_default_database_special_characters_5_mysql_pymysql___test_abcd0123_AB_controller__s_charset_utf8
-----------------------------------------------------------------------------------------------------------------------------------------------------------------------

Captured traceback:
~~~~~~~~~~~~~~~~~~~
    Traceback (most recent call last):

      File "/home/zhihao/hdd/marshal/benchmarks/cross-repo-pr-impact/results/single-case-pipeline-788339-788471-v1-2026-08-27/replay-work/formal-opendev-788339--target-788471/target-a1/.tox/py3/lib/python3.8/site-packages/ddt.py", line 182, in wrapper
    return func(self, *args, **kwargs)

      File "/home/zhihao/hdd/marshal/benchmarks/cross-repo-pr-impact/results/single-case-pipeline-788339-788471-v1-2026-08-27/replay-work/formal-opendev-788339--target-788471/target-a1/nova/tests/unit/cmd/test_manage.py", line 1250, in test_map_cell0_default_database_special_characters
    self.commands.map_cell0()

      File "/home/zhihao/hdd/marshal/benchmarks/cross-repo-pr-impact/results/single-case-pipeline-788339-788471-v1-2026-08-27/replay-work/formal-opendev-788339--target-788471/target-a1/nova/cmd/manage.py", line 687, in map_cell0
    self._map_cell0(database_connection=database_connection)

      File "/home/zhihao/hdd/marshal/benchmarks/cross-repo-pr-impact/results/single-case-pipeline-788339-788471-v1-2026-08-27/replay-work/formal-opendev-788339--target-788471/target-a1/nova/cmd/manage.py", line 712, in _map_cell0
    dbc = database_connection or cell0_default_connection()

      File "/home/zhihao/hdd/marshal/benchmarks/cross-repo-pr-impact/results/single-case-pipeline-788339-788471-v1-2026-08-27/replay-work/formal-opendev-788339--target-788471/target-a1/nova/cmd/manage.py", line 709, in cell0_default_connection
    url.database = url.database + '_cell0'

    AttributeError: can't set attribute


Captured pythonlogging:
~~~~~~~~~~~~~~~~~~~~~~~
    2026-08-27 03:32:47,829 WARNING [oslo_policy.policy] JSON formatted policy_file support is deprecated since Victoria release. You need to use YAML format which will be default in future. You can use ``oslopolicy-convert-json-to-yaml`` tool to convert existing JSON-formatted policy file to YAML-formatted in backward compatible way: https://docs.openstack.org/oslo.policy/latest/cli/oslopolicy-convert-json-to-yaml.html.
2026-08-27 03:32:47,830 WARNING [oslo_policy.policy] JSON formatted policy_file support is deprecated since Victoria release. You need to use YAML format which will be default in future. You can use ``oslopolicy-convert-json-to-yaml`` tool to convert existing JSON-formatted policy file to YAML-formatted in backward compatible way: https://docs.openstack.org/oslo.policy/latest/cli/oslopolicy-convert-json-to-yaml.html.
2026-08-27 03:32:47,831 WARNING [oslo_policy.policy] Policy Rules ['os_compute_api:extensions', 'os_compute_api:os-floating-ip-pools', 'os_compute_api:os-quota-sets:defaults', 'os_compute_api:os-availability-zone:list', 'os_compute_api:limits', 'system_admin_api', 'system_reader_api', 'project_admin_api', 'project_member_api', 'project_reader_api', 'system_admin_or_owner', 'system_or_project_reader', 'os_compute_api:limits:other_project', 'os_compute_api:os-lock-server:unlock:unlock_override', 'os_compute_api:servers:create:zero_disk_flavor', 'compute:servers:resize:cross_cell'] specified in policy files are the same as the defaults provided by the service. You can remove these rules from policy files which will make maintenance easier. You can detect these redundant rules by ``oslopolicy-list-redundant`` tool also.



======
Totals
======
Ran: 6 tests in 0.9973 sec.
 - Passed: 0
 - Skipped: 0
 - Expected Fail: 0
 - Unexpected Success: 0
 - Failed: 6
Sum of execute time for each test: 5.4008 sec.

==============
Worker Balance
==============
 - Worker 0 (1 tests) => 0:00:00.892922
 - Worker 1 (1 tests) => 0:00:00.933395
 - Worker 2 (1 tests) => 0:00:00.892825
 - Worker 3 (1 tests) => 0:00:00.873928
 - Worker 4 (1 tests) => 0:00:00.974440
 - Worker 5 (1 tests) => 0:00:00.833245
