INFO  [alembic.runtime.migration] Context impl SQLiteImpl.
INFO  [alembic.runtime.migration] Will assume non-transactional DDL.
INFO  [alembic.runtime.migration] Context impl SQLiteImpl.
INFO  [alembic.runtime.migration] Will assume non-transactional DDL.
INFO  [alembic.runtime.migration] Context impl SQLiteImpl.
INFO  [alembic.runtime.migration] Will assume non-transactional DDL.
INFO  [alembic.runtime.migration] Running stamp_revision  -> d7e6a4d39fe4
INFO  [alembic.runtime.migration] Running stamp_revision  -> d7e6a4d39fe4
INFO  [alembic.runtime.migration] Running stamp_revision  -> d7e6a4d39fe4
{2} magnum.tests.unit.common.policies.test_stats_policy.TestStatsPolicy.test_stat_no_permission [0.079019s] ... ok
GET: /v1/stats {}
{1} magnum.tests.unit.common.policies.test_stats_policy.TestStatsPolicy.test_stat_reader [0.123539s] ... ok
GET: /v1/stats {}
GOT:{'clusters': 0, 'nodes': 0}
{0} magnum.tests.unit.common.policies.test_stats_policy.TestStatsPolicy.test_stat_admin [0.095950s] ... ok
GET: /v1/stats {}
GOT:{'clusters': 0, 'nodes': 0}

======
Totals
======
Ran: 3 tests in 0.1303 sec.
 - Passed: 3
 - Skipped: 0
 - Expected Fail: 0
 - Unexpected Success: 0
 - Failed: 0
Sum of execute time for each test: 0.2985 sec.

==============
Worker Balance
==============
 - Worker 0 (1 tests) => 0:00:00.095950
 - Worker 1 (1 tests) => 0:00:00.123539
 - Worker 2 (1 tests) => 0:00:00.079019
