2026-08-25 00:46:34.959 [main] [WARN ] AppTest: Failed to initiate: Failed to create data source: Could not instantiate DataSource: Could not find the datasource object: org.apache.derby.jdbc.EmbeddedDataSource: org.apache.derby.jdbc.EmbeddedDataSource
org.gautelis.muprocessmanager.MuProcessException: Failed to create data source: Could not instantiate DataSource: Could not find the datasource object: org.apache.derby.jdbc.EmbeddedDataSource: org.apache.derby.jdbc.EmbeddedDataSource
	at org.gautelis.muprocessmanager.MuProcessManagerFactory.getManager(MuProcessManagerFactory.java:94) ~[classes/:?]
	at test.AppTest.setUp(AppTest.java:47) [test-classes/:?]
	at junit.framework.TestCase.runBare(TestCase.java:140) [junit-4.13.2.jar:4.13.2]
	at junit.framework.TestResult$1.protect(TestResult.java:122) [junit-4.13.2.jar:4.13.2]
	at junit.framework.TestResult.runProtected(TestResult.java:142) [junit-4.13.2.jar:4.13.2]
	at junit.framework.TestResult.run(TestResult.java:125) [junit-4.13.2.jar:4.13.2]
	at junit.framework.TestCase.run(TestCase.java:130) [junit-4.13.2.jar:4.13.2]
	at junit.framework.TestSuite.runTest(TestSuite.java:241) [junit-4.13.2.jar:4.13.2]
	at junit.framework.TestSuite.run(TestSuite.java:236) [junit-4.13.2.jar:4.13.2]
	at org.junit.internal.runners.JUnit38ClassRunner.run(JUnit38ClassRunner.java:90) [junit-4.13.2.jar:4.13.2]
	at org.apache.maven.surefire.junit4.JUnit4Provider.execute(JUnit4Provider.java:316) [surefire-junit4-3.2.5.jar:3.2.5]
	at org.apache.maven.surefire.junit4.JUnit4Provider.executeWithRerun(JUnit4Provider.java:240) [surefire-junit4-3.2.5.jar:3.2.5]
	at org.apache.maven.surefire.junit4.JUnit4Provider.executeTestSet(JUnit4Provider.java:214) [surefire-junit4-3.2.5.jar:3.2.5]
	at org.apache.maven.surefire.junit4.JUnit4Provider.invoke(JUnit4Provider.java:155) [surefire-junit4-3.2.5.jar:3.2.5]
	at org.apache.maven.surefire.booter.ForkedBooter.runSuitesInProcess(ForkedBooter.java:385) [surefire-booter-3.2.5.jar:3.2.5]
	at org.apache.maven.surefire.booter.ForkedBooter.execute(ForkedBooter.java:162) [surefire-booter-3.2.5.jar:3.2.5]
	at org.apache.maven.surefire.booter.ForkedBooter.run(ForkedBooter.java:507) [surefire-booter-3.2.5.jar:3.2.5]
	at org.apache.maven.surefire.booter.ForkedBooter.main(ForkedBooter.java:495) [surefire-booter-3.2.5.jar:3.2.5]
Caused by: org.gautelis.vopn.db.DatabaseException: Could not instantiate DataSource: Could not find the datasource object: org.apache.derby.jdbc.EmbeddedDataSource: org.apache.derby.jdbc.EmbeddedDataSource
	at org.gautelis.vopn.db.Database.getDataSource(Database.java:178) ~[vopn-2.3.jar:?]
	at org.gautelis.vopn.db.utils.Derby.getDataSource(Derby.java:88) ~[vopn-2.3.jar:?]
	at org.gautelis.muprocessmanager.MuProcessManagerFactory.getManager(MuProcessManagerFactory.java:86) ~[classes/:?]
	... 17 more
Caused by: java.lang.ClassNotFoundException: Could not find the datasource object: org.apache.derby.jdbc.EmbeddedDataSource: org.apache.derby.jdbc.EmbeddedDataSource
	at org.gautelis.vopn.lang.DynamicLoader.createClass(DynamicLoader.java:281) ~[vopn-2.3.jar:?]
	at org.gautelis.vopn.db.Database.loadDataSource(Database.java:188) ~[vopn-2.3.jar:?]
	at org.gautelis.vopn.db.Database.getDataSource(Database.java:174) ~[vopn-2.3.jar:?]
	at org.gautelis.vopn.db.utils.Derby.getDataSource(Derby.java:88) ~[vopn-2.3.jar:?]
	at org.gautelis.muprocessmanager.MuProcessManagerFactory.getManager(MuProcessManagerFactory.java:86) ~[classes/:?]
	... 17 more
Caused by: java.lang.ClassNotFoundException: org.apache.derby.jdbc.EmbeddedDataSource
	at jdk.internal.loader.BuiltinClassLoader.loadClass(BuiltinClassLoader.java:641) ~[?:?]
	at jdk.internal.loader.ClassLoaders$AppClassLoader.loadClass(ClassLoaders.java:188) ~[?:?]
	at java.lang.ClassLoader.loadClass(ClassLoader.java:526) ~[?:?]
	at java.lang.Class.forName0(Native Method) ~[?:?]
	at java.lang.Class.forName(Class.java:423) ~[?:?]
	at java.lang.Class.forName(Class.java:414) ~[?:?]
	at org.gautelis.vopn.lang.DynamicLoader.createClass(DynamicLoader.java:262) ~[vopn-2.3.jar:?]
	at org.gautelis.vopn.db.Database.loadDataSource(Database.java:188) ~[vopn-2.3.jar:?]
	at org.gautelis.vopn.db.Database.getDataSource(Database.java:174) ~[vopn-2.3.jar:?]
	at org.gautelis.vopn.db.utils.Derby.getDataSource(Derby.java:88) ~[vopn-2.3.jar:?]
	at org.gautelis.muprocessmanager.MuProcessManagerFactory.getManager(MuProcessManagerFactory.java:86) ~[classes/:?]
	... 17 more
