2026-08-25 00:46:34.998 [main] [WARN ] AppTest: Failed to initiate: Failed to create process manager: No embedded database configuration: Failed to prepare internal database: org/apache/derby/shared/common/security/SystemPermission
org.gautelis.muprocessmanager.MuProcessException: Failed to create process manager: No embedded database configuration: Failed to prepare internal database: org/apache/derby/shared/common/security/SystemPermission
	at org.gautelis.muprocessmanager.MuProcessManagerFactory.getManager(MuProcessManagerFactory.java:99) ~[classes/:?]
	at test.AppTest.setUp(AppTest.java:47) [test-classes/:?]
	at junit.framework.TestCase.runBare(TestCase.java:140) [junit-4.13.2.jar:4.13.2]
	at junit.framework.TestResult$1.protect(TestResult.java:122) [junit-4.13.2.jar:4.13.2]
	at junit.framework.TestResult.runProtected(TestResult.java:142) [junit-4.13.2.jar:4.13.2]
	at junit.framework.TestResult.run(TestResult.java:125) [junit-4.13.2.jar:4.13.2]
	at junit.framework.TestCase.run(TestCase.java:130) [junit-4.13.2.jar:4.13.2]
	at junit.framework.TestSuite.runTest(TestSuite.java:241) [junit-4.13.2.jar:4.13.2]
	at junit.framework.TestSuite.run(TestSuite.java:236) [junit-4.13.2.jar:4.13.2]
	at org.junit.internal.runners.JUnit38ClassRunner.run(JUnit38ClassRunner.java:90) [junit-4.13.2.jar:4.13.2]
	at org.apache.maven.surefire.junit4.JUnit4Provider.execute(JUnit4Provider.java:316) [surefire-junit4-3.2.5.jar:3.2.5]
	at org.apache.maven.surefire.junit4.JUnit4Provider.executeWithRerun(JUnit4Provider.java:240) [surefire-junit4-3.2.5.jar:3.2.5]
	at org.apache.maven.surefire.junit4.JUnit4Provider.executeTestSet(JUnit4Provider.java:214) [surefire-junit4-3.2.5.jar:3.2.5]
	at org.apache.maven.surefire.junit4.JUnit4Provider.invoke(JUnit4Provider.java:155) [surefire-junit4-3.2.5.jar:3.2.5]
	at org.apache.maven.surefire.booter.ForkedBooter.runSuitesInProcess(ForkedBooter.java:385) [surefire-booter-3.2.5.jar:3.2.5]
	at org.apache.maven.surefire.booter.ForkedBooter.execute(ForkedBooter.java:162) [surefire-booter-3.2.5.jar:3.2.5]
	at org.apache.maven.surefire.booter.ForkedBooter.run(ForkedBooter.java:507) [surefire-booter-3.2.5.jar:3.2.5]
	at org.apache.maven.surefire.booter.ForkedBooter.main(ForkedBooter.java:495) [surefire-booter-3.2.5.jar:3.2.5]
Caused by: org.gautelis.muprocessmanager.MuProcessException: Failed to prepare internal database: org/apache/derby/shared/common/security/SystemPermission
	at org.gautelis.muprocessmanager.MuProcessManagerFactory.prepareInternalDatabase(MuProcessManagerFactory.java:242) ~[classes/:?]
	at org.gautelis.muprocessmanager.MuProcessManagerFactory.getManager(MuProcessManagerFactory.java:87) ~[classes/:?]
	... 17 more
Caused by: java.lang.NoClassDefFoundError: org/apache/derby/shared/common/security/SystemPermission
	at org.apache.derby.iapi.jdbc.AutoloadedDriver.acceptsURL(AutoloadedDriver.java:114) ~[derby-10.15.1.3.jar:?]
	at java.sql.DriverManager.getDriver(DriverManager.java:284) ~[java.sql:?]
	at org.apache.derby.jdbc.BasicEmbeddedDataSource40.findDriver(BasicEmbeddedDataSource40.java:489) ~[derbytools-10.15.1.3.jar:?]
	at org.apache.derby.jdbc.BasicEmbeddedDataSource40.getConnection(BasicEmbeddedDataSource40.java:778) ~[derbytools-10.15.1.3.jar:?]
	at org.apache.derby.jdbc.BasicEmbeddedDataSource40.getConnection(BasicEmbeddedDataSource40.java:708) ~[derbytools-10.15.1.3.jar:?]
	at org.gautelis.vopn.db.utils.Manager.execute(Manager.java:179) ~[vopn-2.3.jar:?]
	at org.gautelis.vopn.db.utils.Manager.runScript(Manager.java:152) ~[vopn-2.3.jar:?]
	at org.gautelis.vopn.db.utils.Manager.execute(Manager.java:130) ~[vopn-2.3.jar:?]
	at org.gautelis.muprocessmanager.MuProcessManagerFactory.create(MuProcessManagerFactory.java:254) ~[classes/:?]
	at org.gautelis.muprocessmanager.MuProcessManagerFactory.prepareInternalDatabase(MuProcessManagerFactory.java:237) ~[classes/:?]
	at org.gautelis.muprocessmanager.MuProcessManagerFactory.getManager(MuProcessManagerFactory.java:87) ~[classes/:?]
	... 17 more
Caused by: java.lang.ClassNotFoundException: org.apache.derby.shared.common.security.SystemPermission
	at jdk.internal.loader.BuiltinClassLoader.loadClass(BuiltinClassLoader.java:641) ~[?:?]
	at jdk.internal.loader.ClassLoaders$AppClassLoader.loadClass(ClassLoaders.java:188) ~[?:?]
	at java.lang.ClassLoader.loadClass(ClassLoader.java:526) ~[?:?]
	at org.apache.derby.iapi.jdbc.AutoloadedDriver.acceptsURL(AutoloadedDriver.java:114) ~[derby-10.15.1.3.jar:?]
	at java.sql.DriverManager.getDriver(DriverManager.java:284) ~[java.sql:?]
	at org.apache.derby.jdbc.BasicEmbeddedDataSource40.findDriver(BasicEmbeddedDataSource40.java:489) ~[derbytools-10.15.1.3.jar:?]
	at org.apache.derby.jdbc.BasicEmbeddedDataSource40.getConnection(BasicEmbeddedDataSource40.java:778) ~[derbytools-10.15.1.3.jar:?]
	at org.apache.derby.jdbc.BasicEmbeddedDataSource40.getConnection(BasicEmbeddedDataSource40.java:708) ~[derbytools-10.15.1.3.jar:?]
	at org.gautelis.vopn.db.utils.Manager.execute(Manager.java:179) ~[vopn-2.3.jar:?]
	at org.gautelis.vopn.db.utils.Manager.runScript(Manager.java:152) ~[vopn-2.3.jar:?]
	at org.gautelis.vopn.db.utils.Manager.execute(Manager.java:130) ~[vopn-2.3.jar:?]
	at org.gautelis.muprocessmanager.MuProcessManagerFactory.create(MuProcessManagerFactory.java:254) ~[classes/:?]
	at org.gautelis.muprocessmanager.MuProcessManagerFactory.prepareInternalDatabase(MuProcessManagerFactory.java:237) ~[classes/:?]
	at org.gautelis.muprocessmanager.MuProcessManagerFactory.getManager(MuProcessManagerFactory.java:87) ~[classes/:?]
	... 17 more
