[INFO] Scanning for projects...
[WARNING] The project org.gautelis:muprocessmanager:jar:2.0-SNAPSHOT uses prerequisites which is only intended for maven-plugin projects but not for non maven-plugin projects. For such purposes you should use the maven-enforcer-plugin. See https://maven.apache.org/enforcer/enforcer-rules/requireMavenVersion.html
[INFO] 
[INFO] -------------------< org.gautelis:muprocessmanager >--------------------
[INFO] Building org.gautelis:muprocessmanager 2.0-SNAPSHOT
[INFO]   from pom.xml
[INFO] --------------------------------[ jar ]---------------------------------
[INFO] Downloading from central: https://repo.maven.apache.org/maven2/org/apache/derby/derby/10.15.2.0/derby-10.15.2.0.pom
[INFO] Downloaded from central: https://repo.maven.apache.org/maven2/org/apache/derby/derby/10.15.2.0/derby-10.15.2.0.pom (2.5 kB at 3.1 kB/s)
[INFO] Downloading from central: https://repo.maven.apache.org/maven2/org/apache/derby/derby-project/10.15.2.0/derby-project-10.15.2.0.pom
[INFO] Downloaded from central: https://repo.maven.apache.org/maven2/org/apache/derby/derby-project/10.15.2.0/derby-project-10.15.2.0.pom (6.0 kB at 32 kB/s)
[INFO] Downloading from central: https://repo.maven.apache.org/maven2/org/apache/derby/derbyshared/10.15.2.0/derbyshared-10.15.2.0.pom
[INFO] Downloaded from central: https://repo.maven.apache.org/maven2/org/apache/derby/derbyshared/10.15.2.0/derbyshared-10.15.2.0.pom (2.2 kB at 12 kB/s)
[INFO] Downloading from central: https://repo.maven.apache.org/maven2/org/apache/derby/derby/10.15.2.0/derby-10.15.2.0.jar
[INFO] Downloaded from central: https://repo.maven.apache.org/maven2/org/apache/derby/derby/10.15.2.0/derby-10.15.2.0.jar (3.7 MB at 388 kB/s)
[INFO] Downloading from central: https://repo.maven.apache.org/maven2/org/apache/derby/derbyshared/10.15.2.0/derbyshared-10.15.2.0.jar
[INFO] Downloaded from central: https://repo.maven.apache.org/maven2/org/apache/derby/derbyshared/10.15.2.0/derbyshared-10.15.2.0.jar (94 kB at 98 kB/s)
[INFO] 
[INFO] --- enforcer:3.0.0-M2:enforce (default) @ muprocessmanager ---
[INFO] 
[INFO] --- copy-rename:1.0.1:copy (copy-file) @ muprocessmanager ---
[INFO] Copied /home/zhihao/hdd/marshal-task-tmp/derby-10.15-fse/muprocess-arms/a1/contrib/derby/database-create.sql to /home/zhihao/hdd/marshal-task-tmp/derby-10.15-fse/muprocess-arms/a1/src/main/resources/org/gautelis/muprocessmanager/default-database-create.sql
[INFO] Copied /home/zhihao/hdd/marshal-task-tmp/derby-10.15-fse/muprocess-arms/a1/contrib/derby/sql-statements.xml to /home/zhihao/hdd/marshal-task-tmp/derby-10.15-fse/muprocess-arms/a1/src/main/resources/org/gautelis/muprocessmanager/sql-statements.xml
[INFO] 
[INFO] --- resources:3.3.1:resources (default-resources) @ muprocessmanager ---
[INFO] Copying 5 resources from src/main/resources to target/classes
[INFO] 
[INFO] --- compiler:3.8.0:compile (default-compile) @ muprocessmanager ---
[INFO] Nothing to compile - all classes are up to date
[INFO] 
[INFO] --- resources:3.3.1:testResources (default-testResources) @ muprocessmanager ---
[INFO] Copying 1 resource from src/test/resources to target/test-classes
[INFO] 
[INFO] --- compiler:3.8.0:testCompile (default-testCompile) @ muprocessmanager ---
[INFO] Nothing to compile - all classes are up to date
[INFO] 
[INFO] --- surefire:3.2.5:test (default-test) @ muprocessmanager ---
[INFO] Using auto detected provider org.apache.maven.surefire.junit4.JUnit4Provider
[INFO] 
[INFO] -------------------------------------------------------
[INFO]  T E S T S
[INFO] -------------------------------------------------------
[INFO] Running test.AppTest

[ERROR] Tests run: 1, Failures: 1, Errors: 0, Skipped: 0, Time elapsed: 0.524 s <<< FAILURE! -- in test.AppTest
[ERROR] test.AppTest.testVolatileProcess -- Time elapsed: 0.078 s <<< FAILURE!
junit.framework.AssertionFailedError: No MuProcessManager available: Is another process using our database?
	at junit.framework.Assert.fail(Assert.java:57)
	at junit.framework.TestCase.fail(TestCase.java:223)
	at test.AppTest.testVolatileProcess(AppTest.java:88)
	at java.base/jdk.internal.reflect.DirectMethodHandleAccessor.invoke(DirectMethodHandleAccessor.java:103)
	at java.base/java.lang.reflect.Method.invoke(Method.java:580)
	at junit.framework.TestCase.runTest(TestCase.java:177)
	at junit.framework.TestCase.runBare(TestCase.java:142)
	at junit.framework.TestResult$1.protect(TestResult.java:122)
	at junit.framework.TestResult.runProtected(TestResult.java:142)
	at junit.framework.TestResult.run(TestResult.java:125)
	at junit.framework.TestCase.run(TestCase.java:130)
	at junit.framework.TestSuite.runTest(TestSuite.java:241)
	at junit.framework.TestSuite.run(TestSuite.java:236)
	at org.junit.internal.runners.JUnit38ClassRunner.run(JUnit38ClassRunner.java:90)
	at org.apache.maven.surefire.junit4.JUnit4Provider.execute(JUnit4Provider.java:316)
	at org.apache.maven.surefire.junit4.JUnit4Provider.executeWithRerun(JUnit4Provider.java:240)
	at org.apache.maven.surefire.junit4.JUnit4Provider.executeTestSet(JUnit4Provider.java:214)
	at org.apache.maven.surefire.junit4.JUnit4Provider.invoke(JUnit4Provider.java:155)
	at org.apache.maven.surefire.booter.ForkedBooter.runSuitesInProcess(ForkedBooter.java:385)
	at org.apache.maven.surefire.booter.ForkedBooter.execute(ForkedBooter.java:162)
	at org.apache.maven.surefire.booter.ForkedBooter.run(ForkedBooter.java:507)
	at org.apache.maven.surefire.booter.ForkedBooter.main(ForkedBooter.java:495)

[INFO] 
[INFO] Results:
[INFO] 
[ERROR] Failures: 
[ERROR]   AppTest.testVolatileProcess:88 No MuProcessManager available: Is another process using our database?
[INFO] 
[ERROR] Tests run: 1, Failures: 1, Errors: 0, Skipped: 0
[INFO] 
[INFO] ------------------------------------------------------------------------
[INFO] BUILD FAILURE
[INFO] ------------------------------------------------------------------------
[INFO] Total time:  14.171 s
[INFO] Finished at: 2026-08-25T00:34:01+08:00
[INFO] ------------------------------------------------------------------------
[ERROR] Failed to execute goal org.apache.maven.plugins:maven-surefire-plugin:3.2.5:test (default-test) on project muprocessmanager: There are test failures.
[ERROR] 
[ERROR] Please refer to /home/zhihao/hdd/marshal-task-tmp/derby-10.15-fse/muprocess-arms/a1/target/surefire-reports for the individual test results.
[ERROR] Please refer to dump files (if any exist) [date].dump, [date]-jvmRun[N].dump and [date].dumpstream.
[ERROR] -> [Help 1]
[ERROR] 
[ERROR] To see the full stack trace of the errors, re-run Maven with the -e switch.
[ERROR] Re-run Maven using the -X switch to enable full debug logging.
[ERROR] 
[ERROR] For more information about the errors and possible solutions, please read the following articles:
[ERROR] [Help 1] http://cwiki.apache.org/confluence/display/MAVEN/MojoFailureException
