[INFO] Scanning for projects...
[WARNING] The project org.gautelis:muprocessmanager:jar:2.0-SNAPSHOT uses prerequisites which is only intended for maven-plugin projects but not for non maven-plugin projects. For such purposes you should use the maven-enforcer-plugin. See https://maven.apache.org/enforcer/enforcer-rules/requireMavenVersion.html
[INFO] 
[INFO] -------------------< org.gautelis:muprocessmanager >--------------------
[INFO] Building org.gautelis:muprocessmanager 2.0-SNAPSHOT
[INFO]   from pom.xml
[INFO] --------------------------------[ jar ]---------------------------------
[INFO] Downloading from central: https://repo.maven.apache.org/maven2/org/apache/derby/derby/10.15.2.0/derby-10.15.2.0.pom
[INFO] Downloaded from central: https://repo.maven.apache.org/maven2/org/apache/derby/derby/10.15.2.0/derby-10.15.2.0.pom (2.5 kB at 2.7 kB/s)
[INFO] Downloading from central: https://repo.maven.apache.org/maven2/org/apache/derby/derbyshared/10.15.2.0/derbyshared-10.15.2.0.pom
[INFO] Downloaded from central: https://repo.maven.apache.org/maven2/org/apache/derby/derbyshared/10.15.2.0/derbyshared-10.15.2.0.pom (2.2 kB at 9.0 kB/s)
[INFO] Downloading from central: https://repo.maven.apache.org/maven2/org/apache/derby/derbytools/10.15.2.0/derbytools-10.15.2.0.pom
[INFO] Downloaded from central: https://repo.maven.apache.org/maven2/org/apache/derby/derbytools/10.15.2.0/derbytools-10.15.2.0.pom (2.4 kB at 11 kB/s)
[INFO] Downloading from central: https://repo.maven.apache.org/maven2/org/apache/derby/derby/10.15.2.0/derby-10.15.2.0.jar
[INFO] Downloaded from central: https://repo.maven.apache.org/maven2/org/apache/derby/derby/10.15.2.0/derby-10.15.2.0.jar (3.7 MB at 1.7 MB/s)
[INFO] Downloading from central: https://repo.maven.apache.org/maven2/org/apache/derby/derbyshared/10.15.2.0/derbyshared-10.15.2.0.jar
[INFO] Downloading from central: https://repo.maven.apache.org/maven2/org/apache/derby/derbytools/10.15.2.0/derbytools-10.15.2.0.jar
[INFO] Downloaded from central: https://repo.maven.apache.org/maven2/org/apache/derby/derbytools/10.15.2.0/derbytools-10.15.2.0.jar (264 kB at 597 kB/s)
[INFO] Downloaded from central: https://repo.maven.apache.org/maven2/org/apache/derby/derbyshared/10.15.2.0/derbyshared-10.15.2.0.jar (94 kB at 87 kB/s)
[INFO] 
[INFO] --- enforcer:3.0.0-M2:enforce (default) @ muprocessmanager ---
[INFO] 
[INFO] --- copy-rename:1.0.1:copy (copy-file) @ muprocessmanager ---
[INFO] Copied /home/zhihao/hdd/marshal-task-tmp/derby-10.15-fse/muprocess-arms/a2/contrib/derby/database-create.sql to /home/zhihao/hdd/marshal-task-tmp/derby-10.15-fse/muprocess-arms/a2/src/main/resources/org/gautelis/muprocessmanager/default-database-create.sql
[INFO] Copied /home/zhihao/hdd/marshal-task-tmp/derby-10.15-fse/muprocess-arms/a2/contrib/derby/sql-statements.xml to /home/zhihao/hdd/marshal-task-tmp/derby-10.15-fse/muprocess-arms/a2/src/main/resources/org/gautelis/muprocessmanager/sql-statements.xml
[INFO] 
[INFO] --- resources:3.3.1:resources (default-resources) @ muprocessmanager ---
[INFO] Copying 5 resources from src/main/resources to target/classes
[INFO] 
[INFO] --- compiler:3.8.0:compile (default-compile) @ muprocessmanager ---
[INFO] Nothing to compile - all classes are up to date
[INFO] 
[INFO] --- resources:3.3.1:testResources (default-testResources) @ muprocessmanager ---
[INFO] Copying 1 resource from src/test/resources to target/test-classes
[INFO] 
[INFO] --- compiler:3.8.0:testCompile (default-testCompile) @ muprocessmanager ---
[INFO] Nothing to compile - all classes are up to date
[INFO] 
[INFO] --- surefire:3.2.5:test (default-test) @ muprocessmanager ---
[INFO] Using auto detected provider org.apache.maven.surefire.junit4.JUnit4Provider
[INFO] 
[INFO] -------------------------------------------------------
[INFO]  T E S T S
[INFO] -------------------------------------------------------
[INFO] Running test.AppTest

Target database: Derby
Running script "default-database-create.sql"...
Process manager asynchronous background task started.

---- MuVolatileProcess test ----
First forward activity: org.gautelis.muprocessmanager.payload.MuNativeActivityParameters[{key="arg1" value="param1"}]
Second forward activity: org.gautelis.muprocessmanager.payload.MuNativeActivityParameters[{key="arg2" value="42"}{key="arg1" value="param1"}]
Third forward activity: org.gautelis.muprocessmanager.payload.MuNativeActivityParameters[{key="arg3" value="true"}{key="arg2" value="42"}{key="arg1" value="param1"}]
Simulated FAILURE
Third backward activity: org.gautelis.muprocessmanager.payload.MuNativeActivityParameters[{key="arg3" value="true"}{key="arg2" value="42"}{key="arg1" value="param1"}]
Second backward activity: org.gautelis.muprocessmanager.payload.MuNativeActivityParameters[{key="arg3" value="true"}{key="arg2" value="42"}{key="arg1" value="param1"}]
First backward activity: org.gautelis.muprocessmanager.payload.MuNativeActivityParameters[{key="arg3" value="true"}{key="arg2" value="42"}{key="arg1" value="param1"}]
Failure during process execution: Forward activity failed and also failed to compensate all activities
Process manager asynchronous background task stopped.
[INFO] Tests run: 1, Failures: 0, Errors: 0, Skipped: 0, Time elapsed: 83.14 s -- in test.AppTest
[INFO] 
[INFO] Results:
[INFO] 
[INFO] Tests run: 1, Failures: 0, Errors: 0, Skipped: 0
[INFO] 
[INFO] ------------------------------------------------------------------------
[INFO] BUILD SUCCESS
[INFO] ------------------------------------------------------------------------
[INFO] Total time:  01:29 min
[INFO] Finished at: 2026-08-25T00:35:16+08:00
[INFO] ------------------------------------------------------------------------
