Modules with known eventlet monkey patching issues were imported prior to eventlet monkey patching: oslo_context.context, urllib3. This warning can usually be ignored if the caller is only importing and not executing nova code.
Modules with known eventlet monkey patching issues were imported prior to eventlet monkey patching: urllib3, oslo_context.context. This warning can usually be ignored if the caller is only importing and not executing nova code.
Modules with known eventlet monkey patching issues were imported prior to eventlet monkey patching: oslo_context.context, urllib3. This warning can usually be ignored if the caller is only importing and not executing nova code.
Modules with known eventlet monkey patching issues were imported prior to eventlet monkey patching: urllib3, oslo_context.context. This warning can usually be ignored if the caller is only importing and not executing nova code.
Modules with known eventlet monkey patching issues were imported prior to eventlet monkey patching: urllib3, oslo_context.context. This warning can usually be ignored if the caller is only importing and not executing nova code.
Modules with known eventlet monkey patching issues were imported prior to eventlet monkey patching: oslo_context.context, urllib3. This warning can usually be ignored if the caller is only importing and not executing nova code.
Modules with known eventlet monkey patching issues were imported prior to eventlet monkey patching: urllib3, oslo_context.context. This warning can usually be ignored if the caller is only importing and not executing nova code.
2026-08-30 13:28:55.763 4139946 INFO oslo_service.periodic_task [req-e3116b91-8e6e-40e9-a71a-c6638049dd9a fake_user 6a6a9c9eee154e9cb8cec487b98d36ab - - -] Skipping periodic task _discover_hosts_in_cells because its interval is negative[00m
2026-08-30 13:28:55.785 4139946 ERROR stevedore.extension [req-e3116b91-8e6e-40e9-a71a-c6638049dd9a fake_user 6a6a9c9eee154e9cb8cec487b98d36ab - - -] Could not load 'oslo_cache.etcd3gw': No module named 'etcd3gw': ModuleNotFoundError: No module named 'etcd3gw'[00m
2026-08-30 13:28:55.787 4139946 ERROR stevedore.extension [req-e3116b91-8e6e-40e9-a71a-c6638049dd9a fake_user 6a6a9c9eee154e9cb8cec487b98d36ab - - -] Could not load 'oslo_cache.memcache_pool': No module named 'memcache': ModuleNotFoundError: No module named 'memcache'[00m
2026-08-30 13:28:55.763 4139948 INFO oslo_service.periodic_task [req-3afa1055-8427-4bff-9c18-e9b0717e31b8 fake_user 6a6a9c9eee154e9cb8cec487b98d36ab - - -] Skipping periodic task _discover_hosts_in_cells because its interval is negative[00m
2026-08-30 13:28:55.786 4139948 ERROR stevedore.extension [req-3afa1055-8427-4bff-9c18-e9b0717e31b8 fake_user 6a6a9c9eee154e9cb8cec487b98d36ab - - -] Could not load 'oslo_cache.etcd3gw': No module named 'etcd3gw': ModuleNotFoundError: No module named 'etcd3gw'[00m
2026-08-30 13:28:55.787 4139948 ERROR stevedore.extension [req-3afa1055-8427-4bff-9c18-e9b0717e31b8 fake_user 6a6a9c9eee154e9cb8cec487b98d36ab - - -] Could not load 'oslo_cache.memcache_pool': No module named 'memcache': ModuleNotFoundError: No module named 'memcache'[00m
2026-08-30 13:28:55.764 4139951 INFO oslo_service.periodic_task [req-9ec1fc6c-a2fd-4ff9-aa81-47a54de3b6c2 fake_user 6a6a9c9eee154e9cb8cec487b98d36ab - - -] Skipping periodic task _discover_hosts_in_cells because its interval is negative[00m
2026-08-30 13:28:55.786 4139951 ERROR stevedore.extension [req-9ec1fc6c-a2fd-4ff9-aa81-47a54de3b6c2 fake_user 6a6a9c9eee154e9cb8cec487b98d36ab - - -] Could not load 'oslo_cache.etcd3gw': No module named 'etcd3gw': ModuleNotFoundError: No module named 'etcd3gw'[00m
2026-08-30 13:28:55.788 4139951 ERROR stevedore.extension [req-9ec1fc6c-a2fd-4ff9-aa81-47a54de3b6c2 fake_user 6a6a9c9eee154e9cb8cec487b98d36ab - - -] Could not load 'oslo_cache.memcache_pool': No module named 'memcache': ModuleNotFoundError: No module named 'memcache'[00m
2026-08-30 13:28:55.770 4139949 INFO oslo_service.periodic_task [req-f3f55a10-fc18-4e1d-908f-8667161bb512 fake_user 6a6a9c9eee154e9cb8cec487b98d36ab - - -] Skipping periodic task _discover_hosts_in_cells because its interval is negative[00m
2026-08-30 13:28:55.792 4139949 ERROR stevedore.extension [req-f3f55a10-fc18-4e1d-908f-8667161bb512 fake_user 6a6a9c9eee154e9cb8cec487b98d36ab - - -] Could not load 'oslo_cache.etcd3gw': No module named 'etcd3gw': ModuleNotFoundError: No module named 'etcd3gw'[00m
2026-08-30 13:28:55.794 4139949 ERROR stevedore.extension [req-f3f55a10-fc18-4e1d-908f-8667161bb512 fake_user 6a6a9c9eee154e9cb8cec487b98d36ab - - -] Could not load 'oslo_cache.memcache_pool': No module named 'memcache': ModuleNotFoundError: No module named 'memcache'[00m
2026-08-30 13:28:55.764 4139952 INFO oslo_service.periodic_task [req-7d932871-e5d4-42d9-9fdd-c70c9b240e01 fake_user 6a6a9c9eee154e9cb8cec487b98d36ab - - -] Skipping periodic task _discover_hosts_in_cells because its interval is negative[00m
2026-08-30 13:28:55.786 4139952 ERROR stevedore.extension [req-7d932871-e5d4-42d9-9fdd-c70c9b240e01 fake_user 6a6a9c9eee154e9cb8cec487b98d36ab - - -] Could not load 'oslo_cache.etcd3gw': No module named 'etcd3gw': ModuleNotFoundError: No module named 'etcd3gw'[00m
2026-08-30 13:28:55.788 4139952 ERROR stevedore.extension [req-7d932871-e5d4-42d9-9fdd-c70c9b240e01 fake_user 6a6a9c9eee154e9cb8cec487b98d36ab - - -] Could not load 'oslo_cache.memcache_pool': No module named 'memcache': ModuleNotFoundError: No module named 'memcache'[00m
2026-08-30 13:28:55.805 4139947 INFO oslo_service.periodic_task [req-f286dbcd-e187-44dc-9b60-193d286456e9 fake_user 6a6a9c9eee154e9cb8cec487b98d36ab - - -] Skipping periodic task _discover_hosts_in_cells because its interval is negative[00m
2026-08-30 13:28:55.827 4139947 ERROR stevedore.extension [req-f286dbcd-e187-44dc-9b60-193d286456e9 fake_user 6a6a9c9eee154e9cb8cec487b98d36ab - - -] Could not load 'oslo_cache.etcd3gw': No module named 'etcd3gw': ModuleNotFoundError: No module named 'etcd3gw'[00m
2026-08-30 13:28:55.828 4139947 ERROR stevedore.extension [req-f286dbcd-e187-44dc-9b60-193d286456e9 fake_user 6a6a9c9eee154e9cb8cec487b98d36ab - - -] Could not load 'oslo_cache.memcache_pool': No module named 'memcache': ModuleNotFoundError: No module named 'memcache'[00m
{2} nova.tests.unit.cmd.test_manage.CellV2CommandsTestCase.test_map_cell0_default_database [0.886422s] ... ok
/home/zhihao/hdd/marshal/.work/fresh_788339_nova/output/replay-work/formal-opendev-788339--target-788471/target-a2/.tox/py3/lib/python3.8/site-packages/migrate/versioning/schema.py:182: SADeprecationWarning: The Table.exists() method is deprecated and will be removed in a future release.  Please refer to Inspector.has_table(). (deprecated since: 1.4)
  if not table.exists():
/home/zhihao/hdd/marshal/.work/fresh_788339_nova/output/replay-work/formal-opendev-788339--target-788471/target-a2/nova/db/sqlalchemy/migrate_repo/versions/402_train.py:113: SADeprecationWarning: The Column.copy() method is deprecated and will be removed in a future release. (deprecated since: 1.4)
  column_copy = column.copy()
{0} nova.tests.unit.cmd.test_manage.CellV2CommandsTestCase.test_map_cell0_default_database_special_characters_3_mysql_pymysql___nova_abcd0123_AB_controller__s [0.938960s] ... ok
{5} nova.tests.unit.cmd.test_manage.CellV2CommandsTestCase.test_map_cell0_default_database_special_characters_2_mysql_pymysql___nova_abcd0123_AB_controller__s [0.892655s] ... ok
{4} nova.tests.unit.cmd.test_manage.CellV2CommandsTestCase.test_map_cell0_default_database_special_characters_4_mysql_pymysql___nova_abcd0123_AB_controller__s [0.899017s] ... ok
{1} nova.tests.unit.cmd.test_manage.CellV2CommandsTestCase.test_map_cell0_default_database_special_characters_1_mysql_pymysql___nova_abcd0123_AB_controller__s [0.859605s] ... ok
{3} nova.tests.unit.cmd.test_manage.CellV2CommandsTestCase.test_map_cell0_default_database_special_characters_5_mysql_pymysql___test_abcd0123_AB_controller__s_charset_utf8 [0.879607s] ... ok
/home/zhihao/hdd/marshal/.work/fresh_788339_nova/output/replay-work/formal-opendev-788339--target-788471/target-a2/.tox/py3/lib/python3.8/site-packages/migrate/versioning/schema.py:182: SADeprecationWarning: The Table.exists() method is deprecated and will be removed in a future release.  Please refer to Inspector.has_table(). (deprecated since: 1.4)
  if not table.exists():
/home/zhihao/hdd/marshal/.work/fresh_788339_nova/output/replay-work/formal-opendev-788339--target-788471/target-a2/nova/db/sqlalchemy/migrate_repo/versions/402_train.py:113: SADeprecationWarning: The Column.copy() method is deprecated and will be removed in a future release. (deprecated since: 1.4)
  column_copy = column.copy()
/home/zhihao/hdd/marshal/.work/fresh_788339_nova/output/replay-work/formal-opendev-788339--target-788471/target-a2/.tox/py3/lib/python3.8/site-packages/migrate/versioning/schema.py:182: SADeprecationWarning: The Table.exists() method is deprecated and will be removed in a future release.  Please refer to Inspector.has_table(). (deprecated since: 1.4)
  if not table.exists():
/home/zhihao/hdd/marshal/.work/fresh_788339_nova/output/replay-work/formal-opendev-788339--target-788471/target-a2/nova/db/sqlalchemy/migrate_repo/versions/402_train.py:113: SADeprecationWarning: The Column.copy() method is deprecated and will be removed in a future release. (deprecated since: 1.4)
  column_copy = column.copy()
/home/zhihao/hdd/marshal/.work/fresh_788339_nova/output/replay-work/formal-opendev-788339--target-788471/target-a2/.tox/py3/lib/python3.8/site-packages/migrate/versioning/schema.py:182: SADeprecationWarning: The Table.exists() method is deprecated and will be removed in a future release.  Please refer to Inspector.has_table(). (deprecated since: 1.4)
  if not table.exists():
/home/zhihao/hdd/marshal/.work/fresh_788339_nova/output/replay-work/formal-opendev-788339--target-788471/target-a2/nova/db/sqlalchemy/migrate_repo/versions/402_train.py:113: SADeprecationWarning: The Column.copy() method is deprecated and will be removed in a future release. (deprecated since: 1.4)
  column_copy = column.copy()
/home/zhihao/hdd/marshal/.work/fresh_788339_nova/output/replay-work/formal-opendev-788339--target-788471/target-a2/.tox/py3/lib/python3.8/site-packages/migrate/versioning/schema.py:182: SADeprecationWarning: The Table.exists() method is deprecated and will be removed in a future release.  Please refer to Inspector.has_table(). (deprecated since: 1.4)
  if not table.exists():
/home/zhihao/hdd/marshal/.work/fresh_788339_nova/output/replay-work/formal-opendev-788339--target-788471/target-a2/nova/db/sqlalchemy/migrate_repo/versions/402_train.py:113: SADeprecationWarning: The Column.copy() method is deprecated and will be removed in a future release. (deprecated since: 1.4)
  column_copy = column.copy()
/home/zhihao/hdd/marshal/.work/fresh_788339_nova/output/replay-work/formal-opendev-788339--target-788471/target-a2/.tox/py3/lib/python3.8/site-packages/migrate/versioning/schema.py:182: SADeprecationWarning: The Table.exists() method is deprecated and will be removed in a future release.  Please refer to Inspector.has_table(). (deprecated since: 1.4)
  if not table.exists():
/home/zhihao/hdd/marshal/.work/fresh_788339_nova/output/replay-work/formal-opendev-788339--target-788471/target-a2/nova/db/sqlalchemy/migrate_repo/versions/402_train.py:113: SADeprecationWarning: The Column.copy() method is deprecated and will be removed in a future release. (deprecated since: 1.4)
  column_copy = column.copy()
[93mReadline features including tab completion have been disabled because
no supported version of readline was found. To resolve this, install
pyreadline on Windows or gnureadline on Mac.

[39m
======
Totals
======
Ran: 6 tests in 0.9661 sec.
 - Passed: 6
 - Skipped: 0
 - Expected Fail: 0
 - Unexpected Success: 0
 - Failed: 0
Sum of execute time for each test: 5.3563 sec.

==============
Worker Balance
==============
 - Worker 0 (1 tests) => 0:00:00.938960
 - Worker 1 (1 tests) => 0:00:00.859605
 - Worker 2 (1 tests) => 0:00:00.886422
 - Worker 3 (1 tests) => 0:00:00.879607
 - Worker 4 (1 tests) => 0:00:00.899017
 - Worker 5 (1 tests) => 0:00:00.892655
