2026-08-26 21:36:28.672 572668 INFO oslo_service.periodic_task [None req-291ca2ad-68ad-45be-941d-6a7a2069a7ba - - - - - -] Skipping periodic task _discover_hosts_in_cells because its interval is negative
2026-08-26 21:36:28.674 572663 INFO oslo_service.periodic_task [None req-eb360b6d-9ce3-4325-9999-d851db1dc33c - - - - - -] Skipping periodic task _discover_hosts_in_cells because its interval is negative
2026-08-26 21:36:28.692 572676 INFO oslo_service.periodic_task [None req-3d940d9c-12c5-4f9f-bf11-c544ddc37bf2 - - - - - -] Skipping periodic task _discover_hosts_in_cells because its interval is negative
2026-08-26 21:36:28.692 572674 INFO oslo_service.periodic_task [None req-0163c1dd-58d0-4d04-a813-9f3a444e3196 - - - - - -] Skipping periodic task _discover_hosts_in_cells because its interval is negative
2026-08-26 21:36:28.701 572677 INFO oslo_service.periodic_task [None req-6052ce15-2767-4bc7-a583-83173e448f3c - - - - - -] Skipping periodic task _discover_hosts_in_cells because its interval is negative
2026-08-26 21:36:28.702 572678 INFO oslo_service.periodic_task [None req-816d8f5f-6cf0-4cfb-8159-bcde6acebe46 - - - - - -] Skipping periodic task _discover_hosts_in_cells because its interval is negative
2026-08-26 21:36:28.708 572675 INFO oslo_service.periodic_task [None req-f020455e-1455-4319-aafe-c79d50019089 - - - - - -] Skipping periodic task _discover_hosts_in_cells because its interval is negative
2026-08-26 21:36:28.714 572673 INFO oslo_service.periodic_task [None req-5baec719-e52d-4a41-9547-12bcda84b2d0 - - - - - -] Skipping periodic task _discover_hosts_in_cells because its interval is negative
2026-08-26 21:36:28.714 572680 INFO oslo_service.periodic_task [None req-ef539f72-c303-4d1d-a939-a138db2ad788 - - - - - -] Skipping periodic task _discover_hosts_in_cells because its interval is negative
2026-08-26 21:36:28.725 572665 INFO oslo_service.periodic_task [None req-dfb28052-f2da-4e2e-8318-127b3540890a - - - - - -] Skipping periodic task _discover_hosts_in_cells because its interval is negative
2026-08-26 21:36:28.726 572664 INFO oslo_service.periodic_task [None req-c4511b42-a796-49e1-8fc5-a1a4eeb5b8b4 - - - - - -] Skipping periodic task _discover_hosts_in_cells because its interval is negative
2026-08-26 21:36:28.736 572667 INFO oslo_service.periodic_task [None req-10993582-2c41-4cae-9683-d70a263f0150 - - - - - -] Skipping periodic task _discover_hosts_in_cells because its interval is negative
2026-08-26 21:36:28.740 572669 INFO oslo_service.periodic_task [None req-be9f8989-8d18-4c32-b117-b41530c4351c - - - - - -] Skipping periodic task _discover_hosts_in_cells because its interval is negative
2026-08-26 21:36:28.744 572672 INFO oslo_service.periodic_task [None req-6b64166f-1308-4f19-bc80-77442345fd1e - - - - - -] Skipping periodic task _discover_hosts_in_cells because its interval is negative
2026-08-26 21:36:28.776 572666 INFO oslo_service.periodic_task [None req-1867da63-f253-4a65-94a5-36e61e7fe5d8 - - - - - -] Skipping periodic task _discover_hosts_in_cells because its interval is negative
2026-08-26 21:36:28.784 572671 INFO oslo_service.periodic_task [None req-c0d4534d-0df1-4696-a9ba-f7c39a722695 - - - - - -] Skipping periodic task _discover_hosts_in_cells because its interval is negative
2026-08-26 21:36:28.787 572679 INFO oslo_service.periodic_task [None req-a1430f95-f582-4ad1-9381-02d54fa3b4cb - - - - - -] Skipping periodic task _discover_hosts_in_cells because its interval is negative
2026-08-26 21:36:28.789 572670 INFO oslo_service.periodic_task [None req-58c8258e-b818-48f5-aed2-501372455a46 - - - - - -] Skipping periodic task _discover_hosts_in_cells because its interval is negative
{15} nova.tests.functional.test_report_client.SchedulerReportClientTests.test_alloc_cands_smoke [0.647065s] ... ok
{11} nova.tests.functional.test_report_client.SchedulerReportClientTests.test__set_inventory_reserved_eq_total [0.671562s] ... ok
{4} nova.tests.functional.test_report_client.SchedulerReportClientTests.test_global_request_id [0.762174s] ... ok
{12} nova.tests.functional.test_report_client.SchedulerReportClientTests.test_client_report_smoke [0.806896s] ... ok
{6} nova.tests.functional.test_report_client.SchedulerReportClientTests.test_non_tree_aggregate_membership [0.823803s] ... ok
{0} nova.tests.functional.test_report_client.SchedulerReportClientTests.test_allocation_candidates_root_traits_1 [0.891930s] ... ok
{17} nova.tests.functional.test_report_client.SchedulerReportClientTests.test_allocation_candidates_mappings [0.865213s] ... ok
{5} nova.tests.functional.test_report_client.SchedulerReportClientTests.test_set_inventory_for_provider [0.948466s] ... ok
{13} nova.tests.functional.test_report_client.SchedulerReportClientTests.test_get_allocations_for_provider_tree [0.978806s] ... ok
{16} nova.tests.functional.test_report_client.SchedulerReportClientTests.test_allocation_candidates_root_traits_3 [0.889739s] ... ok
{10} nova.tests.functional.test_report_client.SchedulerReportClientTests.test_update_from_provider_tree_reshape_conflict_retry [0.989439s] ... ok
{9} nova.tests.functional.test_report_client.SchedulerReportClientTests.test_allocation_candidates_root_traits_4 [0.962203s] ... ok
{2} nova.tests.functional.test_report_client.SchedulerReportClientTests.test_allocation_candidates_root_traits_5 [0.996027s] ... ok
{7} nova.tests.functional.test_report_client.SchedulerReportClientTests.test_allocation_candidates_root_traits_2 [0.979461s] ... ok
{1} nova.tests.functional.test_report_client.SchedulerReportClientTests.test_reshape [1.226676s] ... ok
{8} nova.tests.functional.test_report_client.SchedulerReportClientTests.test_get_provider_tree_with_nested_and_aggregates [1.218614s] ... ok
{3} nova.tests.functional.test_report_client.SchedulerReportClientTests.test_update_from_provider_tree [1.263150s] ... ok
{14} nova.tests.functional.test_report_client.SchedulerReportClientTests.test_update_from_provider_tree_reshape [1.885230s] ... ok

======
Totals
======
Ran: 18 tests in 1.9132 sec.
 - Passed: 18
 - Skipped: 0
 - Expected Fail: 0
 - Unexpected Success: 0
 - Failed: 0
Sum of execute time for each test: 17.8065 sec.

==============
Worker Balance
==============
 - Worker 0 (1 tests) => 0:00:00.891930
 - Worker 1 (1 tests) => 0:00:01.226676
 - Worker 2 (1 tests) => 0:00:00.996027
 - Worker 3 (1 tests) => 0:00:01.263150
 - Worker 4 (1 tests) => 0:00:00.762174
 - Worker 5 (1 tests) => 0:00:00.948466
 - Worker 6 (1 tests) => 0:00:00.823803
 - Worker 7 (1 tests) => 0:00:00.979461
 - Worker 8 (1 tests) => 0:00:01.218614
 - Worker 9 (1 tests) => 0:00:00.962203
 - Worker 10 (1 tests) => 0:00:00.989439
 - Worker 11 (1 tests) => 0:00:00.671562
 - Worker 12 (1 tests) => 0:00:00.806896
 - Worker 13 (1 tests) => 0:00:00.978806
 - Worker 14 (1 tests) => 0:00:01.885230
 - Worker 15 (1 tests) => 0:00:00.647065
 - Worker 16 (1 tests) => 0:00:00.889739
 - Worker 17 (1 tests) => 0:00:00.865213
