[INFO] Scanning for projects...
[INFO] 
[INFO] ----------------< net.masterthought:cucumber-reporting >----------------
[INFO] Building cucumber-reporting 5.7.6-SNAPSHOT
[INFO]   from pom.xml
[INFO] --------------------------------[ jar ]---------------------------------
[INFO] 
[INFO] --- clean:3.2.0:clean (default-clean) @ cucumber-reporting ---
[INFO] Deleting /cucumber-reporting/target
[INFO] 
[INFO] --- enforcer:1.0:enforce (enforce-maven) @ cucumber-reporting ---
[INFO] 
[INFO] --- jacoco:0.8.6:prepare-agent (default) @ cucumber-reporting ---
[INFO] argLine set to -javaagent:/root/.m2/repository/org/jacoco/org.jacoco.agent/0.8.6/org.jacoco.agent-0.8.6-runtime.jar=destfile=/cucumber-reporting/target/jacoco.exec
[INFO] 
[INFO] --- resources:3.3.0:resources (default-resources) @ cucumber-reporting ---
[INFO] Copying 58 resources
[INFO] 
[INFO] --- compiler:3.8.1:compile (default-compile) @ cucumber-reporting ---
[INFO] Changes detected - recompiling the module!
[INFO] Compiling 59 source files to /cucumber-reporting/target/classes
[INFO] 
[INFO] --- resources:3.3.0:testResources (default-testResources) @ cucumber-reporting ---
[INFO] Copying 25 resources
[INFO] 
[INFO] --- compiler:3.8.1:testCompile (default-testCompile) @ cucumber-reporting ---
[INFO] Changes detected - recompiling the module!
[INFO] Compiling 92 source files to /cucumber-reporting/target/test-classes
[INFO] /cucumber-reporting/src/test/java/net/masterthought/cucumber/generators/integrations/helpers/WebAssertion.java: /cucumber-reporting/src/test/java/net/masterthought/cucumber/generators/integrations/helpers/WebAssertion.java uses or overrides a deprecated API.
[INFO] /cucumber-reporting/src/test/java/net/masterthought/cucumber/generators/integrations/helpers/WebAssertion.java: Recompile with -Xlint:deprecation for details.
[INFO] /cucumber-reporting/src/test/java/net/masterthought/cucumber/json/deserializers/TagsDeserializerTest.java: Some input files use unchecked or unsafe operations.
[INFO] /cucumber-reporting/src/test/java/net/masterthought/cucumber/json/deserializers/TagsDeserializerTest.java: Recompile with -Xlint:unchecked for details.
[INFO] 
[INFO] --- surefire:2.18.1:test (default-test) @ cucumber-reporting ---
[INFO] Surefire report directory: /cucumber-reporting/target/surefire-reports

-------------------------------------------------------
 T E S T S
-------------------------------------------------------
Running net.masterthought.cucumber.ValidationExceptionTest
Tests run: 3, Failures: 0, Errors: 0, Skipped: 0, Time elapsed: 0.083 sec - in net.masterthought.cucumber.ValidationExceptionTest
Running net.masterthought.cucumber.EmptyReportableTest
Tests run: 1, Failures: 0, Errors: 0, Skipped: 0, Time elapsed: 0 sec - in net.masterthought.cucumber.EmptyReportableTest
Running net.masterthought.cucumber.util.StepNameFormatterTest
Tests run: 11, Failures: 0, Errors: 0, Skipped: 0, Time elapsed: 0.995 sec - in net.masterthought.cucumber.util.StepNameFormatterTest
Running net.masterthought.cucumber.util.CounterTest
Tests run: 1, Failures: 0, Errors: 0, Skipped: 0, Time elapsed: 0.001 sec - in net.masterthought.cucumber.util.CounterTest
Running net.masterthought.cucumber.util.UtilTest
Tests run: 5, Failures: 0, Errors: 0, Skipped: 0, Time elapsed: 0.099 sec - in net.masterthought.cucumber.util.UtilTest
Running net.masterthought.cucumber.ReportResultMergeTest
Tests run: 7, Failures: 0, Errors: 0, Skipped: 0, Time elapsed: 0.072 sec - in net.masterthought.cucumber.ReportResultMergeTest
Running net.masterthought.cucumber.reducers.ReportFeatureMergerFactoryTest
Tests run: 2, Failures: 0, Errors: 0, Skipped: 0, Time elapsed: 0 sec - in net.masterthought.cucumber.reducers.ReportFeatureMergerFactoryTest
Running net.masterthought.cucumber.reducers.ReportFeatureAppendableMergerTest
Tests run: 3, Failures: 0, Errors: 0, Skipped: 0, Time elapsed: 0.001 sec - in net.masterthought.cucumber.reducers.ReportFeatureAppendableMergerTest
Running net.masterthought.cucumber.reducers.ElementComparatorTest
Tests run: 2, Failures: 0, Errors: 0, Skipped: 0, Time elapsed: 0.047 sec - in net.masterthought.cucumber.reducers.ElementComparatorTest
Running net.masterthought.cucumber.reducers.ReportFeatureByIdMergerTest
Tests run: 3, Failures: 0, Errors: 0, Skipped: 0, Time elapsed: 0.011 sec - in net.masterthought.cucumber.reducers.ReportFeatureByIdMergerTest
Running net.masterthought.cucumber.reducers.ReportFeatureWithRetestMergerTest
Tests run: 12, Failures: 0, Errors: 0, Skipped: 0, Time elapsed: 0.191 sec - in net.masterthought.cucumber.reducers.ReportFeatureWithRetestMergerTest
Running net.masterthought.cucumber.sorting.TagObjectAlphabeticalComparatorTest
Tests run: 2, Failures: 0, Errors: 0, Skipped: 0, Time elapsed: 0.001 sec - in net.masterthought.cucumber.sorting.TagObjectAlphabeticalComparatorTest
Running net.masterthought.cucumber.sorting.FeaturesAlphabeticalComparatorTest
Tests run: 4, Failures: 0, Errors: 0, Skipped: 0, Time elapsed: 0.086 sec - in net.masterthought.cucumber.sorting.FeaturesAlphabeticalComparatorTest
Running net.masterthought.cucumber.sorting.StepObjectAlphabeticalComparatorTest
Tests run: 2, Failures: 0, Errors: 0, Skipped: 0, Time elapsed: 0 sec - in net.masterthought.cucumber.sorting.StepObjectAlphabeticalComparatorTest
Running net.masterthought.cucumber.sorting.SortingFactoryTest
Tests run: 10, Failures: 0, Errors: 0, Skipped: 0, Time elapsed: 0.109 sec - in net.masterthought.cucumber.sorting.SortingFactoryTest
Running net.masterthought.cucumber.ReportParserTest
Tests run: 17, Failures: 0, Errors: 0, Skipped: 0, Time elapsed: 0.919 sec - in net.masterthought.cucumber.ReportParserTest
Running net.masterthought.cucumber.ReportBuilderTest
SLF4J: Failed to load class "org.slf4j.impl.StaticLoggerBinder".
SLF4J: Defaulting to no-operation (NOP) logger implementation
SLF4J: See http://www.slf4j.org/codes.html#StaticLoggerBinder for further details.
Tests run: 25, Failures: 0, Errors: 0, Skipped: 0, Time elapsed: 1.415 sec - in net.masterthought.cucumber.ReportBuilderTest
Running net.masterthought.cucumber.json.StepTest
Tests run: 21, Failures: 0, Errors: 0, Skipped: 0, Time elapsed: 0.218 sec - in net.masterthought.cucumber.json.StepTest
Running net.masterthought.cucumber.json.OutputTest
Tests run: 1, Failures: 0, Errors: 0, Skipped: 0, Time elapsed: 0 sec - in net.masterthought.cucumber.json.OutputTest
Running net.masterthought.cucumber.json.TagTest
Tests run: 7, Failures: 0, Errors: 0, Skipped: 0, Time elapsed: 0.053 sec - in net.masterthought.cucumber.json.TagTest
Running net.masterthought.cucumber.json.deserializers.TagsDeserializerTest
WARNING: An illegal reflective access operation has occurred
WARNING: Illegal reflective access by org.powermock.reflect.internal.WhiteboxImpl (file:/root/.m2/repository/org/powermock/powermock-reflect/1.7.3/powermock-reflect-1.7.3.jar) to field java.lang.reflect.Field.modifiers
WARNING: Please consider reporting this to the maintainers of org.powermock.reflect.internal.WhiteboxImpl
WARNING: Use --illegal-access=warn to enable warnings of further illegal reflective access operations
WARNING: All illegal access operations will be denied in a future release
Tests run: 2, Failures: 0, Errors: 0, Skipped: 0, Time elapsed: 0.636 sec - in net.masterthought.cucumber.json.deserializers.TagsDeserializerTest
Running net.masterthought.cucumber.json.deserializers.StatusDeserializerTest
Tests run: 4, Failures: 0, Errors: 0, Skipped: 0, Time elapsed: 0.465 sec - in net.masterthought.cucumber.json.deserializers.StatusDeserializerTest
Running net.masterthought.cucumber.json.deserializers.CommentsDeserializerTest
Tests run: 3, Failures: 0, Errors: 0, Skipped: 0, Time elapsed: 0.556 sec - in net.masterthought.cucumber.json.deserializers.CommentsDeserializerTest
Running net.masterthought.cucumber.json.deserializers.EmbeddingDeserializerTest
Tests run: 3, Failures: 0, Errors: 0, Skipped: 0, Time elapsed: 0.425 sec - in net.masterthought.cucumber.json.deserializers.EmbeddingDeserializerTest
Running net.masterthought.cucumber.json.RowTest
Tests run: 1, Failures: 0, Errors: 0, Skipped: 0, Time elapsed: 0.007 sec - in net.masterthought.cucumber.json.RowTest
Running net.masterthought.cucumber.json.ResultTest
Tests run: 6, Failures: 0, Errors: 0, Skipped: 0, Time elapsed: 0.06 sec - in net.masterthought.cucumber.json.ResultTest
Running net.masterthought.cucumber.json.ArgumentTest
Tests run: 3, Failures: 0, Errors: 0, Skipped: 0, Time elapsed: 0.043 sec - in net.masterthought.cucumber.json.ArgumentTest
Running net.masterthought.cucumber.json.HookTest
Tests run: 8, Failures: 0, Errors: 0, Skipped: 0, Time elapsed: 0.177 sec - in net.masterthought.cucumber.json.HookTest
Running net.masterthought.cucumber.json.FeatureTest
Tests run: 20, Failures: 0, Errors: 0, Skipped: 0, Time elapsed: 0.204 sec - in net.masterthought.cucumber.json.FeatureTest
Running net.masterthought.cucumber.json.ElementTest
Tests run: 19, Failures: 0, Errors: 0, Skipped: 0, Time elapsed: 0.215 sec - in net.masterthought.cucumber.json.ElementTest
Running net.masterthought.cucumber.json.MatchTest
Tests run: 2, Failures: 0, Errors: 0, Skipped: 0, Time elapsed: 0.014 sec - in net.masterthought.cucumber.json.MatchTest
Running net.masterthought.cucumber.json.support.StepObjectTest
Tests run: 10, Failures: 0, Errors: 0, Skipped: 0, Time elapsed: 0.001 sec - in net.masterthought.cucumber.json.support.StepObjectTest
Running net.masterthought.cucumber.json.support.TagObjectTest
Tests run: 15, Failures: 0, Errors: 0, Skipped: 0, Time elapsed: 0.151 sec - in net.masterthought.cucumber.json.support.TagObjectTest
Running net.masterthought.cucumber.json.support.comparators.StatusCounterTest
Tests run: 9, Failures: 0, Errors: 0, Skipped: 0, Time elapsed: 0 sec - in net.masterthought.cucumber.json.support.comparators.StatusCounterTest
Running net.masterthought.cucumber.json.support.StatusTest
Tests run: 5, Failures: 0, Errors: 0, Skipped: 0, Time elapsed: 0 sec - in net.masterthought.cucumber.json.support.StatusTest
Running net.masterthought.cucumber.json.EmbeddingTest
Tests run: 1, Failures: 0, Errors: 0, Skipped: 1, Time elapsed: 0 sec - in net.masterthought.cucumber.json.EmbeddingTest
Running net.masterthought.cucumber.json.EmbeddingWithNameTest
Tests run: 1, Failures: 0, Errors: 0, Skipped: 1, Time elapsed: 0.001 sec - in net.masterthought.cucumber.json.EmbeddingWithNameTest
Running net.masterthought.cucumber.json.DocStringTest
Tests run: 1, Failures: 0, Errors: 0, Skipped: 0, Time elapsed: 0.003 sec - in net.masterthought.cucumber.json.DocStringTest
Running net.masterthought.cucumber.ConfigurationTest
Tests run: 30, Failures: 0, Errors: 0, Skipped: 0, Time elapsed: 0.003 sec - in net.masterthought.cucumber.ConfigurationTest
Running net.masterthought.cucumber.generators.ErrorPageTest
Tests run: 1, Failures: 0, Errors: 0, Skipped: 0, Time elapsed: 0.009 sec - in net.masterthought.cucumber.generators.ErrorPageTest
Running net.masterthought.cucumber.generators.FeatureReportPageTest
Tests run: 4, Failures: 0, Errors: 0, Skipped: 0, Time elapsed: 0.046 sec - in net.masterthought.cucumber.generators.FeatureReportPageTest
Running net.masterthought.cucumber.generators.OverviewReportTest
Tests run: 15, Failures: 0, Errors: 0, Skipped: 0, Time elapsed: 0 sec - in net.masterthought.cucumber.generators.OverviewReportTest
Running net.masterthought.cucumber.generators.StepsOverviewPageTest
Tests run: 2, Failures: 0, Errors: 0, Skipped: 0, Time elapsed: 0.023 sec - in net.masterthought.cucumber.generators.StepsOverviewPageTest
Running net.masterthought.cucumber.generators.TagReportPageTest
Tests run: 2, Failures: 0, Errors: 0, Skipped: 0, Time elapsed: 0.025 sec - in net.masterthought.cucumber.generators.TagReportPageTest
Running net.masterthought.cucumber.generators.TagsOverviewPageTest
Tests run: 4, Failures: 0, Errors: 0, Skipped: 0, Time elapsed: 0.074 sec - in net.masterthought.cucumber.generators.TagsOverviewPageTest
Running net.masterthought.cucumber.generators.FeaturesOverviewPageTest
Tests run: 2, Failures: 0, Errors: 0, Skipped: 0, Time elapsed: 0.073 sec - in net.masterthought.cucumber.generators.FeaturesOverviewPageTest
Running net.masterthought.cucumber.generators.FailuresOverviewPageTest
Tests run: 2, Failures: 0, Errors: 0, Skipped: 0, Time elapsed: 0.072 sec - in net.masterthought.cucumber.generators.FailuresOverviewPageTest
Running net.masterthought.cucumber.generators.EscapeHtmlReferenceTest
Tests run: 5, Failures: 0, Errors: 0, Skipped: 0, Time elapsed: 0.025 sec - in net.masterthought.cucumber.generators.EscapeHtmlReferenceTest
Running net.masterthought.cucumber.generators.AbstractPageTest
Aug 24, 2026 12:41:33 PM net.masterthought.cucumber.generators.AbstractPage buildGeneralParameters
INFO: Could not parse build number: notAnumber.
Tests run: 10, Failures: 0, Errors: 0, Skipped: 0, Time elapsed: 0.766 sec - in net.masterthought.cucumber.generators.AbstractPageTest
Running net.masterthought.cucumber.generators.TrendsOverviewPageTest
Tests run: 2, Failures: 0, Errors: 0, Skipped: 0, Time elapsed: 0.139 sec - in net.masterthought.cucumber.generators.TrendsOverviewPageTest
Running net.masterthought.cucumber.ReportResultTest
Tests run: 6, Failures: 0, Errors: 0, Skipped: 0, Time elapsed: 0.286 sec - in net.masterthought.cucumber.ReportResultTest
Running net.masterthought.cucumber.TrendsTest
Tests run: 7, Failures: 0, Errors: 0, Skipped: 0, Time elapsed: 0.014 sec - in net.masterthought.cucumber.TrendsTest
Running LiveDemoTest
Tests run: 1, Failures: 0, Errors: 0, Skipped: 0, Time elapsed: 0.247 sec - in LiveDemoTest

Results :

Tests run: 345, Failures: 0, Errors: 0, Skipped: 2

[INFO] 
[INFO] --- jacoco:0.8.6:report (report) @ cucumber-reporting ---
[INFO] Loading execution data file /cucumber-reporting/target/jacoco.exec
[INFO] Analyzed bundle 'cucumber-reporting' with 55 classes
[WARNING] Classes in bundle 'cucumber-reporting' do not match with execution data. For report generation the same class files must be used as at runtime.
[WARNING] Execution data for class net/masterthought/cucumber/sorting/SortingMethod does not match.
[INFO] ------------------------------------------------------------------------
[INFO] BUILD SUCCESS
[INFO] ------------------------------------------------------------------------
[INFO] Total time:  16.330 s
[INFO] Finished at: 2026-08-24T12:41:35Z
[INFO] ------------------------------------------------------------------------
[WARNING] 
[WARNING] Plugin validation issues were detected in 5 plugin(s)
[WARNING] 
[WARNING]  * org.apache.maven.plugins:maven-surefire-plugin:2.18.1
[WARNING]  * org.jacoco:jacoco-maven-plugin:0.8.6
[WARNING]  * org.apache.maven.plugins:maven-compiler-plugin:3.8.1
[WARNING]  * org.apache.maven.plugins:maven-resources-plugin:3.3.0
[WARNING]  * org.apache.maven.plugins:maven-enforcer-plugin:1.0
[WARNING] 
[WARNING] For more or less details, use 'maven.plugin.validation' property with one of the values (case insensitive): [BRIEF, DEFAULT, VERBOSE]
[WARNING] 
