[INFO] Scanning for projects...
[INFO] 
[INFO] ------------< org.codehaus.mojo:build-helper-maven-plugin >-------------
[INFO] Building Build Helper Maven Plugin 3.4.1-SNAPSHOT
[INFO]   from pom.xml
[INFO] ----------------------------[ maven-plugin ]----------------------------
[INFO] 
[INFO] --- clean:3.2.0:clean (default-clean) @ build-helper-maven-plugin ---
[INFO] Deleting /tmp/marshal-plexus-build-helper-a0-20260824/target
[INFO] 
[INFO] --- enforcer:3.2.1:enforce (mojo-enforcer-rules) @ build-helper-maven-plugin ---
[INFO] Rule 0: org.apache.maven.enforcer.rules.dependency.BannedDependencies passed
[INFO] Rule 1: org.apache.maven.enforcer.rules.RequireNoRepositories passed
[INFO] Rule 2: org.apache.maven.enforcer.rules.RequirePluginVersions passed
[INFO] Rule 3: org.apache.maven.enforcer.rules.version.RequireMavenVersion passed
[INFO] Rule 4: org.apache.maven.enforcer.rules.version.RequireJavaVersion passed
[INFO] Rule 5: org.apache.maven.enforcer.rules.version.RequireJavaVersion passed
[INFO] Rule 6: org.apache.maven.enforcer.rules.property.RequireProperty passed
[INFO] Rule 7: org.apache.maven.enforcer.rules.property.RequireProperty passed
[INFO] 
[INFO] --- plugin:3.8.1:helpmojo (help-mojo) @ build-helper-maven-plugin ---
[INFO] 
[INFO] --- spotless:2.35.0:check (spotless-check) @ build-helper-maven-plugin ---
[INFO] Index file does not exist. Fallback to an empty index
[INFO] Sorting file /tmp/pom1157715843498686452.xml
[INFO] Pom file is already sorted, exiting
[INFO] Spotless.Pom is keeping 1 files clean - 0 needs changes to be clean, 1 were already clean, 0 were skipped because caching determined they were already clean
[INFO] Spotless.Java is keeping 33 files clean - 0 needs changes to be clean, 33 were already clean, 0 were skipped because caching determined they were already clean
[INFO] 
[INFO] --- checkstyle:3.2.1:check (default) @ build-helper-maven-plugin ---
[INFO] There are 32 errors reported by Checkstyle 9.3 with config/maven_checks_nocodestyle.xml ruleset.
[INFO] Ignored 32 errors, 0 violation remaining.
[INFO] You have 0 Checkstyle violations.
[INFO] 
[INFO] --- resources:3.3.0:resources (default-resources) @ build-helper-maven-plugin ---
[INFO] Copying 1 resource
[INFO] 
[INFO] --- compiler:3.11.0:compile (default-compile) @ build-helper-maven-plugin ---
[INFO] Changes detected - recompiling the module! :source
[INFO] Compiling 31 source files with javac [debug release 8] to target/classes
[INFO] /tmp/marshal-plexus-build-helper-a0-20260824/src/main/java/org/codehaus/mojo/buildhelper/UpToDatePropertySetting.java: Some input files use or override a deprecated API.
[INFO] /tmp/marshal-plexus-build-helper-a0-20260824/src/main/java/org/codehaus/mojo/buildhelper/UpToDatePropertySetting.java: Recompile with -Xlint:deprecation for details.
[INFO] 
[INFO] --- plugin:3.8.1:descriptor (default-descriptor) @ build-helper-maven-plugin ---
[INFO] Using 'UTF-8' encoding to read mojo source files.
[INFO] java-annotations mojo extractor found 21 mojo descriptors.
[INFO] java-javadoc mojo extractor found 0 mojo descriptor.
[INFO] ant mojo extractor found 0 mojo descriptor.
[INFO] bsh mojo extractor found 0 mojo descriptor.
[INFO] 
[INFO] --- resources:3.3.0:testResources (default-testResources) @ build-helper-maven-plugin ---
[INFO] skip non existing resourceDirectory /tmp/marshal-plexus-build-helper-a0-20260824/src/test/resources
[INFO] 
[INFO] --- compiler:3.11.0:testCompile (default-testCompile) @ build-helper-maven-plugin ---
[INFO] Changes detected - recompiling the module! :dependency
[INFO] Compiling 3 source files with javac [debug release 8] to target/test-classes
[INFO] 
[INFO] --- surefire:3.0.0:test (default-test) @ build-helper-maven-plugin ---
[INFO] Using auto detected provider org.apache.maven.surefire.junitplatform.JUnitPlatformProvider
[INFO] 
[INFO] -------------------------------------------------------
[INFO]  T E S T S
[INFO] -------------------------------------------------------
[INFO] Running org.codehaus.mojo.buildhelper.versioning.VersionInformationTest
[INFO] Tests run: 33, Failures: 0, Errors: 0, Skipped: 0, Time elapsed: 0.137 s - in org.codehaus.mojo.buildhelper.versioning.VersionInformationTest
[INFO] Running org.codehaus.mojo.buildhelper.ParseVersionTest
[INFO] Running org.codehaus.mojo.buildhelper.ParseVersionTest$TestFormattedVersion
[INFO] Tests run: 7, Failures: 0, Errors: 0, Skipped: 0, Time elapsed: 0.015 s - in org.codehaus.mojo.buildhelper.ParseVersionTest$TestFormattedVersion
[INFO] Running org.codehaus.mojo.buildhelper.ParseVersionTest$TestParseNextVersion
[INFO] Tests run: 7, Failures: 0, Errors: 0, Skipped: 0, Time elapsed: 0.012 s - in org.codehaus.mojo.buildhelper.ParseVersionTest$TestParseNextVersion
[INFO] Running org.codehaus.mojo.buildhelper.ParseVersionTest$TestParseVersion
[INFO] Tests run: 8, Failures: 0, Errors: 0, Skipped: 0, Time elapsed: 0.014 s - in org.codehaus.mojo.buildhelper.ParseVersionTest$TestParseVersion
[INFO] Tests run: 0, Failures: 0, Errors: 0, Skipped: 0, Time elapsed: 0.047 s - in org.codehaus.mojo.buildhelper.ParseVersionTest
[INFO] 
[INFO] Results:
[INFO] 
[INFO] Tests run: 55, Failures: 0, Errors: 0, Skipped: 0
[INFO] 
[INFO] 
[INFO] --- jar:3.3.0:jar (default-jar) @ build-helper-maven-plugin ---
[INFO] Building jar: /tmp/marshal-plexus-build-helper-a0-20260824/target/build-helper-maven-plugin-3.4.1-SNAPSHOT.jar
[INFO] 
[INFO] --- plugin:3.8.1:addPluginArtifactMetadata (default-addPluginArtifactMetadata) @ build-helper-maven-plugin ---
[INFO] 
[INFO] --- invoker:3.5.0:install (integration-test) @ build-helper-maven-plugin ---
[INFO] Installing /tmp/marshal-plexus-build-helper-a0-20260824/target/build-helper-maven-plugin-3.4.1-SNAPSHOT.jar to /tmp/marshal-plexus-build-helper-a0-20260824/target/local-repo/org/codehaus/mojo/build-helper-maven-plugin/3.4.1-SNAPSHOT/build-helper-maven-plugin-3.4.1-SNAPSHOT.jar
[INFO] Installing /tmp/marshal-plexus-build-helper-a0-20260824/pom.xml to /tmp/marshal-plexus-build-helper-a0-20260824/target/local-repo/org/codehaus/mojo/build-helper-maven-plugin/3.4.1-SNAPSHOT/build-helper-maven-plugin-3.4.1-SNAPSHOT.pom
[INFO] Installing /tmp/marshal-plexus-m2-build-helper-a0-20260824/org/codehaus/mojo/mojo-parent/74/mojo-parent-74.pom to /tmp/marshal-plexus-build-helper-a0-20260824/target/local-repo/org/codehaus/mojo/mojo-parent/74/mojo-parent-74.pom
[INFO] Installing /tmp/marshal-plexus-m2-build-helper-a0-20260824/org/codehaus/plexus/plexus-utils/3.5.1/plexus-utils-3.5.1.jar to /tmp/marshal-plexus-build-helper-a0-20260824/target/local-repo/org/codehaus/plexus/plexus-utils/3.5.1/plexus-utils-3.5.1.jar
[INFO] Installing /tmp/marshal-plexus-m2-build-helper-a0-20260824/org/codehaus/plexus/plexus-utils/3.5.1/plexus-utils-3.5.1.pom to /tmp/marshal-plexus-build-helper-a0-20260824/target/local-repo/org/codehaus/plexus/plexus-utils/3.5.1/plexus-utils-3.5.1.pom
[INFO] Installing /tmp/marshal-plexus-m2-build-helper-a0-20260824/org/apache-extras/beanshell/bsh/2.0b6/bsh-2.0b6.jar to /tmp/marshal-plexus-build-helper-a0-20260824/target/local-repo/org/apache-extras/beanshell/bsh/2.0b6/bsh-2.0b6.jar
[INFO] Installing /tmp/marshal-plexus-m2-build-helper-a0-20260824/org/apache-extras/beanshell/bsh/2.0b6/bsh-2.0b6.pom to /tmp/marshal-plexus-build-helper-a0-20260824/target/local-repo/org/apache-extras/beanshell/bsh/2.0b6/bsh-2.0b6.pom
[INFO] Installing /tmp/marshal-plexus-m2-build-helper-a0-20260824/org/apache/maven/shared/file-management/3.1.0/file-management-3.1.0.jar to /tmp/marshal-plexus-build-helper-a0-20260824/target/local-repo/org/apache/maven/shared/file-management/3.1.0/file-management-3.1.0.jar
[INFO] Installing /tmp/marshal-plexus-m2-build-helper-a0-20260824/org/apache/maven/shared/file-management/3.1.0/file-management-3.1.0.pom to /tmp/marshal-plexus-build-helper-a0-20260824/target/local-repo/org/apache/maven/shared/file-management/3.1.0/file-management-3.1.0.pom
[INFO] Installing /tmp/marshal-plexus-m2-build-helper-a0-20260824/commons-io/commons-io/2.11.0/commons-io-2.11.0.jar to /tmp/marshal-plexus-build-helper-a0-20260824/target/local-repo/commons-io/commons-io/2.11.0/commons-io-2.11.0.jar
[INFO] Installing /tmp/marshal-plexus-m2-build-helper-a0-20260824/commons-io/commons-io/2.11.0/commons-io-2.11.0.pom to /tmp/marshal-plexus-build-helper-a0-20260824/target/local-repo/commons-io/commons-io/2.11.0/commons-io-2.11.0.pom
[INFO] Installing /tmp/marshal-plexus-m2-build-helper-a0-20260824/org/slf4j/slf4j-api/1.7.36/slf4j-api-1.7.36.jar to /tmp/marshal-plexus-build-helper-a0-20260824/target/local-repo/org/slf4j/slf4j-api/1.7.36/slf4j-api-1.7.36.jar
[INFO] Installing /tmp/marshal-plexus-m2-build-helper-a0-20260824/org/slf4j/slf4j-api/1.7.36/slf4j-api-1.7.36.pom to /tmp/marshal-plexus-build-helper-a0-20260824/target/local-repo/org/slf4j/slf4j-api/1.7.36/slf4j-api-1.7.36.pom
[INFO] Installing /tmp/marshal-plexus-m2-build-helper-a0-20260824/org/codehaus/plexus/plexus/10/plexus-10.pom to /tmp/marshal-plexus-build-helper-a0-20260824/target/local-repo/org/codehaus/plexus/plexus/10/plexus-10.pom
[INFO] Installing /tmp/marshal-plexus-m2-build-helper-a0-20260824/org/apache/apache/26/apache-26.pom to /tmp/marshal-plexus-build-helper-a0-20260824/target/local-repo/org/apache/apache/26/apache-26.pom
[INFO] Installing /tmp/marshal-plexus-m2-build-helper-a0-20260824/org/apache/maven/maven-parent/36/maven-parent-36.pom to /tmp/marshal-plexus-build-helper-a0-20260824/target/local-repo/org/apache/maven/maven-parent/36/maven-parent-36.pom
[INFO] Installing /tmp/marshal-plexus-m2-build-helper-a0-20260824/org/apache/maven/shared/maven-shared-components/36/maven-shared-components-36.pom to /tmp/marshal-plexus-build-helper-a0-20260824/target/local-repo/org/apache/maven/shared/maven-shared-components/36/maven-shared-components-36.pom
[INFO] Installing /tmp/marshal-plexus-m2-build-helper-a0-20260824/org/apache/apache/23/apache-23.pom to /tmp/marshal-plexus-build-helper-a0-20260824/target/local-repo/org/apache/apache/23/apache-23.pom
[INFO] Installing /tmp/marshal-plexus-m2-build-helper-a0-20260824/org/apache/commons/commons-parent/52/commons-parent-52.pom to /tmp/marshal-plexus-build-helper-a0-20260824/target/local-repo/org/apache/commons/commons-parent/52/commons-parent-52.pom
[INFO] Installing /tmp/marshal-plexus-m2-build-helper-a0-20260824/org/slf4j/slf4j-parent/1.7.36/slf4j-parent-1.7.36.pom to /tmp/marshal-plexus-build-helper-a0-20260824/target/local-repo/org/slf4j/slf4j-parent/1.7.36/slf4j-parent-1.7.36.pom
[INFO] 
[INFO] --- invoker:3.5.0:run (integration-test) @ build-helper-maven-plugin ---
[INFO] Building: regex-nomatch/pom.xml
[INFO]           regex-nomatch/pom.xml ............................ SUCCESS (1.5 s)
[INFO] Building: uptodate-unpackage/pom.xml
[INFO] run pre-build script prebuild.groovy
[INFO] run post-build script verify.groovy
[INFO]           uptodate-unpackage/pom.xml ....................... SUCCESS (2.5 s)
[INFO] Building: regex-multi/pom.xml
[INFO] run post-build script verify.bsh
[INFO]           regex-multi/pom.xml .............................. SUCCESS (17.6 s)
[INFO] Building: uptodate-multi-negative/pom.xml
[INFO] run pre-build script prebuild.groovy
[INFO] run post-build script verify.groovy
[INFO]           uptodate-multi-negative/pom.xml .................. SUCCESS (1.6 s)
[INFO] Building: uptodate-identity/pom.xml
[INFO] run pre-build script prebuild.groovy
[INFO] run post-build script verify.groovy
[INFO]           uptodate-identity/pom.xml ........................ SUCCESS (1.5 s)
[INFO] Building: uptodate-multi/pom.xml
[INFO] run pre-build script prebuild.groovy
[INFO] run post-build script verify.groovy
[INFO]           uptodate-multi/pom.xml ........................... SUCCESS (1.5 s)
[INFO] Building: regex-invalid/pom.xml
[INFO]           regex-invalid/pom.xml ............................ SUCCESS (1.6 s)
[INFO] Building: regex-valid/pom.xml
[INFO] run post-build script verify.bsh
[INFO]           regex-valid/pom.xml .............................. SUCCESS (1.7 s)
[INFO] Building: uptodate-glob/pom.xml
[INFO] run pre-build script prebuild.groovy
[INFO] run post-build script verify.groovy
[INFO]           uptodate-glob/pom.xml ............................ SUCCESS (1.5 s)
[INFO] Building: regex-no-match-keep-original-value-mbuildhelper-54/pom.xml
[INFO] run post-build script verify.groovy
[INFO]           regex-no-match-keep-original-value-mbuildhelper-54/pom.xml SUCCESS (1.5 s)
[INFO] Building: uptodate-package/pom.xml
[INFO] run pre-build script prebuild.groovy
[INFO] run post-build script verify.groovy
[INFO]           uptodate-package/pom.xml ......................... SUCCESS (1.5 s)
[INFO] Building: uptodate-flatten/pom.xml
[INFO] run pre-build script prebuild.groovy
[INFO] run post-build script verify.groovy
[INFO]           uptodate-flatten/pom.xml ......................... SUCCESS (1.5 s)
[INFO] Building: remove-project-artifact/pom.xml
[INFO] run post-build script verify.groovy
[INFO]           remove-project-artifact/pom.xml .................. SUCCESS (56.0 s)
[INFO] Building: uptodate-merge/pom.xml
[INFO] run pre-build script prebuild.groovy
[INFO] run post-build script verify.groovy
[INFO]           uptodate-merge/pom.xml ........................... SUCCESS (1.5 s)
[INFO] -------------------------------------------------
[INFO] Build Summary:
[INFO]   Passed: 14, Failed: 0, Errors: 0, Skipped: 0
[INFO] -------------------------------------------------
[INFO] ------------------------------------------------------------------------
[INFO] BUILD SUCCESS
[INFO] ------------------------------------------------------------------------
[INFO] Total time:  01:40 min
[INFO] Finished at: 2026-08-24T16:35:54+08:00
[INFO] ------------------------------------------------------------------------
