[INFO] Scanning for projects...
[INFO] Inspecting build with total of 1 modules...
[INFO] Installing Nexus Staging features:
[INFO]   ... total of 1 executions of maven-deploy-plugin replaced with nexus-staging-maven-plugin
[INFO] 
[INFO] -----------< org.simplify4u.plugins:pgpverify-maven-plugin >------------
[INFO] Building Verify PGP signatures plugin 1.17.1-SNAPSHOT
[INFO]   from pom.xml
[INFO] ----------------------------[ maven-plugin ]----------------------------
[INFO] 
[INFO] --- clean:3.2.0:clean (default-clean) @ pgpverify-maven-plugin ---
[INFO] 
[INFO] --- enforcer:3.1.0:enforce (enforcer) @ pgpverify-maven-plugin ---
[INFO] 
[INFO] --- plugin:3.7.0:helpmojo (generated-helpmojo) @ pgpverify-maven-plugin ---
[INFO] 
[INFO] --- resources:3.3.0:resources (default-resources) @ pgpverify-maven-plugin ---
[INFO] Copying 1 resource
[INFO] 
[INFO] --- compiler:3.10.1:compile (default-compile) @ pgpverify-maven-plugin ---
[WARNING]  Parameter 'optimize' (user property 'maven.compiler.optimize') is deprecated: This property is a no-op in {@code javac}.
[INFO] Changes detected - recompiling the module!
[INFO] Compiling 52 source files to /tmp/marshal-plexus-pgp-a2-20260824/target/classes
[WARNING] /tmp/marshal-plexus-pgp-a2-20260824/src/main/java/org/simplify4u/plugins/ShowMojo.java:[172,35] toString() in org.apache.maven.shared.utils.logging.MessageBuilder has been deprecated
[INFO] 
[INFO] --- plugin:3.7.0:descriptor (default-descriptor) @ pgpverify-maven-plugin ---
[INFO] Using 'UTF-8' encoding to read mojo source files.
[INFO] java-annotations mojo extractor found 4 mojo descriptors.
[INFO] java-javadoc mojo extractor found 0 mojo descriptor.
[INFO] ant mojo extractor found 0 mojo descriptor.
[INFO] bsh mojo extractor found 0 mojo descriptor.
[INFO] 
[INFO] --- resources:3.3.0:testResources (default-testResources) @ pgpverify-maven-plugin ---
[INFO] Copying 18 resources
[INFO] 
[INFO] --- compiler:3.10.1:testCompile (default-testCompile) @ pgpverify-maven-plugin ---
[WARNING]  Parameter 'optimize' (user property 'maven.compiler.optimize') is deprecated: This property is a no-op in {@code javac}.
[INFO] Changes detected - recompiling the module!
[INFO] Compiling 31 source files to /tmp/marshal-plexus-pgp-a2-20260824/target/test-classes
[INFO] 
[INFO] --- surefire:3.0.0-M7:test (default-test) @ pgpverify-maven-plugin ---
[INFO] Using auto detected provider org.apache.maven.surefire.junitplatform.JUnitPlatformProvider
[INFO] 
[INFO] -------------------------------------------------------
[INFO]  T E S T S
[INFO] -------------------------------------------------------
[INFO] Running org.simplify4u.plugins.skipfilters.ProvidedDependencySkipperTest
[INFO] Tests run: 3, Failures: 0, Errors: 0, Skipped: 0, Time elapsed: 0.048 s - in org.simplify4u.plugins.skipfilters.ProvidedDependencySkipperTest
[INFO] Running org.simplify4u.plugins.skipfilters.SystemDependencySkipperTest
[INFO] Tests run: 3, Failures: 0, Errors: 0, Skipped: 0, Time elapsed: 0.004 s - in org.simplify4u.plugins.skipfilters.SystemDependencySkipperTest
[INFO] Running org.simplify4u.plugins.skipfilters.ScopeSkipperTest
[INFO] Tests run: 6, Failures: 0, Errors: 0, Skipped: 0, Time elapsed: 0.008 s - in org.simplify4u.plugins.skipfilters.ScopeSkipperTest
[INFO] Running org.simplify4u.plugins.skipfilters.CompositeSkipperTest
[INFO] Tests run: 6, Failures: 0, Errors: 0, Skipped: 0, Time elapsed: 0.008 s - in org.simplify4u.plugins.skipfilters.CompositeSkipperTest
[INFO] Running org.simplify4u.plugins.skipfilters.SnapshotDependencySkipperTest
[INFO] Tests run: 3, Failures: 0, Errors: 0, Skipped: 0, Time elapsed: 0.004 s - in org.simplify4u.plugins.skipfilters.SnapshotDependencySkipperTest
[INFO] Running org.simplify4u.plugins.ShowMojoTest
OpenJDK 64-Bit Server VM warning: Sharing is only supported for boot loader classes because bootstrap classpath has been appended
[INFO] Tests run: 9, Failures: 0, Errors: 0, Skipped: 0, Time elapsed: 1.769 s - in org.simplify4u.plugins.ShowMojoTest
[INFO] Running org.simplify4u.plugins.keyserver.PGPKeysCacheTest
[main] INFO org.simplify4u.plugins.keyserver.PGPKeysCache - Key server(s) - keysServerClient
[main] INFO org.simplify4u.plugins.keyserver.PGPKeysCache - Key server(s) - keysServerClient
[main] WARN org.simplify4u.plugins.keyserver.PGPKeysCache - Read cache file: /tmp/cache-path-test2852777023954381303/00/00/0000001234567890.asc.404
java.lang.NumberFormatException: For input string: ""
	at java.base/java.lang.NumberFormatException.forInputString(NumberFormatException.java:65)
	at java.base/java.lang.Long.parseLong(Long.java:702)
	at java.base/java.lang.Long.parseLong(Long.java:817)
	at org.simplify4u.plugins.keyserver.PGPKeysCache.lambda$checkNotFoundCache$969792f5$1(PGPKeysCache.java:207)
	at io.vavr.control.Try.of(Try.java:75)
	at org.simplify4u.plugins.keyserver.PGPKeysCache.checkNotFoundCache(PGPKeysCache.java:205)
	at org.simplify4u.plugins.keyserver.PGPKeysCache.getKeyRing(PGPKeysCache.java:170)
	at org.simplify4u.plugins.keyserver.PGPKeysCacheTest.lambda$notFoundCacheEmptyFileShouldNotBreakProcessing$9(PGPKeysCacheTest.java:282)
	at org.assertj.core.api.ThrowableAssert.catchThrowable(ThrowableAssert.java:63)
	at org.assertj.core.api.AssertionsForClassTypes.catchThrowable(AssertionsForClassTypes.java:892)
	at org.assertj.core.api.AssertionsForClassTypes.assertThatCode(AssertionsForClassTypes.java:863)
	at org.assertj.core.api.Assertions.assertThatCode(Assertions.java:1287)
	at org.simplify4u.plugins.keyserver.PGPKeysCacheTest.notFoundCacheEmptyFileShouldNotBreakProcessing(PGPKeysCacheTest.java:282)
	at java.base/jdk.internal.reflect.NativeMethodAccessorImpl.invoke0(Native Method)
	at java.base/jdk.internal.reflect.NativeMethodAccessorImpl.invoke(NativeMethodAccessorImpl.java:62)
	at java.base/jdk.internal.reflect.DelegatingMethodAccessorImpl.invoke(DelegatingMethodAccessorImpl.java:43)
	at java.base/java.lang.reflect.Method.invoke(Method.java:566)
	at org.junit.platform.commons.util.ReflectionUtils.invokeMethod(ReflectionUtils.java:727)
	at org.junit.jupiter.engine.execution.MethodInvocation.proceed(MethodInvocation.java:60)
	at org.junit.jupiter.engine.execution.InvocationInterceptorChain$ValidatingInvocation.proceed(InvocationInterceptorChain.java:131)
	at org.junit.jupiter.engine.extension.TimeoutExtension.intercept(TimeoutExtension.java:156)
	at org.junit.jupiter.engine.extension.TimeoutExtension.interceptTestableMethod(TimeoutExtension.java:147)
	at org.junit.jupiter.engine.extension.TimeoutExtension.interceptTestMethod(TimeoutExtension.java:86)
	at org.junit.jupiter.engine.execution.InterceptingExecutableInvoker$ReflectiveInterceptorCall.lambda$ofVoidMethod$0(InterceptingExecutableInvoker.java:103)
	at org.junit.jupiter.engine.execution.InterceptingExecutableInvoker.lambda$invoke$0(InterceptingExecutableInvoker.java:93)
	at org.junit.jupiter.engine.execution.InvocationInterceptorChain$InterceptedInvocation.proceed(InvocationInterceptorChain.java:106)
	at org.junit.jupiter.engine.execution.InvocationInterceptorChain.proceed(InvocationInterceptorChain.java:64)
	at org.junit.jupiter.engine.execution.InvocationInterceptorChain.chainAndInvoke(InvocationInterceptorChain.java:45)
	at org.junit.jupiter.engine.execution.InvocationInterceptorChain.invoke(InvocationInterceptorChain.java:37)
	at org.junit.jupiter.engine.execution.InterceptingExecutableInvoker.invoke(InterceptingExecutableInvoker.java:92)
	at org.junit.jupiter.engine.execution.InterceptingExecutableInvoker.invoke(InterceptingExecutableInvoker.java:86)
	at org.junit.jupiter.engine.descriptor.TestMethodTestDescriptor.lambda$invokeTestMethod$7(TestMethodTestDescriptor.java:217)
	at org.junit.platform.engine.support.hierarchical.ThrowableCollector.execute(ThrowableCollector.java:73)
	at org.junit.jupiter.engine.descriptor.TestMethodTestDescriptor.invokeTestMethod(TestMethodTestDescriptor.java:213)
	at org.junit.jupiter.engine.descriptor.TestMethodTestDescriptor.execute(TestMethodTestDescriptor.java:138)
	at org.junit.jupiter.engine.descriptor.TestMethodTestDescriptor.execute(TestMethodTestDescriptor.java:68)
	at org.junit.platform.engine.support.hierarchical.NodeTestTask.lambda$executeRecursively$6(NodeTestTask.java:151)
	at org.junit.platform.engine.support.hierarchical.ThrowableCollector.execute(ThrowableCollector.java:73)
	at org.junit.platform.engine.support.hierarchical.NodeTestTask.lambda$executeRecursively$8(NodeTestTask.java:141)
	at org.junit.platform.engine.support.hierarchical.Node.around(Node.java:137)
	at org.junit.platform.engine.support.hierarchical.NodeTestTask.lambda$executeRecursively$9(NodeTestTask.java:139)
	at org.junit.platform.engine.support.hierarchical.ThrowableCollector.execute(ThrowableCollector.java:73)
	at org.junit.platform.engine.support.hierarchical.NodeTestTask.executeRecursively(NodeTestTask.java:138)
	at org.junit.platform.engine.support.hierarchical.NodeTestTask.execute(NodeTestTask.java:95)
	at java.base/java.util.ArrayList.forEach(ArrayList.java:1541)
	at org.junit.platform.engine.support.hierarchical.SameThreadHierarchicalTestExecutorService.invokeAll(SameThreadHierarchicalTestExecutorService.java:41)
	at org.junit.platform.engine.support.hierarchical.NodeTestTask.lambda$executeRecursively$6(NodeTestTask.java:155)
	at org.junit.platform.engine.support.hierarchical.ThrowableCollector.execute(ThrowableCollector.java:73)
	at org.junit.platform.engine.support.hierarchical.NodeTestTask.lambda$executeRecursively$8(NodeTestTask.java:141)
	at org.junit.platform.engine.support.hierarchical.Node.around(Node.java:137)
	at org.junit.platform.engine.support.hierarchical.NodeTestTask.lambda$executeRecursively$9(NodeTestTask.java:139)
	at org.junit.platform.engine.support.hierarchical.ThrowableCollector.execute(ThrowableCollector.java:73)
	at org.junit.platform.engine.support.hierarchical.NodeTestTask.executeRecursively(NodeTestTask.java:138)
	at org.junit.platform.engine.support.hierarchical.NodeTestTask.execute(NodeTestTask.java:95)
	at java.base/java.util.ArrayList.forEach(ArrayList.java:1541)
	at org.junit.platform.engine.support.hierarchical.SameThreadHierarchicalTestExecutorService.invokeAll(SameThreadHierarchicalTestExecutorService.java:41)
	at org.junit.platform.engine.support.hierarchical.NodeTestTask.lambda$executeRecursively$6(NodeTestTask.java:155)
	at org.junit.platform.engine.support.hierarchical.ThrowableCollector.execute(ThrowableCollector.java:73)
	at org.junit.platform.engine.support.hierarchical.NodeTestTask.lambda$executeRecursively$8(NodeTestTask.java:141)
	at org.junit.platform.engine.support.hierarchical.Node.around(Node.java:137)
	at org.junit.platform.engine.support.hierarchical.NodeTestTask.lambda$executeRecursively$9(NodeTestTask.java:139)
	at org.junit.platform.engine.support.hierarchical.ThrowableCollector.execute(ThrowableCollector.java:73)
	at org.junit.platform.engine.support.hierarchical.NodeTestTask.executeRecursively(NodeTestTask.java:138)
	at org.junit.platform.engine.support.hierarchical.NodeTestTask.execute(NodeTestTask.java:95)
	at org.junit.platform.engine.support.hierarchical.SameThreadHierarchicalTestExecutorService.submit(SameThreadHierarchicalTestExecutorService.java:35)
	at org.junit.platform.engine.support.hierarchical.HierarchicalTestExecutor.execute(HierarchicalTestExecutor.java:57)
	at org.junit.platform.engine.support.hierarchical.HierarchicalTestEngine.execute(HierarchicalTestEngine.java:54)
	at org.junit.platform.launcher.core.EngineExecutionOrchestrator.execute(EngineExecutionOrchestrator.java:147)
	at org.junit.platform.launcher.core.EngineExecutionOrchestrator.execute(EngineExecutionOrchestrator.java:127)
	at org.junit.platform.launcher.core.EngineExecutionOrchestrator.execute(EngineExecutionOrchestrator.java:90)
	at org.junit.platform.launcher.core.EngineExecutionOrchestrator.lambda$execute$0(EngineExecutionOrchestrator.java:55)
	at org.junit.platform.launcher.core.EngineExecutionOrchestrator.withInterceptedStreams(EngineExecutionOrchestrator.java:102)
	at org.junit.platform.launcher.core.EngineExecutionOrchestrator.execute(EngineExecutionOrchestrator.java:54)
	at org.junit.platform.launcher.core.DefaultLauncher.execute(DefaultLauncher.java:114)
	at org.junit.platform.launcher.core.DefaultLauncher.execute(DefaultLauncher.java:86)
	at org.junit.platform.launcher.core.DefaultLauncherSession$DelegatingLauncher.execute(DefaultLauncherSession.java:86)
	at org.apache.maven.surefire.junitplatform.LazyLauncher.execute(LazyLauncher.java:55)
	at org.apache.maven.surefire.junitplatform.JUnitPlatformProvider.execute(JUnitPlatformProvider.java:223)
	at org.apache.maven.surefire.junitplatform.JUnitPlatformProvider.invokeAllTests(JUnitPlatformProvider.java:175)
	at org.apache.maven.surefire.junitplatform.JUnitPlatformProvider.invoke(JUnitPlatformProvider.java:139)
	at org.apache.maven.surefire.booter.ForkedBooter.runSuitesInProcess(ForkedBooter.java:456)
	at org.apache.maven.surefire.booter.ForkedBooter.execute(ForkedBooter.java:169)
	at org.apache.maven.surefire.booter.ForkedBooter.run(ForkedBooter.java:595)
	at org.apache.maven.surefire.booter.ForkedBooter.main(ForkedBooter.java:581)
[main] DEBUG org.simplify4u.plugins.keyserver.PGPKeysCache - KeyNotFound remove cache /tmp/cache-path-test2852777023954381303/00/00/0000001234567890.asc.404 - mark time: 0 elapsed: PT496543H58M8.827S
[main] WARN org.simplify4u.plugins.keyserver.PGPKeysCache - Mock for PGPKeysServerClient, hashCode: 394019287 throw exception: Fallback test - fallback try next client
[main] WARN org.simplify4u.plugins.keyserver.PGPKeysCache - Mock for PGPKeysServerClient, hashCode: 394019287 throw exception: Fallback test - fallback try next client
[main] WARN org.simplify4u.plugins.keyserver.PGPKeysCache - Mock for PGPKeysServerClient, hashCode: 370843722 throw exception: Fallback test - load balance try next client
[main] WARN org.simplify4u.plugins.keyserver.PGPKeysCache - Mock for PGPKeysServerClient, hashCode: 370843722 throw exception: Fallback test - load balance try next client
[main] INFO org.simplify4u.plugins.keyserver.PGPKeysCache - Key server(s) - keysServerClient
[main] DEBUG org.simplify4u.plugins.keyserver.PGPKeysCache - KeyNotFound from cache /tmp/cache-path-test8988199217375789379/00/00/0000001234567890.asc.404 - mark time: 1787558288877 elapsed: PT0.001S
[main] WARN org.simplify4u.plugins.keyserver.PGPKeysCache - Mock for PGPKeysServerClient, hashCode: 1173837542 throw exception: null - fallback try next client
[main] WARN org.simplify4u.plugins.keyserver.PGPKeysCache - Mock for PGPKeysServerClient, hashCode: 848644304 throw exception: null - fallback try next client
[main] ERROR org.simplify4u.plugins.keyserver.PGPKeysCache - All servers from list failed
[main] WARN org.simplify4u.plugins.keyserver.PGPKeysCache - Mock for PGPKeysServerClient, hashCode: 1002762002 throw exception: null - load balance try next client
[main] WARN org.simplify4u.plugins.keyserver.PGPKeysCache - Mock for PGPKeysServerClient, hashCode: 1346667529 throw exception: null - load balance try next client
[main] ERROR org.simplify4u.plugins.keyserver.PGPKeysCache - All servers from list failed
[main] WARN org.simplify4u.plugins.keyserver.PGPKeysCache - Mock for PGPKeysServerClient, hashCode: 441451873 throw exception: null - fallback try next client
[main] WARN org.simplify4u.plugins.keyserver.PGPKeysCache - Mock for PGPKeysServerClient, hashCode: 2137034273 throw exception: null - fallback try next client
[main] ERROR org.simplify4u.plugins.keyserver.PGPKeysCache - All servers from list failed
[main] WARN org.simplify4u.plugins.keyserver.PGPKeysCache - Mock for PGPKeysServerClient, hashCode: 1154895182 throw exception: null - load balance try next client
[main] WARN org.simplify4u.plugins.keyserver.PGPKeysCache - Mock for PGPKeysServerClient, hashCode: 500646211 throw exception: null - load balance try next client
[main] ERROR org.simplify4u.plugins.keyserver.PGPKeysCache - All servers from list failed
[main] INFO org.simplify4u.plugins.keyserver.PGPKeysCache - Key server(s) - keysServerClient
[main] INFO org.simplify4u.plugins.keyserver.PGPKeysCache - Receive key: https://key.get.example.com/?keyId=0xEFE8086F9E93774E
	to /tmp/cache-path-test8753982767459235375/EF/E8/EFE8086F9E93774E.asc
[main] INFO org.simplify4u.plugins.keyserver.PGPKeysCache - Key server(s) - keysServerClient
[main] INFO org.simplify4u.plugins.keyserver.PGPKeysCache - Receive key: https://key.get.example.com/?keyId=0x0000001234567890
	to /tmp/cache-path-test17904889680147721116/00/00/0000001234567890.asc
[main] INFO org.simplify4u.plugins.keyserver.PGPKeysCache - Key server(s) - keysServerClient
[main] DEBUG org.simplify4u.plugins.keyserver.PGPKeysCache - KeyNotFound remove cache /tmp/cache-path-test12260687972204529813/00/00/0000001234567890.asc.404 - mark time: 1787551089064 elapsed: PT2H0.001S
[main] INFO org.simplify4u.plugins.keyserver.PGPKeysCache - Key server(s) - keysServerClient
[main] INFO org.simplify4u.plugins.keyserver.PGPKeysCache - Receive key: https://key.get.example.com/?keyId=0xEFE8086F9E93774E
	to /tmp/cache-path-test9885827015857779544/EF/E8/EFE8086F9E93774E.asc
[main] WARN org.simplify4u.plugins.keyserver.PGPKeysCache - Mock for PGPKeysServerClient, hashCode: 583351682 throw exception: Fallback test1 - fallback try next client
[main] WARN org.simplify4u.plugins.keyserver.PGPKeysCache - Mock for PGPKeysServerClient, hashCode: 979387846 throw exception: Fallback test2 - fallback try next client
[main] ERROR org.simplify4u.plugins.keyserver.PGPKeysCache - All servers from list failed
[main] WARN org.simplify4u.plugins.keyserver.PGPKeysCache - Mock for PGPKeysServerClient, hashCode: 1913257909 throw exception: Fallback test1 - load balance try next client
[main] WARN org.simplify4u.plugins.keyserver.PGPKeysCache - Mock for PGPKeysServerClient, hashCode: 99195804 throw exception: Fallback test2 - load balance try next client
[main] ERROR org.simplify4u.plugins.keyserver.PGPKeysCache - All servers from list failed
[main] INFO org.simplify4u.plugins.keyserver.PGPKeysCache - Key server(s) - keysServerClient
[main] INFO org.simplify4u.plugins.keyserver.PGPKeysCache - Create cache directory for PGP keys: /tmp/cache-path-test9151399074809504883/empty
[INFO] Tests run: 24, Failures: 0, Errors: 0, Skipped: 0, Time elapsed: 0.513 s - in org.simplify4u.plugins.keyserver.PGPKeysCacheTest
[INFO] Running org.simplify4u.plugins.keyserver.KeyServerClientSettingsTest
[INFO] Tests run: 2, Failures: 0, Errors: 0, Skipped: 0, Time elapsed: 0.104 s - in org.simplify4u.plugins.keyserver.KeyServerClientSettingsTest
[INFO] Running org.simplify4u.plugins.keyserver.PGPKeysServerClientTest
[INFO] Tests run: 8, Failures: 0, Errors: 0, Skipped: 0, Time elapsed: 4.591 s - in org.simplify4u.plugins.keyserver.PGPKeysServerClientTest
[INFO] Running org.simplify4u.plugins.keyserver.RoundRobinRouterPlanerTest
[INFO] Tests run: 2, Failures: 0, Errors: 0, Skipped: 0, Time elapsed: 0.126 s - in org.simplify4u.plugins.keyserver.RoundRobinRouterPlanerTest
[INFO] Running org.simplify4u.plugins.AbstractPGPMojoTest
[INFO] Tests run: 3, Failures: 0, Errors: 0, Skipped: 0, Time elapsed: 0.217 s - in org.simplify4u.plugins.AbstractPGPMojoTest
[INFO] Running org.simplify4u.plugins.ValidationChecksumTest
[INFO] Tests run: 8, Failures: 0, Errors: 0, Skipped: 0, Time elapsed: 0.032 s - in org.simplify4u.plugins.ValidationChecksumTest
[INFO] Running org.simplify4u.plugins.PGPMojoExceptionTest
[INFO] Tests run: 6, Failures: 0, Errors: 0, Skipped: 0, Time elapsed: 0.005 s - in org.simplify4u.plugins.PGPMojoExceptionTest
[INFO] Running org.simplify4u.plugins.utils.ExceptionUtilsTest
[INFO] Tests run: 4, Failures: 0, Errors: 0, Skipped: 0, Time elapsed: 0.006 s - in org.simplify4u.plugins.utils.ExceptionUtilsTest
[INFO] Running org.simplify4u.plugins.utils.MavenCompilerUtilsTest
[INFO] Tests run: 5, Failures: 0, Errors: 0, Skipped: 0, Time elapsed: 0.286 s - in org.simplify4u.plugins.utils.MavenCompilerUtilsTest
[INFO] Running org.simplify4u.plugins.ArtifactResolverTest
[INFO] Tests run: 11, Failures: 0, Errors: 0, Skipped: 0, Time elapsed: 0.331 s - in org.simplify4u.plugins.ArtifactResolverTest
[INFO] Running org.simplify4u.plugins.pgp.ReportsUtilsTest
[INFO] Tests run: 3, Failures: 0, Errors: 0, Skipped: 0, Time elapsed: 0.206 s - in org.simplify4u.plugins.pgp.ReportsUtilsTest
[INFO] Running org.simplify4u.plugins.pgp.PublicKeyUtilsTest
[INFO] Tests run: 9, Failures: 0, Errors: 0, Skipped: 0, Time elapsed: 0.076 s - in org.simplify4u.plugins.pgp.PublicKeyUtilsTest
[INFO] Running org.simplify4u.plugins.pgp.SignatureUtilsTest
[INFO] Tests run: 50, Failures: 0, Errors: 0, Skipped: 0, Time elapsed: 0.058 s - in org.simplify4u.plugins.pgp.SignatureUtilsTest
[INFO] Running org.simplify4u.plugins.keysmap.KeyItemNoSigTest
[INFO] Tests run: 1, Failures: 0, Errors: 0, Skipped: 0, Time elapsed: 0 s - in org.simplify4u.plugins.keysmap.KeyItemNoSigTest
[INFO] Running org.simplify4u.plugins.keysmap.KeyItemsTest
[INFO] Tests run: 27, Failures: 0, Errors: 0, Skipped: 0, Time elapsed: 0.023 s - in org.simplify4u.plugins.keysmap.KeyItemsTest
[INFO] Running org.simplify4u.plugins.keysmap.KeyItemAnyKeyTest
[INFO] Tests run: 1, Failures: 0, Errors: 0, Skipped: 0, Time elapsed: 0 s - in org.simplify4u.plugins.keysmap.KeyItemAnyKeyTest
[INFO] Running org.simplify4u.plugins.keysmap.KeysMapMultiTest
[INFO] Tests run: 15, Failures: 0, Errors: 0, Skipped: 0, Time elapsed: 0.156 s - in org.simplify4u.plugins.keysmap.KeysMapMultiTest
[INFO] Running org.simplify4u.plugins.keysmap.KeyItemFingerprintTest
[INFO] Tests run: 7, Failures: 0, Errors: 0, Skipped: 0, Time elapsed: 0.002 s - in org.simplify4u.plugins.keysmap.KeyItemFingerprintTest
[INFO] Running org.simplify4u.plugins.keysmap.ArtifactPatternTest
[INFO] Tests run: 69, Failures: 0, Errors: 0, Skipped: 0, Time elapsed: 0.046 s - in org.simplify4u.plugins.keysmap.ArtifactPatternTest
[INFO] Running org.simplify4u.plugins.keysmap.KeysMapTest
[INFO] Tests run: 13, Failures: 0, Errors: 0, Skipped: 0, Time elapsed: 0.023 s - in org.simplify4u.plugins.keysmap.KeysMapTest
[INFO] Running org.simplify4u.plugins.keysmap.KeyItemNoKeyTest
[INFO] Tests run: 1, Failures: 0, Errors: 0, Skipped: 0, Time elapsed: 0 s - in org.simplify4u.plugins.keysmap.KeyItemNoKeyTest
[INFO] Running org.simplify4u.plugins.keysmap.KeyItemBrokenSigTest
[INFO] Tests run: 1, Failures: 0, Errors: 0, Skipped: 0, Time elapsed: 0.001 s - in org.simplify4u.plugins.keysmap.KeyItemBrokenSigTest
[INFO] 
[INFO] Results:
[INFO] 
[INFO] Tests run: 300, Failures: 0, Errors: 0, Skipped: 0
[INFO] 
[INFO] ------------------------------------------------------------------------
[INFO] BUILD SUCCESS
[INFO] ------------------------------------------------------------------------
[INFO] Total time:  06:02 min
[INFO] Finished at: 2026-08-24T15:58:15+08:00
[INFO] ------------------------------------------------------------------------
