2026-08-26 21:37:45.874 586610 INFO oslo_service.periodic_task [None req-b235a51e-3826-4a1e-85fe-de6292b96e6d - - - - - -] Skipping periodic task _discover_hosts_in_cells because its interval is negative
2026-08-26 21:37:45.874 586612 INFO oslo_service.periodic_task [None req-d47c91a4-21b6-4d23-ad13-c164e44eaab9 - - - - - -] Skipping periodic task _discover_hosts_in_cells because its interval is negative
2026-08-26 21:37:45.887 586617 INFO oslo_service.periodic_task [None req-af053d7e-cbc5-40dc-a3c5-28e5120f3c13 - - - - - -] Skipping periodic task _discover_hosts_in_cells because its interval is negative
2026-08-26 21:37:45.890 586614 INFO oslo_service.periodic_task [None req-41972f8f-fb01-4e9f-a6b1-d6e55e4afcdd - - - - - -] Skipping periodic task _discover_hosts_in_cells because its interval is negative
2026-08-26 21:37:45.894 586615 INFO oslo_service.periodic_task [None req-7150bec0-5ca4-4582-bfa2-f2dbe3f226b6 - - - - - -] Skipping periodic task _discover_hosts_in_cells because its interval is negative
2026-08-26 21:37:45.898 586613 INFO oslo_service.periodic_task [None req-5cc980da-1d12-463a-801a-eae00490d32f - - - - - -] Skipping periodic task _discover_hosts_in_cells because its interval is negative
2026-08-26 21:37:45.903 586622 INFO oslo_service.periodic_task [None req-717792f3-f3d0-426a-b822-f6d2f9c98113 - - - - - -] Skipping periodic task _discover_hosts_in_cells because its interval is negative
2026-08-26 21:37:45.908 586621 INFO oslo_service.periodic_task [None req-9f67f685-a9c5-47b4-8162-b4a58d38e00e - - - - - -] Skipping periodic task _discover_hosts_in_cells because its interval is negative
2026-08-26 21:37:45.914 586624 INFO oslo_service.periodic_task [None req-b4ce27e3-232f-4619-b367-eb1aae3af9a7 - - - - - -] Skipping periodic task _discover_hosts_in_cells because its interval is negative
2026-08-26 21:37:45.915 586625 INFO oslo_service.periodic_task [None req-28b7c159-98c5-4dfb-ad63-b8c4cd23c1d7 - - - - - -] Skipping periodic task _discover_hosts_in_cells because its interval is negative
2026-08-26 21:37:45.915 586623 INFO oslo_service.periodic_task [None req-14ce275f-c543-473a-90c8-1d5546c85e3c - - - - - -] Skipping periodic task _discover_hosts_in_cells because its interval is negative
2026-08-26 21:37:45.914 586628 INFO oslo_service.periodic_task [None req-5a583af3-75b4-4d06-b9bc-871f080f4bea - - - - - -] Skipping periodic task _discover_hosts_in_cells because its interval is negative
2026-08-26 21:37:45.922 586626 INFO oslo_service.periodic_task [None req-1c7df545-3e90-401b-af5e-25525da8d804 - - - - - -] Skipping periodic task _discover_hosts_in_cells because its interval is negative
2026-08-26 21:37:45.920 586619 INFO oslo_service.periodic_task [None req-293a74a2-9a06-4d60-a61e-4f2ee2e36d04 - - - - - -] Skipping periodic task _discover_hosts_in_cells because its interval is negative
2026-08-26 21:37:45.941 586616 INFO oslo_service.periodic_task [None req-ca2a3040-17dc-4ea2-b722-beadc8d9978f - - - - - -] Skipping periodic task _discover_hosts_in_cells because its interval is negative
2026-08-26 21:37:45.953 586618 INFO oslo_service.periodic_task [None req-40f89baa-8478-4600-af2d-c3c76ddc4d57 - - - - - -] Skipping periodic task _discover_hosts_in_cells because its interval is negative
2026-08-26 21:37:45.965 586627 INFO oslo_service.periodic_task [None req-d8b749d6-0364-4a1f-a27a-9c2928d66556 - - - - - -] Skipping periodic task _discover_hosts_in_cells because its interval is negative
2026-08-26 21:37:45.974 586620 INFO oslo_service.periodic_task [None req-fdd03ad7-d75d-4b8e-9ce3-026e343c1055 - - - - - -] Skipping periodic task _discover_hosts_in_cells because its interval is negative
{2} nova.tests.functional.test_report_client.SchedulerReportClientTests.test_alloc_cands_smoke [0.654558s] ... ok
{3} nova.tests.functional.test_report_client.SchedulerReportClientTests.test_reshape [0.659981s] ... FAILED

Captured traceback:
~~~~~~~~~~~~~~~~~~~
    Traceback (most recent call last):

      File "/home/zhihao/hdd/marshal/benchmarks/cross-repo-pr-impact/results/single-case-pipeline-925059-937556-v4-2026-08-26/replay-work/formal-opendev-925059--target-937556/target-a1/nova/tests/functional/test_report_client.py", line 1326, in test_reshape
    self.client._reshape(self.context, {}, {})

      File "/home/zhihao/hdd/marshal/benchmarks/cross-repo-pr-impact/results/single-case-pipeline-925059-937556-v4-2026-08-26/replay-work/formal-opendev-925059--target-937556/target-a1/nova/scheduler/client/report.py", line 1299, in _reshape
    raise exception.ReshapeFailed(error=resp.text)

    nova.exception.ReshapeFailed: Resource provider inventory and allocation data migration failed: {"errors": [{"status": 400, "title": "Bad Request", "detail": "The server could not comply with the request since it is either malformed or otherwise incorrect.\n\n JSON does not validate: {} should be non-empty  Failed validating 'minProperties' in schema['properties']['inventories']:     {'type': 'object',      'patternProperties': {'^[0-9a-fA-F-]{36}$': {'type': 'object',                                                   'properties': {'resource_provider_generation': {'type': 'integer'},                                                                  'inventories': {'type': 'object',                                                                                  'patternProperties': {'^[A-Z0-9_]+$': {'type': 'object',                                                                                                                         'properties': {'resource_provider_generation': {'type': 'integer'},                                                                                                                                        'total': {'type': 'integer',                                                                                                                                                  'maximum': 2147483647,                                                                                                                                                  'minimum': 1},                                                                                                                                        'reserved': {'type': 'integer',                                                                                                                                                     'maximum': 2147483647,                                                                                                                                                     'minimum': 0},                                                                                                                                        'min_unit': {'type': 'integer',                                                                                                                                                     'maximum': 2147483647,                                                                                                                                                     'minimum': 1},                                                                                                                                        'max_unit': {'type': 'integer',                                                                                                                                                     'maximum': 2147483647,                                                                                                                                                     'minimum': 1},                                                                                                                                        'step_size': {'type': 'integer',                                                                                                                                                      'maximum': 2147483647,                                                                                                                                                      'minimum': 1},                                                                                                                                        'allocation_ratio': {'type': 'number',                                                                                                                                                             'maximum': 3.40282e+38}},                                                                                                                         'required': ['total'],                                                                                                                         'additionalProperties': False}}}},                                                   'required': ['resource_provider_generation',                                                                'inventories'],                                                   'additionalProperties': False}},      'minProperties': 1,      'additionalProperties': False}  On instance['inventories']:     {}  ", "code": "placement.undefined_code", "request_id": "req-370b9493-5492-4125-955b-1d371442ef0e"}]}

    
During handling of the above exception, another exception occurred:


    Traceback (most recent call last):

      File "/home/zhihao/.local/share/uv/python/cpython-3.10.19-linux-x86_64-gnu/lib/python3.10/unittest/mock.py", line 1379, in patched
    return func(*newargs, **newkeywargs)

      File "/home/zhihao/hdd/marshal/benchmarks/cross-repo-pr-impact/results/single-case-pipeline-925059-937556-v4-2026-08-26/replay-work/formal-opendev-925059--target-937556/target-a1/nova/tests/functional/test_report_client.py", line 1328, in test_reshape
    self.assertIn('JSON does not validate: {} does not have '

      File "/home/zhihao/hdd/marshal/benchmarks/cross-repo-pr-impact/results/single-case-pipeline-925059-937556-v4-2026-08-26/replay-work/formal-opendev-925059--target-937556/target-a1/.tox/functional/lib/python3.10/site-packages/testtools/testcase.py", line 425, in assertIn
    self.assertThat(haystack, Contains(needle), message)

      File "/home/zhihao/hdd/marshal/benchmarks/cross-repo-pr-impact/results/single-case-pipeline-925059-937556-v4-2026-08-26/replay-work/formal-opendev-925059--target-937556/target-a1/.tox/functional/lib/python3.10/site-packages/testtools/testcase.py", line 509, in assertThat
    raise mismatch_error

    testtools.matchers._impl.MismatchError: 'JSON does not validate: {} does not have enough properties' not in '{"errors": [{"status": 400, "title": "Bad Request", "detail": "The server could not comply with the request since it is either malformed or otherwise incorrect.\\n\\n JSON does not validate: {} should be non-empty  Failed validating \'minProperties\' in schema[\'properties\'][\'inventories\']:     {\'type\': \'object\',      \'patternProperties\': {\'^[0-9a-fA-F-]{36}$\': {\'type\': \'object\',                                                   \'properties\': {\'resource_provider_generation\': {\'type\': \'integer\'},                                                                  \'inventories\': {\'type\': \'object\',                                                                                  \'patternProperties\': {\'^[A-Z0-9_]+$\': {\'type\': \'object\',                                                                                                                         \'properties\': {\'resource_provider_generation\': {\'type\': \'integer\'},                                                                                                                                        \'total\': {\'type\': \'integer\',                                                                                                                                                  \'maximum\': 2147483647,                                                                                                                                                  \'minimum\': 1},                                                                                                                                        \'reserved\': {\'type\': \'integer\',                                                                                                                                                     \'maximum\': 2147483647,                                                                                                                                                     \'minimum\': 0},                                                                                                                                        \'min_unit\': {\'type\': \'integer\',                                                                                                                                                     \'maximum\': 2147483647,                                                                                                                                                     \'minimum\': 1},                                                                                                                                        \'max_unit\': {\'type\': \'integer\',                                                                                                                                                     \'maximum\': 2147483647,                                                                                                                                                     \'minimum\': 1},                                                                                                                                        \'step_size\': {\'type\': \'integer\',                                                                                                                                                      \'maximum\': 2147483647,                                                                                                                                                      \'minimum\': 1},                                                                                                                                        \'allocation_ratio\': {\'type\': \'number\',                                                                                                                                                             \'maximum\': 3.40282e+38}},                                                                                                                         \'required\': [\'total\'],                                                                                                                         \'additionalProperties\': False}}}},                                                   \'required\': [\'resource_provider_generation\',                                                                \'inventories\'],                                                   \'additionalProperties\': False}},      \'minProperties\': 1,      \'additionalProperties\': False}  On instance[\'inventories\']:     {}  ", "code": "placement.undefined_code", "request_id": "req-370b9493-5492-4125-955b-1d371442ef0e"}]}'


Captured pythonlogging:
~~~~~~~~~~~~~~~~~~~~~~~
    2026-08-26 21:37:46,039 INFO [nova.db.migration] Applying migration(s)
2026-08-26 21:37:46,092 INFO [nova.db.migration] Migration(s) applied
2026-08-26 21:37:46,123 INFO [nova.db.migration] Applying migration(s)
2026-08-26 21:37:46,514 INFO [nova.db.migration] Migration(s) applied
2026-08-26 21:37:46,579 WARNING [oslo_policy.policy] JSON formatted policy_file support is deprecated since Victoria release. You need to use YAML format which will be default in future. You can use ``oslopolicy-convert-json-to-yaml`` tool to convert existing JSON-formatted policy file to YAML-formatted in backward compatible way: https://docs.openstack.org/oslo.policy/latest/cli/oslopolicy-convert-json-to-yaml.html.
2026-08-26 21:37:46,580 WARNING [oslo_policy.policy] JSON formatted policy_file support is deprecated since Victoria release. You need to use YAML format which will be default in future. You can use ``oslopolicy-convert-json-to-yaml`` tool to convert existing JSON-formatted policy file to YAML-formatted in backward compatible way: https://docs.openstack.org/oslo.policy/latest/cli/oslopolicy-convert-json-to-yaml.html.
2026-08-26 21:37:46,581 WARNING [oslo_policy.policy] Policy Rules ['os_compute_api:extensions', 'os_compute_api:os-floating-ip-pools', 'os_compute_api:os-quota-sets:defaults', 'os_compute_api:os-availability-zone:list', 'os_compute_api:limits', 'project_member_api', 'project_reader_api', 'project_member_or_admin', 'project_reader_or_admin', 'os_compute_api:limits:other_project', 'os_compute_api:os-lock-server:unlock:unlock_override', 'os_compute_api:servers:create:zero_disk_flavor', 'compute:servers:resize:cross_cell', 'os_compute_api:os-shelve:unshelve_to_host'] specified in policy files are the same as the defaults provided by the service. You can remove these rules from policy files which will make maintenance easier. You can detect these redundant rules by ``oslopolicy-list-redundant`` tool also.
2026-08-26 21:37:46,643 INFO [placement.requestlog] 127.0.0.1 "POST /placement/reshaper" status: 400 len: 4527 microversion: 1.30

{12} nova.tests.functional.test_report_client.SchedulerReportClientTests.test_global_request_id [0.662091s] ... ok
{10} nova.tests.functional.test_report_client.SchedulerReportClientTests.test__set_inventory_reserved_eq_total [0.676800s] ... ok
{17} nova.tests.functional.test_report_client.SchedulerReportClientTests.test_non_tree_aggregate_membership [0.721699s] ... ok
{4} nova.tests.functional.test_report_client.SchedulerReportClientTests.test_client_report_smoke [0.803046s] ... ok
{11} nova.tests.functional.test_report_client.SchedulerReportClientTests.test_allocation_candidates_mappings [0.876852s] ... ok
{6} nova.tests.functional.test_report_client.SchedulerReportClientTests.test_allocation_candidates_root_traits_3 [0.902500s] ... ok
{13} nova.tests.functional.test_report_client.SchedulerReportClientTests.test_allocation_candidates_root_traits_1 [0.888896s] ... ok
{14} nova.tests.functional.test_report_client.SchedulerReportClientTests.test_allocation_candidates_root_traits_2 [0.914040s] ... ok
{1} nova.tests.functional.test_report_client.SchedulerReportClientTests.test_get_allocations_for_provider_tree [0.997099s] ... ok
{0} nova.tests.functional.test_report_client.SchedulerReportClientTests.test_update_from_provider_tree_reshape_conflict_retry [1.029306s] ... ok
{5} nova.tests.functional.test_report_client.SchedulerReportClientTests.test_allocation_candidates_root_traits_5 [1.001466s] ... ok
{16} nova.tests.functional.test_report_client.SchedulerReportClientTests.test_allocation_candidates_root_traits_4 [0.986496s] ... ok
{8} nova.tests.functional.test_report_client.SchedulerReportClientTests.test_set_inventory_for_provider [1.068253s] ... ok
{15} nova.tests.functional.test_report_client.SchedulerReportClientTests.test_update_from_provider_tree [1.204418s] ... ok
{7} nova.tests.functional.test_report_client.SchedulerReportClientTests.test_get_provider_tree_with_nested_and_aggregates [1.223307s] ... ok
{9} nova.tests.functional.test_report_client.SchedulerReportClientTests.test_update_from_provider_tree_reshape [1.975638s] ... ok

==============================
Failed 1 tests - output below:
==============================

nova.tests.functional.test_report_client.SchedulerReportClientTests.test_reshape
--------------------------------------------------------------------------------

Captured traceback:
~~~~~~~~~~~~~~~~~~~
    Traceback (most recent call last):

      File "/home/zhihao/hdd/marshal/benchmarks/cross-repo-pr-impact/results/single-case-pipeline-925059-937556-v4-2026-08-26/replay-work/formal-opendev-925059--target-937556/target-a1/nova/tests/functional/test_report_client.py", line 1326, in test_reshape
    self.client._reshape(self.context, {}, {})

      File "/home/zhihao/hdd/marshal/benchmarks/cross-repo-pr-impact/results/single-case-pipeline-925059-937556-v4-2026-08-26/replay-work/formal-opendev-925059--target-937556/target-a1/nova/scheduler/client/report.py", line 1299, in _reshape
    raise exception.ReshapeFailed(error=resp.text)

    nova.exception.ReshapeFailed: Resource provider inventory and allocation data migration failed: {"errors": [{"status": 400, "title": "Bad Request", "detail": "The server could not comply with the request since it is either malformed or otherwise incorrect.\n\n JSON does not validate: {} should be non-empty  Failed validating 'minProperties' in schema['properties']['inventories']:     {'type': 'object',      'patternProperties': {'^[0-9a-fA-F-]{36}$': {'type': 'object',                                                   'properties': {'resource_provider_generation': {'type': 'integer'},                                                                  'inventories': {'type': 'object',                                                                                  'patternProperties': {'^[A-Z0-9_]+$': {'type': 'object',                                                                                                                         'properties': {'resource_provider_generation': {'type': 'integer'},                                                                                                                                        'total': {'type': 'integer',                                                                                                                                                  'maximum': 2147483647,                                                                                                                                                  'minimum': 1},                                                                                                                                        'reserved': {'type': 'integer',                                                                                                                                                     'maximum': 2147483647,                                                                                                                                                     'minimum': 0},                                                                                                                                        'min_unit': {'type': 'integer',                                                                                                                                                     'maximum': 2147483647,                                                                                                                                                     'minimum': 1},                                                                                                                                        'max_unit': {'type': 'integer',                                                                                                                                                     'maximum': 2147483647,                                                                                                                                                     'minimum': 1},                                                                                                                                        'step_size': {'type': 'integer',                                                                                                                                                      'maximum': 2147483647,                                                                                                                                                      'minimum': 1},                                                                                                                                        'allocation_ratio': {'type': 'number',                                                                                                                                                             'maximum': 3.40282e+38}},                                                                                                                         'required': ['total'],                                                                                                                         'additionalProperties': False}}}},                                                   'required': ['resource_provider_generation',                                                                'inventories'],                                                   'additionalProperties': False}},      'minProperties': 1,      'additionalProperties': False}  On instance['inventories']:     {}  ", "code": "placement.undefined_code", "request_id": "req-370b9493-5492-4125-955b-1d371442ef0e"}]}

    
During handling of the above exception, another exception occurred:


    Traceback (most recent call last):

      File "/home/zhihao/.local/share/uv/python/cpython-3.10.19-linux-x86_64-gnu/lib/python3.10/unittest/mock.py", line 1379, in patched
    return func(*newargs, **newkeywargs)

      File "/home/zhihao/hdd/marshal/benchmarks/cross-repo-pr-impact/results/single-case-pipeline-925059-937556-v4-2026-08-26/replay-work/formal-opendev-925059--target-937556/target-a1/nova/tests/functional/test_report_client.py", line 1328, in test_reshape
    self.assertIn('JSON does not validate: {} does not have '

      File "/home/zhihao/hdd/marshal/benchmarks/cross-repo-pr-impact/results/single-case-pipeline-925059-937556-v4-2026-08-26/replay-work/formal-opendev-925059--target-937556/target-a1/.tox/functional/lib/python3.10/site-packages/testtools/testcase.py", line 425, in assertIn
    self.assertThat(haystack, Contains(needle), message)

      File "/home/zhihao/hdd/marshal/benchmarks/cross-repo-pr-impact/results/single-case-pipeline-925059-937556-v4-2026-08-26/replay-work/formal-opendev-925059--target-937556/target-a1/.tox/functional/lib/python3.10/site-packages/testtools/testcase.py", line 509, in assertThat
    raise mismatch_error

    testtools.matchers._impl.MismatchError: 'JSON does not validate: {} does not have enough properties' not in '{"errors": [{"status": 400, "title": "Bad Request", "detail": "The server could not comply with the request since it is either malformed or otherwise incorrect.\\n\\n JSON does not validate: {} should be non-empty  Failed validating \'minProperties\' in schema[\'properties\'][\'inventories\']:     {\'type\': \'object\',      \'patternProperties\': {\'^[0-9a-fA-F-]{36}$\': {\'type\': \'object\',                                                   \'properties\': {\'resource_provider_generation\': {\'type\': \'integer\'},                                                                  \'inventories\': {\'type\': \'object\',                                                                                  \'patternProperties\': {\'^[A-Z0-9_]+$\': {\'type\': \'object\',                                                                                                                         \'properties\': {\'resource_provider_generation\': {\'type\': \'integer\'},                                                                                                                                        \'total\': {\'type\': \'integer\',                                                                                                                                                  \'maximum\': 2147483647,                                                                                                                                                  \'minimum\': 1},                                                                                                                                        \'reserved\': {\'type\': \'integer\',                                                                                                                                                     \'maximum\': 2147483647,                                                                                                                                                     \'minimum\': 0},                                                                                                                                        \'min_unit\': {\'type\': \'integer\',                                                                                                                                                     \'maximum\': 2147483647,                                                                                                                                                     \'minimum\': 1},                                                                                                                                        \'max_unit\': {\'type\': \'integer\',                                                                                                                                                     \'maximum\': 2147483647,                                                                                                                                                     \'minimum\': 1},                                                                                                                                        \'step_size\': {\'type\': \'integer\',                                                                                                                                                      \'maximum\': 2147483647,                                                                                                                                                      \'minimum\': 1},                                                                                                                                        \'allocation_ratio\': {\'type\': \'number\',                                                                                                                                                             \'maximum\': 3.40282e+38}},                                                                                                                         \'required\': [\'total\'],                                                                                                                         \'additionalProperties\': False}}}},                                                   \'required\': [\'resource_provider_generation\',                                                                \'inventories\'],                                                   \'additionalProperties\': False}},      \'minProperties\': 1,      \'additionalProperties\': False}  On instance[\'inventories\']:     {}  ", "code": "placement.undefined_code", "request_id": "req-370b9493-5492-4125-955b-1d371442ef0e"}]}'


Captured pythonlogging:
~~~~~~~~~~~~~~~~~~~~~~~
    2026-08-26 21:37:46,039 INFO [nova.db.migration] Applying migration(s)
2026-08-26 21:37:46,092 INFO [nova.db.migration] Migration(s) applied
2026-08-26 21:37:46,123 INFO [nova.db.migration] Applying migration(s)
2026-08-26 21:37:46,514 INFO [nova.db.migration] Migration(s) applied
2026-08-26 21:37:46,579 WARNING [oslo_policy.policy] JSON formatted policy_file support is deprecated since Victoria release. You need to use YAML format which will be default in future. You can use ``oslopolicy-convert-json-to-yaml`` tool to convert existing JSON-formatted policy file to YAML-formatted in backward compatible way: https://docs.openstack.org/oslo.policy/latest/cli/oslopolicy-convert-json-to-yaml.html.
2026-08-26 21:37:46,580 WARNING [oslo_policy.policy] JSON formatted policy_file support is deprecated since Victoria release. You need to use YAML format which will be default in future. You can use ``oslopolicy-convert-json-to-yaml`` tool to convert existing JSON-formatted policy file to YAML-formatted in backward compatible way: https://docs.openstack.org/oslo.policy/latest/cli/oslopolicy-convert-json-to-yaml.html.
2026-08-26 21:37:46,581 WARNING [oslo_policy.policy] Policy Rules ['os_compute_api:extensions', 'os_compute_api:os-floating-ip-pools', 'os_compute_api:os-quota-sets:defaults', 'os_compute_api:os-availability-zone:list', 'os_compute_api:limits', 'project_member_api', 'project_reader_api', 'project_member_or_admin', 'project_reader_or_admin', 'os_compute_api:limits:other_project', 'os_compute_api:os-lock-server:unlock:unlock_override', 'os_compute_api:servers:create:zero_disk_flavor', 'compute:servers:resize:cross_cell', 'os_compute_api:os-shelve:unshelve_to_host'] specified in policy files are the same as the defaults provided by the service. You can remove these rules from policy files which will make maintenance easier. You can detect these redundant rules by ``oslopolicy-list-redundant`` tool also.
2026-08-26 21:37:46,643 INFO [placement.requestlog] 127.0.0.1 "POST /placement/reshaper" status: 400 len: 4527 microversion: 1.30



======
Totals
======
Ran: 18 tests in 2.0768 sec.
 - Passed: 17
 - Skipped: 0
 - Expected Fail: 0
 - Unexpected Success: 0
 - Failed: 1
Sum of execute time for each test: 17.2464 sec.

==============
Worker Balance
==============
 - Worker 0 (1 tests) => 0:00:01.029306
 - Worker 1 (1 tests) => 0:00:00.997099
 - Worker 2 (1 tests) => 0:00:00.654558
 - Worker 3 (1 tests) => 0:00:00.659981
 - Worker 4 (1 tests) => 0:00:00.803046
 - Worker 5 (1 tests) => 0:00:01.001466
 - Worker 6 (1 tests) => 0:00:00.902500
 - Worker 7 (1 tests) => 0:00:01.223307
 - Worker 8 (1 tests) => 0:00:01.068253
 - Worker 9 (1 tests) => 0:00:01.975638
 - Worker 10 (1 tests) => 0:00:00.676800
 - Worker 11 (1 tests) => 0:00:00.876852
 - Worker 12 (1 tests) => 0:00:00.662091
 - Worker 13 (1 tests) => 0:00:00.888896
 - Worker 14 (1 tests) => 0:00:00.914040
 - Worker 15 (1 tests) => 0:00:01.204418
 - Worker 16 (1 tests) => 0:00:00.986496
 - Worker 17 (1 tests) => 0:00:00.721699
