Picked up JAVA_TOOL_OPTIONS: -XX:UseAVX=2
[INFO] Scanning for projects...
[INFO] 
[INFO] ---------------------< com.github.susom:database >----------------------
[INFO] Building com.github.susom:database 3.0-SNAPSHOT
[INFO]   from pom.xml
[INFO] --------------------------------[ jar ]---------------------------------
[INFO] 
[INFO] --- resources:3.3.1:resources (default-resources) @ database ---
[INFO] Copying 5 resources from src/main/resources to target/classes
[INFO] 
[INFO] --- compiler:3.7.0:compile (default-compile) @ database ---
[INFO] Changes detected - recompiling the module!
[INFO] Compiling 50 source files to /home/zhihao/hdd/marshal/.work/rebuild_derby6945_susom/output/replay-work/formal-github-derby-6945--target-susom-database/target-a0/target/classes
[INFO] /home/zhihao/hdd/marshal/.work/rebuild_derby6945_susom/output/replay-work/formal-github-derby-6945--target-susom-database/target-a0/src/main/java/com/github/susom/database/DatabaseProvider.java:[-1,-1] /home/zhihao/hdd/marshal/.work/rebuild_derby6945_susom/output/replay-work/formal-github-derby-6945--target-susom-database/target-a0/src/main/java/com/github/susom/database/DatabaseProvider.java uses or overrides a deprecated API.
[INFO] /home/zhihao/hdd/marshal/.work/rebuild_derby6945_susom/output/replay-work/formal-github-derby-6945--target-susom-database/target-a0/src/main/java/com/github/susom/database/DatabaseProvider.java:[-1,-1] Recompile with -Xlint:deprecation for details.
[INFO] 
[INFO] >>> findbugs:3.0.5:check (default) > :findbugs @ database >>>
[INFO] 
[INFO] --- findbugs:3.0.5:findbugs (findbugs) @ database ---
WARNING: An illegal reflective access operation has occurred
WARNING: Illegal reflective access by org.codehaus.groovy.reflection.CachedClass (file:/home/zhihao/hdd/marshal/.work/rebuild_derby6945_susom/output/replay-work/formal-github-derby-6945--target-susom-database/m2-a0/org/codehaus/groovy/groovy/2.4.12/groovy-2.4.12.jar) to method java.lang.Object.finalize()
WARNING: Please consider reporting this to the maintainers of org.codehaus.groovy.reflection.CachedClass
WARNING: Use --illegal-access=warn to enable warnings of further illegal reflective access operations
WARNING: All illegal access operations will be denied in a future release
[INFO] 
[INFO] <<< findbugs:3.0.5:check (default) < :findbugs @ database <<<
[INFO] 
[INFO] 
[INFO] --- findbugs:3.0.5:check (default) @ database ---
[INFO] 
[INFO] --- resources:3.3.1:testResources (default-testResources) @ database ---
[INFO] Copying 1 resource from src/test/resources to target/test-classes
[INFO] 
[INFO] --- compiler:3.7.0:testCompile (default-testCompile) @ database ---
[INFO] Changes detected - recompiling the module!
[INFO] Compiling 12 source files to /home/zhihao/hdd/marshal/.work/rebuild_derby6945_susom/output/replay-work/formal-github-derby-6945--target-susom-database/target-a0/target/test-classes
[INFO] /home/zhihao/hdd/marshal/.work/rebuild_derby6945_susom/output/replay-work/formal-github-derby-6945--target-susom-database/target-a0/src/test/java/com/github/susom/database/test/CommonTest.java:[-1,-1] Some input files use or override a deprecated API.
[INFO] /home/zhihao/hdd/marshal/.work/rebuild_derby6945_susom/output/replay-work/formal-github-derby-6945--target-susom-database/target-a0/src/test/java/com/github/susom/database/test/CommonTest.java:[-1,-1] Recompile with -Xlint:deprecation for details.
[INFO] 
[INFO] --- surefire:2.20:test (default-test) @ database ---
[INFO] 
[INFO] -------------------------------------------------------
[INFO]  T E S T S
[INFO] -------------------------------------------------------
[INFO] Running com.github.susom.database.test.VertxLoggingTest
[INFO] Tests run: 1, Failures: 0, Errors: 0, Skipped: 0, Time elapsed: 15.372 s - in com.github.susom.database.test.VertxLoggingTest
[INFO] 
[INFO] Results:
[INFO] 
[INFO] Tests run: 1, Failures: 0, Errors: 0, Skipped: 0
[INFO] 
[INFO] ------------------------------------------------------------------------
[INFO] BUILD SUCCESS
[INFO] ------------------------------------------------------------------------
[INFO] Total time:  24.024 s
[INFO] Finished at: 2026-08-30T13:02:46+08:00
[INFO] ------------------------------------------------------------------------
