{7} heat.tests.clients.test_barbican_client.ContainerConstraintTest.test_validation [1.787503s] ... ok
{6} heat.tests.clients.test_barbican_client.BarbicanClientPluginTest.test_get_secret_by_ref_not_found [1.771590s] ... ok
{5} heat.tests.clients.test_barbican_client.BarbicanClientPluginTest.test_get_secret_payload_by_ref_not_found [1.813164s] ... ok
{3} heat.tests.clients.test_barbican_client.BarbicanClientPluginTest.test_create [1.775183s] ... ok
{8} heat.tests.clients.test_barbican_client.SecretConstraintTest.test_validation [1.759656s] ... ok
{4} heat.tests.clients.test_barbican_client.SecretConstraintTest.test_validation_error [1.758309s] ... ok
{1} heat.tests.clients.test_barbican_client.BarbicanClientPluginTest.test_get_secret_payload_by_ref [1.772333s] ... ok
{2} heat.tests.clients.test_barbican_client.BarbicanClientPluginTest.test_get_secret_by_ref [1.740995s] ... ok
{0} heat.tests.clients.test_barbican_client.ContainerConstraintTest.test_validation_error [1.760104s] ... ok

======
Totals
======
Ran: 9 tests in 1.8424 sec.
 - Passed: 9
 - Skipped: 0
 - Expected Fail: 0
 - Unexpected Success: 0
 - Failed: 0
Sum of execute time for each test: 15.9388 sec.

==============
Worker Balance
==============
 - Worker 0 (1 tests) => 0:00:01.760104
 - Worker 1 (1 tests) => 0:00:01.772333
 - Worker 2 (1 tests) => 0:00:01.740995
 - Worker 3 (1 tests) => 0:00:01.775183
 - Worker 4 (1 tests) => 0:00:01.758309
 - Worker 5 (1 tests) => 0:00:01.813164
 - Worker 6 (1 tests) => 0:00:01.771590
 - Worker 7 (1 tests) => 0:00:01.787503
 - Worker 8 (1 tests) => 0:00:01.759656
