/home/zhihao/hdd/marshal/.work/rebuild_936100_936159/case-output-v2/replay-work/formal-opendev-936100--target-936159/target-a0/.tox/py3/lib/python3.10/site-packages/oslo_i18n/_message.py:173: UserWarning: Failed to insert replacement values into translated message Invalid input for operation: %(error_message)s. (Original: 'Invalid input for operation: %(error_message)s.'): 'error_message'
  warnings.warn(msg % (translated_message, self.msgid, err))
/home/zhihao/hdd/marshal/.work/rebuild_936100_936159/case-output-v2/replay-work/formal-opendev-936100--target-936159/target-a0/.tox/py3/lib/python3.10/site-packages/oslo_i18n/_message.py:173: UserWarning: Failed to insert replacement values into translated message Invalid input for operation: %(error_message)s. (Original: 'Invalid input for operation: %(error_message)s.'): 'error_message'
  warnings.warn(msg % (translated_message, self.msgid, err))
{39} heat.tests.constraints.test_common_constraints.TestCIDRConstraint.test_validate [0.220167s] ... ok
{34} heat.tests.constraints.test_common_constraints.DNSDomainConstraintTest.test_validation [0.204795s] ... ok
{22} heat.tests.constraints.test_common_constraints.DNSNameConstraintTest.test_validation_error_tld_allnumeric [0.258055s] ... ok
{19} heat.tests.constraints.test_common_constraints.CRONExpressionConstraint.test_validation_none [0.277630s] ... ok
{11} heat.tests.constraints.test_common_constraints.TestIPConstraint.test_validate_ipv6_format [0.340970s] ... ok
{17} heat.tests.constraints.test_common_constraints.FIPDNSNameConstraintTest.test_validation_none [0.274621s] ... ok
{35} heat.tests.constraints.test_common_constraints.TestIPConstraint.test_validate_ipv4_format [0.218059s] ... ok
{3} heat.tests.constraints.test_common_constraints.DNSNameConstraintTest.test_validation_error_special_char [0.360051s] ... ok
{6} heat.tests.constraints.test_common_constraints.ExpirationConstraintTest.test_validation_before_current_time [0.355297s] ... ok
{7} heat.tests.constraints.test_common_constraints.ExpirationConstraintTest.test_validate_date_format [0.318605s] ... ok
{9} heat.tests.constraints.test_common_constraints.TestIPCIDRConstraint.test_invalid_format [0.321757s] ... ok
{12} heat.tests.constraints.test_common_constraints.DNSNameConstraintTest.test_validation_none [0.306087s] ... ok
{28} heat.tests.constraints.test_common_constraints.CRONExpressionConstraint.test_validation_out_of_range_error [0.234081s] ... ok
{10} heat.tests.constraints.test_common_constraints.DNSNameConstraintTest.test_validation_error_hyphen [0.332246s] ... ok
{27} heat.tests.constraints.test_common_constraints.TestISO8601Constraint.test_validate_datetime_format [0.251593s] ... ok
{33} heat.tests.constraints.test_common_constraints.TestIPCIDRConstraint.test_validate [0.233199s] ... ok
{37} heat.tests.constraints.test_common_constraints.TestIPConstraint.test_invalidate_ipv4_format [0.216129s] ... ok
{16} heat.tests.constraints.test_common_constraints.DNSDomainConstraintTest.test_validation_error_no_end_period [0.312550s] ... ok
{2} heat.tests.constraints.test_common_constraints.TimezoneConstraintTest.test_validation_none [0.336031s] ... ok
{1} heat.tests.constraints.test_common_constraints.ExpirationConstraintTest.test_validation_error [0.389623s] ... ok
{8} heat.tests.constraints.test_common_constraints.TestIPConstraint.test_invalidate_ipv6_format [0.347264s] ... ok
{5} heat.tests.constraints.test_common_constraints.TestIPCIDRConstraint.test_valid_format [0.329548s] ... ok
{32} heat.tests.constraints.test_common_constraints.FIPDNSNameConstraintTest.test_validation_error_end_period [0.219858s] ... ok
{23} heat.tests.constraints.test_common_constraints.TestISO8601Constraint.test_validate_date_format [0.264287s] ... ok
{21} heat.tests.constraints.test_common_constraints.JsonStringConstraintTest.test_validation_error [0.279040s] ... ok
{24} heat.tests.constraints.test_common_constraints.TimezoneConstraintTest.test_validation_error [0.252763s] ... ok
{42} heat.tests.constraints.test_common_constraints.FIPDNSNameConstraintTest.test_validation [0.197749s] ... ok
{40} heat.tests.constraints.test_common_constraints.TestISO8601Constraint.test_validate_datetime_format_with_utc_offset_alternate [0.201033s] ... ok
{41} heat.tests.constraints.test_common_constraints.JsonStringConstraintTest.test_validation_none [0.214413s] ... ok
{15} heat.tests.constraints.test_common_constraints.CRONExpressionConstraint.test_validation [0.298191s] ... ok
{29} heat.tests.constraints.test_common_constraints.TestCIDRConstraint.test_invalid_cidr_format [0.235608s] ... ok
{0} heat.tests.constraints.test_common_constraints.DNSNameConstraintTest.test_validation_error_empty_component [0.371500s] ... ok
{25} heat.tests.constraints.test_common_constraints.CRONExpressionConstraint.test_validation_columns_length_error [0.268578s] ... ok
{20} heat.tests.constraints.test_common_constraints.DNSNameConstraintTest.test_validation [0.272719s] ... ok
{30} heat.tests.constraints.test_common_constraints.JsonStringConstraintTest.test_validate_json [0.229573s] ... ok
{31} heat.tests.constraints.test_common_constraints.TestISO8601Constraint.test_validate_refuses_other_formats [0.240495s] ... ok
{14} heat.tests.constraints.test_common_constraints.ExpirationConstraintTest.test_validation_none [0.309298s] ... ok
{13} heat.tests.constraints.test_common_constraints.TestMACConstraint.test_invalid_mac_format [0.304850s] ... ok
{18} heat.tests.constraints.test_common_constraints.TimezoneConstraintTest.test_validation [0.315309s] ... ok
{36} heat.tests.constraints.test_common_constraints.TestCIDRConstraint.test_valid_cidr_format [0.205481s] ... ok
{26} heat.tests.constraints.test_common_constraints.DNSDomainConstraintTest.test_validation_none [0.252182s] ... ok
{4} heat.tests.constraints.test_common_constraints.TestISO8601Constraint.test_validate_datetime_format_with_utc_offset [0.390295s] ... ok
{38} heat.tests.constraints.test_common_constraints.TestMACConstraint.test_valid_mac_format [0.199463s] ... ok

======
Totals
======
Ran: 43 tests in 0.4374 sec.
 - Passed: 43
 - Skipped: 0
 - Expected Fail: 0
 - Unexpected Success: 0
 - Failed: 0
Sum of execute time for each test: 11.9610 sec.

==============
Worker Balance
==============
 - Worker 0 (1 tests) => 0:00:00.371500
 - Worker 1 (1 tests) => 0:00:00.389623
 - Worker 2 (1 tests) => 0:00:00.336031
 - Worker 3 (1 tests) => 0:00:00.360051
 - Worker 4 (1 tests) => 0:00:00.390295
 - Worker 5 (1 tests) => 0:00:00.329548
 - Worker 6 (1 tests) => 0:00:00.355297
 - Worker 7 (1 tests) => 0:00:00.318605
 - Worker 8 (1 tests) => 0:00:00.347264
 - Worker 9 (1 tests) => 0:00:00.321757
 - Worker 10 (1 tests) => 0:00:00.332246
 - Worker 11 (1 tests) => 0:00:00.340970
 - Worker 12 (1 tests) => 0:00:00.306087
 - Worker 13 (1 tests) => 0:00:00.304850
 - Worker 14 (1 tests) => 0:00:00.309298
 - Worker 15 (1 tests) => 0:00:00.298191
 - Worker 16 (1 tests) => 0:00:00.312550
 - Worker 17 (1 tests) => 0:00:00.274621
 - Worker 18 (1 tests) => 0:00:00.315309
 - Worker 19 (1 tests) => 0:00:00.277630
 - Worker 20 (1 tests) => 0:00:00.272719
 - Worker 21 (1 tests) => 0:00:00.279040
 - Worker 22 (1 tests) => 0:00:00.258055
 - Worker 23 (1 tests) => 0:00:00.264287
 - Worker 24 (1 tests) => 0:00:00.252763
 - Worker 25 (1 tests) => 0:00:00.268578
 - Worker 26 (1 tests) => 0:00:00.252182
 - Worker 27 (1 tests) => 0:00:00.251593
 - Worker 28 (1 tests) => 0:00:00.234081
 - Worker 29 (1 tests) => 0:00:00.235608
 - Worker 30 (1 tests) => 0:00:00.229573
 - Worker 31 (1 tests) => 0:00:00.240495
 - Worker 32 (1 tests) => 0:00:00.219858
 - Worker 33 (1 tests) => 0:00:00.233199
 - Worker 34 (1 tests) => 0:00:00.204795
 - Worker 35 (1 tests) => 0:00:00.218059
 - Worker 36 (1 tests) => 0:00:00.205481
 - Worker 37 (1 tests) => 0:00:00.216129
 - Worker 38 (1 tests) => 0:00:00.199463
 - Worker 39 (1 tests) => 0:00:00.220167
 - Worker 40 (1 tests) => 0:00:00.201033
 - Worker 41 (1 tests) => 0:00:00.214413
 - Worker 42 (1 tests) => 0:00:00.197749
