[INFO] Error stacktraces are turned on.
[INFO] Scanning for projects...
[INFO] 
[INFO] ---------------------< com.jcabi:ajc_disableCopy >----------------------
[INFO] Building ajc_disableCopy 1.0-SNAPSHOT
[INFO]   from pom.xml
[INFO] --------------------------------[ jar ]---------------------------------
[INFO] Downloading from local.central: file:///tmp/marshal-jcabi-formal-r3.JIToMA/m2/a0/com/jcabi/jcabi-log/0.20.0/jcabi-log-0.20.0.pom
[INFO] Downloading from central: https://repo.maven.apache.org/maven2/com/jcabi/jcabi-log/0.20.0/jcabi-log-0.20.0.pom
[INFO] Downloaded from central: https://repo.maven.apache.org/maven2/com/jcabi/jcabi-log/0.20.0/jcabi-log-0.20.0.pom (4.8 kB at 5.9 kB/s)
[INFO] Downloading from local.central: file:///tmp/marshal-jcabi-formal-r3.JIToMA/m2/a0/org/mockito/mockito-core/3.12.4/mockito-core-3.12.4.pom
[INFO] Downloading from central: https://repo.maven.apache.org/maven2/org/mockito/mockito-core/3.12.4/mockito-core-3.12.4.pom
[INFO] Downloaded from central: https://repo.maven.apache.org/maven2/org/mockito/mockito-core/3.12.4/mockito-core-3.12.4.pom (2.5 kB at 11 kB/s)
[INFO] Downloading from local.central: file:///tmp/marshal-jcabi-formal-r3.JIToMA/m2/a0/net/bytebuddy/byte-buddy/1.11.13/byte-buddy-1.11.13.pom
[INFO] Downloading from central: https://repo.maven.apache.org/maven2/net/bytebuddy/byte-buddy/1.11.13/byte-buddy-1.11.13.pom
[INFO] Downloaded from central: https://repo.maven.apache.org/maven2/net/bytebuddy/byte-buddy/1.11.13/byte-buddy-1.11.13.pom (12 kB at 54 kB/s)
[INFO] Downloading from local.central: file:///tmp/marshal-jcabi-formal-r3.JIToMA/m2/a0/net/bytebuddy/byte-buddy-parent/1.11.13/byte-buddy-parent-1.11.13.pom
[INFO] Downloading from central: https://repo.maven.apache.org/maven2/net/bytebuddy/byte-buddy-parent/1.11.13/byte-buddy-parent-1.11.13.pom
[INFO] Downloaded from central: https://repo.maven.apache.org/maven2/net/bytebuddy/byte-buddy-parent/1.11.13/byte-buddy-parent-1.11.13.pom (43 kB at 189 kB/s)
[INFO] Downloading from local.central: file:///tmp/marshal-jcabi-formal-r3.JIToMA/m2/a0/net/bytebuddy/byte-buddy-agent/1.11.13/byte-buddy-agent-1.11.13.pom
[INFO] Downloading from central: https://repo.maven.apache.org/maven2/net/bytebuddy/byte-buddy-agent/1.11.13/byte-buddy-agent-1.11.13.pom
[INFO] Downloaded from central: https://repo.maven.apache.org/maven2/net/bytebuddy/byte-buddy-agent/1.11.13/byte-buddy-agent-1.11.13.pom (11 kB at 50 kB/s)
[INFO] Downloading from local.central: file:///tmp/marshal-jcabi-formal-r3.JIToMA/m2/a0/org/aspectj/aspectjrt/1.9.8.M1/aspectjrt-1.9.8.M1.pom
[INFO] Downloaded from local.central: file:///tmp/marshal-jcabi-formal-r3.JIToMA/m2/a0/org/aspectj/aspectjrt/1.9.8.M1/aspectjrt-1.9.8.M1.pom (2.0 kB at 683 kB/s)
[INFO] Downloading from local.central: file:///tmp/marshal-jcabi-formal-r3.JIToMA/m2/a0/com/jcabi/jcabi-log/0.20.0/jcabi-log-0.20.0.jar
[INFO] Downloading from local.central: file:///tmp/marshal-jcabi-formal-r3.JIToMA/m2/a0/org/mockito/mockito-core/3.12.4/mockito-core-3.12.4.jar
[INFO] Downloading from local.central: file:///tmp/marshal-jcabi-formal-r3.JIToMA/m2/a0/net/bytebuddy/byte-buddy/1.11.13/byte-buddy-1.11.13.jar
[INFO] Downloading from local.central: file:///tmp/marshal-jcabi-formal-r3.JIToMA/m2/a0/net/bytebuddy/byte-buddy-agent/1.11.13/byte-buddy-agent-1.11.13.jar
[INFO] Downloading from central: https://repo.maven.apache.org/maven2/com/jcabi/jcabi-log/0.20.0/jcabi-log-0.20.0.jar
[INFO] Downloaded from central: https://repo.maven.apache.org/maven2/com/jcabi/jcabi-log/0.20.0/jcabi-log-0.20.0.jar (51 kB at 188 kB/s)
[INFO] Downloading from central: https://repo.maven.apache.org/maven2/org/mockito/mockito-core/3.12.4/mockito-core-3.12.4.jar
[INFO] Downloading from central: https://repo.maven.apache.org/maven2/net/bytebuddy/byte-buddy/1.11.13/byte-buddy-1.11.13.jar
[INFO] Downloading from central: https://repo.maven.apache.org/maven2/net/bytebuddy/byte-buddy-agent/1.11.13/byte-buddy-agent-1.11.13.jar
[INFO] Downloaded from central: https://repo.maven.apache.org/maven2/org/mockito/mockito-core/3.12.4/mockito-core-3.12.4.jar (682 kB at 819 kB/s)
[INFO] Downloaded from central: https://repo.maven.apache.org/maven2/net/bytebuddy/byte-buddy-agent/1.11.13/byte-buddy-agent-1.11.13.jar (252 kB at 295 kB/s)
[INFO] Downloaded from central: https://repo.maven.apache.org/maven2/net/bytebuddy/byte-buddy/1.11.13/byte-buddy-1.11.13.jar (3.6 MB at 1.9 MB/s)
[INFO] 
[INFO] --- clean:3.1.0:clean (default-clean) @ ajc_disableCopy ---
[INFO] 
[INFO] --- enforcer:3.0.0-M3:enforce (enforce-maven) @ ajc_disableCopy ---
[INFO] 
[INFO] --- buildnumber:1.4:create (jcabi-build-number) @ ajc_disableCopy ---
[INFO] ShortRevision tag detected. The value is '7'.
[INFO] Executing: /bin/sh -c cd '/tmp/marshal-jcabi-formal-r3.JIToMA/consumers/a0/jcabi-maven-plugin/target/it/ajc_disableCopy' && 'git' 'rev-parse' '--verify' '--short=7' 'HEAD'
[INFO] Working directory: /tmp/marshal-jcabi-formal-r3.JIToMA/consumers/a0/jcabi-maven-plugin/target/it/ajc_disableCopy
[INFO] Storing buildNumber: c6d7c3d at timestamp: 2026-08-24T02:57:18
[WARNING] Cannot get the branch information from the git repository: 
Detecting the current branch failed: fatal: ref HEAD is not a symbolic ref

[INFO] ShortRevision tag detected. The value is '7'.
[INFO] Executing: /bin/sh -c cd '/tmp/marshal-jcabi-formal-r3.JIToMA/consumers/a0/jcabi-maven-plugin/target/it/ajc_disableCopy' && 'git' 'rev-parse' '--verify' '--short=7' 'HEAD'
[INFO] Working directory: /tmp/marshal-jcabi-formal-r3.JIToMA/consumers/a0/jcabi-maven-plugin/target/it/ajc_disableCopy
[INFO] Storing buildScmBranch: UNKNOWN
[INFO] 
[INFO] --- buildnumber:1.4:create-timestamp (jcabi-build-number) @ ajc_disableCopy ---
[INFO] 
[INFO] --- resources:3.2.0:resources (default-resources) @ ajc_disableCopy ---
[INFO] Using 'UTF-8' encoding to copy filtered resources.
[INFO] Using 'UTF-8' encoding to copy filtered properties files.
[INFO] skip non existing resourceDirectory /tmp/marshal-jcabi-formal-r3.JIToMA/consumers/a0/jcabi-maven-plugin/target/it/ajc_disableCopy/src/main/resources
[INFO] 
[INFO] --- compiler:3.9.0:compile (default-compile) @ ajc_disableCopy ---
[WARNING]  Parameter 'optimize' (user property 'maven.compiler.optimize') is deprecated: This property is a no-op in {@code javac}.
[INFO] Changes detected - recompiling the module!
[INFO] Compiling 1 source file to /tmp/marshal-jcabi-formal-r3.JIToMA/consumers/a0/jcabi-maven-plugin/target/it/ajc_disableCopy/target/classes
[INFO] 
[INFO] --- jcabi:1.0-SNAPSHOT:ajc (default) @ ajc_disableCopy ---
[INFO] Created temp dir /tmp/marshal-jcabi-formal-r3.JIToMA/consumers/a0/jcabi-maven-plugin/target/it/ajc_disableCopy/target/jcabi-ajc

28 warnings
[INFO] ajc result: 1 file(s) processed, 0 pointcut(s) woven, 0 error(s), 0 warning(s)
[INFO] 
[INFO] --- resources:3.2.0:testResources (default-testResources) @ ajc_disableCopy ---
[INFO] Using 'UTF-8' encoding to copy filtered resources.
[INFO] Using 'UTF-8' encoding to copy filtered properties files.
[INFO] skip non existing resourceDirectory /tmp/marshal-jcabi-formal-r3.JIToMA/consumers/a0/jcabi-maven-plugin/target/it/ajc_disableCopy/src/test/resources
[INFO] 
[INFO] --- compiler:3.9.0:testCompile (default-testCompile) @ ajc_disableCopy ---
[WARNING]  Parameter 'optimize' (user property 'maven.compiler.optimize') is deprecated: This property is a no-op in {@code javac}.
[INFO] Changes detected - recompiling the module!
[INFO] Compiling 1 source file to /tmp/marshal-jcabi-formal-r3.JIToMA/consumers/a0/jcabi-maven-plugin/target/it/ajc_disableCopy/target/test-classes
[INFO] 
[INFO] --- surefire:3.0.0-M7:test (default-test) @ ajc_disableCopy ---
[INFO] Tests will run in random order. To reproduce ordering use flag -Dsurefire.runOrder.random.seed=872272438924915
[INFO] Surefire report directory: /tmp/marshal-jcabi-formal-r3.JIToMA/consumers/a0/jcabi-maven-plugin/target/it/ajc_disableCopy/target/surefire-reports
[INFO] Using auto detected provider org.apache.maven.surefire.junitplatform.JUnitPlatformProvider
[INFO] 
[INFO] -------------------------------------------------------
[INFO]  T E S T S
[INFO] -------------------------------------------------------
[INFO] Running com.jcabi.foo.SampleTest
Aug 24, 2026 2:57:21 AM org.hibernate.validator.internal.util.Version <clinit>
INFO: HV000001: Hibernate Validator 6.2.5.Final
[INFO] Tests run: 2, Failures: 0, Errors: 0, Skipped: 0, Time elapsed: 0.225 s - in com.jcabi.foo.SampleTest
[INFO] 
[INFO] Results:
[INFO] 
[INFO] Tests run: 2, Failures: 0, Errors: 0, Skipped: 0
[INFO] 
[INFO] 
[INFO] --- jcabi:1.0-SNAPSHOT:versionalize (jcabi-versionalize-packages) @ ajc_disableCopy ---
[INFO] Versionalizing /tmp/marshal-jcabi-formal-r3.JIToMA/consumers/a0/jcabi-maven-plugin/target/it/ajc_disableCopy/target/classes directory
[INFO] File /tmp/marshal-jcabi-formal-r3.JIToMA/consumers/a0/jcabi-maven-plugin/target/it/ajc_disableCopy/target/classes/com/jcabi/foo/com-jcabi-ajc_disable-opy-jar.txt added
[INFO] ------------------------------------------------------------------------
[INFO] BUILD SUCCESS
[INFO] ------------------------------------------------------------------------
[INFO] Total time:  8.739 s
[INFO] Finished at: 2026-08-24T02:57:21+08:00
[INFO] ------------------------------------------------------------------------
Running post-build script: /tmp/marshal-jcabi-formal-r3.JIToMA/consumers/a0/jcabi-maven-plugin/target/it/ajc_disableCopy/verify.groovy
Finished post-build script: /tmp/marshal-jcabi-formal-r3.JIToMA/consumers/a0/jcabi-maven-plugin/target/it/ajc_disableCopy/verify.groovy
