[ERROR] Tests run: 1, Failures: 1, Errors: 0, Skipped: 0, Time elapsed: 0.037 s <<< FAILURE! - in net.bytebuddy.ClassFileVersionTest
[ERROR] net.bytebuddy.ClassFileVersionTest.testLatestVersion  Time elapsed: 0.012 s  <<< FAILURE!
java.lang.AssertionError: 

Expected: is <63s>
     but: was <62s>
	at net.bytebuddy.ClassFileVersionTest.testLatestVersion(ClassFileVersionTest.java:67)

[ERROR] Failures: 
[ERROR]   ClassFileVersionTest.testLatestVersion:67 
Expected: is <63s>
     but: was <62s>
[ERROR] Tests run: 1, Failures: 1, Errors: 0, Skipped: 0
[ERROR] Failed to execute goal org.apache.maven.plugins:maven-surefire-plugin:3.0.0-M5:test (default-test) on project byte-buddy-dep: There are test failures.
[ERROR] 
[ERROR] Please refer to /home/zhihao/hdd/marshal/.work/e2-gap-search/bytebuddy-a1/byte-buddy-dep/target/surefire-reports for the individual test results.
[ERROR] Please refer to dump files (if any exist) [date].dump, [date]-jvmRun[N].dump and [date].dumpstream.
[ERROR] -> [Help 1]
[ERROR] 
[ERROR] To see the full stack trace of the errors, re-run Maven with the -e switch.
[ERROR] Re-run Maven using the -X switch to enable full debug logging.
[ERROR] 
[ERROR] For more information about the errors and possible solutions, please read the following articles:
[ERROR] [Help 1] http://cwiki.apache.org/confluence/display/MAVEN/MojoFailureException
[ERROR] 
[ERROR] After correcting the problems, you can resume the build with the command
[ERROR]   mvn <args> -rf :byte-buddy-dep
