[INFO] Scanning for projects...
[INFO] 
[INFO] ----------------------< org.mybatis:mybatis-cdi >-----------------------
[INFO] Building mybatis-cdi 1.1.3-SNAPSHOT
[INFO]   from pom.xml
[INFO] --------------------------------[ jar ]---------------------------------
[INFO] Downloading from central: https://repo.maven.apache.org/maven2/jakarta/enterprise/jakarta.enterprise.cdi-api/2.0.2/jakarta.enterprise.cdi-api-2.0.2.pom
[INFO] Downloaded from central: https://repo.maven.apache.org/maven2/jakarta/enterprise/jakarta.enterprise.cdi-api/2.0.2/jakarta.enterprise.cdi-api-2.0.2.pom (8.8 kB at 4.4 kB/s)
[INFO] Downloading from central: https://repo.maven.apache.org/maven2/jakarta/interceptor/jakarta.interceptor-api/1.2.5/jakarta.interceptor-api-1.2.5.pom
[INFO] Downloaded from central: https://repo.maven.apache.org/maven2/jakarta/interceptor/jakarta.interceptor-api/1.2.5/jakarta.interceptor-api-1.2.5.pom (13 kB at 68 kB/s)
[INFO] Downloading from central: https://repo.maven.apache.org/maven2/jakarta/ejb/jakarta.ejb-api/3.2.6/jakarta.ejb-api-3.2.6.pom
[INFO] Downloaded from central: https://repo.maven.apache.org/maven2/jakarta/ejb/jakarta.ejb-api/3.2.6/jakarta.ejb-api-3.2.6.pom (19 kB at 94 kB/s)
[INFO] Downloading from central: https://repo.maven.apache.org/maven2/jakarta/transaction/jakarta.transaction-api/1.3.2/jakarta.transaction-api-1.3.2.pom
[INFO] Downloaded from central: https://repo.maven.apache.org/maven2/jakarta/transaction/jakarta.transaction-api/1.3.2/jakarta.transaction-api-1.3.2.pom (13 kB at 72 kB/s)
[INFO] Downloading from central: https://repo.maven.apache.org/maven2/jakarta/inject/jakarta.inject-api/1.0/jakarta.inject-api-1.0.pom
[INFO] Downloaded from central: https://repo.maven.apache.org/maven2/jakarta/inject/jakarta.inject-api/1.0/jakarta.inject-api-1.0.pom (3.4 kB at 18 kB/s)
[INFO] Downloading from central: https://repo.maven.apache.org/maven2/org/jboss/weld/se/weld-se-core/3.1.9.Final/weld-se-core-3.1.9.Final.pom
[INFO] Downloaded from central: https://repo.maven.apache.org/maven2/org/jboss/weld/se/weld-se-core/3.1.9.Final/weld-se-core-3.1.9.Final.pom (8.0 kB at 39 kB/s)
[INFO] Downloading from central: https://repo.maven.apache.org/maven2/org/jboss/weld/se/weld-se-parent/3.1.9.Final/weld-se-parent-3.1.9.Final.pom
[INFO] Downloaded from central: https://repo.maven.apache.org/maven2/org/jboss/weld/se/weld-se-parent/3.1.9.Final/weld-se-parent-3.1.9.Final.pom (1.6 kB at 8.6 kB/s)
[INFO] Downloading from central: https://repo.maven.apache.org/maven2/org/jboss/weld/weld-core-parent/3.1.9.Final/weld-core-parent-3.1.9.Final.pom
[INFO] Downloaded from central: https://repo.maven.apache.org/maven2/org/jboss/weld/weld-core-parent/3.1.9.Final/weld-core-parent-3.1.9.Final.pom (31 kB at 78 kB/s)
[INFO] Downloading from central: https://repo.maven.apache.org/maven2/org/jboss/weld/weld-parent/45/weld-parent-45.pom
[INFO] Downloaded from central: https://repo.maven.apache.org/maven2/org/jboss/weld/weld-parent/45/weld-parent-45.pom (54 kB at 63 kB/s)
[INFO] Downloading from central: https://repo.maven.apache.org/maven2/org/jboss/weld/weld-api-parent/3.1.SP4/weld-api-parent-3.1.SP4.pom
[INFO] Downloaded from central: https://repo.maven.apache.org/maven2/org/jboss/weld/weld-api-parent/3.1.SP4/weld-api-parent-3.1.SP4.pom (7.9 kB at 21 kB/s)
[INFO] Downloading from central: https://repo.maven.apache.org/maven2/org/jboss/weld/environment/weld-environment-common/3.1.9.Final/weld-environment-common-3.1.9.Final.pom
[INFO] Downloaded from central: https://repo.maven.apache.org/maven2/org/jboss/weld/environment/weld-environment-common/3.1.9.Final/weld-environment-common-3.1.9.Final.pom (1.8 kB at 7.2 kB/s)
[INFO] Downloading from central: https://repo.maven.apache.org/maven2/org/jboss/weld/weld-core-impl/3.1.9.Final/weld-core-impl-3.1.9.Final.pom
[INFO] Downloaded from central: https://repo.maven.apache.org/maven2/org/jboss/weld/weld-core-impl/3.1.9.Final/weld-core-impl-3.1.9.Final.pom (8.4 kB at 29 kB/s)
[INFO] Downloading from central: https://repo.maven.apache.org/maven2/org/jboss/weld/weld-api/3.1.SP4/weld-api-3.1.SP4.pom
[INFO] Downloaded from central: https://repo.maven.apache.org/maven2/org/jboss/weld/weld-api/3.1.SP4/weld-api-3.1.SP4.pom (1.6 kB at 7.6 kB/s)
[INFO] Downloading from central: https://repo.maven.apache.org/maven2/org/jboss/weld/weld-spi/3.1.SP4/weld-spi-3.1.SP4.pom
[INFO] Downloaded from central: https://repo.maven.apache.org/maven2/org/jboss/weld/weld-spi/3.1.SP4/weld-spi-3.1.SP4.pom (2.8 kB at 12 kB/s)
[INFO] Downloading from central: https://repo.maven.apache.org/maven2/org/jboss/spec/javax/annotation/jboss-annotations-api_1.3_spec/2.0.1.Final/jboss-annotations-api_1.3_spec-2.0.1.Final.pom
[INFO] Downloaded from central: https://repo.maven.apache.org/maven2/org/jboss/spec/javax/annotation/jboss-annotations-api_1.3_spec/2.0.1.Final/jboss-annotations-api_1.3_spec-2.0.1.Final.pom (12 kB at 15 kB/s)
[INFO] Downloading from central: https://repo.maven.apache.org/maven2/org/jboss/logging/jboss-logging/3.4.3.Final/jboss-logging-3.4.3.Final.pom
[INFO] Downloaded from central: https://repo.maven.apache.org/maven2/org/jboss/logging/jboss-logging/3.4.3.Final/jboss-logging-3.4.3.Final.pom (15 kB at 51 kB/s)
[INFO] Downloading from central: https://repo.maven.apache.org/maven2/org/jboss/weld/probe/weld-probe-core/3.1.9.Final/weld-probe-core-3.1.9.Final.pom
[INFO] Downloaded from central: https://repo.maven.apache.org/maven2/org/jboss/weld/probe/weld-probe-core/3.1.9.Final/weld-probe-core-3.1.9.Final.pom (11 kB at 38 kB/s)
[INFO] Downloading from central: https://repo.maven.apache.org/maven2/jakarta/enterprise/jakarta.enterprise.cdi-api/2.0.2/jakarta.enterprise.cdi-api-2.0.2.jar
[INFO] Downloaded from central: https://repo.maven.apache.org/maven2/jakarta/enterprise/jakarta.enterprise.cdi-api/2.0.2/jakarta.enterprise.cdi-api-2.0.2.jar (109 kB at 17 kB/s)
[INFO] Downloading from central: https://repo.maven.apache.org/maven2/jakarta/el/jakarta.el-api/3.0.3/jakarta.el-api-3.0.3.jar
[INFO] Downloading from central: https://repo.maven.apache.org/maven2/jakarta/interceptor/jakarta.interceptor-api/1.2.5/jakarta.interceptor-api-1.2.5.jar
[INFO] Downloading from central: https://repo.maven.apache.org/maven2/jakarta/ejb/jakarta.ejb-api/3.2.6/jakarta.ejb-api-3.2.6.jar
[INFO] Downloading from central: https://repo.maven.apache.org/maven2/jakarta/inject/jakarta.inject-api/1.0/jakarta.inject-api-1.0.jar
[INFO] Downloading from central: https://repo.maven.apache.org/maven2/org/jboss/weld/se/weld-se-core/3.1.9.Final/weld-se-core-3.1.9.Final.jar
[INFO] Downloaded from central: https://repo.maven.apache.org/maven2/jakarta/ejb/jakarta.ejb-api/3.2.6/jakarta.ejb-api-3.2.6.jar (64 kB at 72 kB/s)
[INFO] Downloading from central: https://repo.maven.apache.org/maven2/org/jboss/weld/environment/weld-environment-common/3.1.9.Final/weld-environment-common-3.1.9.Final.jar
[INFO] Downloaded from central: https://repo.maven.apache.org/maven2/org/jboss/weld/se/weld-se-core/3.1.9.Final/weld-se-core-3.1.9.Final.jar (72 kB at 59 kB/s)
[INFO] Downloading from central: https://repo.maven.apache.org/maven2/org/jboss/weld/weld-core-impl/3.1.9.Final/weld-core-impl-3.1.9.Final.jar
[INFO] Downloaded from central: https://repo.maven.apache.org/maven2/jakarta/interceptor/jakarta.interceptor-api/1.2.5/jakarta.interceptor-api-1.2.5.jar (25 kB at 19 kB/s)
[INFO] Downloading from central: https://repo.maven.apache.org/maven2/org/jboss/weld/weld-api/3.1.SP4/weld-api-3.1.SP4.jar
[INFO] Downloaded from central: https://repo.maven.apache.org/maven2/org/jboss/weld/environment/weld-environment-common/3.1.9.Final/weld-environment-common-3.1.9.Final.jar (87 kB at 63 kB/s)
[INFO] Downloading from central: https://repo.maven.apache.org/maven2/org/jboss/weld/weld-spi/3.1.SP4/weld-spi-3.1.SP4.jar
[INFO] Downloaded from central: https://repo.maven.apache.org/maven2/jakarta/inject/jakarta.inject-api/1.0/jakarta.inject-api-1.0.jar (4.7 kB at 3.1 kB/s)
[INFO] Downloading from central: https://repo.maven.apache.org/maven2/org/jboss/spec/javax/annotation/jboss-annotations-api_1.3_spec/2.0.1.Final/jboss-annotations-api_1.3_spec-2.0.1.Final.jar
[INFO] Downloaded from central: https://repo.maven.apache.org/maven2/org/jboss/weld/weld-api/3.1.SP4/weld-api-3.1.SP4.jar (33 kB at 20 kB/s)
[INFO] Downloading from central: https://repo.maven.apache.org/maven2/org/jboss/spec/javax/el/jboss-el-api_3.0_spec/2.0.0.Final/jboss-el-api_3.0_spec-2.0.0.Final.jar
[INFO] Downloaded from central: https://repo.maven.apache.org/maven2/org/jboss/spec/javax/annotation/jboss-annotations-api_1.3_spec/2.0.1.Final/jboss-annotations-api_1.3_spec-2.0.1.Final.jar (25 kB at 13 kB/s)
[INFO] Downloading from central: https://repo.maven.apache.org/maven2/org/jboss/spec/javax/interceptor/jboss-interceptors-api_1.2_spec/2.0.0.Final/jboss-interceptors-api_1.2_spec-2.0.0.Final.jar
[INFO] Downloaded from central: https://repo.maven.apache.org/maven2/org/jboss/spec/javax/el/jboss-el-api_3.0_spec/2.0.0.Final/jboss-el-api_3.0_spec-2.0.0.Final.jar (100 kB at 48 kB/s)
[INFO] Downloading from central: https://repo.maven.apache.org/maven2/org/jboss/logging/jboss-logging/3.4.3.Final/jboss-logging-3.4.3.Final.jar
[INFO] Downloaded from central: https://repo.maven.apache.org/maven2/org/jboss/weld/weld-spi/3.1.SP4/weld-spi-3.1.SP4.jar (85 kB at 39 kB/s)
[INFO] Downloading from central: https://repo.maven.apache.org/maven2/org/jboss/weld/probe/weld-probe-core/3.1.9.Final/weld-probe-core-3.1.9.Final.jar
[INFO] Downloaded from central: https://repo.maven.apache.org/maven2/org/jboss/spec/javax/interceptor/jboss-interceptors-api_1.2_spec/2.0.0.Final/jboss-interceptors-api_1.2_spec-2.0.0.Final.jar (26 kB at 11 kB/s)
[INFO] Downloaded from central: https://repo.maven.apache.org/maven2/org/jboss/logging/jboss-logging/3.4.3.Final/jboss-logging-3.4.3.Final.jar (61 kB at 24 kB/s)
[INFO] Downloaded from central: https://repo.maven.apache.org/maven2/jakarta/el/jakarta.el-api/3.0.3/jakarta.el-api-3.0.3.jar (80 kB at 26 kB/s)
[INFO] Downloaded from central: https://repo.maven.apache.org/maven2/org/jboss/weld/probe/weld-probe-core/3.1.9.Final/weld-probe-core-3.1.9.Final.jar (818 kB at 206 kB/s)
[INFO] Downloaded from central: https://repo.maven.apache.org/maven2/org/jboss/weld/weld-core-impl/3.1.9.Final/weld-core-impl-3.1.9.Final.jar (1.7 MB at 368 kB/s)
[INFO] 
[INFO] --- enforcer:3.1.0:enforce (enforce-java) @ mybatis-cdi ---
[INFO] Skipping Rule Enforcement.
[INFO] 
[INFO] --- git-commit-id:5.0.0:revision (git-commit-id) @ mybatis-cdi ---
[INFO] 
[INFO] --- jacoco:0.8.8:prepare-agent (prepare-agent) @ mybatis-cdi ---
[INFO] argLine set to -javaagent:/home/zhihao/.m2/repository/org/jacoco/org.jacoco.agent/0.8.8/org.jacoco.agent-0.8.8-runtime.jar=destfile=/home/zhihao/hdd/marshal-task-tmp/derby-10.15-fse/mybatis-cdi-arms/a0/target/jacoco.exec -Djdk.attach.allowAttachSelf
[INFO] 
[INFO] --- whitespace:1.0.4:trim (default) @ mybatis-cdi ---
[INFO] 
[INFO] --- formatter:2.20.0:format (default) @ mybatis-cdi ---
[INFO] Formatting is skipped
[INFO] 
[INFO] --- impsort:1.7.0:sort (default) @ mybatis-cdi ---
[INFO] Skipping execution of impsort-maven-plugin
[INFO] 
[INFO] --- license:4.2.rc3:format (default) @ mybatis-cdi ---
[WARNING]  Parameter 'legacyConfigExcludes' (user property 'license.excludes') is deprecated: use {@link LicenseSet#excludes}
[WARNING]  Parameter 'legacyConfigHeader' (user property 'license.header') is deprecated: use {@link LicenseSet#header}
[INFO] 
[INFO] --- resources:3.3.0:resources (default-resources) @ mybatis-cdi ---
[INFO] Copying 2 resources
[INFO] Copying 2 resources to META-INF
[INFO] 
[INFO] --- compiler:3.10.1:compile (default-compile) @ mybatis-cdi ---
[WARNING]  Parameter 'optimize' (user property 'maven.compiler.optimize') is deprecated: This property is a no-op in {@code javac}.
[INFO] Compiling 12 source files to /home/zhihao/hdd/marshal-task-tmp/derby-10.15-fse/mybatis-cdi-arms/a0/target/classes
[INFO] /home/zhihao/hdd/marshal-task-tmp/derby-10.15-fse/mybatis-cdi-arms/a0/src/main/java/org/mybatis/cdi/MybatisExtension.java: /home/zhihao/hdd/marshal-task-tmp/derby-10.15-fse/mybatis-cdi-arms/a0/src/main/java/org/mybatis/cdi/MybatisExtension.java uses unchecked or unsafe operations.
[INFO] /home/zhihao/hdd/marshal-task-tmp/derby-10.15-fse/mybatis-cdi-arms/a0/src/main/java/org/mybatis/cdi/MybatisExtension.java: Recompile with -Xlint:unchecked for details.
[INFO] 
[INFO] --- bundle:5.1.7:manifest (bundle-manifest) @ mybatis-cdi ---
[INFO] No MANIFEST.MF file found, generating manifest.
[WARNING] Manifest org.mybatis:mybatis-cdi:jar:1.1.3-SNAPSHOT : Unused Import-Package instructions: [org.mybatis.*] 
[INFO] Writing manifest: /home/zhihao/hdd/marshal-task-tmp/derby-10.15-fse/mybatis-cdi-arms/a0/target/osgi/MANIFEST.MF
[INFO] 
[INFO] --- resources:3.3.0:testResources (default-testResources) @ mybatis-cdi ---
[INFO] Copying 12 resources
[INFO] 
[INFO] --- compiler:3.10.1:testCompile (default-testCompile) @ mybatis-cdi ---
[WARNING]  Parameter 'optimize' (user property 'maven.compiler.optimize') is deprecated: This property is a no-op in {@code javac}.
[INFO] Compiling 18 source files to /home/zhihao/hdd/marshal-task-tmp/derby-10.15-fse/mybatis-cdi-arms/a0/target/test-classes
[INFO] /home/zhihao/hdd/marshal-task-tmp/derby-10.15-fse/mybatis-cdi-arms/a0/src/test/java/org/mybatis/cdi/MybatisExtensionTest.java: /home/zhihao/hdd/marshal-task-tmp/derby-10.15-fse/mybatis-cdi-arms/a0/src/test/java/org/mybatis/cdi/MybatisExtensionTest.java uses unchecked or unsafe operations.
[INFO] /home/zhihao/hdd/marshal-task-tmp/derby-10.15-fse/mybatis-cdi-arms/a0/src/test/java/org/mybatis/cdi/MybatisExtensionTest.java: Recompile with -Xlint:unchecked for details.
[INFO] 
[INFO] --- surefire:3.0.0-M7:test (default-test) @ mybatis-cdi ---
[WARNING]  Parameter 'systemProperties' is deprecated: Use systemPropertyVariables instead.
[INFO] Using auto detected provider org.apache.maven.surefire.junitplatform.JUnitPlatformProvider
[INFO] 
[INFO] -------------------------------------------------------
[INFO]  T E S T S
[INFO] -------------------------------------------------------
Aug 25, 2026 12:42:56 AM org.jboss.weld.bootstrap.WeldStartup <clinit>
INFO: WELD-000900: 3.1.9 (Final)
Aug 25, 2026 12:42:56 AM org.jboss.weld.bootstrap.WeldStartup startContainer
INFO: WELD-000101: Transactional services not available. Injection of @Inject UserTransaction not available. Transactional observers will be invoked synchronously.
[main] INFO org.mybatis.cdi.MybatisExtension - MyBatis CDI Module - Found class with @Mapper-annotation: UserMapper
[main] INFO org.mybatis.cdi.MybatisExtension - MyBatis CDI Module - SqlSessionFactory producer ManagerProducers.createManager3
[main] INFO org.mybatis.cdi.MybatisExtension - MyBatis CDI Module - SqlSessionFactory producer ManagerProducers.createManager2
[main] INFO org.mybatis.cdi.MybatisExtension - MyBatis CDI Module - SqlSessionFactory producer ManagerProducers.createManager1
[main] INFO org.mybatis.cdi.MybatisExtension - MyBatis CDI Module - SqlSessionFactory producer ManagerProducersJta.createManagerJTA
[main] INFO org.mybatis.cdi.MybatisExtension - MyBatis CDI Module - Activated
[main] INFO org.mybatis.cdi.MybatisExtension - MyBatis CDI Module - Found a bean, which needs a Mapper interface org.mybatis.cdi.UserMapper
[main] INFO org.mybatis.cdi.MybatisExtension - MyBatis CDI Module - Found a bean, which needs a Mapper interface org.mybatis.cdi.UserMapper
[main] INFO org.mybatis.cdi.MybatisExtension - MyBatis CDI Module - Found a bean, which needs a Mapper interface org.mybatis.cdi.UserMapper
[main] INFO org.mybatis.cdi.MybatisExtension - MyBatis CDI Module - Found a bean, which needs a Mapper interface org.mybatis.cdi.UserMapper
[main] INFO org.mybatis.cdi.MybatisExtension - MyBatis CDI Module - Found a bean, which needs a Mapper interface org.mybatis.cdi.UserMapper
[main] INFO org.mybatis.cdi.MybatisExtension - MyBatis CDI Module - Found a bean, which needs a Mapper interface org.mybatis.cdi.UserMapper
[main] INFO org.mybatis.cdi.MybatisExtension - MyBatis CDI Module - Managed Mapper dependency: org.mybatis.cdi.UserMapper.JtaManager, org.mybatis.cdi.UserMapper
[main] INFO org.mybatis.cdi.MybatisExtension - MyBatis CDI Module - Managed Mapper dependency: org.mybatis.cdi.UserMapper_manager2, org.mybatis.cdi.UserMapper
[main] INFO org.mybatis.cdi.MybatisExtension - MyBatis CDI Module - Managed Mapper dependency: org.mybatis.cdi.UserMapper.MySpecialManager.OtherQualifier, org.mybatis.cdi.UserMapper
[main] INFO org.mybatis.cdi.MybatisExtension - MyBatis CDI Module - Managed Mapper dependency: org.mybatis.cdi.UserMapper_manager1, org.mybatis.cdi.UserMapper
[main] INFO org.mybatis.cdi.MybatisExtension - MyBatis CDI Module - Managed SqlSession: org.apache.ibatis.session.SqlSession.MySpecialManager.OtherQualifier, org.apache.ibatis.session.SqlSession
[main] INFO org.mybatis.cdi.MybatisExtension - MyBatis CDI Module - Managed SqlSession: org.apache.ibatis.session.SqlSession_manager1, org.apache.ibatis.session.SqlSession
[main] INFO org.mybatis.cdi.MybatisExtension - MyBatis CDI Module - Managed SqlSession: org.apache.ibatis.session.SqlSession_manager2, org.apache.ibatis.session.SqlSession
[main] INFO org.mybatis.cdi.MybatisExtension - MyBatis CDI Module - Managed SqlSession: org.apache.ibatis.session.SqlSession.JtaManager, org.apache.ibatis.session.SqlSession
[main] WARN org.mybatis.cdi.MybatisExtension - MyBatis CDI Module - Unmanaged SqlSession: org.apache.ibatis.session.SqlSession_unmanaged, org.apache.ibatis.session.SqlSession
Aug 25, 2026 12:42:57 AM org.jboss.weld.environment.se.WeldContainer fireContainerInitializedEvent
INFO: WELD-ENV-002003: Weld SE container 285122be-1489-441a-827c-26fbe03d5897 initialized
[INFO] Running org.mybatis.cdi.FooServiceTest
[main] WARN com.atomikos.jdbc.internal.AbstractDataSourceBean - unique: poolSize equals default - this may cause performance problems!
[main] WARN com.atomikos.jdbc.internal.AtomikosJdbcConnectionProxy - atomikosJdbcConnectionProxy (state = sessionHandleState (1 context(s), isTerminated = false) for resource unique) for vendor instance org.apache.derby.iapi.jdbc.BrokeredConnection42@1501069489, Wrapped Connection = org.apache.derby.impl.jdbc.EmbedConnection@1569102225 (XID = 167), (SESSIONID = 3), (DATABASE = memory:dbJTA), (DRDAID = null) : WARNING: transaction manager not running?
[main] WARN com.atomikos.jdbc.internal.AtomikosJdbcConnectionProxy - atomikosJdbcConnectionProxy (state = sessionHandleState (1 context(s), isTerminated = false) for resource unique) for vendor instance org.apache.derby.iapi.jdbc.BrokeredConnection42@1501069489, Wrapped Connection = org.apache.derby.impl.jdbc.EmbedConnection@1569102225 (XID = 167), (SESSIONID = 3), (DATABASE = memory:dbJTA), (DRDAID = null) : WARNING: transaction manager not running?
[main] WARN com.atomikos.jdbc.internal.AtomikosJdbcConnectionProxy - atomikosJdbcConnectionProxy (state = sessionHandleState (1 context(s), isTerminated = false) for resource unique) for vendor instance org.apache.derby.iapi.jdbc.BrokeredConnection42@1501069489, Wrapped Connection = org.apache.derby.impl.jdbc.EmbedConnection@1569102225 (XID = 167), (SESSIONID = 3), (DATABASE = memory:dbJTA), (DRDAID = null) : WARNING: transaction manager not running?
[main] WARN com.atomikos.jdbc.internal.AtomikosJdbcConnectionProxy - atomikosJdbcConnectionProxy (state = sessionHandleState (1 context(s), isTerminated = false) for resource unique) for vendor instance org.apache.derby.iapi.jdbc.BrokeredConnection42@1501069489, Wrapped Connection = org.apache.derby.impl.jdbc.EmbedConnection@1569102225 (XID = 167), (SESSIONID = 3), (DATABASE = memory:dbJTA), (DRDAID = null) : WARNING: transaction manager not running?
[main] WARN com.atomikos.jdbc.internal.AtomikosJdbcConnectionProxy - atomikosJdbcConnectionProxy (state = sessionHandleState (1 context(s), isTerminated = false) for resource unique) for vendor instance org.apache.derby.iapi.jdbc.BrokeredConnection42@1501069489, Wrapped Connection = org.apache.derby.impl.jdbc.EmbedConnection@1569102225 (XID = 167), (SESSIONID = 3), (DATABASE = memory:dbJTA), (DRDAID = null) : WARNING: transaction manager not running?
[main] WARN com.atomikos.jdbc.internal.AtomikosJdbcConnectionProxy - atomikosJdbcConnectionProxy (state = sessionHandleState (1 context(s), isTerminated = false) for resource unique) for vendor instance org.apache.derby.iapi.jdbc.BrokeredConnection42@1501069489, Wrapped Connection = org.apache.derby.impl.jdbc.EmbedConnection@1569102225 (XID = 167), (SESSIONID = 3), (DATABASE = memory:dbJTA), (DRDAID = null) : WARNING: transaction manager not running?
[main] WARN com.atomikos.jdbc.internal.AtomikosJdbcConnectionProxy - atomikosJdbcConnectionProxy (state = sessionHandleState (1 context(s), isTerminated = false) for resource unique) for vendor instance org.apache.derby.iapi.jdbc.BrokeredConnection42@1501069489, Wrapped Connection = org.apache.derby.impl.jdbc.EmbedConnection@1569102225 (XID = 167), (SESSIONID = 3), (DATABASE = memory:dbJTA), (DRDAID = null) : WARNING: transaction manager not running?
[main] WARN com.atomikos.jdbc.internal.AtomikosJdbcConnectionProxy - atomikosJdbcConnectionProxy (state = sessionHandleState (1 context(s), isTerminated = false) for resource unique) for vendor instance org.apache.derby.iapi.jdbc.BrokeredConnection42@1501069489, Wrapped Connection = org.apache.derby.impl.jdbc.EmbedConnection@1569102225 (XID = 167), (SESSIONID = 3), (DATABASE = memory:dbJTA), (DRDAID = null) : WARNING: transaction manager not running?
[main] WARN com.atomikos.jdbc.internal.AtomikosJdbcConnectionProxy - atomikosJdbcConnectionProxy (state = sessionHandleState (1 context(s), isTerminated = false) for resource unique) for vendor instance org.apache.derby.iapi.jdbc.BrokeredConnection42@1501069489, Wrapped Connection = org.apache.derby.impl.jdbc.EmbedConnection@1569102225 (XID = 167), (SESSIONID = 3), (DATABASE = memory:dbJTA), (DRDAID = null) : WARNING: transaction manager not running?
[main] WARN com.atomikos.jdbc.internal.AtomikosJdbcConnectionProxy - atomikosJdbcConnectionProxy (state = sessionHandleState (1 context(s), isTerminated = false) for resource unique) for vendor instance org.apache.derby.iapi.jdbc.BrokeredConnection42@1501069489, Wrapped Connection = org.apache.derby.impl.jdbc.EmbedConnection@1569102225 (XID = 167), (SESSIONID = 3), (DATABASE = memory:dbJTA), (DRDAID = null) : WARNING: transaction manager not running?
[INFO] Tests run: 7, Failures: 0, Errors: 0, Skipped: 0, Time elapsed: 2.186 s - in org.mybatis.cdi.FooServiceTest
[INFO] 
[INFO] Results:
[INFO] 
[INFO] Tests run: 7, Failures: 0, Errors: 0, Skipped: 0
[INFO] 
[INFO] 
[INFO] --- surefire:3.0.0-M7:test (jta-test) @ mybatis-cdi ---
[WARNING]  Parameter 'systemProperties' is deprecated: Use systemPropertyVariables instead.
[INFO] Using auto detected provider org.apache.maven.surefire.junitplatform.JUnitPlatformProvider
[INFO] 
[INFO] -------------------------------------------------------
[INFO]  T E S T S
[INFO] -------------------------------------------------------
Aug 25, 2026 12:43:00 AM org.jboss.weld.bootstrap.WeldStartup <clinit>
INFO: WELD-000900: 3.1.9 (Final)
Aug 25, 2026 12:43:01 AM org.jboss.weld.bootstrap.WeldStartup startContainer
INFO: WELD-000101: Transactional services not available. Injection of @Inject UserTransaction not available. Transactional observers will be invoked synchronously.
[main] INFO org.mybatis.cdi.MybatisExtension - MyBatis CDI Module - Found class with @Mapper-annotation: UserMapper
[main] INFO org.mybatis.cdi.MybatisExtension - MyBatis CDI Module - SqlSessionFactory producer ManagerProducersJta.createManagerJTA
[main] INFO org.mybatis.cdi.MybatisExtension - MyBatis CDI Module - SqlSessionFactory producer ManagerProducers.createManager1
[main] INFO org.mybatis.cdi.MybatisExtension - MyBatis CDI Module - SqlSessionFactory producer ManagerProducers.createManager2
[main] INFO org.mybatis.cdi.MybatisExtension - MyBatis CDI Module - SqlSessionFactory producer ManagerProducers.createManager3
[main] INFO org.mybatis.cdi.MybatisExtension - MyBatis CDI Module - Activated
[main] INFO org.mybatis.cdi.MybatisExtension - MyBatis CDI Module - Found a bean, which needs a Mapper interface org.mybatis.cdi.UserMapper
[main] INFO org.mybatis.cdi.MybatisExtension - MyBatis CDI Module - Found a bean, which needs a Mapper interface org.mybatis.cdi.UserMapper
[main] INFO org.mybatis.cdi.MybatisExtension - MyBatis CDI Module - Found a bean, which needs a Mapper interface org.mybatis.cdi.UserMapper
[main] INFO org.mybatis.cdi.MybatisExtension - MyBatis CDI Module - Found a bean, which needs a Mapper interface org.mybatis.cdi.UserMapper
[main] INFO org.mybatis.cdi.MybatisExtension - MyBatis CDI Module - Found a bean, which needs a Mapper interface org.mybatis.cdi.UserMapper
[main] INFO org.mybatis.cdi.MybatisExtension - MyBatis CDI Module - Found a bean, which needs a Mapper interface org.mybatis.cdi.UserMapper
[main] INFO org.mybatis.cdi.MybatisExtension - MyBatis CDI Module - Managed Mapper dependency: org.mybatis.cdi.UserMapper.JtaManager, org.mybatis.cdi.UserMapper
[main] INFO org.mybatis.cdi.MybatisExtension - MyBatis CDI Module - Managed Mapper dependency: org.mybatis.cdi.UserMapper_manager2, org.mybatis.cdi.UserMapper
[main] INFO org.mybatis.cdi.MybatisExtension - MyBatis CDI Module - Managed Mapper dependency: org.mybatis.cdi.UserMapper.MySpecialManager.OtherQualifier, org.mybatis.cdi.UserMapper
[main] INFO org.mybatis.cdi.MybatisExtension - MyBatis CDI Module - Managed Mapper dependency: org.mybatis.cdi.UserMapper_manager1, org.mybatis.cdi.UserMapper
[main] INFO org.mybatis.cdi.MybatisExtension - MyBatis CDI Module - Managed SqlSession: org.apache.ibatis.session.SqlSession.MySpecialManager.OtherQualifier, org.apache.ibatis.session.SqlSession
[main] INFO org.mybatis.cdi.MybatisExtension - MyBatis CDI Module - Managed SqlSession: org.apache.ibatis.session.SqlSession_manager1, org.apache.ibatis.session.SqlSession
[main] INFO org.mybatis.cdi.MybatisExtension - MyBatis CDI Module - Managed SqlSession: org.apache.ibatis.session.SqlSession_manager2, org.apache.ibatis.session.SqlSession
[main] INFO org.mybatis.cdi.MybatisExtension - MyBatis CDI Module - Managed SqlSession: org.apache.ibatis.session.SqlSession.JtaManager, org.apache.ibatis.session.SqlSession
[main] WARN org.mybatis.cdi.MybatisExtension - MyBatis CDI Module - Unmanaged SqlSession: org.apache.ibatis.session.SqlSession_unmanaged, org.apache.ibatis.session.SqlSession
Aug 25, 2026 12:43:01 AM org.jboss.weld.environment.se.WeldContainer fireContainerInitializedEvent
INFO: WELD-ENV-002003: Weld SE container 0692b0f7-491d-4364-828a-0098d7251633 initialized
[INFO] Running org.mybatis.cdi.FooServiceTest
[main] WARN com.atomikos.jdbc.internal.AbstractDataSourceBean - unique: poolSize equals default - this may cause performance problems!
[main] WARN com.atomikos.jdbc.internal.AtomikosJdbcConnectionProxy - atomikosJdbcConnectionProxy (state = sessionHandleState (1 context(s), isTerminated = false) for resource unique) for vendor instance org.apache.derby.iapi.jdbc.BrokeredConnection42@1501069489, Wrapped Connection = org.apache.derby.impl.jdbc.EmbedConnection@1569102225 (XID = 167), (SESSIONID = 3), (DATABASE = memory:dbJTA), (DRDAID = null) : WARNING: transaction manager not running?
[main] WARN com.atomikos.jdbc.internal.AtomikosJdbcConnectionProxy - atomikosJdbcConnectionProxy (state = sessionHandleState (1 context(s), isTerminated = false) for resource unique) for vendor instance org.apache.derby.iapi.jdbc.BrokeredConnection42@1501069489, Wrapped Connection = org.apache.derby.impl.jdbc.EmbedConnection@1569102225 (XID = 167), (SESSIONID = 3), (DATABASE = memory:dbJTA), (DRDAID = null) : WARNING: transaction manager not running?
[main] WARN com.atomikos.jdbc.internal.AtomikosJdbcConnectionProxy - atomikosJdbcConnectionProxy (state = sessionHandleState (1 context(s), isTerminated = false) for resource unique) for vendor instance org.apache.derby.iapi.jdbc.BrokeredConnection42@1501069489, Wrapped Connection = org.apache.derby.impl.jdbc.EmbedConnection@1569102225 (XID = 167), (SESSIONID = 3), (DATABASE = memory:dbJTA), (DRDAID = null) : WARNING: transaction manager not running?
[main] WARN com.atomikos.jdbc.internal.AtomikosJdbcConnectionProxy - atomikosJdbcConnectionProxy (state = sessionHandleState (1 context(s), isTerminated = false) for resource unique) for vendor instance org.apache.derby.iapi.jdbc.BrokeredConnection42@1501069489, Wrapped Connection = org.apache.derby.impl.jdbc.EmbedConnection@1569102225 (XID = 167), (SESSIONID = 3), (DATABASE = memory:dbJTA), (DRDAID = null) : WARNING: transaction manager not running?
[main] WARN com.atomikos.jdbc.internal.AtomikosJdbcConnectionProxy - atomikosJdbcConnectionProxy (state = sessionHandleState (1 context(s), isTerminated = false) for resource unique) for vendor instance org.apache.derby.iapi.jdbc.BrokeredConnection42@1501069489, Wrapped Connection = org.apache.derby.impl.jdbc.EmbedConnection@1569102225 (XID = 167), (SESSIONID = 3), (DATABASE = memory:dbJTA), (DRDAID = null) : WARNING: transaction manager not running?
[main] WARN com.atomikos.jdbc.internal.AtomikosJdbcConnectionProxy - atomikosJdbcConnectionProxy (state = sessionHandleState (1 context(s), isTerminated = false) for resource unique) for vendor instance org.apache.derby.iapi.jdbc.BrokeredConnection42@1501069489, Wrapped Connection = org.apache.derby.impl.jdbc.EmbedConnection@1569102225 (XID = 167), (SESSIONID = 3), (DATABASE = memory:dbJTA), (DRDAID = null) : WARNING: transaction manager not running?
[main] WARN com.atomikos.jdbc.internal.AtomikosJdbcConnectionProxy - atomikosJdbcConnectionProxy (state = sessionHandleState (1 context(s), isTerminated = false) for resource unique) for vendor instance org.apache.derby.iapi.jdbc.BrokeredConnection42@1501069489, Wrapped Connection = org.apache.derby.impl.jdbc.EmbedConnection@1569102225 (XID = 167), (SESSIONID = 3), (DATABASE = memory:dbJTA), (DRDAID = null) : WARNING: transaction manager not running?
[main] WARN com.atomikos.jdbc.internal.AtomikosJdbcConnectionProxy - atomikosJdbcConnectionProxy (state = sessionHandleState (1 context(s), isTerminated = false) for resource unique) for vendor instance org.apache.derby.iapi.jdbc.BrokeredConnection42@1501069489, Wrapped Connection = org.apache.derby.impl.jdbc.EmbedConnection@1569102225 (XID = 167), (SESSIONID = 3), (DATABASE = memory:dbJTA), (DRDAID = null) : WARNING: transaction manager not running?
[main] WARN com.atomikos.jdbc.internal.AtomikosJdbcConnectionProxy - atomikosJdbcConnectionProxy (state = sessionHandleState (1 context(s), isTerminated = false) for resource unique) for vendor instance org.apache.derby.iapi.jdbc.BrokeredConnection42@1501069489, Wrapped Connection = org.apache.derby.impl.jdbc.EmbedConnection@1569102225 (XID = 167), (SESSIONID = 3), (DATABASE = memory:dbJTA), (DRDAID = null) : WARNING: transaction manager not running?
[main] WARN com.atomikos.jdbc.internal.AtomikosJdbcConnectionProxy - atomikosJdbcConnectionProxy (state = sessionHandleState (1 context(s), isTerminated = false) for resource unique) for vendor instance org.apache.derby.iapi.jdbc.BrokeredConnection42@1501069489, Wrapped Connection = org.apache.derby.impl.jdbc.EmbedConnection@1569102225 (XID = 167), (SESSIONID = 3), (DATABASE = memory:dbJTA), (DRDAID = null) : WARNING: transaction manager not running?
[INFO] Tests run: 7, Failures: 0, Errors: 0, Skipped: 0, Time elapsed: 2.545 s - in org.mybatis.cdi.FooServiceTest
[INFO] 
[INFO] Results:
[INFO] 
[INFO] Tests run: 7, Failures: 0, Errors: 0, Skipped: 0
[INFO] 
[INFO] ------------------------------------------------------------------------
[INFO] BUILD SUCCESS
[INFO] ------------------------------------------------------------------------
[INFO] Total time:  31.212 s
[INFO] Finished at: 2026-08-25T00:43:04+08:00
[INFO] ------------------------------------------------------------------------
