[INFO] Scanning for projects...
[INFO] 
[INFO] ----------------------< org.mybatis:mybatis-cdi >-----------------------
[INFO] Building mybatis-cdi 1.1.3-SNAPSHOT
[INFO]   from pom.xml
[INFO] --------------------------------[ jar ]---------------------------------
[INFO] Downloading from central: https://repo.maven.apache.org/maven2/jakarta/enterprise/jakarta.enterprise.cdi-api/2.0.2/jakarta.enterprise.cdi-api-2.0.2.pom
[INFO] Downloaded from central: https://repo.maven.apache.org/maven2/jakarta/enterprise/jakarta.enterprise.cdi-api/2.0.2/jakarta.enterprise.cdi-api-2.0.2.pom (8.8 kB at 5.3 kB/s)
[INFO] Downloading from central: https://repo.maven.apache.org/maven2/jakarta/el/jakarta.el-api/3.0.3/jakarta.el-api-3.0.3.pom
[INFO] Downloaded from central: https://repo.maven.apache.org/maven2/jakarta/el/jakarta.el-api/3.0.3/jakarta.el-api-3.0.3.pom (12 kB at 29 kB/s)
[INFO] Downloading from central: https://repo.maven.apache.org/maven2/jakarta/interceptor/jakarta.interceptor-api/1.2.5/jakarta.interceptor-api-1.2.5.pom
[INFO] Downloaded from central: https://repo.maven.apache.org/maven2/jakarta/interceptor/jakarta.interceptor-api/1.2.5/jakarta.interceptor-api-1.2.5.pom (13 kB at 65 kB/s)
[INFO] Downloading from central: https://repo.maven.apache.org/maven2/jakarta/ejb/jakarta.ejb-api/3.2.6/jakarta.ejb-api-3.2.6.pom
[INFO] Downloaded from central: https://repo.maven.apache.org/maven2/jakarta/ejb/jakarta.ejb-api/3.2.6/jakarta.ejb-api-3.2.6.pom (19 kB at 97 kB/s)
[INFO] Downloading from central: https://repo.maven.apache.org/maven2/jakarta/transaction/jakarta.transaction-api/1.3.2/jakarta.transaction-api-1.3.2.pom
[INFO] Downloaded from central: https://repo.maven.apache.org/maven2/jakarta/transaction/jakarta.transaction-api/1.3.2/jakarta.transaction-api-1.3.2.pom (13 kB at 70 kB/s)
[INFO] Downloading from central: https://repo.maven.apache.org/maven2/jakarta/inject/jakarta.inject-api/1.0/jakarta.inject-api-1.0.pom
[INFO] Downloaded from central: https://repo.maven.apache.org/maven2/jakarta/inject/jakarta.inject-api/1.0/jakarta.inject-api-1.0.pom (3.4 kB at 19 kB/s)
[INFO] Downloading from central: https://repo.maven.apache.org/maven2/org/jboss/weld/se/weld-se-core/3.1.9.Final/weld-se-core-3.1.9.Final.pom
[INFO] Downloaded from central: https://repo.maven.apache.org/maven2/org/jboss/weld/se/weld-se-core/3.1.9.Final/weld-se-core-3.1.9.Final.pom (8.0 kB at 34 kB/s)
[INFO] Downloading from central: https://repo.maven.apache.org/maven2/org/jboss/weld/se/weld-se-parent/3.1.9.Final/weld-se-parent-3.1.9.Final.pom
[INFO] Downloaded from central: https://repo.maven.apache.org/maven2/org/jboss/weld/se/weld-se-parent/3.1.9.Final/weld-se-parent-3.1.9.Final.pom (1.6 kB at 8.6 kB/s)
[INFO] Downloading from central: https://repo.maven.apache.org/maven2/org/jboss/weld/weld-core-parent/3.1.9.Final/weld-core-parent-3.1.9.Final.pom
[INFO] Downloaded from central: https://repo.maven.apache.org/maven2/org/jboss/weld/weld-core-parent/3.1.9.Final/weld-core-parent-3.1.9.Final.pom (31 kB at 80 kB/s)
[INFO] Downloading from central: https://repo.maven.apache.org/maven2/org/jboss/weld/weld-parent/45/weld-parent-45.pom
[INFO] Downloaded from central: https://repo.maven.apache.org/maven2/org/jboss/weld/weld-parent/45/weld-parent-45.pom (54 kB at 136 kB/s)
[INFO] Downloading from central: https://repo.maven.apache.org/maven2/org/jboss/arquillian/arquillian-bom/1.7.0.Alpha10/arquillian-bom-1.7.0.Alpha10.pom
[INFO] Downloaded from central: https://repo.maven.apache.org/maven2/org/jboss/arquillian/arquillian-bom/1.7.0.Alpha10/arquillian-bom-1.7.0.Alpha10.pom (10 kB at 11 kB/s)
[INFO] Downloading from central: https://repo.maven.apache.org/maven2/org/jboss/weld/environment/weld-environment-common/3.1.9.Final/weld-environment-common-3.1.9.Final.pom
[INFO] Downloaded from central: https://repo.maven.apache.org/maven2/org/jboss/weld/environment/weld-environment-common/3.1.9.Final/weld-environment-common-3.1.9.Final.pom (1.8 kB at 9.1 kB/s)
[INFO] Downloading from central: https://repo.maven.apache.org/maven2/org/jboss/weld/weld-core-impl/3.1.9.Final/weld-core-impl-3.1.9.Final.pom
[INFO] Downloaded from central: https://repo.maven.apache.org/maven2/org/jboss/weld/weld-core-impl/3.1.9.Final/weld-core-impl-3.1.9.Final.pom (8.4 kB at 11 kB/s)
[INFO] Downloading from central: https://repo.maven.apache.org/maven2/org/jboss/spec/javax/annotation/jboss-annotations-api_1.3_spec/2.0.1.Final/jboss-annotations-api_1.3_spec-2.0.1.Final.pom
[INFO] Downloaded from central: https://repo.maven.apache.org/maven2/org/jboss/spec/javax/annotation/jboss-annotations-api_1.3_spec/2.0.1.Final/jboss-annotations-api_1.3_spec-2.0.1.Final.pom (12 kB at 61 kB/s)
[INFO] Downloading from central: https://repo.maven.apache.org/maven2/org/jboss/spec/javax/el/jboss-el-api_3.0_spec/2.0.0.Final/jboss-el-api_3.0_spec-2.0.0.Final.pom
[INFO] Downloaded from central: https://repo.maven.apache.org/maven2/org/jboss/spec/javax/el/jboss-el-api_3.0_spec/2.0.0.Final/jboss-el-api_3.0_spec-2.0.0.Final.pom (13 kB at 67 kB/s)
[INFO] Downloading from central: https://repo.maven.apache.org/maven2/org/jboss/spec/javax/interceptor/jboss-interceptors-api_1.2_spec/2.0.0.Final/jboss-interceptors-api_1.2_spec-2.0.0.Final.pom
[INFO] Downloaded from central: https://repo.maven.apache.org/maven2/org/jboss/spec/javax/interceptor/jboss-interceptors-api_1.2_spec/2.0.0.Final/jboss-interceptors-api_1.2_spec-2.0.0.Final.pom (13 kB at 63 kB/s)
[INFO] Downloading from central: https://repo.maven.apache.org/maven2/org/jboss/logging/jboss-logging/3.4.3.Final/jboss-logging-3.4.3.Final.pom
[INFO] Downloaded from central: https://repo.maven.apache.org/maven2/org/jboss/logging/jboss-logging/3.4.3.Final/jboss-logging-3.4.3.Final.pom (15 kB at 81 kB/s)
[INFO] Downloading from central: https://repo.maven.apache.org/maven2/org/jboss/weld/probe/weld-probe-core/3.1.9.Final/weld-probe-core-3.1.9.Final.pom
[INFO] Downloaded from central: https://repo.maven.apache.org/maven2/org/jboss/weld/probe/weld-probe-core/3.1.9.Final/weld-probe-core-3.1.9.Final.pom (11 kB at 59 kB/s)
[INFO] Downloading from central: https://repo.maven.apache.org/maven2/org/jboss/weld/probe/weld-probe-parent/3.1.9.Final/weld-probe-parent-3.1.9.Final.pom
[INFO] Downloaded from central: https://repo.maven.apache.org/maven2/org/jboss/weld/probe/weld-probe-parent/3.1.9.Final/weld-probe-parent-3.1.9.Final.pom (855 B at 4.5 kB/s)
[INFO] Downloading from central: https://repo.maven.apache.org/maven2/jakarta/enterprise/jakarta.enterprise.cdi-api/2.0.2/jakarta.enterprise.cdi-api-2.0.2.jar
[INFO] Downloaded from central: https://repo.maven.apache.org/maven2/jakarta/enterprise/jakarta.enterprise.cdi-api/2.0.2/jakarta.enterprise.cdi-api-2.0.2.jar (109 kB at 197 kB/s)
[INFO] Downloading from central: https://repo.maven.apache.org/maven2/jakarta/el/jakarta.el-api/3.0.3/jakarta.el-api-3.0.3.jar
[INFO] Downloading from central: https://repo.maven.apache.org/maven2/jakarta/interceptor/jakarta.interceptor-api/1.2.5/jakarta.interceptor-api-1.2.5.jar
[INFO] Downloading from central: https://repo.maven.apache.org/maven2/jakarta/ejb/jakarta.ejb-api/3.2.6/jakarta.ejb-api-3.2.6.jar
[INFO] Downloading from central: https://repo.maven.apache.org/maven2/jakarta/inject/jakarta.inject-api/1.0/jakarta.inject-api-1.0.jar
[INFO] Downloading from central: https://repo.maven.apache.org/maven2/org/jboss/weld/se/weld-se-core/3.1.9.Final/weld-se-core-3.1.9.Final.jar
[INFO] Downloaded from central: https://repo.maven.apache.org/maven2/jakarta/el/jakarta.el-api/3.0.3/jakarta.el-api-3.0.3.jar (80 kB at 178 kB/s)
[INFO] Downloading from central: https://repo.maven.apache.org/maven2/org/jboss/weld/environment/weld-environment-common/3.1.9.Final/weld-environment-common-3.1.9.Final.jar
[INFO] Downloaded from central: https://repo.maven.apache.org/maven2/jakarta/inject/jakarta.inject-api/1.0/jakarta.inject-api-1.0.jar (4.7 kB at 7.0 kB/s)
[INFO] Downloading from central: https://repo.maven.apache.org/maven2/org/jboss/weld/weld-core-impl/3.1.9.Final/weld-core-impl-3.1.9.Final.jar
[INFO] Downloaded from central: https://repo.maven.apache.org/maven2/org/jboss/weld/environment/weld-environment-common/3.1.9.Final/weld-environment-common-3.1.9.Final.jar (87 kB at 96 kB/s)
[INFO] Downloading from central: https://repo.maven.apache.org/maven2/org/jboss/weld/weld-api/3.1.SP4/weld-api-3.1.SP4.jar
[INFO] Downloaded from central: https://repo.maven.apache.org/maven2/jakarta/interceptor/jakarta.interceptor-api/1.2.5/jakarta.interceptor-api-1.2.5.jar (25 kB at 26 kB/s)
[INFO] Downloading from central: https://repo.maven.apache.org/maven2/org/jboss/weld/weld-spi/3.1.SP4/weld-spi-3.1.SP4.jar
[INFO] Downloaded from central: https://repo.maven.apache.org/maven2/jakarta/ejb/jakarta.ejb-api/3.2.6/jakarta.ejb-api-3.2.6.jar (64 kB at 63 kB/s)
[INFO] Downloading from central: https://repo.maven.apache.org/maven2/org/jboss/spec/javax/annotation/jboss-annotations-api_1.3_spec/2.0.1.Final/jboss-annotations-api_1.3_spec-2.0.1.Final.jar
[INFO] Downloaded from central: https://repo.maven.apache.org/maven2/org/jboss/spec/javax/annotation/jboss-annotations-api_1.3_spec/2.0.1.Final/jboss-annotations-api_1.3_spec-2.0.1.Final.jar (25 kB at 20 kB/s)
[INFO] Downloading from central: https://repo.maven.apache.org/maven2/org/jboss/spec/javax/el/jboss-el-api_3.0_spec/2.0.0.Final/jboss-el-api_3.0_spec-2.0.0.Final.jar
[INFO] Downloaded from central: https://repo.maven.apache.org/maven2/org/jboss/weld/weld-api/3.1.SP4/weld-api-3.1.SP4.jar (33 kB at 24 kB/s)
[INFO] Downloading from central: https://repo.maven.apache.org/maven2/org/jboss/spec/javax/interceptor/jboss-interceptors-api_1.2_spec/2.0.0.Final/jboss-interceptors-api_1.2_spec-2.0.0.Final.jar
[INFO] Downloaded from central: https://repo.maven.apache.org/maven2/org/jboss/weld/weld-spi/3.1.SP4/weld-spi-3.1.SP4.jar (85 kB at 55 kB/s)
[INFO] Downloading from central: https://repo.maven.apache.org/maven2/org/jboss/logging/jboss-logging/3.4.3.Final/jboss-logging-3.4.3.Final.jar
[INFO] Downloaded from central: https://repo.maven.apache.org/maven2/org/jboss/spec/javax/el/jboss-el-api_3.0_spec/2.0.0.Final/jboss-el-api_3.0_spec-2.0.0.Final.jar (100 kB at 58 kB/s)
[INFO] Downloading from central: https://repo.maven.apache.org/maven2/org/jboss/weld/probe/weld-probe-core/3.1.9.Final/weld-probe-core-3.1.9.Final.jar
[INFO] Downloaded from central: https://repo.maven.apache.org/maven2/org/jboss/weld/se/weld-se-core/3.1.9.Final/weld-se-core-3.1.9.Final.jar (72 kB at 41 kB/s)
[INFO] Downloaded from central: https://repo.maven.apache.org/maven2/org/jboss/spec/javax/interceptor/jboss-interceptors-api_1.2_spec/2.0.0.Final/jboss-interceptors-api_1.2_spec-2.0.0.Final.jar (26 kB at 14 kB/s)
[INFO] Downloaded from central: https://repo.maven.apache.org/maven2/org/jboss/logging/jboss-logging/3.4.3.Final/jboss-logging-3.4.3.Final.jar (61 kB at 26 kB/s)
[INFO] Downloaded from central: https://repo.maven.apache.org/maven2/org/jboss/weld/probe/weld-probe-core/3.1.9.Final/weld-probe-core-3.1.9.Final.jar (818 kB at 268 kB/s)
[INFO] Downloaded from central: https://repo.maven.apache.org/maven2/org/jboss/weld/weld-core-impl/3.1.9.Final/weld-core-impl-3.1.9.Final.jar (1.7 MB at 253 kB/s)
[INFO] 
[INFO] --- enforcer:3.1.0:enforce (enforce-java) @ mybatis-cdi ---
[INFO] Skipping Rule Enforcement.
[INFO] 
[INFO] --- git-commit-id:5.0.0:revision (git-commit-id) @ mybatis-cdi ---
[INFO] 
[INFO] --- jacoco:0.8.8:prepare-agent (prepare-agent) @ mybatis-cdi ---
[INFO] argLine set to -javaagent:/home/zhihao/.m2/repository/org/jacoco/org.jacoco.agent/0.8.8/org.jacoco.agent-0.8.8-runtime.jar=destfile=/home/zhihao/hdd/marshal-task-tmp/derby-10.15-fse/mybatis-cdi-arms/a1/target/jacoco.exec -Djdk.attach.allowAttachSelf
[INFO] 
[INFO] --- whitespace:1.0.4:trim (default) @ mybatis-cdi ---
[INFO] 
[INFO] --- formatter:2.20.0:format (default) @ mybatis-cdi ---
[INFO] Formatting is skipped
[INFO] 
[INFO] --- impsort:1.7.0:sort (default) @ mybatis-cdi ---
[INFO] Skipping execution of impsort-maven-plugin
[INFO] 
[INFO] --- license:4.2.rc3:format (default) @ mybatis-cdi ---
[WARNING]  Parameter 'legacyConfigExcludes' (user property 'license.excludes') is deprecated: use {@link LicenseSet#excludes}
[WARNING]  Parameter 'legacyConfigHeader' (user property 'license.header') is deprecated: use {@link LicenseSet#header}
[INFO] 
[INFO] --- resources:3.3.0:resources (default-resources) @ mybatis-cdi ---
[INFO] Copying 2 resources
[INFO] Copying 2 resources to META-INF
[INFO] 
[INFO] --- compiler:3.10.1:compile (default-compile) @ mybatis-cdi ---
[WARNING]  Parameter 'optimize' (user property 'maven.compiler.optimize') is deprecated: This property is a no-op in {@code javac}.
[INFO] Compiling 12 source files to /home/zhihao/hdd/marshal-task-tmp/derby-10.15-fse/mybatis-cdi-arms/a1/target/classes
[INFO] /home/zhihao/hdd/marshal-task-tmp/derby-10.15-fse/mybatis-cdi-arms/a1/src/main/java/org/mybatis/cdi/MybatisExtension.java: /home/zhihao/hdd/marshal-task-tmp/derby-10.15-fse/mybatis-cdi-arms/a1/src/main/java/org/mybatis/cdi/MybatisExtension.java uses unchecked or unsafe operations.
[INFO] /home/zhihao/hdd/marshal-task-tmp/derby-10.15-fse/mybatis-cdi-arms/a1/src/main/java/org/mybatis/cdi/MybatisExtension.java: Recompile with -Xlint:unchecked for details.
[INFO] 
[INFO] --- bundle:5.1.7:manifest (bundle-manifest) @ mybatis-cdi ---
[INFO] No MANIFEST.MF file found, generating manifest.
[WARNING] Manifest org.mybatis:mybatis-cdi:jar:1.1.3-SNAPSHOT : Unused Import-Package instructions: [org.mybatis.*] 
[INFO] Writing manifest: /home/zhihao/hdd/marshal-task-tmp/derby-10.15-fse/mybatis-cdi-arms/a1/target/osgi/MANIFEST.MF
[INFO] 
[INFO] --- resources:3.3.0:testResources (default-testResources) @ mybatis-cdi ---
[INFO] Copying 12 resources
[INFO] 
[INFO] --- compiler:3.10.1:testCompile (default-testCompile) @ mybatis-cdi ---
[WARNING]  Parameter 'optimize' (user property 'maven.compiler.optimize') is deprecated: This property is a no-op in {@code javac}.
[INFO] Compiling 18 source files to /home/zhihao/hdd/marshal-task-tmp/derby-10.15-fse/mybatis-cdi-arms/a1/target/test-classes
[INFO] /home/zhihao/hdd/marshal-task-tmp/derby-10.15-fse/mybatis-cdi-arms/a1/src/test/java/org/mybatis/cdi/MybatisExtensionTest.java: /home/zhihao/hdd/marshal-task-tmp/derby-10.15-fse/mybatis-cdi-arms/a1/src/test/java/org/mybatis/cdi/MybatisExtensionTest.java uses unchecked or unsafe operations.
[INFO] /home/zhihao/hdd/marshal-task-tmp/derby-10.15-fse/mybatis-cdi-arms/a1/src/test/java/org/mybatis/cdi/MybatisExtensionTest.java: Recompile with -Xlint:unchecked for details.
[INFO] 
[INFO] --- surefire:3.0.0-M7:test (default-test) @ mybatis-cdi ---
[WARNING]  Parameter 'systemProperties' is deprecated: Use systemPropertyVariables instead.
[INFO] Using auto detected provider org.apache.maven.surefire.junitplatform.JUnitPlatformProvider
[INFO] 
[INFO] -------------------------------------------------------
[INFO]  T E S T S
[INFO] -------------------------------------------------------
Aug 25, 2026 12:42:52 AM org.jboss.weld.bootstrap.WeldStartup <clinit>
INFO: WELD-000900: 3.1.9 (Final)
Aug 25, 2026 12:42:52 AM org.jboss.weld.bootstrap.WeldStartup startContainer
INFO: WELD-000101: Transactional services not available. Injection of @Inject UserTransaction not available. Transactional observers will be invoked synchronously.
[main] INFO org.mybatis.cdi.MybatisExtension - MyBatis CDI Module - Found class with @Mapper-annotation: UserMapper
[main] INFO org.mybatis.cdi.MybatisExtension - MyBatis CDI Module - SqlSessionFactory producer ManagerProducersJta.createManagerJTA
[main] INFO org.mybatis.cdi.MybatisExtension - MyBatis CDI Module - SqlSessionFactory producer ManagerProducers.createManager3
[main] INFO org.mybatis.cdi.MybatisExtension - MyBatis CDI Module - SqlSessionFactory producer ManagerProducers.createManager2
[main] INFO org.mybatis.cdi.MybatisExtension - MyBatis CDI Module - SqlSessionFactory producer ManagerProducers.createManager1
[main] INFO org.mybatis.cdi.MybatisExtension - MyBatis CDI Module - Activated
[main] INFO org.mybatis.cdi.MybatisExtension - MyBatis CDI Module - Found a bean, which needs a Mapper interface org.mybatis.cdi.UserMapper
[main] INFO org.mybatis.cdi.MybatisExtension - MyBatis CDI Module - Found a bean, which needs a Mapper interface org.mybatis.cdi.UserMapper
[main] INFO org.mybatis.cdi.MybatisExtension - MyBatis CDI Module - Found a bean, which needs a Mapper interface org.mybatis.cdi.UserMapper
[main] INFO org.mybatis.cdi.MybatisExtension - MyBatis CDI Module - Found a bean, which needs a Mapper interface org.mybatis.cdi.UserMapper
[main] INFO org.mybatis.cdi.MybatisExtension - MyBatis CDI Module - Found a bean, which needs a Mapper interface org.mybatis.cdi.UserMapper
[main] INFO org.mybatis.cdi.MybatisExtension - MyBatis CDI Module - Found a bean, which needs a Mapper interface org.mybatis.cdi.UserMapper
[main] INFO org.mybatis.cdi.MybatisExtension - MyBatis CDI Module - Managed Mapper dependency: org.mybatis.cdi.UserMapper.JtaManager, org.mybatis.cdi.UserMapper
[main] INFO org.mybatis.cdi.MybatisExtension - MyBatis CDI Module - Managed Mapper dependency: org.mybatis.cdi.UserMapper_manager2, org.mybatis.cdi.UserMapper
[main] INFO org.mybatis.cdi.MybatisExtension - MyBatis CDI Module - Managed Mapper dependency: org.mybatis.cdi.UserMapper.MySpecialManager.OtherQualifier, org.mybatis.cdi.UserMapper
[main] INFO org.mybatis.cdi.MybatisExtension - MyBatis CDI Module - Managed Mapper dependency: org.mybatis.cdi.UserMapper_manager1, org.mybatis.cdi.UserMapper
[main] INFO org.mybatis.cdi.MybatisExtension - MyBatis CDI Module - Managed SqlSession: org.apache.ibatis.session.SqlSession.MySpecialManager.OtherQualifier, org.apache.ibatis.session.SqlSession
[main] INFO org.mybatis.cdi.MybatisExtension - MyBatis CDI Module - Managed SqlSession: org.apache.ibatis.session.SqlSession_manager1, org.apache.ibatis.session.SqlSession
[main] INFO org.mybatis.cdi.MybatisExtension - MyBatis CDI Module - Managed SqlSession: org.apache.ibatis.session.SqlSession_manager2, org.apache.ibatis.session.SqlSession
[main] INFO org.mybatis.cdi.MybatisExtension - MyBatis CDI Module - Managed SqlSession: org.apache.ibatis.session.SqlSession.JtaManager, org.apache.ibatis.session.SqlSession
[main] WARN org.mybatis.cdi.MybatisExtension - MyBatis CDI Module - Unmanaged SqlSession: org.apache.ibatis.session.SqlSession_unmanaged, org.apache.ibatis.session.SqlSession
Aug 25, 2026 12:42:53 AM org.jboss.weld.environment.se.WeldContainer fireContainerInitializedEvent
INFO: WELD-ENV-002003: Weld SE container 3ab5a21e-939b-465d-a624-4483a3895f69 initialized
[INFO] Running org.mybatis.cdi.FooServiceTest
[ERROR] Tests run: 1, Failures: 0, Errors: 1, Skipped: 0, Time elapsed: 0.485 s <<< FAILURE! - in org.mybatis.cdi.FooServiceTest
[ERROR] org.mybatis.cdi.FooServiceTest  Time elapsed: 0.485 s  <<< ERROR!
org.junit.jupiter.api.extension.TestInstantiationException: 
TestInstanceFactory [org.mybatis.cdi.WeldJunit5Extension] failed to instantiate test class [org.mybatis.cdi.FooServiceTest]: 
### Error getting a new connection.  Cause: java.sql.SQLException: Error setting driver on UnpooledDataSource. Cause: java.lang.ClassNotFoundException: Cannot find class: org.apache.derby.jdbc.EmbeddedDriver
### Cause: java.sql.SQLException: Error setting driver on UnpooledDataSource. Cause: java.lang.ClassNotFoundException: Cannot find class: org.apache.derby.jdbc.EmbeddedDriver
	at org.junit.jupiter.engine.descriptor.ClassBasedTestDescriptor.invokeTestInstanceFactory(ClassBasedTestDescriptor.java:334)
	at org.junit.jupiter.engine.descriptor.ClassBasedTestDescriptor.instantiateTestClass(ClassBasedTestDescriptor.java:309)
	at org.junit.jupiter.engine.descriptor.ClassTestDescriptor.instantiateTestClass(ClassTestDescriptor.java:79)
	at org.junit.jupiter.engine.descriptor.ClassBasedTestDescriptor.instantiateAndPostProcessTestInstance(ClassBasedTestDescriptor.java:286)
	at org.junit.jupiter.engine.descriptor.ClassBasedTestDescriptor.lambda$testInstancesProvider$4(ClassBasedTestDescriptor.java:278)
	at java.base/java.util.Optional.orElseGet(Optional.java:369)
	at org.junit.jupiter.engine.descriptor.ClassBasedTestDescriptor.lambda$testInstancesProvider$5(ClassBasedTestDescriptor.java:277)
	at org.junit.jupiter.engine.execution.TestInstancesProvider.getTestInstances(TestInstancesProvider.java:31)
	at org.junit.jupiter.engine.descriptor.ClassBasedTestDescriptor.lambda$before$2(ClassBasedTestDescriptor.java:203)
	at org.junit.platform.engine.support.hierarchical.ThrowableCollector.execute(ThrowableCollector.java:73)
	at org.junit.jupiter.engine.descriptor.ClassBasedTestDescriptor.before(ClassBasedTestDescriptor.java:202)
	at org.junit.jupiter.engine.descriptor.ClassBasedTestDescriptor.before(ClassBasedTestDescriptor.java:84)
	at org.junit.platform.engine.support.hierarchical.NodeTestTask.lambda$executeRecursively$6(NodeTestTask.java:148)
	at org.junit.platform.engine.support.hierarchical.ThrowableCollector.execute(ThrowableCollector.java:73)
	at org.junit.platform.engine.support.hierarchical.NodeTestTask.lambda$executeRecursively$8(NodeTestTask.java:141)
	at org.junit.platform.engine.support.hierarchical.Node.around(Node.java:137)
	at org.junit.platform.engine.support.hierarchical.NodeTestTask.lambda$executeRecursively$9(NodeTestTask.java:139)
	at org.junit.platform.engine.support.hierarchical.ThrowableCollector.execute(ThrowableCollector.java:73)
	at org.junit.platform.engine.support.hierarchical.NodeTestTask.executeRecursively(NodeTestTask.java:138)
	at org.junit.platform.engine.support.hierarchical.NodeTestTask.execute(NodeTestTask.java:95)
	at java.base/java.util.ArrayList.forEach(ArrayList.java:1541)
	at org.junit.platform.engine.support.hierarchical.SameThreadHierarchicalTestExecutorService.invokeAll(SameThreadHierarchicalTestExecutorService.java:41)
	at org.junit.platform.engine.support.hierarchical.NodeTestTask.lambda$executeRecursively$6(NodeTestTask.java:155)
	at org.junit.platform.engine.support.hierarchical.ThrowableCollector.execute(ThrowableCollector.java:73)
	at org.junit.platform.engine.support.hierarchical.NodeTestTask.lambda$executeRecursively$8(NodeTestTask.java:141)
	at org.junit.platform.engine.support.hierarchical.Node.around(Node.java:137)
	at org.junit.platform.engine.support.hierarchical.NodeTestTask.lambda$executeRecursively$9(NodeTestTask.java:139)
	at org.junit.platform.engine.support.hierarchical.ThrowableCollector.execute(ThrowableCollector.java:73)
	at org.junit.platform.engine.support.hierarchical.NodeTestTask.executeRecursively(NodeTestTask.java:138)
	at org.junit.platform.engine.support.hierarchical.NodeTestTask.execute(NodeTestTask.java:95)
	at org.junit.platform.engine.support.hierarchical.SameThreadHierarchicalTestExecutorService.submit(SameThreadHierarchicalTestExecutorService.java:35)
	at org.junit.platform.engine.support.hierarchical.HierarchicalTestExecutor.execute(HierarchicalTestExecutor.java:57)
	at org.junit.platform.engine.support.hierarchical.HierarchicalTestEngine.execute(HierarchicalTestEngine.java:54)
	at org.junit.platform.launcher.core.EngineExecutionOrchestrator.execute(EngineExecutionOrchestrator.java:147)
	at org.junit.platform.launcher.core.EngineExecutionOrchestrator.execute(EngineExecutionOrchestrator.java:127)
	at org.junit.platform.launcher.core.EngineExecutionOrchestrator.execute(EngineExecutionOrchestrator.java:90)
	at org.junit.platform.launcher.core.EngineExecutionOrchestrator.lambda$execute$0(EngineExecutionOrchestrator.java:55)
	at org.junit.platform.launcher.core.EngineExecutionOrchestrator.withInterceptedStreams(EngineExecutionOrchestrator.java:102)
	at org.junit.platform.launcher.core.EngineExecutionOrchestrator.execute(EngineExecutionOrchestrator.java:54)
	at org.junit.platform.launcher.core.DefaultLauncher.execute(DefaultLauncher.java:114)
	at org.junit.platform.launcher.core.DefaultLauncher.execute(DefaultLauncher.java:86)
	at org.junit.platform.launcher.core.DefaultLauncherSession$DelegatingLauncher.execute(DefaultLauncherSession.java:86)
	at org.apache.maven.surefire.junitplatform.LazyLauncher.execute(LazyLauncher.java:55)
	at org.apache.maven.surefire.junitplatform.JUnitPlatformProvider.execute(JUnitPlatformProvider.java:223)
	at org.apache.maven.surefire.junitplatform.JUnitPlatformProvider.invokeAllTests(JUnitPlatformProvider.java:175)
	at org.apache.maven.surefire.junitplatform.JUnitPlatformProvider.invoke(JUnitPlatformProvider.java:139)
	at org.apache.maven.surefire.booter.ForkedBooter.runSuitesInProcess(ForkedBooter.java:456)
	at org.apache.maven.surefire.booter.ForkedBooter.execute(ForkedBooter.java:169)
	at org.apache.maven.surefire.booter.ForkedBooter.run(ForkedBooter.java:595)
	at org.apache.maven.surefire.booter.ForkedBooter.main(ForkedBooter.java:581)
Caused by: org.apache.ibatis.exceptions.PersistenceException: 
### Error getting a new connection.  Cause: java.sql.SQLException: Error setting driver on UnpooledDataSource. Cause: java.lang.ClassNotFoundException: Cannot find class: org.apache.derby.jdbc.EmbeddedDriver
### Cause: java.sql.SQLException: Error setting driver on UnpooledDataSource. Cause: java.lang.ClassNotFoundException: Cannot find class: org.apache.derby.jdbc.EmbeddedDriver
	at org.apache.ibatis.exceptions.ExceptionFactory.wrapException(ExceptionFactory.java:30)
	at org.apache.ibatis.session.defaults.DefaultSqlSession.getConnection(DefaultSqlSession.java:296)
	at org.mybatis.cdi.ManagerProducers.createSessionManager(ManagerProducers.java:44)
	at org.mybatis.cdi.ManagerProducers.createManager2(ManagerProducers.java:66)
	at java.base/jdk.internal.reflect.NativeMethodAccessorImpl.invoke0(Native Method)
	at java.base/jdk.internal.reflect.NativeMethodAccessorImpl.invoke(NativeMethodAccessorImpl.java:62)
	at java.base/jdk.internal.reflect.DelegatingMethodAccessorImpl.invoke(DelegatingMethodAccessorImpl.java:43)
	at java.base/java.lang.reflect.Method.invoke(Method.java:566)
	at org.jboss.weld.injection.StaticMethodInjectionPoint.invoke(StaticMethodInjectionPoint.java:95)
	at org.jboss.weld.injection.StaticMethodInjectionPoint.invoke(StaticMethodInjectionPoint.java:85)
	at org.jboss.weld.injection.producer.ProducerMethodProducer.produce(ProducerMethodProducer.java:103)
	at org.jboss.weld.injection.producer.AbstractMemberProducer.produce(AbstractMemberProducer.java:161)
	at org.jboss.weld.bean.AbstractProducerBean.create(AbstractProducerBean.java:180)
	at org.jboss.weld.contexts.AbstractContext.get(AbstractContext.java:96)
	at org.jboss.weld.bean.ContextualInstanceStrategy$DefaultContextualInstanceStrategy.get(ContextualInstanceStrategy.java:100)
	at org.jboss.weld.bean.ContextualInstanceStrategy$ApplicationScopedContextualInstanceStrategy.get(ContextualInstanceStrategy.java:140)
	at org.jboss.weld.bean.ContextualInstance.get(ContextualInstance.java:50)
	at org.jboss.weld.bean.proxy.ContextBeanInstance.getInstance(ContextBeanInstance.java:102)
	at org.jboss.weld.bean.proxy.ProxyMethodHandler.invoke(ProxyMethodHandler.java:105)
	at org.apache.ibatis.session.SqlSessionFactory$394941514$Proxy$_$$_WeldClientProxy.getConfiguration(Unknown Source)
	at org.apache.ibatis.session.SqlSessionManager.getConfiguration(SqlSessionManager.java:156)
	at org.apache.ibatis.session.SqlSessionManager.getMapper(SqlSessionManager.java:261)
	at org.mybatis.cdi.SerializableMapperProxy.getMapper(SerializableMapperProxy.java:69)
	at org.mybatis.cdi.SerializableMapperProxy.<init>(SerializableMapperProxy.java:54)
	at org.mybatis.cdi.MyBatisBean.create(MyBatisBean.java:132)
	at org.jboss.weld.contexts.unbound.DependentContextImpl.get(DependentContextImpl.java:64)
	at org.jboss.weld.bean.ContextualInstanceStrategy$DefaultContextualInstanceStrategy.get(ContextualInstanceStrategy.java:100)
	at org.jboss.weld.bean.ContextualInstance.get(ContextualInstance.java:50)
	at org.jboss.weld.manager.BeanManagerImpl.getReference(BeanManagerImpl.java:694)
	at org.jboss.weld.manager.BeanManagerImpl.getInjectableReference(BeanManagerImpl.java:794)
	at org.jboss.weld.injection.FieldInjectionPoint.inject(FieldInjectionPoint.java:92)
	at org.jboss.weld.util.Beans.injectBoundFields(Beans.java:345)
	at org.jboss.weld.util.Beans.injectFieldsAndInitializers(Beans.java:356)
	at org.jboss.weld.injection.producer.ResourceInjector$1.proceed(ResourceInjector.java:69)
	at org.jboss.weld.injection.InjectionContextImpl.run(InjectionContextImpl.java:48)
	at org.jboss.weld.injection.producer.ResourceInjector.inject(ResourceInjector.java:71)
	at org.jboss.weld.injection.producer.BasicInjectionTarget.inject(BasicInjectionTarget.java:117)
	at org.jboss.weld.bean.ManagedBean.create(ManagedBean.java:161)
	at org.jboss.weld.contexts.unbound.DependentContextImpl.get(DependentContextImpl.java:64)
	at org.jboss.weld.bean.ContextualInstanceStrategy$DefaultContextualInstanceStrategy.get(ContextualInstanceStrategy.java:100)
	at org.jboss.weld.bean.ContextualInstance.get(ContextualInstance.java:50)
	at org.jboss.weld.manager.BeanManagerImpl.getReference(BeanManagerImpl.java:694)
	at org.jboss.weld.manager.BeanManagerImpl.getInjectableReference(BeanManagerImpl.java:794)
	at org.jboss.weld.injection.FieldInjectionPoint.inject(FieldInjectionPoint.java:92)
	at org.jboss.weld.util.Beans.injectBoundFields(Beans.java:345)
	at org.jboss.weld.util.Beans.injectFieldsAndInitializers(Beans.java:356)
	at org.jboss.weld.injection.producer.ResourceInjector$1.proceed(ResourceInjector.java:69)
	at org.jboss.weld.injection.InjectionContextImpl.run(InjectionContextImpl.java:48)
	at org.jboss.weld.injection.producer.ResourceInjector.inject(ResourceInjector.java:71)
	at org.jboss.weld.injection.producer.BasicInjectionTarget.inject(BasicInjectionTarget.java:117)
	at org.jboss.weld.bean.ManagedBean.create(ManagedBean.java:161)
	at org.jboss.weld.contexts.unbound.DependentContextImpl.get(DependentContextImpl.java:64)
	at org.jboss.weld.bean.ContextualInstanceStrategy$DefaultContextualInstanceStrategy.get(ContextualInstanceStrategy.java:100)
	at org.jboss.weld.bean.ContextualInstance.get(ContextualInstance.java:50)
	at org.jboss.weld.manager.BeanManagerImpl.getReference(BeanManagerImpl.java:694)
	at org.jboss.weld.bean.builtin.InstanceImpl.getBeanInstance(InstanceImpl.java:252)
	at org.jboss.weld.bean.builtin.InstanceImpl.get(InstanceImpl.java:114)
	at org.mybatis.cdi.WeldJunit5Extension.createTestInstance(WeldJunit5Extension.java:41)
	at org.junit.jupiter.engine.descriptor.ClassBasedTestDescriptor.invokeTestInstanceFactory(ClassBasedTestDescriptor.java:319)
	... 49 more
Caused by: java.sql.SQLException: Error setting driver on UnpooledDataSource. Cause: java.lang.ClassNotFoundException: Cannot find class: org.apache.derby.jdbc.EmbeddedDriver
	at org.apache.ibatis.datasource.unpooled.UnpooledDataSource.initializeDriver(UnpooledDataSource.java:244)
	at org.apache.ibatis.datasource.unpooled.UnpooledDataSource.doGetConnection(UnpooledDataSource.java:223)
	at org.apache.ibatis.datasource.unpooled.UnpooledDataSource.doGetConnection(UnpooledDataSource.java:219)
	at org.apache.ibatis.datasource.unpooled.UnpooledDataSource.getConnection(UnpooledDataSource.java:95)
	at org.apache.ibatis.transaction.jdbc.JdbcTransaction.openConnection(JdbcTransaction.java:145)
	at org.apache.ibatis.transaction.jdbc.JdbcTransaction.getConnection(JdbcTransaction.java:67)
	at org.apache.ibatis.session.defaults.DefaultSqlSession.getConnection(DefaultSqlSession.java:294)
	... 106 more

[INFO] 
[INFO] Results:
[INFO] 
[ERROR] Errors: 
[ERROR]   FooServiceTest » TestInstantiation TestInstanceFactory [org.mybatis.cdi.WeldJunit5Extension] failed to instantiate test class [org.mybatis.cdi.FooServiceTest]: 
### Error getting a new connection.  Cause: java.sql.SQLException: Error setting driver on UnpooledDataSource. Cause: java.lang.ClassNotFoundException: Cannot find class: org.apache.derby.jdbc.EmbeddedDriver
### Cause: java.sql.SQLException: Error setting driver on UnpooledDataSource. Cause: java.lang.ClassNotFoundException: Cannot find class: org.apache.derby.jdbc.EmbeddedDriver
[INFO] 
[ERROR] Tests run: 1, Failures: 0, Errors: 1, Skipped: 0
[INFO] 
[INFO] ------------------------------------------------------------------------
[INFO] BUILD FAILURE
[INFO] ------------------------------------------------------------------------
[INFO] Total time:  20.062 s
[INFO] Finished at: 2026-08-25T00:42:53+08:00
[INFO] ------------------------------------------------------------------------
[ERROR] Failed to execute goal org.apache.maven.plugins:maven-surefire-plugin:3.0.0-M7:test (default-test) on project mybatis-cdi: 
[ERROR] 
[ERROR] Please refer to /home/zhihao/hdd/marshal-task-tmp/derby-10.15-fse/mybatis-cdi-arms/a1/target/surefire-reports for the individual test results.
[ERROR] Please refer to dump files (if any exist) [date].dump, [date]-jvmRun[N].dump and [date].dumpstream.
[ERROR] -> [Help 1]
[ERROR] 
[ERROR] To see the full stack trace of the errors, re-run Maven with the -e switch.
[ERROR] Re-run Maven using the -X switch to enable full debug logging.
[ERROR] 
[ERROR] For more information about the errors and possible solutions, please read the following articles:
[ERROR] [Help 1] http://cwiki.apache.org/confluence/display/MAVEN/MojoFailureException
