[INFO] Scanning for projects...
[INFO] 
[INFO] ----------------------< org.mybatis:mybatis-cdi >-----------------------
[INFO] Building mybatis-cdi 1.1.3-SNAPSHOT
[INFO]   from pom.xml
[INFO] --------------------------------[ jar ]---------------------------------
[INFO] Downloading from central: https://repo.maven.apache.org/maven2/org/apache/derby/derby/10.16.1.1/derby-10.16.1.1.pom
[INFO] Downloaded from central: https://repo.maven.apache.org/maven2/org/apache/derby/derby/10.16.1.1/derby-10.16.1.1.pom (2.5 kB at 2.8 kB/s)
[INFO] Downloading from central: https://repo.maven.apache.org/maven2/org/apache/derby/derby-project/10.16.1.1/derby-project-10.16.1.1.pom
[INFO] Downloaded from central: https://repo.maven.apache.org/maven2/org/apache/derby/derby-project/10.16.1.1/derby-project-10.16.1.1.pom (6.0 kB at 25 kB/s)
[INFO] Downloading from central: https://repo.maven.apache.org/maven2/org/apache/derby/derbyshared/10.16.1.1/derbyshared-10.16.1.1.pom
[INFO] Downloaded from central: https://repo.maven.apache.org/maven2/org/apache/derby/derbyshared/10.16.1.1/derbyshared-10.16.1.1.pom (2.2 kB at 9.4 kB/s)
[INFO] Downloading from central: https://repo.maven.apache.org/maven2/org/apache/derby/derbyoptionaltools/10.16.1.1/derbyoptionaltools-10.16.1.1.pom
[INFO] Downloaded from central: https://repo.maven.apache.org/maven2/org/apache/derby/derbyoptionaltools/10.16.1.1/derbyoptionaltools-10.16.1.1.pom (2.8 kB at 5.8 kB/s)
[INFO] Downloading from central: https://repo.maven.apache.org/maven2/org/apache/derby/derbytools/10.16.1.1/derbytools-10.16.1.1.pom
[INFO] Downloaded from central: https://repo.maven.apache.org/maven2/org/apache/derby/derbytools/10.16.1.1/derbytools-10.16.1.1.pom (2.4 kB at 11 kB/s)
[INFO] Downloading from central: https://repo.maven.apache.org/maven2/org/apache/derby/derby/10.16.1.1/derby-10.16.1.1.jar
[INFO] Downloaded from central: https://repo.maven.apache.org/maven2/org/apache/derby/derby/10.16.1.1/derby-10.16.1.1.jar (3.5 MB at 532 kB/s)
[INFO] Downloading from central: https://repo.maven.apache.org/maven2/org/apache/derby/derbyshared/10.16.1.1/derbyshared-10.16.1.1.jar
[INFO] Downloading from central: https://repo.maven.apache.org/maven2/org/apache/derby/derbyoptionaltools/10.16.1.1/derbyoptionaltools-10.16.1.1.jar
[INFO] Downloading from central: https://repo.maven.apache.org/maven2/org/apache/derby/derbytools/10.16.1.1/derbytools-10.16.1.1.jar
[INFO] Downloaded from central: https://repo.maven.apache.org/maven2/org/apache/derby/derbyoptionaltools/10.16.1.1/derbyoptionaltools-10.16.1.1.jar (76 kB at 58 kB/s)
[INFO] Downloaded from central: https://repo.maven.apache.org/maven2/org/apache/derby/derbytools/10.16.1.1/derbytools-10.16.1.1.jar (253 kB at 129 kB/s)
[INFO] Downloaded from central: https://repo.maven.apache.org/maven2/org/apache/derby/derbyshared/10.16.1.1/derbyshared-10.16.1.1.jar (89 kB at 43 kB/s)
[INFO] 
[INFO] --- enforcer:3.1.0:enforce (enforce-java) @ mybatis-cdi ---
[INFO] Skipping Rule Enforcement.
[INFO] 
[INFO] --- git-commit-id:5.0.0:revision (git-commit-id) @ mybatis-cdi ---
[INFO] 
[INFO] --- jacoco:0.8.8:prepare-agent (prepare-agent) @ mybatis-cdi ---
[INFO] argLine set to -javaagent:/home/zhihao/.m2/repository/org/jacoco/org.jacoco.agent/0.8.8/org.jacoco.agent-0.8.8-runtime.jar=destfile=/home/zhihao/hdd/marshal-task-tmp/derby-10.15-fse/mybatis-cdi-arms/a2/target/jacoco.exec -Djdk.attach.allowAttachSelf
[INFO] 
[INFO] --- whitespace:1.0.4:trim (default) @ mybatis-cdi ---
[INFO] 
[INFO] --- formatter:2.20.0:format (default) @ mybatis-cdi ---
[INFO] Formatting is skipped
[INFO] 
[INFO] --- impsort:1.7.0:sort (default) @ mybatis-cdi ---
[INFO] Skipping execution of impsort-maven-plugin
[INFO] 
[INFO] --- license:4.2.rc3:format (default) @ mybatis-cdi ---
[WARNING]  Parameter 'legacyConfigExcludes' (user property 'license.excludes') is deprecated: use {@link LicenseSet#excludes}
[WARNING]  Parameter 'legacyConfigHeader' (user property 'license.header') is deprecated: use {@link LicenseSet#header}
[INFO] 
[INFO] --- resources:3.3.0:resources (default-resources) @ mybatis-cdi ---
[INFO] Copying 2 resources
[INFO] Copying 2 resources to META-INF
[INFO] 
[INFO] --- compiler:3.10.1:compile (default-compile) @ mybatis-cdi ---
[WARNING]  Parameter 'optimize' (user property 'maven.compiler.optimize') is deprecated: This property is a no-op in {@code javac}.
[INFO] Nothing to compile - all classes are up to date
[INFO] 
[INFO] --- bundle:5.1.7:manifest (bundle-manifest) @ mybatis-cdi ---
[WARNING] Manifest org.mybatis:mybatis-cdi:jar:1.1.3-SNAPSHOT : Unused Import-Package instructions: [org.mybatis.*] 
[INFO] Writing manifest: /home/zhihao/hdd/marshal-task-tmp/derby-10.15-fse/mybatis-cdi-arms/a2/target/osgi/MANIFEST.MF
[INFO] 
[INFO] --- resources:3.3.0:testResources (default-testResources) @ mybatis-cdi ---
[INFO] Copying 12 resources
[INFO] 
[INFO] --- compiler:3.10.1:testCompile (default-testCompile) @ mybatis-cdi ---
[WARNING]  Parameter 'optimize' (user property 'maven.compiler.optimize') is deprecated: This property is a no-op in {@code javac}.
[INFO] Nothing to compile - all classes are up to date
[INFO] 
[INFO] --- surefire:3.0.0-M7:test (default-test) @ mybatis-cdi ---
[WARNING]  Parameter 'systemProperties' is deprecated: Use systemPropertyVariables instead.
[INFO] Using auto detected provider org.apache.maven.surefire.junitplatform.JUnitPlatformProvider
[INFO] 
[INFO] -------------------------------------------------------
[INFO]  T E S T S
[INFO] -------------------------------------------------------
Aug 25, 2026 12:47:26 AM org.jboss.weld.bootstrap.WeldStartup <clinit>
INFO: WELD-000900: 3.1.9 (Final)
Aug 25, 2026 12:47:26 AM org.jboss.weld.bootstrap.WeldStartup startContainer
INFO: WELD-000101: Transactional services not available. Injection of @Inject UserTransaction not available. Transactional observers will be invoked synchronously.
[main] INFO org.mybatis.cdi.MybatisExtension - MyBatis CDI Module - Found class with @Mapper-annotation: UserMapper
[main] INFO org.mybatis.cdi.MybatisExtension - MyBatis CDI Module - SqlSessionFactory producer ManagerProducersJta.createManagerJTA
[main] INFO org.mybatis.cdi.MybatisExtension - MyBatis CDI Module - SqlSessionFactory producer ManagerProducers.createManager1
[main] INFO org.mybatis.cdi.MybatisExtension - MyBatis CDI Module - SqlSessionFactory producer ManagerProducers.createManager3
[main] INFO org.mybatis.cdi.MybatisExtension - MyBatis CDI Module - SqlSessionFactory producer ManagerProducers.createManager2
[main] INFO org.mybatis.cdi.MybatisExtension - MyBatis CDI Module - Activated
[main] INFO org.mybatis.cdi.MybatisExtension - MyBatis CDI Module - Found a bean, which needs a Mapper interface org.mybatis.cdi.UserMapper
[main] INFO org.mybatis.cdi.MybatisExtension - MyBatis CDI Module - Found a bean, which needs a Mapper interface org.mybatis.cdi.UserMapper
[main] INFO org.mybatis.cdi.MybatisExtension - MyBatis CDI Module - Found a bean, which needs a Mapper interface org.mybatis.cdi.UserMapper
[main] INFO org.mybatis.cdi.MybatisExtension - MyBatis CDI Module - Found a bean, which needs a Mapper interface org.mybatis.cdi.UserMapper
[main] INFO org.mybatis.cdi.MybatisExtension - MyBatis CDI Module - Found a bean, which needs a Mapper interface org.mybatis.cdi.UserMapper
[main] INFO org.mybatis.cdi.MybatisExtension - MyBatis CDI Module - Found a bean, which needs a Mapper interface org.mybatis.cdi.UserMapper
[main] INFO org.mybatis.cdi.MybatisExtension - MyBatis CDI Module - Managed Mapper dependency: org.mybatis.cdi.UserMapper.JtaManager, org.mybatis.cdi.UserMapper
[main] INFO org.mybatis.cdi.MybatisExtension - MyBatis CDI Module - Managed Mapper dependency: org.mybatis.cdi.UserMapper_manager2, org.mybatis.cdi.UserMapper
[main] INFO org.mybatis.cdi.MybatisExtension - MyBatis CDI Module - Managed Mapper dependency: org.mybatis.cdi.UserMapper.MySpecialManager.OtherQualifier, org.mybatis.cdi.UserMapper
[main] INFO org.mybatis.cdi.MybatisExtension - MyBatis CDI Module - Managed Mapper dependency: org.mybatis.cdi.UserMapper_manager1, org.mybatis.cdi.UserMapper
[main] INFO org.mybatis.cdi.MybatisExtension - MyBatis CDI Module - Managed SqlSession: org.apache.ibatis.session.SqlSession.MySpecialManager.OtherQualifier, org.apache.ibatis.session.SqlSession
[main] INFO org.mybatis.cdi.MybatisExtension - MyBatis CDI Module - Managed SqlSession: org.apache.ibatis.session.SqlSession_manager1, org.apache.ibatis.session.SqlSession
[main] INFO org.mybatis.cdi.MybatisExtension - MyBatis CDI Module - Managed SqlSession: org.apache.ibatis.session.SqlSession_manager2, org.apache.ibatis.session.SqlSession
[main] INFO org.mybatis.cdi.MybatisExtension - MyBatis CDI Module - Managed SqlSession: org.apache.ibatis.session.SqlSession.JtaManager, org.apache.ibatis.session.SqlSession
[main] WARN org.mybatis.cdi.MybatisExtension - MyBatis CDI Module - Unmanaged SqlSession: org.apache.ibatis.session.SqlSession_unmanaged, org.apache.ibatis.session.SqlSession
Aug 25, 2026 12:47:27 AM org.jboss.weld.environment.se.WeldContainer fireContainerInitializedEvent
INFO: WELD-ENV-002003: Weld SE container 344262ec-7011-4f75-9f81-a425a093d0d7 initialized
[INFO] Running org.mybatis.cdi.FooServiceTest
[ERROR] Tests run: 1, Failures: 0, Errors: 1, Skipped: 0, Time elapsed: 0.318 s <<< FAILURE! - in org.mybatis.cdi.FooServiceTest
[ERROR] org.mybatis.cdi.FooServiceTest  Time elapsed: 0.318 s  <<< ERROR!
org.junit.jupiter.api.extension.TestInstantiationException: TestInstanceFactory [org.mybatis.cdi.WeldJunit5Extension] failed to instantiate test class [org.mybatis.cdi.FooServiceTest]
	at org.junit.jupiter.engine.descriptor.ClassBasedTestDescriptor.invokeTestInstanceFactory(ClassBasedTestDescriptor.java:334)
	at org.junit.jupiter.engine.descriptor.ClassBasedTestDescriptor.instantiateTestClass(ClassBasedTestDescriptor.java:309)
	at org.junit.jupiter.engine.descriptor.ClassTestDescriptor.instantiateTestClass(ClassTestDescriptor.java:79)
	at org.junit.jupiter.engine.descriptor.ClassBasedTestDescriptor.instantiateAndPostProcessTestInstance(ClassBasedTestDescriptor.java:286)
	at org.junit.jupiter.engine.descriptor.ClassBasedTestDescriptor.lambda$testInstancesProvider$4(ClassBasedTestDescriptor.java:278)
	at java.base/java.util.Optional.orElseGet(Optional.java:369)
	at org.junit.jupiter.engine.descriptor.ClassBasedTestDescriptor.lambda$testInstancesProvider$5(ClassBasedTestDescriptor.java:277)
	at org.junit.jupiter.engine.execution.TestInstancesProvider.getTestInstances(TestInstancesProvider.java:31)
	at org.junit.jupiter.engine.descriptor.ClassBasedTestDescriptor.lambda$before$2(ClassBasedTestDescriptor.java:203)
	at org.junit.platform.engine.support.hierarchical.ThrowableCollector.execute(ThrowableCollector.java:73)
	at org.junit.jupiter.engine.descriptor.ClassBasedTestDescriptor.before(ClassBasedTestDescriptor.java:202)
	at org.junit.jupiter.engine.descriptor.ClassBasedTestDescriptor.before(ClassBasedTestDescriptor.java:84)
	at org.junit.platform.engine.support.hierarchical.NodeTestTask.lambda$executeRecursively$6(NodeTestTask.java:148)
	at org.junit.platform.engine.support.hierarchical.ThrowableCollector.execute(ThrowableCollector.java:73)
	at org.junit.platform.engine.support.hierarchical.NodeTestTask.lambda$executeRecursively$8(NodeTestTask.java:141)
	at org.junit.platform.engine.support.hierarchical.Node.around(Node.java:137)
	at org.junit.platform.engine.support.hierarchical.NodeTestTask.lambda$executeRecursively$9(NodeTestTask.java:139)
	at org.junit.platform.engine.support.hierarchical.ThrowableCollector.execute(ThrowableCollector.java:73)
	at org.junit.platform.engine.support.hierarchical.NodeTestTask.executeRecursively(NodeTestTask.java:138)
	at org.junit.platform.engine.support.hierarchical.NodeTestTask.execute(NodeTestTask.java:95)
	at java.base/java.util.ArrayList.forEach(ArrayList.java:1541)
	at org.junit.platform.engine.support.hierarchical.SameThreadHierarchicalTestExecutorService.invokeAll(SameThreadHierarchicalTestExecutorService.java:41)
	at org.junit.platform.engine.support.hierarchical.NodeTestTask.lambda$executeRecursively$6(NodeTestTask.java:155)
	at org.junit.platform.engine.support.hierarchical.ThrowableCollector.execute(ThrowableCollector.java:73)
	at org.junit.platform.engine.support.hierarchical.NodeTestTask.lambda$executeRecursively$8(NodeTestTask.java:141)
	at org.junit.platform.engine.support.hierarchical.Node.around(Node.java:137)
	at org.junit.platform.engine.support.hierarchical.NodeTestTask.lambda$executeRecursively$9(NodeTestTask.java:139)
	at org.junit.platform.engine.support.hierarchical.ThrowableCollector.execute(ThrowableCollector.java:73)
	at org.junit.platform.engine.support.hierarchical.NodeTestTask.executeRecursively(NodeTestTask.java:138)
	at org.junit.platform.engine.support.hierarchical.NodeTestTask.execute(NodeTestTask.java:95)
	at org.junit.platform.engine.support.hierarchical.SameThreadHierarchicalTestExecutorService.submit(SameThreadHierarchicalTestExecutorService.java:35)
	at org.junit.platform.engine.support.hierarchical.HierarchicalTestExecutor.execute(HierarchicalTestExecutor.java:57)
	at org.junit.platform.engine.support.hierarchical.HierarchicalTestEngine.execute(HierarchicalTestEngine.java:54)
	at org.junit.platform.launcher.core.EngineExecutionOrchestrator.execute(EngineExecutionOrchestrator.java:147)
	at org.junit.platform.launcher.core.EngineExecutionOrchestrator.execute(EngineExecutionOrchestrator.java:127)
	at org.junit.platform.launcher.core.EngineExecutionOrchestrator.execute(EngineExecutionOrchestrator.java:90)
	at org.junit.platform.launcher.core.EngineExecutionOrchestrator.lambda$execute$0(EngineExecutionOrchestrator.java:55)
	at org.junit.platform.launcher.core.EngineExecutionOrchestrator.withInterceptedStreams(EngineExecutionOrchestrator.java:102)
	at org.junit.platform.launcher.core.EngineExecutionOrchestrator.execute(EngineExecutionOrchestrator.java:54)
	at org.junit.platform.launcher.core.DefaultLauncher.execute(DefaultLauncher.java:114)
	at org.junit.platform.launcher.core.DefaultLauncher.execute(DefaultLauncher.java:86)
	at org.junit.platform.launcher.core.DefaultLauncherSession$DelegatingLauncher.execute(DefaultLauncherSession.java:86)
	at org.apache.maven.surefire.junitplatform.LazyLauncher.execute(LazyLauncher.java:55)
	at org.apache.maven.surefire.junitplatform.JUnitPlatformProvider.execute(JUnitPlatformProvider.java:223)
	at org.apache.maven.surefire.junitplatform.JUnitPlatformProvider.invokeAllTests(JUnitPlatformProvider.java:175)
	at org.apache.maven.surefire.junitplatform.JUnitPlatformProvider.invoke(JUnitPlatformProvider.java:139)
	at org.apache.maven.surefire.booter.ForkedBooter.runSuitesInProcess(ForkedBooter.java:456)
	at org.apache.maven.surefire.booter.ForkedBooter.execute(ForkedBooter.java:169)
	at org.apache.maven.surefire.booter.ForkedBooter.run(ForkedBooter.java:595)
	at org.apache.maven.surefire.booter.ForkedBooter.main(ForkedBooter.java:581)
Caused by: javax.enterprise.inject.CreationException
	at java.base/jdk.internal.reflect.NativeConstructorAccessorImpl.newInstance0(Native Method)
	at java.base/jdk.internal.reflect.NativeConstructorAccessorImpl.newInstance(NativeConstructorAccessorImpl.java:62)
	at java.base/jdk.internal.reflect.DelegatingConstructorAccessorImpl.newInstance(DelegatingConstructorAccessorImpl.java:45)
	at java.base/java.lang.reflect.Constructor.newInstance(Constructor.java:490)
	at java.base/java.lang.Class.newInstance(Class.java:584)
	at org.jboss.weld.security.NewInstanceAction.run(NewInstanceAction.java:33)
	at java.base/java.security.AccessController.doPrivileged(Native Method)
	at org.jboss.weld.injection.Exceptions.rethrowException(Exceptions.java:40)
	at org.jboss.weld.injection.Exceptions.rethrowException(Exceptions.java:78)
	at org.jboss.weld.injection.StaticMethodInjectionPoint.invoke(StaticMethodInjectionPoint.java:103)
	at org.jboss.weld.injection.StaticMethodInjectionPoint.invoke(StaticMethodInjectionPoint.java:85)
	at org.jboss.weld.injection.producer.ProducerMethodProducer.produce(ProducerMethodProducer.java:103)
	at org.jboss.weld.injection.producer.AbstractMemberProducer.produce(AbstractMemberProducer.java:161)
	at org.jboss.weld.bean.AbstractProducerBean.create(AbstractProducerBean.java:180)
	at org.jboss.weld.contexts.AbstractContext.get(AbstractContext.java:96)
	at org.jboss.weld.bean.ContextualInstanceStrategy$DefaultContextualInstanceStrategy.get(ContextualInstanceStrategy.java:100)
	at org.jboss.weld.bean.ContextualInstanceStrategy$ApplicationScopedContextualInstanceStrategy.get(ContextualInstanceStrategy.java:140)
	at org.jboss.weld.bean.ContextualInstance.get(ContextualInstance.java:50)
	at org.jboss.weld.bean.proxy.ContextBeanInstance.getInstance(ContextBeanInstance.java:102)
	at org.jboss.weld.bean.proxy.ProxyMethodHandler.invoke(ProxyMethodHandler.java:105)
	at org.apache.ibatis.session.SqlSessionFactory$127779360$Proxy$_$$_WeldClientProxy.getConfiguration(Unknown Source)
	at org.apache.ibatis.session.SqlSessionManager.getConfiguration(SqlSessionManager.java:156)
	at org.apache.ibatis.session.SqlSessionManager.getMapper(SqlSessionManager.java:261)
	at org.mybatis.cdi.SerializableMapperProxy.getMapper(SerializableMapperProxy.java:69)
	at org.mybatis.cdi.SerializableMapperProxy.<init>(SerializableMapperProxy.java:54)
	at org.mybatis.cdi.MyBatisBean.create(MyBatisBean.java:132)
	at org.jboss.weld.contexts.unbound.DependentContextImpl.get(DependentContextImpl.java:64)
	at org.jboss.weld.bean.ContextualInstanceStrategy$DefaultContextualInstanceStrategy.get(ContextualInstanceStrategy.java:100)
	at org.jboss.weld.bean.ContextualInstance.get(ContextualInstance.java:50)
	at org.jboss.weld.manager.BeanManagerImpl.getReference(BeanManagerImpl.java:694)
	at org.jboss.weld.manager.BeanManagerImpl.getInjectableReference(BeanManagerImpl.java:794)
	at org.jboss.weld.injection.FieldInjectionPoint.inject(FieldInjectionPoint.java:92)
	at org.jboss.weld.util.Beans.injectBoundFields(Beans.java:345)
	at org.jboss.weld.util.Beans.injectFieldsAndInitializers(Beans.java:356)
	at org.jboss.weld.injection.producer.ResourceInjector$1.proceed(ResourceInjector.java:69)
	at org.jboss.weld.injection.InjectionContextImpl.run(InjectionContextImpl.java:48)
	at org.jboss.weld.injection.producer.ResourceInjector.inject(ResourceInjector.java:71)
	at org.jboss.weld.injection.producer.BasicInjectionTarget.inject(BasicInjectionTarget.java:117)
	at org.jboss.weld.bean.ManagedBean.create(ManagedBean.java:161)
	at org.jboss.weld.contexts.unbound.DependentContextImpl.get(DependentContextImpl.java:64)
	at org.jboss.weld.bean.ContextualInstanceStrategy$DefaultContextualInstanceStrategy.get(ContextualInstanceStrategy.java:100)
	at org.jboss.weld.bean.ContextualInstance.get(ContextualInstance.java:50)
	at org.jboss.weld.manager.BeanManagerImpl.getReference(BeanManagerImpl.java:694)
	at org.jboss.weld.manager.BeanManagerImpl.getInjectableReference(BeanManagerImpl.java:794)
	at org.jboss.weld.injection.FieldInjectionPoint.inject(FieldInjectionPoint.java:92)
	at org.jboss.weld.util.Beans.injectBoundFields(Beans.java:345)
	at org.jboss.weld.util.Beans.injectFieldsAndInitializers(Beans.java:356)
	at org.jboss.weld.injection.producer.ResourceInjector$1.proceed(ResourceInjector.java:69)
	at org.jboss.weld.injection.InjectionContextImpl.run(InjectionContextImpl.java:48)
	at org.jboss.weld.injection.producer.ResourceInjector.inject(ResourceInjector.java:71)
	at org.jboss.weld.injection.producer.BasicInjectionTarget.inject(BasicInjectionTarget.java:117)
	at org.jboss.weld.bean.ManagedBean.create(ManagedBean.java:161)
	at org.jboss.weld.contexts.unbound.DependentContextImpl.get(DependentContextImpl.java:64)
	at org.jboss.weld.bean.ContextualInstanceStrategy$DefaultContextualInstanceStrategy.get(ContextualInstanceStrategy.java:100)
	at org.jboss.weld.bean.ContextualInstance.get(ContextualInstance.java:50)
	at org.jboss.weld.manager.BeanManagerImpl.getReference(BeanManagerImpl.java:694)
	at org.jboss.weld.bean.builtin.InstanceImpl.getBeanInstance(InstanceImpl.java:252)
	at org.jboss.weld.bean.builtin.InstanceImpl.get(InstanceImpl.java:114)
	at org.mybatis.cdi.WeldJunit5Extension.createTestInstance(WeldJunit5Extension.java:41)
	at org.junit.jupiter.engine.descriptor.ClassBasedTestDescriptor.invokeTestInstanceFactory(ClassBasedTestDescriptor.java:319)
	... 49 more
Caused by: java.lang.UnsupportedClassVersionError: org/apache/derby/jdbc/EmbeddedDriver has been compiled by a more recent version of the Java Runtime (class file version 61.0), this version of the Java Runtime only recognizes class file versions up to 55.0
	at java.base/java.lang.ClassLoader.defineClass1(Native Method)
	at java.base/java.lang.ClassLoader.defineClass(ClassLoader.java:1022)
	at java.base/java.security.SecureClassLoader.defineClass(SecureClassLoader.java:174)
	at java.base/jdk.internal.loader.BuiltinClassLoader.defineClass(BuiltinClassLoader.java:800)
	at java.base/jdk.internal.loader.BuiltinClassLoader.findClassOnClassPathOrNull(BuiltinClassLoader.java:698)
	at java.base/jdk.internal.loader.BuiltinClassLoader.loadClassOrNull(BuiltinClassLoader.java:621)
	at java.base/jdk.internal.loader.BuiltinClassLoader.loadClass(BuiltinClassLoader.java:579)
	at java.base/jdk.internal.loader.ClassLoaders$AppClassLoader.loadClass(ClassLoaders.java:178)
	at java.base/java.lang.ClassLoader.loadClass(ClassLoader.java:527)
	at java.base/java.lang.Class.forName0(Native Method)
	at java.base/java.lang.Class.forName(Class.java:398)
	at org.apache.ibatis.io.ClassLoaderWrapper.classForName(ClassLoaderWrapper.java:186)
	at org.apache.ibatis.io.ClassLoaderWrapper.classForName(ClassLoaderWrapper.java:89)
	at org.apache.ibatis.io.Resources.classForName(Resources.java:261)
	at org.apache.ibatis.datasource.unpooled.UnpooledDataSource.initializeDriver(UnpooledDataSource.java:236)
	at org.apache.ibatis.datasource.unpooled.UnpooledDataSource.doGetConnection(UnpooledDataSource.java:223)
	at org.apache.ibatis.datasource.unpooled.UnpooledDataSource.doGetConnection(UnpooledDataSource.java:219)
	at org.apache.ibatis.datasource.unpooled.UnpooledDataSource.getConnection(UnpooledDataSource.java:95)
	at org.apache.ibatis.transaction.jdbc.JdbcTransaction.openConnection(JdbcTransaction.java:145)
	at org.apache.ibatis.transaction.jdbc.JdbcTransaction.getConnection(JdbcTransaction.java:67)
	at org.apache.ibatis.session.defaults.DefaultSqlSession.getConnection(DefaultSqlSession.java:294)
	at org.mybatis.cdi.ManagerProducers.createSessionManager(ManagerProducers.java:44)
	at org.mybatis.cdi.ManagerProducers.createManager2(ManagerProducers.java:66)
	at java.base/jdk.internal.reflect.NativeMethodAccessorImpl.invoke0(Native Method)
	at java.base/jdk.internal.reflect.NativeMethodAccessorImpl.invoke(NativeMethodAccessorImpl.java:62)
	at java.base/jdk.internal.reflect.DelegatingMethodAccessorImpl.invoke(DelegatingMethodAccessorImpl.java:43)
	at java.base/java.lang.reflect.Method.invoke(Method.java:566)
	at org.jboss.weld.injection.StaticMethodInjectionPoint.invoke(StaticMethodInjectionPoint.java:95)
	... 99 more

[INFO] 
[INFO] Results:
[INFO] 
[ERROR] Errors: 
[ERROR]   FooServiceTest » TestInstantiation TestInstanceFactory [org.mybatis.cdi.WeldJunit5Extension] failed to instantiate test class [org.mybatis.cdi.FooServiceTest]
[INFO] 
[ERROR] Tests run: 1, Failures: 0, Errors: 1, Skipped: 0
[INFO] 
[INFO] ------------------------------------------------------------------------
[INFO] BUILD FAILURE
[INFO] ------------------------------------------------------------------------
[INFO] Total time:  15.605 s
[INFO] Finished at: 2026-08-25T00:47:28+08:00
[INFO] ------------------------------------------------------------------------
[ERROR] Failed to execute goal org.apache.maven.plugins:maven-surefire-plugin:3.0.0-M7:test (default-test) on project mybatis-cdi: 
[ERROR] 
[ERROR] Please refer to /home/zhihao/hdd/marshal-task-tmp/derby-10.15-fse/mybatis-cdi-arms/a2/target/surefire-reports for the individual test results.
[ERROR] Please refer to dump files (if any exist) [date].dump, [date]-jvmRun[N].dump and [date].dumpstream.
[ERROR] -> [Help 1]
[ERROR] 
[ERROR] To see the full stack trace of the errors, re-run Maven with the -e switch.
[ERROR] Re-run Maven using the -X switch to enable full debug logging.
[ERROR] 
[ERROR] For more information about the errors and possible solutions, please read the following articles:
[ERROR] [Help 1] http://cwiki.apache.org/confluence/display/MAVEN/MojoFailureException
