{8} heat.tests.constraints.test_common_constraints.TimezoneConstraintTest.test_validation_error [0.264526s] ... ok
/home/zhihao/hdd/marshal/benchmarks/cross-repo-pr-impact/results/single-case-pipeline-936100-936159-v1-2026-08-26/replay-work/formal-opendev-936100--target-936159/target-a2/.tox/py3/lib/python3.10/site-packages/oslo_i18n/_message.py:173: UserWarning: Failed to insert replacement values into translated message Invalid input for operation: %(error_message)s. (Original: 'Invalid input for operation: %(error_message)s.'): 'error_message'
  warnings.warn(msg % (translated_message, self.msgid, err))
/home/zhihao/hdd/marshal/benchmarks/cross-repo-pr-impact/results/single-case-pipeline-936100-936159-v1-2026-08-26/replay-work/formal-opendev-936100--target-936159/target-a2/.tox/py3/lib/python3.10/site-packages/oslo_i18n/_message.py:173: UserWarning: Failed to insert replacement values into translated message Invalid input for operation: %(error_message)s. (Original: 'Invalid input for operation: %(error_message)s.'): 'error_message'
  warnings.warn(msg % (translated_message, self.msgid, err))
{7} heat.tests.constraints.test_common_constraints.TestMACConstraint.test_invalid_mac_format [0.337065s] ... ok
{9} heat.tests.constraints.test_common_constraints.TestIPConstraint.test_validate_ipv4_format [0.291820s] ... ok
{16} heat.tests.constraints.test_common_constraints.ExpirationConstraintTest.test_validation_error [0.256984s] ... ok
{10} heat.tests.constraints.test_common_constraints.CRONExpressionConstraint.test_validation_columns_length_error [0.245409s] ... ok
{2} heat.tests.constraints.test_common_constraints.CRONExpressionConstraint.test_validation_out_of_range_error [0.375473s] ... ok
{18} heat.tests.constraints.test_common_constraints.JsonStringConstraintTest.test_validation_none [0.250705s] ... ok
{13} heat.tests.constraints.test_common_constraints.ExpirationConstraintTest.test_validation_before_current_time [0.300525s] ... ok
{14} heat.tests.constraints.test_common_constraints.TestISO8601Constraint.test_validate_datetime_format_with_utc_offset_alternate [0.294338s] ... ok
{0} heat.tests.constraints.test_common_constraints.TestIPConstraint.test_validate_ipv6_format [0.364068s] ... ok
{15} heat.tests.constraints.test_common_constraints.DNSDomainConstraintTest.test_validation_error_no_end_period [0.271119s] ... ok
{21} heat.tests.constraints.test_common_constraints.TestIPCIDRConstraint.test_validate [0.272063s] ... ok
{33} heat.tests.constraints.test_common_constraints.CRONExpressionConstraint.test_validation [0.221158s] ... ok
{31} heat.tests.constraints.test_common_constraints.TimezoneConstraintTest.test_validation_none [0.234286s] ... ok
{32} heat.tests.constraints.test_common_constraints.TestISO8601Constraint.test_validate_date_format [0.260381s] ... ok
{37} heat.tests.constraints.test_common_constraints.JsonStringConstraintTest.test_validation_error [0.228004s] ... ok
{1} heat.tests.constraints.test_common_constraints.DNSNameConstraintTest.test_validation_error_tld_allnumeric [0.262728s] ... ok
{11} heat.tests.constraints.test_common_constraints.FIPDNSNameConstraintTest.test_validation_none [0.251584s] ... ok
{30} heat.tests.constraints.test_common_constraints.CRONExpressionConstraint.test_validation_none [0.237513s] ... ok
{3} heat.tests.constraints.test_common_constraints.DNSDomainConstraintTest.test_validation_none [0.265059s] ... ok
{27} heat.tests.constraints.test_common_constraints.FIPDNSNameConstraintTest.test_validation [0.283457s] ... ok
{36} heat.tests.constraints.test_common_constraints.TestMACConstraint.test_valid_mac_format [0.233044s] ... ok
{5} heat.tests.constraints.test_common_constraints.TestCIDRConstraint.test_valid_cidr_format [0.273382s] ... ok
{17} heat.tests.constraints.test_common_constraints.DNSDomainConstraintTest.test_validation [0.248054s] ... ok
{42} heat.tests.constraints.test_common_constraints.ExpirationConstraintTest.test_validate_date_format [0.215975s] ... ok
{38} heat.tests.constraints.test_common_constraints.TimezoneConstraintTest.test_validation [0.232895s] ... ok
{22} heat.tests.constraints.test_common_constraints.DNSNameConstraintTest.test_validation_error_hyphen [0.249473s] ... ok
{41} heat.tests.constraints.test_common_constraints.TestIPConstraint.test_invalidate_ipv4_format [0.234843s] ... ok
{34} heat.tests.constraints.test_common_constraints.TestIPConstraint.test_invalidate_ipv6_format [0.234698s] ... ok
{26} heat.tests.constraints.test_common_constraints.DNSNameConstraintTest.test_validation_error_special_char [0.271058s] ... ok
{6} heat.tests.constraints.test_common_constraints.TestCIDRConstraint.test_validate [0.311331s] ... ok
{29} heat.tests.constraints.test_common_constraints.TestISO8601Constraint.test_validate_datetime_format_with_utc_offset [0.243109s] ... ok
{24} heat.tests.constraints.test_common_constraints.TestISO8601Constraint.test_validate_datetime_format [0.287217s] ... ok
{4} heat.tests.constraints.test_common_constraints.FIPDNSNameConstraintTest.test_validation_error_end_period [0.298175s] ... ok
{19} heat.tests.constraints.test_common_constraints.JsonStringConstraintTest.test_validate_json [0.251838s] ... ok
{20} heat.tests.constraints.test_common_constraints.TestIPCIDRConstraint.test_invalid_format [0.337838s] ... ok
{12} heat.tests.constraints.test_common_constraints.TestIPCIDRConstraint.test_valid_format [0.259445s] ... ok
{39} heat.tests.constraints.test_common_constraints.DNSNameConstraintTest.test_validation [0.230370s] ... ok
{23} heat.tests.constraints.test_common_constraints.TestISO8601Constraint.test_validate_refuses_other_formats [0.240161s] ... ok
{40} heat.tests.constraints.test_common_constraints.ExpirationConstraintTest.test_validation_none [0.241123s] ... ok
{25} heat.tests.constraints.test_common_constraints.DNSNameConstraintTest.test_validation_error_empty_component [0.262221s] ... ok
{28} heat.tests.constraints.test_common_constraints.DNSNameConstraintTest.test_validation_none [0.240792s] ... ok
{35} heat.tests.constraints.test_common_constraints.TestCIDRConstraint.test_invalid_cidr_format [0.263936s] ... ok

======
Totals
======
Ran: 43 tests in 0.5163 sec.
 - Passed: 43
 - Skipped: 0
 - Expected Fail: 0
 - Unexpected Success: 0
 - Failed: 0
Sum of execute time for each test: 11.4292 sec.

==============
Worker Balance
==============
 - Worker 0 (1 tests) => 0:00:00.364068
 - Worker 1 (1 tests) => 0:00:00.262728
 - Worker 2 (1 tests) => 0:00:00.375473
 - Worker 3 (1 tests) => 0:00:00.265059
 - Worker 4 (1 tests) => 0:00:00.298175
 - Worker 5 (1 tests) => 0:00:00.273382
 - Worker 6 (1 tests) => 0:00:00.311331
 - Worker 7 (1 tests) => 0:00:00.337065
 - Worker 8 (1 tests) => 0:00:00.264526
 - Worker 9 (1 tests) => 0:00:00.291820
 - Worker 10 (1 tests) => 0:00:00.245409
 - Worker 11 (1 tests) => 0:00:00.251584
 - Worker 12 (1 tests) => 0:00:00.259445
 - Worker 13 (1 tests) => 0:00:00.300525
 - Worker 14 (1 tests) => 0:00:00.294338
 - Worker 15 (1 tests) => 0:00:00.271119
 - Worker 16 (1 tests) => 0:00:00.256984
 - Worker 17 (1 tests) => 0:00:00.248054
 - Worker 18 (1 tests) => 0:00:00.250705
 - Worker 19 (1 tests) => 0:00:00.251838
 - Worker 20 (1 tests) => 0:00:00.337838
 - Worker 21 (1 tests) => 0:00:00.272063
 - Worker 22 (1 tests) => 0:00:00.249473
 - Worker 23 (1 tests) => 0:00:00.240161
 - Worker 24 (1 tests) => 0:00:00.287217
 - Worker 25 (1 tests) => 0:00:00.262221
 - Worker 26 (1 tests) => 0:00:00.271058
 - Worker 27 (1 tests) => 0:00:00.283457
 - Worker 28 (1 tests) => 0:00:00.240792
 - Worker 29 (1 tests) => 0:00:00.243109
 - Worker 30 (1 tests) => 0:00:00.237513
 - Worker 31 (1 tests) => 0:00:00.234286
 - Worker 32 (1 tests) => 0:00:00.260381
 - Worker 33 (1 tests) => 0:00:00.221158
 - Worker 34 (1 tests) => 0:00:00.234698
 - Worker 35 (1 tests) => 0:00:00.263936
 - Worker 36 (1 tests) => 0:00:00.233044
 - Worker 37 (1 tests) => 0:00:00.228004
 - Worker 38 (1 tests) => 0:00:00.232895
 - Worker 39 (1 tests) => 0:00:00.230370
 - Worker 40 (1 tests) => 0:00:00.241123
 - Worker 41 (1 tests) => 0:00:00.234843
 - Worker 42 (1 tests) => 0:00:00.215975
