[INFO] Scanning for projects...
[INFO] Inspecting build with total of 1 modules...
[INFO] Installing Nexus Staging features:
[INFO]   ... total of 1 executions of maven-deploy-plugin replaced with nexus-staging-maven-plugin
[INFO] 
[INFO] -----------------------< org.assertj:assertj-db >-----------------------
[INFO] Building AssertJ-DB - Assertions for database 2.1.0-SNAPSHOT
[INFO]   from pom.xml
[INFO] --------------------------------[ jar ]---------------------------------
[INFO] 
[INFO] --- dependency:3.7.0:tree (default-cli) @ assertj-db ---
[INFO] org.assertj:assertj-db:jar:2.1.0-SNAPSHOT
[INFO] +- org.assertj:assertj-core:jar:3.23.0:compile
[INFO] \- net.bytebuddy:byte-buddy:jar:1.10.21:compile (optional)
[INFO] ------------------------------------------------------------------------
[INFO] BUILD SUCCESS
[INFO] ------------------------------------------------------------------------
[INFO] Total time:  1.261 s
[INFO] Finished at: 2026-08-24T20:38:41+08:00
[INFO] ------------------------------------------------------------------------
