[INFO] Scanning for projects...
[INFO] 
[INFO] ------------------------< com.jcabi:jcabi-w3c >-------------------------
[INFO] Building jcabi-w3c 2.0-SNAPSHOT
[INFO]   from pom.xml
[INFO] --------------------------------[ jar ]---------------------------------
[WARNING] The artifact org.slf4j:slf4j-log4j12:jar:2.0.3 has been relocated to org.slf4j:slf4j-reload4j:jar:2.0.3
[INFO] 
[INFO] --- clean:3.2.0:clean (default-clean) @ jcabi-w3c ---
[INFO] 
[INFO] --- enforcer:3.1.0:enforce (enforce-maven) @ jcabi-w3c ---
[INFO] 
[INFO] --- buildnumber:3.0.0:create (jcabi-build-number) @ jcabi-w3c ---
[INFO] ShortRevision tag detected. The value is '7'.
[INFO] Executing: /bin/sh -c cd '/tmp/marshal-jcabi-a3-repair-corrected.SgVDAd/jcabi-w3c-0.20.1' && 'git' 'rev-parse' '--verify' '--short=7' 'HEAD'
[INFO] Working directory: /tmp/marshal-jcabi-a3-repair-corrected.SgVDAd/jcabi-w3c-0.20.1
[INFO] Storing buildNumber: 4054d4a at timestamp: 2026-08-24T19:50:27
[WARNING] Cannot get the branch information from the git repository: 
Detecting the current branch failed: fatal: ref HEAD is not a symbolic ref

[INFO] ShortRevision tag detected. The value is '7'.
[INFO] Executing: /bin/sh -c cd '/tmp/marshal-jcabi-a3-repair-corrected.SgVDAd/jcabi-w3c-0.20.1' && 'git' 'rev-parse' '--verify' '--short=7' 'HEAD'
[INFO] Working directory: /tmp/marshal-jcabi-a3-repair-corrected.SgVDAd/jcabi-w3c-0.20.1
[INFO] Storing buildScmBranch: UNKNOWN
[INFO] 
[INFO] --- buildnumber:3.0.0:create-timestamp (jcabi-build-number) @ jcabi-w3c ---
[INFO] Skipping because we are not in root module.
[INFO] 
[INFO] --- resources:3.3.0:resources (default-resources) @ jcabi-w3c ---
[INFO] skip non existing resourceDirectory /tmp/marshal-jcabi-a3-repair-corrected.SgVDAd/jcabi-w3c-0.20.1/src/main/resources
[INFO] 
[INFO] --- compiler:3.10.1:compile (default-compile) @ jcabi-w3c ---
[WARNING]  Parameter 'optimize' (user property 'maven.compiler.optimize') is deprecated: This property is a no-op in {@code javac}.
[INFO] Changes detected - recompiling the module!
[INFO] Compiling 9 source files to /tmp/marshal-jcabi-a3-repair-corrected.SgVDAd/jcabi-w3c-0.20.1/target/classes
[INFO] ------------------------------------------------------------------------
[INFO] BUILD FAILURE
[INFO] ------------------------------------------------------------------------
[INFO] Total time:  2.644 s
[INFO] Finished at: 2026-08-24T19:50:28+08:00
[INFO] ------------------------------------------------------------------------
[ERROR] Failed to execute goal org.apache.maven.plugins:maven-compiler-plugin:3.10.1:compile (default-compile) on project jcabi-w3c: Fatal error compiling: java.lang.NoSuchFieldError: Class com.sun.tools.javac.tree.JCTree$JCImport does not have member field 'com.sun.tools.javac.tree.JCTree qualid' -> [Help 1]
[ERROR] 
[ERROR] To see the full stack trace of the errors, re-run Maven with the -e switch.
[ERROR] Re-run Maven using the -X switch to enable full debug logging.
[ERROR] 
[ERROR] For more information about the errors and possible solutions, please read the following articles:
[ERROR] [Help 1] http://cwiki.apache.org/confluence/display/MAVEN/MojoExecutionException
