Readline features including tab completion have been disabled because no supported version of readline was found. To resolve this, install pyreadline3 on Windows or gnureadline on Linux/Mac.


Readline features including tab completion have been disabled because no supported version of readline was found. To resolve this, install pyreadline3 on Windows or gnureadline on Linux/Mac.


Readline features including tab completion have been disabled because no supported version of readline was found. To resolve this, install pyreadline3 on Windows or gnureadline on Linux/Mac.


Readline features including tab completion have been disabled because no supported version of readline was found. To resolve this, install pyreadline3 on Windows or gnureadline on Linux/Mac.


Readline features including tab completion have been disabled because no supported version of readline was found. To resolve this, install pyreadline3 on Windows or gnureadline on Linux/Mac.


Readline features including tab completion have been disabled because no supported version of readline was found. To resolve this, install pyreadline3 on Windows or gnureadline on Linux/Mac.


Readline features including tab completion have been disabled because no supported version of readline was found. To resolve this, install pyreadline3 on Windows or gnureadline on Linux/Mac.


Readline features including tab completion have been disabled because no supported version of readline was found. To resolve this, install pyreadline3 on Windows or gnureadline on Linux/Mac.


Readline features including tab completion have been disabled because no supported version of readline was found. To resolve this, install pyreadline3 on Windows or gnureadline on Linux/Mac.


{0} openstackclient.tests.unit.network.v2.test_network_agent.TestRemoveRouterAgent.test_remove_no_options [0.027218s] ... ok
{0} openstackclient.tests.unit.network.v2.test_network_agent.TestRemoveRouterAgent.test_remove_router_required_options [0.005401s] ... ok
{6} openstackclient.tests.unit.network.v2.test_network_agent.TestAddRouterAgent.test_add_no_options [0.027350s] ... ok
{4} openstackclient.tests.unit.network.v2.test_network_agent.TestRemoveNetworkFromAgent.test_network_agents_list_routers_no_arg [0.027395s] ... ok
{1} openstackclient.tests.unit.network.v2.test_network_agent.TestSetNetworkAgent.test_set_all [0.027070s] ... ok
{2} openstackclient.tests.unit.network.v2.test_network_agent.TestDeleteNetworkAgent.test_multi_network_agents_delete [0.026999s] ... ok
{3} openstackclient.tests.unit.network.v2.test_network_agent.TestListNetworkAgent.test_network_agents_list [0.031026s] ... ok
{7} openstackclient.tests.unit.network.v2.test_network_agent.TestShowNetworkAgent.test_show_all_options [0.028023s] ... ok
{6} openstackclient.tests.unit.network.v2.test_network_agent.TestAddRouterAgent.test_add_router_required_options [0.005434s] ... ok
{1} openstackclient.tests.unit.network.v2.test_network_agent.TestSetNetworkAgent.test_set_nothing [0.005027s] ... ok
{4} openstackclient.tests.unit.network.v2.test_network_agent.TestRemoveNetworkFromAgent.test_network_from_dhcp_agent [0.005537s] ... ok
{7} openstackclient.tests.unit.network.v2.test_network_agent.TestShowNetworkAgent.test_show_no_options [0.005916s] ... ok
{5} openstackclient.tests.unit.network.v2.test_network_agent.TestAddNetworkToAgent.test_add_network_to_dhcp_agent [0.027335s] ... ok
{4} openstackclient.tests.unit.network.v2.test_network_agent.TestRemoveNetworkFromAgent.test_show_no_options [0.004952s] ... ok
{3} openstackclient.tests.unit.network.v2.test_network_agent.TestListNetworkAgent.test_network_agents_list_agent_type [0.008679s] ... ok
{1} openstackclient.tests.unit.network.v2.test_network_agent.TestSetNetworkAgent.test_set_with_disable [0.005075s] ... ok
{5} openstackclient.tests.unit.network.v2.test_network_agent.TestAddNetworkToAgent.test_show_no_options [0.005305s] ... ok
{3} openstackclient.tests.unit.network.v2.test_network_agent.TestListNetworkAgent.test_network_agents_list_host [0.008544s] ... ok
{2} openstackclient.tests.unit.network.v2.test_network_agent.TestDeleteNetworkAgent.test_multi_network_agents_delete_with_exception [0.004773s] ... ok
{2} openstackclient.tests.unit.network.v2.test_network_agent.TestDeleteNetworkAgent.test_network_agent_delete [0.004745s] ... ok
{3} openstackclient.tests.unit.network.v2.test_network_agent.TestListNetworkAgent.test_network_agents_list_networks [0.008915s] ... ok
{3} openstackclient.tests.unit.network.v2.test_network_agent.TestListNetworkAgent.test_network_agents_list_routers [0.009201s] ... ok
{3} openstackclient.tests.unit.network.v2.test_network_agent.TestListNetworkAgent.test_network_agents_list_routers_with_long_option [0.010702s] ... ok

======
Totals
======
Ran: 23 tests in 0.0961 sec.
 - Passed: 23
 - Skipped: 0
 - Expected Fail: 0
 - Unexpected Success: 0
 - Failed: 0
Sum of execute time for each test: 0.3206 sec.

==============
Worker Balance
==============
 - Worker 0 (2 tests) => 0:00:00.032764
 - Worker 1 (3 tests) => 0:00:00.037501
 - Worker 2 (3 tests) => 0:00:00.040201
 - Worker 3 (6 tests) => 0:00:00.077860
 - Worker 4 (3 tests) => 0:00:00.038191
 - Worker 5 (2 tests) => 0:00:00.032812
 - Worker 6 (2 tests) => 0:00:00.032934
 - Worker 7 (2 tests) => 0:00:00.034128
