[INFO] Scanning for projects...
[INFO] Inspecting build with total of 1 modules...
[INFO] Installing Nexus Staging features:
[INFO]   ... total of 1 executions of maven-deploy-plugin replaced with nexus-staging-maven-plugin
[INFO] 
[INFO] -------------< software.amazon.lambda:powertools-logging >--------------
[INFO] Building AWS Lambda Powertools for Java library Logging 1.12.2
[INFO]   from pom.xml
[INFO] --------------------------------[ jar ]---------------------------------
[INFO] 
[INFO] --- dependency:3.7.0:tree (default-cli) @ powertools-logging ---
[INFO] software.amazon.lambda:powertools-logging:jar:1.12.2
[INFO] +- org.apache.logging.log4j:log4j-layout-template-json:jar:2.18.0:compile
[INFO] +- org.apache.logging.log4j:log4j-core:jar:2.18.0:compile
[INFO] +- org.apache.logging.log4j:log4j-slf4j-impl:jar:2.18.0:compile
[INFO] \- org.apache.logging.log4j:log4j-api:jar:2.18.0:compile
[INFO] ------------------------------------------------------------------------
[INFO] BUILD SUCCESS
[INFO] ------------------------------------------------------------------------
[INFO] Total time:  1.476 s
[INFO] Finished at: 2026-08-25T02:45:19+08:00
[INFO] ------------------------------------------------------------------------
