2026-08-30 13:21:12.835 4036843 INFO migrate.versioning.api [-] 0 -> 1... [00m
2026-08-30 13:21:12.835 4036847 INFO migrate.versioning.api [-] 0 -> 1... [00m
2026-08-30 13:21:12.962 4036850 INFO migrate.versioning.api [-] 0 -> 1... [00m
2026-08-30 13:21:12.984 4036843 INFO migrate.versioning.api [-] done[00m
2026-08-30 13:21:12.984 4036843 INFO migrate.versioning.api [-] 1 -> 2... [00m
2026-08-30 13:21:12.991 4036843 INFO migrate.versioning.api [-] done[00m
2026-08-30 13:21:12.992 4036843 INFO migrate.versioning.api [-] 2 -> 3... [00m
2026-08-30 13:21:12.991 4036847 INFO migrate.versioning.api [-] done[00m
2026-08-30 13:21:12.991 4036847 INFO migrate.versioning.api [-] 1 -> 2... [00m
2026-08-30 13:21:12.998 4036847 INFO migrate.versioning.api [-] done[00m
2026-08-30 13:21:12.999 4036847 INFO migrate.versioning.api [-] 2 -> 3... [00m
2026-08-30 13:21:13.010 4036843 INFO migrate.versioning.api [-] done[00m
2026-08-30 13:21:13.011 4036843 INFO migrate.versioning.api [-] 3 -> 4... [00m
2026-08-30 13:21:13.014 4036843 INFO migrate.versioning.api [-] done[00m
2026-08-30 13:21:13.014 4036843 INFO migrate.versioning.api [-] 4 -> 5... [00m
2026-08-30 13:21:13.017 4036847 INFO migrate.versioning.api [-] done[00m
2026-08-30 13:21:13.017 4036847 INFO migrate.versioning.api [-] 3 -> 4... [00m
2026-08-30 13:21:13.021 4036847 INFO migrate.versioning.api [-] done[00m
2026-08-30 13:21:13.021 4036847 INFO migrate.versioning.api [-] 4 -> 5... [00m
2026-08-30 13:21:13.014 4036850 INFO migrate.versioning.api [-] done[00m
2026-08-30 13:21:13.014 4036850 INFO migrate.versioning.api [-] 1 -> 2... [00m
2026-08-30 13:21:13.021 4036850 INFO migrate.versioning.api [-] done[00m
2026-08-30 13:21:13.021 4036850 INFO migrate.versioning.api [-] 2 -> 3... [00m
2026-08-30 13:21:13.027 4036843 INFO migrate.versioning.api [-] done[00m
2026-08-30 13:21:13.027 4036843 INFO migrate.versioning.api [-] 5 -> 6... [00m
2026-08-30 13:21:13.028 4036843 INFO masakari.engine.driver [-] Loading masakari notification driver 'taskflow_driver'[00m
2026-08-30 13:21:13.029 4036843 INFO migrate.versioning.api [-] done[00m
2026-08-30 13:21:13.029 4036843 INFO migrate.versioning.api [-] 6 -> 7... [00m
2026-08-30 13:21:13.033 4036847 INFO migrate.versioning.api [-] done[00m
2026-08-30 13:21:13.033 4036847 INFO migrate.versioning.api [-] 5 -> 6... [00m
2026-08-30 13:21:13.034 4036847 INFO masakari.engine.driver [-] Loading masakari notification driver 'taskflow_driver'[00m
2026-08-30 13:21:13.035 4036843 INFO migrate.versioning.api [-] done[00m
2026-08-30 13:21:13.035 4036847 INFO migrate.versioning.api [-] done[00m
2026-08-30 13:21:13.035 4036847 INFO migrate.versioning.api [-] 6 -> 7... [00m
2026-08-30 13:21:13.039 4036850 INFO migrate.versioning.api [-] done[00m
2026-08-30 13:21:13.040 4036850 INFO migrate.versioning.api [-] 3 -> 4... [00m
2026-08-30 13:21:13.040 4036847 INFO migrate.versioning.api [-] done[00m
2026-08-30 13:21:13.043 4036850 INFO migrate.versioning.api [-] done[00m
2026-08-30 13:21:13.043 4036850 INFO migrate.versioning.api [-] 4 -> 5... [00m
2026-08-30 13:21:13.055 4036850 INFO migrate.versioning.api [-] done[00m
2026-08-30 13:21:13.056 4036850 INFO migrate.versioning.api [-] 5 -> 6... [00m
2026-08-30 13:21:13.056 4036850 INFO masakari.engine.driver [-] Loading masakari notification driver 'taskflow_driver'[00m
2026-08-30 13:21:13.057 4036850 INFO migrate.versioning.api [-] done[00m
2026-08-30 13:21:13.058 4036850 INFO migrate.versioning.api [-] 6 -> 7... [00m
2026-08-30 13:21:13.063 4036850 INFO migrate.versioning.api [-] done[00m
2026-08-30 13:21:13.059 4036843 INFO masakari.db.sqlalchemy.api [req-a66e4c04-5f8f-4c68-a771-eaedcd18fc7d - - - - -] Purging deleted rows older than 60 day(s) from table notifications[00m
2026-08-30 13:21:13.060 4036843 INFO masakari.db.sqlalchemy.api [req-a66e4c04-5f8f-4c68-a771-eaedcd18fc7d - - - - -] Deleted 2 row(s) from table notifications[00m
2026-08-30 13:21:13.060 4036843 INFO masakari.db.sqlalchemy.api [req-a66e4c04-5f8f-4c68-a771-eaedcd18fc7d - - - - -] Purging deleted rows older than 60 day(s) from table hosts[00m
2026-08-30 13:21:13.061 4036843 INFO masakari.db.sqlalchemy.api [req-a66e4c04-5f8f-4c68-a771-eaedcd18fc7d - - - - -] Deleted 1 row(s) from table hosts[00m
2026-08-30 13:21:13.061 4036843 INFO masakari.db.sqlalchemy.api [req-a66e4c04-5f8f-4c68-a771-eaedcd18fc7d - - - - -] Total deleted rows are 3[00m
{0} masakari.tests.unit.db.test_purge.PurgeDeletedTest.test_purge_maximum_rows_partial_deleted_records [0.314327s] ... ok
2026-08-30 13:21:13.063 4036847 INFO masakari.db.sqlalchemy.api [req-69f0d9d6-f2a8-476b-99a9-de8310d5b8ce - - - - -] Purging deleted rows older than 30 day(s) from table notifications[00m
2026-08-30 13:21:13.065 4036847 INFO masakari.db.sqlalchemy.api [req-69f0d9d6-f2a8-476b-99a9-de8310d5b8ce - - - - -] Deleted 2 row(s) from table notifications[00m
2026-08-30 13:21:13.065 4036847 INFO masakari.db.sqlalchemy.api [req-69f0d9d6-f2a8-476b-99a9-de8310d5b8ce - - - - -] Purging deleted rows older than 30 day(s) from table hosts[00m
2026-08-30 13:21:13.066 4036847 INFO masakari.db.sqlalchemy.api [req-69f0d9d6-f2a8-476b-99a9-de8310d5b8ce - - - - -] Deleted 2 row(s) from table hosts[00m
2026-08-30 13:21:13.066 4036847 INFO masakari.db.sqlalchemy.api [req-69f0d9d6-f2a8-476b-99a9-de8310d5b8ce - - - - -] Purging deleted rows older than 30 day(s) from table failover_segments[00m
2026-08-30 13:21:13.066 4036847 INFO masakari.db.sqlalchemy.api [req-69f0d9d6-f2a8-476b-99a9-de8310d5b8ce - - - - -] Deleted 2 row(s) from table failover_segments[00m
2026-08-30 13:21:13.067 4036847 INFO masakari.db.sqlalchemy.api [req-69f0d9d6-f2a8-476b-99a9-de8310d5b8ce - - - - -] Total deleted rows are 6[00m
{1} masakari.tests.unit.db.test_purge.PurgeDeletedTest.test_purge_deleted_rows_old [0.319941s] ... ok
2026-08-30 13:21:13.086 4036850 INFO masakari.db.sqlalchemy.api [req-67070a80-af47-4218-b0e0-b12920de2336 - - - - -] Purging deleted rows older than 20 day(s) from table notifications[00m
2026-08-30 13:21:13.088 4036850 INFO masakari.db.sqlalchemy.api [req-67070a80-af47-4218-b0e0-b12920de2336 - - - - -] Deleted 4 row(s) from table notifications[00m
2026-08-30 13:21:13.088 4036850 INFO masakari.db.sqlalchemy.api [req-67070a80-af47-4218-b0e0-b12920de2336 - - - - -] Purging deleted rows older than 20 day(s) from table hosts[00m
2026-08-30 13:21:13.088 4036850 INFO masakari.db.sqlalchemy.api [req-67070a80-af47-4218-b0e0-b12920de2336 - - - - -] Deleted 4 row(s) from table hosts[00m
2026-08-30 13:21:13.089 4036850 INFO masakari.db.sqlalchemy.api [req-67070a80-af47-4218-b0e0-b12920de2336 - - - - -] Purging deleted rows older than 20 day(s) from table failover_segments[00m
2026-08-30 13:21:13.089 4036850 INFO masakari.db.sqlalchemy.api [req-67070a80-af47-4218-b0e0-b12920de2336 - - - - -] Deleted 4 row(s) from table failover_segments[00m
2026-08-30 13:21:13.089 4036850 INFO masakari.db.sqlalchemy.api [req-67070a80-af47-4218-b0e0-b12920de2336 - - - - -] Total deleted rows are 12[00m
{2} masakari.tests.unit.db.test_purge.PurgeDeletedTest.test_purge_all_deleted_rows [0.342896s] ... ok
[93mReadline features including tab completion have been disabled because
no supported version of readline was found. To resolve this, install
pyreadline on Windows or gnureadline on Mac.

[39m
======
Totals
======
Ran: 3 tests in 0.3429 sec.
 - Passed: 3
 - Skipped: 0
 - Expected Fail: 0
 - Unexpected Success: 0
 - Failed: 0
Sum of execute time for each test: 0.9772 sec.

==============
Worker Balance
==============
 - Worker 0 (1 tests) => 0:00:00.314327
 - Worker 1 (1 tests) => 0:00:00.319941
 - Worker 2 (1 tests) => 0:00:00.342896
