[INFO] Scanning for projects...
[INFO] 
[INFO] ----------< com.internetitem:logback-elasticsearch-appender >-----------
[INFO] Building Logback Elasticsearch Appender 1.7-SNAPSHOT
[INFO]   from pom.xml
[INFO] --------------------------------[ jar ]---------------------------------
[INFO] 
[INFO] --- resources:3.3.1:resources (default-resources) @ logback-elasticsearch-appender ---
[INFO] skip non existing resourceDirectory /home/zhihao/hdd/marshal/.work/rebuild_jackson_mock_logback/case-package/replay-work/formal-github-jackson-core-mock-interception--target-logback-elasticsearch/target-a2/src/main/resources
[INFO] 
[INFO] --- compiler:3.5.1:compile (default-compile) @ logback-elasticsearch-appender ---
[INFO] Changes detected - recompiling the module!
[INFO] Compiling 25 source files to /home/zhihao/hdd/marshal/.work/rebuild_jackson_mock_logback/case-package/replay-work/formal-github-jackson-core-mock-interception--target-logback-elasticsearch/target-a2/target/classes
[INFO] /home/zhihao/hdd/marshal/.work/rebuild_jackson_mock_logback/case-package/replay-work/formal-github-jackson-core-mock-interception--target-logback-elasticsearch/target-a2/src/main/java/com/internetitem/logback/elasticsearch/AbstractElasticsearchPublisher.java: /home/zhihao/hdd/marshal/.work/rebuild_jackson_mock_logback/case-package/replay-work/formal-github-jackson-core-mock-interception--target-logback-elasticsearch/target-a2/src/main/java/com/internetitem/logback/elasticsearch/AbstractElasticsearchPublisher.java uses unchecked or unsafe operations.
[INFO] /home/zhihao/hdd/marshal/.work/rebuild_jackson_mock_logback/case-package/replay-work/formal-github-jackson-core-mock-interception--target-logback-elasticsearch/target-a2/src/main/java/com/internetitem/logback/elasticsearch/AbstractElasticsearchPublisher.java: Recompile with -Xlint:unchecked for details.
[INFO] 
[INFO] --- resources:3.3.1:testResources (default-testResources) @ logback-elasticsearch-appender ---
[INFO] skip non existing resourceDirectory /home/zhihao/hdd/marshal/.work/rebuild_jackson_mock_logback/case-package/replay-work/formal-github-jackson-core-mock-interception--target-logback-elasticsearch/target-a2/src/test/resources
[INFO] 
[INFO] --- compiler:3.5.1:testCompile (default-testCompile) @ logback-elasticsearch-appender ---
[INFO] Changes detected - recompiling the module!
[INFO] Compiling 2 source files to /home/zhihao/hdd/marshal/.work/rebuild_jackson_mock_logback/case-package/replay-work/formal-github-jackson-core-mock-interception--target-logback-elasticsearch/target-a2/target/test-classes
[INFO] /home/zhihao/hdd/marshal/.work/rebuild_jackson_mock_logback/case-package/replay-work/formal-github-jackson-core-mock-interception--target-logback-elasticsearch/target-a2/src/test/java/com/internetitem/logback/elasticsearch/ElasticsearchAppenderTest.java: /home/zhihao/hdd/marshal/.work/rebuild_jackson_mock_logback/case-package/replay-work/formal-github-jackson-core-mock-interception--target-logback-elasticsearch/target-a2/src/test/java/com/internetitem/logback/elasticsearch/ElasticsearchAppenderTest.java uses unchecked or unsafe operations.
[INFO] /home/zhihao/hdd/marshal/.work/rebuild_jackson_mock_logback/case-package/replay-work/formal-github-jackson-core-mock-interception--target-logback-elasticsearch/target-a2/src/test/java/com/internetitem/logback/elasticsearch/ElasticsearchAppenderTest.java: Recompile with -Xlint:unchecked for details.
[INFO] 
[INFO] --- surefire:3.2.5:test (default-test) @ logback-elasticsearch-appender ---
[INFO] Using auto detected provider org.apache.maven.surefire.junit4.JUnit4Provider
[INFO] 
[INFO] -------------------------------------------------------
[INFO]  T E S T S
[INFO] -------------------------------------------------------
[INFO] Running com.internetitem.logback.elasticsearch.PropertySerializerTest
[INFO] Tests run: 8, Failures: 0, Errors: 0, Skipped: 0, Time elapsed: 0.201 s -- in com.internetitem.logback.elasticsearch.PropertySerializerTest
[INFO] 
[INFO] Results:
[INFO] 
[INFO] Tests run: 8, Failures: 0, Errors: 0, Skipped: 0
[INFO] 
[INFO] ------------------------------------------------------------------------
[INFO] BUILD SUCCESS
[INFO] ------------------------------------------------------------------------
[INFO] Total time:  3.543 s
[INFO] Finished at: 2026-08-30T13:33:10+08:00
[INFO] ------------------------------------------------------------------------
