{4} octavia.tests.unit.certificates.common.auth.test_barbican_acl.TestBarbicanACLAuth.test_revoke_secret_access [0.006274s] ... ok
{0} octavia.tests.unit.certificates.common.auth.test_barbican_acl.TestBarbicanACLAuth.test_ensure_secret_access [0.006838s] ... ok
{2} octavia.tests.unit.certificates.common.auth.test_barbican_acl.TestBarbicanACLAuth.test_load_auth_driver [0.000675s] ... ok
{3} octavia.tests.unit.certificates.common.auth.test_barbican_acl.TestBarbicanACLAuth.test_get_barbican_client [0.001474s] ... ok
{1} octavia.tests.unit.certificates.common.auth.test_barbican_acl.TestBarbicanACLAuth.test_get_barbican_client_user_auth [0.004146s] ... ok

======
Totals
======
Ran: 5 tests in 0.1169 sec.
 - Passed: 5
 - Skipped: 0
 - Expected Fail: 0
 - Unexpected Success: 0
 - Failed: 0
Sum of execute time for each test: 0.0194 sec.

==============
Worker Balance
==============
 - Worker 0 (1 tests) => 0:00:00.006838
 - Worker 1 (1 tests) => 0:00:00.004146
 - Worker 2 (1 tests) => 0:00:00.000675
 - Worker 3 (1 tests) => 0:00:00.001474
 - Worker 4 (1 tests) => 0:00:00.006274
