sys.version_info(major=3, minor=12, micro=3, releaselevel='final', serial=0)
Branch: master
Source: /home/zhihao/hdd/ipa-requirements-work/ipa-a1
Requirements: /home/zhihao/hdd/ipa-requirements-work/req-a2
git log -n 1 --format=%H
Patch under test: 64c25a49ea0e7a9eba9a08d2c7f8fadba77af5f9
Checking 64c25a49ea0e7a9eba9a08d2c7f8fadba77af5f9
Processing pyproject.toml (requirements)
Processing requirements.txt (requirements)
Processing test-requirements.txt (requirements)
Processing doc/requirements.txt (requirements)
Processing pyproject.toml (extras)
  Processing 'burnin-network-kazoo' extra
  Processing 'extra-hardware' extra
Validating pyproject.toml (dependencies)
Validating requirements.txt (dependencies)
Validating test-requirements.txt (dependencies)
Validating doc/requirements.txt (dependencies)
Validating pyproject.toml ('burnin-network-kazoo' extra)
Validating pyproject.toml ('extra-hardware' extra)
Updated requirements match openstack/requirements.
