[INFO] Scanning for projects...
[WARNING] 
[WARNING] Some problems were encountered while building the effective model for org.assertj:assertj-vavr:jar:0.4.3-SNAPSHOT
[WARNING] The expression ${inceptionYear} is deprecated. Please use ${project.inceptionYear} instead.
[WARNING] 
[WARNING] It is highly recommended to fix these problems because they threaten the stability of your build.
[WARNING] 
[WARNING] For this reason, future Maven versions might no longer support building such malformed projects.
[WARNING] 
[INFO] Inspecting build with total of 1 modules...
[INFO] Installing Nexus Staging features:
[INFO]   ... total of 1 executions of maven-deploy-plugin replaced with nexus-staging-maven-plugin
[INFO] Downloading from central: https://repo.maven.apache.org/maven2/org/apache/maven/plugins/maven-project-info-reports-plugin/3.2.2/maven-project-info-reports-plugin-3.2.2.pom
[INFO] Downloaded from central: https://repo.maven.apache.org/maven2/org/apache/maven/plugins/maven-project-info-reports-plugin/3.2.2/maven-project-info-reports-plugin-3.2.2.pom (19 kB at 23 kB/s)
[INFO] Downloading from central: https://repo.maven.apache.org/maven2/org/apache/maven/plugins/maven-project-info-reports-plugin/3.2.2/maven-project-info-reports-plugin-3.2.2.jar
[INFO] Downloaded from central: https://repo.maven.apache.org/maven2/org/apache/maven/plugins/maven-project-info-reports-plugin/3.2.2/maven-project-info-reports-plugin-3.2.2.jar (294 kB at 227 kB/s)
[INFO] Downloading from central: https://repo.maven.apache.org/maven2/org/codehaus/mojo/versions-maven-plugin/2.10.0/versions-maven-plugin-2.10.0.pom
[INFO] Downloaded from central: https://repo.maven.apache.org/maven2/org/codehaus/mojo/versions-maven-plugin/2.10.0/versions-maven-plugin-2.10.0.pom (16 kB at 71 kB/s)
[INFO] Artifact org.codehaus.mojo:mojo-parent:pom:65 is present in the local repository, but cached from a remote repository ID that is unavailable in current build context, verifying that is downloadable from [central (https://repo.maven.apache.org/maven2, default, releases)]
[INFO] Artifact org.codehaus.mojo:mojo-parent:pom:65 is present in the local repository, but cached from a remote repository ID that is unavailable in current build context, verifying that is downloadable from [central (https://repo.maven.apache.org/maven2, default, releases)]
[INFO] Downloading from central: https://repo.maven.apache.org/maven2/org/codehaus/mojo/mojo-parent/65/mojo-parent-65.pom
[INFO] Downloaded from central: https://repo.maven.apache.org/maven2/org/codehaus/mojo/mojo-parent/65/mojo-parent-65.pom (0 B at 0 B/s)
[INFO] Downloading from central: https://repo.maven.apache.org/maven2/org/codehaus/mojo/versions-maven-plugin/2.10.0/versions-maven-plugin-2.10.0.jar
[INFO] Downloaded from central: https://repo.maven.apache.org/maven2/org/codehaus/mojo/versions-maven-plugin/2.10.0/versions-maven-plugin-2.10.0.jar (316 kB at 702 kB/s)
[INFO] 
[INFO] ----------------------< org.assertj:assertj-vavr >----------------------
[INFO] Building AssertJ fluent assertions for Vavr 0.4.3-SNAPSHOT
[INFO]   from pom.xml
[INFO] --------------------------------[ jar ]---------------------------------
[INFO] 
[INFO] --- versions:2.10.0:use-dep-version (default-cli) @ assertj-vavr ---
[INFO] Artifact org.apache.maven:maven-plugin-api:pom:3.8.4 is present in the local repository, but cached from a remote repository ID that is unavailable in current build context, verifying that is downloadable from [central (https://repo.maven.apache.org/maven2, default, releases), ossrh-snapshots (https://oss.sonatype.org/content/repositories/snapshots, default, snapshots), apache.snapshots (https://repository.apache.org/snapshots, default, snapshots), maven-default-http-blocker (http://0.0.0.0/, default, snapshots, blocked)]
[INFO] Artifact org.apache.maven:maven-plugin-api:pom:3.8.4 is present in the local repository, but cached from a remote repository ID that is unavailable in current build context, verifying that is downloadable from [central (https://repo.maven.apache.org/maven2, default, releases), ossrh-snapshots (https://oss.sonatype.org/content/repositories/snapshots, default, snapshots), apache.snapshots (https://repository.apache.org/snapshots, default, snapshots), maven-default-http-blocker (http://0.0.0.0/, default, snapshots, blocked)]
[INFO] Downloading from central: https://repo.maven.apache.org/maven2/org/apache/maven/maven-plugin-api/3.8.4/maven-plugin-api-3.8.4.pom
[INFO] Downloaded from central: https://repo.maven.apache.org/maven2/org/apache/maven/maven-plugin-api/3.8.4/maven-plugin-api-3.8.4.pom (0 B at 0 B/s)
[INFO] Artifact org.apache.maven:maven:pom:3.8.4 is present in the local repository, but cached from a remote repository ID that is unavailable in current build context, verifying that is downloadable from [central (https://repo.maven.apache.org/maven2, default, releases), ossrh-snapshots (https://oss.sonatype.org/content/repositories/snapshots, default, snapshots), apache.snapshots (https://repository.apache.org/snapshots, default, snapshots), maven-default-http-blocker (http://0.0.0.0/, default, snapshots, blocked)]
[INFO] Artifact org.apache.maven:maven:pom:3.8.4 is present in the local repository, but cached from a remote repository ID that is unavailable in current build context, verifying that is downloadable from [central (https://repo.maven.apache.org/maven2, default, releases), ossrh-snapshots (https://oss.sonatype.org/content/repositories/snapshots, default, snapshots), apache.snapshots (https://repository.apache.org/snapshots, default, snapshots), maven-default-http-blocker (http://0.0.0.0/, default, snapshots, blocked)]
[INFO] Downloading from central: https://repo.maven.apache.org/maven2/org/apache/maven/maven/3.8.4/maven-3.8.4.pom
[INFO] Downloaded from central: https://repo.maven.apache.org/maven2/org/apache/maven/maven/3.8.4/maven-3.8.4.pom (0 B at 0 B/s)
[INFO] Artifact org.apache.maven:maven-model:pom:3.8.4 is present in the local repository, but cached from a remote repository ID that is unavailable in current build context, verifying that is downloadable from [central (https://repo.maven.apache.org/maven2, default, releases), ossrh-snapshots (https://oss.sonatype.org/content/repositories/snapshots, default, snapshots), apache.snapshots (https://repository.apache.org/snapshots, default, snapshots), maven-default-http-blocker (http://0.0.0.0/, default, snapshots, blocked)]
[INFO] Artifact org.apache.maven:maven-model:pom:3.8.4 is present in the local repository, but cached from a remote repository ID that is unavailable in current build context, verifying that is downloadable from [central (https://repo.maven.apache.org/maven2, default, releases), ossrh-snapshots (https://oss.sonatype.org/content/repositories/snapshots, default, snapshots), apache.snapshots (https://repository.apache.org/snapshots, default, snapshots), maven-default-http-blocker (http://0.0.0.0/, default, snapshots, blocked)]
[INFO] Downloading from central: https://repo.maven.apache.org/maven2/org/apache/maven/maven-model/3.8.4/maven-model-3.8.4.pom
[INFO] Downloaded from central: https://repo.maven.apache.org/maven2/org/apache/maven/maven-model/3.8.4/maven-model-3.8.4.pom (0 B at 0 B/s)
[INFO] Artifact org.apache.maven:maven-artifact:pom:3.8.4 is present in the local repository, but cached from a remote repository ID that is unavailable in current build context, verifying that is downloadable from [central (https://repo.maven.apache.org/maven2, default, releases), ossrh-snapshots (https://oss.sonatype.org/content/repositories/snapshots, default, snapshots), apache.snapshots (https://repository.apache.org/snapshots, default, snapshots), maven-default-http-blocker (http://0.0.0.0/, default, snapshots, blocked)]
[INFO] Artifact org.apache.maven:maven-artifact:pom:3.8.4 is present in the local repository, but cached from a remote repository ID that is unavailable in current build context, verifying that is downloadable from [central (https://repo.maven.apache.org/maven2, default, releases), ossrh-snapshots (https://oss.sonatype.org/content/repositories/snapshots, default, snapshots), apache.snapshots (https://repository.apache.org/snapshots, default, snapshots), maven-default-http-blocker (http://0.0.0.0/, default, snapshots, blocked)]
[INFO] Downloading from central: https://repo.maven.apache.org/maven2/org/apache/maven/maven-artifact/3.8.4/maven-artifact-3.8.4.pom
[INFO] Downloaded from central: https://repo.maven.apache.org/maven2/org/apache/maven/maven-artifact/3.8.4/maven-artifact-3.8.4.pom (0 B at 0 B/s)
[INFO] Downloading from central: https://repo.maven.apache.org/maven2/org/apache/maven/wagon/wagon-file/3.4.3/wagon-file-3.4.3.pom
[INFO] Downloaded from central: https://repo.maven.apache.org/maven2/org/apache/maven/wagon/wagon-file/3.4.3/wagon-file-3.4.3.pom (1.8 kB at 8.3 kB/s)
[INFO] Downloading from central: https://repo.maven.apache.org/maven2/org/apache/maven/wagon/wagon-providers/3.4.3/wagon-providers-3.4.3.pom
[INFO] Downloaded from central: https://repo.maven.apache.org/maven2/org/apache/maven/wagon/wagon-providers/3.4.3/wagon-providers-3.4.3.pom (3.0 kB at 14 kB/s)
[INFO] Downloading from central: https://repo.maven.apache.org/maven2/org/apache/maven/wagon/wagon/3.4.3/wagon-3.4.3.pom
[INFO] Downloaded from central: https://repo.maven.apache.org/maven2/org/apache/maven/wagon/wagon/3.4.3/wagon-3.4.3.pom (21 kB at 98 kB/s)
[INFO] Downloading from central: https://repo.maven.apache.org/maven2/org/apache/maven/wagon/wagon-provider-api/3.4.3/wagon-provider-api-3.4.3.pom
[INFO] Downloaded from central: https://repo.maven.apache.org/maven2/org/apache/maven/wagon/wagon-provider-api/3.4.3/wagon-provider-api-3.4.3.pom (1.9 kB at 2.2 kB/s)
[INFO] Downloading from central: https://repo.maven.apache.org/maven2/com/fasterxml/woodstox/woodstox-core/6.2.8/woodstox-core-6.2.8.pom
[INFO] Downloaded from central: https://repo.maven.apache.org/maven2/com/fasterxml/woodstox/woodstox-core/6.2.8/woodstox-core-6.2.8.pom (8.8 kB at 38 kB/s)
[INFO] Downloading from central: https://repo.maven.apache.org/maven2/org/apache/maven/maven-plugin-api/3.8.4/maven-plugin-api-3.8.4.jar
[INFO] Downloaded from central: https://repo.maven.apache.org/maven2/org/apache/maven/maven-plugin-api/3.8.4/maven-plugin-api-3.8.4.jar (47 kB at 98 kB/s)
[INFO] Downloading from central: https://repo.maven.apache.org/maven2/org/apache/maven/wagon/wagon-file/3.4.3/wagon-file-3.4.3.jar
[INFO] Downloading from central: https://repo.maven.apache.org/maven2/org/apache/maven/wagon/wagon-provider-api/3.4.3/wagon-provider-api-3.4.3.jar
[INFO] Downloading from central: https://repo.maven.apache.org/maven2/com/fasterxml/woodstox/woodstox-core/6.2.8/woodstox-core-6.2.8.jar
[INFO] Downloaded from central: https://repo.maven.apache.org/maven2/org/apache/maven/wagon/wagon-file/3.4.3/wagon-file-3.4.3.jar (11 kB at 50 kB/s)
[INFO] Downloaded from central: https://repo.maven.apache.org/maven2/org/apache/maven/wagon/wagon-provider-api/3.4.3/wagon-provider-api-3.4.3.jar (55 kB at 42 kB/s)
[INFO] Downloaded from central: https://repo.maven.apache.org/maven2/com/fasterxml/woodstox/woodstox-core/6.2.8/woodstox-core-6.2.8.jar (1.6 MB at 517 kB/s)
[INFO] Updated org.assertj:assertj-core:jar:3.23.1 to version 3.24.1
[INFO] ------------------------------------------------------------------------
[INFO] BUILD SUCCESS
[INFO] ------------------------------------------------------------------------
[INFO] Total time:  11.500 s
[INFO] Finished at: 2026-08-24T20:42:14+08:00
[INFO] ------------------------------------------------------------------------
