Picked up JAVA_TOOL_OPTIONS: -javaagent:/home/zhihao/.m2/repository/org/jacoco/org.jacoco.agent/0.8.12/org.jacoco.agent-0.8.12-runtime.jar=destfile=/home/zhihao/hdd/marshal/benchmarks/cross-repo-pr-impact/results/assertj-a3-screening-2026-08-24/assertj-guava-3.24.2.exec,append=true
[INFO] Scanning for projects...
[INFO] Inspecting build with total of 1 modules...
[INFO] Installing Nexus Staging features:
[INFO]   ... total of 1 executions of maven-deploy-plugin replaced with nexus-staging-maven-plugin
[INFO] 
[INFO] ---------------------< org.assertj:assertj-guava >----------------------
[INFO] Building AssertJ fluent assertions for Guava 3.4.1-SNAPSHOT
[INFO]   from pom.xml
[INFO] --------------------------------[ jar ]---------------------------------
[INFO] 
[INFO] --- clean:3.2.0:clean (default-clean) @ assertj-guava ---
[INFO] Deleting /tmp/marshal-assertj-guava-20260824/target
[INFO] 
[INFO] --- enforcer:3.0.0:enforce (enforce-maven) @ assertj-guava ---
[INFO] 
[INFO] --- enforcer:3.0.0:enforce (enforce-java-and-dependencies) @ assertj-guava ---
[INFO] 
[INFO] --- jacoco:0.8.8:prepare-agent (prepare-agent) @ assertj-guava ---
[INFO] Skipping JaCoCo execution because property jacoco.skip is set.
[INFO] argLine set to empty
[INFO] 
[INFO] --- yuicompressor:1.5.1:compress (default) @ assertj-guava ---
[INFO] assertj-javadoc.css (22694b) -> assertj-javadoc-min.css (17431b)[76%]
[INFO] total input (22694b) -> output (17431b)[76%]
[INFO] nb warnings: 0, nb errors: 0
[INFO] 
[INFO] --- resources:3.2.0:resources (default-resources) @ assertj-guava ---
[INFO] Using 'UTF-8' encoding to copy filtered resources.
[INFO] Using 'UTF-8' encoding to copy filtered properties files.
[INFO] skip non existing resourceDirectory /tmp/marshal-assertj-guava-20260824/src/main/resources
[INFO] 
[INFO] --- compiler:3.10.1:compile (default-compile) @ assertj-guava ---
[INFO] Changes detected - recompiling the module!
[INFO] Compiling 39 source files to /tmp/marshal-assertj-guava-20260824/target/classes
[INFO] /tmp/marshal-assertj-guava-20260824/src/main/java/org/assertj/guava/api/RangeMapAssert.java: Some input files use unchecked or unsafe operations.
[INFO] /tmp/marshal-assertj-guava-20260824/src/main/java/org/assertj/guava/api/RangeMapAssert.java: Recompile with -Xlint:unchecked for details.
[INFO] 
[INFO] --- resources:3.2.0:testResources (default-testResources) @ assertj-guava ---
[INFO] Using 'UTF-8' encoding to copy filtered resources.
[INFO] Using 'UTF-8' encoding to copy filtered properties files.
[INFO] Copying 1 resource
[INFO] 
[INFO] --- compiler:3.10.1:testCompile (default-testCompile) @ assertj-guava ---
[INFO] Changes detected - recompiling the module!
[INFO] Compiling 87 source files to /tmp/marshal-assertj-guava-20260824/target/test-classes
[INFO] 
[INFO] --- surefire:2.22.2:test (default-test) @ assertj-guava ---
[INFO] 
[INFO] -------------------------------------------------------
[INFO]  T E S T S
[INFO] -------------------------------------------------------
[INFO] Running org.assertj.guava.testkit.junit.jupiter.DefaultDisplayNameGeneratorTest
[INFO] Tests run: 2, Failures: 0, Errors: 0, Skipped: 0, Time elapsed: 0.211 s - in org.assertj.guava.testkit.junit.jupiter.DefaultDisplayNameGeneratorTest
[INFO] Running org.assertj.guava.error.RangeSetShouldNotIntersect_create_Test
[INFO] Tests run: 1, Failures: 0, Errors: 0, Skipped: 0, Time elapsed: 0.011 s - in org.assertj.guava.error.RangeSetShouldNotIntersect_create_Test
[INFO] Running org.assertj.guava.error.RangeSetShouldEncloseAnyOf_create_Test
[INFO] Tests run: 1, Failures: 0, Errors: 0, Skipped: 0, Time elapsed: 0 s - in org.assertj.guava.error.RangeSetShouldEncloseAnyOf_create_Test
[INFO] Running org.assertj.guava.error.ShouldHaveSameContentTest_create_Test
[INFO] Tests run: 1, Failures: 0, Errors: 0, Skipped: 0, Time elapsed: 0.002 s - in org.assertj.guava.error.ShouldHaveSameContentTest_create_Test
[INFO] Running org.assertj.guava.error.RangeSetShouldNotEnclose_create_Test
[INFO] Tests run: 1, Failures: 0, Errors: 0, Skipped: 0, Time elapsed: 0.001 s - in org.assertj.guava.error.RangeSetShouldNotEnclose_create_Test
[INFO] Running org.assertj.guava.error.RangeSetShouldIntersectAnyOf_create_Test
[INFO] Tests run: 1, Failures: 0, Errors: 0, Skipped: 0, Time elapsed: 0.001 s - in org.assertj.guava.error.RangeSetShouldIntersectAnyOf_create_Test
[INFO] Running org.assertj.guava.error.RangeSetShouldIntersect_create_Test
[INFO] Tests run: 1, Failures: 0, Errors: 0, Skipped: 0, Time elapsed: 0 s - in org.assertj.guava.error.RangeSetShouldIntersect_create_Test
[INFO] Running org.assertj.guava.error.RangeSetShouldEnclose_create_Test
[INFO] Tests run: 1, Failures: 0, Errors: 0, Skipped: 0, Time elapsed: 0 s - in org.assertj.guava.error.RangeSetShouldEnclose_create_Test
[INFO] Running org.assertj.guava.api.ByteSourceAssert_isEmpty_Test
[INFO] Tests run: 3, Failures: 0, Errors: 0, Skipped: 0, Time elapsed: 0.001 s - in org.assertj.guava.api.ByteSourceAssert_isEmpty_Test
[INFO] Running org.assertj.guava.api.RangeMapAssert_contains_Test
[INFO] Tests run: 5, Failures: 0, Errors: 0, Skipped: 0, Time elapsed: 0.014 s - in org.assertj.guava.api.RangeMapAssert_contains_Test
[INFO] Running org.assertj.guava.api.RangeSetAssert_intersectsAnyRangesOf_with_RangeSet_Test
[INFO] Tests run: 6, Failures: 0, Errors: 0, Skipped: 0, Time elapsed: 0.014 s - in org.assertj.guava.api.RangeSetAssert_intersectsAnyRangesOf_with_RangeSet_Test
[INFO] Running org.assertj.guava.api.OptionalAssert_isAbsent_Test
[INFO] Tests run: 3, Failures: 0, Errors: 0, Skipped: 0, Time elapsed: 0.001 s - in org.assertj.guava.api.OptionalAssert_isAbsent_Test
[INFO] Running org.assertj.guava.api.RangeAssert_hasOpenedLowerBound_Test
[INFO] Tests run: 3, Failures: 0, Errors: 0, Skipped: 0, Time elapsed: 0.001 s - in org.assertj.guava.api.RangeAssert_hasOpenedLowerBound_Test
[INFO] Running org.assertj.guava.api.RangeSetAssert_intersectsAnyRangesOf_with_Iterable_Test
[INFO] Tests run: 6, Failures: 0, Errors: 0, Skipped: 0, Time elapsed: 0.003 s - in org.assertj.guava.api.RangeSetAssert_intersectsAnyRangesOf_with_Iterable_Test
[INFO] Running org.assertj.guava.api.RangeMapAssert_containsValues_Test
[INFO] Tests run: 6, Failures: 0, Errors: 0, Skipped: 0, Time elapsed: 0.009 s - in org.assertj.guava.api.RangeMapAssert_containsValues_Test
[INFO] Running org.assertj.guava.api.RangeAssert_doesNotContain_Test
[INFO] Tests run: 3, Failures: 0, Errors: 0, Skipped: 0, Time elapsed: 0.001 s - in org.assertj.guava.api.RangeAssert_doesNotContain_Test
[INFO] Running org.assertj.guava.api.RangeSetAssert_isNotEmpty_Test
[INFO] Tests run: 3, Failures: 0, Errors: 0, Skipped: 0, Time elapsed: 0 s - in org.assertj.guava.api.RangeSetAssert_isNotEmpty_Test
[INFO] Running org.assertj.guava.api.Assertions_assertThat_with_Optional_Test
[INFO] Tests run: 2, Failures: 0, Errors: 0, Skipped: 0, Time elapsed: 0 s - in org.assertj.guava.api.Assertions_assertThat_with_Optional_Test
[INFO] Running org.assertj.guava.api.OptionalAssert_extractingCharSequence_Test
[INFO] Tests run: 4, Failures: 0, Errors: 0, Skipped: 0, Time elapsed: 0 s - in org.assertj.guava.api.OptionalAssert_extractingCharSequence_Test
[INFO] Running org.assertj.guava.api.RangeSetAssert_enclosesAnyOf_Test
[INFO] Tests run: 6, Failures: 0, Errors: 0, Skipped: 0, Time elapsed: 0.001 s - in org.assertj.guava.api.RangeSetAssert_enclosesAnyOf_Test
[INFO] Running org.assertj.guava.api.ByteSourceAssert_hasSameContentAs_Test
[INFO] Tests run: 3, Failures: 0, Errors: 0, Skipped: 0, Time elapsed: 0.004 s - in org.assertj.guava.api.ByteSourceAssert_hasSameContentAs_Test
[INFO] Running org.assertj.guava.api.MultisetAssert_containsAtLeast_Test
[INFO] Tests run: 5, Failures: 0, Errors: 0, Skipped: 0, Time elapsed: 0.022 s - in org.assertj.guava.api.MultisetAssert_containsAtLeast_Test
[INFO] Running org.assertj.guava.api.MultimapAssert_containsValues_Test
[INFO] Tests run: 6, Failures: 0, Errors: 0, Skipped: 0, Time elapsed: 0.015 s - in org.assertj.guava.api.MultimapAssert_containsValues_Test
[INFO] Running org.assertj.guava.api.RangeSetAssert_intersects_Test
[INFO] Tests run: 6, Failures: 0, Errors: 0, Skipped: 0, Time elapsed: 0.001 s - in org.assertj.guava.api.RangeSetAssert_intersects_Test
[INFO] Running org.assertj.guava.api.RangeSetAssert_intersectsAll_with_RangeSet_Test
[INFO] Tests run: 6, Failures: 0, Errors: 0, Skipped: 0, Time elapsed: 0.001 s - in org.assertj.guava.api.RangeSetAssert_intersectsAll_with_RangeSet_Test
[INFO] Running org.assertj.guava.api.OptionalAssert_extractingValue_Test
[INFO] Tests run: 3, Failures: 0, Errors: 0, Skipped: 0, Time elapsed: 0 s - in org.assertj.guava.api.OptionalAssert_extractingValue_Test
[INFO] Running org.assertj.guava.api.MultimapAssert_containsKeys_Test
[INFO] Tests run: 6, Failures: 0, Errors: 0, Skipped: 0, Time elapsed: 0.002 s - in org.assertj.guava.api.MultimapAssert_containsKeys_Test
[INFO] Running org.assertj.guava.api.RangeAssert_hasOpenedUpperBound_Test
[INFO] Tests run: 3, Failures: 0, Errors: 0, Skipped: 0, Time elapsed: 0.001 s - in org.assertj.guava.api.RangeAssert_hasOpenedUpperBound_Test
[INFO] Running org.assertj.guava.api.RangeSetAssert_doesNotIntersectAnyRangeFrom_with_Iterable_Test
[INFO] Tests run: 5, Failures: 0, Errors: 0, Skipped: 0, Time elapsed: 0.001 s - in org.assertj.guava.api.RangeSetAssert_doesNotIntersectAnyRangeFrom_with_Iterable_Test
[INFO] Running org.assertj.guava.api.RangeSetAssert_doesNotEncloseAnyRangesOf_with_RangeSet_Test
[INFO] Tests run: 5, Failures: 0, Errors: 0, Skipped: 0, Time elapsed: 0.001 s - in org.assertj.guava.api.RangeSetAssert_doesNotEncloseAnyRangesOf_with_RangeSet_Test
[INFO] Running org.assertj.guava.api.MultimapAssert_containsAllEntriesOf_Test
[INFO] Tests run: 7, Failures: 0, Errors: 0, Skipped: 0, Time elapsed: 0.025 s - in org.assertj.guava.api.MultimapAssert_containsAllEntriesOf_Test
[INFO] Running org.assertj.guava.api.OptionalAssert_isPresent_Test
[INFO] Tests run: 3, Failures: 0, Errors: 0, Skipped: 0, Time elapsed: 0.002 s - in org.assertj.guava.api.OptionalAssert_isPresent_Test
[INFO] Running org.assertj.guava.api.RangeAssert_isEmpty_Test
[INFO] Tests run: 3, Failures: 0, Errors: 0, Skipped: 0, Time elapsed: 0 s - in org.assertj.guava.api.RangeAssert_isEmpty_Test
[INFO] Running org.assertj.guava.api.RangeSetAssert_containsAnyRangesOf_Test
[INFO] Tests run: 6, Failures: 0, Errors: 0, Skipped: 0, Time elapsed: 0.003 s - in org.assertj.guava.api.RangeSetAssert_containsAnyRangesOf_Test
[INFO] Running org.assertj.guava.api.TableAssert_containsValues_Test
[INFO] Tests run: 5, Failures: 0, Errors: 0, Skipped: 0, Time elapsed: 0.013 s - in org.assertj.guava.api.TableAssert_containsValues_Test
[INFO] Running org.assertj.guava.api.RangeSetAssert_isNullOrEmpty_Test
[INFO] Tests run: 3, Failures: 0, Errors: 0, Skipped: 0, Time elapsed: 0 s - in org.assertj.guava.api.RangeSetAssert_isNullOrEmpty_Test
[INFO] Running org.assertj.guava.api.MultimapAssert_isEmpty_Test
[INFO] Tests run: 3, Failures: 0, Errors: 0, Skipped: 0, Time elapsed: 0 s - in org.assertj.guava.api.MultimapAssert_isEmpty_Test
[INFO] Running org.assertj.guava.api.RangeAssert_hasClosedUpperBound_Test
[INFO] Tests run: 3, Failures: 0, Errors: 0, Skipped: 0, Time elapsed: 0.001 s - in org.assertj.guava.api.RangeAssert_hasClosedUpperBound_Test
[INFO] Running org.assertj.guava.api.TableAssert_containsColumns_Test
[INFO] Tests run: 5, Failures: 0, Errors: 0, Skipped: 0, Time elapsed: 0 s - in org.assertj.guava.api.TableAssert_containsColumns_Test
[INFO] Running org.assertj.guava.api.MultimapAssert_hasSameEntriesAs_Test
[INFO] Tests run: 7, Failures: 0, Errors: 0, Skipped: 0, Time elapsed: 0.001 s - in org.assertj.guava.api.MultimapAssert_hasSameEntriesAs_Test
[INFO] Running org.assertj.guava.api.MultimapAssert_isNotEmpty_Test
[INFO] Tests run: 3, Failures: 0, Errors: 0, Skipped: 0, Time elapsed: 0 s - in org.assertj.guava.api.MultimapAssert_isNotEmpty_Test
[INFO] Running org.assertj.guava.api.RangeSetAssert_containsAnyOf_Test
[INFO] Tests run: 6, Failures: 0, Errors: 0, Skipped: 0, Time elapsed: 0 s - in org.assertj.guava.api.RangeSetAssert_containsAnyOf_Test
[INFO] Running org.assertj.guava.api.RangeSetAssert_enclosesAll_with_RangeSet_Test
[INFO] Tests run: 6, Failures: 0, Errors: 0, Skipped: 0, Time elapsed: 0.001 s - in org.assertj.guava.api.RangeSetAssert_enclosesAll_with_RangeSet_Test
[INFO] Running org.assertj.guava.api.RangeSetAssert_doesNotIntersectAnyRangeFrom_with_RangeSet_Test
[INFO] Tests run: 5, Failures: 0, Errors: 0, Skipped: 0, Time elapsed: 0 s - in org.assertj.guava.api.RangeSetAssert_doesNotIntersectAnyRangeFrom_with_RangeSet_Test
[INFO] Running org.assertj.guava.api.RangeSetAssert_enclosesAnyRangesOf_with_RangeSet_Test
[INFO] Tests run: 6, Failures: 0, Errors: 0, Skipped: 0, Time elapsed: 0.001 s - in org.assertj.guava.api.RangeSetAssert_enclosesAnyRangesOf_with_RangeSet_Test
[INFO] Running org.assertj.guava.api.RangeMapAssert_containsKeys_Test
[INFO] Tests run: 6, Failures: 0, Errors: 0, Skipped: 0, Time elapsed: 0 s - in org.assertj.guava.api.RangeMapAssert_containsKeys_Test
[INFO] Running org.assertj.guava.api.RangeMapAssert_isEmpty_Test
[INFO] Tests run: 3, Failures: 0, Errors: 0, Skipped: 0, Time elapsed: 0 s - in org.assertj.guava.api.RangeMapAssert_isEmpty_Test
[INFO] Running org.assertj.guava.api.RangeSetAssert_containsAll_Test
[INFO] Tests run: 7, Failures: 0, Errors: 0, Skipped: 0, Time elapsed: 0.001 s - in org.assertj.guava.api.RangeSetAssert_containsAll_Test
[INFO] Running org.assertj.guava.api.TableAssert_containsRows_Test
[INFO] Tests run: 5, Failures: 0, Errors: 0, Skipped: 0, Time elapsed: 0 s - in org.assertj.guava.api.TableAssert_containsRows_Test
[INFO] Running org.assertj.guava.api.RangeAssert_hasClosedLowerBound_Test
[INFO] Tests run: 3, Failures: 0, Errors: 0, Skipped: 0, Time elapsed: 0 s - in org.assertj.guava.api.RangeAssert_hasClosedLowerBound_Test
[INFO] Running org.assertj.guava.api.RangeSetAssert_doesNotContain_Test
[INFO] Tests run: 5, Failures: 0, Errors: 0, Skipped: 0, Time elapsed: 0.001 s - in org.assertj.guava.api.RangeSetAssert_doesNotContain_Test
[INFO] Running org.assertj.guava.api.MultimapAssert_hasSize_Test
[INFO] Tests run: 3, Failures: 0, Errors: 0, Skipped: 0, Time elapsed: 0.001 s - in org.assertj.guava.api.MultimapAssert_hasSize_Test
[INFO] Running org.assertj.guava.api.RangeAssert_hasLowerEndpointEqualTo_Test
[INFO] Tests run: 3, Failures: 0, Errors: 0, Skipped: 0, Time elapsed: 0 s - in org.assertj.guava.api.RangeAssert_hasLowerEndpointEqualTo_Test
[INFO] Running org.assertj.guava.api.RangeAssert_isNotEmpty_Test
[INFO] Tests run: 3, Failures: 0, Errors: 0, Skipped: 0, Time elapsed: 0.001 s - in org.assertj.guava.api.RangeAssert_isNotEmpty_Test
[INFO] Running org.assertj.guava.api.TableAssert_containsCells_Test
[INFO] Tests run: 6, Failures: 0, Errors: 0, Skipped: 0, Time elapsed: 0 s - in org.assertj.guava.api.TableAssert_containsCells_Test
[INFO] Running org.assertj.guava.api.MultimapAssert_contains_Test
[INFO] Tests run: 5, Failures: 0, Errors: 0, Skipped: 0, Time elapsed: 0 s - in org.assertj.guava.api.MultimapAssert_contains_Test
[INFO] Running org.assertj.guava.api.RangeSetAssert_doesNotEncloseAnyRangesOf_with_Iterable_Test
[INFO] Tests run: 5, Failures: 0, Errors: 0, Skipped: 0, Time elapsed: 0 s - in org.assertj.guava.api.RangeSetAssert_doesNotEncloseAnyRangesOf_with_Iterable_Test
[INFO] Running org.assertj.guava.api.Assertions_sync_with_InstanceOfAssertFactories_Test
[INFO] Tests run: 2, Failures: 0, Errors: 0, Skipped: 0, Time elapsed: 0.073 s - in org.assertj.guava.api.Assertions_sync_with_InstanceOfAssertFactories_Test
[INFO] Running org.assertj.guava.api.RangeSetAssert_doesNotIntersect_Test
[INFO] Tests run: 5, Failures: 0, Errors: 0, Skipped: 0, Time elapsed: 0.001 s - in org.assertj.guava.api.RangeSetAssert_doesNotIntersect_Test
[INFO] Running org.assertj.guava.api.RangeSetAssert_hasSize_Test
[INFO] Tests run: 3, Failures: 0, Errors: 0, Skipped: 0, Time elapsed: 0 s - in org.assertj.guava.api.RangeSetAssert_hasSize_Test
[INFO] Running org.assertj.guava.api.ByteSourceAssert_hasSize_Test
[INFO] Tests run: 3, Failures: 0, Errors: 0, Skipped: 0, Time elapsed: 0.001 s - in org.assertj.guava.api.ByteSourceAssert_hasSize_Test
[INFO] Running org.assertj.guava.api.RangeSetAssert_encloses_Test
[INFO] Tests run: 6, Failures: 0, Errors: 0, Skipped: 0, Time elapsed: 0 s - in org.assertj.guava.api.RangeSetAssert_encloses_Test
[INFO] Running org.assertj.guava.api.MultisetAssert_contains_Test
[INFO] Tests run: 6, Failures: 0, Errors: 0, Skipped: 0, Time elapsed: 0.003 s - in org.assertj.guava.api.MultisetAssert_contains_Test
[INFO] Running org.assertj.guava.api.InstanceOfAssertFactoriesTest
[INFO] Tests run: 12, Failures: 0, Errors: 0, Skipped: 0, Time elapsed: 0.029 s - in org.assertj.guava.api.InstanceOfAssertFactoriesTest
[INFO] Running org.assertj.guava.api.RangeSetAssert_enclosesAnyRangesOf_with_Iterable_Test
[INFO] Tests run: 6, Failures: 0, Errors: 0, Skipped: 0, Time elapsed: 0 s - in org.assertj.guava.api.RangeSetAssert_enclosesAnyRangesOf_with_Iterable_Test
[INFO] Running org.assertj.guava.api.TableAssert_hasColumnCount_Test
[INFO] Tests run: 5, Failures: 0, Errors: 0, Skipped: 0, Time elapsed: 0.005 s - in org.assertj.guava.api.TableAssert_hasColumnCount_Test
[INFO] Running org.assertj.guava.api.RangeSetAssert_intersectsAll_with_Iterable_Test
[INFO] Tests run: 6, Failures: 0, Errors: 0, Skipped: 0, Time elapsed: 0 s - in org.assertj.guava.api.RangeSetAssert_intersectsAll_with_Iterable_Test
[INFO] Running org.assertj.guava.api.RangeMapAssert_isNotEmpty_Test
[INFO] Tests run: 3, Failures: 0, Errors: 0, Skipped: 0, Time elapsed: 0 s - in org.assertj.guava.api.RangeMapAssert_isNotEmpty_Test
[INFO] Running org.assertj.guava.api.TableAssert_isEmpty_Test
[INFO] Tests run: 3, Failures: 0, Errors: 0, Skipped: 0, Time elapsed: 0.001 s - in org.assertj.guava.api.TableAssert_isEmpty_Test
[INFO] Running org.assertj.guava.api.RangeAssert_contains_Test
[INFO] Tests run: 6, Failures: 0, Errors: 0, Skipped: 0, Time elapsed: 0 s - in org.assertj.guava.api.RangeAssert_contains_Test
[INFO] Running org.assertj.guava.api.Assertions_assertThat_with_Multimap_Test
[INFO] Tests run: 2, Failures: 0, Errors: 0, Skipped: 0, Time elapsed: 0 s - in org.assertj.guava.api.Assertions_assertThat_with_Multimap_Test
[INFO] Running org.assertj.guava.api.TableAssert_hasSize_Test
[INFO] Tests run: 5, Failures: 0, Errors: 0, Skipped: 0, Time elapsed: 0 s - in org.assertj.guava.api.TableAssert_hasSize_Test
[INFO] Running org.assertj.guava.api.RangeSetAssert_doesNotEnclose_Test
[INFO] Tests run: 5, Failures: 0, Errors: 0, Skipped: 0, Time elapsed: 0 s - in org.assertj.guava.api.RangeSetAssert_doesNotEnclose_Test
[INFO] Running org.assertj.guava.api.RangeSetAssert_contains_Test
[INFO] Tests run: 7, Failures: 0, Errors: 0, Skipped: 0, Time elapsed: 0.001 s - in org.assertj.guava.api.RangeSetAssert_contains_Test
[INFO] Running org.assertj.guava.api.MultisetAssert_containsAtMost_Test
[INFO] Tests run: 5, Failures: 0, Errors: 0, Skipped: 0, Time elapsed: 0 s - in org.assertj.guava.api.MultisetAssert_containsAtMost_Test
[INFO] Running org.assertj.guava.api.TableAssert_hasRowCount_Test
[INFO] Tests run: 5, Failures: 0, Errors: 0, Skipped: 0, Time elapsed: 0.002 s - in org.assertj.guava.api.TableAssert_hasRowCount_Test
[INFO] Running org.assertj.guava.api.RangeSetAssert_isEmpty_Test
[INFO] Tests run: 3, Failures: 0, Errors: 0, Skipped: 0, Time elapsed: 0.001 s - in org.assertj.guava.api.RangeSetAssert_isEmpty_Test
[INFO] Running org.assertj.guava.api.RangeAssert_hasUpperEndpointEqualTo_Test
[INFO] Tests run: 3, Failures: 0, Errors: 0, Skipped: 0, Time elapsed: 0 s - in org.assertj.guava.api.RangeAssert_hasUpperEndpointEqualTo_Test
[INFO] Running org.assertj.guava.api.RangeSetAssert_doesNotContainAll_Test
[INFO] Tests run: 5, Failures: 0, Errors: 0, Skipped: 0, Time elapsed: 0 s - in org.assertj.guava.api.RangeSetAssert_doesNotContainAll_Test
[INFO] Running org.assertj.guava.api.RangeSetAssert_intersectsAnyOf_Test
[INFO] Tests run: 6, Failures: 0, Errors: 0, Skipped: 0, Time elapsed: 0.001 s - in org.assertj.guava.api.RangeSetAssert_intersectsAnyOf_Test
[INFO] Running org.assertj.guava.api.OptionalAssert_contains_Test
[INFO] Tests run: 5, Failures: 0, Errors: 0, Skipped: 0, Time elapsed: 0.001 s - in org.assertj.guava.api.OptionalAssert_contains_Test
[INFO] Running org.assertj.guava.api.RangeSetAssert_enclosesAll_with_Iterable_Test
[INFO] Tests run: 6, Failures: 0, Errors: 0, Skipped: 0, Time elapsed: 0 s - in org.assertj.guava.api.RangeSetAssert_enclosesAll_with_Iterable_Test
[INFO] 
[INFO] Results:
[INFO] 
[INFO] Tests run: 355, Failures: 0, Errors: 0, Skipped: 0
[INFO] 
[INFO] ------------------------------------------------------------------------
[INFO] BUILD SUCCESS
[INFO] ------------------------------------------------------------------------
[INFO] Total time:  7.874 s
[INFO] Finished at: 2026-08-24T20:42:47+08:00
[INFO] ------------------------------------------------------------------------
