[INFO] Scanning for projects...
[WARNING] 
[WARNING] Some problems were encountered while building the effective model for org.assertj:assertj-vavr:jar:0.4.3-SNAPSHOT
[WARNING] The expression ${inceptionYear} is deprecated. Please use ${project.inceptionYear} instead.
[WARNING] 
[WARNING] It is highly recommended to fix these problems because they threaten the stability of your build.
[WARNING] 
[WARNING] For this reason, future Maven versions might no longer support building such malformed projects.
[WARNING] 
[INFO] Inspecting build with total of 1 modules...
[INFO] Installing Nexus Staging features:
[INFO]   ... total of 1 executions of maven-deploy-plugin replaced with nexus-staging-maven-plugin
[INFO] 
[INFO] ----------------------< org.assertj:assertj-vavr >----------------------
[INFO] Building AssertJ fluent assertions for Vavr 0.4.3-SNAPSHOT
[INFO]   from pom.xml
[INFO] --------------------------------[ jar ]---------------------------------
[INFO] 
[INFO] --- versions:2.10.0:use-dep-version (default-cli) @ assertj-vavr ---
[INFO] Updated org.assertj:assertj-core:jar:3.23.1 to version 3.24.2
[INFO] ------------------------------------------------------------------------
[INFO] BUILD SUCCESS
[INFO] ------------------------------------------------------------------------
[INFO] Total time:  1.613 s
[INFO] Finished at: 2026-08-24T20:42:30+08:00
[INFO] ------------------------------------------------------------------------
