1 RLock(s) were not greened, to fix this error make sure you run eventlet.monkey_patch() before importing any other modules.
1 RLock(s) were not greened, to fix this error make sure you run eventlet.monkey_patch() before importing any other modules.
1 RLock(s) were not greened, to fix this error make sure you run eventlet.monkey_patch() before importing any other modules.
1 RLock(s) were not greened, to fix this error make sure you run eventlet.monkey_patch() before importing any other modules.
1 RLock(s) were not greened, to fix this error make sure you run eventlet.monkey_patch() before importing any other modules.
1 RLock(s) were not greened, to fix this error make sure you run eventlet.monkey_patch() before importing any other modules.
1 RLock(s) were not greened, to fix this error make sure you run eventlet.monkey_patch() before importing any other modules.
1 RLock(s) were not greened, to fix this error make sure you run eventlet.monkey_patch() before importing any other modules.
1 RLock(s) were not greened, to fix this error make sure you run eventlet.monkey_patch() before importing any other modules.
1 RLock(s) were not greened, to fix this error make sure you run eventlet.monkey_patch() before importing any other modules.
1 RLock(s) were not greened, to fix this error make sure you run eventlet.monkey_patch() before importing any other modules.
1 RLock(s) were not greened, to fix this error make sure you run eventlet.monkey_patch() before importing any other modules.
1 RLock(s) were not greened, to fix this error make sure you run eventlet.monkey_patch() before importing any other modules.
1 RLock(s) were not greened, to fix this error make sure you run eventlet.monkey_patch() before importing any other modules.
1 RLock(s) were not greened, to fix this error make sure you run eventlet.monkey_patch() before importing any other modules.
1 RLock(s) were not greened, to fix this error make sure you run eventlet.monkey_patch() before importing any other modules.
1 RLock(s) were not greened, to fix this error make sure you run eventlet.monkey_patch() before importing any other modules.
1 RLock(s) were not greened, to fix this error make sure you run eventlet.monkey_patch() before importing any other modules.
1 RLock(s) were not greened, to fix this error make sure you run eventlet.monkey_patch() before importing any other modules.
1 RLock(s) were not greened, to fix this error make sure you run eventlet.monkey_patch() before importing any other modules.
1 RLock(s) were not greened, to fix this error make sure you run eventlet.monkey_patch() before importing any other modules.
1 RLock(s) were not greened, to fix this error make sure you run eventlet.monkey_patch() before importing any other modules.
1 RLock(s) were not greened, to fix this error make sure you run eventlet.monkey_patch() before importing any other modules.
1 RLock(s) were not greened, to fix this error make sure you run eventlet.monkey_patch() before importing any other modules.
1 RLock(s) were not greened, to fix this error make sure you run eventlet.monkey_patch() before importing any other modules.
1 RLock(s) were not greened, to fix this error make sure you run eventlet.monkey_patch() before importing any other modules.
1 RLock(s) were not greened, to fix this error make sure you run eventlet.monkey_patch() before importing any other modules.
1 RLock(s) were not greened, to fix this error make sure you run eventlet.monkey_patch() before importing any other modules.
1 RLock(s) were not greened, to fix this error make sure you run eventlet.monkey_patch() before importing any other modules.
1 RLock(s) were not greened, to fix this error make sure you run eventlet.monkey_patch() before importing any other modules.
1 RLock(s) were not greened, to fix this error make sure you run eventlet.monkey_patch() before importing any other modules.
1 RLock(s) were not greened, to fix this error make sure you run eventlet.monkey_patch() before importing any other modules.
1 RLock(s) were not greened, to fix this error make sure you run eventlet.monkey_patch() before importing any other modules.
1 RLock(s) were not greened, to fix this error make sure you run eventlet.monkey_patch() before importing any other modules.
1 RLock(s) were not greened, to fix this error make sure you run eventlet.monkey_patch() before importing any other modules.
1 RLock(s) were not greened, to fix this error make sure you run eventlet.monkey_patch() before importing any other modules.
1 RLock(s) were not greened, to fix this error make sure you run eventlet.monkey_patch() before importing any other modules.
1 RLock(s) were not greened, to fix this error make sure you run eventlet.monkey_patch() before importing any other modules.
1 RLock(s) were not greened, to fix this error make sure you run eventlet.monkey_patch() before importing any other modules.
1 RLock(s) were not greened, to fix this error make sure you run eventlet.monkey_patch() before importing any other modules.
1 RLock(s) were not greened, to fix this error make sure you run eventlet.monkey_patch() before importing any other modules.
1 RLock(s) were not greened, to fix this error make sure you run eventlet.monkey_patch() before importing any other modules.
1 RLock(s) were not greened, to fix this error make sure you run eventlet.monkey_patch() before importing any other modules.
1 RLock(s) were not greened, to fix this error make sure you run eventlet.monkey_patch() before importing any other modules.
1 RLock(s) were not greened, to fix this error make sure you run eventlet.monkey_patch() before importing any other modules.
1 RLock(s) were not greened, to fix this error make sure you run eventlet.monkey_patch() before importing any other modules.
1 RLock(s) were not greened, to fix this error make sure you run eventlet.monkey_patch() before importing any other modules.
1 RLock(s) were not greened, to fix this error make sure you run eventlet.monkey_patch() before importing any other modules.
1 RLock(s) were not greened, to fix this error make sure you run eventlet.monkey_patch() before importing any other modules.
1 RLock(s) were not greened, to fix this error make sure you run eventlet.monkey_patch() before importing any other modules.
1 RLock(s) were not greened, to fix this error make sure you run eventlet.monkey_patch() before importing any other modules.
1 RLock(s) were not greened, to fix this error make sure you run eventlet.monkey_patch() before importing any other modules.
1 RLock(s) were not greened, to fix this error make sure you run eventlet.monkey_patch() before importing any other modules.
1 RLock(s) were not greened, to fix this error make sure you run eventlet.monkey_patch() before importing any other modules.
1 RLock(s) were not greened, to fix this error make sure you run eventlet.monkey_patch() before importing any other modules.
1 RLock(s) were not greened, to fix this error make sure you run eventlet.monkey_patch() before importing any other modules.
1 RLock(s) were not greened, to fix this error make sure you run eventlet.monkey_patch() before importing any other modules.
1 RLock(s) were not greened, to fix this error make sure you run eventlet.monkey_patch() before importing any other modules.
1 RLock(s) were not greened, to fix this error make sure you run eventlet.monkey_patch() before importing any other modules.
1 RLock(s) were not greened, to fix this error make sure you run eventlet.monkey_patch() before importing any other modules.
1 RLock(s) were not greened, to fix this error make sure you run eventlet.monkey_patch() before importing any other modules.
1 RLock(s) were not greened, to fix this error make sure you run eventlet.monkey_patch() before importing any other modules.
1 RLock(s) were not greened, to fix this error make sure you run eventlet.monkey_patch() before importing any other modules.
1 RLock(s) were not greened, to fix this error make sure you run eventlet.monkey_patch() before importing any other modules.
1 RLock(s) were not greened, to fix this error make sure you run eventlet.monkey_patch() before importing any other modules.
1 RLock(s) were not greened, to fix this error make sure you run eventlet.monkey_patch() before importing any other modules.
1 RLock(s) were not greened, to fix this error make sure you run eventlet.monkey_patch() before importing any other modules.
1 RLock(s) were not greened, to fix this error make sure you run eventlet.monkey_patch() before importing any other modules.
1 RLock(s) were not greened, to fix this error make sure you run eventlet.monkey_patch() before importing any other modules.
1 RLock(s) were not greened, to fix this error make sure you run eventlet.monkey_patch() before importing any other modules.
1 RLock(s) were not greened, to fix this error make sure you run eventlet.monkey_patch() before importing any other modules.
1 RLock(s) were not greened, to fix this error make sure you run eventlet.monkey_patch() before importing any other modules.
1 RLock(s) were not greened, to fix this error make sure you run eventlet.monkey_patch() before importing any other modules.
1 RLock(s) were not greened, to fix this error make sure you run eventlet.monkey_patch() before importing any other modules.
1 RLock(s) were not greened, to fix this error make sure you run eventlet.monkey_patch() before importing any other modules.
1 RLock(s) were not greened, to fix this error make sure you run eventlet.monkey_patch() before importing any other modules.
1 RLock(s) were not greened, to fix this error make sure you run eventlet.monkey_patch() before importing any other modules.
1 RLock(s) were not greened, to fix this error make sure you run eventlet.monkey_patch() before importing any other modules.
1 RLock(s) were not greened, to fix this error make sure you run eventlet.monkey_patch() before importing any other modules.
1 RLock(s) were not greened, to fix this error make sure you run eventlet.monkey_patch() before importing any other modules.
1 RLock(s) were not greened, to fix this error make sure you run eventlet.monkey_patch() before importing any other modules.
1 RLock(s) were not greened, to fix this error make sure you run eventlet.monkey_patch() before importing any other modules.
1 RLock(s) were not greened, to fix this error make sure you run eventlet.monkey_patch() before importing any other modules.
1 RLock(s) were not greened, to fix this error make sure you run eventlet.monkey_patch() before importing any other modules.
1 RLock(s) were not greened, to fix this error make sure you run eventlet.monkey_patch() before importing any other modules.
1 RLock(s) were not greened, to fix this error make sure you run eventlet.monkey_patch() before importing any other modules.
1 RLock(s) were not greened, to fix this error make sure you run eventlet.monkey_patch() before importing any other modules.
1 RLock(s) were not greened, to fix this error make sure you run eventlet.monkey_patch() before importing any other modules.
1 RLock(s) were not greened, to fix this error make sure you run eventlet.monkey_patch() before importing any other modules.
1 RLock(s) were not greened, to fix this error make sure you run eventlet.monkey_patch() before importing any other modules.
1 RLock(s) were not greened, to fix this error make sure you run eventlet.monkey_patch() before importing any other modules.
1 RLock(s) were not greened, to fix this error make sure you run eventlet.monkey_patch() before importing any other modules.
1 RLock(s) were not greened, to fix this error make sure you run eventlet.monkey_patch() before importing any other modules.
1 RLock(s) were not greened, to fix this error make sure you run eventlet.monkey_patch() before importing any other modules.
1 RLock(s) were not greened, to fix this error make sure you run eventlet.monkey_patch() before importing any other modules.
1 RLock(s) were not greened, to fix this error make sure you run eventlet.monkey_patch() before importing any other modules.
1 RLock(s) were not greened, to fix this error make sure you run eventlet.monkey_patch() before importing any other modules.
1 RLock(s) were not greened, to fix this error make sure you run eventlet.monkey_patch() before importing any other modules.
1 RLock(s) were not greened, to fix this error make sure you run eventlet.monkey_patch() before importing any other modules.
1 RLock(s) were not greened, to fix this error make sure you run eventlet.monkey_patch() before importing any other modules.
1 RLock(s) were not greened, to fix this error make sure you run eventlet.monkey_patch() before importing any other modules.
1 RLock(s) were not greened, to fix this error make sure you run eventlet.monkey_patch() before importing any other modules.
1 RLock(s) were not greened, to fix this error make sure you run eventlet.monkey_patch() before importing any other modules.
1 RLock(s) were not greened, to fix this error make sure you run eventlet.monkey_patch() before importing any other modules.
1 RLock(s) were not greened, to fix this error make sure you run eventlet.monkey_patch() before importing any other modules.
1 RLock(s) were not greened, to fix this error make sure you run eventlet.monkey_patch() before importing any other modules.
1 RLock(s) were not greened, to fix this error make sure you run eventlet.monkey_patch() before importing any other modules.
1 RLock(s) were not greened, to fix this error make sure you run eventlet.monkey_patch() before importing any other modules.
1 RLock(s) were not greened, to fix this error make sure you run eventlet.monkey_patch() before importing any other modules.
1 RLock(s) were not greened, to fix this error make sure you run eventlet.monkey_patch() before importing any other modules.
1 RLock(s) were not greened, to fix this error make sure you run eventlet.monkey_patch() before importing any other modules.
1 RLock(s) were not greened, to fix this error make sure you run eventlet.monkey_patch() before importing any other modules.
1 RLock(s) were not greened, to fix this error make sure you run eventlet.monkey_patch() before importing any other modules.
1 RLock(s) were not greened, to fix this error make sure you run eventlet.monkey_patch() before importing any other modules.
1 RLock(s) were not greened, to fix this error make sure you run eventlet.monkey_patch() before importing any other modules.
1 RLock(s) were not greened, to fix this error make sure you run eventlet.monkey_patch() before importing any other modules.
1 RLock(s) were not greened, to fix this error make sure you run eventlet.monkey_patch() before importing any other modules.
1 RLock(s) were not greened, to fix this error make sure you run eventlet.monkey_patch() before importing any other modules.
1 RLock(s) were not greened, to fix this error make sure you run eventlet.monkey_patch() before importing any other modules.
1 RLock(s) were not greened, to fix this error make sure you run eventlet.monkey_patch() before importing any other modules.
1 RLock(s) were not greened, to fix this error make sure you run eventlet.monkey_patch() before importing any other modules.
1 RLock(s) were not greened, to fix this error make sure you run eventlet.monkey_patch() before importing any other modules.
1 RLock(s) were not greened, to fix this error make sure you run eventlet.monkey_patch() before importing any other modules.
1 RLock(s) were not greened, to fix this error make sure you run eventlet.monkey_patch() before importing any other modules.
1 RLock(s) were not greened, to fix this error make sure you run eventlet.monkey_patch() before importing any other modules.
1 RLock(s) were not greened, to fix this error make sure you run eventlet.monkey_patch() before importing any other modules.
1 RLock(s) were not greened, to fix this error make sure you run eventlet.monkey_patch() before importing any other modules.
1 RLock(s) were not greened, to fix this error make sure you run eventlet.monkey_patch() before importing any other modules.
1 RLock(s) were not greened, to fix this error make sure you run eventlet.monkey_patch() before importing any other modules.
1 RLock(s) were not greened, to fix this error make sure you run eventlet.monkey_patch() before importing any other modules.
1 RLock(s) were not greened, to fix this error make sure you run eventlet.monkey_patch() before importing any other modules.
1 RLock(s) were not greened, to fix this error make sure you run eventlet.monkey_patch() before importing any other modules.
1 RLock(s) were not greened, to fix this error make sure you run eventlet.monkey_patch() before importing any other modules.
1 RLock(s) were not greened, to fix this error make sure you run eventlet.monkey_patch() before importing any other modules.
1 RLock(s) were not greened, to fix this error make sure you run eventlet.monkey_patch() before importing any other modules.
1 RLock(s) were not greened, to fix this error make sure you run eventlet.monkey_patch() before importing any other modules.
1 RLock(s) were not greened, to fix this error make sure you run eventlet.monkey_patch() before importing any other modules.
1 RLock(s) were not greened, to fix this error make sure you run eventlet.monkey_patch() before importing any other modules.
1 RLock(s) were not greened, to fix this error make sure you run eventlet.monkey_patch() before importing any other modules.
1 RLock(s) were not greened, to fix this error make sure you run eventlet.monkey_patch() before importing any other modules.
1 RLock(s) were not greened, to fix this error make sure you run eventlet.monkey_patch() before importing any other modules.
1 RLock(s) were not greened, to fix this error make sure you run eventlet.monkey_patch() before importing any other modules.
1 RLock(s) were not greened, to fix this error make sure you run eventlet.monkey_patch() before importing any other modules.
1 RLock(s) were not greened, to fix this error make sure you run eventlet.monkey_patch() before importing any other modules.
1 RLock(s) were not greened, to fix this error make sure you run eventlet.monkey_patch() before importing any other modules.
{15} cinder.tests.unit.test_utils.GetBlkdevMajorMinorTestCase.test_get_file_size [0.559075s] ... ok
{8} cinder.tests.unit.test_utils.ExecuteTestCase.test_execute_root [0.537870s] ... ok
{23} cinder.tests.unit.test_utils.GetDiskOfPartitionTestCase.test_stat_oserror [0.460623s] ... ok
{2} cinder.tests.unit.test_utils.TemporaryChownTestCase.test_temporary_chown_win32 [0.471649s] ... ok
{10} cinder.tests.unit.test_utils.TestCalculateVirtualFree.test_utils_calculate_capacity_factors_4 [0.484510s] ... ok
{5} cinder.tests.unit.test_utils.TestAutoMaxOversubscriptionRatio.test_calculate_max_over_subscription_ratio_07 [0.447031s] ... ok
{46} cinder.tests.unit.test_utils.TestCalculateVirtualFree.test_utils_calculate_virtual_free_capacity_provision_type_4 [0.479160s] ... ok
{4} cinder.tests.unit.test_utils.AuditPeriodTest.test_day [0.459515s] ... ok
{2} cinder.tests.unit.test_utils.TestCleanFileLocks.test_clean_volume_file_locks_errors [0.039359s] ... ok
{21} cinder.tests.unit.test_utils.TestComparableMixin.test_lt [0.458169s] ... ok
{13} cinder.tests.unit.test_utils.TestAutoMaxOversubscriptionRatio.test_calculate_max_over_subscription_ratio_01 [0.453420s] ... ok
{12} cinder.tests.unit.test_utils.AuditPeriodTest.test_month_with_offset_before_current [0.453854s] ... ok
{18} cinder.tests.unit.test_utils.AuditPeriodTest.test_year_with_offset_after_current [0.463865s] ... ok
{9} cinder.tests.unit.test_utils.LimitOperationsTestCase.test_semaphore_factory_no_limit_1_1 [0.477033s] ... ok
{16} cinder.tests.unit.test_utils.TestNotificationShortCircuit.test_do_nothing_getter [0.449503s] ... ok
{39} cinder.tests.unit.test_utils.TestCheckMetadataProperties.test_metadata_value_not_string_raise_7 [0.453105s] ... ok
{17} cinder.tests.unit.test_utils.BrickUtils.test_brick_get_connector [0.493327s] ... ok
{31} cinder.tests.unit.test_utils.TestCalculateVirtualFree.test_utils_calculate_virtual_free_capacity_provision_type_3 [0.453200s] ... ok
{26} cinder.tests.unit.test_utils.GenericUtilsTestCase.test_hostname_sanitize_dashes [0.466316s] ... ok
{14} cinder.tests.unit.test_utils.TestNotificationShortCircuit.test_if_notification_enabled_when_disabled_3___noop____noop__ [0.463359s] ... ok
{44} cinder.tests.unit.test_utils.GenericUtilsTestCase.test_as_int [0.465906s] ... ok
{24} cinder.tests.unit.test_utils.LimitOperationsTestCase.test_semaphore_factory_with_limit [0.477604s] ... ok
{34} cinder.tests.unit.test_utils.GetDiskOfPartitionTestCase.test_diskpath_is_block_device [0.477560s] ... ok
{7} cinder.tests.unit.test_utils.IsBlkDeviceTestCase.test_is_blk_device [0.471775s] ... ok
{22} cinder.tests.unit.test_utils.GenericUtilsTestCase.test_make_dev_path [0.481512s] ... ok
{25} cinder.tests.unit.test_utils.GetBlkdevMajorMinorTestCase.test_get_blkdev_major_minor_file_nfs [0.469722s] ... ok
{58} cinder.tests.unit.test_utils.TestValidateInteger.test_validate_integer_1_123 [0.471571s] ... ok
{41} cinder.tests.unit.test_utils.BrickUtils.test_brick_get_connector_properties [0.478831s] ... ok
{47} cinder.tests.unit.test_utils.TestCheckMetadataProperties.test_metadata_value_not_string_raise_3 [0.474014s] ... ok
{38} cinder.tests.unit.test_utils.GenericUtilsTestCase.test_hostname_sanitize_periods [0.469594s] ... ok
{60} cinder.tests.unit.test_utils.GenericUtilsTestCase.test_hostname_translate [0.486954s] ... ok
{65} cinder.tests.unit.test_utils.TestLogLevels.test_set_log_levels [0.489275s] ... ok
{50} cinder.tests.unit.test_utils.TestAutoMaxOversubscriptionRatio.test_calculate_max_over_subscription_ratio_02 [0.479585s] ... ok
{59} cinder.tests.unit.test_utils.LimitOperationsTestCase.test_semaphore_factory_with_limit_and_workers [0.478778s] ... ok
{20} cinder.tests.unit.test_utils.AuditPeriodTest.test_year [0.473234s] ... ok
{32} cinder.tests.unit.test_utils.AuditPeriodTest.test_month [0.481274s] ... ok
{6} cinder.tests.unit.test_utils.TestLogLevels.test_get_log_method_5___error___40_ [0.484640s] ... ok
{35} cinder.tests.unit.test_utils.TestValidateInteger.test_validate_integer_raise_assert_5_should_be_int [0.467924s] ... ok
{52} cinder.tests.unit.test_utils.MonkeyPatchTestCase.test_monkey_patch [0.539000s] ... ok
{49} cinder.tests.unit.test_utils.AuditPeriodTest.test_month_jan_day_first [0.479673s] ... ok
{11} cinder.tests.unit.test_utils.TestCheckMetadataProperties.test_metadata_value_not_string_raise_2 [0.521734s] ... ok
{28} cinder.tests.unit.test_utils.AuditPeriodTest.test_hour_with_offset_after_current [0.525060s] ... ok
{40} cinder.tests.unit.test_utils.WalkClassHierarchyTestCase.test_walk_class_hierarchy [0.606082s] ... ok
{70} cinder.tests.unit.test_utils.TestAutoMaxOversubscriptionRatio.test_calculate_max_over_subscription_ratio_08 [0.481041s] ... ok
{56} cinder.tests.unit.test_utils.TestLogLevels.test_set_log_levels_invalid_3_wronglevel [0.476575s] ... ok
{64} cinder.tests.unit.test_utils.TestValidateInteger.test_validate_integer_2_123 [0.482589s] ... ok
{83} cinder.tests.unit.test_utils.TestAutoMaxOversubscriptionRatio.test_calculate_max_over_subscription_ratio_03 [0.490478s] ... ok
{1} cinder.tests.unit.test_utils.TestComparableMixin.test_ne [0.496532s] ... ok
{48} cinder.tests.unit.test_utils.TestCheckMetadataProperties.test_metadata_value_not_string_raise_6 [0.481845s] ... ok
{53} cinder.tests.unit.test_utils.TestAutoMaxOversubscriptionRatio.test_calculate_max_over_subscription_ratio_05 [0.402787s] ... ok
{71} cinder.tests.unit.test_utils.TestCalculateVirtualFree.test_utils_calculate_virtual_free_capacity_provision_type_2 [0.509129s] ... ok
{1} cinder.tests.unit.test_utils.TestLogLevels.test_get_log_method_invalid_3_wronglevel [0.039446s] ... ok
{29} cinder.tests.unit.test_utils.TestLogLevels.test_get_log_method_1___info___20_ [0.488998s] ... ok
{54} cinder.tests.unit.test_utils.TestLogLevels.test_get_log_method_invalid_1_None [0.494214s] ... ok
{57} cinder.tests.unit.test_utils.AuditPeriodTest.test_month_jan_day_not_first [0.518172s] ... ok
{107} cinder.tests.unit.test_utils.TestRetryDecorator.test_no_retry_required_random [0.514347s] ... ok
{61} cinder.tests.unit.test_utils.IsBlkDeviceTestCase.test_fail_is_blk_device [0.495537s] ... ok
{73} cinder.tests.unit.test_utils.TestComparableMixin.test_le [0.528018s] ... ok
{108} cinder.tests.unit.test_utils.StringLengthTestCase.test_check_string_length [0.482135s] ... ok
{93} cinder.tests.unit.test_utils.AddVisibleAdminMetadataTestCase.test_add_visible_admin_metadata_visible_key_only [0.527875s] ... ok
{55} cinder.tests.unit.test_utils.TestCheckMetadataProperties.test_metadata_value_not_string_raise_1 [0.489015s] ... ok
{81} cinder.tests.unit.test_utils.TestAutoMaxOversubscriptionRatio.test_calculate_max_over_subscription_ratio_10 [0.586232s] ... ok
{80} cinder.tests.unit.test_utils.GenericUtilsTestCase.test_paths_normcase_equal_1 [0.514177s] ... ok
{62} cinder.tests.unit.test_utils.TestKeystoneProjectGet.test_get_project_keystoneclient_v2 [0.542384s] ... ok
{74} cinder.tests.unit.test_utils.GenericUtilsTestCase.test_hostname_unicode_sanitization [0.528339s] ... ok
{90} cinder.tests.unit.test_utils.TestCheckMetadataProperties.test_metadata_value_not_dict_raise [0.523585s] ... ok
{116} cinder.tests.unit.test_utils.BrickUtils.test_brick_detach_volume_encryptor [0.509422s] ... ok
{78} cinder.tests.unit.test_utils.TestAutoMaxOversubscriptionRatio.test_calculate_max_over_subscription_ratio_09 [0.513626s] ... ok
{84} cinder.tests.unit.test_utils.TestValidateInteger.test_validate_integer_raise_assert_4_12_05 [0.504626s] ... ok
{63} cinder.tests.unit.test_utils.TestLogLevels.test_set_log_levels_invalid_1_None [0.531684s] ... ok
{82} cinder.tests.unit.test_utils.AuditPeriodTest.test_uses_conf_unit [0.552522s] ... ok
{95} cinder.tests.unit.test_utils.ExecuteTestCase.test_execute [0.527375s] ... ok
{3} cinder.tests.unit.test_utils.TestCalculateVirtualFree.test_utils_calculate_capacity_factors_2 [0.916990s] ... ok
{79} cinder.tests.unit.test_utils.AuditPeriodTest.test_month_with_offset_after_current [0.568824s] ... ok
{97} cinder.tests.unit.test_utils.AuditPeriodTest.test_hour_with_offset_before_current [0.575322s] ... ok
{109} cinder.tests.unit.test_utils.GetBlkdevMajorMinorTestCase.test_get_blkdev_is_chr [0.575551s] ... ok
{72} cinder.tests.unit.test_utils.TestComparableMixin.test_ge [0.539932s] ... ok
{92} cinder.tests.unit.test_utils.TestValidateInteger.test_validate_integer_raise_assert_1_2147483649 [0.587489s] ... ok
{51} cinder.tests.unit.test_utils.InvalidFilterTestCase.test_admin_allows_all_options [0.504383s] ... ok
{89} cinder.tests.unit.test_utils.TestRetryDecorator.test_retry_exit_code_non_retriable [0.543060s] ... ok
{3} cinder.tests.unit.test_utils.TestCleanFileLocks.test_clean_volume_file_locks [0.073945s] ... ok
{104} cinder.tests.unit.test_utils.IsBlkDeviceTestCase.test_not_is_blk_device [0.586026s] ... ok
{77} cinder.tests.unit.test_utils.TestLogLevels.test_get_log_method_4___wArNiNg___30_ [0.516073s] ... ok
{91} cinder.tests.unit.test_utils.TestLogLevels.test_get_log_method_3___INFO___20_ [0.531283s] ... ok
{99} cinder.tests.unit.test_utils.TestCalculateVirtualFree.test_utils_calculate_capacity_factors_1 [0.547456s] ... ok
{102} cinder.tests.unit.test_utils.TestRetryDecorator.test_retries_once [0.530523s] ... ok
{27} cinder.tests.unit.test_utils.TestAutoMaxOversubscriptionRatio.test_calculate_max_over_subscription_ratio_06 [0.569405s] ... ok
{133} cinder.tests.unit.test_utils.ExecuteTestCase.test_execute_root_and_helper [0.622120s] ... ok
{94} cinder.tests.unit.test_utils.TestNotificationShortCircuit.test_if_notification_enabled_when_disabled_1___ [0.549328s] ... ok
{138} cinder.tests.unit.test_utils.GetBlkdevMajorMinorTestCase.test_get_blkdev_failure [0.528828s] ... ok
{112} cinder.tests.unit.test_utils.BrickUtils.test_brick_attach_volume_encryptor [0.495188s] ... ok
{100} cinder.tests.unit.test_utils.GenericUtilsTestCase.test_check_exclusive_options [0.552389s] ... ok
{75} cinder.tests.unit.test_utils.TempdirTestCase.test_tempdir [0.560869s] ... ok
{128} cinder.tests.unit.test_utils.TempdirTestCase.test_tempdir_error [0.533973s] ... ok
{135} cinder.tests.unit.test_utils.TemporaryChownTestCase.test_get_uid [0.601407s] ... ok
{120} cinder.tests.unit.test_utils.TestNotificationShortCircuit.test_do_nothing_caller [0.522278s] ... ok
{36} cinder.tests.unit.test_utils.TemporaryChownTestCase.test_matching_uid [0.589748s] ... ok
{140} cinder.tests.unit.test_utils.AddVisibleAdminMetadataTestCase.test_add_visible_admin_metadata_no_visible_keys [0.535731s] ... ok
{121} cinder.tests.unit.test_utils.TestRetryDecorator.test_limit_is_reached [0.549304s] ... ok
{105} cinder.tests.unit.test_utils.TestLogLevels.test_get_log_method_2___warning___30_ [0.525204s] ... ok
{117} cinder.tests.unit.test_utils.GetBlkdevMajorMinorTestCase.test_get_blkdev_major_minor_file [0.505503s] ... ok
{131} cinder.tests.unit.test_utils.TestComparableMixin.test_eq [0.530050s] ... ok
{119} cinder.tests.unit.test_utils.TestRetryDecorator.test_retry_exit_code [0.545181s] ... ok
{111} cinder.tests.unit.test_utils.AuditPeriodTest.test_year_with_offset_before_current [0.599379s] ... ok
{134} cinder.tests.unit.test_utils.TestAutoMaxOversubscriptionRatio.test_calculate_max_over_subscription_ratio_04 [0.561431s] ... ok
{45} cinder.tests.unit.test_utils.TestLogLevels.test_get_log_levels [0.621161s] ... ok
{123} cinder.tests.unit.test_utils.GenericUtilsTestCase.test_hostname_sanitize_characters [0.544536s] ... ok
{115} cinder.tests.unit.test_utils.TestCleanFileLocks.test_api_clean_volume_file_locks [0.533238s] ... ok
{126} cinder.tests.unit.test_utils.LimitOperationsTestCase.test_semaphore_factory_no_limit_2_5 [0.560422s] ... ok
{30} cinder.tests.unit.test_utils.TestNotificationShortCircuit.test_if_notification_enabled_when_disabled_2___noop__ [0.936045s] ... ok
{136} cinder.tests.unit.test_utils.TestComparableMixin.test_gt [0.370028s] ... ok
{96} cinder.tests.unit.test_utils.TestValidateInteger.test_validate_integer_raise_assert_3_2_05 [0.556647s] ... ok
{66} cinder.tests.unit.test_utils.TestCheckMetadataProperties.test_metadata_value_not_string_raise_5 [0.571903s] ... ok
{125} cinder.tests.unit.test_utils.TestLogLevels.test_set_log_levels_invalid_2_ [0.621023s] ... ok
{87} cinder.tests.unit.test_utils.TestCalculateVirtualFree.test_utils_calculate_capacity_factors_3 [0.536243s] ... ok
{103} cinder.tests.unit.test_utils.GenericUtilsTestCase.test_get_root_helper [0.675374s] ... ok
{137} cinder.tests.unit.test_utils.GenericUtilsTestCase.test_check_ssh_injection [0.562325s] ... ok
{129} cinder.tests.unit.test_utils.AuditPeriodTest.test_invalid_unit [0.401874s] ... ok
{132} cinder.tests.unit.test_utils.TestKeystoneProjectGet.test_get_project_keystoneclient_v3 [0.615842s] ... ok
{76} cinder.tests.unit.test_utils.GetDiskOfPartitionTestCase.test_devpath_is_diskpath [0.628674s] ... ok
{86} cinder.tests.unit.test_utils.GenericUtilsTestCase.test_get_file_gid [0.561277s] ... ok
{85} cinder.tests.unit.test_utils.TestLogLevels.test_get_log_method_6___debug___10_ [0.696508s] ... ok
{110} cinder.tests.unit.test_utils.TestValidateInteger.test_validate_integer_3_123 [0.608676s] ... ok
{122} cinder.tests.unit.test_utils.GetBlkdevMajorMinorTestCase.test_get_blkdev_major_minor [0.608608s] ... ok
{19} cinder.tests.unit.test_utils.TestValidateInteger.test_validate_integer_raise_assert_2__12 [0.549347s] ... ok
{113} cinder.tests.unit.test_utils.GenericUtilsTestCase.test_write_configfile [0.696161s] ... ok
{118} cinder.tests.unit.test_utils.TestComparableMixin.test_compare [0.603149s] ... ok
{130} cinder.tests.unit.test_utils.TestRetryDecorator.test_retries_once_random [0.608666s] ... ok
{69} cinder.tests.unit.test_utils.GenericUtilsTestCase.test_check_ssh_injection_on_error [0.602499s] ... ok
{142} cinder.tests.unit.test_utils.TemporaryChownTestCase.test_supplied_owner_uid [0.787390s] ... ok
{114} cinder.tests.unit.test_utils.AddVisibleAdminMetadataTestCase.test_add_visible_admin_metadata_no_existing_metadata [0.550586s] ... ok
{88} cinder.tests.unit.test_utils.InvalidFilterTestCase.test_admin_allows_some_options [0.570287s] ... ok
{124} cinder.tests.unit.test_utils.TestCheckMetadataProperties.test_metadata_value_not_string_raise_4 [0.622964s] ... ok
{37} cinder.tests.unit.test_utils.TestCalculateVirtualFree.test_utils_calculate_virtual_free_capacity_provision_type_1 [0.863523s] ... ok
{33} cinder.tests.unit.test_utils.TestRetryDecorator.test_no_retry_required [0.651850s] ... ok
{67} cinder.tests.unit.test_utils.AuditPeriodTest.test_day_with_offset_before_current [0.687498s] ... ok
{43} cinder.tests.unit.test_utils.GetDiskOfPartitionTestCase.test_diskpath_is_not_block_device [0.464555s] ... ok
{106} cinder.tests.unit.test_utils.TestRetryDecorator.test_wrong_exception_no_retry [0.650669s] ... ok
{68} cinder.tests.unit.test_utils.AuditPeriodTest.test_hour [0.619788s] ... ok
{0} cinder.tests.unit.test_utils.LimitOperationsTestCase.test_semaphore [0.647361s] ... ok
{0} cinder.tests.unit.test_utils.TestCleanFileLocks.test_clean_snapshot_file_locks_failures [0.037900s] ... ok
{127} cinder.tests.unit.test_utils.AuditPeriodTest.test_day_with_offset_after_current [0.679354s] ... ok
{101} cinder.tests.unit.test_utils.TestLogLevels.test_get_log_method_invalid_2_ [0.637911s] ... ok
{141} cinder.tests.unit.test_utils.TestNotificationShortCircuit.test_do_nothing_json_serializable [0.576667s] ... ok
{139} cinder.tests.unit.test_utils.TestNotificationShortCircuit.test_if_notification_enabled_when_enabled [0.590989s] ... ok
{143} cinder.tests.unit.test_utils.TestCleanFileLocks.test_clean_snapshot_file_locks [0.720519s] ... ok
{98} cinder.tests.unit.test_utils.TestValidateInteger.test_validate_integer_raise_assert_6_test [0.569274s] ... ok
{42} cinder.tests.unit.test_utils.GenericUtilsTestCase.test_get_file_mode [0.427167s] ... ok

======
Totals
======
Ran: 148 tests in 5.3880 sec.
 - Passed: 148
 - Skipped: 0
 - Expected Fail: 0
 - Unexpected Success: 0
 - Failed: 0
Sum of execute time for each test: 78.2086 sec.

==============
Worker Balance
==============
 - Worker 0 (2 tests) => 0:00:00.687725
 - Worker 1 (2 tests) => 0:00:00.538181
 - Worker 2 (2 tests) => 0:00:00.512080
 - Worker 3 (2 tests) => 0:00:00.995221
 - Worker 4 (1 tests) => 0:00:00.459515
 - Worker 5 (1 tests) => 0:00:00.447031
 - Worker 6 (1 tests) => 0:00:00.484640
 - Worker 7 (1 tests) => 0:00:00.471775
 - Worker 8 (1 tests) => 0:00:00.537870
 - Worker 9 (1 tests) => 0:00:00.477033
 - Worker 10 (1 tests) => 0:00:00.484510
 - Worker 11 (1 tests) => 0:00:00.521734
 - Worker 12 (1 tests) => 0:00:00.453854
 - Worker 13 (1 tests) => 0:00:00.453420
 - Worker 14 (1 tests) => 0:00:00.463359
 - Worker 15 (1 tests) => 0:00:00.559075
 - Worker 16 (1 tests) => 0:00:00.449503
 - Worker 17 (1 tests) => 0:00:00.493327
 - Worker 18 (1 tests) => 0:00:00.463865
 - Worker 19 (1 tests) => 0:00:00.549347
 - Worker 20 (1 tests) => 0:00:00.473234
 - Worker 21 (1 tests) => 0:00:00.458169
 - Worker 22 (1 tests) => 0:00:00.481512
 - Worker 23 (1 tests) => 0:00:00.460623
 - Worker 24 (1 tests) => 0:00:00.477604
 - Worker 25 (1 tests) => 0:00:00.469722
 - Worker 26 (1 tests) => 0:00:00.466316
 - Worker 27 (1 tests) => 0:00:00.569405
 - Worker 28 (1 tests) => 0:00:00.525060
 - Worker 29 (1 tests) => 0:00:00.488998
 - Worker 30 (1 tests) => 0:00:00.936045
 - Worker 31 (1 tests) => 0:00:00.453200
 - Worker 32 (1 tests) => 0:00:00.481274
 - Worker 33 (1 tests) => 0:00:00.651850
 - Worker 34 (1 tests) => 0:00:00.477560
 - Worker 35 (1 tests) => 0:00:00.467924
 - Worker 36 (1 tests) => 0:00:00.589748
 - Worker 37 (1 tests) => 0:00:00.863523
 - Worker 38 (1 tests) => 0:00:00.469594
 - Worker 39 (1 tests) => 0:00:00.453105
 - Worker 40 (1 tests) => 0:00:00.606082
 - Worker 41 (1 tests) => 0:00:00.478831
 - Worker 42 (1 tests) => 0:00:00.427167
 - Worker 43 (1 tests) => 0:00:00.464555
 - Worker 44 (1 tests) => 0:00:00.465906
 - Worker 45 (1 tests) => 0:00:00.621161
 - Worker 46 (1 tests) => 0:00:00.479160
 - Worker 47 (1 tests) => 0:00:00.474014
 - Worker 48 (1 tests) => 0:00:00.481845
 - Worker 49 (1 tests) => 0:00:00.479673
 - Worker 50 (1 tests) => 0:00:00.479585
 - Worker 51 (1 tests) => 0:00:00.504383
 - Worker 52 (1 tests) => 0:00:00.539000
 - Worker 53 (1 tests) => 0:00:00.402787
 - Worker 54 (1 tests) => 0:00:00.494214
 - Worker 55 (1 tests) => 0:00:00.489015
 - Worker 56 (1 tests) => 0:00:00.476575
 - Worker 57 (1 tests) => 0:00:00.518172
 - Worker 58 (1 tests) => 0:00:00.471571
 - Worker 59 (1 tests) => 0:00:00.478778
 - Worker 60 (1 tests) => 0:00:00.486954
 - Worker 61 (1 tests) => 0:00:00.495537
 - Worker 62 (1 tests) => 0:00:00.542384
 - Worker 63 (1 tests) => 0:00:00.531684
 - Worker 64 (1 tests) => 0:00:00.482589
 - Worker 65 (1 tests) => 0:00:00.489275
 - Worker 66 (1 tests) => 0:00:00.571903
 - Worker 67 (1 tests) => 0:00:00.687498
 - Worker 68 (1 tests) => 0:00:00.619788
 - Worker 69 (1 tests) => 0:00:00.602499
 - Worker 70 (1 tests) => 0:00:00.481041
 - Worker 71 (1 tests) => 0:00:00.509129
 - Worker 72 (1 tests) => 0:00:00.539932
 - Worker 73 (1 tests) => 0:00:00.528018
 - Worker 74 (1 tests) => 0:00:00.528339
 - Worker 75 (1 tests) => 0:00:00.560869
 - Worker 76 (1 tests) => 0:00:00.628674
 - Worker 77 (1 tests) => 0:00:00.516073
 - Worker 78 (1 tests) => 0:00:00.513626
 - Worker 79 (1 tests) => 0:00:00.568824
 - Worker 80 (1 tests) => 0:00:00.514177
 - Worker 81 (1 tests) => 0:00:00.586232
 - Worker 82 (1 tests) => 0:00:00.552522
 - Worker 83 (1 tests) => 0:00:00.490478
 - Worker 84 (1 tests) => 0:00:00.504626
 - Worker 85 (1 tests) => 0:00:00.696508
 - Worker 86 (1 tests) => 0:00:00.561277
 - Worker 87 (1 tests) => 0:00:00.536243
 - Worker 88 (1 tests) => 0:00:00.570287
 - Worker 89 (1 tests) => 0:00:00.543060
 - Worker 90 (1 tests) => 0:00:00.523585
 - Worker 91 (1 tests) => 0:00:00.531283
 - Worker 92 (1 tests) => 0:00:00.587489
 - Worker 93 (1 tests) => 0:00:00.527875
 - Worker 94 (1 tests) => 0:00:00.549328
 - Worker 95 (1 tests) => 0:00:00.527375
 - Worker 96 (1 tests) => 0:00:00.556647
 - Worker 97 (1 tests) => 0:00:00.575322
 - Worker 98 (1 tests) => 0:00:00.569274
 - Worker 99 (1 tests) => 0:00:00.547456
 - Worker 100 (1 tests) => 0:00:00.552389
 - Worker 101 (1 tests) => 0:00:00.637911
 - Worker 102 (1 tests) => 0:00:00.530523
 - Worker 103 (1 tests) => 0:00:00.675374
 - Worker 104 (1 tests) => 0:00:00.586026
 - Worker 105 (1 tests) => 0:00:00.525204
 - Worker 106 (1 tests) => 0:00:00.650669
 - Worker 107 (1 tests) => 0:00:00.514347
 - Worker 108 (1 tests) => 0:00:00.482135
 - Worker 109 (1 tests) => 0:00:00.575551
 - Worker 110 (1 tests) => 0:00:00.608676
 - Worker 111 (1 tests) => 0:00:00.599379
 - Worker 112 (1 tests) => 0:00:00.495188
 - Worker 113 (1 tests) => 0:00:00.696161
 - Worker 114 (1 tests) => 0:00:00.550586
 - Worker 115 (1 tests) => 0:00:00.533238
 - Worker 116 (1 tests) => 0:00:00.509422
 - Worker 117 (1 tests) => 0:00:00.505503
 - Worker 118 (1 tests) => 0:00:00.603149
 - Worker 119 (1 tests) => 0:00:00.545181
 - Worker 120 (1 tests) => 0:00:00.522278
 - Worker 121 (1 tests) => 0:00:00.549304
 - Worker 122 (1 tests) => 0:00:00.608608
 - Worker 123 (1 tests) => 0:00:00.544536
 - Worker 124 (1 tests) => 0:00:00.622964
 - Worker 125 (1 tests) => 0:00:00.621023
 - Worker 126 (1 tests) => 0:00:00.560422
 - Worker 127 (1 tests) => 0:00:00.679354
 - Worker 128 (1 tests) => 0:00:00.533973
 - Worker 129 (1 tests) => 0:00:00.401874
 - Worker 130 (1 tests) => 0:00:00.608666
 - Worker 131 (1 tests) => 0:00:00.530050
 - Worker 132 (1 tests) => 0:00:00.615842
 - Worker 133 (1 tests) => 0:00:00.622120
 - Worker 134 (1 tests) => 0:00:00.561431
 - Worker 135 (1 tests) => 0:00:00.601407
 - Worker 136 (1 tests) => 0:00:00.370028
 - Worker 137 (1 tests) => 0:00:00.562325
 - Worker 138 (1 tests) => 0:00:00.528828
 - Worker 139 (1 tests) => 0:00:00.590989
 - Worker 140 (1 tests) => 0:00:00.535731
 - Worker 141 (1 tests) => 0:00:00.576667
 - Worker 142 (1 tests) => 0:00:00.787390
 - Worker 143 (1 tests) => 0:00:00.720519
