[INFO] Scanning for projects...
[INFO] 
[INFO] --------------------< com.jcabi:jcabi-maven-plugin >--------------------
[INFO] Building jcabi-maven-plugin 1.0-SNAPSHOT
[INFO]   from pom.xml
[INFO] ----------------------------[ maven-plugin ]----------------------------
[WARNING] The artifact org.slf4j:slf4j-log4j12:jar:2.0.7 has been relocated to org.slf4j:slf4j-reload4j:jar:2.0.7
[INFO] 
[INFO] --- clean:3.2.0:clean (default-clean) @ jcabi-maven-plugin ---
[INFO] Deleting /jcabi-maven-plugin/target
[INFO] 
[INFO] --- enforcer:1.3.1:enforce (enforce-maven) @ jcabi-maven-plugin ---
[INFO] 
[INFO] --- enforcer:1.3.1:enforce (enforce-maven-same-versions) @ jcabi-maven-plugin ---
[INFO] 
[INFO] --- buildnumber:3.0.0:create (jcabi-build-number) @ jcabi-maven-plugin ---
[INFO] ShortRevision tag detected. The value is '7'.
[INFO] Executing: /bin/sh -c cd '/jcabi-maven-plugin' && 'git' 'rev-parse' '--verify' '--short=7' 'HEAD'
[INFO] Working directory: /jcabi-maven-plugin
[INFO] Storing buildNumber: null at timestamp: 2026-08-24T12:43:30
[WARNING] Cannot get the branch information from the git repository: 
Detecting the current branch failed: fatal: not a git repository (or any of the parent directories): .git

[INFO] ShortRevision tag detected. The value is '7'.
[INFO] Executing: /bin/sh -c cd '/jcabi-maven-plugin' && 'git' 'rev-parse' '--verify' '--short=7' 'HEAD'
[INFO] Working directory: /jcabi-maven-plugin
[INFO] Storing buildScmBranch: UNKNOWN_BRANCH
[INFO] 
[INFO] --- buildnumber:3.0.0:create-timestamp (jcabi-build-number) @ jcabi-maven-plugin ---
[INFO] Skipping because we are not in root module.
[INFO] 
[INFO] --- resources:3.2.0:resources (default-resources) @ jcabi-maven-plugin ---
[INFO] Using 'UTF-8' encoding to copy filtered resources.
[INFO] Using 'UTF-8' encoding to copy filtered properties files.
[INFO] Copying 1 resource
[INFO] The encoding used to copy filtered properties files have not been set. This means that the same encoding will be used to copy filtered properties files as when copying other filtered resources. This might not be what you want! Run your build with --debug to see which files might be affected. Read more at https://maven.apache.org/plugins/maven-resources-plugin/examples/filtering-properties-files.html
[INFO] 
[INFO] --- compiler:3.10.1:compile (default-compile) @ jcabi-maven-plugin ---
[INFO] Changes detected - recompiling the module!
[INFO] Compiling 4 source files to /jcabi-maven-plugin/target/classes
[INFO] 
[INFO] --- compiler:3.10.1:compile (compile-helpmojo) @ jcabi-maven-plugin ---
[INFO] Changes detected - recompiling the module!
[INFO] Compiling 4 source files to /jcabi-maven-plugin/target/classes
[INFO] 
[INFO] --- plugin:3.6.4:descriptor (default-descriptor) @ jcabi-maven-plugin ---
[INFO] Downloading from oss.sonatype.org: https://oss.sonatype.org/content/groups/public/org/apache/maven/plugin-tools/maven-plugin-tools-api/3.6.4/maven-plugin-tools-api-3.6.4.pom
[INFO] Downloaded from oss.sonatype.org: https://oss.sonatype.org/content/groups/public/org/apache/maven/plugin-tools/maven-plugin-tools-api/3.6.4/maven-plugin-tools-api-3.6.4.pom (3.0 kB at 345 B/s)
[INFO] Downloading from oss.sonatype.org: https://oss.sonatype.org/content/groups/public/org/apache/maven/maven-core/3.2.5/maven-core-3.2.5.pom
[INFO] Downloaded from oss.sonatype.org: https://oss.sonatype.org/content/groups/public/org/apache/maven/maven-core/3.2.5/maven-core-3.2.5.pom (8.1 kB at 4.8 kB/s)
[INFO] Downloading from oss.sonatype.org: https://oss.sonatype.org/content/groups/public/org/apache/maven/maven/3.2.5/maven-3.2.5.pom
[INFO] Downloaded from oss.sonatype.org: https://oss.sonatype.org/content/groups/public/org/apache/maven/maven/3.2.5/maven-3.2.5.pom (22 kB at 25 kB/s)
[INFO] Downloading from oss.sonatype.org: https://oss.sonatype.org/content/groups/public/org/apache/maven/maven-model/3.2.5/maven-model-3.2.5.pom
[INFO] Downloaded from oss.sonatype.org: https://oss.sonatype.org/content/groups/public/org/apache/maven/maven-model/3.2.5/maven-model-3.2.5.pom (4.2 kB at 6.7 kB/s)
[INFO] Downloading from oss.sonatype.org: https://oss.sonatype.org/content/groups/public/org/apache/maven/maven-settings/3.2.5/maven-settings-3.2.5.pom
[INFO] Downloaded from oss.sonatype.org: https://oss.sonatype.org/content/groups/public/org/apache/maven/maven-settings/3.2.5/maven-settings-3.2.5.pom (2.2 kB at 1.5 kB/s)
[INFO] Downloading from oss.sonatype.org: https://oss.sonatype.org/content/groups/public/org/apache/maven/maven-settings-builder/3.2.5/maven-settings-builder-3.2.5.pom
[INFO] Downloaded from oss.sonatype.org: https://oss.sonatype.org/content/groups/public/org/apache/maven/maven-settings-builder/3.2.5/maven-settings-builder-3.2.5.pom (2.6 kB at 4.1 kB/s)
[INFO] Downloading from oss.sonatype.org: https://oss.sonatype.org/content/groups/public/org/codehaus/plexus/plexus-component-annotations/2.1.1/plexus-component-annotations-2.1.1.pom
[INFO] Downloaded from oss.sonatype.org: https://oss.sonatype.org/content/groups/public/org/codehaus/plexus/plexus-component-annotations/2.1.1/plexus-component-annotations-2.1.1.pom (770 B at 626 B/s)
[INFO] Downloading from oss.sonatype.org: https://oss.sonatype.org/content/groups/public/org/codehaus/plexus/plexus-containers/2.1.1/plexus-containers-2.1.1.pom
[INFO] Downloaded from oss.sonatype.org: https://oss.sonatype.org/content/groups/public/org/codehaus/plexus/plexus-containers/2.1.1/plexus-containers-2.1.1.pom (6.0 kB at 9.6 kB/s)
[INFO] Downloading from oss.sonatype.org: https://oss.sonatype.org/content/groups/public/org/codehaus/plexus/plexus/6.5/plexus-6.5.pom
[INFO] Downloaded from oss.sonatype.org: https://oss.sonatype.org/content/groups/public/org/codehaus/plexus/plexus/6.5/plexus-6.5.pom (26 kB at 40 kB/s)
[INFO] Downloading from oss.sonatype.org: https://oss.sonatype.org/content/groups/public/org/apache/maven/maven-repository-metadata/3.2.5/maven-repository-metadata-3.2.5.pom
[INFO] Downloaded from oss.sonatype.org: https://oss.sonatype.org/content/groups/public/org/apache/maven/maven-repository-metadata/3.2.5/maven-repository-metadata-3.2.5.pom (2.2 kB at 3.5 kB/s)
[INFO] Downloading from oss.sonatype.org: https://oss.sonatype.org/content/groups/public/org/apache/maven/maven-artifact/3.2.5/maven-artifact-3.2.5.pom
[INFO] Downloaded from oss.sonatype.org: https://oss.sonatype.org/content/groups/public/org/apache/maven/maven-artifact/3.2.5/maven-artifact-3.2.5.pom (2.3 kB at 3.8 kB/s)
[INFO] Downloading from oss.sonatype.org: https://oss.sonatype.org/content/groups/public/org/apache/maven/maven-plugin-api/3.2.5/maven-plugin-api-3.2.5.pom
[INFO] Downloaded from oss.sonatype.org: https://oss.sonatype.org/content/groups/public/org/apache/maven/maven-plugin-api/3.2.5/maven-plugin-api-3.2.5.pom (3.0 kB at 2.1 kB/s)
[INFO] Downloading from oss.sonatype.org: https://oss.sonatype.org/content/groups/public/org/apache/maven/maven-model-builder/3.2.5/maven-model-builder-3.2.5.pom
[INFO] Downloaded from oss.sonatype.org: https://oss.sonatype.org/content/groups/public/org/apache/maven/maven-model-builder/3.2.5/maven-model-builder-3.2.5.pom (3.0 kB at 2.0 kB/s)
[INFO] Downloading from oss.sonatype.org: https://oss.sonatype.org/content/groups/public/org/apache/maven/maven-aether-provider/3.2.5/maven-aether-provider-3.2.5.pom
[INFO] Downloaded from oss.sonatype.org: https://oss.sonatype.org/content/groups/public/org/apache/maven/maven-aether-provider/3.2.5/maven-aether-provider-3.2.5.pom (4.2 kB at 6.8 kB/s)
[INFO] Downloading from oss.sonatype.org: https://oss.sonatype.org/content/groups/public/org/eclipse/aether/aether-api/1.0.0.v20140518/aether-api-1.0.0.v20140518.pom
[INFO] Downloaded from oss.sonatype.org: https://oss.sonatype.org/content/groups/public/org/eclipse/aether/aether-api/1.0.0.v20140518/aether-api-1.0.0.v20140518.pom (1.9 kB at 3.0 kB/s)
[INFO] Downloading from oss.sonatype.org: https://oss.sonatype.org/content/groups/public/org/eclipse/aether/aether/1.0.0.v20140518/aether-1.0.0.v20140518.pom
[INFO] Downloaded from oss.sonatype.org: https://oss.sonatype.org/content/groups/public/org/eclipse/aether/aether/1.0.0.v20140518/aether-1.0.0.v20140518.pom (30 kB at 48 kB/s)
[INFO] Downloading from oss.sonatype.org: https://oss.sonatype.org/content/groups/public/org/eclipse/aether/aether-spi/1.0.0.v20140518/aether-spi-1.0.0.v20140518.pom
[INFO] Downloaded from oss.sonatype.org: https://oss.sonatype.org/content/groups/public/org/eclipse/aether/aether-spi/1.0.0.v20140518/aether-spi-1.0.0.v20140518.pom (2.1 kB at 1.7 kB/s)
[INFO] Downloading from oss.sonatype.org: https://oss.sonatype.org/content/groups/public/org/eclipse/aether/aether-util/1.0.0.v20140518/aether-util-1.0.0.v20140518.pom
[INFO] Downloaded from oss.sonatype.org: https://oss.sonatype.org/content/groups/public/org/eclipse/aether/aether-util/1.0.0.v20140518/aether-util-1.0.0.v20140518.pom (2.2 kB at 2.6 kB/s)
[INFO] Downloading from oss.sonatype.org: https://oss.sonatype.org/content/groups/public/org/eclipse/aether/aether-impl/1.0.0.v20140518/aether-impl-1.0.0.v20140518.pom
[INFO] Downloaded from oss.sonatype.org: https://oss.sonatype.org/content/groups/public/org/eclipse/aether/aether-impl/1.0.0.v20140518/aether-impl-1.0.0.v20140518.pom (3.5 kB at 4.1 kB/s)
[INFO] Downloading from oss.sonatype.org: https://oss.sonatype.org/content/groups/public/org/sonatype/sisu/sisu-guice/3.2.3/sisu-guice-3.2.3.pom
[INFO] Downloaded from oss.sonatype.org: https://oss.sonatype.org/content/groups/public/org/sonatype/sisu/sisu-guice/3.2.3/sisu-guice-3.2.3.pom (11 kB at 17 kB/s)
[INFO] Downloading from oss.sonatype.org: https://oss.sonatype.org/content/groups/public/org/sonatype/sisu/inject/guice-parent/3.2.3/guice-parent-3.2.3.pom
[INFO] Downloaded from oss.sonatype.org: https://oss.sonatype.org/content/groups/public/org/sonatype/sisu/inject/guice-parent/3.2.3/guice-parent-3.2.3.pom (13 kB at 21 kB/s)
[INFO] Downloading from oss.sonatype.org: https://oss.sonatype.org/content/groups/public/org/apache/maven/plugin-tools/maven-plugin-tools-generators/3.6.4/maven-plugin-tools-generators-3.6.4.pom
[INFO] Downloaded from oss.sonatype.org: https://oss.sonatype.org/content/groups/public/org/apache/maven/plugin-tools/maven-plugin-tools-generators/3.6.4/maven-plugin-tools-generators-3.6.4.pom (4.1 kB at 6.4 kB/s)
[INFO] Downloading from oss.sonatype.org: https://oss.sonatype.org/content/groups/public/org/codehaus/plexus/plexus-velocity/1.2/plexus-velocity-1.2.pom
[INFO] Downloaded from oss.sonatype.org: https://oss.sonatype.org/content/groups/public/org/codehaus/plexus/plexus-velocity/1.2/plexus-velocity-1.2.pom (2.8 kB at 2.8 kB/s)
[INFO] Downloading from oss.sonatype.org: https://oss.sonatype.org/content/groups/public/org/codehaus/plexus/plexus-components/4.0/plexus-components-4.0.pom
[INFO] Downloaded from oss.sonatype.org: https://oss.sonatype.org/content/groups/public/org/codehaus/plexus/plexus-components/4.0/plexus-components-4.0.pom (2.7 kB at 4.2 kB/s)
[INFO] Downloading from oss.sonatype.org: https://oss.sonatype.org/content/groups/public/org/apache/velocity/velocity/1.7/velocity-1.7.pom
[INFO] Downloaded from oss.sonatype.org: https://oss.sonatype.org/content/groups/public/org/apache/velocity/velocity/1.7/velocity-1.7.pom (11 kB at 8.7 kB/s)
[INFO] Downloading from oss.sonatype.org: https://oss.sonatype.org/content/groups/public/commons-collections/commons-collections/3.2.1/commons-collections-3.2.1.pom
[INFO] Downloaded from oss.sonatype.org: https://oss.sonatype.org/content/groups/public/commons-collections/commons-collections/3.2.1/commons-collections-3.2.1.pom (13 kB at 3.4 kB/s)
[INFO] Downloading from oss.sonatype.org: https://oss.sonatype.org/content/groups/public/org/apache/commons/commons-parent/9/commons-parent-9.pom
[INFO] Downloaded from oss.sonatype.org: https://oss.sonatype.org/content/groups/public/org/apache/commons/commons-parent/9/commons-parent-9.pom (22 kB at 18 kB/s)
[INFO] Downloading from oss.sonatype.org: https://oss.sonatype.org/content/groups/public/commons-lang/commons-lang/2.4/commons-lang-2.4.pom
[INFO] Downloaded from oss.sonatype.org: https://oss.sonatype.org/content/groups/public/commons-lang/commons-lang/2.4/commons-lang-2.4.pom (14 kB at 22 kB/s)
[INFO] Downloading from oss.sonatype.org: https://oss.sonatype.org/content/groups/public/org/ow2/asm/asm-commons/9.2/asm-commons-9.2.pom
[INFO] Downloaded from oss.sonatype.org: https://oss.sonatype.org/content/groups/public/org/ow2/asm/asm-commons/9.2/asm-commons-9.2.pom (3.0 kB at 2.5 kB/s)
[INFO] Downloading from oss.sonatype.org: https://oss.sonatype.org/content/groups/public/org/ow2/asm/asm-tree/9.2/asm-tree-9.2.pom
[INFO] Downloaded from oss.sonatype.org: https://oss.sonatype.org/content/groups/public/org/ow2/asm/asm-tree/9.2/asm-tree-9.2.pom (2.6 kB at 1.6 kB/s)
[INFO] Downloading from oss.sonatype.org: https://oss.sonatype.org/content/groups/public/org/ow2/asm/asm-analysis/9.2/asm-analysis-9.2.pom
[INFO] Downloaded from oss.sonatype.org: https://oss.sonatype.org/content/groups/public/org/ow2/asm/asm-analysis/9.2/asm-analysis-9.2.pom (2.6 kB at 4.2 kB/s)
[INFO] Downloading from oss.sonatype.org: https://oss.sonatype.org/content/groups/public/net/sf/jtidy/jtidy/r938/jtidy-r938.pom
[INFO] Downloaded from oss.sonatype.org: https://oss.sonatype.org/content/groups/public/net/sf/jtidy/jtidy/r938/jtidy-r938.pom (9.2 kB at 15 kB/s)
[INFO] Downloading from oss.sonatype.org: https://oss.sonatype.org/content/groups/public/org/apache/maven/plugin-tools/maven-plugin-tools-java/3.6.4/maven-plugin-tools-java-3.6.4.pom
[INFO] Downloaded from oss.sonatype.org: https://oss.sonatype.org/content/groups/public/org/apache/maven/plugin-tools/maven-plugin-tools-java/3.6.4/maven-plugin-tools-java-3.6.4.pom (2.9 kB at 4.4 kB/s)
[INFO] Downloading from oss.sonatype.org: https://oss.sonatype.org/content/groups/public/org/apache/maven/plugin-tools/maven-plugin-tools-annotations/3.6.4/maven-plugin-tools-annotations-3.6.4.pom
[INFO] Downloaded from oss.sonatype.org: https://oss.sonatype.org/content/groups/public/org/apache/maven/plugin-tools/maven-plugin-tools-annotations/3.6.4/maven-plugin-tools-annotations-3.6.4.pom (4.6 kB at 4.6 kB/s)
[INFO] Downloading from oss.sonatype.org: https://oss.sonatype.org/content/groups/public/org/apache/maven/plugin-tools/maven-plugin-annotations/3.6.4/maven-plugin-annotations-3.6.4.pom
[INFO] Downloaded from oss.sonatype.org: https://oss.sonatype.org/content/groups/public/org/apache/maven/plugin-tools/maven-plugin-annotations/3.6.4/maven-plugin-annotations-3.6.4.pom (1.4 kB at 2.3 kB/s)
[INFO] Downloading from oss.sonatype.org: https://oss.sonatype.org/content/groups/public/org/codehaus/plexus/plexus-archiver/3.6.0/plexus-archiver-3.6.0.pom
[INFO] Downloaded from oss.sonatype.org: https://oss.sonatype.org/content/groups/public/org/codehaus/plexus/plexus-archiver/3.6.0/plexus-archiver-3.6.0.pom (4.8 kB at 2.7 kB/s)
[INFO] Downloading from oss.sonatype.org: https://oss.sonatype.org/content/groups/public/org/codehaus/plexus/plexus/5.0/plexus-5.0.pom
[INFO] Downloaded from oss.sonatype.org: https://oss.sonatype.org/content/groups/public/org/codehaus/plexus/plexus/5.0/plexus-5.0.pom (21 kB at 25 kB/s)
[INFO] Downloading from oss.sonatype.org: https://oss.sonatype.org/content/groups/public/org/codehaus/plexus/plexus-io/3.0.1/plexus-io-3.0.1.pom
[INFO] Downloaded from oss.sonatype.org: https://oss.sonatype.org/content/groups/public/org/codehaus/plexus/plexus-io/3.0.1/plexus-io-3.0.1.pom (4.5 kB at 4.6 kB/s)
[INFO] Downloading from oss.sonatype.org: https://oss.sonatype.org/content/groups/public/org/apache/commons/commons-compress/1.16.1/commons-compress-1.16.1.pom
[INFO] Downloaded from oss.sonatype.org: https://oss.sonatype.org/content/groups/public/org/apache/commons/commons-compress/1.16.1/commons-compress-1.16.1.pom (16 kB at 25 kB/s)
[INFO] Downloading from oss.sonatype.org: https://oss.sonatype.org/content/groups/public/org/apache/commons/commons-parent/43/commons-parent-43.pom
[INFO] Downloaded from oss.sonatype.org: https://oss.sonatype.org/content/groups/public/org/apache/commons/commons-parent/43/commons-parent-43.pom (70 kB at 42 kB/s)
[INFO] Downloading from oss.sonatype.org: https://oss.sonatype.org/content/groups/public/org/objenesis/objenesis/2.6/objenesis-2.6.pom
[INFO] Downloaded from oss.sonatype.org: https://oss.sonatype.org/content/groups/public/org/objenesis/objenesis/2.6/objenesis-2.6.pom (2.8 kB at 4.4 kB/s)
[INFO] Downloading from oss.sonatype.org: https://oss.sonatype.org/content/groups/public/org/objenesis/objenesis-parent/2.6/objenesis-parent-2.6.pom
[INFO] Downloaded from oss.sonatype.org: https://oss.sonatype.org/content/groups/public/org/objenesis/objenesis-parent/2.6/objenesis-parent-2.6.pom (17 kB at 26 kB/s)
[INFO] Downloading from oss.sonatype.org: https://oss.sonatype.org/content/groups/public/org/apache/maven/plugin-tools/maven-plugin-tools-ant/3.6.4/maven-plugin-tools-ant-3.6.4.pom
[INFO] Downloaded from oss.sonatype.org: https://oss.sonatype.org/content/groups/public/org/apache/maven/plugin-tools/maven-plugin-tools-ant/3.6.4/maven-plugin-tools-ant-3.6.4.pom (2.5 kB at 1.6 kB/s)
[INFO] Downloading from oss.sonatype.org: https://oss.sonatype.org/content/groups/public/org/apache/maven/plugin-tools/maven-script/3.6.4/maven-script-3.6.4.pom
[INFO] Downloaded from oss.sonatype.org: https://oss.sonatype.org/content/groups/public/org/apache/maven/plugin-tools/maven-script/3.6.4/maven-script-3.6.4.pom (1.7 kB at 2.7 kB/s)
[INFO] Downloading from oss.sonatype.org: https://oss.sonatype.org/content/groups/public/org/apache/maven/plugin-tools/maven-plugin-tools-model/3.6.4/maven-plugin-tools-model-3.6.4.pom
[INFO] Downloaded from oss.sonatype.org: https://oss.sonatype.org/content/groups/public/org/apache/maven/plugin-tools/maven-plugin-tools-model/3.6.4/maven-plugin-tools-model-3.6.4.pom (3.1 kB at 4.9 kB/s)
[INFO] Downloading from oss.sonatype.org: https://oss.sonatype.org/content/groups/public/org/apache/maven/plugin-tools/maven-plugin-tools-beanshell/3.6.4/maven-plugin-tools-beanshell-3.6.4.pom
[INFO] Downloaded from oss.sonatype.org: https://oss.sonatype.org/content/groups/public/org/apache/maven/plugin-tools/maven-plugin-tools-beanshell/3.6.4/maven-plugin-tools-beanshell-3.6.4.pom (2.4 kB at 3.8 kB/s)
[INFO] Downloading from oss.sonatype.org: https://oss.sonatype.org/content/groups/public/org/apache-extras/beanshell/bsh/2.0b6/bsh-2.0b6.pom
[INFO] Downloaded from oss.sonatype.org: https://oss.sonatype.org/content/groups/public/org/apache-extras/beanshell/bsh/2.0b6/bsh-2.0b6.pom (5.0 kB at 7.8 kB/s)
[INFO] Downloading from oss.sonatype.org: https://oss.sonatype.org/content/groups/public/org/apache/maven/doxia/doxia-sink-api/1.11.1/doxia-sink-api-1.11.1.pom
[INFO] Downloaded from oss.sonatype.org: https://oss.sonatype.org/content/groups/public/org/apache/maven/doxia/doxia-sink-api/1.11.1/doxia-sink-api-1.11.1.pom (1.6 kB at 976 B/s)
[INFO] Downloading from oss.sonatype.org: https://oss.sonatype.org/content/groups/public/org/apache/maven/doxia/doxia/1.11.1/doxia-1.11.1.pom
[INFO] Downloaded from oss.sonatype.org: https://oss.sonatype.org/content/groups/public/org/apache/maven/doxia/doxia/1.11.1/doxia-1.11.1.pom (18 kB at 14 kB/s)
[INFO] Downloading from oss.sonatype.org: https://oss.sonatype.org/content/groups/public/org/apache/maven/doxia/doxia-logging-api/1.11.1/doxia-logging-api-1.11.1.pom
[INFO] Downloaded from oss.sonatype.org: https://oss.sonatype.org/content/groups/public/org/apache/maven/doxia/doxia-logging-api/1.11.1/doxia-logging-api-1.11.1.pom (1.6 kB at 1.9 kB/s)
[INFO] Downloading from oss.sonatype.org: https://oss.sonatype.org/content/groups/public/org/apache/maven/doxia/doxia-site-renderer/1.11.1/doxia-site-renderer-1.11.1.pom
[INFO] Downloaded from oss.sonatype.org: https://oss.sonatype.org/content/groups/public/org/apache/maven/doxia/doxia-site-renderer/1.11.1/doxia-site-renderer-1.11.1.pom (7.7 kB at 8.8 kB/s)
[INFO] Downloading from oss.sonatype.org: https://oss.sonatype.org/content/groups/public/org/apache/maven/doxia/doxia-sitetools/1.11.1/doxia-sitetools-1.11.1.pom
[INFO] Downloaded from oss.sonatype.org: https://oss.sonatype.org/content/groups/public/org/apache/maven/doxia/doxia-sitetools/1.11.1/doxia-sitetools-1.11.1.pom (14 kB at 11 kB/s)
[INFO] Downloading from oss.sonatype.org: https://oss.sonatype.org/content/groups/public/org/apache/maven/doxia/doxia-core/1.11.1/doxia-core-1.11.1.pom
[INFO] Downloaded from oss.sonatype.org: https://oss.sonatype.org/content/groups/public/org/apache/maven/doxia/doxia-core/1.11.1/doxia-core-1.11.1.pom (4.5 kB at 7.1 kB/s)
[INFO] Downloading from oss.sonatype.org: https://oss.sonatype.org/content/groups/public/org/apache/commons/commons-text/1.3/commons-text-1.3.pom
[INFO] Downloaded from oss.sonatype.org: https://oss.sonatype.org/content/groups/public/org/apache/commons/commons-text/1.3/commons-text-1.3.pom (14 kB at 20 kB/s)
[INFO] Downloading from oss.sonatype.org: https://oss.sonatype.org/content/groups/public/org/apache/commons/commons-parent/45/commons-parent-45.pom
[INFO] Downloaded from oss.sonatype.org: https://oss.sonatype.org/content/groups/public/org/apache/commons/commons-parent/45/commons-parent-45.pom (73 kB at 59 kB/s)
[INFO] Downloading from oss.sonatype.org: https://oss.sonatype.org/content/groups/public/org/apache/commons/commons-lang3/3.7/commons-lang3-3.7.pom
[INFO] Downloaded from oss.sonatype.org: https://oss.sonatype.org/content/groups/public/org/apache/commons/commons-lang3/3.7/commons-lang3-3.7.pom (28 kB at 43 kB/s)
[INFO] Downloading from oss.sonatype.org: https://oss.sonatype.org/content/groups/public/org/apache/httpcomponents/httpclient/4.5.13/httpclient-4.5.13.pom
[INFO] Downloaded from oss.sonatype.org: https://oss.sonatype.org/content/groups/public/org/apache/httpcomponents/httpclient/4.5.13/httpclient-4.5.13.pom (6.6 kB at 10 kB/s)
[INFO] Downloading from oss.sonatype.org: https://oss.sonatype.org/content/groups/public/org/apache/httpcomponents/httpcomponents-client/4.5.13/httpcomponents-client-4.5.13.pom
[INFO] Downloaded from oss.sonatype.org: https://oss.sonatype.org/content/groups/public/org/apache/httpcomponents/httpcomponents-client/4.5.13/httpcomponents-client-4.5.13.pom (16 kB at 26 kB/s)
[INFO] Downloading from oss.sonatype.org: https://oss.sonatype.org/content/groups/public/org/apache/httpcomponents/httpcomponents-parent/11/httpcomponents-parent-11.pom
[INFO] Downloaded from oss.sonatype.org: https://oss.sonatype.org/content/groups/public/org/apache/httpcomponents/httpcomponents-parent/11/httpcomponents-parent-11.pom (35 kB at 29 kB/s)
[INFO] Downloading from oss.sonatype.org: https://oss.sonatype.org/content/groups/public/org/apache/httpcomponents/httpcore/4.4.13/httpcore-4.4.13.pom
[INFO] Downloaded from oss.sonatype.org: https://oss.sonatype.org/content/groups/public/org/apache/httpcomponents/httpcore/4.4.13/httpcore-4.4.13.pom (5.0 kB at 7.8 kB/s)
[INFO] Downloading from oss.sonatype.org: https://oss.sonatype.org/content/groups/public/org/apache/httpcomponents/httpcomponents-core/4.4.13/httpcomponents-core-4.4.13.pom
[INFO] Downloaded from oss.sonatype.org: https://oss.sonatype.org/content/groups/public/org/apache/httpcomponents/httpcomponents-core/4.4.13/httpcomponents-core-4.4.13.pom (13 kB at 21 kB/s)
[INFO] Downloading from oss.sonatype.org: https://oss.sonatype.org/content/groups/public/commons-logging/commons-logging/1.2/commons-logging-1.2.pom
[INFO] Downloaded from oss.sonatype.org: https://oss.sonatype.org/content/groups/public/commons-logging/commons-logging/1.2/commons-logging-1.2.pom (19 kB at 18 kB/s)
[INFO] Downloading from oss.sonatype.org: https://oss.sonatype.org/content/groups/public/org/apache/commons/commons-parent/34/commons-parent-34.pom
[INFO] Downloaded from oss.sonatype.org: https://oss.sonatype.org/content/groups/public/org/apache/commons/commons-parent/34/commons-parent-34.pom (56 kB at 65 kB/s)
[INFO] Downloading from oss.sonatype.org: https://oss.sonatype.org/content/groups/public/commons-codec/commons-codec/1.11/commons-codec-1.11.pom
[INFO] Downloaded from oss.sonatype.org: https://oss.sonatype.org/content/groups/public/commons-codec/commons-codec/1.11/commons-codec-1.11.pom (14 kB at 14 kB/s)
[INFO] Downloading from oss.sonatype.org: https://oss.sonatype.org/content/groups/public/org/apache/httpcomponents/httpcore/4.4.14/httpcore-4.4.14.pom
[INFO] Downloaded from oss.sonatype.org: https://oss.sonatype.org/content/groups/public/org/apache/httpcomponents/httpcore/4.4.14/httpcore-4.4.14.pom (5.0 kB at 5.7 kB/s)
[INFO] Downloading from oss.sonatype.org: https://oss.sonatype.org/content/groups/public/org/apache/httpcomponents/httpcomponents-core/4.4.14/httpcomponents-core-4.4.14.pom
[INFO] Downloaded from oss.sonatype.org: https://oss.sonatype.org/content/groups/public/org/apache/httpcomponents/httpcomponents-core/4.4.14/httpcomponents-core-4.4.14.pom (13 kB at 19 kB/s)
[INFO] Downloading from oss.sonatype.org: https://oss.sonatype.org/content/groups/public/org/apache/maven/doxia/doxia-decoration-model/1.11.1/doxia-decoration-model-1.11.1.pom
[INFO] Downloaded from oss.sonatype.org: https://oss.sonatype.org/content/groups/public/org/apache/maven/doxia/doxia-decoration-model/1.11.1/doxia-decoration-model-1.11.1.pom (3.4 kB at 5.2 kB/s)
[INFO] Downloading from oss.sonatype.org: https://oss.sonatype.org/content/groups/public/org/apache/maven/doxia/doxia-skin-model/1.11.1/doxia-skin-model-1.11.1.pom
[INFO] Downloaded from oss.sonatype.org: https://oss.sonatype.org/content/groups/public/org/apache/maven/doxia/doxia-skin-model/1.11.1/doxia-skin-model-1.11.1.pom (3.0 kB at 3.0 kB/s)
[INFO] Downloading from oss.sonatype.org: https://oss.sonatype.org/content/groups/public/org/apache/maven/doxia/doxia-module-xhtml/1.11.1/doxia-module-xhtml-1.11.1.pom
[INFO] Downloaded from oss.sonatype.org: https://oss.sonatype.org/content/groups/public/org/apache/maven/doxia/doxia-module-xhtml/1.11.1/doxia-module-xhtml-1.11.1.pom (2.0 kB at 1.2 kB/s)
[INFO] Downloading from oss.sonatype.org: https://oss.sonatype.org/content/groups/public/org/apache/maven/doxia/doxia-modules/1.11.1/doxia-modules-1.11.1.pom
[INFO] Downloaded from oss.sonatype.org: https://oss.sonatype.org/content/groups/public/org/apache/maven/doxia/doxia-modules/1.11.1/doxia-modules-1.11.1.pom (2.7 kB at 3.6 kB/s)
[INFO] Downloading from oss.sonatype.org: https://oss.sonatype.org/content/groups/public/org/apache/maven/doxia/doxia-module-xhtml5/1.11.1/doxia-module-xhtml5-1.11.1.pom
[INFO] Downloaded from oss.sonatype.org: https://oss.sonatype.org/content/groups/public/org/apache/maven/doxia/doxia-module-xhtml5/1.11.1/doxia-module-xhtml5-1.11.1.pom (2.0 kB at 1.2 kB/s)
[INFO] Downloading from oss.sonatype.org: https://oss.sonatype.org/content/groups/public/org/codehaus/plexus/plexus-i18n/1.0-beta-10/plexus-i18n-1.0-beta-10.pom
[INFO] Downloaded from oss.sonatype.org: https://oss.sonatype.org/content/groups/public/org/codehaus/plexus/plexus-i18n/1.0-beta-10/plexus-i18n-1.0-beta-10.pom (2.1 kB at 2.0 kB/s)
[INFO] Downloading from oss.sonatype.org: https://oss.sonatype.org/content/groups/public/org/apache/velocity/velocity-tools/2.0/velocity-tools-2.0.pom
[INFO] Downloaded from oss.sonatype.org: https://oss.sonatype.org/content/groups/public/org/apache/velocity/velocity-tools/2.0/velocity-tools-2.0.pom (18 kB at 14 kB/s)
[INFO] Downloading from oss.sonatype.org: https://oss.sonatype.org/content/groups/public/commons-beanutils/commons-beanutils/1.7.0/commons-beanutils-1.7.0.pom
[INFO] Downloaded from oss.sonatype.org: https://oss.sonatype.org/content/groups/public/commons-beanutils/commons-beanutils/1.7.0/commons-beanutils-1.7.0.pom (357 B at 449 B/s)
[INFO] Downloading from oss.sonatype.org: https://oss.sonatype.org/content/groups/public/commons-logging/commons-logging/1.0.3/commons-logging-1.0.3.pom
[INFO] Downloaded from oss.sonatype.org: https://oss.sonatype.org/content/groups/public/commons-logging/commons-logging/1.0.3/commons-logging-1.0.3.pom (866 B at 512 B/s)
[INFO] Downloading from oss.sonatype.org: https://oss.sonatype.org/content/groups/public/commons-digester/commons-digester/1.8/commons-digester-1.8.pom
[INFO] Downloaded from oss.sonatype.org: https://oss.sonatype.org/content/groups/public/commons-digester/commons-digester/1.8/commons-digester-1.8.pom (7.0 kB at 5.4 kB/s)
[INFO] Downloading from oss.sonatype.org: https://oss.sonatype.org/content/groups/public/commons-logging/commons-logging/1.1/commons-logging-1.1.pom
[INFO] Downloaded from oss.sonatype.org: https://oss.sonatype.org/content/groups/public/commons-logging/commons-logging/1.1/commons-logging-1.1.pom (6.2 kB at 4.6 kB/s)
[INFO] Downloading from oss.sonatype.org: https://oss.sonatype.org/content/groups/public/logkit/logkit/1.0.1/logkit-1.0.1.pom
[INFO] Downloaded from oss.sonatype.org: https://oss.sonatype.org/content/groups/public/logkit/logkit/1.0.1/logkit-1.0.1.pom (147 B at 222 B/s)
[INFO] Downloading from oss.sonatype.org: https://oss.sonatype.org/content/groups/public/avalon-framework/avalon-framework/4.1.3/avalon-framework-4.1.3.pom
[INFO] Downloaded from oss.sonatype.org: https://oss.sonatype.org/content/groups/public/avalon-framework/avalon-framework/4.1.3/avalon-framework-4.1.3.pom (167 B at 136 B/s)
[INFO] Downloading from oss.sonatype.org: https://oss.sonatype.org/content/groups/public/commons-chain/commons-chain/1.1/commons-chain-1.1.pom
[INFO] Downloaded from oss.sonatype.org: https://oss.sonatype.org/content/groups/public/commons-chain/commons-chain/1.1/commons-chain-1.1.pom (6.0 kB at 4.7 kB/s)
[INFO] Downloading from oss.sonatype.org: https://oss.sonatype.org/content/groups/public/commons-digester/commons-digester/1.6/commons-digester-1.6.pom
[INFO] Downloaded from oss.sonatype.org: https://oss.sonatype.org/content/groups/public/commons-digester/commons-digester/1.6/commons-digester-1.6.pom (974 B at 617 B/s)
[INFO] Downloading from oss.sonatype.org: https://oss.sonatype.org/content/groups/public/commons-beanutils/commons-beanutils/1.6/commons-beanutils-1.6.pom
[INFO] Downloaded from oss.sonatype.org: https://oss.sonatype.org/content/groups/public/commons-beanutils/commons-beanutils/1.6/commons-beanutils-1.6.pom (2.3 kB at 1.2 kB/s)
[INFO] Downloading from oss.sonatype.org: https://oss.sonatype.org/content/groups/public/commons-logging/commons-logging/1.0/commons-logging-1.0.pom
[INFO] Downloaded from oss.sonatype.org: https://oss.sonatype.org/content/groups/public/commons-logging/commons-logging/1.0/commons-logging-1.0.pom (163 B at 248 B/s)
[INFO] Downloading from oss.sonatype.org: https://oss.sonatype.org/content/groups/public/commons-collections/commons-collections/2.0/commons-collections-2.0.pom
[INFO] Downloaded from oss.sonatype.org: https://oss.sonatype.org/content/groups/public/commons-collections/commons-collections/2.0/commons-collections-2.0.pom (171 B at 138 B/s)
[INFO] Downloading from oss.sonatype.org: https://oss.sonatype.org/content/groups/public/commons-collections/commons-collections/2.1/commons-collections-2.1.pom
[INFO] Downloaded from oss.sonatype.org: https://oss.sonatype.org/content/groups/public/commons-collections/commons-collections/2.1/commons-collections-2.1.pom (3.3 kB at 4.9 kB/s)
[INFO] Downloading from oss.sonatype.org: https://oss.sonatype.org/content/groups/public/xml-apis/xml-apis/1.0.b2/xml-apis-1.0.b2.pom
[INFO] Downloaded from oss.sonatype.org: https://oss.sonatype.org/content/groups/public/xml-apis/xml-apis/1.0.b2/xml-apis-1.0.b2.pom (2.2 kB at 1.7 kB/s)
[INFO] Downloading from oss.sonatype.org: https://oss.sonatype.org/content/groups/public/dom4j/dom4j/1.1/dom4j-1.1.pom
[INFO] Downloaded from oss.sonatype.org: https://oss.sonatype.org/content/groups/public/dom4j/dom4j/1.1/dom4j-1.1.pom (142 B at 164 B/s)
[INFO] Downloading from oss.sonatype.org: https://oss.sonatype.org/content/groups/public/commons-collections/commons-collections/3.2.2/commons-collections-3.2.2.pom
[INFO] Downloaded from oss.sonatype.org: https://oss.sonatype.org/content/groups/public/commons-collections/commons-collections/3.2.2/commons-collections-3.2.2.pom (12 kB at 15 kB/s)
[INFO] Downloading from oss.sonatype.org: https://oss.sonatype.org/content/groups/public/org/apache/maven/reporting/maven-reporting-impl/3.0.0/maven-reporting-impl-3.0.0.pom
[INFO] Downloaded from oss.sonatype.org: https://oss.sonatype.org/content/groups/public/org/apache/maven/reporting/maven-reporting-impl/3.0.0/maven-reporting-impl-3.0.0.pom (7.6 kB at 4.6 kB/s)
[INFO] Downloading from oss.sonatype.org: https://oss.sonatype.org/content/groups/public/org/apache/maven/shared/maven-shared-utils/3.2.0/maven-shared-utils-3.2.0.pom
[INFO] Downloaded from oss.sonatype.org: https://oss.sonatype.org/content/groups/public/org/apache/maven/shared/maven-shared-utils/3.2.0/maven-shared-utils-3.2.0.pom (4.9 kB at 5.2 kB/s)
[INFO] Downloading from oss.sonatype.org: https://oss.sonatype.org/content/groups/public/org/apache/maven/doxia/doxia-sink-api/1.7/doxia-sink-api-1.7.pom
[INFO] Downloaded from oss.sonatype.org: https://oss.sonatype.org/content/groups/public/org/apache/maven/doxia/doxia-sink-api/1.7/doxia-sink-api-1.7.pom (1.5 kB at 2.3 kB/s)
[INFO] Downloading from oss.sonatype.org: https://oss.sonatype.org/content/groups/public/org/apache/maven/doxia/doxia/1.7/doxia-1.7.pom
[INFO] Downloaded from oss.sonatype.org: https://oss.sonatype.org/content/groups/public/org/apache/maven/doxia/doxia/1.7/doxia-1.7.pom (15 kB at 15 kB/s)
[INFO] Downloading from oss.sonatype.org: https://oss.sonatype.org/content/groups/public/org/apache/maven/doxia/doxia-logging-api/1.7/doxia-logging-api-1.7.pom
[INFO] Downloaded from oss.sonatype.org: https://oss.sonatype.org/content/groups/public/org/apache/maven/doxia/doxia-logging-api/1.7/doxia-logging-api-1.7.pom (1.5 kB at 1.7 kB/s)
[INFO] Downloading from oss.sonatype.org: https://oss.sonatype.org/content/groups/public/org/apache/maven/doxia/doxia-decoration-model/1.7.4/doxia-decoration-model-1.7.4.pom
[INFO] Downloaded from oss.sonatype.org: https://oss.sonatype.org/content/groups/public/org/apache/maven/doxia/doxia-decoration-model/1.7.4/doxia-decoration-model-1.7.4.pom (3.4 kB at 4.5 kB/s)
[INFO] Downloading from oss.sonatype.org: https://oss.sonatype.org/content/groups/public/org/apache/maven/doxia/doxia-sitetools/1.7.4/doxia-sitetools-1.7.4.pom
[INFO] Downloaded from oss.sonatype.org: https://oss.sonatype.org/content/groups/public/org/apache/maven/doxia/doxia-sitetools/1.7.4/doxia-sitetools-1.7.4.pom (14 kB at 12 kB/s)
[INFO] Downloading from oss.sonatype.org: https://oss.sonatype.org/content/groups/public/org/apache/maven/doxia/doxia-core/1.7/doxia-core-1.7.pom
[INFO] Downloaded from oss.sonatype.org: https://oss.sonatype.org/content/groups/public/org/apache/maven/doxia/doxia-core/1.7/doxia-core-1.7.pom (4.1 kB at 3.9 kB/s)
[INFO] Downloading from oss.sonatype.org: https://oss.sonatype.org/content/groups/public/org/apache/httpcomponents/httpclient/4.0.2/httpclient-4.0.2.pom
[INFO] Downloaded from oss.sonatype.org: https://oss.sonatype.org/content/groups/public/org/apache/httpcomponents/httpclient/4.0.2/httpclient-4.0.2.pom (7.5 kB at 8.2 kB/s)
[INFO] Downloading from oss.sonatype.org: https://oss.sonatype.org/content/groups/public/org/apache/httpcomponents/httpcomponents-client/4.0.2/httpcomponents-client-4.0.2.pom
[INFO] Downloaded from oss.sonatype.org: https://oss.sonatype.org/content/groups/public/org/apache/httpcomponents/httpcomponents-client/4.0.2/httpcomponents-client-4.0.2.pom (9.0 kB at 12 kB/s)
[INFO] Downloading from oss.sonatype.org: https://oss.sonatype.org/content/groups/public/org/apache/httpcomponents/project/4.1/project-4.1.pom
[INFO] Downloaded from oss.sonatype.org: https://oss.sonatype.org/content/groups/public/org/apache/httpcomponents/project/4.1/project-4.1.pom (16 kB at 9.7 kB/s)
[INFO] Downloading from oss.sonatype.org: https://oss.sonatype.org/content/groups/public/org/apache/httpcomponents/httpcore/4.0.1/httpcore-4.0.1.pom
[INFO] Downloaded from oss.sonatype.org: https://oss.sonatype.org/content/groups/public/org/apache/httpcomponents/httpcore/4.0.1/httpcore-4.0.1.pom (4.9 kB at 6.6 kB/s)
[INFO] Downloading from oss.sonatype.org: https://oss.sonatype.org/content/groups/public/org/apache/httpcomponents/httpcomponents-core/4.0.1/httpcomponents-core-4.0.1.pom
[INFO] Downloaded from oss.sonatype.org: https://oss.sonatype.org/content/groups/public/org/apache/httpcomponents/httpcomponents-core/4.0.1/httpcomponents-core-4.0.1.pom (9.4 kB at 5.6 kB/s)
[INFO] Downloading from oss.sonatype.org: https://oss.sonatype.org/content/groups/public/org/apache/httpcomponents/project/4.0/project-4.0.pom
[INFO] Downloaded from oss.sonatype.org: https://oss.sonatype.org/content/groups/public/org/apache/httpcomponents/project/4.0/project-4.0.pom (13 kB at 11 kB/s)
[INFO] Downloading from oss.sonatype.org: https://oss.sonatype.org/content/groups/public/commons-logging/commons-logging/1.1.1/commons-logging-1.1.1.pom
[INFO] Downloaded from oss.sonatype.org: https://oss.sonatype.org/content/groups/public/commons-logging/commons-logging/1.1.1/commons-logging-1.1.1.pom (18 kB at 18 kB/s)
[INFO] Downloading from oss.sonatype.org: https://oss.sonatype.org/content/groups/public/org/apache/commons/commons-parent/5/commons-parent-5.pom
[INFO] Downloaded from oss.sonatype.org: https://oss.sonatype.org/content/groups/public/org/apache/commons/commons-parent/5/commons-parent-5.pom (16 kB at 20 kB/s)
[INFO] Downloading from oss.sonatype.org: https://oss.sonatype.org/content/groups/public/xmlunit/xmlunit/1.5/xmlunit-1.5.pom
[INFO] Downloaded from oss.sonatype.org: https://oss.sonatype.org/content/groups/public/xmlunit/xmlunit/1.5/xmlunit-1.5.pom (3.0 kB at 1.7 kB/s)
[INFO] Downloading from oss.sonatype.org: https://oss.sonatype.org/content/groups/public/org/apache/maven/doxia/doxia-site-renderer/1.7.4/doxia-site-renderer-1.7.4.pom
[INFO] Downloaded from oss.sonatype.org: https://oss.sonatype.org/content/groups/public/org/apache/maven/doxia/doxia-site-renderer/1.7.4/doxia-site-renderer-1.7.4.pom (6.7 kB at 9.3 kB/s)
[INFO] Downloading from oss.sonatype.org: https://oss.sonatype.org/content/groups/public/org/apache/maven/doxia/doxia-skin-model/1.7.4/doxia-skin-model-1.7.4.pom
[INFO] Downloaded from oss.sonatype.org: https://oss.sonatype.org/content/groups/public/org/apache/maven/doxia/doxia-skin-model/1.7.4/doxia-skin-model-1.7.4.pom (3.0 kB at 3.5 kB/s)
[INFO] Downloading from oss.sonatype.org: https://oss.sonatype.org/content/groups/public/org/apache/maven/doxia/doxia-module-xhtml/1.7/doxia-module-xhtml-1.7.pom
[INFO] Downloaded from oss.sonatype.org: https://oss.sonatype.org/content/groups/public/org/apache/maven/doxia/doxia-module-xhtml/1.7/doxia-module-xhtml-1.7.pom (1.6 kB at 1.5 kB/s)
[INFO] Downloading from oss.sonatype.org: https://oss.sonatype.org/content/groups/public/org/apache/maven/doxia/doxia-modules/1.7/doxia-modules-1.7.pom
[INFO] Downloaded from oss.sonatype.org: https://oss.sonatype.org/content/groups/public/org/apache/maven/doxia/doxia-modules/1.7/doxia-modules-1.7.pom (2.6 kB at 2.1 kB/s)
[INFO] Downloading from oss.sonatype.org: https://oss.sonatype.org/content/groups/public/javax/servlet/servlet-api/2.3/servlet-api-2.3.pom
[INFO] Downloaded from oss.sonatype.org: https://oss.sonatype.org/content/groups/public/javax/servlet/servlet-api/2.3/servlet-api-2.3.pom (156 B at 236 B/s)
[INFO] Downloading from oss.sonatype.org: https://oss.sonatype.org/content/groups/public/commons-validator/commons-validator/1.3.1/commons-validator-1.3.1.pom
[INFO] Downloaded from oss.sonatype.org: https://oss.sonatype.org/content/groups/public/commons-validator/commons-validator/1.3.1/commons-validator-1.3.1.pom (9.0 kB at 12 kB/s)
[INFO] Downloading from oss.sonatype.org: https://oss.sonatype.org/content/groups/public/commons-logging/commons-logging/1.0.4/commons-logging-1.0.4.pom
[INFO] Downloaded from oss.sonatype.org: https://oss.sonatype.org/content/groups/public/commons-logging/commons-logging/1.0.4/commons-logging-1.0.4.pom (5.3 kB at 4.2 kB/s)
[INFO] Downloading from oss.sonatype.org: https://oss.sonatype.org/content/groups/public/sslext/sslext/1.2-0/sslext-1.2-0.pom
[INFO] Downloaded from oss.sonatype.org: https://oss.sonatype.org/content/groups/public/sslext/sslext/1.2-0/sslext-1.2-0.pom (653 B at 532 B/s)
[INFO] Downloading from oss.sonatype.org: https://oss.sonatype.org/content/groups/public/org/apache/struts/struts-core/1.3.8/struts-core-1.3.8.pom
[INFO] Downloaded from oss.sonatype.org: https://oss.sonatype.org/content/groups/public/org/apache/struts/struts-core/1.3.8/struts-core-1.3.8.pom (4.3 kB at 6.3 kB/s)
[INFO] Downloading from oss.sonatype.org: https://oss.sonatype.org/content/groups/public/org/apache/struts/struts-parent/1.3.8/struts-parent-1.3.8.pom
[INFO] Downloaded from oss.sonatype.org: https://oss.sonatype.org/content/groups/public/org/apache/struts/struts-parent/1.3.8/struts-parent-1.3.8.pom (9.8 kB at 5.9 kB/s)
[INFO] Downloading from oss.sonatype.org: https://oss.sonatype.org/content/groups/public/org/apache/struts/struts-master/4/struts-master-4.pom
[INFO] Downloaded from oss.sonatype.org: https://oss.sonatype.org/content/groups/public/org/apache/struts/struts-master/4/struts-master-4.pom (12 kB at 13 kB/s)
[INFO] Downloading from oss.sonatype.org: https://oss.sonatype.org/content/groups/public/org/apache/apache/2/apache-2.pom
[INFO] Downloaded from oss.sonatype.org: https://oss.sonatype.org/content/groups/public/org/apache/apache/2/apache-2.pom (3.4 kB at 4.7 kB/s)
[INFO] Downloading from oss.sonatype.org: https://oss.sonatype.org/content/groups/public/antlr/antlr/2.7.2/antlr-2.7.2.pom
[INFO] Downloaded from oss.sonatype.org: https://oss.sonatype.org/content/groups/public/antlr/antlr/2.7.2/antlr-2.7.2.pom (145 B at 167 B/s)
[INFO] Downloading from oss.sonatype.org: https://oss.sonatype.org/content/groups/public/org/apache/struts/struts-taglib/1.3.8/struts-taglib-1.3.8.pom
[INFO] Downloaded from oss.sonatype.org: https://oss.sonatype.org/content/groups/public/org/apache/struts/struts-taglib/1.3.8/struts-taglib-1.3.8.pom (3.1 kB at 2.4 kB/s)
[INFO] Downloading from oss.sonatype.org: https://oss.sonatype.org/content/groups/public/org/apache/struts/struts-tiles/1.3.8/struts-tiles-1.3.8.pom
[INFO] Downloaded from oss.sonatype.org: https://oss.sonatype.org/content/groups/public/org/apache/struts/struts-tiles/1.3.8/struts-tiles-1.3.8.pom (2.9 kB at 4.3 kB/s)
[INFO] Downloading from oss.sonatype.org: https://oss.sonatype.org/content/groups/public/org/apache/maven/plugin-tools/maven-plugin-tools-api/3.6.4/maven-plugin-tools-api-3.6.4.jar
[INFO] Downloaded from oss.sonatype.org: https://oss.sonatype.org/content/groups/public/org/apache/maven/plugin-tools/maven-plugin-tools-api/3.6.4/maven-plugin-tools-api-3.6.4.jar (24 kB at 11 kB/s)
[INFO] Downloading from oss.sonatype.org: https://oss.sonatype.org/content/groups/public/org/apache/maven/maven-core/3.2.5/maven-core-3.2.5.jar
[INFO] Downloading from oss.sonatype.org: https://oss.sonatype.org/content/groups/public/org/apache/maven/maven-settings-builder/3.2.5/maven-settings-builder-3.2.5.jar
[INFO] Downloading from oss.sonatype.org: https://oss.sonatype.org/content/groups/public/org/apache/maven/maven-repository-metadata/3.2.5/maven-repository-metadata-3.2.5.jar
[INFO] Downloading from oss.sonatype.org: https://oss.sonatype.org/content/groups/public/org/apache/maven/maven-model-builder/3.2.5/maven-model-builder-3.2.5.jar
[INFO] Downloading from oss.sonatype.org: https://oss.sonatype.org/content/groups/public/org/apache/maven/maven-aether-provider/3.2.5/maven-aether-provider-3.2.5.jar
[INFO] Downloaded from oss.sonatype.org: https://oss.sonatype.org/content/groups/public/org/apache/maven/maven-settings-builder/3.2.5/maven-settings-builder-3.2.5.jar (44 kB at 24 kB/s)
[INFO] Downloading from oss.sonatype.org: https://oss.sonatype.org/content/groups/public/org/eclipse/aether/aether-spi/1.0.0.v20140518/aether-spi-1.0.0.v20140518.jar
[INFO] Downloaded from oss.sonatype.org: https://oss.sonatype.org/content/groups/public/org/apache/maven/maven-model-builder/3.2.5/maven-model-builder-3.2.5.jar (170 kB at 70 kB/s)
[INFO] Downloading from oss.sonatype.org: https://oss.sonatype.org/content/groups/public/org/eclipse/aether/aether-impl/1.0.0.v20140518/aether-impl-1.0.0.v20140518.jar
[INFO] Downloaded from oss.sonatype.org: https://oss.sonatype.org/content/groups/public/org/apache/maven/maven-repository-metadata/3.2.5/maven-repository-metadata-3.2.5.jar (26 kB at 9.4 kB/s)
[INFO] Downloading from oss.sonatype.org: https://oss.sonatype.org/content/groups/public/org/eclipse/aether/aether-api/1.0.0.v20140518/aether-api-1.0.0.v20140518.jar
[INFO] Downloaded from oss.sonatype.org: https://oss.sonatype.org/content/groups/public/org/apache/maven/maven-aether-provider/3.2.5/maven-aether-provider-3.2.5.jar (66 kB at 23 kB/s)
[INFO] Downloading from oss.sonatype.org: https://oss.sonatype.org/content/groups/public/org/eclipse/aether/aether-util/1.0.0.v20140518/aether-util-1.0.0.v20140518.jar
[INFO] Downloaded from oss.sonatype.org: https://oss.sonatype.org/content/groups/public/org/eclipse/aether/aether-spi/1.0.0.v20140518/aether-spi-1.0.0.v20140518.jar (31 kB at 8.9 kB/s)
[INFO] Downloading from oss.sonatype.org: https://oss.sonatype.org/content/groups/public/org/sonatype/sisu/sisu-guice/3.2.3/sisu-guice-3.2.3-no_aop.jar
[INFO] Downloaded from oss.sonatype.org: https://oss.sonatype.org/content/groups/public/org/eclipse/aether/aether-util/1.0.0.v20140518/aether-util-1.0.0.v20140518.jar (146 kB at 37 kB/s)
[INFO] Downloading from oss.sonatype.org: https://oss.sonatype.org/content/groups/public/com/google/guava/guava/16.0.1/guava-16.0.1.jar
[INFO] Downloaded from oss.sonatype.org: https://oss.sonatype.org/content/groups/public/org/apache/maven/maven-core/3.2.5/maven-core-3.2.5.jar (608 kB at 128 kB/s)
[INFO] Downloading from oss.sonatype.org: https://oss.sonatype.org/content/groups/public/org/apache/maven/maven-model/3.2.5/maven-model-3.2.5.jar
[INFO] Downloaded from oss.sonatype.org: https://oss.sonatype.org/content/groups/public/org/eclipse/aether/aether-api/1.0.0.v20140518/aether-api-1.0.0.v20140518.jar (136 kB at 29 kB/s)
[INFO] Downloading from oss.sonatype.org: https://oss.sonatype.org/content/groups/public/org/apache/maven/maven-artifact/3.2.5/maven-artifact-3.2.5.jar
[INFO] Downloaded from oss.sonatype.org: https://oss.sonatype.org/content/groups/public/org/sonatype/sisu/sisu-guice/3.2.3/sisu-guice-3.2.3-no_aop.jar (398 kB at 73 kB/s)
[INFO] Downloading from oss.sonatype.org: https://oss.sonatype.org/content/groups/public/org/apache/maven/maven-settings/3.2.5/maven-settings-3.2.5.jar
[INFO] Downloaded from oss.sonatype.org: https://oss.sonatype.org/content/groups/public/org/apache/maven/maven-artifact/3.2.5/maven-artifact-3.2.5.jar (55 kB at 9.4 kB/s)
[INFO] Downloading from oss.sonatype.org: https://oss.sonatype.org/content/groups/public/org/apache/maven/plugin-tools/maven-plugin-tools-generators/3.6.4/maven-plugin-tools-generators-3.6.4.jar
[INFO] Downloaded from oss.sonatype.org: https://oss.sonatype.org/content/groups/public/org/apache/maven/maven-model/3.2.5/maven-model-3.2.5.jar (161 kB at 27 kB/s)
[INFO] Downloading from oss.sonatype.org: https://oss.sonatype.org/content/groups/public/org/apache/velocity/velocity/1.7/velocity-1.7.jar
[INFO] Downloaded from oss.sonatype.org: https://oss.sonatype.org/content/groups/public/com/google/guava/guava/16.0.1/guava-16.0.1.jar (2.2 MB at 330 kB/s)
[INFO] Downloading from oss.sonatype.org: https://oss.sonatype.org/content/groups/public/commons-lang/commons-lang/2.4/commons-lang-2.4.jar
[INFO] Downloaded from oss.sonatype.org: https://oss.sonatype.org/content/groups/public/org/apache/maven/maven-settings/3.2.5/maven-settings-3.2.5.jar (43 kB at 5.7 kB/s)
[INFO] Downloading from oss.sonatype.org: https://oss.sonatype.org/content/groups/public/org/ow2/asm/asm-commons/9.2/asm-commons-9.2.jar
[INFO] Downloaded from oss.sonatype.org: https://oss.sonatype.org/content/groups/public/org/eclipse/aether/aether-impl/1.0.0.v20140518/aether-impl-1.0.0.v20140518.jar (172 kB at 22 kB/s)
[INFO] Downloading from oss.sonatype.org: https://oss.sonatype.org/content/groups/public/org/ow2/asm/asm-tree/9.2/asm-tree-9.2.jar
[INFO] Downloaded from oss.sonatype.org: https://oss.sonatype.org/content/groups/public/commons-lang/commons-lang/2.4/commons-lang-2.4.jar (262 kB at 33 kB/s)
[INFO] Downloading from oss.sonatype.org: https://oss.sonatype.org/content/groups/public/org/ow2/asm/asm-analysis/9.2/asm-analysis-9.2.jar
[INFO] Downloaded from oss.sonatype.org: https://oss.sonatype.org/content/groups/public/org/apache/maven/plugin-tools/maven-plugin-tools-generators/3.6.4/maven-plugin-tools-generators-3.6.4.jar (49 kB at 5.8 kB/s)
[INFO] Downloading from oss.sonatype.org: https://oss.sonatype.org/content/groups/public/net/sf/jtidy/jtidy/r938/jtidy-r938.jar
[INFO] Downloaded from oss.sonatype.org: https://oss.sonatype.org/content/groups/public/org/apache/velocity/velocity/1.7/velocity-1.7.jar (450 kB at 52 kB/s)
[INFO] Downloading from oss.sonatype.org: https://oss.sonatype.org/content/groups/public/org/apache/maven/plugin-tools/maven-plugin-tools-java/3.6.4/maven-plugin-tools-java-3.6.4.jar
[INFO] Downloaded from oss.sonatype.org: https://oss.sonatype.org/content/groups/public/org/ow2/asm/asm-analysis/9.2/asm-analysis-9.2.jar (34 kB at 3.7 kB/s)
[INFO] Downloading from oss.sonatype.org: https://oss.sonatype.org/content/groups/public/org/codehaus/plexus/plexus-component-annotations/2.1.1/plexus-component-annotations-2.1.1.jar
[INFO] Downloaded from oss.sonatype.org: https://oss.sonatype.org/content/groups/public/org/ow2/asm/asm-commons/9.2/asm-commons-9.2.jar (73 kB at 7.9 kB/s)
[INFO] Downloading from oss.sonatype.org: https://oss.sonatype.org/content/groups/public/org/apache/maven/plugin-tools/maven-plugin-tools-annotations/3.6.4/maven-plugin-tools-annotations-3.6.4.jar
[INFO] Downloaded from oss.sonatype.org: https://oss.sonatype.org/content/groups/public/org/ow2/asm/asm-tree/9.2/asm-tree-9.2.jar (53 kB at 5.7 kB/s)
[INFO] Downloading from oss.sonatype.org: https://oss.sonatype.org/content/groups/public/org/codehaus/plexus/plexus-archiver/3.6.0/plexus-archiver-3.6.0.jar
[INFO] Downloaded from oss.sonatype.org: https://oss.sonatype.org/content/groups/public/org/apache/maven/plugin-tools/maven-plugin-tools-java/3.6.4/maven-plugin-tools-java-3.6.4.jar (18 kB at 1.9 kB/s)
[INFO] Downloading from oss.sonatype.org: https://oss.sonatype.org/content/groups/public/org/codehaus/plexus/plexus-io/3.0.1/plexus-io-3.0.1.jar
[INFO] Downloaded from oss.sonatype.org: https://oss.sonatype.org/content/groups/public/org/apache/maven/plugin-tools/maven-plugin-tools-annotations/3.6.4/maven-plugin-tools-annotations-3.6.4.jar (43 kB at 4.3 kB/s)
[INFO] Downloading from oss.sonatype.org: https://oss.sonatype.org/content/groups/public/org/apache/commons/commons-compress/1.16.1/commons-compress-1.16.1.jar
[INFO] Downloaded from oss.sonatype.org: https://oss.sonatype.org/content/groups/public/org/codehaus/plexus/plexus-component-annotations/2.1.1/plexus-component-annotations-2.1.1.jar (4.1 kB at 394 B/s)
[INFO] Downloading from oss.sonatype.org: https://oss.sonatype.org/content/groups/public/org/objenesis/objenesis/2.6/objenesis-2.6.jar
[INFO] Downloaded from oss.sonatype.org: https://oss.sonatype.org/content/groups/public/org/codehaus/plexus/plexus-archiver/3.6.0/plexus-archiver-3.6.0.jar (191 kB at 17 kB/s)
[INFO] Downloading from oss.sonatype.org: https://oss.sonatype.org/content/groups/public/org/apache/maven/plugin-tools/maven-plugin-annotations/3.6.4/maven-plugin-annotations-3.6.4.jar
[INFO] Downloaded from oss.sonatype.org: https://oss.sonatype.org/content/groups/public/org/codehaus/plexus/plexus-io/3.0.1/plexus-io-3.0.1.jar (74 kB at 6.2 kB/s)
[INFO] Downloading from oss.sonatype.org: https://oss.sonatype.org/content/groups/public/org/apache/maven/plugin-tools/maven-plugin-tools-ant/3.6.4/maven-plugin-tools-ant-3.6.4.jar
[INFO] Downloaded from oss.sonatype.org: https://oss.sonatype.org/content/groups/public/org/objenesis/objenesis/2.6/objenesis-2.6.jar (56 kB at 4.4 kB/s)
[INFO] Downloading from oss.sonatype.org: https://oss.sonatype.org/content/groups/public/org/apache/maven/plugin-tools/maven-plugin-tools-model/3.6.4/maven-plugin-tools-model-3.6.4.jar
[INFO] Downloaded from oss.sonatype.org: https://oss.sonatype.org/content/groups/public/org/apache/maven/plugin-tools/maven-plugin-annotations/3.6.4/maven-plugin-annotations-3.6.4.jar (14 kB at 1.1 kB/s)
[INFO] Downloading from oss.sonatype.org: https://oss.sonatype.org/content/groups/public/org/apache/maven/plugin-tools/maven-plugin-tools-beanshell/3.6.4/maven-plugin-tools-beanshell-3.6.4.jar
[INFO] Downloaded from oss.sonatype.org: https://oss.sonatype.org/content/groups/public/org/apache/maven/plugin-tools/maven-plugin-tools-ant/3.6.4/maven-plugin-tools-ant-3.6.4.jar (13 kB at 1.0 kB/s)
[INFO] Downloading from oss.sonatype.org: https://oss.sonatype.org/content/groups/public/org/apache-extras/beanshell/bsh/2.0b6/bsh-2.0b6.jar
[INFO] Downloaded from oss.sonatype.org: https://oss.sonatype.org/content/groups/public/net/sf/jtidy/jtidy/r938/jtidy-r938.jar (250 kB at 19 kB/s)
[INFO] Downloading from oss.sonatype.org: https://oss.sonatype.org/content/groups/public/org/apache/maven/doxia/doxia-sink-api/1.11.1/doxia-sink-api-1.11.1.jar
[INFO] Downloaded from oss.sonatype.org: https://oss.sonatype.org/content/groups/public/org/apache/commons/commons-compress/1.16.1/commons-compress-1.16.1.jar (560 kB at 42 kB/s)
[INFO] Downloading from oss.sonatype.org: https://oss.sonatype.org/content/groups/public/org/apache/maven/doxia/doxia-logging-api/1.11.1/doxia-logging-api-1.11.1.jar
[INFO] Downloaded from oss.sonatype.org: https://oss.sonatype.org/content/groups/public/org/apache/maven/plugin-tools/maven-plugin-tools-beanshell/3.6.4/maven-plugin-tools-beanshell-3.6.4.jar (14 kB at 1.0 kB/s)
[INFO] Downloading from oss.sonatype.org: https://oss.sonatype.org/content/groups/public/org/apache/maven/doxia/doxia-site-renderer/1.11.1/doxia-site-renderer-1.11.1.jar
[INFO] Downloaded from oss.sonatype.org: https://oss.sonatype.org/content/groups/public/org/apache/maven/doxia/doxia-logging-api/1.11.1/doxia-logging-api-1.11.1.jar (12 kB at 832 B/s)
[INFO] Downloading from oss.sonatype.org: https://oss.sonatype.org/content/groups/public/org/apache/maven/doxia/doxia-core/1.11.1/doxia-core-1.11.1.jar
[INFO] Downloaded from oss.sonatype.org: https://oss.sonatype.org/content/groups/public/org/apache/maven/plugin-tools/maven-plugin-tools-model/3.6.4/maven-plugin-tools-model-3.6.4.jar (30 kB at 2.1 kB/s)
[INFO] Downloading from oss.sonatype.org: https://oss.sonatype.org/content/groups/public/org/apache/commons/commons-text/1.3/commons-text-1.3.jar
[INFO] Downloaded from oss.sonatype.org: https://oss.sonatype.org/content/groups/public/org/apache/maven/doxia/doxia-sink-api/1.11.1/doxia-sink-api-1.11.1.jar (12 kB at 815 B/s)
[INFO] Downloading from oss.sonatype.org: https://oss.sonatype.org/content/groups/public/org/apache/httpcomponents/httpclient/4.5.13/httpclient-4.5.13.jar
[INFO] Downloaded from oss.sonatype.org: https://oss.sonatype.org/content/groups/public/org/apache/maven/doxia/doxia-site-renderer/1.11.1/doxia-site-renderer-1.11.1.jar (65 kB at 4.3 kB/s)
[INFO] Downloading from oss.sonatype.org: https://oss.sonatype.org/content/groups/public/commons-codec/commons-codec/1.11/commons-codec-1.11.jar
[INFO] Downloaded from oss.sonatype.org: https://oss.sonatype.org/content/groups/public/org/apache/commons/commons-text/1.3/commons-text-1.3.jar (183 kB at 12 kB/s)
[INFO] Downloading from oss.sonatype.org: https://oss.sonatype.org/content/groups/public/org/apache/httpcomponents/httpcore/4.4.14/httpcore-4.4.14.jar
[INFO] Downloaded from oss.sonatype.org: https://oss.sonatype.org/content/groups/public/org/apache/maven/doxia/doxia-core/1.11.1/doxia-core-1.11.1.jar (218 kB at 13 kB/s)
[INFO] Downloading from oss.sonatype.org: https://oss.sonatype.org/content/groups/public/org/apache/maven/doxia/doxia-decoration-model/1.11.1/doxia-decoration-model-1.11.1.jar
[INFO] Downloaded from oss.sonatype.org: https://oss.sonatype.org/content/groups/public/org/apache/httpcomponents/httpcore/4.4.14/httpcore-4.4.14.jar (328 kB at 18 kB/s)
[INFO] Downloading from oss.sonatype.org: https://oss.sonatype.org/content/groups/public/org/apache/maven/doxia/doxia-skin-model/1.11.1/doxia-skin-model-1.11.1.jar
[INFO] Downloaded from oss.sonatype.org: https://oss.sonatype.org/content/groups/public/org/apache-extras/beanshell/bsh/2.0b6/bsh-2.0b6.jar (389 kB at 21 kB/s)
[INFO] Downloading from oss.sonatype.org: https://oss.sonatype.org/content/groups/public/org/apache/maven/doxia/doxia-module-xhtml/1.11.1/doxia-module-xhtml-1.11.1.jar
[INFO] Downloaded from oss.sonatype.org: https://oss.sonatype.org/content/groups/public/org/apache/maven/doxia/doxia-decoration-model/1.11.1/doxia-decoration-model-1.11.1.jar (60 kB at 3.3 kB/s)
[INFO] Downloading from oss.sonatype.org: https://oss.sonatype.org/content/groups/public/org/apache/maven/doxia/doxia-module-xhtml5/1.11.1/doxia-module-xhtml5-1.11.1.jar
[INFO] Downloaded from oss.sonatype.org: https://oss.sonatype.org/content/groups/public/commons-codec/commons-codec/1.11/commons-codec-1.11.jar (335 kB at 18 kB/s)
[INFO] Downloading from oss.sonatype.org: https://oss.sonatype.org/content/groups/public/org/codehaus/plexus/plexus-i18n/1.0-beta-10/plexus-i18n-1.0-beta-10.jar
[INFO] Downloaded from oss.sonatype.org: https://oss.sonatype.org/content/groups/public/org/apache/maven/doxia/doxia-skin-model/1.11.1/doxia-skin-model-1.11.1.jar (16 kB at 858 B/s)
[INFO] Downloading from oss.sonatype.org: https://oss.sonatype.org/content/groups/public/org/apache/velocity/velocity-tools/2.0/velocity-tools-2.0.jar
[INFO] Downloaded from oss.sonatype.org: https://oss.sonatype.org/content/groups/public/org/apache/maven/doxia/doxia-module-xhtml/1.11.1/doxia-module-xhtml-1.11.1.jar (17 kB at 901 B/s)
[INFO] Downloading from oss.sonatype.org: https://oss.sonatype.org/content/groups/public/commons-beanutils/commons-beanutils/1.7.0/commons-beanutils-1.7.0.jar
[INFO] Downloaded from oss.sonatype.org: https://oss.sonatype.org/content/groups/public/org/codehaus/plexus/plexus-i18n/1.0-beta-10/plexus-i18n-1.0-beta-10.jar (12 kB at 602 B/s)
[INFO] Downloading from oss.sonatype.org: https://oss.sonatype.org/content/groups/public/commons-digester/commons-digester/1.8/commons-digester-1.8.jar
[INFO] Downloaded from oss.sonatype.org: https://oss.sonatype.org/content/groups/public/org/apache/maven/doxia/doxia-module-xhtml5/1.11.1/doxia-module-xhtml5-1.11.1.jar (18 kB at 893 B/s)
[INFO] Downloading from oss.sonatype.org: https://oss.sonatype.org/content/groups/public/commons-chain/commons-chain/1.1/commons-chain-1.1.jar
[INFO] Downloaded from oss.sonatype.org: https://oss.sonatype.org/content/groups/public/commons-digester/commons-digester/1.8/commons-digester-1.8.jar (144 kB at 6.7 kB/s)
[INFO] Downloading from oss.sonatype.org: https://oss.sonatype.org/content/groups/public/commons-logging/commons-logging/1.1/commons-logging-1.1.jar
[INFO] Downloaded from oss.sonatype.org: https://oss.sonatype.org/content/groups/public/commons-chain/commons-chain/1.1/commons-chain-1.1.jar (90 kB at 4.1 kB/s)
[INFO] Downloading from oss.sonatype.org: https://oss.sonatype.org/content/groups/public/dom4j/dom4j/1.1/dom4j-1.1.jar
[INFO] Downloaded from oss.sonatype.org: https://oss.sonatype.org/content/groups/public/org/apache/httpcomponents/httpclient/4.5.13/httpclient-4.5.13.jar (780 kB at 36 kB/s)
[INFO] Downloading from oss.sonatype.org: https://oss.sonatype.org/content/groups/public/commons-collections/commons-collections/3.2.2/commons-collections-3.2.2.jar
[INFO] Downloaded from oss.sonatype.org: https://oss.sonatype.org/content/groups/public/commons-beanutils/commons-beanutils/1.7.0/commons-beanutils-1.7.0.jar (189 kB at 8.6 kB/s)
[INFO] Downloading from oss.sonatype.org: https://oss.sonatype.org/content/groups/public/org/apache/maven/maven-plugin-api/3.2.5/maven-plugin-api-3.2.5.jar
[INFO] Downloaded from oss.sonatype.org: https://oss.sonatype.org/content/groups/public/org/apache/velocity/velocity-tools/2.0/velocity-tools-2.0.jar (347 kB at 16 kB/s)
[INFO] Downloading from oss.sonatype.org: https://oss.sonatype.org/content/groups/public/org/eclipse/sisu/org.eclipse.sisu.plexus/0.3.5/org.eclipse.sisu.plexus-0.3.5.jar
[INFO] Downloaded from oss.sonatype.org: https://oss.sonatype.org/content/groups/public/org/apache/maven/maven-plugin-api/3.2.5/maven-plugin-api-3.2.5.jar (46 kB at 2.0 kB/s)
[INFO] Downloading from oss.sonatype.org: https://oss.sonatype.org/content/groups/public/org/apache/maven/reporting/maven-reporting-impl/3.0.0/maven-reporting-impl-3.0.0.jar
[INFO] Downloaded from oss.sonatype.org: https://oss.sonatype.org/content/groups/public/commons-logging/commons-logging/1.1/commons-logging-1.1.jar (53 kB at 2.3 kB/s)
[INFO] Downloading from oss.sonatype.org: https://oss.sonatype.org/content/groups/public/org/apache/maven/shared/maven-shared-utils/3.2.0/maven-shared-utils-3.2.0.jar
[INFO] Downloaded from oss.sonatype.org: https://oss.sonatype.org/content/groups/public/org/apache/maven/reporting/maven-reporting-impl/3.0.0/maven-reporting-impl-3.0.0.jar (18 kB at 762 B/s)
[INFO] Downloading from oss.sonatype.org: https://oss.sonatype.org/content/groups/public/org/codehaus/plexus/plexus-velocity/1.2/plexus-velocity-1.2.jar
[INFO] Downloaded from oss.sonatype.org: https://oss.sonatype.org/content/groups/public/org/eclipse/sisu/org.eclipse.sisu.plexus/0.3.5/org.eclipse.sisu.plexus-0.3.5.jar (205 kB at 8.5 kB/s)
[INFO] Downloaded from oss.sonatype.org: https://oss.sonatype.org/content/groups/public/commons-collections/commons-collections/3.2.2/commons-collections-3.2.2.jar (588 kB at 24 kB/s)
[INFO] Downloaded from oss.sonatype.org: https://oss.sonatype.org/content/groups/public/org/apache/maven/shared/maven-shared-utils/3.2.0/maven-shared-utils-3.2.0.jar (165 kB at 6.6 kB/s)
[INFO] Downloaded from oss.sonatype.org: https://oss.sonatype.org/content/groups/public/dom4j/dom4j/1.1/dom4j-1.1.jar (457 kB at 18 kB/s)
[INFO] Downloaded from oss.sonatype.org: https://oss.sonatype.org/content/groups/public/org/codehaus/plexus/plexus-velocity/1.2/plexus-velocity-1.2.jar (8.1 kB at 320 B/s)
[ERROR] 

Some dependencies of Maven Plugins are expected to be in provided scope.
Please make sure that dependencies listed below declared in POM
have set '<scope>provided</scope>' as well.

The following dependencies are in wrong scope:
 * org.apache.maven:maven-plugin-api:jar:3.9.2:compile
 * org.apache.maven:maven-model:jar:3.9.2:compile
 * org.apache.maven:maven-core:jar:3.9.2:compile
 * org.apache.maven:maven-settings:jar:3.9.2:compile
 * org.apache.maven:maven-settings-builder:jar:3.9.2:compile
 * org.apache.maven:maven-builder-support:jar:3.9.2:compile
 * org.apache.maven:maven-repository-metadata:jar:3.9.2:compile
 * org.apache.maven:maven-model-builder:jar:3.9.2:compile
 * org.apache.maven:maven-resolver-provider:jar:3.9.2:compile
 * org.apache.maven:maven-artifact:jar:3.9.0:compile



[INFO] Using 'UTF-8' encoding to read mojo source files.
[INFO] java-javadoc mojo extractor found 0 mojo descriptor.
[INFO] ant mojo extractor found 0 mojo descriptor.
[INFO] bsh mojo extractor found 0 mojo descriptor.
[INFO] java-annotations mojo extractor found 2 mojo descriptors.
[INFO] 
[INFO] --- plugin:3.6.4:descriptor (mojo-descriptor) @ jcabi-maven-plugin ---
[ERROR] 

Some dependencies of Maven Plugins are expected to be in provided scope.
Please make sure that dependencies listed below declared in POM
have set '<scope>provided</scope>' as well.

The following dependencies are in wrong scope:
 * org.apache.maven:maven-plugin-api:jar:3.9.2:compile
 * org.apache.maven:maven-model:jar:3.9.2:compile
 * org.apache.maven:maven-core:jar:3.9.2:compile
 * org.apache.maven:maven-settings:jar:3.9.2:compile
 * org.apache.maven:maven-settings-builder:jar:3.9.2:compile
 * org.apache.maven:maven-builder-support:jar:3.9.2:compile
 * org.apache.maven:maven-repository-metadata:jar:3.9.2:compile
 * org.apache.maven:maven-model-builder:jar:3.9.2:compile
 * org.apache.maven:maven-resolver-provider:jar:3.9.2:compile
 * org.apache.maven:maven-artifact:jar:3.9.0:compile



[INFO] Using 'UTF-8' encoding to read mojo source files.
[INFO] java-javadoc mojo extractor found 0 mojo descriptor.
[INFO] ant mojo extractor found 0 mojo descriptor.
[INFO] bsh mojo extractor found 0 mojo descriptor.
[INFO] java-annotations mojo extractor found 2 mojo descriptors.
[INFO] 
[INFO] --- resources:3.2.0:testResources (default-testResources) @ jcabi-maven-plugin ---
[INFO] Using 'UTF-8' encoding to copy filtered resources.
[INFO] Using 'UTF-8' encoding to copy filtered properties files.
[INFO] Copying 4 resources
[INFO] The encoding used to copy filtered properties files have not been set. This means that the same encoding will be used to copy filtered properties files as when copying other filtered resources. This might not be what you want! Run your build with --debug to see which files might be affected. Read more at https://maven.apache.org/plugins/maven-resources-plugin/examples/filtering-properties-files.html
[INFO] 
[INFO] --- compiler:3.10.1:testCompile (default-testCompile) @ jcabi-maven-plugin ---
[INFO] Changes detected - recompiling the module!
[INFO] Compiling 4 source files to /jcabi-maven-plugin/target/test-classes
[INFO] 
[INFO] --- surefire:3.0.0-M7:test (default-test) @ jcabi-maven-plugin ---
[INFO] Downloading from oss.sonatype.org: https://oss.sonatype.org/content/groups/public/org/apache/maven/surefire/maven-surefire-common/3.0.0-M7/maven-surefire-common-3.0.0-M7.pom
[INFO] Downloaded from oss.sonatype.org: https://oss.sonatype.org/content/groups/public/org/apache/maven/surefire/maven-surefire-common/3.0.0-M7/maven-surefire-common-3.0.0-M7.pom (6.5 kB at 7.4 kB/s)
[INFO] Downloading from oss.sonatype.org: https://oss.sonatype.org/content/groups/public/org/apache/maven/surefire/surefire-api/3.0.0-M7/surefire-api-3.0.0-M7.pom
[INFO] Downloaded from oss.sonatype.org: https://oss.sonatype.org/content/groups/public/org/apache/maven/surefire/surefire-api/3.0.0-M7/surefire-api-3.0.0-M7.pom (3.4 kB at 5.3 kB/s)
[INFO] Downloading from oss.sonatype.org: https://oss.sonatype.org/content/groups/public/org/apache/maven/surefire/surefire-logger-api/3.0.0-M7/surefire-logger-api-3.0.0-M7.pom
[INFO] Downloaded from oss.sonatype.org: https://oss.sonatype.org/content/groups/public/org/apache/maven/surefire/surefire-logger-api/3.0.0-M7/surefire-logger-api-3.0.0-M7.pom (3.6 kB at 3.0 kB/s)
[INFO] Downloading from oss.sonatype.org: https://oss.sonatype.org/content/groups/public/org/apache/maven/surefire/surefire-shared-utils/3.0.0-M7/surefire-shared-utils-3.0.0-M7.pom
[INFO] Downloaded from oss.sonatype.org: https://oss.sonatype.org/content/groups/public/org/apache/maven/surefire/surefire-shared-utils/3.0.0-M7/surefire-shared-utils-3.0.0-M7.pom (3.9 kB at 4.5 kB/s)
[INFO] Downloading from oss.sonatype.org: https://oss.sonatype.org/content/groups/public/org/apache/maven/surefire/surefire-extensions-api/3.0.0-M7/surefire-extensions-api-3.0.0-M7.pom
[INFO] Downloaded from oss.sonatype.org: https://oss.sonatype.org/content/groups/public/org/apache/maven/surefire/surefire-extensions-api/3.0.0-M7/surefire-extensions-api-3.0.0-M7.pom (3.6 kB at 5.7 kB/s)
[INFO] Downloading from oss.sonatype.org: https://oss.sonatype.org/content/groups/public/org/apache/maven/surefire/surefire-booter/3.0.0-M7/surefire-booter-3.0.0-M7.pom
[INFO] Downloaded from oss.sonatype.org: https://oss.sonatype.org/content/groups/public/org/apache/maven/surefire/surefire-booter/3.0.0-M7/surefire-booter-3.0.0-M7.pom (4.4 kB at 2.4 kB/s)
[INFO] Downloading from oss.sonatype.org: https://oss.sonatype.org/content/groups/public/org/apache/maven/surefire/surefire-extensions-spi/3.0.0-M7/surefire-extensions-spi-3.0.0-M7.pom
[INFO] Downloaded from oss.sonatype.org: https://oss.sonatype.org/content/groups/public/org/apache/maven/surefire/surefire-extensions-spi/3.0.0-M7/surefire-extensions-spi-3.0.0-M7.pom (1.8 kB at 1.3 kB/s)
[INFO] Downloading from oss.sonatype.org: https://oss.sonatype.org/content/groups/public/org/apache/maven/shared/maven-common-artifact-filters/3.1.1/maven-common-artifact-filters-3.1.1.pom
[INFO] Downloaded from oss.sonatype.org: https://oss.sonatype.org/content/groups/public/org/apache/maven/shared/maven-common-artifact-filters/3.1.1/maven-common-artifact-filters-3.1.1.pom (5.8 kB at 3.1 kB/s)
[INFO] Downloading from oss.sonatype.org: https://oss.sonatype.org/content/groups/public/org/apache/maven/surefire/maven-surefire-common/3.0.0-M7/maven-surefire-common-3.0.0-M7.jar
[INFO] Downloaded from oss.sonatype.org: https://oss.sonatype.org/content/groups/public/org/apache/maven/surefire/maven-surefire-common/3.0.0-M7/maven-surefire-common-3.0.0-M7.jar (305 kB at 25 kB/s)
[INFO] Downloading from oss.sonatype.org: https://oss.sonatype.org/content/groups/public/org/apache/maven/surefire/surefire-api/3.0.0-M7/surefire-api-3.0.0-M7.jar
[INFO] Downloading from oss.sonatype.org: https://oss.sonatype.org/content/groups/public/org/apache/maven/surefire/surefire-logger-api/3.0.0-M7/surefire-logger-api-3.0.0-M7.jar
[INFO] Downloading from oss.sonatype.org: https://oss.sonatype.org/content/groups/public/org/apache/maven/surefire/surefire-extensions-api/3.0.0-M7/surefire-extensions-api-3.0.0-M7.jar
[INFO] Downloading from oss.sonatype.org: https://oss.sonatype.org/content/groups/public/org/apache/maven/surefire/surefire-booter/3.0.0-M7/surefire-booter-3.0.0-M7.jar
[INFO] Downloading from oss.sonatype.org: https://oss.sonatype.org/content/groups/public/org/apache/maven/surefire/surefire-extensions-spi/3.0.0-M7/surefire-extensions-spi-3.0.0-M7.jar
[INFO] Downloaded from oss.sonatype.org: https://oss.sonatype.org/content/groups/public/org/apache/maven/surefire/surefire-logger-api/3.0.0-M7/surefire-logger-api-3.0.0-M7.jar (14 kB at 15 kB/s)
[INFO] Downloading from oss.sonatype.org: https://oss.sonatype.org/content/groups/public/org/apache/maven/shared/maven-common-artifact-filters/3.1.1/maven-common-artifact-filters-3.1.1.jar
[INFO] Downloaded from oss.sonatype.org: https://oss.sonatype.org/content/groups/public/org/apache/maven/surefire/surefire-booter/3.0.0-M7/surefire-booter-3.0.0-M7.jar (117 kB at 89 kB/s)
[INFO] Downloading from oss.sonatype.org: https://oss.sonatype.org/content/groups/public/commons-io/commons-io/2.11.0/commons-io-2.11.0.jar
[INFO] Downloaded from oss.sonatype.org: https://oss.sonatype.org/content/groups/public/org/apache/maven/surefire/surefire-extensions-spi/3.0.0-M7/surefire-extensions-spi-3.0.0-M7.jar (8.1 kB at 5.7 kB/s)
[INFO] Downloading from oss.sonatype.org: https://oss.sonatype.org/content/groups/public/org/apache/maven/surefire/surefire-shared-utils/3.0.0-M7/surefire-shared-utils-3.0.0-M7.jar
[INFO] Downloaded from oss.sonatype.org: https://oss.sonatype.org/content/groups/public/org/apache/maven/surefire/surefire-extensions-api/3.0.0-M7/surefire-extensions-api-3.0.0-M7.jar (25 kB at 17 kB/s)
[INFO] Downloaded from oss.sonatype.org: https://oss.sonatype.org/content/groups/public/org/apache/maven/surefire/surefire-api/3.0.0-M7/surefire-api-3.0.0-M7.jar (169 kB at 107 kB/s)
[INFO] Downloaded from oss.sonatype.org: https://oss.sonatype.org/content/groups/public/org/apache/maven/shared/maven-common-artifact-filters/3.1.1/maven-common-artifact-filters-3.1.1.jar (61 kB at 26 kB/s)
[INFO] Downloaded from oss.sonatype.org: https://oss.sonatype.org/content/groups/public/commons-io/commons-io/2.11.0/commons-io-2.11.0.jar (327 kB at 87 kB/s)
[INFO] Downloaded from oss.sonatype.org: https://oss.sonatype.org/content/groups/public/org/apache/maven/surefire/surefire-shared-utils/3.0.0-M7/surefire-shared-utils-3.0.0-M7.jar (2.1 MB at 174 kB/s)
[INFO] Tests will run in random order. To reproduce ordering use flag -Dsurefire.runOrder.random.seed=936448200561908
[INFO] Using auto detected provider org.apache.maven.surefire.junitplatform.JUnitPlatformProvider
[INFO] Downloading from oss.sonatype.org: https://oss.sonatype.org/content/groups/public/org/apache/maven/surefire/surefire-junit-platform/3.0.0-M7/surefire-junit-platform-3.0.0-M7.jar
[INFO] Downloaded from oss.sonatype.org: https://oss.sonatype.org/content/groups/public/org/apache/maven/surefire/surefire-junit-platform/3.0.0-M7/surefire-junit-platform-3.0.0-M7.jar (26 kB at 14 kB/s)
[INFO] Downloading from oss.sonatype.org: https://oss.sonatype.org/content/groups/public/org/apache/maven/surefire/surefire-junit-platform/3.0.0-M7/surefire-junit-platform-3.0.0-M7.pom
[INFO] Downloaded from oss.sonatype.org: https://oss.sonatype.org/content/groups/public/org/apache/maven/surefire/surefire-junit-platform/3.0.0-M7/surefire-junit-platform-3.0.0-M7.pom (5.3 kB at 8.4 kB/s)
[INFO] Downloading from oss.sonatype.org: https://oss.sonatype.org/content/groups/public/org/apache/maven/surefire/surefire-providers/3.0.0-M7/surefire-providers-3.0.0-M7.pom
[INFO] Downloaded from oss.sonatype.org: https://oss.sonatype.org/content/groups/public/org/apache/maven/surefire/surefire-providers/3.0.0-M7/surefire-providers-3.0.0-M7.pom (2.5 kB at 2.5 kB/s)
[INFO] Downloading from oss.sonatype.org: https://oss.sonatype.org/content/groups/public/org/apache/maven/surefire/common-java5/3.0.0-M7/common-java5-3.0.0-M7.pom
[INFO] Downloaded from oss.sonatype.org: https://oss.sonatype.org/content/groups/public/org/apache/maven/surefire/common-java5/3.0.0-M7/common-java5-3.0.0-M7.pom (2.7 kB at 4.2 kB/s)
[INFO] Downloading from oss.sonatype.org: https://oss.sonatype.org/content/groups/public/org/junit/platform/junit-platform-launcher/1.3.2/junit-platform-launcher-1.3.2.pom
[INFO] Downloaded from oss.sonatype.org: https://oss.sonatype.org/content/groups/public/org/junit/platform/junit-platform-launcher/1.3.2/junit-platform-launcher-1.3.2.pom (2.2 kB at 2.6 kB/s)
[INFO] Downloading from oss.sonatype.org: https://oss.sonatype.org/content/groups/public/org/apiguardian/apiguardian-api/1.0.0/apiguardian-api-1.0.0.pom
[INFO] Downloaded from oss.sonatype.org: https://oss.sonatype.org/content/groups/public/org/apiguardian/apiguardian-api/1.0.0/apiguardian-api-1.0.0.pom (1.2 kB at 1.8 kB/s)
[INFO] Downloading from oss.sonatype.org: https://oss.sonatype.org/content/groups/public/org/junit/platform/junit-platform-engine/1.3.2/junit-platform-engine-1.3.2.pom
[INFO] Downloaded from oss.sonatype.org: https://oss.sonatype.org/content/groups/public/org/junit/platform/junit-platform-engine/1.3.2/junit-platform-engine-1.3.2.pom (2.4 kB at 3.7 kB/s)
[INFO] Downloading from oss.sonatype.org: https://oss.sonatype.org/content/groups/public/org/junit/platform/junit-platform-commons/1.3.2/junit-platform-commons-1.3.2.pom
[INFO] Downloaded from oss.sonatype.org: https://oss.sonatype.org/content/groups/public/org/junit/platform/junit-platform-commons/1.3.2/junit-platform-commons-1.3.2.pom (2.0 kB at 2.3 kB/s)
[INFO] Downloading from oss.sonatype.org: https://oss.sonatype.org/content/groups/public/org/opentest4j/opentest4j/1.1.1/opentest4j-1.1.1.pom
[INFO] Downloaded from oss.sonatype.org: https://oss.sonatype.org/content/groups/public/org/opentest4j/opentest4j/1.1.1/opentest4j-1.1.1.pom (1.7 kB at 1.7 kB/s)
[INFO] Downloading from oss.sonatype.org: https://oss.sonatype.org/content/groups/public/org/junit/jupiter/junit-jupiter-engine/5.3.2/junit-jupiter-engine-5.3.2.pom
[INFO] Downloaded from oss.sonatype.org: https://oss.sonatype.org/content/groups/public/org/junit/jupiter/junit-jupiter-engine/5.3.2/junit-jupiter-engine-5.3.2.pom (2.4 kB at 3.7 kB/s)
[INFO] Downloading from oss.sonatype.org: https://oss.sonatype.org/content/groups/public/org/junit/jupiter/junit-jupiter-api/5.3.2/junit-jupiter-api-5.3.2.pom
[INFO] Downloaded from oss.sonatype.org: https://oss.sonatype.org/content/groups/public/org/junit/jupiter/junit-jupiter-api/5.3.2/junit-jupiter-api-5.3.2.pom (2.4 kB at 3.7 kB/s)
[INFO] Downloading from oss.sonatype.org: https://oss.sonatype.org/content/groups/public/org/junit/jupiter/junit-jupiter-params/5.3.2/junit-jupiter-params-5.3.2.pom
[INFO] Downloaded from oss.sonatype.org: https://oss.sonatype.org/content/groups/public/org/junit/jupiter/junit-jupiter-params/5.3.2/junit-jupiter-params-5.3.2.pom (2.2 kB at 2.1 kB/s)
[INFO] Downloading from oss.sonatype.org: https://oss.sonatype.org/content/groups/public/org/mockito/mockito-core/2.28.2/mockito-core-2.28.2.pom
[INFO] Downloaded from oss.sonatype.org: https://oss.sonatype.org/content/groups/public/org/mockito/mockito-core/2.28.2/mockito-core-2.28.2.pom (20 kB at 28 kB/s)
[INFO] Downloading from oss.sonatype.org: https://oss.sonatype.org/content/groups/public/net/bytebuddy/byte-buddy/1.9.10/byte-buddy-1.9.10.pom
[INFO] Downloaded from oss.sonatype.org: https://oss.sonatype.org/content/groups/public/net/bytebuddy/byte-buddy/1.9.10/byte-buddy-1.9.10.pom (10 kB at 10.0 kB/s)
[INFO] Downloading from oss.sonatype.org: https://oss.sonatype.org/content/groups/public/net/bytebuddy/byte-buddy-parent/1.9.10/byte-buddy-parent-1.9.10.pom
[INFO] Downloaded from oss.sonatype.org: https://oss.sonatype.org/content/groups/public/net/bytebuddy/byte-buddy-parent/1.9.10/byte-buddy-parent-1.9.10.pom (36 kB at 54 kB/s)
[INFO] Downloading from oss.sonatype.org: https://oss.sonatype.org/content/groups/public/net/bytebuddy/byte-buddy-agent/1.9.10/byte-buddy-agent-1.9.10.pom
[INFO] Downloaded from oss.sonatype.org: https://oss.sonatype.org/content/groups/public/net/bytebuddy/byte-buddy-agent/1.9.10/byte-buddy-agent-1.9.10.pom (6.0 kB at 3.4 kB/s)
[INFO] Downloading from oss.sonatype.org: https://oss.sonatype.org/content/groups/public/org/powermock/powermock-reflect/2.0.9/powermock-reflect-2.0.9.pom
[INFO] Downloaded from oss.sonatype.org: https://oss.sonatype.org/content/groups/public/org/powermock/powermock-reflect/2.0.9/powermock-reflect-2.0.9.pom (7.9 kB at 12 kB/s)
[INFO] Downloading from oss.sonatype.org: https://oss.sonatype.org/content/groups/public/net/bytebuddy/byte-buddy/1.10.14/byte-buddy-1.10.14.pom
[INFO] Downloaded from oss.sonatype.org: https://oss.sonatype.org/content/groups/public/net/bytebuddy/byte-buddy/1.10.14/byte-buddy-1.10.14.pom (11 kB at 17 kB/s)
[INFO] Downloading from oss.sonatype.org: https://oss.sonatype.org/content/groups/public/net/bytebuddy/byte-buddy-parent/1.10.14/byte-buddy-parent-1.10.14.pom
[INFO] Downloaded from oss.sonatype.org: https://oss.sonatype.org/content/groups/public/net/bytebuddy/byte-buddy-parent/1.10.14/byte-buddy-parent-1.10.14.pom (41 kB at 23 kB/s)
[INFO] Downloading from oss.sonatype.org: https://oss.sonatype.org/content/groups/public/net/bytebuddy/byte-buddy-agent/1.10.14/byte-buddy-agent-1.10.14.pom
[INFO] Downloaded from oss.sonatype.org: https://oss.sonatype.org/content/groups/public/net/bytebuddy/byte-buddy-agent/1.10.14/byte-buddy-agent-1.10.14.pom (9.6 kB at 7.5 kB/s)
[INFO] Downloading from oss.sonatype.org: https://oss.sonatype.org/content/groups/public/org/hamcrest/hamcrest-library/1.3/hamcrest-library-1.3.pom
[INFO] Downloaded from oss.sonatype.org: https://oss.sonatype.org/content/groups/public/org/hamcrest/hamcrest-library/1.3/hamcrest-library-1.3.pom (820 B at 1.2 kB/s)
[INFO] Downloading from oss.sonatype.org: https://oss.sonatype.org/content/groups/public/org/assertj/assertj-core/3.22.0/assertj-core-3.22.0.pom
[INFO] Downloaded from oss.sonatype.org: https://oss.sonatype.org/content/groups/public/org/assertj/assertj-core/3.22.0/assertj-core-3.22.0.pom (31 kB at 31 kB/s)
[INFO] Downloading from oss.sonatype.org: https://oss.sonatype.org/content/groups/public/org/assertj/assertj-parent-pom/2.2.14/assertj-parent-pom-2.2.14.pom
[INFO] Downloaded from oss.sonatype.org: https://oss.sonatype.org/content/groups/public/org/assertj/assertj-parent-pom/2.2.14/assertj-parent-pom-2.2.14.pom (25 kB at 13 kB/s)
[INFO] Downloading from oss.sonatype.org: https://oss.sonatype.org/content/groups/public/org/junit/junit-bom/5.8.0/junit-bom-5.8.0.pom
[INFO] Downloaded from oss.sonatype.org: https://oss.sonatype.org/content/groups/public/org/junit/junit-bom/5.8.0/junit-bom-5.8.0.pom (5.6 kB at 5.2 kB/s)
[INFO] Downloading from oss.sonatype.org: https://oss.sonatype.org/content/groups/public/org/apache/maven/surefire/common-java5/3.0.0-M7/common-java5-3.0.0-M7.jar
[INFO] Downloading from oss.sonatype.org: https://oss.sonatype.org/content/groups/public/org/apiguardian/apiguardian-api/1.0.0/apiguardian-api-1.0.0.jar
[INFO] Downloading from oss.sonatype.org: https://oss.sonatype.org/content/groups/public/org/junit/platform/junit-platform-commons/1.3.2/junit-platform-commons-1.3.2.jar
[INFO] Downloading from oss.sonatype.org: https://oss.sonatype.org/content/groups/public/org/junit/platform/junit-platform-engine/1.3.2/junit-platform-engine-1.3.2.jar
[INFO] Downloading from oss.sonatype.org: https://oss.sonatype.org/content/groups/public/org/junit/platform/junit-platform-launcher/1.3.2/junit-platform-launcher-1.3.2.jar
[INFO] Downloaded from oss.sonatype.org: https://oss.sonatype.org/content/groups/public/org/apiguardian/apiguardian-api/1.0.0/apiguardian-api-1.0.0.jar (2.2 kB at 3.2 kB/s)
[INFO] Downloading from oss.sonatype.org: https://oss.sonatype.org/content/groups/public/org/opentest4j/opentest4j/1.1.1/opentest4j-1.1.1.jar
[INFO] Downloaded from oss.sonatype.org: https://oss.sonatype.org/content/groups/public/org/apache/maven/surefire/common-java5/3.0.0-M7/common-java5-3.0.0-M7.jar (17 kB at 19 kB/s)
[INFO] Downloaded from oss.sonatype.org: https://oss.sonatype.org/content/groups/public/org/junit/platform/junit-platform-commons/1.3.2/junit-platform-commons-1.3.2.jar (78 kB at 53 kB/s)
[INFO] Downloaded from oss.sonatype.org: https://oss.sonatype.org/content/groups/public/org/opentest4j/opentest4j/1.1.1/opentest4j-1.1.1.jar (7.1 kB at 5.5 kB/s)
[INFO] Downloaded from oss.sonatype.org: https://oss.sonatype.org/content/groups/public/org/junit/platform/junit-platform-engine/1.3.2/junit-platform-engine-1.3.2.jar (138 kB at 66 kB/s)
[INFO] Downloaded from oss.sonatype.org: https://oss.sonatype.org/content/groups/public/org/junit/platform/junit-platform-launcher/1.3.2/junit-platform-launcher-1.3.2.jar (95 kB at 16 kB/s)
[INFO] Downloading from central: https://repo.maven.apache.org/maven2/org/junit/platform/junit-platform-launcher/1.9.0/junit-platform-launcher-1.9.0.jar
[INFO] Downloaded from central: https://repo.maven.apache.org/maven2/org/junit/platform/junit-platform-launcher/1.9.0/junit-platform-launcher-1.9.0.jar (169 kB at 77 kB/s)
[INFO] Downloading from central: https://repo.maven.apache.org/maven2/org/junit/platform/junit-platform-launcher/1.9.0/junit-platform-launcher-1.9.0.pom
[INFO] Downloaded from central: https://repo.maven.apache.org/maven2/org/junit/platform/junit-platform-launcher/1.9.0/junit-platform-launcher-1.9.0.pom (3.0 kB at 14 kB/s)
[INFO] 
[INFO] -------------------------------------------------------
[INFO]  T E S T S
[INFO] -------------------------------------------------------
[INFO] Running com.jcabi.maven.plugin.UnwovenClassesTest
SLF4J: Class path contains multiple SLF4J providers.
SLF4J: Found provider [MavenSlf4j()]
SLF4J: Found provider [org.slf4j.reload4j.Reload4jServiceProvider@6440112d]
SLF4J: See https://www.slf4j.org/codes.html#multiple_bindings for an explanation.
SLF4J: Actual provider is of type [MavenSlf4j()]
[info] Unwoven classes will be copied to src/test/resources/unwoven
[info] Unwoven test classes will be copied to src/test/resources/unwoven-test
[INFO] Tests run: 2, Failures: 0, Errors: 0, Skipped: 0, Time elapsed: 0.071 s - in com.jcabi.maven.plugin.UnwovenClassesTest
[INFO] Running com.jcabi.maven.plugin.VersionalizeMojoTest
[WARNING] Tests run: 1, Failures: 0, Errors: 0, Skipped: 1, Time elapsed: 0.002 s - in com.jcabi.maven.plugin.VersionalizeMojoTest
[INFO] Running com.jcabi.maven.plugin.AjcMojoTest
[WARNING] Tests run: 1, Failures: 0, Errors: 0, Skipped: 1, Time elapsed: 0.002 s - in com.jcabi.maven.plugin.AjcMojoTest
[INFO] 
[INFO] Results:
[INFO] 
[WARNING] Tests run: 4, Failures: 0, Errors: 0, Skipped: 2
[INFO] 
[INFO] ------------------------------------------------------------------------
[INFO] BUILD SUCCESS
[INFO] ------------------------------------------------------------------------
[INFO] Total time:  04:00 min
[INFO] Finished at: 2026-08-24T12:47:29Z
[INFO] ------------------------------------------------------------------------
[WARNING] 
[WARNING] Plugin validation issues were detected in 6 plugin(s)
[WARNING] 
[WARNING]  * org.apache.maven.plugins:maven-resources-plugin:3.2.0
[WARNING]  * org.codehaus.mojo:buildnumber-maven-plugin:3.0.0
[WARNING]  * org.apache.maven.plugins:maven-compiler-plugin:3.10.1
[WARNING]  * org.apache.maven.plugins:maven-plugin-plugin:3.6.4
[WARNING]  * org.apache.maven.plugins:maven-enforcer-plugin:1.3.1
[WARNING]  * org.apache.maven.plugins:maven-surefire-plugin:3.0.0-M7
[WARNING] 
[WARNING] For more or less details, use 'maven.plugin.validation' property with one of the values (case insensitive): [BRIEF, DEFAULT, VERBOSE]
[WARNING] 
